============================================================
BACKTEST SIGNAL GENERATION TEST
============================================================

[1/5] Initializing container...
[INFO] Loading configuration from: config/config.json
{"timestamp": "2025-12-02T08:51:00.482216+00:00", "level": "INFO", "module": "logger", "funcName": "_log", "lineno": 188, "event_type": "container.configuration_validation_passed", "data": {}}
{"timestamp": "2025-12-02T08:51:00.484736+00:00", "level": "INFO", "module": "logger", "funcName": "_log", "lineno": 188, "event_type": "container.init_completed", "data": {"eventbus_healthy": true, "eventbus_running": false}}
[2/5] Getting unified trading controller...
{"timestamp": "2025-12-02T08:51:00.486738+00:00", "level": "INFO", "module": "logger", "funcName": "_log", "lineno": 188, "event_type": "unified_trading_controller.created", "data": {"wallet_enabled": false, "order_manager_enabled": false}}
{"timestamp": "2025-12-02T08:51:00.487735+00:00", "level": "INFO", "module": "logger", "funcName": "_log", "lineno": 188, "event_type": "container.service_created", "data": {"service": "unified_trading_controller_auto", "type": "UnifiedTradingController", "fully_initialized": true}}
{"timestamp": "2025-12-02T08:51:00.490252+00:00", "level": "INFO", "module": "logger", "funcName": "_log", "lineno": 188, "event_type": "container.service_created", "data": {"service": "wallet_service", "type": "WalletService", "fully_initialized": true}}
{"timestamp": "2025-12-02T08:51:00.491253+00:00", "level": "WARNING", "module": "logger", "funcName": "_log", "lineno": 188, "event_type": "container.mexc_futures_no_credentials", "data": {"message": "MEXC futures API credentials not configured, using paper adapter"}}
{"timestamp": "2025-12-02T08:51:00.491253+00:00", "level": "INFO", "module": "logger", "funcName": "_log", "lineno": 188, "event_type": "mexc_paper_adapter.initialized", "data": {"initial_balance": 10000.0, "mode": "paper_trading"}}
{"timestamp": "2025-12-02T08:51:00.492267+00:00", "level": "INFO", "module": "logger", "funcName": "_log", "lineno": 188, "event_type": "container.service_created", "data": {"service": "mexc_futures_adapter", "type": "MexcPaperAdapter", "fully_initialized": true}}
{"timestamp": "2025-12-02T08:51:00.493270+00:00", "level": "INFO", "module": "logger", "funcName": "_log", "lineno": 188, "event_type": "container.wallet_service_fully_initialized", "data": {"adapter_type": "MexcPaperAdapter"}}
{"timestamp": "2025-12-02T08:51:00.493270+00:00", "level": "INFO", "module": "logger", "funcName": "_log", "lineno": 188, "event_type": "container.creating_paper_order_manager", "data": {}}
{"timestamp": "2025-12-02T08:51:00.494264+00:00", "level": "INFO", "module": "logger", "funcName": "_log", "lineno": 188, "event_type": "order_manager.paper_mode_initialized", "data": {"eventbus_enabled": true}}
{"timestamp": "2025-12-02T08:51:00.494264+00:00", "level": "INFO", "module": "logger", "funcName": "_log", "lineno": 188, "event_type": "container.service_created", "data": {"service": "order_manager", "type": "OrderManager", "fully_initialized": true}}
{"timestamp": "2025-12-02T08:51:00.495265+00:00", "level": "INFO", "module": "logger", "funcName": "_log", "lineno": 188, "event_type": "market_data_factory.mode_check", "data": {"trading_mode": "collect", "effective_mode": "collect", "override_mode": null, "trading_mode_value": "collect", "effective_mode_value": "collect", "is_backtest": false, "is_collect": true, "is_live": false, "mexc_enabled": true, "data_types": null}}
{"timestamp": "2025-12-02T08:51:00.495265+00:00", "level": "INFO", "module": "logger", "funcName": "_log", "lineno": 188, "event_type": "mexc_adapter.data_types_configured", "data": {"data_types": ["orderbook", "prices"], "subscribe_prices": true, "subscribe_orderbook": true}}
{"timestamp": "2025-12-02T08:51:00.496265+00:00", "level": "INFO", "module": "logger", "funcName": "_log", "lineno": 188, "event_type": "mexc_adapter.initialized", "data": {"ws_url": "wss://contract.mexc.com/edge", "exchange": "mexc", "max_subscriptions_per_connection": 30, "max_connections": 5, "circuit_breaker_enabled": true, "rate_limiting_enabled": true, "subscription_confirmer_enabled": true}}
{"timestamp": "2025-12-02T08:51:00.496265+00:00", "level": "INFO", "module": "logger", "funcName": "_log", "lineno": 188, "event_type": "market_data_factory.mexc_adapter_created", "data": {"exchange": "mexc", "implementation": "clean_websocket_adapter", "data_types": ["prices", "orderbook"]}}
{"timestamp": "2025-12-02T08:51:00.497264+00:00", "level": "INFO", "module": "logger", "funcName": "_log", "lineno": 188, "event_type": "container.service_created", "data": {"service": "market_data_provider", "type": "MexcWebSocketAdapter", "fully_initialized": true}}
{"timestamp": "2025-12-02T08:51:00.544547+00:00", "level": "INFO", "module": "logger", "funcName": "_log", "lineno": 188, "event_type": "container.questdb_provider_created", "data": {"ilp_port": 9009, "pg_port": 8812, "status": "initialized"}}
{"timestamp": "2025-12-02T08:51:00.545550+00:00", "level": "INFO", "module": "logger", "funcName": "_log", "lineno": 188, "event_type": "container.service_created", "data": {"service": "questdb_provider", "type": "QuestDBProvider", "fully_initialized": true}}
{"timestamp": "2025-12-02T08:51:00.546558+00:00", "level": "INFO", "module": "logger", "funcName": "_log", "lineno": 188, "event_type": "indicator_algorithm_registry.files_found", "data": {"total_files": 18, "files": ["algorithm_registry.py", "base_algorithm.py", "bid_ask_imbalance.py", "dump_exhaustion_score.py", "incremental_base.py", "incremental_indicators.py", "liquidity_drain_index.py", "momentum_reversal_index.py", "price_velocity.py", "pump_magnitude_pct.py", "support_level_proximity.py", "twpa.py", "twpa_ratio.py", "velocity_cascade.py", "velocity_stabilization_index.py", "volume_surge_ratio.py", "window_calculations.py", "__init__.py"]}}
{"timestamp": "2025-12-02T08:51:00.547550+00:00", "level": "INFO", "module": "logger", "funcName": "_log", "lineno": 188, "event_type": "indicator_algorithm_registry.file_skipped", "data": {"file": "algorithm_registry.py", "reason": "excluded"}}
{"timestamp": "2025-12-02T08:51:00.547550+00:00", "level": "INFO", "module": "logger", "funcName": "_log", "lineno": 188, "event_type": "indicator_algorithm_registry.file_skipped", "data": {"file": "base_algorithm.py", "reason": "excluded"}}
{"timestamp": "2025-12-02T08:51:00.548947+00:00", "level": "INFO", "module": "logger", "funcName": "_log", "lineno": 188, "event_type": "indicator_algorithm_registry.loading_module", "data": {"module": "bid_ask_imbalance", "file": "bid_ask_imbalance.py"}}
{"timestamp": "2025-12-02T08:51:00.552467+00:00", "level": "INFO", "module": "logger", "funcName": "_log", "lineno": 188, "event_type": "indicator_algorithm_registry.import_success", "data": {"module": "bid_ask_imbalance", "import_path": "src.domain.services.indicators.bid_ask_imbalance"}}
{"timestamp": "2025-12-02T08:51:00.553595+00:00", "level": "INFO", "module": "logger", "funcName": "_log", "lineno": 188, "event_type": "indicator_algorithm_registry.algorithm_class_registered", "data": {"module": "bid_ask_imbalance", "class_name": "BidAskImbalanceAlgorithm", "indicator_type": "BID_ASK_IMBALANCE"}}
{"timestamp": "2025-12-02T08:51:00.553595+00:00", "level": "WARNING", "module": "logger", "funcName": "_log", "lineno": 188, "event_type": "indicator_algorithm_registry.algorithm_overwrite", "data": {"indicator_type": "BID_ASK_IMBALANCE", "existing_name": "Bid-Ask Imbalance", "new_name": "Bid-Ask Imbalance"}}
{"timestamp": "2025-12-02T08:51:00.553595+00:00", "level": "INFO", "module": "logger", "funcName": "_log", "lineno": 188, "event_type": "indicator_algorithm_registry.algorithm_instance_registered", "data": {"module": "bid_ask_imbalance", "instance_name": "bid_ask_imbalance_algorithm", "indicator_type": "BID_ASK_IMBALANCE"}}
{"timestamp": "2025-12-02T08:51:00.555104+00:00", "level": "INFO", "module": "logger", "funcName": "_log", "lineno": 188, "event_type": "indicator_algorithm_registry.module_inspection_complete", "data": {"module": "bid_ask_imbalance", "total_members": 17, "algorithms_found": 2}}
{"timestamp": "2025-12-02T08:51:00.556112+00:00", "level": "INFO", "module": "logger", "funcName": "_log", "lineno": 188, "event_type": "indicator_algorithm_registry.module_loaded", "data": {"module": "bid_ask_imbalance", "algorithms_found": 2}}
{"timestamp": "2025-12-02T08:51:00.556112+00:00", "level": "INFO", "module": "logger", "funcName": "_log", "lineno": 188, "event_type": "indicator_algorithm_registry.loading_module", "data": {"module": "dump_exhaustion_score", "file": "dump_exhaustion_score.py"}}
{"timestamp": "2025-12-02T08:51:00.560631+00:00", "level": "INFO", "module": "logger", "funcName": "_log", "lineno": 188, "event_type": "indicator_algorithm_registry.import_success", "data": {"module": "dump_exhaustion_score", "import_path": "src.domain.services.indicators.dump_exhaustion_score"}}
{"timestamp": "2025-12-02T08:51:00.561633+00:00", "level": "INFO", "module": "logger", "funcName": "_log", "lineno": 188, "event_type": "indicator_algorithm_registry.algorithm_class_registered", "data": {"module": "dump_exhaustion_score", "class_name": "DumpExhaustionScoreAlgorithm", "indicator_type": "DUMP_EXHAUSTION_SCORE"}}
{"timestamp": "2025-12-02T08:51:00.561633+00:00", "level": "WARNING", "module": "logger", "funcName": "_log", "lineno": 188, "event_type": "indicator_algorithm_registry.algorithm_overwrite", "data": {"indicator_type": "DUMP_EXHAUSTION_SCORE", "existing_name": "Dump Exhaustion Score", "new_name": "Dump Exhaustion Score"}}
{"timestamp": "2025-12-02T08:51:00.562628+00:00", "level": "INFO", "module": "logger", "funcName": "_log", "lineno": 188, "event_type": "indicator_algorithm_registry.algorithm_instance_registered", "data": {"module": "dump_exhaustion_score", "instance_name": "dump_exhaustion_score_algorithm", "indicator_type": "DUMP_EXHAUSTION_SCORE"}}
{"timestamp": "2025-12-02T08:51:00.562628+00:00", "level": "INFO", "module": "logger", "funcName": "_log", "lineno": 188, "event_type": "indicator_algorithm_registry.module_inspection_complete", "data": {"module": "dump_exhaustion_score", "total_members": 19, "algorithms_found": 2}}
{"timestamp": "2025-12-02T08:51:00.562628+00:00", "level": "INFO", "module": "logger", "funcName": "_log", "lineno": 188, "event_type": "indicator_algorithm_registry.module_loaded", "data": {"module": "dump_exhaustion_score", "algorithms_found": 2}}
{"timestamp": "2025-12-02T08:51:00.563630+00:00", "level": "INFO", "module": "logger", "funcName": "_log", "lineno": 188, "event_type": "indicator_algorithm_registry.loading_module", "data": {"module": "incremental_base", "file": "incremental_base.py"}}
{"timestamp": "2025-12-02T08:51:00.563630+00:00", "level": "INFO", "module": "logger", "funcName": "_log", "lineno": 188, "event_type": "indicator_algorithm_registry.import_success", "data": {"module": "incremental_base", "import_path": "src.domain.services.indicators.incremental_base"}}
{"timestamp": "2025-12-02T08:51:00.564631+00:00", "level": "INFO", "module": "logger", "funcName": "_log", "lineno": 188, "event_type": "indicator_algorithm_registry.module_inspection_complete", "data": {"module": "incremental_base", "total_members": 27, "algorithms_found": 0}}
{"timestamp": "2025-12-02T08:51:00.564631+00:00", "level": "INFO", "module": "logger", "funcName": "_log", "lineno": 188, "event_type": "indicator_algorithm_registry.module_loaded", "data": {"module": "incremental_base", "algorithms_found": 0}}
{"timestamp": "2025-12-02T08:51:00.565840+00:00", "level": "INFO", "module": "logger", "funcName": "_log", "lineno": 188, "event_type": "indicator_algorithm_registry.loading_module", "data": {"module": "incremental_indicators", "file": "incremental_indicators.py"}}
{"timestamp": "2025-12-02T08:51:00.566865+00:00", "level": "INFO", "module": "logger", "funcName": "_log", "lineno": 188, "event_type": "indicator_algorithm_registry.import_success", "data": {"module": "incremental_indicators", "import_path": "src.domain.services.indicators.incremental_indicators"}}
{"timestamp": "2025-12-02T08:51:00.567850+00:00", "level": "INFO", "module": "logger", "funcName": "_log", "lineno": 188, "event_type": "indicator_algorithm_registry.module_inspection_complete", "data": {"module": "incremental_indicators", "total_members": 22, "algorithms_found": 0}}
{"timestamp": "2025-12-02T08:51:00.567850+00:00", "level": "INFO", "module": "logger", "funcName": "_log", "lineno": 188, "event_type": "indicator_algorithm_registry.module_loaded", "data": {"module": "incremental_indicators", "algorithms_found": 0}}
{"timestamp": "2025-12-02T08:51:00.567850+00:00", "level": "INFO", "module": "logger", "funcName": "_log", "lineno": 188, "event_type": "indicator_algorithm_registry.loading_module", "data": {"module": "liquidity_drain_index", "file": "liquidity_drain_index.py"}}
{"timestamp": "2025-12-02T08:51:00.570398+00:00", "level": "INFO", "module": "logger", "funcName": "_log", "lineno": 188, "event_type": "indicator_algorithm_registry.import_success", "data": {"module": "liquidity_drain_index", "import_path": "src.domain.services.indicators.liquidity_drain_index"}}
{"timestamp": "2025-12-02T08:51:00.571400+00:00", "level": "INFO", "module": "logger", "funcName": "_log", "lineno": 188, "event_type": "indicator_algorithm_registry.algorithm_class_registered", "data": {"module": "liquidity_drain_index", "class_name": "LiquidityDrainIndexAlgorithm", "indicator_type": "LIQUIDITY_DRAIN_INDEX"}}
{"timestamp": "2025-12-02T08:51:00.571400+00:00", "level": "WARNING", "module": "logger", "funcName": "_log", "lineno": 188, "event_type": "indicator_algorithm_registry.algorithm_overwrite", "data": {"indicator_type": "LIQUIDITY_DRAIN_INDEX", "existing_name": "Liquidity Drain Index", "new_name": "Liquidity Drain Index"}}
{"timestamp": "2025-12-02T08:51:00.572411+00:00", "level": "INFO", "module": "logger", "funcName": "_log", "lineno": 188, "event_type": "indicator_algorithm_registry.algorithm_instance_registered", "data": {"module": "liquidity_drain_index", "instance_name": "liquidity_drain_index_algorithm", "indicator_type": "LIQUIDITY_DRAIN_INDEX"}}
{"timestamp": "2025-12-02T08:51:00.573410+00:00", "level": "INFO", "module": "logger", "funcName": "_log", "lineno": 188, "event_type": "indicator_algorithm_registry.module_inspection_complete", "data": {"module": "liquidity_drain_index", "total_members": 17, "algorithms_found": 2}}
{"timestamp": "2025-12-02T08:51:00.573410+00:00", "level": "INFO", "module": "logger", "funcName": "_log", "lineno": 188, "event_type": "indicator_algorithm_registry.module_loaded", "data": {"module": "liquidity_drain_index", "algorithms_found": 2}}
{"timestamp": "2025-12-02T08:51:00.574412+00:00", "level": "INFO", "module": "logger", "funcName": "_log", "lineno": 188, "event_type": "indicator_algorithm_registry.loading_module", "data": {"module": "momentum_reversal_index", "file": "momentum_reversal_index.py"}}
{"timestamp": "2025-12-02T08:51:00.576412+00:00", "level": "INFO", "module": "logger", "funcName": "_log", "lineno": 188, "event_type": "indicator_algorithm_registry.import_success", "data": {"module": "momentum_reversal_index", "import_path": "src.domain.services.indicators.momentum_reversal_index"}}
{"timestamp": "2025-12-02T08:51:00.577409+00:00", "level": "INFO", "module": "logger", "funcName": "_log", "lineno": 188, "event_type": "indicator_algorithm_registry.algorithm_class_registered", "data": {"module": "momentum_reversal_index", "class_name": "MomentumReversalIndexAlgorithm", "indicator_type": "MOMENTUM_REVERSAL_INDEX"}}
{"timestamp": "2025-12-02T08:51:00.577409+00:00", "level": "WARNING", "module": "logger", "funcName": "_log", "lineno": 188, "event_type": "indicator_algorithm_registry.algorithm_overwrite", "data": {"indicator_type": "MOMENTUM_REVERSAL_INDEX", "existing_name": "Momentum Reversal Index", "new_name": "Momentum Reversal Index"}}
{"timestamp": "2025-12-02T08:51:00.577409+00:00", "level": "INFO", "module": "logger", "funcName": "_log", "lineno": 188, "event_type": "indicator_algorithm_registry.algorithm_instance_registered", "data": {"module": "momentum_reversal_index", "instance_name": "momentum_reversal_index_algorithm", "indicator_type": "MOMENTUM_REVERSAL_INDEX"}}
{"timestamp": "2025-12-02T08:51:00.578409+00:00", "level": "INFO", "module": "logger", "funcName": "_log", "lineno": 188, "event_type": "indicator_algorithm_registry.module_inspection_complete", "data": {"module": "momentum_reversal_index", "total_members": 17, "algorithms_found": 2}}
{"timestamp": "2025-12-02T08:51:00.578409+00:00", "level": "INFO", "module": "logger", "funcName": "_log", "lineno": 188, "event_type": "indicator_algorithm_registry.module_loaded", "data": {"module": "momentum_reversal_index", "algorithms_found": 2}}
{"timestamp": "2025-12-02T08:51:00.579411+00:00", "level": "INFO", "module": "logger", "funcName": "_log", "lineno": 188, "event_type": "indicator_algorithm_registry.loading_module", "data": {"module": "price_velocity", "file": "price_velocity.py"}}
{"timestamp": "2025-12-02T08:51:00.580930+00:00", "level": "INFO", "module": "logger", "funcName": "_log", "lineno": 188, "event_type": "indicator_algorithm_registry.import_success", "data": {"module": "price_velocity", "import_path": "src.domain.services.indicators.price_velocity"}}
{"timestamp": "2025-12-02T08:51:00.580930+00:00", "level": "INFO", "module": "logger", "funcName": "_log", "lineno": 188, "event_type": "indicator_algorithm_registry.algorithm_class_registered", "data": {"module": "price_velocity", "class_name": "PriceVelocityAlgorithm", "indicator_type": "PRICE_VELOCITY"}}
{"timestamp": "2025-12-02T08:51:00.582291+00:00", "level": "WARNING", "module": "logger", "funcName": "_log", "lineno": 188, "event_type": "indicator_algorithm_registry.algorithm_overwrite", "data": {"indicator_type": "PRICE_VELOCITY", "existing_name": "Price Velocity", "new_name": "Price Velocity"}}
{"timestamp": "2025-12-02T08:51:00.583318+00:00", "level": "INFO", "module": "logger", "funcName": "_log", "lineno": 188, "event_type": "indicator_algorithm_registry.algorithm_instance_registered", "data": {"module": "price_velocity", "instance_name": "price_velocity_algorithm", "indicator_type": "PRICE_VELOCITY"}}
{"timestamp": "2025-12-02T08:51:00.584315+00:00", "level": "INFO", "module": "logger", "funcName": "_log", "lineno": 188, "event_type": "indicator_algorithm_registry.module_inspection_complete", "data": {"module": "price_velocity", "total_members": 17, "algorithms_found": 2}}
{"timestamp": "2025-12-02T08:51:00.584315+00:00", "level": "INFO", "module": "logger", "funcName": "_log", "lineno": 188, "event_type": "indicator_algorithm_registry.module_loaded", "data": {"module": "price_velocity", "algorithms_found": 2}}
{"timestamp": "2025-12-02T08:51:00.584315+00:00", "level": "INFO", "module": "logger", "funcName": "_log", "lineno": 188, "event_type": "indicator_algorithm_registry.loading_module", "data": {"module": "pump_magnitude_pct", "file": "pump_magnitude_pct.py"}}
{"timestamp": "2025-12-02T08:51:00.586783+00:00", "level": "INFO", "module": "logger", "funcName": "_log", "lineno": 188, "event_type": "indicator_algorithm_registry.import_success", "data": {"module": "pump_magnitude_pct", "import_path": "src.domain.services.indicators.pump_magnitude_pct"}}
{"timestamp": "2025-12-02T08:51:00.587781+00:00", "level": "INFO", "module": "logger", "funcName": "_log", "lineno": 188, "event_type": "indicator_algorithm_registry.algorithm_class_registered", "data": {"module": "pump_magnitude_pct", "class_name": "PumpMagnitudePctAlgorithm", "indicator_type": "PUMP_MAGNITUDE_PCT"}}
{"timestamp": "2025-12-02T08:51:00.587781+00:00", "level": "WARNING", "module": "logger", "funcName": "_log", "lineno": 188, "event_type": "indicator_algorithm_registry.algorithm_overwrite", "data": {"indicator_type": "PUMP_MAGNITUDE_PCT", "existing_name": "Pump Magnitude Percentage", "new_name": "Pump Magnitude Percentage"}}
{"timestamp": "2025-12-02T08:51:00.589291+00:00", "level": "INFO", "module": "logger", "funcName": "_log", "lineno": 188, "event_type": "indicator_algorithm_registry.algorithm_instance_registered", "data": {"module": "pump_magnitude_pct", "instance_name": "pump_magnitude_pct_algorithm", "indicator_type": "PUMP_MAGNITUDE_PCT"}}
{"timestamp": "2025-12-02T08:51:00.589291+00:00", "level": "INFO", "module": "logger", "funcName": "_log", "lineno": 188, "event_type": "indicator_algorithm_registry.module_inspection_complete", "data": {"module": "pump_magnitude_pct", "total_members": 17, "algorithms_found": 2}}
{"timestamp": "2025-12-02T08:51:00.589291+00:00", "level": "INFO", "module": "logger", "funcName": "_log", "lineno": 188, "event_type": "indicator_algorithm_registry.module_loaded", "data": {"module": "pump_magnitude_pct", "algorithms_found": 2}}
{"timestamp": "2025-12-02T08:51:00.590299+00:00", "level": "INFO", "module": "logger", "funcName": "_log", "lineno": 188, "event_type": "indicator_algorithm_registry.loading_module", "data": {"module": "support_level_proximity", "file": "support_level_proximity.py"}}
{"timestamp": "2025-12-02T08:51:00.592308+00:00", "level": "INFO", "module": "logger", "funcName": "_log", "lineno": 188, "event_type": "indicator_algorithm_registry.import_success", "data": {"module": "support_level_proximity", "import_path": "src.domain.services.indicators.support_level_proximity"}}
{"timestamp": "2025-12-02T08:51:00.593311+00:00", "level": "INFO", "module": "logger", "funcName": "_log", "lineno": 188, "event_type": "indicator_algorithm_registry.algorithm_class_registered", "data": {"module": "support_level_proximity", "class_name": "SupportLevelProximityAlgorithm", "indicator_type": "SUPPORT_LEVEL_PROXIMITY"}}
{"timestamp": "2025-12-02T08:51:00.594309+00:00", "level": "WARNING", "module": "logger", "funcName": "_log", "lineno": 188, "event_type": "indicator_algorithm_registry.algorithm_overwrite", "data": {"indicator_type": "SUPPORT_LEVEL_PROXIMITY", "existing_name": "Support Level Proximity", "new_name": "Support Level Proximity"}}
{"timestamp": "2025-12-02T08:51:00.594309+00:00", "level": "INFO", "module": "logger", "funcName": "_log", "lineno": 188, "event_type": "indicator_algorithm_registry.algorithm_instance_registered", "data": {"module": "support_level_proximity", "instance_name": "support_level_proximity_algorithm", "indicator_type": "SUPPORT_LEVEL_PROXIMITY"}}
{"timestamp": "2025-12-02T08:51:00.595357+00:00", "level": "INFO", "module": "logger", "funcName": "_log", "lineno": 188, "event_type": "indicator_algorithm_registry.module_inspection_complete", "data": {"module": "support_level_proximity", "total_members": 17, "algorithms_found": 2}}
{"timestamp": "2025-12-02T08:51:00.595357+00:00", "level": "INFO", "module": "logger", "funcName": "_log", "lineno": 188, "event_type": "indicator_algorithm_registry.module_loaded", "data": {"module": "support_level_proximity", "algorithms_found": 2}}
{"timestamp": "2025-12-02T08:51:00.596343+00:00", "level": "INFO", "module": "logger", "funcName": "_log", "lineno": 188, "event_type": "indicator_algorithm_registry.loading_module", "data": {"module": "twpa", "file": "twpa.py"}}
{"timestamp": "2025-12-02T08:51:00.599822+00:00", "level": "INFO", "module": "logger", "funcName": "_log", "lineno": 188, "event_type": "indicator_algorithm_registry.import_success", "data": {"module": "twpa", "import_path": "src.domain.services.indicators.twpa"}}
{"timestamp": "2025-12-02T08:51:00.601841+00:00", "level": "INFO", "module": "logger", "funcName": "_log", "lineno": 188, "event_type": "indicator_algorithm_registry.algorithm_class_registered", "data": {"module": "twpa", "class_name": "TWPAAlgorithm", "indicator_type": "TWPA"}}
{"timestamp": "2025-12-02T08:51:00.601841+00:00", "level": "WARNING", "module": "logger", "funcName": "_log", "lineno": 188, "event_type": "indicator_algorithm_registry.algorithm_overwrite", "data": {"indicator_type": "TWPA", "existing_name": "Time Weighted Price Average", "new_name": "Time Weighted Price Average"}}
{"timestamp": "2025-12-02T08:51:00.602921+00:00", "level": "INFO", "module": "logger", "funcName": "_log", "lineno": 188, "event_type": "indicator_algorithm_registry.algorithm_instance_registered", "data": {"module": "twpa", "instance_name": "twpa_algorithm", "indicator_type": "TWPA"}}
{"timestamp": "2025-12-02T08:51:00.602921+00:00", "level": "INFO", "module": "logger", "funcName": "_log", "lineno": 188, "event_type": "indicator_algorithm_registry.module_inspection_complete", "data": {"module": "twpa", "total_members": 22, "algorithms_found": 2}}
{"timestamp": "2025-12-02T08:51:00.603840+00:00", "level": "INFO", "module": "logger", "funcName": "_log", "lineno": 188, "event_type": "indicator_algorithm_registry.module_loaded", "data": {"module": "twpa", "algorithms_found": 2}}
{"timestamp": "2025-12-02T08:51:00.603840+00:00", "level": "INFO", "module": "logger", "funcName": "_log", "lineno": 188, "event_type": "indicator_algorithm_registry.loading_module", "data": {"module": "twpa_ratio", "file": "twpa_ratio.py"}}
{"timestamp": "2025-12-02T08:51:00.605841+00:00", "level": "INFO", "module": "logger", "funcName": "_log", "lineno": 188, "event_type": "indicator_algorithm_registry.import_success", "data": {"module": "twpa_ratio", "import_path": "src.domain.services.indicators.twpa_ratio"}}
{"timestamp": "2025-12-02T08:51:00.606844+00:00", "level": "INFO", "module": "logger", "funcName": "_log", "lineno": 188, "event_type": "indicator_algorithm_registry.algorithm_class_registered", "data": {"module": "twpa_ratio", "class_name": "TWPARatioAlgorithm", "indicator_type": "TWPA_RATIO"}}
{"timestamp": "2025-12-02T08:51:00.606844+00:00", "level": "WARNING", "module": "logger", "funcName": "_log", "lineno": 188, "event_type": "indicator_algorithm_registry.algorithm_overwrite", "data": {"indicator_type": "TWPA", "existing_name": "Time Weighted Price Average", "new_name": "Time Weighted Price Average"}}
{"timestamp": "2025-12-02T08:51:00.607840+00:00", "level": "INFO", "module": "logger", "funcName": "_log", "lineno": 188, "event_type": "indicator_algorithm_registry.algorithm_instance_registered", "data": {"module": "twpa_ratio", "instance_name": "twpa_algorithm", "indicator_type": "TWPA"}}
{"timestamp": "2025-12-02T08:51:00.607840+00:00", "level": "WARNING", "module": "logger", "funcName": "_log", "lineno": 188, "event_type": "indicator_algorithm_registry.algorithm_overwrite", "data": {"indicator_type": "TWPA_RATIO", "existing_name": "TWPA Ratio", "new_name": "TWPA Ratio"}}
{"timestamp": "2025-12-02T08:51:00.607840+00:00", "level": "INFO", "module": "logger", "funcName": "_log", "lineno": 188, "event_type": "indicator_algorithm_registry.algorithm_instance_registered", "data": {"module": "twpa_ratio", "instance_name": "twpa_ratio_algorithm", "indicator_type": "TWPA_RATIO"}}
{"timestamp": "2025-12-02T08:51:00.609348+00:00", "level": "INFO", "module": "logger", "funcName": "_log", "lineno": 188, "event_type": "indicator_algorithm_registry.module_inspection_complete", "data": {"module": "twpa_ratio", "total_members": 19, "algorithms_found": 3}}
{"timestamp": "2025-12-02T08:51:00.610359+00:00", "level": "INFO", "module": "logger", "funcName": "_log", "lineno": 188, "event_type": "indicator_algorithm_registry.module_loaded", "data": {"module": "twpa_ratio", "algorithms_found": 3}}
{"timestamp": "2025-12-02T08:51:00.610359+00:00", "level": "INFO", "module": "logger", "funcName": "_log", "lineno": 188, "event_type": "indicator_algorithm_registry.loading_module", "data": {"module": "velocity_cascade", "file": "velocity_cascade.py"}}
{"timestamp": "2025-12-02T08:51:00.612385+00:00", "level": "INFO", "module": "logger", "funcName": "_log", "lineno": 188, "event_type": "indicator_algorithm_registry.import_success", "data": {"module": "velocity_cascade", "import_path": "src.domain.services.indicators.velocity_cascade"}}
{"timestamp": "2025-12-02T08:51:00.613366+00:00", "level": "INFO", "module": "logger", "funcName": "_log", "lineno": 188, "event_type": "indicator_algorithm_registry.algorithm_class_registered", "data": {"module": "velocity_cascade", "class_name": "VelocityCascadeAlgorithm", "indicator_type": "VELOCITY_CASCADE"}}
{"timestamp": "2025-12-02T08:51:00.614365+00:00", "level": "WARNING", "module": "logger", "funcName": "_log", "lineno": 188, "event_type": "indicator_algorithm_registry.algorithm_overwrite", "data": {"indicator_type": "VELOCITY_CASCADE", "existing_name": "Velocity Cascade", "new_name": "Velocity Cascade"}}
{"timestamp": "2025-12-02T08:51:00.614365+00:00", "level": "INFO", "module": "logger", "funcName": "_log", "lineno": 188, "event_type": "indicator_algorithm_registry.algorithm_instance_registered", "data": {"module": "velocity_cascade", "instance_name": "velocity_cascade_algorithm", "indicator_type": "VELOCITY_CASCADE"}}
{"timestamp": "2025-12-02T08:51:00.615362+00:00", "level": "INFO", "module": "logger", "funcName": "_log", "lineno": 188, "event_type": "indicator_algorithm_registry.module_inspection_complete", "data": {"module": "velocity_cascade", "total_members": 20, "algorithms_found": 2}}
{"timestamp": "2025-12-02T08:51:00.615362+00:00", "level": "INFO", "module": "logger", "funcName": "_log", "lineno": 188, "event_type": "indicator_algorithm_registry.module_loaded", "data": {"module": "velocity_cascade", "algorithms_found": 2}}
{"timestamp": "2025-12-02T08:51:00.617367+00:00", "level": "INFO", "module": "logger", "funcName": "_log", "lineno": 188, "event_type": "indicator_algorithm_registry.loading_module", "data": {"module": "velocity_stabilization_index", "file": "velocity_stabilization_index.py"}}
{"timestamp": "2025-12-02T08:51:00.619432+00:00", "level": "INFO", "module": "logger", "funcName": "_log", "lineno": 188, "event_type": "indicator_algorithm_registry.import_success", "data": {"module": "velocity_stabilization_index", "import_path": "src.domain.services.indicators.velocity_stabilization_index"}}
{"timestamp": "2025-12-02T08:51:00.619948+00:00", "level": "INFO", "module": "logger", "funcName": "_log", "lineno": 188, "event_type": "indicator_algorithm_registry.algorithm_class_registered", "data": {"module": "velocity_stabilization_index", "class_name": "VelocityStabilizationIndexAlgorithm", "indicator_type": "VELOCITY_STABILIZATION_INDEX"}}
{"timestamp": "2025-12-02T08:51:00.619948+00:00", "level": "WARNING", "module": "logger", "funcName": "_log", "lineno": 188, "event_type": "indicator_algorithm_registry.algorithm_overwrite", "data": {"indicator_type": "VELOCITY_STABILIZATION_INDEX", "existing_name": "Velocity Stabilization Index", "new_name": "Velocity Stabilization Index"}}
{"timestamp": "2025-12-02T08:51:00.620950+00:00", "level": "INFO", "module": "logger", "funcName": "_log", "lineno": 188, "event_type": "indicator_algorithm_registry.algorithm_instance_registered", "data": {"module": "velocity_stabilization_index", "instance_name": "velocity_stabilization_index_algorithm", "indicator_type": "VELOCITY_STABILIZATION_INDEX"}}
{"timestamp": "2025-12-02T08:51:00.620950+00:00", "level": "INFO", "module": "logger", "funcName": "_log", "lineno": 188, "event_type": "indicator_algorithm_registry.module_inspection_complete", "data": {"module": "velocity_stabilization_index", "total_members": 17, "algorithms_found": 2}}
{"timestamp": "2025-12-02T08:51:00.622030+00:00", "level": "INFO", "module": "logger", "funcName": "_log", "lineno": 188, "event_type": "indicator_algorithm_registry.module_loaded", "data": {"module": "velocity_stabilization_index", "algorithms_found": 2}}
{"timestamp": "2025-12-02T08:51:00.622030+00:00", "level": "INFO", "module": "logger", "funcName": "_log", "lineno": 188, "event_type": "indicator_algorithm_registry.loading_module", "data": {"module": "volume_surge_ratio", "file": "volume_surge_ratio.py"}}
{"timestamp": "2025-12-02T08:51:00.623042+00:00", "level": "INFO", "module": "logger", "funcName": "_log", "lineno": 188, "event_type": "indicator_algorithm_registry.import_success", "data": {"module": "volume_surge_ratio", "import_path": "src.domain.services.indicators.volume_surge_ratio"}}
{"timestamp": "2025-12-02T08:51:00.624043+00:00", "level": "INFO", "module": "logger", "funcName": "_log", "lineno": 188, "event_type": "indicator_algorithm_registry.algorithm_class_registered", "data": {"module": "volume_surge_ratio", "class_name": "VolumeSurgeRatioAlgorithm", "indicator_type": "VOLUME_SURGE_RATIO"}}
{"timestamp": "2025-12-02T08:51:00.624043+00:00", "level": "WARNING", "module": "logger", "funcName": "_log", "lineno": 188, "event_type": "indicator_algorithm_registry.algorithm_overwrite", "data": {"indicator_type": "VOLUME_SURGE_RATIO", "existing_name": "Volume Surge Ratio", "new_name": "Volume Surge Ratio"}}
{"timestamp": "2025-12-02T08:51:00.625038+00:00", "level": "INFO", "module": "logger", "funcName": "_log", "lineno": 188, "event_type": "indicator_algorithm_registry.algorithm_instance_registered", "data": {"module": "volume_surge_ratio", "instance_name": "volume_surge_ratio_algorithm", "indicator_type": "VOLUME_SURGE_RATIO"}}
{"timestamp": "2025-12-02T08:51:00.626039+00:00", "level": "INFO", "module": "logger", "funcName": "_log", "lineno": 188, "event_type": "indicator_algorithm_registry.module_inspection_complete", "data": {"module": "volume_surge_ratio", "total_members": 18, "algorithms_found": 2}}
{"timestamp": "2025-12-02T08:51:00.626039+00:00", "level": "INFO", "module": "logger", "funcName": "_log", "lineno": 188, "event_type": "indicator_algorithm_registry.module_loaded", "data": {"module": "volume_surge_ratio", "algorithms_found": 2}}
{"timestamp": "2025-12-02T08:51:00.627039+00:00", "level": "INFO", "module": "logger", "funcName": "_log", "lineno": 188, "event_type": "indicator_algorithm_registry.loading_module", "data": {"module": "window_calculations", "file": "window_calculations.py"}}
{"timestamp": "2025-12-02T08:51:00.627039+00:00", "level": "INFO", "module": "logger", "funcName": "_log", "lineno": 188, "event_type": "indicator_algorithm_registry.import_success", "data": {"module": "window_calculations", "import_path": "src.domain.services.indicators.window_calculations"}}
{"timestamp": "2025-12-02T08:51:00.628043+00:00", "level": "INFO", "module": "logger", "funcName": "_log", "lineno": 188, "event_type": "indicator_algorithm_registry.module_inspection_complete", "data": {"module": "window_calculations", "total_members": 23, "algorithms_found": 0}}
{"timestamp": "2025-12-02T08:51:00.628043+00:00", "level": "INFO", "module": "logger", "funcName": "_log", "lineno": 188, "event_type": "indicator_algorithm_registry.module_loaded", "data": {"module": "window_calculations", "algorithms_found": 0}}
{"timestamp": "2025-12-02T08:51:00.628043+00:00", "level": "INFO", "module": "logger", "funcName": "_log", "lineno": 188, "event_type": "indicator_algorithm_registry.file_skipped", "data": {"file": "__init__.py", "reason": "excluded"}}
{"timestamp": "2025-12-02T08:51:00.629551+00:00", "level": "INFO", "module": "logger", "funcName": "_log", "lineno": 188, "event_type": "indicator_algorithm_registry.discovery_completed", "data": {"total_algorithms": 12, "newly_discovered": 25}}
{"timestamp": "2025-12-02T08:51:00.630564+00:00", "level": "INFO", "module": "logger", "funcName": "_log", "lineno": 188, "event_type": "container.indicator_algorithm_registry_created", "data": {"algorithms_count": 25}}
{"timestamp": "2025-12-02T08:51:00.630564+00:00", "level": "INFO", "module": "logger", "funcName": "_log", "lineno": 188, "event_type": "container.service_created", "data": {"service": "indicator_algorithm_registry", "type": "IndicatorAlgorithmRegistry", "fully_initialized": true}}
{"timestamp": "2025-12-02T08:51:00.631573+00:00", "level": "INFO", "module": "logger", "funcName": "_log", "lineno": 188, "event_type": "container.indicator_variant_repository_created", "data": {"questdb_configured": true, "algorithm_registry_configured": true}}
{"timestamp": "2025-12-02T08:51:00.632625+00:00", "level": "INFO", "module": "logger", "funcName": "_log", "lineno": 188, "event_type": "container.service_created", "data": {"service": "indicator_variant_repository", "type": "IndicatorVariantRepository", "fully_initialized": true}}
{"timestamp": "2025-12-02T08:51:00.640864+00:00", "level": "INFO", "module": "logger", "funcName": "_log", "lineno": 188, "event_type": "streaming_indicator_engine.initialized_with_repository", "data": {"algorithms_count": 12, "source": "variant_repository.algorithms", "repository_type": "IndicatorVariantRepository"}}
{"timestamp": "2025-12-02T08:51:00.640864+00:00", "level": "INFO", "module": "logger", "funcName": "_log", "lineno": 188, "event_type": "streaming_indicator_engine.unified_registry_initialized", "data": {"total_algorithms": 12, "variant_repository_configured": true, "note": "Unified algorithm system - variants loaded from database on start()"}}
{"timestamp": "2025-12-02T08:51:00.656909+00:00", "level": "INFO", "module": "logger", "funcName": "_log", "lineno": 188, "event_type": "variants_loaded_from_database", "data": {"variants_loaded": 97, "variants_by_type": {"price": 95, "general": 2}}}
{"timestamp": "2025-12-02T08:51:00.657907+00:00", "level": "INFO", "module": "logger", "funcName": "_log", "lineno": 188, "event_type": "container.streaming_indicator_engine_created", "data": {"status": "started", "event_bus_connected": true, "variant_repository_configured": true}}
{"timestamp": "2025-12-02T08:51:00.659421+00:00", "level": "INFO", "module": "logger", "funcName": "_log", "lineno": 188, "event_type": "container.service_created", "data": {"service": "streaming_indicator_engine", "type": "StreamingIndicatorEngine", "fully_initialized": true}}
{"timestamp": "2025-12-02T08:51:00.661434+00:00", "level": "INFO", "module": "logger", "funcName": "_log", "lineno": 188, "event_type": "trading_persistence.initialized", "data": {"host": "127.0.0.1", "port": 8812, "database": "qdb", "event_bus_enabled": true}}
{"timestamp": "2025-12-02T08:51:00.662430+00:00", "level": "INFO", "module": "logger", "funcName": "_log", "lineno": 188, "event_type": "container.service_created", "data": {"service": "trading_persistence_service", "type": "TradingPersistenceService", "fully_initialized": true}}
{"timestamp": "2025-12-02T08:51:00.663430+00:00", "level": "INFO", "module": "logger", "funcName": "_log", "lineno": 188, "event_type": "strategy_manager.initialized", "data": {"order_manager_enabled": false, "db_pool_enabled": false}}
{"timestamp": "2025-12-02T08:51:00.663430+00:00", "level": "INFO", "module": "logger", "funcName": "_log", "lineno": 188, "event_type": "container.service_created", "data": {"service": "strategy_manager", "type": "StrategyManager", "fully_initialized": true}}
{"timestamp": "2025-12-02T08:51:00.664429+00:00", "level": "INFO", "module": "logger", "funcName": "_log", "lineno": 188, "event_type": "container.service_created", "data": {"service": "risk_manager", "type": "RiskManager", "fully_initialized": true}}
{"timestamp": "2025-12-02T08:51:00.664429+00:00", "level": "INFO", "module": "logger", "funcName": "_log", "lineno": 188, "event_type": "container.strategy_manager_db_pool_created", "data": {"pg_host": "127.0.0.1", "pg_port": 8812, "status": "connected", "source": "singleton"}}
{"timestamp": "2025-12-02T08:51:00.669399+00:00", "level": "INFO", "module": "logger", "funcName": "_log", "lineno": 188, "event_type": "strategy_manager.strategies_loaded_from_db", "data": {"count": 10}}
{"timestamp": "2025-12-02T08:51:00.670407+00:00", "level": "INFO", "module": "logger", "funcName": "_log", "lineno": 188, "event_type": "strategy_manager.strategies_loaded", "data": {"source": "questdb", "count": 10}}
{"timestamp": "2025-12-02T08:51:00.670407+00:00", "level": "INFO", "module": "logger", "funcName": "_log", "lineno": 188, "event_type": "container.strategy_manager_fully_initialized", "data": {"has_order_manager": true, "has_risk_manager": true, "has_db_pool": true, "strategy_count": 3}}
{"timestamp": "2025-12-02T08:51:00.671416+00:00", "level": "INFO", "module": "logger", "funcName": "_log", "lineno": 188, "event_type": "container.strategy_manager_started_at_creation", "data": {"strategies_active": true, "evaluation_enabled": true}}
{"timestamp": "2025-12-02T08:51:00.695055+00:00", "level": "INFO", "module": "logger", "funcName": "_log", "lineno": 188, "event_type": "data_collection.cleanup_task_started", "data": {"cleanup_interval": 3600, "session_ttl": 86400}}
{"timestamp": "2025-12-02T08:51:00.696567+00:00", "level": "INFO", "module": "logger", "funcName": "_log", "lineno": 188, "event_type": "unified_trading_controller.db_persistence_enabled", "data": {"provider": "QuestDB"}}
{"timestamp": "2025-12-02T08:51:00.707113+00:00", "level": "INFO", "module": "logger", "funcName": "_log", "lineno": 188, "event_type": "variants_loaded_from_database", "data": {"variants_loaded": 97, "variants_by_type": {"price": 190, "general": 4}}}
{"timestamp": "2025-12-02T08:51:00.708109+00:00", "level": "INFO", "module": "logger", "funcName": "_log", "lineno": 188, "event_type": "unified_trading_controller.indicator_engine_started", "data": {"engine_type": "StreamingIndicatorEngine"}}
{"timestamp": "2025-12-02T08:51:00.708109+00:00", "level": "INFO", "module": "logger", "funcName": "_log", "lineno": 188, "event_type": "unified_trading_controller.initialized", "data": {"wallet_enabled": true, "order_manager_enabled": true, "indicator_engine_started": true}}
{"timestamp": "2025-12-02T08:51:00.708109+00:00", "level": "INFO", "module": "logger", "funcName": "_log", "lineno": 188, "event_type": "container.unified_trading_controller_fully_initialized", "data": {"mode": "auto", "has_wallet": true, "has_order_manager": true, "has_indicator_engine": true, "indicator_engine_has_repository": true}}
      Starting controller services...
{"timestamp": "2025-12-02T08:51:00.708109+00:00", "level": "INFO", "module": "logger", "funcName": "_log", "lineno": 188, "event_type": "order_manager.subscribed_to_signals", "data": {}}
{"timestamp": "2025-12-02T08:51:00.709616+00:00", "level": "INFO", "module": "logger", "funcName": "_log", "lineno": 188, "event_type": "unified_trading_controller.order_manager_started", "data": {}}
{"timestamp": "2025-12-02T08:51:00.758112+00:00", "level": "INFO", "module": "logger", "funcName": "_log", "lineno": 188, "event_type": "trading_persistence.pool_created", "data": {"min_size": 10, "max_size": 50}}
{"timestamp": "2025-12-02T08:51:00.758112+00:00", "level": "INFO", "module": "logger", "funcName": "_log", "lineno": 188, "event_type": "trading_persistence.subscribed_to_events", "data": {"events": ["signal_generated", "order_created", "order_filled", "order_cancelled", "position_opened", "position_updated", "position_closed"]}}
{"timestamp": "2025-12-02T08:51:00.759621+00:00", "level": "INFO", "module": "logger", "funcName": "_log", "lineno": 188, "event_type": "unified_trading_controller.trading_persistence_started", "data": {}}
{"timestamp": "2025-12-02T08:51:00.760632+00:00", "level": "INFO", "module": "logger", "funcName": "_log", "lineno": 188, "event_type": "execution_monitor.started", "data": {}}
{"timestamp": "2025-12-02T08:51:00.760632+00:00", "level": "INFO", "module": "logger", "funcName": "_log", "lineno": 188, "event_type": "unified_trading_controller.started", "data": {}}
[3/5] Checking strategy manager...
{"timestamp": "2025-12-02T08:51:00.761639+00:00", "level": "INFO", "module": "logger", "funcName": "_log", "lineno": 188, "event_type": "container.strategy_manager_started_at_creation", "data": {"strategies_active": true, "evaluation_enabled": true}}
      Strategies loaded: 3
        - Pump Detection Strategy (enabled=True)
        - Test Momentum Strategy (enabled=True)
        - Updated Strategy Name (enabled=True)

[DEBUG] EventBus subscriber counts:
      market.price_update: 1 subscribers
      indicator.updated: 2 subscribers
      signal_generated: 2 subscribers
[4/5] Checking indicator engine...
      Indicator engine ready: True
      Variants loaded: 97
[5/5] Starting backtest...
{"timestamp": "2025-12-02T08:51:00.956467+00:00", "level": "INFO", "module": "logger", "funcName": "_log", "lineno": 188, "event_type": "execution.session_created", "data": {"session_id": "exec_20251202_095100_63741b2d", "mode": "backtest", "symbols": ["ARIA_USDT"]}}
{"timestamp": "2025-12-02T08:51:00.956467+00:00", "level": "INFO", "module": "logger", "funcName": "_log", "lineno": 188, "event_type": "execution.metrics_subscriptions_setup", "data": {"subscriptions": ["signal_generated", "order.created", "order.filled", "order.rejected", "market.price_update"]}}
{"timestamp": "2025-12-02T08:51:00.957708+00:00", "level": "INFO", "module": "logger", "funcName": "_log", "lineno": 188, "event_type": "execution.pre_start_callback_invoking", "data": {"session_id": "exec_20251202_095100_63741b2d"}}
{"timestamp": "2025-12-02T08:51:00.958725+00:00", "level": "INFO", "module": "logger", "funcName": "_log", "lineno": 188, "event_type": "unified_trading_controller.pre_start_activating_strategies", "data": {"session_id": "exec_20251202_095100_63741b2d", "symbols": ["ARIA_USDT"], "selected_strategies_count": 0}}
{"timestamp": "2025-12-02T08:51:00.961237+00:00", "level": "INFO", "module": "logger", "funcName": "_log", "lineno": 188, "event_type": "strategy_manager.strategies_loaded_from_db", "data": {"count": 10}}
{"timestamp": "2025-12-02T08:51:00.962633+00:00", "level": "INFO", "module": "logger", "funcName": "_log", "lineno": 188, "event_type": "unified_trading_controller.strategies_loaded", "data": {"session_id": "exec_20251202_095100_63741b2d", "count": 10}}
{"timestamp": "2025-12-02T08:51:00.962633+00:00", "level": "INFO", "module": "logger", "funcName": "_log", "lineno": 188, "event_type": "unified_trading_controller.auto_selected_strategies", "data": {"session_id": "exec_20251202_095100_63741b2d", "strategies": ["Pump Detection Strategy", "Test Momentum Strategy", "Updated Strategy Name"]}}
{"timestamp": "2025-12-02T08:51:00.962633+00:00", "level": "INFO", "module": "logger", "funcName": "_log", "lineno": 188, "event_type": "strategy_manager.strategy_activated", "data": {"strategy_name": "Pump Detection Strategy", "symbol": "ARIA_USDT"}}
{"timestamp": "2025-12-02T08:51:00.963646+00:00", "level": "INFO", "module": "logger", "funcName": "_log", "lineno": 188, "event_type": "unified_trading_controller.strategy_activated", "data": {"session_id": "exec_20251202_095100_63741b2d", "strategy": "Pump Detection Strategy", "symbol": "ARIA_USDT"}}
{"timestamp": "2025-12-02T08:51:00.974417+00:00", "level": "INFO", "module": "logger", "funcName": "_log", "lineno": 188, "event_type": "indicator_variant_repository.created", "data": {"variant_id": "611fad91-045d-408b-8822-f43428935033", "name": "PRICE_VELOCITY_default_ARIA_USDT", "base_indicator_type": "PRICE_VELOCITY", "variant_type": "price", "created_by": "strategy_Pump Detection Strategy"}}
{"timestamp": "2025-12-02T08:51:00.979925+00:00", "level": "INFO", "module": "logger", "funcName": "_log", "lineno": 188, "event_type": "indicator_variant.created", "data": {"variant_id": "611fad91-045d-408b-8822-f43428935033", "name": "PRICE_VELOCITY_default_ARIA_USDT", "base_type": "PRICE_VELOCITY", "variant_type": "price", "created_by": "strategy_Pump Detection Strategy", "storage": "database"}}
[DEBUG] _track_indicator: symbol=ARIA_USDT, indicator_key=exec_20251202_095100_63741b2d_ARIA_USDT_611fad91-045d-408b-8822-f43428935033_3fd51f93, total for symbol=1
{"timestamp": "2025-12-02T08:51:00.979925+00:00", "level": "INFO", "module": "logger", "funcName": "_log", "lineno": 188, "event_type": "streaming_indicator_engine.indicator_added_to_session", "data": {"session_id": "exec_20251202_095100_63741b2d", "symbol": "ARIA_USDT", "indicator_id": "exec_20251202_095100_63741b2d_ARIA_USDT_611fad91-045d-408b-8822-f43428935033_3fd51f93", "variant_id": "611fad91-045d-408b-8822-f43428935033", "base_indicator_type": "PRICE_VELOCITY"}}
{"timestamp": "2025-12-02T08:51:00.981061+00:00", "level": "INFO", "module": "logger", "funcName": "_log", "lineno": 188, "event_type": "unified_trading_controller.indicator_added_to_session", "data": {"indicator_id": "exec_20251202_095100_63741b2d_ARIA_USDT_611fad91-045d-408b-8822-f43428935033_3fd51f93", "variant_id": "611fad91-045d-408b-8822-f43428935033", "session_id": "exec_20251202_095100_63741b2d", "symbol": "ARIA_USDT", "base_type": "PRICE_VELOCITY"}}
{"timestamp": "2025-12-02T08:51:00.982086+00:00", "level": "INFO", "module": "logger", "funcName": "_log", "lineno": 188, "event_type": "unified_trading_controller.variant_created", "data": {"variant_id": "611fad91-045d-408b-8822-f43428935033", "strategy": "Pump Detection Strategy", "symbol": "ARIA_USDT", "indicator": "price_velocity", "base_type": "PRICE_VELOCITY", "session_id": "exec_20251202_095100_63741b2d"}}
{"timestamp": "2025-12-02T08:51:00.982086+00:00", "level": "INFO", "module": "logger", "funcName": "_log", "lineno": 188, "event_type": "strategy_manager.strategy_activated", "data": {"strategy_name": "Test Momentum Strategy", "symbol": "ARIA_USDT"}}
{"timestamp": "2025-12-02T08:51:00.983119+00:00", "level": "INFO", "module": "logger", "funcName": "_log", "lineno": 188, "event_type": "unified_trading_controller.strategy_activated", "data": {"session_id": "exec_20251202_095100_63741b2d", "strategy": "Test Momentum Strategy", "symbol": "ARIA_USDT"}}
{"timestamp": "2025-12-02T08:51:00.987145+00:00", "level": "INFO", "module": "logger", "funcName": "_log", "lineno": 188, "event_type": "indicator_variant_repository.created", "data": {"variant_id": "5fc82998-9270-4b44-8312-f74ddd20a93d", "name": "MOMENTUM_REVERSAL_INDEX_default_ARIA_USDT", "base_indicator_type": "MOMENTUM_REVERSAL_INDEX", "variant_type": "price", "created_by": "strategy_Test Momentum Strategy"}}
{"timestamp": "2025-12-02T08:51:00.993656+00:00", "level": "INFO", "module": "logger", "funcName": "_log", "lineno": 188, "event_type": "indicator_variant.created", "data": {"variant_id": "5fc82998-9270-4b44-8312-f74ddd20a93d", "name": "MOMENTUM_REVERSAL_INDEX_default_ARIA_USDT", "base_type": "MOMENTUM_REVERSAL_INDEX", "variant_type": "price", "created_by": "strategy_Test Momentum Strategy", "storage": "database"}}
[DEBUG] _track_indicator: symbol=ARIA_USDT, indicator_key=exec_20251202_095100_63741b2d_ARIA_USDT_5fc82998-9270-4b44-8312-f74ddd20a93d_9ba9754f, total for symbol=2
{"timestamp": "2025-12-02T08:51:00.995072+00:00", "level": "INFO", "module": "logger", "funcName": "_log", "lineno": 188, "event_type": "streaming_indicator_engine.indicator_added_to_session", "data": {"session_id": "exec_20251202_095100_63741b2d", "symbol": "ARIA_USDT", "indicator_id": "exec_20251202_095100_63741b2d_ARIA_USDT_5fc82998-9270-4b44-8312-f74ddd20a93d_9ba9754f", "variant_id": "5fc82998-9270-4b44-8312-f74ddd20a93d", "base_indicator_type": "MOMENTUM_REVERSAL_INDEX"}}
{"timestamp": "2025-12-02T08:51:00.995072+00:00", "level": "INFO", "module": "logger", "funcName": "_log", "lineno": 188, "event_type": "unified_trading_controller.indicator_added_to_session", "data": {"indicator_id": "exec_20251202_095100_63741b2d_ARIA_USDT_5fc82998-9270-4b44-8312-f74ddd20a93d_9ba9754f", "variant_id": "5fc82998-9270-4b44-8312-f74ddd20a93d", "session_id": "exec_20251202_095100_63741b2d", "symbol": "ARIA_USDT", "base_type": "MOMENTUM_REVERSAL_INDEX"}}
{"timestamp": "2025-12-02T08:51:00.995072+00:00", "level": "INFO", "module": "logger", "funcName": "_log", "lineno": 188, "event_type": "unified_trading_controller.variant_created", "data": {"variant_id": "5fc82998-9270-4b44-8312-f74ddd20a93d", "strategy": "Test Momentum Strategy", "symbol": "ARIA_USDT", "indicator": "momentum_reversal", "base_type": "MOMENTUM_REVERSAL_INDEX", "session_id": "exec_20251202_095100_63741b2d"}}
{"timestamp": "2025-12-02T08:51:00.998595+00:00", "level": "INFO", "module": "logger", "funcName": "_log", "lineno": 188, "event_type": "indicator_variant_repository.created", "data": {"variant_id": "11b8be00-eed3-48fe-b359-df47b297226c", "name": "PRICE_VELOCITY_default_ARIA_USDT", "base_indicator_type": "PRICE_VELOCITY", "variant_type": "price", "created_by": "strategy_Test Momentum Strategy"}}
{"timestamp": "2025-12-02T08:51:01.004682+00:00", "level": "INFO", "module": "logger", "funcName": "_log", "lineno": 188, "event_type": "indicator_variant.created", "data": {"variant_id": "11b8be00-eed3-48fe-b359-df47b297226c", "name": "PRICE_VELOCITY_default_ARIA_USDT", "base_type": "PRICE_VELOCITY", "variant_type": "price", "created_by": "strategy_Test Momentum Strategy", "storage": "database"}}
[DEBUG] _track_indicator: symbol=ARIA_USDT, indicator_key=exec_20251202_095100_63741b2d_ARIA_USDT_11b8be00-eed3-48fe-b359-df47b297226c_d0d5625a, total for symbol=3
{"timestamp": "2025-12-02T08:51:01.005654+00:00", "level": "INFO", "module": "logger", "funcName": "_log", "lineno": 188, "event_type": "streaming_indicator_engine.indicator_added_to_session", "data": {"session_id": "exec_20251202_095100_63741b2d", "symbol": "ARIA_USDT", "indicator_id": "exec_20251202_095100_63741b2d_ARIA_USDT_11b8be00-eed3-48fe-b359-df47b297226c_d0d5625a", "variant_id": "11b8be00-eed3-48fe-b359-df47b297226c", "base_indicator_type": "PRICE_VELOCITY"}}
{"timestamp": "2025-12-02T08:51:01.006655+00:00", "level": "INFO", "module": "logger", "funcName": "_log", "lineno": 188, "event_type": "unified_trading_controller.indicator_added_to_session", "data": {"indicator_id": "exec_20251202_095100_63741b2d_ARIA_USDT_11b8be00-eed3-48fe-b359-df47b297226c_d0d5625a", "variant_id": "11b8be00-eed3-48fe-b359-df47b297226c", "session_id": "exec_20251202_095100_63741b2d", "symbol": "ARIA_USDT", "base_type": "PRICE_VELOCITY"}}
{"timestamp": "2025-12-02T08:51:01.006655+00:00", "level": "INFO", "module": "logger", "funcName": "_log", "lineno": 188, "event_type": "unified_trading_controller.variant_created", "data": {"variant_id": "11b8be00-eed3-48fe-b359-df47b297226c", "strategy": "Test Momentum Strategy", "symbol": "ARIA_USDT", "indicator": "price_velocity", "base_type": "PRICE_VELOCITY", "session_id": "exec_20251202_095100_63741b2d"}}
{"timestamp": "2025-12-02T08:51:01.007656+00:00", "level": "INFO", "module": "logger", "funcName": "_log", "lineno": 188, "event_type": "strategy_manager.strategy_activated", "data": {"strategy_name": "Updated Strategy Name", "symbol": "ARIA_USDT"}}
{"timestamp": "2025-12-02T08:51:01.008658+00:00", "level": "INFO", "module": "logger", "funcName": "_log", "lineno": 188, "event_type": "unified_trading_controller.strategy_activated", "data": {"session_id": "exec_20251202_095100_63741b2d", "strategy": "Updated Strategy Name", "symbol": "ARIA_USDT"}}
{"timestamp": "2025-12-02T08:51:01.011217+00:00", "level": "INFO", "module": "logger", "funcName": "_log", "lineno": 188, "event_type": "indicator_variant_repository.created", "data": {"variant_id": "f1c5bf73-df7f-4889-b417-fc3fcd71a9f7", "name": "MOMENTUM_REVERSAL_INDEX_default_ARIA_USDT", "base_indicator_type": "MOMENTUM_REVERSAL_INDEX", "variant_type": "price", "created_by": "strategy_Updated Strategy Name"}}
{"timestamp": "2025-12-02T08:51:01.015217+00:00", "level": "INFO", "module": "logger", "funcName": "_log", "lineno": 188, "event_type": "indicator_variant.created", "data": {"variant_id": "f1c5bf73-df7f-4889-b417-fc3fcd71a9f7", "name": "MOMENTUM_REVERSAL_INDEX_default_ARIA_USDT", "base_type": "MOMENTUM_REVERSAL_INDEX", "variant_type": "price", "created_by": "strategy_Updated Strategy Name", "storage": "database"}}
[DEBUG] _track_indicator: symbol=ARIA_USDT, indicator_key=exec_20251202_095100_63741b2d_ARIA_USDT_f1c5bf73-df7f-4889-b417-fc3fcd71a9f7_5abffc45, total for symbol=4
{"timestamp": "2025-12-02T08:51:01.016193+00:00", "level": "INFO", "module": "logger", "funcName": "_log", "lineno": 188, "event_type": "streaming_indicator_engine.indicator_added_to_session", "data": {"session_id": "exec_20251202_095100_63741b2d", "symbol": "ARIA_USDT", "indicator_id": "exec_20251202_095100_63741b2d_ARIA_USDT_f1c5bf73-df7f-4889-b417-fc3fcd71a9f7_5abffc45", "variant_id": "f1c5bf73-df7f-4889-b417-fc3fcd71a9f7", "base_indicator_type": "MOMENTUM_REVERSAL_INDEX"}}
{"timestamp": "2025-12-02T08:51:01.017194+00:00", "level": "INFO", "module": "logger", "funcName": "_log", "lineno": 188, "event_type": "unified_trading_controller.indicator_added_to_session", "data": {"indicator_id": "exec_20251202_095100_63741b2d_ARIA_USDT_f1c5bf73-df7f-4889-b417-fc3fcd71a9f7_5abffc45", "variant_id": "f1c5bf73-df7f-4889-b417-fc3fcd71a9f7", "session_id": "exec_20251202_095100_63741b2d", "symbol": "ARIA_USDT", "base_type": "MOMENTUM_REVERSAL_INDEX"}}
{"timestamp": "2025-12-02T08:51:01.019192+00:00", "level": "INFO", "module": "logger", "funcName": "_log", "lineno": 188, "event_type": "unified_trading_controller.variant_created", "data": {"variant_id": "f1c5bf73-df7f-4889-b417-fc3fcd71a9f7", "strategy": "Updated Strategy Name", "symbol": "ARIA_USDT", "indicator": "momentum_reversal", "base_type": "MOMENTUM_REVERSAL_INDEX", "session_id": "exec_20251202_095100_63741b2d"}}
{"timestamp": "2025-12-02T08:51:01.021420+00:00", "level": "INFO", "module": "logger", "funcName": "_log", "lineno": 188, "event_type": "indicator_variant_repository.created", "data": {"variant_id": "790d8eed-dc95-43ff-b625-1205d256154b", "name": "PRICE_VELOCITY_default_ARIA_USDT", "base_indicator_type": "PRICE_VELOCITY", "variant_type": "price", "created_by": "strategy_Updated Strategy Name"}}
{"timestamp": "2025-12-02T08:51:01.025435+00:00", "level": "INFO", "module": "logger", "funcName": "_log", "lineno": 188, "event_type": "indicator_variant.created", "data": {"variant_id": "790d8eed-dc95-43ff-b625-1205d256154b", "name": "PRICE_VELOCITY_default_ARIA_USDT", "base_type": "PRICE_VELOCITY", "variant_type": "price", "created_by": "strategy_Updated Strategy Name", "storage": "database"}}
[DEBUG] _track_indicator: symbol=ARIA_USDT, indicator_key=exec_20251202_095100_63741b2d_ARIA_USDT_790d8eed-dc95-43ff-b625-1205d256154b_0519b04b, total for symbol=5
{"timestamp": "2025-12-02T08:51:01.026420+00:00", "level": "INFO", "module": "logger", "funcName": "_log", "lineno": 188, "event_type": "streaming_indicator_engine.indicator_added_to_session", "data": {"session_id": "exec_20251202_095100_63741b2d", "symbol": "ARIA_USDT", "indicator_id": "exec_20251202_095100_63741b2d_ARIA_USDT_790d8eed-dc95-43ff-b625-1205d256154b_0519b04b", "variant_id": "790d8eed-dc95-43ff-b625-1205d256154b", "base_indicator_type": "PRICE_VELOCITY"}}
{"timestamp": "2025-12-02T08:51:01.026420+00:00", "level": "INFO", "module": "logger", "funcName": "_log", "lineno": 188, "event_type": "unified_trading_controller.indicator_added_to_session", "data": {"indicator_id": "exec_20251202_095100_63741b2d_ARIA_USDT_790d8eed-dc95-43ff-b625-1205d256154b_0519b04b", "variant_id": "790d8eed-dc95-43ff-b625-1205d256154b", "session_id": "exec_20251202_095100_63741b2d", "symbol": "ARIA_USDT", "base_type": "PRICE_VELOCITY"}}
{"timestamp": "2025-12-02T08:51:01.027419+00:00", "level": "INFO", "module": "logger", "funcName": "_log", "lineno": 188, "event_type": "unified_trading_controller.variant_created", "data": {"variant_id": "790d8eed-dc95-43ff-b625-1205d256154b", "strategy": "Updated Strategy Name", "symbol": "ARIA_USDT", "indicator": "price_velocity", "base_type": "PRICE_VELOCITY", "session_id": "exec_20251202_095100_63741b2d"}}
{"timestamp": "2025-12-02T08:51:01.027419+00:00", "level": "INFO", "module": "logger", "funcName": "_log", "lineno": 188, "event_type": "unified_trading_controller.session_strategies_activated", "data": {"session_id": "exec_20251202_095100_63741b2d", "activated_count": 3, "variants_created": 5, "symbols": ["ARIA_USDT"], "strategies": ["Pump Detection Strategy", "Test Momentum Strategy", "Updated Strategy Name"]}}
{"timestamp": "2025-12-02T08:51:01.028420+00:00", "level": "INFO", "module": "logger", "funcName": "_log", "lineno": 188, "event_type": "unified_trading_controller.pre_start_strategies_activated", "data": {"session_id": "exec_20251202_095100_63741b2d"}}
{"timestamp": "2025-12-02T08:51:01.029418+00:00", "level": "INFO", "module": "logger", "funcName": "_log", "lineno": 188, "event_type": "execution.pre_start_callback_completed", "data": {"session_id": "exec_20251202_095100_63741b2d"}}
{"timestamp": "2025-12-02T08:51:01.029925+00:00", "level": "INFO", "module": "logger", "funcName": "_log", "lineno": 188, "event_type": "command.completed", "data": {"command_id": "05b9dd83-084a-4686-99e1-a0043771af93", "duration": 0.074453}}
{"timestamp": "2025-12-02T08:51:01.052268+00:00", "level": "INFO", "module": "logger", "funcName": "_log", "lineno": 188, "event_type": "questdb_historical.stream_started", "data": {"session_id": "exec_20251102_113922_361d6250", "symbol": "ARIA_USDT", "total_rows": 2306}}
{"timestamp": "2025-12-02T08:51:01.053702+00:00", "level": "INFO", "module": "logger", "funcName": "_log", "lineno": 188, "event_type": "execution.started", "data": {"session_id": "exec_20251202_095100_63741b2d"}}
{"timestamp": "2025-12-02T08:51:01.060241+00:00", "level": "WARNING", "module": "logger", "funcName": "_log", "lineno": 188, "event_type": "streaming_indicator_engine.data_anomalies_detected", "data": {"symbol": "ARIA_USDT", "timestamp": 1762076372.312999, "anomalies": ["stale_timestamp: 1762076372.312999 vs 1764665461.0602417"], "data_sample": {"price": 0.1671, "volume": 3.0}}}
[DEBUG] _update_indicators_safe: symbol=ARIA_USDT, indicator_keys=5, _indicators_by_symbol keys=['ARIA_USDT']
{"timestamp": "2025-12-02T08:51:01.062251+00:00", "level": "ERROR", "module": "logger", "funcName": "error", "lineno": 206, "event_type": "health_monitor.execution_error", "data": {"context": "indicator:exec_20251202_095100_63741b2d_ARIA_USDT_5fc82998-9270-4b44-8312-f74ddd20a93d_9ba9754f", "error": "'MomentumReversalIndexAlgorithm' object has no attribute 'calculation_function'", "error_type": "AttributeError"}}
{"timestamp": "2025-12-02T08:51:01.063251+00:00", "level": "ERROR", "module": "logger", "funcName": "error", "lineno": 206, "event_type": "health_monitor.execution_error", "data": {"context": "indicator:exec_20251202_095100_63741b2d_ARIA_USDT_f1c5bf73-df7f-4889-b417-fc3fcd71a9f7_5abffc45", "error": "'MomentumReversalIndexAlgorithm' object has no attribute 'calculation_function'", "error_type": "AttributeError"}}
{"timestamp": "2025-12-02T08:51:01.064249+00:00", "level": "WARNING", "module": "logger", "funcName": "_log", "lineno": 188, "event_type": "streaming_indicator_engine.data_anomalies_detected", "data": {"symbol": "ARIA_USDT", "timestamp": 1762076381.309999, "anomalies": ["stale_timestamp: 1762076381.309999 vs 1764665461.064249"], "data_sample": {"price": 0.16715, "volume": 8.0}}}
[DEBUG] _update_indicators_safe: symbol=ARIA_USDT, indicator_keys=5, _indicators_by_symbol keys=['ARIA_USDT']
{"timestamp": "2025-12-02T08:51:01.065251+00:00", "level": "ERROR", "module": "logger", "funcName": "error", "lineno": 206, "event_type": "health_monitor.execution_error", "data": {"context": "indicator:exec_20251202_095100_63741b2d_ARIA_USDT_5fc82998-9270-4b44-8312-f74ddd20a93d_9ba9754f", "error": "'MomentumReversalIndexAlgorithm' object has no attribute 'calculation_function'", "error_type": "AttributeError"}}
{"timestamp": "2025-12-02T08:51:01.065251+00:00", "level": "ERROR", "module": "logger", "funcName": "error", "lineno": 206, "event_type": "health_monitor.execution_error", "data": {"context": "indicator:exec_20251202_095100_63741b2d_ARIA_USDT_f1c5bf73-df7f-4889-b417-fc3fcd71a9f7_5abffc45", "error": "'MomentumReversalIndexAlgorithm' object has no attribute 'calculation_function'", "error_type": "AttributeError"}}
{"timestamp": "2025-12-02T08:51:01.083921+00:00", "level": "WARNING", "module": "logger", "funcName": "_log", "lineno": 188, "event_type": "streaming_indicator_engine.data_anomalies_detected", "data": {"symbol": "ARIA_USDT", "timestamp": 1762076388.311, "anomalies": ["stale_timestamp: 1762076388.311 vs 1764665461.082908"], "data_sample": {"price": 0.16714, "volume": 9.0}}}
[DEBUG] _update_indicators_safe: symbol=ARIA_USDT, indicator_keys=5, _indicators_by_symbol keys=['ARIA_USDT']
{"timestamp": "2025-12-02T08:51:01.085914+00:00", "level": "ERROR", "module": "logger", "funcName": "error", "lineno": 206, "event_type": "health_monitor.execution_error", "data": {"context": "indicator:exec_20251202_095100_63741b2d_ARIA_USDT_5fc82998-9270-4b44-8312-f74ddd20a93d_9ba9754f", "error": "'MomentumReversalIndexAlgorithm' object has no attribute 'calculation_function'", "error_type": "AttributeError"}}
{"timestamp": "2025-12-02T08:51:01.086920+00:00", "level": "ERROR", "module": "logger", "funcName": "error", "lineno": 206, "event_type": "health_monitor.execution_error", "data": {"context": "indicator:exec_20251202_095100_63741b2d_ARIA_USDT_f1c5bf73-df7f-4889-b417-fc3fcd71a9f7_5abffc45", "error": "'MomentumReversalIndexAlgorithm' object has no attribute 'calculation_function'", "error_type": "AttributeError"}}
{"timestamp": "2025-12-02T08:51:01.099366+00:00", "level": "WARNING", "module": "logger", "funcName": "_log", "lineno": 188, "event_type": "streaming_indicator_engine.data_anomalies_detected", "data": {"symbol": "ARIA_USDT", "timestamp": 1762076401.309999, "anomalies": ["stale_timestamp: 1762076401.309999 vs 1764665461.099367"], "data_sample": {"price": 0.16717, "volume": 7.0}}}
[DEBUG] _update_indicators_safe: symbol=ARIA_USDT, indicator_keys=5, _indicators_by_symbol keys=['ARIA_USDT']
{"timestamp": "2025-12-02T08:51:01.102403+00:00", "level": "ERROR", "module": "logger", "funcName": "error", "lineno": 206, "event_type": "health_monitor.execution_error", "data": {"context": "indicator:exec_20251202_095100_63741b2d_ARIA_USDT_5fc82998-9270-4b44-8312-f74ddd20a93d_9ba9754f", "error": "'MomentumReversalIndexAlgorithm' object has no attribute 'calculation_function'", "error_type": "AttributeError"}}
{"timestamp": "2025-12-02T08:51:01.103399+00:00", "level": "ERROR", "module": "logger", "funcName": "error", "lineno": 206, "event_type": "health_monitor.execution_error", "data": {"context": "indicator:exec_20251202_095100_63741b2d_ARIA_USDT_f1c5bf73-df7f-4889-b417-fc3fcd71a9f7_5abffc45", "error": "'MomentumReversalIndexAlgorithm' object has no attribute 'calculation_function'", "error_type": "AttributeError"}}
{"timestamp": "2025-12-02T08:51:01.129407+00:00", "level": "WARNING", "module": "logger", "funcName": "_log", "lineno": 188, "event_type": "streaming_indicator_engine.data_anomalies_detected", "data": {"symbol": "ARIA_USDT", "timestamp": 1762076408.312, "anomalies": ["stale_timestamp: 1762076408.312 vs 1764665461.129407"], "data_sample": {"price": 0.16713, "volume": 3.0}}}
[DEBUG] _update_indicators_safe: symbol=ARIA_USDT, indicator_keys=5, _indicators_by_symbol keys=['ARIA_USDT']
{"timestamp": "2025-12-02T08:51:01.129912+00:00", "level": "INFO", "module": "logger", "funcName": "_log", "lineno": 188, "event_type": "command.result_retrieved", "data": {"command_id": "05b9dd83-084a-4686-99e1-a0043771af93", "command_type": "START_BACKTEST", "duration": 0.268286}}
{"timestamp": "2025-12-02T08:51:01.130920+00:00", "level": "INFO", "module": "logger", "funcName": "_log", "lineno": 188, "event_type": "unified_trading_controller.backtest_started", "data": {"session_id": "exec_20251202_095100_63741b2d", "symbols": ["ARIA_USDT"], "strategies_activated": true}}
      Backtest session started: exec_20251202_095100_63741b2d

[WAITING] Backtest running... (max 60 seconds)
{"timestamp": "2025-12-02T08:51:01.131928+00:00", "level": "ERROR", "module": "logger", "funcName": "error", "lineno": 206, "event_type": "health_monitor.execution_error", "data": {"context": "indicator:exec_20251202_095100_63741b2d_ARIA_USDT_5fc82998-9270-4b44-8312-f74ddd20a93d_9ba9754f", "error": "'MomentumReversalIndexAlgorithm' object has no attribute 'calculation_function'", "error_type": "AttributeError"}}
{"timestamp": "2025-12-02T08:51:01.131928+00:00", "level": "ERROR", "module": "logger", "funcName": "error", "lineno": 206, "event_type": "health_monitor.execution_error", "data": {"context": "indicator:exec_20251202_095100_63741b2d_ARIA_USDT_f1c5bf73-df7f-4889-b417-fc3fcd71a9f7_5abffc45", "error": "'MomentumReversalIndexAlgorithm' object has no attribute 'calculation_function'", "error_type": "AttributeError"}}
{"timestamp": "2025-12-02T08:51:01.133931+00:00", "level": "WARNING", "module": "logger", "funcName": "_log", "lineno": 188, "event_type": "streaming_indicator_engine.data_anomalies_detected", "data": {"symbol": "ARIA_USDT", "timestamp": 1762076417.311, "anomalies": ["stale_timestamp: 1762076417.311 vs 1764665461.1339319"], "data_sample": {"price": 0.16708, "volume": 3.0}}}
{"timestamp": "2025-12-02T08:51:01.134953+00:00", "level": "ERROR", "module": "logger", "funcName": "error", "lineno": 206, "event_type": "health_monitor.execution_error", "data": {"context": "indicator:exec_20251202_095100_63741b2d_ARIA_USDT_5fc82998-9270-4b44-8312-f74ddd20a93d_9ba9754f", "error": "'MomentumReversalIndexAlgorithm' object has no attribute 'calculation_function'", "error_type": "AttributeError"}}
{"timestamp": "2025-12-02T08:51:01.135934+00:00", "level": "ERROR", "module": "logger", "funcName": "error", "lineno": 206, "event_type": "health_monitor.execution_error", "data": {"context": "indicator:exec_20251202_095100_63741b2d_ARIA_USDT_f1c5bf73-df7f-4889-b417-fc3fcd71a9f7_5abffc45", "error": "'MomentumReversalIndexAlgorithm' object has no attribute 'calculation_function'", "error_type": "AttributeError"}}
{"timestamp": "2025-12-02T08:51:01.161616+00:00", "level": "WARNING", "module": "logger", "funcName": "_log", "lineno": 188, "event_type": "streaming_indicator_engine.data_anomalies_detected", "data": {"symbol": "ARIA_USDT", "timestamp": 1762076427.308999, "anomalies": ["stale_timestamp: 1762076427.308999 vs 1764665461.1606064"], "data_sample": {"price": 0.16707, "volume": 12.0}}}
{"timestamp": "2025-12-02T08:51:01.163611+00:00", "level": "ERROR", "module": "logger", "funcName": "error", "lineno": 206, "event_type": "health_monitor.execution_error", "data": {"context": "indicator:exec_20251202_095100_63741b2d_ARIA_USDT_5fc82998-9270-4b44-8312-f74ddd20a93d_9ba9754f", "error": "'MomentumReversalIndexAlgorithm' object has no attribute 'calculation_function'", "error_type": "AttributeError"}}
{"timestamp": "2025-12-02T08:51:01.164615+00:00", "level": "ERROR", "module": "logger", "funcName": "error", "lineno": 206, "event_type": "health_monitor.execution_error", "data": {"context": "indicator:exec_20251202_095100_63741b2d_ARIA_USDT_f1c5bf73-df7f-4889-b417-fc3fcd71a9f7_5abffc45", "error": "'MomentumReversalIndexAlgorithm' object has no attribute 'calculation_function'", "error_type": "AttributeError"}}
{"timestamp": "2025-12-02T08:51:01.191196+00:00", "level": "WARNING", "module": "logger", "funcName": "_log", "lineno": 188, "event_type": "streaming_indicator_engine.data_anomalies_detected", "data": {"symbol": "ARIA_USDT", "timestamp": 1762076435.309999, "anomalies": ["stale_timestamp: 1762076435.309999 vs 1764665461.1911967"], "data_sample": {"price": 0.1671, "volume": 4.0}}}
{"timestamp": "2025-12-02T08:51:01.192210+00:00", "level": "ERROR", "module": "logger", "funcName": "error", "lineno": 206, "event_type": "health_monitor.execution_error", "data": {"context": "indicator:exec_20251202_095100_63741b2d_ARIA_USDT_5fc82998-9270-4b44-8312-f74ddd20a93d_9ba9754f", "error": "'MomentumReversalIndexAlgorithm' object has no attribute 'calculation_function'", "error_type": "AttributeError"}}
{"timestamp": "2025-12-02T08:51:01.193206+00:00", "level": "ERROR", "module": "logger", "funcName": "error", "lineno": 206, "event_type": "health_monitor.execution_error", "data": {"context": "indicator:exec_20251202_095100_63741b2d_ARIA_USDT_f1c5bf73-df7f-4889-b417-fc3fcd71a9f7_5abffc45", "error": "'MomentumReversalIndexAlgorithm' object has no attribute 'calculation_function'", "error_type": "AttributeError"}}
{"timestamp": "2025-12-02T08:51:01.207002+00:00", "level": "WARNING", "module": "logger", "funcName": "_log", "lineno": 188, "event_type": "streaming_indicator_engine.data_anomalies_detected", "data": {"symbol": "ARIA_USDT", "timestamp": 1762076447.309999, "anomalies": ["stale_timestamp: 1762076447.309999 vs 1764665461.2070026"], "data_sample": {"price": 0.16708, "volume": 9.0}}}
{"timestamp": "2025-12-02T08:51:01.208011+00:00", "level": "ERROR", "module": "logger", "funcName": "error", "lineno": 206, "event_type": "health_monitor.execution_error", "data": {"context": "indicator:exec_20251202_095100_63741b2d_ARIA_USDT_5fc82998-9270-4b44-8312-f74ddd20a93d_9ba9754f", "error": "'MomentumReversalIndexAlgorithm' object has no attribute 'calculation_function'", "error_type": "AttributeError"}}
{"timestamp": "2025-12-02T08:51:01.208011+00:00", "level": "ERROR", "module": "logger", "funcName": "error", "lineno": 206, "event_type": "health_monitor.execution_error", "data": {"context": "indicator:exec_20251202_095100_63741b2d_ARIA_USDT_f1c5bf73-df7f-4889-b417-fc3fcd71a9f7_5abffc45", "error": "'MomentumReversalIndexAlgorithm' object has no attribute 'calculation_function'", "error_type": "AttributeError"}}
{"timestamp": "2025-12-02T08:51:01.222349+00:00", "level": "WARNING", "module": "logger", "funcName": "_log", "lineno": 188, "event_type": "streaming_indicator_engine.data_anomalies_detected", "data": {"symbol": "ARIA_USDT", "timestamp": 1762076462.309999, "anomalies": ["stale_timestamp: 1762076462.309999 vs 1764665461.2223496"], "data_sample": {"price": 0.16726, "volume": 10.0}}}
{"timestamp": "2025-12-02T08:51:01.223334+00:00", "level": "ERROR", "module": "logger", "funcName": "error", "lineno": 206, "event_type": "health_monitor.execution_error", "data": {"context": "indicator:exec_20251202_095100_63741b2d_ARIA_USDT_5fc82998-9270-4b44-8312-f74ddd20a93d_9ba9754f", "error": "'MomentumReversalIndexAlgorithm' object has no attribute 'calculation_function'", "error_type": "AttributeError"}}
{"timestamp": "2025-12-02T08:51:01.224334+00:00", "level": "ERROR", "module": "logger", "funcName": "error", "lineno": 206, "event_type": "health_monitor.execution_error", "data": {"context": "indicator:exec_20251202_095100_63741b2d_ARIA_USDT_f1c5bf73-df7f-4889-b417-fc3fcd71a9f7_5abffc45", "error": "'MomentumReversalIndexAlgorithm' object has no attribute 'calculation_function'", "error_type": "AttributeError"}}
{"timestamp": "2025-12-02T08:51:01.237114+00:00", "level": "WARNING", "module": "logger", "funcName": "_log", "lineno": 188, "event_type": "streaming_indicator_engine.data_anomalies_detected", "data": {"symbol": "ARIA_USDT", "timestamp": 1762076476.308999, "anomalies": ["stale_timestamp: 1762076476.308999 vs 1764665461.2371142"], "data_sample": {"price": 0.16745, "volume": 9.0}}}
{"timestamp": "2025-12-02T08:51:01.238116+00:00", "level": "ERROR", "module": "logger", "funcName": "error", "lineno": 206, "event_type": "health_monitor.execution_error", "data": {"context": "indicator:exec_20251202_095100_63741b2d_ARIA_USDT_5fc82998-9270-4b44-8312-f74ddd20a93d_9ba9754f", "error": "'MomentumReversalIndexAlgorithm' object has no attribute 'calculation_function'", "error_type": "AttributeError"}}
{"timestamp": "2025-12-02T08:51:01.240633+00:00", "level": "ERROR", "module": "logger", "funcName": "error", "lineno": 206, "event_type": "health_monitor.execution_error", "data": {"context": "indicator:exec_20251202_095100_63741b2d_ARIA_USDT_f1c5bf73-df7f-4889-b417-fc3fcd71a9f7_5abffc45", "error": "'MomentumReversalIndexAlgorithm' object has no attribute 'calculation_function'", "error_type": "AttributeError"}}
{"timestamp": "2025-12-02T08:51:01.252732+00:00", "level": "WARNING", "module": "logger", "funcName": "_log", "lineno": 188, "event_type": "streaming_indicator_engine.data_anomalies_detected", "data": {"symbol": "ARIA_USDT", "timestamp": 1762076490.311, "anomalies": ["stale_timestamp: 1762076490.311 vs 1764665461.2527323"], "data_sample": {"price": 0.16766, "volume": 7.0}}}
{"timestamp": "2025-12-02T08:51:01.254669+00:00", "level": "ERROR", "module": "logger", "funcName": "error", "lineno": 206, "event_type": "health_monitor.execution_error", "data": {"context": "indicator:exec_20251202_095100_63741b2d_ARIA_USDT_5fc82998-9270-4b44-8312-f74ddd20a93d_9ba9754f", "error": "'MomentumReversalIndexAlgorithm' object has no attribute 'calculation_function'", "error_type": "AttributeError"}}
{"timestamp": "2025-12-02T08:51:01.255680+00:00", "level": "ERROR", "module": "logger", "funcName": "error", "lineno": 206, "event_type": "health_monitor.execution_error", "data": {"context": "indicator:exec_20251202_095100_63741b2d_ARIA_USDT_f1c5bf73-df7f-4889-b417-fc3fcd71a9f7_5abffc45", "error": "'MomentumReversalIndexAlgorithm' object has no attribute 'calculation_function'", "error_type": "AttributeError"}}
{"timestamp": "2025-12-02T08:51:01.269766+00:00", "level": "WARNING", "module": "logger", "funcName": "_log", "lineno": 188, "event_type": "streaming_indicator_engine.data_anomalies_detected", "data": {"symbol": "ARIA_USDT", "timestamp": 1762076501.311, "anomalies": ["stale_timestamp: 1762076501.311 vs 1764665461.2697668"], "data_sample": {"price": 0.16763, "volume": 5.0}}}
{"timestamp": "2025-12-02T08:51:01.270367+00:00", "level": "ERROR", "module": "logger", "funcName": "error", "lineno": 206, "event_type": "health_monitor.execution_error", "data": {"context": "indicator:exec_20251202_095100_63741b2d_ARIA_USDT_5fc82998-9270-4b44-8312-f74ddd20a93d_9ba9754f", "error": "'MomentumReversalIndexAlgorithm' object has no attribute 'calculation_function'", "error_type": "AttributeError"}}
{"timestamp": "2025-12-02T08:51:01.271544+00:00", "level": "ERROR", "module": "logger", "funcName": "error", "lineno": 206, "event_type": "health_monitor.execution_error", "data": {"context": "indicator:exec_20251202_095100_63741b2d_ARIA_USDT_f1c5bf73-df7f-4889-b417-fc3fcd71a9f7_5abffc45", "error": "'MomentumReversalIndexAlgorithm' object has no attribute 'calculation_function'", "error_type": "AttributeError"}}
{"timestamp": "2025-12-02T08:51:01.286219+00:00", "level": "WARNING", "module": "logger", "funcName": "_log", "lineno": 188, "event_type": "streaming_indicator_engine.data_anomalies_detected", "data": {"symbol": "ARIA_USDT", "timestamp": 1762076514.408999, "anomalies": ["stale_timestamp: 1762076514.408999 vs 1764665461.2862198"], "data_sample": {"price": 0.16766, "volume": 10.0}}}
{"timestamp": "2025-12-02T08:51:01.288300+00:00", "level": "ERROR", "module": "logger", "funcName": "error", "lineno": 206, "event_type": "health_monitor.execution_error", "data": {"context": "indicator:exec_20251202_095100_63741b2d_ARIA_USDT_5fc82998-9270-4b44-8312-f74ddd20a93d_9ba9754f", "error": "'MomentumReversalIndexAlgorithm' object has no attribute 'calculation_function'", "error_type": "AttributeError"}}
{"timestamp": "2025-12-02T08:51:01.289805+00:00", "level": "ERROR", "module": "logger", "funcName": "error", "lineno": 206, "event_type": "health_monitor.execution_error", "data": {"context": "indicator:exec_20251202_095100_63741b2d_ARIA_USDT_f1c5bf73-df7f-4889-b417-fc3fcd71a9f7_5abffc45", "error": "'MomentumReversalIndexAlgorithm' object has no attribute 'calculation_function'", "error_type": "AttributeError"}}
{"timestamp": "2025-12-02T08:51:01.315592+00:00", "level": "WARNING", "module": "logger", "funcName": "_log", "lineno": 188, "event_type": "streaming_indicator_engine.data_anomalies_detected", "data": {"symbol": "ARIA_USDT", "timestamp": 1762076520.311, "anomalies": ["stale_timestamp: 1762076520.311 vs 1764665461.3155928"], "data_sample": {"price": 0.1677, "volume": 9.0}}}
{"timestamp": "2025-12-02T08:51:01.316931+00:00", "level": "ERROR", "module": "logger", "funcName": "error", "lineno": 206, "event_type": "health_monitor.execution_error", "data": {"context": "indicator:exec_20251202_095100_63741b2d_ARIA_USDT_5fc82998-9270-4b44-8312-f74ddd20a93d_9ba9754f", "error": "'MomentumReversalIndexAlgorithm' object has no attribute 'calculation_function'", "error_type": "AttributeError"}}
{"timestamp": "2025-12-02T08:51:01.322519+00:00", "level": "ERROR", "module": "logger", "funcName": "error", "lineno": 206, "event_type": "health_monitor.execution_error", "data": {"context": "indicator:exec_20251202_095100_63741b2d_ARIA_USDT_f1c5bf73-df7f-4889-b417-fc3fcd71a9f7_5abffc45", "error": "'MomentumReversalIndexAlgorithm' object has no attribute 'calculation_function'", "error_type": "AttributeError"}}
{"timestamp": "2025-12-02T08:51:01.347191+00:00", "level": "WARNING", "module": "logger", "funcName": "_log", "lineno": 188, "event_type": "streaming_indicator_engine.data_anomalies_detected", "data": {"symbol": "ARIA_USDT", "timestamp": 1762076531.311, "anomalies": ["stale_timestamp: 1762076531.311 vs 1764665461.3461897"], "data_sample": {"price": 0.16778, "volume": 10.0}}}
{"timestamp": "2025-12-02T08:51:01.348190+00:00", "level": "ERROR", "module": "logger", "funcName": "error", "lineno": 206, "event_type": "health_monitor.execution_error", "data": {"context": "indicator:exec_20251202_095100_63741b2d_ARIA_USDT_5fc82998-9270-4b44-8312-f74ddd20a93d_9ba9754f", "error": "'MomentumReversalIndexAlgorithm' object has no attribute 'calculation_function'", "error_type": "AttributeError"}}
{"timestamp": "2025-12-02T08:51:01.349194+00:00", "level": "ERROR", "module": "logger", "funcName": "error", "lineno": 206, "event_type": "health_monitor.execution_error", "data": {"context": "indicator:exec_20251202_095100_63741b2d_ARIA_USDT_f1c5bf73-df7f-4889-b417-fc3fcd71a9f7_5abffc45", "error": "'MomentumReversalIndexAlgorithm' object has no attribute 'calculation_function'", "error_type": "AttributeError"}}
{"timestamp": "2025-12-02T08:51:01.361678+00:00", "level": "WARNING", "module": "logger", "funcName": "_log", "lineno": 188, "event_type": "streaming_indicator_engine.data_anomalies_detected", "data": {"symbol": "ARIA_USDT", "timestamp": 1762076537.311, "anomalies": ["stale_timestamp: 1762076537.311 vs 1764665461.3616781"], "data_sample": {"price": 0.16777, "volume": 10.0}}}
{"timestamp": "2025-12-02T08:51:01.362697+00:00", "level": "ERROR", "module": "logger", "funcName": "error", "lineno": 206, "event_type": "health_monitor.execution_error", "data": {"context": "indicator:exec_20251202_095100_63741b2d_ARIA_USDT_5fc82998-9270-4b44-8312-f74ddd20a93d_9ba9754f", "error": "'MomentumReversalIndexAlgorithm' object has no attribute 'calculation_function'", "error_type": "AttributeError"}}
{"timestamp": "2025-12-02T08:51:01.363696+00:00", "level": "ERROR", "module": "logger", "funcName": "error", "lineno": 206, "event_type": "health_monitor.execution_error", "data": {"context": "indicator:exec_20251202_095100_63741b2d_ARIA_USDT_f1c5bf73-df7f-4889-b417-fc3fcd71a9f7_5abffc45", "error": "'MomentumReversalIndexAlgorithm' object has no attribute 'calculation_function'", "error_type": "AttributeError"}}
{"timestamp": "2025-12-02T08:51:01.376813+00:00", "level": "WARNING", "module": "logger", "funcName": "_log", "lineno": 188, "event_type": "streaming_indicator_engine.data_anomalies_detected", "data": {"symbol": "ARIA_USDT", "timestamp": 1762076543.312, "anomalies": ["stale_timestamp: 1762076543.312 vs 1764665461.3768137"], "data_sample": {"price": 0.16765, "volume": 8.0}}}
{"timestamp": "2025-12-02T08:51:01.378147+00:00", "level": "ERROR", "module": "logger", "funcName": "error", "lineno": 206, "event_type": "health_monitor.execution_error", "data": {"context": "indicator:exec_20251202_095100_63741b2d_ARIA_USDT_5fc82998-9270-4b44-8312-f74ddd20a93d_9ba9754f", "error": "'MomentumReversalIndexAlgorithm' object has no attribute 'calculation_function'", "error_type": "AttributeError"}}
{"timestamp": "2025-12-02T08:51:01.379170+00:00", "level": "ERROR", "module": "logger", "funcName": "error", "lineno": 206, "event_type": "health_monitor.execution_error", "data": {"context": "indicator:exec_20251202_095100_63741b2d_ARIA_USDT_f1c5bf73-df7f-4889-b417-fc3fcd71a9f7_5abffc45", "error": "'MomentumReversalIndexAlgorithm' object has no attribute 'calculation_function'", "error_type": "AttributeError"}}
{"timestamp": "2025-12-02T08:51:01.392728+00:00", "level": "WARNING", "module": "logger", "funcName": "_log", "lineno": 188, "event_type": "streaming_indicator_engine.data_anomalies_detected", "data": {"symbol": "ARIA_USDT", "timestamp": 1762076551.311, "anomalies": ["stale_timestamp: 1762076551.311 vs 1764665461.3927283"], "data_sample": {"price": 0.16776, "volume": 7.0}}}
{"timestamp": "2025-12-02T08:51:01.393729+00:00", "level": "ERROR", "module": "logger", "funcName": "error", "lineno": 206, "event_type": "health_monitor.execution_error", "data": {"context": "indicator:exec_20251202_095100_63741b2d_ARIA_USDT_5fc82998-9270-4b44-8312-f74ddd20a93d_9ba9754f", "error": "'MomentumReversalIndexAlgorithm' object has no attribute 'calculation_function'", "error_type": "AttributeError"}}
{"timestamp": "2025-12-02T08:51:01.394728+00:00", "level": "ERROR", "module": "logger", "funcName": "error", "lineno": 206, "event_type": "health_monitor.execution_error", "data": {"context": "indicator:exec_20251202_095100_63741b2d_ARIA_USDT_f1c5bf73-df7f-4889-b417-fc3fcd71a9f7_5abffc45", "error": "'MomentumReversalIndexAlgorithm' object has no attribute 'calculation_function'", "error_type": "AttributeError"}}
{"timestamp": "2025-12-02T08:51:01.409258+00:00", "level": "WARNING", "module": "logger", "funcName": "_log", "lineno": 188, "event_type": "streaming_indicator_engine.data_anomalies_detected", "data": {"symbol": "ARIA_USDT", "timestamp": 1762076567.313999, "anomalies": ["stale_timestamp: 1762076567.313999 vs 1764665461.4082632"], "data_sample": {"price": 0.16779, "volume": 4.0}}}
{"timestamp": "2025-12-02T08:51:01.409258+00:00", "level": "ERROR", "module": "logger", "funcName": "error", "lineno": 206, "event_type": "health_monitor.execution_error", "data": {"context": "indicator:exec_20251202_095100_63741b2d_ARIA_USDT_611fad91-045d-408b-8822-f43428935033_3fd51f93", "error": "'PriceVelocityAlgorithm' object has no attribute 'calculation_function'", "error_type": "AttributeError"}}
{"timestamp": "2025-12-02T08:51:01.410507+00:00", "level": "ERROR", "module": "logger", "funcName": "error", "lineno": 206, "event_type": "health_monitor.execution_error", "data": {"context": "indicator:exec_20251202_095100_63741b2d_ARIA_USDT_5fc82998-9270-4b44-8312-f74ddd20a93d_9ba9754f", "error": "'MomentumReversalIndexAlgorithm' object has no attribute 'calculation_function'", "error_type": "AttributeError"}}
{"timestamp": "2025-12-02T08:51:01.412508+00:00", "level": "ERROR", "module": "logger", "funcName": "error", "lineno": 206, "event_type": "health_monitor.execution_error", "data": {"context": "indicator:exec_20251202_095100_63741b2d_ARIA_USDT_11b8be00-eed3-48fe-b359-df47b297226c_d0d5625a", "error": "'PriceVelocityAlgorithm' object has no attribute 'calculation_function'", "error_type": "AttributeError"}}
{"timestamp": "2025-12-02T08:51:01.413507+00:00", "level": "ERROR", "module": "logger", "funcName": "error", "lineno": 206, "event_type": "health_monitor.execution_error", "data": {"context": "indicator:exec_20251202_095100_63741b2d_ARIA_USDT_f1c5bf73-df7f-4889-b417-fc3fcd71a9f7_5abffc45", "error": "'MomentumReversalIndexAlgorithm' object has no attribute 'calculation_function'", "error_type": "AttributeError"}}
{"timestamp": "2025-12-02T08:51:01.413507+00:00", "level": "ERROR", "module": "logger", "funcName": "error", "lineno": 206, "event_type": "health_monitor.execution_error", "data": {"context": "indicator:exec_20251202_095100_63741b2d_ARIA_USDT_790d8eed-dc95-43ff-b625-1205d256154b_0519b04b", "error": "'PriceVelocityAlgorithm' object has no attribute 'calculation_function'", "error_type": "AttributeError"}}
{"timestamp": "2025-12-02T08:51:01.440133+00:00", "level": "WARNING", "module": "logger", "funcName": "_log", "lineno": 188, "event_type": "streaming_indicator_engine.data_anomalies_detected", "data": {"symbol": "ARIA_USDT", "timestamp": 1762076582.312999, "anomalies": ["stale_timestamp: 1762076582.312999 vs 1764665461.440133"], "data_sample": {"price": 0.16774, "volume": 4.0}}}
{"timestamp": "2025-12-02T08:51:01.442166+00:00", "level": "ERROR", "module": "logger", "funcName": "error", "lineno": 206, "event_type": "health_monitor.execution_error", "data": {"context": "indicator:exec_20251202_095100_63741b2d_ARIA_USDT_611fad91-045d-408b-8822-f43428935033_3fd51f93", "error": "'PriceVelocityAlgorithm' object has no attribute 'calculation_function'", "error_type": "AttributeError"}}
{"timestamp": "2025-12-02T08:51:01.443161+00:00", "level": "ERROR", "module": "logger", "funcName": "error", "lineno": 206, "event_type": "health_monitor.execution_error", "data": {"context": "indicator:exec_20251202_095100_63741b2d_ARIA_USDT_5fc82998-9270-4b44-8312-f74ddd20a93d_9ba9754f", "error": "'MomentumReversalIndexAlgorithm' object has no attribute 'calculation_function'", "error_type": "AttributeError"}}
{"timestamp": "2025-12-02T08:51:01.443161+00:00", "level": "ERROR", "module": "logger", "funcName": "error", "lineno": 206, "event_type": "health_monitor.execution_error", "data": {"context": "indicator:exec_20251202_095100_63741b2d_ARIA_USDT_11b8be00-eed3-48fe-b359-df47b297226c_d0d5625a", "error": "'PriceVelocityAlgorithm' object has no attribute 'calculation_function'", "error_type": "AttributeError"}}
{"timestamp": "2025-12-02T08:51:01.444280+00:00", "level": "ERROR", "module": "logger", "funcName": "error", "lineno": 206, "event_type": "health_monitor.execution_error", "data": {"context": "indicator:exec_20251202_095100_63741b2d_ARIA_USDT_f1c5bf73-df7f-4889-b417-fc3fcd71a9f7_5abffc45", "error": "'MomentumReversalIndexAlgorithm' object has no attribute 'calculation_function'", "error_type": "AttributeError"}}
{"timestamp": "2025-12-02T08:51:01.444280+00:00", "level": "WARNING", "module": "logger", "funcName": "_log", "lineno": 188, "event_type": "health_monitor.circuit_opened", "data": {"failure_threshold": 10, "failure_count": 10, "error_type": "AttributeError"}}
{"timestamp": "2025-12-02T08:51:01.445307+00:00", "level": "ERROR", "module": "logger", "funcName": "error", "lineno": 206, "event_type": "health_monitor.execution_error", "data": {"context": "indicator:exec_20251202_095100_63741b2d_ARIA_USDT_790d8eed-dc95-43ff-b625-1205d256154b_0519b04b", "error": "'PriceVelocityAlgorithm' object has no attribute 'calculation_function'", "error_type": "AttributeError"}}
{"timestamp": "2025-12-02T08:51:01.470008+00:00", "level": "WARNING", "module": "logger", "funcName": "_log", "lineno": 188, "event_type": "streaming_indicator_engine.data_anomalies_detected", "data": {"symbol": "ARIA_USDT", "timestamp": 1762076595.309999, "anomalies": ["stale_timestamp: 1762076595.309999 vs 1764665461.4700084"], "data_sample": {"price": 0.16776, "volume": 10.0}}}
{"timestamp": "2025-12-02T08:51:01.485634+00:00", "level": "WARNING", "module": "logger", "funcName": "_log", "lineno": 188, "event_type": "streaming_indicator_engine.data_anomalies_detected", "data": {"symbol": "ARIA_USDT", "timestamp": 1762076606.309999, "anomalies": ["stale_timestamp: 1762076606.309999 vs 1764665461.4856343"], "data_sample": {"price": 0.16772, "volume": 9.0}}}
{"timestamp": "2025-12-02T08:51:01.501447+00:00", "level": "WARNING", "module": "logger", "funcName": "_log", "lineno": 188, "event_type": "streaming_indicator_engine.data_anomalies_detected", "data": {"symbol": "ARIA_USDT", "timestamp": 1762076620.309999, "anomalies": ["stale_timestamp: 1762076620.309999 vs 1764665461.5014474"], "data_sample": {"price": 0.16764, "volume": 5.0}}}
{"timestamp": "2025-12-02T08:51:01.515887+00:00", "level": "WARNING", "module": "logger", "funcName": "_log", "lineno": 188, "event_type": "streaming_indicator_engine.data_anomalies_detected", "data": {"symbol": "ARIA_USDT", "timestamp": 1762076628.311, "anomalies": ["stale_timestamp: 1762076628.311 vs 1764665461.5158873"], "data_sample": {"price": 0.16761, "volume": 7.0}}}
{"timestamp": "2025-12-02T08:51:01.530834+00:00", "level": "WARNING", "module": "logger", "funcName": "_log", "lineno": 188, "event_type": "streaming_indicator_engine.data_anomalies_detected", "data": {"symbol": "ARIA_USDT", "timestamp": 1762076638.312999, "anomalies": ["stale_timestamp: 1762076638.312999 vs 1764665461.530835"], "data_sample": {"price": 0.16763, "volume": 10.0}}}
{"timestamp": "2025-12-02T08:51:01.546171+00:00", "level": "WARNING", "module": "logger", "funcName": "_log", "lineno": 188, "event_type": "streaming_indicator_engine.data_anomalies_detected", "data": {"symbol": "ARIA_USDT", "timestamp": 1762076647.309999, "anomalies": ["stale_timestamp: 1762076647.309999 vs 1764665461.5461714"], "data_sample": {"price": 0.16762, "volume": 4.0}}}
{"timestamp": "2025-12-02T08:51:01.562191+00:00", "level": "WARNING", "module": "logger", "funcName": "_log", "lineno": 188, "event_type": "streaming_indicator_engine.data_anomalies_detected", "data": {"symbol": "ARIA_USDT", "timestamp": 1762076653.309999, "anomalies": ["stale_timestamp: 1762076653.309999 vs 1764665461.562191"], "data_sample": {"price": 0.16761, "volume": 9.0}}}
{"timestamp": "2025-12-02T08:51:01.577892+00:00", "level": "WARNING", "module": "logger", "funcName": "_log", "lineno": 188, "event_type": "streaming_indicator_engine.data_anomalies_detected", "data": {"symbol": "ARIA_USDT", "timestamp": 1762076666.309999, "anomalies": ["stale_timestamp: 1762076666.309999 vs 1764665461.5778928"], "data_sample": {"price": 0.16763, "volume": 9.0}}}
{"timestamp": "2025-12-02T08:51:01.593046+00:00", "level": "WARNING", "module": "logger", "funcName": "_log", "lineno": 188, "event_type": "streaming_indicator_engine.data_anomalies_detected", "data": {"symbol": "ARIA_USDT", "timestamp": 1762076672.308999, "anomalies": ["stale_timestamp: 1762076672.308999 vs 1764665461.5930464"], "data_sample": {"price": 0.16762, "volume": 9.0}}}
{"timestamp": "2025-12-02T08:51:01.610678+00:00", "level": "WARNING", "module": "logger", "funcName": "_log", "lineno": 188, "event_type": "streaming_indicator_engine.data_anomalies_detected", "data": {"symbol": "ARIA_USDT", "timestamp": 1762076685.309999, "anomalies": ["stale_timestamp: 1762076685.309999 vs 1764665461.610069"], "data_sample": {"price": 0.16732, "volume": 9.0}}}
      Status: running, Ticks: 0, Signals: 0
{"timestamp": "2025-12-02T08:51:01.625227+00:00", "level": "WARNING", "module": "logger", "funcName": "_log", "lineno": 188, "event_type": "streaming_indicator_engine.data_anomalies_detected", "data": {"symbol": "ARIA_USDT", "timestamp": 1762076699.311, "anomalies": ["stale_timestamp: 1762076699.311 vs 1764665461.6252272"], "data_sample": {"price": 0.16737, "volume": 11.0}}}
{"timestamp": "2025-12-02T08:51:01.641746+00:00", "level": "WARNING", "module": "logger", "funcName": "_log", "lineno": 188, "event_type": "streaming_indicator_engine.data_anomalies_detected", "data": {"symbol": "ARIA_USDT", "timestamp": 1762076713.309999, "anomalies": ["stale_timestamp: 1762076713.309999 vs 1764665461.640733"], "data_sample": {"price": 0.16735, "volume": 4.0}}}
{"timestamp": "2025-12-02T08:51:01.656419+00:00", "level": "WARNING", "module": "logger", "funcName": "_log", "lineno": 188, "event_type": "streaming_indicator_engine.data_anomalies_detected", "data": {"symbol": "ARIA_USDT", "timestamp": 1762076728.311, "anomalies": ["stale_timestamp: 1762076728.311 vs 1764665461.6564195"], "data_sample": {"price": 0.16739, "volume": 9.0}}}
{"timestamp": "2025-12-02T08:51:01.672366+00:00", "level": "WARNING", "module": "logger", "funcName": "_log", "lineno": 188, "event_type": "streaming_indicator_engine.data_anomalies_detected", "data": {"symbol": "ARIA_USDT", "timestamp": 1762076734.308999, "anomalies": ["stale_timestamp: 1762076734.308999 vs 1764665461.6723666"], "data_sample": {"price": 0.16744, "volume": 9.0}}}
{"timestamp": "2025-12-02T08:51:01.688411+00:00", "level": "WARNING", "module": "logger", "funcName": "_log", "lineno": 188, "event_type": "streaming_indicator_engine.data_anomalies_detected", "data": {"symbol": "ARIA_USDT", "timestamp": 1762076750.309999, "anomalies": ["stale_timestamp: 1762076750.309999 vs 1764665461.6884112"], "data_sample": {"price": 0.16747, "volume": 10.0}}}
{"timestamp": "2025-12-02T08:51:01.703543+00:00", "level": "WARNING", "module": "logger", "funcName": "_log", "lineno": 188, "event_type": "streaming_indicator_engine.data_anomalies_detected", "data": {"symbol": "ARIA_USDT", "timestamp": 1762076759.311, "anomalies": ["stale_timestamp: 1762076759.311 vs 1764665461.703544"], "data_sample": {"price": 0.16746, "volume": 10.0}}}
{"timestamp": "2025-12-02T08:51:01.719375+00:00", "level": "WARNING", "module": "logger", "funcName": "_log", "lineno": 188, "event_type": "streaming_indicator_engine.data_anomalies_detected", "data": {"symbol": "ARIA_USDT", "timestamp": 1762076767.309999, "anomalies": ["stale_timestamp: 1762076767.309999 vs 1764665461.7193756"], "data_sample": {"price": 0.16742, "volume": 8.0}}}
{"timestamp": "2025-12-02T08:51:01.734958+00:00", "level": "WARNING", "module": "logger", "funcName": "_log", "lineno": 188, "event_type": "streaming_indicator_engine.data_anomalies_detected", "data": {"symbol": "ARIA_USDT", "timestamp": 1762076783.312, "anomalies": ["stale_timestamp: 1762076783.312 vs 1764665461.7349586"], "data_sample": {"price": 0.16745, "volume": 8.0}}}
{"timestamp": "2025-12-02T08:51:01.750341+00:00", "level": "WARNING", "module": "logger", "funcName": "_log", "lineno": 188, "event_type": "streaming_indicator_engine.data_anomalies_detected", "data": {"symbol": "ARIA_USDT", "timestamp": 1762076789.309999, "anomalies": ["stale_timestamp: 1762076789.309999 vs 1764665461.7503417"], "data_sample": {"price": 0.16755, "volume": 9.0}}}
{"timestamp": "2025-12-02T08:51:01.765131+00:00", "level": "WARNING", "module": "logger", "funcName": "_log", "lineno": 188, "event_type": "streaming_indicator_engine.data_anomalies_detected", "data": {"symbol": "ARIA_USDT", "timestamp": 1762076803.311, "anomalies": ["stale_timestamp: 1762076803.311 vs 1764665461.7651315"], "data_sample": {"price": 0.16758, "volume": 10.0}}}
{"timestamp": "2025-12-02T08:51:01.781171+00:00", "level": "WARNING", "module": "logger", "funcName": "_log", "lineno": 188, "event_type": "streaming_indicator_engine.data_anomalies_detected", "data": {"symbol": "ARIA_USDT", "timestamp": 1762076816.308999, "anomalies": ["stale_timestamp: 1762076816.308999 vs 1764665461.7811716"], "data_sample": {"price": 0.16762, "volume": 9.0}}}
{"timestamp": "2025-12-02T08:51:01.796332+00:00", "level": "WARNING", "module": "logger", "funcName": "_log", "lineno": 188, "event_type": "streaming_indicator_engine.data_anomalies_detected", "data": {"symbol": "ARIA_USDT", "timestamp": 1762076825.312999, "anomalies": ["stale_timestamp: 1762076825.312999 vs 1764665461.7963324"], "data_sample": {"price": 0.16751, "volume": 10.0}}}
{"timestamp": "2025-12-02T08:51:01.812775+00:00", "level": "WARNING", "module": "logger", "funcName": "_log", "lineno": 188, "event_type": "streaming_indicator_engine.data_anomalies_detected", "data": {"symbol": "ARIA_USDT", "timestamp": 1762076831.316999, "anomalies": ["stale_timestamp: 1762076831.316999 vs 1764665461.8114755"], "data_sample": {"price": 0.1674, "volume": 6.0}}}
{"timestamp": "2025-12-02T08:51:01.828243+00:00", "level": "WARNING", "module": "logger", "funcName": "_log", "lineno": 188, "event_type": "streaming_indicator_engine.data_anomalies_detected", "data": {"symbol": "ARIA_USDT", "timestamp": 1762076839.311, "anomalies": ["stale_timestamp: 1762076839.311 vs 1764665461.8272843"], "data_sample": {"price": 0.16741, "volume": 8.0}}}
{"timestamp": "2025-12-02T08:51:01.843301+00:00", "level": "WARNING", "module": "logger", "funcName": "_log", "lineno": 188, "event_type": "streaming_indicator_engine.data_anomalies_detected", "data": {"symbol": "ARIA_USDT", "timestamp": 1762076846.312, "anomalies": ["stale_timestamp: 1762076846.312 vs 1764665461.8433013"], "data_sample": {"price": 0.1674, "volume": 6.0}}}
{"timestamp": "2025-12-02T08:51:01.858045+00:00", "level": "WARNING", "module": "logger", "funcName": "_log", "lineno": 188, "event_type": "streaming_indicator_engine.data_anomalies_detected", "data": {"symbol": "ARIA_USDT", "timestamp": 1762076859.309999, "anomalies": ["stale_timestamp: 1762076859.309999 vs 1764665461.858045"], "data_sample": {"price": 0.16723, "volume": 5.0}}}
{"timestamp": "2025-12-02T08:51:01.874722+00:00", "level": "WARNING", "module": "logger", "funcName": "_log", "lineno": 188, "event_type": "streaming_indicator_engine.data_anomalies_detected", "data": {"symbol": "ARIA_USDT", "timestamp": 1762076870.309999, "anomalies": ["stale_timestamp: 1762076870.309999 vs 1764665461.8737092"], "data_sample": {"price": 0.16724, "volume": 9.0}}}
{"timestamp": "2025-12-02T08:51:01.889333+00:00", "level": "WARNING", "module": "logger", "funcName": "_log", "lineno": 188, "event_type": "streaming_indicator_engine.data_anomalies_detected", "data": {"symbol": "ARIA_USDT", "timestamp": 1762076878.309999, "anomalies": ["stale_timestamp: 1762076878.309999 vs 1764665461.8893335"], "data_sample": {"price": 0.16731, "volume": 4.0}}}
{"timestamp": "2025-12-02T08:51:01.904390+00:00", "level": "WARNING", "module": "logger", "funcName": "_log", "lineno": 188, "event_type": "streaming_indicator_engine.data_anomalies_detected", "data": {"symbol": "ARIA_USDT", "timestamp": 1762076892.311, "anomalies": ["stale_timestamp: 1762076892.311 vs 1764665461.9043908"], "data_sample": {"price": 0.16728, "volume": 9.0}}}
{"timestamp": "2025-12-02T08:51:01.935401+00:00", "level": "WARNING", "module": "logger", "funcName": "_log", "lineno": 188, "event_type": "streaming_indicator_engine.data_anomalies_detected", "data": {"symbol": "ARIA_USDT", "timestamp": 1762076900.309999, "anomalies": ["stale_timestamp: 1762076900.309999 vs 1764665461.9354017"], "data_sample": {"price": 0.16731, "volume": 7.0}}}
{"timestamp": "2025-12-02T08:51:01.951097+00:00", "level": "WARNING", "module": "logger", "funcName": "_log", "lineno": 188, "event_type": "streaming_indicator_engine.data_anomalies_detected", "data": {"symbol": "ARIA_USDT", "timestamp": 1762076915.308999, "anomalies": ["stale_timestamp: 1762076915.308999 vs 1764665461.951098"], "data_sample": {"price": 0.16729, "volume": 4.0}}}
{"timestamp": "2025-12-02T08:51:01.966717+00:00", "level": "WARNING", "module": "logger", "funcName": "_log", "lineno": 188, "event_type": "streaming_indicator_engine.data_anomalies_detected", "data": {"symbol": "ARIA_USDT", "timestamp": 1762076929.309999, "anomalies": ["stale_timestamp: 1762076929.309999 vs 1764665461.9667175"], "data_sample": {"price": 0.16725, "volume": 11.0}}}
{"timestamp": "2025-12-02T08:51:01.983380+00:00", "level": "WARNING", "module": "logger", "funcName": "_log", "lineno": 188, "event_type": "streaming_indicator_engine.data_anomalies_detected", "data": {"symbol": "ARIA_USDT", "timestamp": 1762076940.312999, "anomalies": ["stale_timestamp: 1762076940.312999 vs 1764665461.9823778"], "data_sample": {"price": 0.16733, "volume": 8.0}}}
{"timestamp": "2025-12-02T08:51:01.997132+00:00", "level": "WARNING", "module": "logger", "funcName": "_log", "lineno": 188, "event_type": "streaming_indicator_engine.data_anomalies_detected", "data": {"symbol": "ARIA_USDT", "timestamp": 1762076949.324999, "anomalies": ["stale_timestamp: 1762076949.324999 vs 1764665461.997132"], "data_sample": {"price": 0.1673, "volume": 8.0}}}
{"timestamp": "2025-12-02T08:51:02.012575+00:00", "level": "WARNING", "module": "logger", "funcName": "_log", "lineno": 188, "event_type": "streaming_indicator_engine.data_anomalies_detected", "data": {"symbol": "ARIA_USDT", "timestamp": 1762076965.316, "anomalies": ["stale_timestamp: 1762076965.316 vs 1764665462.0125751"], "data_sample": {"price": 0.16729, "volume": 4.0}}}
{"timestamp": "2025-12-02T08:51:02.027851+00:00", "level": "WARNING", "module": "logger", "funcName": "_log", "lineno": 188, "event_type": "streaming_indicator_engine.data_anomalies_detected", "data": {"symbol": "ARIA_USDT", "timestamp": 1762076978.312, "anomalies": ["stale_timestamp: 1762076978.312 vs 1764665462.027851"], "data_sample": {"price": 0.1673, "volume": 9.0}}}
{"timestamp": "2025-12-02T08:51:02.043583+00:00", "level": "WARNING", "module": "logger", "funcName": "_log", "lineno": 188, "event_type": "streaming_indicator_engine.data_anomalies_detected", "data": {"symbol": "ARIA_USDT", "timestamp": 1762076990.315, "anomalies": ["stale_timestamp: 1762076990.315 vs 1764665462.0435836"], "data_sample": {"price": 0.16733, "volume": 10.0}}}
{"timestamp": "2025-12-02T08:51:02.059485+00:00", "level": "WARNING", "module": "logger", "funcName": "_log", "lineno": 188, "event_type": "streaming_indicator_engine.data_anomalies_detected", "data": {"symbol": "ARIA_USDT", "timestamp": 1762076997.315, "anomalies": ["stale_timestamp: 1762076997.315 vs 1764665462.0594852"], "data_sample": {"price": 0.16726, "volume": 12.0}}}
{"timestamp": "2025-12-02T08:51:02.063512+00:00", "level": "WARNING", "module": "logger", "funcName": "_log", "lineno": 188, "event_type": "streaming_indicator_engine.data_anomalies_detected", "data": {"symbol": "ARIA_USDT", "timestamp": 1762077007.309999, "anomalies": ["stale_timestamp: 1762077007.309999 vs 1764665462.0635128"], "data_sample": {"price": 0.16719, "volume": 4.0}}}
{"timestamp": "2025-12-02T08:51:02.064509+00:00", "level": "WARNING", "module": "logger", "funcName": "_log", "lineno": 188, "event_type": "streaming_indicator_engine.data_anomalies_detected", "data": {"symbol": "ARIA_USDT", "timestamp": 1762077018.309999, "anomalies": ["stale_timestamp: 1762077018.309999 vs 1764665462.0645094"], "data_sample": {"price": 0.16722, "volume": 8.0}}}
{"timestamp": "2025-12-02T08:51:02.092166+00:00", "level": "WARNING", "module": "logger", "funcName": "_log", "lineno": 188, "event_type": "streaming_indicator_engine.data_anomalies_detected", "data": {"symbol": "ARIA_USDT", "timestamp": 1762077025.309999, "anomalies": ["stale_timestamp: 1762077025.309999 vs 1764665462.0921662"], "data_sample": {"price": 0.16726, "volume": 5.0}}}
{"timestamp": "2025-12-02T08:51:02.106705+00:00", "level": "WARNING", "module": "logger", "funcName": "_log", "lineno": 188, "event_type": "streaming_indicator_engine.data_anomalies_detected", "data": {"symbol": "ARIA_USDT", "timestamp": 1762077033.311, "anomalies": ["stale_timestamp: 1762077033.311 vs 1764665462.1067052"], "data_sample": {"price": 0.16725, "volume": 4.0}}}
{"timestamp": "2025-12-02T08:51:02.122342+00:00", "level": "WARNING", "module": "logger", "funcName": "_log", "lineno": 188, "event_type": "streaming_indicator_engine.data_anomalies_detected", "data": {"symbol": "ARIA_USDT", "timestamp": 1762077042.309999, "anomalies": ["stale_timestamp: 1762077042.309999 vs 1764665462.1223423"], "data_sample": {"price": 0.16724, "volume": 4.0}}}
{"timestamp": "2025-12-02T08:51:02.137784+00:00", "level": "WARNING", "module": "logger", "funcName": "_log", "lineno": 188, "event_type": "streaming_indicator_engine.data_anomalies_detected", "data": {"symbol": "ARIA_USDT", "timestamp": 1762077051.309999, "anomalies": ["stale_timestamp: 1762077051.309999 vs 1764665462.137784"], "data_sample": {"price": 0.16725, "volume": 4.0}}}
{"timestamp": "2025-12-02T08:51:02.153531+00:00", "level": "WARNING", "module": "logger", "funcName": "_log", "lineno": 188, "event_type": "streaming_indicator_engine.data_anomalies_detected", "data": {"symbol": "ARIA_USDT", "timestamp": 1762077057.312999, "anomalies": ["stale_timestamp: 1762077057.312999 vs 1764665462.1535308"], "data_sample": {"price": 0.16726, "volume": 3.0}}}
{"timestamp": "2025-12-02T08:51:02.170207+00:00", "level": "WARNING", "module": "logger", "funcName": "_log", "lineno": 188, "event_type": "streaming_indicator_engine.data_anomalies_detected", "data": {"symbol": "ARIA_USDT", "timestamp": 1762077067.316999, "anomalies": ["stale_timestamp: 1762077067.316999 vs 1764665462.1702075"], "data_sample": {"price": 0.16725, "volume": 8.0}}}
{"timestamp": "2025-12-02T08:51:02.184453+00:00", "level": "WARNING", "module": "logger", "funcName": "_log", "lineno": 188, "event_type": "streaming_indicator_engine.data_anomalies_detected", "data": {"symbol": "ARIA_USDT", "timestamp": 1762077081.308, "anomalies": ["stale_timestamp: 1762077081.308 vs 1764665462.1844535"], "data_sample": {"price": 0.16714, "volume": 6.0}}}
{"timestamp": "2025-12-02T08:51:02.200156+00:00", "level": "WARNING", "module": "logger", "funcName": "_log", "lineno": 188, "event_type": "streaming_indicator_engine.data_anomalies_detected", "data": {"symbol": "ARIA_USDT", "timestamp": 1762077089.311, "anomalies": ["stale_timestamp: 1762077089.311 vs 1764665462.199644"], "data_sample": {"price": 0.16711, "volume": 4.0}}}
{"timestamp": "2025-12-02T08:51:02.214811+00:00", "level": "WARNING", "module": "logger", "funcName": "_log", "lineno": 188, "event_type": "streaming_indicator_engine.data_anomalies_detected", "data": {"symbol": "ARIA_USDT", "timestamp": 1762077098.311, "anomalies": ["stale_timestamp: 1762077098.311 vs 1764665462.2148113"], "data_sample": {"price": 0.16702, "volume": 4.0}}}
{"timestamp": "2025-12-02T08:51:02.215812+00:00", "level": "INFO", "module": "logger", "funcName": "_log", "lineno": 188, "event_type": "strategy_manager.indicator_update_received", "data": {"symbol": "ARIA_USDT", "indicator_name": "611fad91-045d-408b-8822-f43428935033_20", "indicator_type": "", "value": -0.00205283096926573, "active_strategies_for_symbol": true, "active_count": 3}}
{"timestamp": "2025-12-02T08:51:02.216813+00:00", "level": "WARNING", "module": "logger", "funcName": "_log", "lineno": 188, "event_type": "streaming_indicator_engine.data_anomalies_detected", "data": {"symbol": "ARIA_USDT", "timestamp": 1762077107.335, "anomalies": ["stale_timestamp: 1762077107.335 vs 1764665462.216813"], "data_sample": {"price": 0.167, "volume": 26.0}}}
{"timestamp": "2025-12-02T08:51:02.217811+00:00", "level": "WARNING", "module": "logger", "funcName": "_log", "lineno": 188, "event_type": "streaming_indicator_engine.data_anomalies_detected", "data": {"symbol": "ARIA_USDT", "timestamp": 1762077121.309999, "anomalies": ["stale_timestamp: 1762077121.309999 vs 1764665462.2178118"], "data_sample": {"price": 0.16704, "volume": 8.0}}}
{"timestamp": "2025-12-02T08:51:02.217811+00:00", "level": "WARNING", "module": "logger", "funcName": "_log", "lineno": 188, "event_type": "streaming_indicator_engine.data_anomalies_detected", "data": {"symbol": "ARIA_USDT", "timestamp": 1762077123.420999, "anomalies": ["stale_timestamp: 1762077123.420999 vs 1764665462.2178118"], "data_sample": {"price": 0.167, "volume": 59.0}}}
{"timestamp": "2025-12-02T08:51:02.220359+00:00", "level": "WARNING", "module": "logger", "funcName": "_log", "lineno": 188, "event_type": "streaming_indicator_engine.data_anomalies_detected", "data": {"symbol": "ARIA_USDT", "timestamp": 1762077139.311, "anomalies": ["stale_timestamp: 1762077139.311 vs 1764665462.219319"], "data_sample": {"price": 0.16703, "volume": 5.0}}}
{"timestamp": "2025-12-02T08:51:02.220359+00:00", "level": "WARNING", "module": "logger", "funcName": "_log", "lineno": 188, "event_type": "streaming_indicator_engine.data_anomalies_detected", "data": {"symbol": "ARIA_USDT", "timestamp": 1762077152.308999, "anomalies": ["stale_timestamp: 1762077152.308999 vs 1764665462.2203593"], "data_sample": {"price": 0.16708, "volume": 9.0}}}
{"timestamp": "2025-12-02T08:51:02.221359+00:00", "level": "INFO", "module": "logger", "funcName": "_log", "lineno": 188, "event_type": "strategy_manager.indicator_update_received", "data": {"symbol": "ARIA_USDT", "indicator_name": "611fad91-045d-408b-8822-f43428935033_20", "indicator_type": "", "value": -0.00205283096926573, "active_strategies_for_symbol": true, "active_count": 3}}
{"timestamp": "2025-12-02T08:51:02.222359+00:00", "level": "WARNING", "module": "logger", "funcName": "_log", "lineno": 188, "event_type": "streaming_indicator_engine.data_anomalies_detected", "data": {"symbol": "ARIA_USDT", "timestamp": 1762077163.309999, "anomalies": ["stale_timestamp: 1762077163.309999 vs 1764665462.22236"], "data_sample": {"price": 0.16713, "volume": 11.0}}}
{"timestamp": "2025-12-02T08:51:02.222359+00:00", "level": "WARNING", "module": "logger", "funcName": "_log", "lineno": 188, "event_type": "streaming_indicator_engine.data_anomalies_detected", "data": {"symbol": "ARIA_USDT", "timestamp": 1762077172.309999, "anomalies": ["stale_timestamp: 1762077172.309999 vs 1764665462.22236"], "data_sample": {"price": 0.16706, "volume": 12.0}}}
{"timestamp": "2025-12-02T08:51:02.223358+00:00", "level": "WARNING", "module": "logger", "funcName": "_log", "lineno": 188, "event_type": "streaming_indicator_engine.data_anomalies_detected", "data": {"symbol": "ARIA_USDT", "timestamp": 1762077187.312999, "anomalies": ["stale_timestamp: 1762077187.312999 vs 1764665462.2233582"], "data_sample": {"price": 0.16705, "volume": 4.0}}}
{"timestamp": "2025-12-02T08:51:02.225393+00:00", "level": "WARNING", "module": "logger", "funcName": "_log", "lineno": 188, "event_type": "streaming_indicator_engine.data_anomalies_detected", "data": {"symbol": "ARIA_USDT", "timestamp": 1762077203.309999, "anomalies": ["stale_timestamp: 1762077203.309999 vs 1764665462.2253933"], "data_sample": {"price": 0.16703, "volume": 6.0}}}
{"timestamp": "2025-12-02T08:51:02.226390+00:00", "level": "WARNING", "module": "logger", "funcName": "_log", "lineno": 188, "event_type": "streaming_indicator_engine.data_anomalies_detected", "data": {"symbol": "ARIA_USDT", "timestamp": 1762077211.312, "anomalies": ["stale_timestamp: 1762077211.312 vs 1764665462.2263906"], "data_sample": {"price": 0.16707, "volume": 9.0}}}
{"timestamp": "2025-12-02T08:51:02.227383+00:00", "level": "WARNING", "module": "logger", "funcName": "_log", "lineno": 188, "event_type": "streaming_indicator_engine.data_anomalies_detected", "data": {"symbol": "ARIA_USDT", "timestamp": 1762077227.312999, "anomalies": ["stale_timestamp: 1762077227.312999 vs 1764665462.2273839"], "data_sample": {"price": 0.16704, "volume": 4.0}}}
{"timestamp": "2025-12-02T08:51:02.228384+00:00", "level": "INFO", "module": "logger", "funcName": "_log", "lineno": 188, "event_type": "strategy_manager.indicator_update_received", "data": {"symbol": "ARIA_USDT", "indicator_name": "5fc82998-9270-4b44-8312-f74ddd20a93d_20", "indicator_type": "", "value": -68.74443746950254, "active_strategies_for_symbol": true, "active_count": 3}}
{"timestamp": "2025-12-02T08:51:02.229379+00:00", "level": "WARNING", "module": "logger", "funcName": "_log", "lineno": 188, "event_type": "streaming_indicator_engine.data_anomalies_detected", "data": {"symbol": "ARIA_USDT", "timestamp": 1762077234.308999, "anomalies": ["stale_timestamp: 1762077234.308999 vs 1764665462.2293792"], "data_sample": {"price": 0.16708, "volume": 8.0}}}
{"timestamp": "2025-12-02T08:51:02.230639+00:00", "level": "WARNING", "module": "logger", "funcName": "_log", "lineno": 188, "event_type": "streaming_indicator_engine.data_anomalies_detected", "data": {"symbol": "ARIA_USDT", "timestamp": 1762077247.312999, "anomalies": ["stale_timestamp: 1762077247.312999 vs 1764665462.23064"], "data_sample": {"price": 0.16705, "volume": 7.0}}}
{"timestamp": "2025-12-02T08:51:02.230639+00:00", "level": "WARNING", "module": "logger", "funcName": "_log", "lineno": 188, "event_type": "streaming_indicator_engine.data_anomalies_detected", "data": {"symbol": "ARIA_USDT", "timestamp": 1762077263.309999, "anomalies": ["stale_timestamp: 1762077263.309999 vs 1764665462.23064"], "data_sample": {"price": 0.16704, "volume": 7.0}}}
{"timestamp": "2025-12-02T08:51:02.231640+00:00", "level": "WARNING", "module": "logger", "funcName": "_log", "lineno": 188, "event_type": "streaming_indicator_engine.data_anomalies_detected", "data": {"symbol": "ARIA_USDT", "timestamp": 1762077274.309999, "anomalies": ["stale_timestamp: 1762077274.309999 vs 1764665462.23164"], "data_sample": {"price": 0.16709, "volume": 4.0}}}
{"timestamp": "2025-12-02T08:51:02.231640+00:00", "level": "WARNING", "module": "logger", "funcName": "_log", "lineno": 188, "event_type": "streaming_indicator_engine.data_anomalies_detected", "data": {"symbol": "ARIA_USDT", "timestamp": 1762077281.311, "anomalies": ["stale_timestamp: 1762077281.311 vs 1764665462.23164"], "data_sample": {"price": 0.16713, "volume": 12.0}}}
{"timestamp": "2025-12-02T08:51:02.232642+00:00", "level": "WARNING", "module": "logger", "funcName": "_log", "lineno": 188, "event_type": "streaming_indicator_engine.data_anomalies_detected", "data": {"symbol": "ARIA_USDT", "timestamp": 1762077290.312, "anomalies": ["stale_timestamp: 1762077290.312 vs 1764665462.232643"], "data_sample": {"price": 0.16709, "volume": 8.0}}}
{"timestamp": "2025-12-02T08:51:02.232642+00:00", "level": "INFO", "module": "logger", "funcName": "_log", "lineno": 188, "event_type": "strategy_manager.indicator_update_received", "data": {"symbol": "ARIA_USDT", "indicator_name": "5fc82998-9270-4b44-8312-f74ddd20a93d_20", "indicator_type": "", "value": -68.74443746950254, "active_strategies_for_symbol": true, "active_count": 3}}
{"timestamp": "2025-12-02T08:51:02.233643+00:00", "level": "WARNING", "module": "logger", "funcName": "_log", "lineno": 188, "event_type": "streaming_indicator_engine.data_anomalies_detected", "data": {"symbol": "ARIA_USDT", "timestamp": 1762077299.312, "anomalies": ["stale_timestamp: 1762077299.312 vs 1764665462.232643"], "data_sample": {"price": 0.16706, "volume": 8.0}}}
{"timestamp": "2025-12-02T08:51:02.233643+00:00", "level": "WARNING", "module": "logger", "funcName": "_log", "lineno": 188, "event_type": "streaming_indicator_engine.data_anomalies_detected", "data": {"symbol": "ARIA_USDT", "timestamp": 1762077309.309999, "anomalies": ["stale_timestamp: 1762077309.309999 vs 1764665462.233643"], "data_sample": {"price": 0.16705, "volume": 6.0}}}
{"timestamp": "2025-12-02T08:51:02.234643+00:00", "level": "WARNING", "module": "logger", "funcName": "_log", "lineno": 188, "event_type": "streaming_indicator_engine.data_anomalies_detected", "data": {"symbol": "ARIA_USDT", "timestamp": 1762077318.312, "anomalies": ["stale_timestamp: 1762077318.312 vs 1764665462.234643"], "data_sample": {"price": 0.16706, "volume": 9.0}}}
{"timestamp": "2025-12-02T08:51:02.282381+00:00", "level": "WARNING", "module": "logger", "funcName": "_log", "lineno": 188, "event_type": "streaming_indicator_engine.data_anomalies_detected", "data": {"symbol": "ARIA_USDT", "timestamp": 1762077324.309999, "anomalies": ["stale_timestamp: 1762077324.309999 vs 1764665462.234643"], "data_sample": {"price": 0.1671, "volume": 5.0}}}
{"timestamp": "2025-12-02T08:51:02.283379+00:00", "level": "WARNING", "module": "logger", "funcName": "_log", "lineno": 188, "event_type": "streaming_indicator_engine.data_anomalies_detected", "data": {"symbol": "ARIA_USDT", "timestamp": 1762077335.309999, "anomalies": ["stale_timestamp: 1762077335.309999 vs 1764665462.28338"], "data_sample": {"price": 0.16709, "volume": 4.0}}}
{"timestamp": "2025-12-02T08:51:02.284400+00:00", "level": "WARNING", "module": "logger", "funcName": "_log", "lineno": 188, "event_type": "streaming_indicator_engine.data_anomalies_detected", "data": {"symbol": "ARIA_USDT", "timestamp": 1762077351.309999, "anomalies": ["stale_timestamp: 1762077351.309999 vs 1764665462.2844005"], "data_sample": {"price": 0.1671, "volume": 3.0}}}
{"timestamp": "2025-12-02T08:51:02.285412+00:00", "level": "INFO", "module": "logger", "funcName": "_log", "lineno": 188, "event_type": "strategy_manager.indicator_update_received", "data": {"symbol": "ARIA_USDT", "indicator_name": "11b8be00-eed3-48fe-b359-df47b297226c_20", "indicator_type": "", "value": 0.0003740859211824653, "active_strategies_for_symbol": true, "active_count": 3}}
{"timestamp": "2025-12-02T08:51:02.286387+00:00", "level": "WARNING", "module": "logger", "funcName": "_log", "lineno": 188, "event_type": "streaming_indicator_engine.data_anomalies_detected", "data": {"symbol": "ARIA_USDT", "timestamp": 1762077362.309999, "anomalies": ["stale_timestamp: 1762077362.309999 vs 1764665462.286388"], "data_sample": {"price": 0.16716, "volume": 5.0}}}
{"timestamp": "2025-12-02T08:51:02.287385+00:00", "level": "WARNING", "module": "logger", "funcName": "_log", "lineno": 188, "event_type": "streaming_indicator_engine.data_anomalies_detected", "data": {"symbol": "ARIA_USDT", "timestamp": 1762077376.309999, "anomalies": ["stale_timestamp: 1762077376.309999 vs 1764665462.287386"], "data_sample": {"price": 0.16724, "volume": 11.0}}}
{"timestamp": "2025-12-02T08:51:02.287385+00:00", "level": "WARNING", "module": "logger", "funcName": "_log", "lineno": 188, "event_type": "streaming_indicator_engine.data_anomalies_detected", "data": {"symbol": "ARIA_USDT", "timestamp": 1762077387.309999, "anomalies": ["stale_timestamp: 1762077387.309999 vs 1764665462.287386"], "data_sample": {"price": 0.16726, "volume": 11.0}}}
{"timestamp": "2025-12-02T08:51:02.288385+00:00", "level": "WARNING", "module": "logger", "funcName": "_log", "lineno": 188, "event_type": "streaming_indicator_engine.data_anomalies_detected", "data": {"symbol": "ARIA_USDT", "timestamp": 1762077395.309999, "anomalies": ["stale_timestamp: 1762077395.309999 vs 1764665462.2883854"], "data_sample": {"price": 0.16728, "volume": 3.0}}}
{"timestamp": "2025-12-02T08:51:02.289383+00:00", "level": "WARNING", "module": "logger", "funcName": "_log", "lineno": 188, "event_type": "streaming_indicator_engine.data_anomalies_detected", "data": {"symbol": "ARIA_USDT", "timestamp": 1762077402.309999, "anomalies": ["stale_timestamp: 1762077402.309999 vs 1764665462.2893836"], "data_sample": {"price": 0.1673, "volume": 10.0}}}
{"timestamp": "2025-12-02T08:51:02.290499+00:00", "level": "WARNING", "module": "logger", "funcName": "_log", "lineno": 188, "event_type": "streaming_indicator_engine.data_anomalies_detected", "data": {"symbol": "ARIA_USDT", "timestamp": 1762077412.311, "anomalies": ["stale_timestamp: 1762077412.311 vs 1764665462.2904997"], "data_sample": {"price": 0.16729, "volume": 7.0}}}
{"timestamp": "2025-12-02T08:51:02.291509+00:00", "level": "INFO", "module": "logger", "funcName": "_log", "lineno": 188, "event_type": "strategy_manager.indicator_update_received", "data": {"symbol": "ARIA_USDT", "indicator_name": "11b8be00-eed3-48fe-b359-df47b297226c_20", "indicator_type": "", "value": 0.0003740859211824653, "active_strategies_for_symbol": true, "active_count": 3}}
{"timestamp": "2025-12-02T08:51:02.293524+00:00", "level": "WARNING", "module": "logger", "funcName": "_log", "lineno": 188, "event_type": "streaming_indicator_engine.data_anomalies_detected", "data": {"symbol": "ARIA_USDT", "timestamp": 1762077421.309999, "anomalies": ["stale_timestamp: 1762077421.309999 vs 1764665462.2935243"], "data_sample": {"price": 0.16727, "volume": 4.0}}}
{"timestamp": "2025-12-02T08:51:02.295522+00:00", "level": "INFO", "module": "logger", "funcName": "_log", "lineno": 188, "event_type": "strategy_manager.indicator_update_received", "data": {"symbol": "ARIA_USDT", "indicator_name": "790d8eed-dc95-43ff-b625-1205d256154b_20", "indicator_type": "", "value": 0.0013506874143189638, "active_strategies_for_symbol": true, "active_count": 3}}
{"timestamp": "2025-12-02T08:51:02.297517+00:00", "level": "INFO", "module": "logger", "funcName": "_log", "lineno": 188, "event_type": "strategy_manager.indicator_update_received", "data": {"symbol": "ARIA_USDT", "indicator_name": "790d8eed-dc95-43ff-b625-1205d256154b_20", "indicator_type": "", "value": 0.0013506874143189638, "active_strategies_for_symbol": true, "active_count": 3}}
{"timestamp": "2025-12-02T08:51:02.301079+00:00", "level": "WARNING", "module": "logger", "funcName": "_log", "lineno": 188, "event_type": "streaming_indicator_engine.data_anomalies_detected", "data": {"symbol": "ARIA_USDT", "timestamp": 1762076372.312999, "anomalies": ["stale_timestamp: 1762076372.312999 vs 1764665462.3010798"], "data_sample": {"price": 0.1671, "volume": 3.0}}}
{"timestamp": "2025-12-02T08:51:02.323650+00:00", "level": "WARNING", "module": "logger", "funcName": "_log", "lineno": 188, "event_type": "streaming_indicator_engine.data_anomalies_detected", "data": {"symbol": "ARIA_USDT", "timestamp": 1762076381.309999, "anomalies": ["stale_timestamp: 1762076381.309999 vs 1764665462.3236504"], "data_sample": {"price": 0.16715, "volume": 8.0}}}
{"timestamp": "2025-12-02T08:51:02.339209+00:00", "level": "WARNING", "module": "logger", "funcName": "_log", "lineno": 188, "event_type": "streaming_indicator_engine.data_anomalies_detected", "data": {"symbol": "ARIA_USDT", "timestamp": 1762076388.311, "anomalies": ["stale_timestamp: 1762076388.311 vs 1764665462.3392098"], "data_sample": {"price": 0.16714, "volume": 9.0}}}
{"timestamp": "2025-12-02T08:51:02.354782+00:00", "level": "WARNING", "module": "logger", "funcName": "_log", "lineno": 188, "event_type": "streaming_indicator_engine.data_anomalies_detected", "data": {"symbol": "ARIA_USDT", "timestamp": 1762076401.309999, "anomalies": ["stale_timestamp: 1762076401.309999 vs 1764665462.3547826"], "data_sample": {"price": 0.16717, "volume": 7.0}}}
{"timestamp": "2025-12-02T08:51:02.370326+00:00", "level": "WARNING", "module": "logger", "funcName": "_log", "lineno": 188, "event_type": "streaming_indicator_engine.data_anomalies_detected", "data": {"symbol": "ARIA_USDT", "timestamp": 1762076408.312, "anomalies": ["stale_timestamp: 1762076408.312 vs 1764665462.370326"], "data_sample": {"price": 0.16713, "volume": 3.0}}}
{"timestamp": "2025-12-02T08:51:02.385782+00:00", "level": "WARNING", "module": "logger", "funcName": "_log", "lineno": 188, "event_type": "streaming_indicator_engine.data_anomalies_detected", "data": {"symbol": "ARIA_USDT", "timestamp": 1762076417.311, "anomalies": ["stale_timestamp: 1762076417.311 vs 1764665462.385782"], "data_sample": {"price": 0.16708, "volume": 3.0}}}
{"timestamp": "2025-12-02T08:51:02.400850+00:00", "level": "WARNING", "module": "logger", "funcName": "_log", "lineno": 188, "event_type": "streaming_indicator_engine.data_anomalies_detected", "data": {"symbol": "ARIA_USDT", "timestamp": 1762076427.308999, "anomalies": ["stale_timestamp: 1762076427.308999 vs 1764665462.4008508"], "data_sample": {"price": 0.16707, "volume": 12.0}}}
{"timestamp": "2025-12-02T08:51:02.416868+00:00", "level": "WARNING", "module": "logger", "funcName": "_log", "lineno": 188, "event_type": "streaming_indicator_engine.data_anomalies_detected", "data": {"symbol": "ARIA_USDT", "timestamp": 1762076435.309999, "anomalies": ["stale_timestamp: 1762076435.309999 vs 1764665462.4168687"], "data_sample": {"price": 0.1671, "volume": 4.0}}}
{"timestamp": "2025-12-02T08:51:02.432205+00:00", "level": "WARNING", "module": "logger", "funcName": "_log", "lineno": 188, "event_type": "streaming_indicator_engine.data_anomalies_detected", "data": {"symbol": "ARIA_USDT", "timestamp": 1762076447.309999, "anomalies": ["stale_timestamp: 1762076447.309999 vs 1764665462.432206"], "data_sample": {"price": 0.16708, "volume": 9.0}}}
{"timestamp": "2025-12-02T08:51:02.447773+00:00", "level": "WARNING", "module": "logger", "funcName": "_log", "lineno": 188, "event_type": "streaming_indicator_engine.data_anomalies_detected", "data": {"symbol": "ARIA_USDT", "timestamp": 1762076462.309999, "anomalies": ["stale_timestamp: 1762076462.309999 vs 1764665462.4477735"], "data_sample": {"price": 0.16726, "volume": 10.0}}}
{"timestamp": "2025-12-02T08:51:02.463074+00:00", "level": "WARNING", "module": "logger", "funcName": "_log", "lineno": 188, "event_type": "streaming_indicator_engine.data_anomalies_detected", "data": {"symbol": "ARIA_USDT", "timestamp": 1762076476.308999, "anomalies": ["stale_timestamp: 1762076476.308999 vs 1764665462.463075"], "data_sample": {"price": 0.16745, "volume": 9.0}}}
{"timestamp": "2025-12-02T08:51:02.477916+00:00", "level": "WARNING", "module": "logger", "funcName": "_log", "lineno": 188, "event_type": "streaming_indicator_engine.data_anomalies_detected", "data": {"symbol": "ARIA_USDT", "timestamp": 1762076490.311, "anomalies": ["stale_timestamp: 1762076490.311 vs 1764665462.4779167"], "data_sample": {"price": 0.16766, "volume": 7.0}}}
{"timestamp": "2025-12-02T08:51:02.493407+00:00", "level": "WARNING", "module": "logger", "funcName": "_log", "lineno": 188, "event_type": "streaming_indicator_engine.data_anomalies_detected", "data": {"symbol": "ARIA_USDT", "timestamp": 1762076501.311, "anomalies": ["stale_timestamp: 1762076501.311 vs 1764665462.493408"], "data_sample": {"price": 0.16763, "volume": 5.0}}}
{"timestamp": "2025-12-02T08:51:02.509802+00:00", "level": "WARNING", "module": "logger", "funcName": "_log", "lineno": 188, "event_type": "streaming_indicator_engine.data_anomalies_detected", "data": {"symbol": "ARIA_USDT", "timestamp": 1762076514.408999, "anomalies": ["stale_timestamp: 1762076514.408999 vs 1764665462.5092978"], "data_sample": {"price": 0.16766, "volume": 10.0}}}
{"timestamp": "2025-12-02T08:51:02.526514+00:00", "level": "WARNING", "module": "logger", "funcName": "_log", "lineno": 188, "event_type": "streaming_indicator_engine.data_anomalies_detected", "data": {"symbol": "ARIA_USDT", "timestamp": 1762076520.311, "anomalies": ["stale_timestamp: 1762076520.311 vs 1764665462.5265145"], "data_sample": {"price": 0.1677, "volume": 9.0}}}
{"timestamp": "2025-12-02T08:51:02.542203+00:00", "level": "WARNING", "module": "logger", "funcName": "_log", "lineno": 188, "event_type": "streaming_indicator_engine.data_anomalies_detected", "data": {"symbol": "ARIA_USDT", "timestamp": 1762076531.311, "anomalies": ["stale_timestamp: 1762076531.311 vs 1764665462.5422034"], "data_sample": {"price": 0.16778, "volume": 10.0}}}
{"timestamp": "2025-12-02T08:51:02.556906+00:00", "level": "WARNING", "module": "logger", "funcName": "_log", "lineno": 188, "event_type": "streaming_indicator_engine.data_anomalies_detected", "data": {"symbol": "ARIA_USDT", "timestamp": 1762076537.311, "anomalies": ["stale_timestamp: 1762076537.311 vs 1764665462.5569067"], "data_sample": {"price": 0.16777, "volume": 10.0}}}
{"timestamp": "2025-12-02T08:51:02.571994+00:00", "level": "WARNING", "module": "logger", "funcName": "_log", "lineno": 188, "event_type": "streaming_indicator_engine.data_anomalies_detected", "data": {"symbol": "ARIA_USDT", "timestamp": 1762076543.312, "anomalies": ["stale_timestamp: 1762076543.312 vs 1764665462.5719945"], "data_sample": {"price": 0.16765, "volume": 8.0}}}
{"timestamp": "2025-12-02T08:51:02.587340+00:00", "level": "WARNING", "module": "logger", "funcName": "_log", "lineno": 188, "event_type": "streaming_indicator_engine.data_anomalies_detected", "data": {"symbol": "ARIA_USDT", "timestamp": 1762076551.311, "anomalies": ["stale_timestamp: 1762076551.311 vs 1764665462.58734"], "data_sample": {"price": 0.16776, "volume": 7.0}}}
{"timestamp": "2025-12-02T08:51:02.601981+00:00", "level": "WARNING", "module": "logger", "funcName": "_log", "lineno": 188, "event_type": "streaming_indicator_engine.data_anomalies_detected", "data": {"symbol": "ARIA_USDT", "timestamp": 1762076567.313999, "anomalies": ["stale_timestamp: 1762076567.313999 vs 1764665462.6019812"], "data_sample": {"price": 0.16779, "volume": 4.0}}}
{"timestamp": "2025-12-02T08:51:02.602989+00:00", "level": "WARNING", "module": "logger", "funcName": "_log", "lineno": 188, "event_type": "streaming_indicator_engine.data_anomalies_detected", "data": {"symbol": "ARIA_USDT", "timestamp": 1762076582.312999, "anomalies": ["stale_timestamp: 1762076582.312999 vs 1764665462.60299"], "data_sample": {"price": 0.16774, "volume": 4.0}}}
{"timestamp": "2025-12-02T08:51:02.615529+00:00", "level": "WARNING", "module": "logger", "funcName": "_log", "lineno": 188, "event_type": "streaming_indicator_engine.data_anomalies_detected", "data": {"symbol": "ARIA_USDT", "timestamp": 1762076595.309999, "anomalies": ["stale_timestamp: 1762076595.309999 vs 1764665462.6155295"], "data_sample": {"price": 0.16776, "volume": 10.0}}}
{"timestamp": "2025-12-02T08:51:02.635186+00:00", "level": "WARNING", "module": "logger", "funcName": "_log", "lineno": 188, "event_type": "streaming_indicator_engine.data_anomalies_detected", "data": {"symbol": "ARIA_USDT", "timestamp": 1762076606.309999, "anomalies": ["stale_timestamp: 1762076606.309999 vs 1764665462.6351867"], "data_sample": {"price": 0.16772, "volume": 9.0}}}
{"timestamp": "2025-12-02T08:51:02.651618+00:00", "level": "WARNING", "module": "logger", "funcName": "_log", "lineno": 188, "event_type": "streaming_indicator_engine.data_anomalies_detected", "data": {"symbol": "ARIA_USDT", "timestamp": 1762076620.309999, "anomalies": ["stale_timestamp: 1762076620.309999 vs 1764665462.6512692"], "data_sample": {"price": 0.16764, "volume": 5.0}}}
{"timestamp": "2025-12-02T08:51:02.666922+00:00", "level": "WARNING", "module": "logger", "funcName": "_log", "lineno": 188, "event_type": "streaming_indicator_engine.data_anomalies_detected", "data": {"symbol": "ARIA_USDT", "timestamp": 1762076628.311, "anomalies": ["stale_timestamp: 1762076628.311 vs 1764665462.6669226"], "data_sample": {"price": 0.16761, "volume": 7.0}}}
{"timestamp": "2025-12-02T08:51:02.681959+00:00", "level": "WARNING", "module": "logger", "funcName": "_log", "lineno": 188, "event_type": "streaming_indicator_engine.data_anomalies_detected", "data": {"symbol": "ARIA_USDT", "timestamp": 1762076638.312999, "anomalies": ["stale_timestamp: 1762076638.312999 vs 1764665462.6819592"], "data_sample": {"price": 0.16763, "volume": 10.0}}}
{"timestamp": "2025-12-02T08:51:02.697174+00:00", "level": "WARNING", "module": "logger", "funcName": "_log", "lineno": 188, "event_type": "streaming_indicator_engine.data_anomalies_detected", "data": {"symbol": "ARIA_USDT", "timestamp": 1762076647.309999, "anomalies": ["stale_timestamp: 1762076647.309999 vs 1764665462.6971745"], "data_sample": {"price": 0.16762, "volume": 4.0}}}
{"timestamp": "2025-12-02T08:51:02.712405+00:00", "level": "WARNING", "module": "logger", "funcName": "_log", "lineno": 188, "event_type": "streaming_indicator_engine.data_anomalies_detected", "data": {"symbol": "ARIA_USDT", "timestamp": 1762076653.309999, "anomalies": ["stale_timestamp: 1762076653.309999 vs 1764665462.7124054"], "data_sample": {"price": 0.16761, "volume": 9.0}}}
{"timestamp": "2025-12-02T08:51:02.727864+00:00", "level": "WARNING", "module": "logger", "funcName": "_log", "lineno": 188, "event_type": "streaming_indicator_engine.data_anomalies_detected", "data": {"symbol": "ARIA_USDT", "timestamp": 1762076666.309999, "anomalies": ["stale_timestamp: 1762076666.309999 vs 1764665462.7278645"], "data_sample": {"price": 0.16763, "volume": 9.0}}}
{"timestamp": "2025-12-02T08:51:02.743334+00:00", "level": "WARNING", "module": "logger", "funcName": "_log", "lineno": 188, "event_type": "streaming_indicator_engine.data_anomalies_detected", "data": {"symbol": "ARIA_USDT", "timestamp": 1762076672.308999, "anomalies": ["stale_timestamp: 1762076672.308999 vs 1764665462.7433343"], "data_sample": {"price": 0.16762, "volume": 9.0}}}
{"timestamp": "2025-12-02T08:51:02.759335+00:00", "level": "WARNING", "module": "logger", "funcName": "_log", "lineno": 188, "event_type": "streaming_indicator_engine.data_anomalies_detected", "data": {"symbol": "ARIA_USDT", "timestamp": 1762076685.309999, "anomalies": ["stale_timestamp: 1762076685.309999 vs 1764665462.7593355"], "data_sample": {"price": 0.16732, "volume": 9.0}}}
{"timestamp": "2025-12-02T08:51:02.775861+00:00", "level": "WARNING", "module": "logger", "funcName": "_log", "lineno": 188, "event_type": "streaming_indicator_engine.data_anomalies_detected", "data": {"symbol": "ARIA_USDT", "timestamp": 1762076699.311, "anomalies": ["stale_timestamp: 1762076699.311 vs 1764665462.775861"], "data_sample": {"price": 0.16737, "volume": 11.0}}}
{"timestamp": "2025-12-02T08:51:02.791618+00:00", "level": "WARNING", "module": "logger", "funcName": "_log", "lineno": 188, "event_type": "streaming_indicator_engine.data_anomalies_detected", "data": {"symbol": "ARIA_USDT", "timestamp": 1762076713.309999, "anomalies": ["stale_timestamp: 1762076713.309999 vs 1764665462.7906044"], "data_sample": {"price": 0.16735, "volume": 4.0}}}
{"timestamp": "2025-12-02T08:51:02.806486+00:00", "level": "WARNING", "module": "logger", "funcName": "_log", "lineno": 188, "event_type": "streaming_indicator_engine.data_anomalies_detected", "data": {"symbol": "ARIA_USDT", "timestamp": 1762076728.311, "anomalies": ["stale_timestamp: 1762076728.311 vs 1764665462.8064864"], "data_sample": {"price": 0.16739, "volume": 9.0}}}
{"timestamp": "2025-12-02T08:51:02.822030+00:00", "level": "WARNING", "module": "logger", "funcName": "_log", "lineno": 188, "event_type": "streaming_indicator_engine.data_anomalies_detected", "data": {"symbol": "ARIA_USDT", "timestamp": 1762076734.308999, "anomalies": ["stale_timestamp: 1762076734.308999 vs 1764665462.8220305"], "data_sample": {"price": 0.16744, "volume": 9.0}}}
{"timestamp": "2025-12-02T08:51:02.838066+00:00", "level": "WARNING", "module": "logger", "funcName": "_log", "lineno": 188, "event_type": "streaming_indicator_engine.data_anomalies_detected", "data": {"symbol": "ARIA_USDT", "timestamp": 1762076750.309999, "anomalies": ["stale_timestamp: 1762076750.309999 vs 1764665462.838066"], "data_sample": {"price": 0.16747, "volume": 10.0}}}
{"timestamp": "2025-12-02T08:51:02.853124+00:00", "level": "WARNING", "module": "logger", "funcName": "_log", "lineno": 188, "event_type": "streaming_indicator_engine.data_anomalies_detected", "data": {"symbol": "ARIA_USDT", "timestamp": 1762076759.311, "anomalies": ["stale_timestamp: 1762076759.311 vs 1764665462.8531241"], "data_sample": {"price": 0.16746, "volume": 10.0}}}
{"timestamp": "2025-12-02T08:51:02.869672+00:00", "level": "WARNING", "module": "logger", "funcName": "_log", "lineno": 188, "event_type": "streaming_indicator_engine.data_anomalies_detected", "data": {"symbol": "ARIA_USDT", "timestamp": 1762076767.309999, "anomalies": ["stale_timestamp: 1762076767.309999 vs 1764665462.869162"], "data_sample": {"price": 0.16742, "volume": 8.0}}}
{"timestamp": "2025-12-02T08:51:02.884755+00:00", "level": "WARNING", "module": "logger", "funcName": "_log", "lineno": 188, "event_type": "streaming_indicator_engine.data_anomalies_detected", "data": {"symbol": "ARIA_USDT", "timestamp": 1762076783.312, "anomalies": ["stale_timestamp: 1762076783.312 vs 1764665462.8847556"], "data_sample": {"price": 0.16745, "volume": 8.0}}}
{"timestamp": "2025-12-02T08:51:02.899817+00:00", "level": "WARNING", "module": "logger", "funcName": "_log", "lineno": 188, "event_type": "streaming_indicator_engine.data_anomalies_detected", "data": {"symbol": "ARIA_USDT", "timestamp": 1762076789.309999, "anomalies": ["stale_timestamp: 1762076789.309999 vs 1764665462.8998175"], "data_sample": {"price": 0.16755, "volume": 9.0}}}
{"timestamp": "2025-12-02T08:51:02.915149+00:00", "level": "WARNING", "module": "logger", "funcName": "_log", "lineno": 188, "event_type": "streaming_indicator_engine.data_anomalies_detected", "data": {"symbol": "ARIA_USDT", "timestamp": 1762076803.311, "anomalies": ["stale_timestamp: 1762076803.311 vs 1764665462.91515"], "data_sample": {"price": 0.16758, "volume": 10.0}}}
{"timestamp": "2025-12-02T08:51:02.930305+00:00", "level": "WARNING", "module": "logger", "funcName": "_log", "lineno": 188, "event_type": "streaming_indicator_engine.data_anomalies_detected", "data": {"symbol": "ARIA_USDT", "timestamp": 1762076816.308999, "anomalies": ["stale_timestamp: 1762076816.308999 vs 1764665462.9303057"], "data_sample": {"price": 0.16762, "volume": 9.0}}}
{"timestamp": "2025-12-02T08:51:02.945756+00:00", "level": "WARNING", "module": "logger", "funcName": "_log", "lineno": 188, "event_type": "streaming_indicator_engine.data_anomalies_detected", "data": {"symbol": "ARIA_USDT", "timestamp": 1762076825.312999, "anomalies": ["stale_timestamp: 1762076825.312999 vs 1764665462.9457564"], "data_sample": {"price": 0.16751, "volume": 10.0}}}
{"timestamp": "2025-12-02T08:51:02.961670+00:00", "level": "WARNING", "module": "logger", "funcName": "_log", "lineno": 188, "event_type": "streaming_indicator_engine.data_anomalies_detected", "data": {"symbol": "ARIA_USDT", "timestamp": 1762076831.316999, "anomalies": ["stale_timestamp: 1762076831.316999 vs 1764665462.9616702"], "data_sample": {"price": 0.1674, "volume": 6.0}}}
{"timestamp": "2025-12-02T08:51:02.976457+00:00", "level": "WARNING", "module": "logger", "funcName": "_log", "lineno": 188, "event_type": "streaming_indicator_engine.data_anomalies_detected", "data": {"symbol": "ARIA_USDT", "timestamp": 1762076839.311, "anomalies": ["stale_timestamp: 1762076839.311 vs 1764665462.976457"], "data_sample": {"price": 0.16741, "volume": 8.0}}}
{"timestamp": "2025-12-02T08:51:02.992263+00:00", "level": "WARNING", "module": "logger", "funcName": "_log", "lineno": 188, "event_type": "streaming_indicator_engine.data_anomalies_detected", "data": {"symbol": "ARIA_USDT", "timestamp": 1762076846.312, "anomalies": ["stale_timestamp: 1762076846.312 vs 1764665462.9922638"], "data_sample": {"price": 0.1674, "volume": 6.0}}}
{"timestamp": "2025-12-02T08:51:03.007114+00:00", "level": "WARNING", "module": "logger", "funcName": "_log", "lineno": 188, "event_type": "streaming_indicator_engine.data_anomalies_detected", "data": {"symbol": "ARIA_USDT", "timestamp": 1762076859.309999, "anomalies": ["stale_timestamp: 1762076859.309999 vs 1764665463.0066056"], "data_sample": {"price": 0.16723, "volume": 5.0}}}
{"timestamp": "2025-12-02T08:51:03.022633+00:00", "level": "WARNING", "module": "logger", "funcName": "_log", "lineno": 188, "event_type": "streaming_indicator_engine.data_anomalies_detected", "data": {"symbol": "ARIA_USDT", "timestamp": 1762076870.309999, "anomalies": ["stale_timestamp: 1762076870.309999 vs 1764665463.0226333"], "data_sample": {"price": 0.16724, "volume": 9.0}}}
{"timestamp": "2025-12-02T08:51:03.038427+00:00", "level": "WARNING", "module": "logger", "funcName": "_log", "lineno": 188, "event_type": "streaming_indicator_engine.data_anomalies_detected", "data": {"symbol": "ARIA_USDT", "timestamp": 1762076878.309999, "anomalies": ["stale_timestamp: 1762076878.309999 vs 1764665463.0384278"], "data_sample": {"price": 0.16731, "volume": 4.0}}}
{"timestamp": "2025-12-02T08:51:03.053916+00:00", "level": "WARNING", "module": "logger", "funcName": "_log", "lineno": 188, "event_type": "streaming_indicator_engine.data_anomalies_detected", "data": {"symbol": "ARIA_USDT", "timestamp": 1762076892.311, "anomalies": ["stale_timestamp: 1762076892.311 vs 1764665463.0539165"], "data_sample": {"price": 0.16728, "volume": 9.0}}}
{"timestamp": "2025-12-02T08:51:03.059349+00:00", "level": "WARNING", "module": "logger", "funcName": "_log", "lineno": 188, "event_type": "streaming_indicator_engine.data_anomalies_detected", "data": {"symbol": "ARIA_USDT", "timestamp": 1762076900.309999, "anomalies": ["stale_timestamp: 1762076900.309999 vs 1764665463.0593493"], "data_sample": {"price": 0.16731, "volume": 7.0}}}
{"timestamp": "2025-12-02T08:51:03.061164+00:00", "level": "WARNING", "module": "logger", "funcName": "_log", "lineno": 188, "event_type": "streaming_indicator_engine.data_anomalies_detected", "data": {"symbol": "ARIA_USDT", "timestamp": 1762076915.308999, "anomalies": ["stale_timestamp: 1762076915.308999 vs 1764665463.0611644"], "data_sample": {"price": 0.16729, "volume": 4.0}}}
{"timestamp": "2025-12-02T08:51:03.084741+00:00", "level": "WARNING", "module": "logger", "funcName": "_log", "lineno": 188, "event_type": "streaming_indicator_engine.data_anomalies_detected", "data": {"symbol": "ARIA_USDT", "timestamp": 1762076929.309999, "anomalies": ["stale_timestamp: 1762076929.309999 vs 1764665463.0847418"], "data_sample": {"price": 0.16725, "volume": 11.0}}}
{"timestamp": "2025-12-02T08:51:03.099702+00:00", "level": "WARNING", "module": "logger", "funcName": "_log", "lineno": 188, "event_type": "streaming_indicator_engine.data_anomalies_detected", "data": {"symbol": "ARIA_USDT", "timestamp": 1762076940.312999, "anomalies": ["stale_timestamp: 1762076940.312999 vs 1764665463.0997021"], "data_sample": {"price": 0.16733, "volume": 8.0}}}
{"timestamp": "2025-12-02T08:51:03.115414+00:00", "level": "WARNING", "module": "logger", "funcName": "_log", "lineno": 188, "event_type": "streaming_indicator_engine.data_anomalies_detected", "data": {"symbol": "ARIA_USDT", "timestamp": 1762076949.324999, "anomalies": ["stale_timestamp: 1762076949.324999 vs 1764665463.1154146"], "data_sample": {"price": 0.1673, "volume": 8.0}}}
{"timestamp": "2025-12-02T08:51:03.130900+00:00", "level": "WARNING", "module": "logger", "funcName": "_log", "lineno": 188, "event_type": "streaming_indicator_engine.data_anomalies_detected", "data": {"symbol": "ARIA_USDT", "timestamp": 1762076965.316, "anomalies": ["stale_timestamp: 1762076965.316 vs 1764665463.130901"], "data_sample": {"price": 0.16729, "volume": 4.0}}}
{"timestamp": "2025-12-02T08:51:03.146218+00:00", "level": "WARNING", "module": "logger", "funcName": "_log", "lineno": 188, "event_type": "streaming_indicator_engine.data_anomalies_detected", "data": {"symbol": "ARIA_USDT", "timestamp": 1762076978.312, "anomalies": ["stale_timestamp: 1762076978.312 vs 1764665463.1462183"], "data_sample": {"price": 0.1673, "volume": 9.0}}}
{"timestamp": "2025-12-02T08:51:03.161557+00:00", "level": "WARNING", "module": "logger", "funcName": "_log", "lineno": 188, "event_type": "streaming_indicator_engine.data_anomalies_detected", "data": {"symbol": "ARIA_USDT", "timestamp": 1762076990.315, "anomalies": ["stale_timestamp: 1762076990.315 vs 1764665463.1615574"], "data_sample": {"price": 0.16733, "volume": 10.0}}}
{"timestamp": "2025-12-02T08:51:03.177217+00:00", "level": "WARNING", "module": "logger", "funcName": "_log", "lineno": 188, "event_type": "streaming_indicator_engine.data_anomalies_detected", "data": {"symbol": "ARIA_USDT", "timestamp": 1762076997.315, "anomalies": ["stale_timestamp: 1762076997.315 vs 1764665463.1766996"], "data_sample": {"price": 0.16726, "volume": 12.0}}}
{"timestamp": "2025-12-02T08:51:03.192476+00:00", "level": "WARNING", "module": "logger", "funcName": "_log", "lineno": 188, "event_type": "streaming_indicator_engine.data_anomalies_detected", "data": {"symbol": "ARIA_USDT", "timestamp": 1762077007.309999, "anomalies": ["stale_timestamp: 1762077007.309999 vs 1764665463.1924767"], "data_sample": {"price": 0.16719, "volume": 4.0}}}
{"timestamp": "2025-12-02T08:51:03.213373+00:00", "level": "WARNING", "module": "logger", "funcName": "_log", "lineno": 188, "event_type": "streaming_indicator_engine.data_anomalies_detected", "data": {"symbol": "ARIA_USDT", "timestamp": 1762077018.309999, "anomalies": ["stale_timestamp: 1762077018.309999 vs 1764665463.2133732"], "data_sample": {"price": 0.16722, "volume": 8.0}}}
{"timestamp": "2025-12-02T08:51:03.239193+00:00", "level": "WARNING", "module": "logger", "funcName": "_log", "lineno": 188, "event_type": "streaming_indicator_engine.data_anomalies_detected", "data": {"symbol": "ARIA_USDT", "timestamp": 1762077025.309999, "anomalies": ["stale_timestamp: 1762077025.309999 vs 1764665463.2391932"], "data_sample": {"price": 0.16726, "volume": 5.0}}}
{"timestamp": "2025-12-02T08:51:03.257190+00:00", "level": "WARNING", "module": "logger", "funcName": "_log", "lineno": 188, "event_type": "streaming_indicator_engine.data_anomalies_detected", "data": {"symbol": "ARIA_USDT", "timestamp": 1762077033.311, "anomalies": ["stale_timestamp: 1762077033.311 vs 1764665463.25719"], "data_sample": {"price": 0.16725, "volume": 4.0}}}
{"timestamp": "2025-12-02T08:51:03.286945+00:00", "level": "WARNING", "module": "logger", "funcName": "_log", "lineno": 188, "event_type": "streaming_indicator_engine.data_anomalies_detected", "data": {"symbol": "ARIA_USDT", "timestamp": 1762077042.309999, "anomalies": ["stale_timestamp: 1762077042.309999 vs 1764665463.2859457"], "data_sample": {"price": 0.16724, "volume": 4.0}}}
{"timestamp": "2025-12-02T08:51:03.311788+00:00", "level": "WARNING", "module": "logger", "funcName": "_log", "lineno": 188, "event_type": "streaming_indicator_engine.data_anomalies_detected", "data": {"symbol": "ARIA_USDT", "timestamp": 1762077051.309999, "anomalies": ["stale_timestamp: 1762077051.309999 vs 1764665463.3117888"], "data_sample": {"price": 0.16725, "volume": 4.0}}}
{"timestamp": "2025-12-02T08:51:03.326616+00:00", "level": "WARNING", "module": "logger", "funcName": "_log", "lineno": 188, "event_type": "streaming_indicator_engine.data_anomalies_detected", "data": {"symbol": "ARIA_USDT", "timestamp": 1762077057.312999, "anomalies": ["stale_timestamp: 1762077057.312999 vs 1764665463.3266165"], "data_sample": {"price": 0.16726, "volume": 3.0}}}
{"timestamp": "2025-12-02T08:51:03.342583+00:00", "level": "WARNING", "module": "logger", "funcName": "_log", "lineno": 188, "event_type": "streaming_indicator_engine.data_anomalies_detected", "data": {"symbol": "ARIA_USDT", "timestamp": 1762077067.316999, "anomalies": ["stale_timestamp: 1762077067.316999 vs 1764665463.3425837"], "data_sample": {"price": 0.16725, "volume": 8.0}}}
{"timestamp": "2025-12-02T08:51:03.358585+00:00", "level": "WARNING", "module": "logger", "funcName": "_log", "lineno": 188, "event_type": "streaming_indicator_engine.data_anomalies_detected", "data": {"symbol": "ARIA_USDT", "timestamp": 1762077081.308, "anomalies": ["stale_timestamp: 1762077081.308 vs 1764665463.3585854"], "data_sample": {"price": 0.16714, "volume": 6.0}}}
{"timestamp": "2025-12-02T08:51:03.373351+00:00", "level": "WARNING", "module": "logger", "funcName": "_log", "lineno": 188, "event_type": "streaming_indicator_engine.data_anomalies_detected", "data": {"symbol": "ARIA_USDT", "timestamp": 1762077089.311, "anomalies": ["stale_timestamp: 1762077089.311 vs 1764665463.3733513"], "data_sample": {"price": 0.16711, "volume": 4.0}}}
{"timestamp": "2025-12-02T08:51:03.389384+00:00", "level": "WARNING", "module": "logger", "funcName": "_log", "lineno": 188, "event_type": "streaming_indicator_engine.data_anomalies_detected", "data": {"symbol": "ARIA_USDT", "timestamp": 1762077098.311, "anomalies": ["stale_timestamp: 1762077098.311 vs 1764665463.3893843"], "data_sample": {"price": 0.16702, "volume": 4.0}}}
{"timestamp": "2025-12-02T08:51:03.406359+00:00", "level": "WARNING", "module": "logger", "funcName": "_log", "lineno": 188, "event_type": "streaming_indicator_engine.data_anomalies_detected", "data": {"symbol": "ARIA_USDT", "timestamp": 1762077107.335, "anomalies": ["stale_timestamp: 1762077107.335 vs 1764665463.4063592"], "data_sample": {"price": 0.167, "volume": 26.0}}}
{"timestamp": "2025-12-02T08:51:03.435670+00:00", "level": "WARNING", "module": "logger", "funcName": "_log", "lineno": 188, "event_type": "streaming_indicator_engine.data_anomalies_detected", "data": {"symbol": "ARIA_USDT", "timestamp": 1762077121.309999, "anomalies": ["stale_timestamp: 1762077121.309999 vs 1764665463.4356709"], "data_sample": {"price": 0.16704, "volume": 8.0}}}
{"timestamp": "2025-12-02T08:51:03.450783+00:00", "level": "WARNING", "module": "logger", "funcName": "_log", "lineno": 188, "event_type": "streaming_indicator_engine.data_anomalies_detected", "data": {"symbol": "ARIA_USDT", "timestamp": 1762077123.420999, "anomalies": ["stale_timestamp: 1762077123.420999 vs 1764665463.4507833"], "data_sample": {"price": 0.167, "volume": 59.0}}}
{"timestamp": "2025-12-02T08:51:03.465422+00:00", "level": "WARNING", "module": "logger", "funcName": "_log", "lineno": 188, "event_type": "streaming_indicator_engine.data_anomalies_detected", "data": {"symbol": "ARIA_USDT", "timestamp": 1762077139.311, "anomalies": ["stale_timestamp: 1762077139.311 vs 1764665463.4654226"], "data_sample": {"price": 0.16703, "volume": 5.0}}}
{"timestamp": "2025-12-02T08:51:03.467421+00:00", "level": "INFO", "module": "logger", "funcName": "_log", "lineno": 188, "event_type": "strategy_manager.indicator_update_received", "data": {"symbol": "ARIA_USDT", "indicator_name": "611fad91-045d-408b-8822-f43428935033_20", "indicator_type": "", "value": -0.0013915154598500353, "active_strategies_for_symbol": true, "active_count": 3}}
{"timestamp": "2025-12-02T08:51:03.468423+00:00", "level": "WARNING", "module": "logger", "funcName": "_log", "lineno": 188, "event_type": "streaming_indicator_engine.data_anomalies_detected", "data": {"symbol": "ARIA_USDT", "timestamp": 1762077152.308999, "anomalies": ["stale_timestamp: 1762077152.308999 vs 1764665463.4684234"], "data_sample": {"price": 0.16708, "volume": 9.0}}}
{"timestamp": "2025-12-02T08:51:03.469434+00:00", "level": "WARNING", "module": "logger", "funcName": "_log", "lineno": 188, "event_type": "streaming_indicator_engine.data_anomalies_detected", "data": {"symbol": "ARIA_USDT", "timestamp": 1762077163.309999, "anomalies": ["stale_timestamp: 1762077163.309999 vs 1764665463.469435"], "data_sample": {"price": 0.16713, "volume": 11.0}}}
{"timestamp": "2025-12-02T08:51:03.469434+00:00", "level": "WARNING", "module": "logger", "funcName": "_log", "lineno": 188, "event_type": "streaming_indicator_engine.data_anomalies_detected", "data": {"symbol": "ARIA_USDT", "timestamp": 1762077172.309999, "anomalies": ["stale_timestamp: 1762077172.309999 vs 1764665463.469435"], "data_sample": {"price": 0.16706, "volume": 12.0}}}
{"timestamp": "2025-12-02T08:51:03.470930+00:00", "level": "WARNING", "module": "logger", "funcName": "_log", "lineno": 188, "event_type": "streaming_indicator_engine.data_anomalies_detected", "data": {"symbol": "ARIA_USDT", "timestamp": 1762077187.312999, "anomalies": ["stale_timestamp: 1762077187.312999 vs 1764665463.47093"], "data_sample": {"price": 0.16705, "volume": 4.0}}}
{"timestamp": "2025-12-02T08:51:03.471914+00:00", "level": "WARNING", "module": "logger", "funcName": "_log", "lineno": 188, "event_type": "streaming_indicator_engine.data_anomalies_detected", "data": {"symbol": "ARIA_USDT", "timestamp": 1762077203.309999, "anomalies": ["stale_timestamp: 1762077203.309999 vs 1764665463.4719145"], "data_sample": {"price": 0.16703, "volume": 6.0}}}
{"timestamp": "2025-12-02T08:51:03.471914+00:00", "level": "INFO", "module": "logger", "funcName": "_log", "lineno": 188, "event_type": "strategy_manager.indicator_update_received", "data": {"symbol": "ARIA_USDT", "indicator_name": "611fad91-045d-408b-8822-f43428935033_20", "indicator_type": "", "value": -0.0013915154598500353, "active_strategies_for_symbol": true, "active_count": 3}}
{"timestamp": "2025-12-02T08:51:03.472919+00:00", "level": "WARNING", "module": "logger", "funcName": "_log", "lineno": 188, "event_type": "streaming_indicator_engine.data_anomalies_detected", "data": {"symbol": "ARIA_USDT", "timestamp": 1762077211.312, "anomalies": ["stale_timestamp: 1762077211.312 vs 1764665463.4729197"], "data_sample": {"price": 0.16707, "volume": 9.0}}}
{"timestamp": "2025-12-02T08:51:03.473914+00:00", "level": "WARNING", "module": "logger", "funcName": "_log", "lineno": 188, "event_type": "streaming_indicator_engine.data_anomalies_detected", "data": {"symbol": "ARIA_USDT", "timestamp": 1762077227.312999, "anomalies": ["stale_timestamp: 1762077227.312999 vs 1764665463.4739146"], "data_sample": {"price": 0.16704, "volume": 4.0}}}
{"timestamp": "2025-12-02T08:51:03.474936+00:00", "level": "WARNING", "module": "logger", "funcName": "_log", "lineno": 188, "event_type": "streaming_indicator_engine.data_anomalies_detected", "data": {"symbol": "ARIA_USDT", "timestamp": 1762077234.308999, "anomalies": ["stale_timestamp: 1762077234.308999 vs 1764665463.4749362"], "data_sample": {"price": 0.16708, "volume": 8.0}}}
{"timestamp": "2025-12-02T08:51:03.475914+00:00", "level": "WARNING", "module": "logger", "funcName": "_log", "lineno": 188, "event_type": "streaming_indicator_engine.data_anomalies_detected", "data": {"symbol": "ARIA_USDT", "timestamp": 1762077247.312999, "anomalies": ["stale_timestamp: 1762077247.312999 vs 1764665463.4759147"], "data_sample": {"price": 0.16705, "volume": 7.0}}}
{"timestamp": "2025-12-02T08:51:03.476911+00:00", "level": "WARNING", "module": "logger", "funcName": "_log", "lineno": 188, "event_type": "streaming_indicator_engine.data_anomalies_detected", "data": {"symbol": "ARIA_USDT", "timestamp": 1762077263.309999, "anomalies": ["stale_timestamp: 1762077263.309999 vs 1764665463.4759147"], "data_sample": {"price": 0.16704, "volume": 7.0}}}
{"timestamp": "2025-12-02T08:51:03.476911+00:00", "level": "WARNING", "module": "logger", "funcName": "_log", "lineno": 188, "event_type": "streaming_indicator_engine.data_anomalies_detected", "data": {"symbol": "ARIA_USDT", "timestamp": 1762077274.309999, "anomalies": ["stale_timestamp: 1762077274.309999 vs 1764665463.4769113"], "data_sample": {"price": 0.16709, "volume": 4.0}}}
{"timestamp": "2025-12-02T08:51:03.479445+00:00", "level": "INFO", "module": "logger", "funcName": "_log", "lineno": 188, "event_type": "strategy_manager.indicator_update_received", "data": {"symbol": "ARIA_USDT", "indicator_name": "11b8be00-eed3-48fe-b359-df47b297226c_20", "indicator_type": "", "value": -0.0003941198891242384, "active_strategies_for_symbol": true, "active_count": 3}}
{"timestamp": "2025-12-02T08:51:03.480458+00:00", "level": "WARNING", "module": "logger", "funcName": "_log", "lineno": 188, "event_type": "streaming_indicator_engine.data_anomalies_detected", "data": {"symbol": "ARIA_USDT", "timestamp": 1762077281.311, "anomalies": ["stale_timestamp: 1762077281.311 vs 1764665463.480458"], "data_sample": {"price": 0.16713, "volume": 12.0}}}
{"timestamp": "2025-12-02T08:51:03.481458+00:00", "level": "WARNING", "module": "logger", "funcName": "_log", "lineno": 188, "event_type": "streaming_indicator_engine.data_anomalies_detected", "data": {"symbol": "ARIA_USDT", "timestamp": 1762077290.312, "anomalies": ["stale_timestamp: 1762077290.312 vs 1764665463.481459"], "data_sample": {"price": 0.16709, "volume": 8.0}}}
{"timestamp": "2025-12-02T08:51:03.482459+00:00", "level": "WARNING", "module": "logger", "funcName": "_log", "lineno": 188, "event_type": "streaming_indicator_engine.data_anomalies_detected", "data": {"symbol": "ARIA_USDT", "timestamp": 1762077299.312, "anomalies": ["stale_timestamp: 1762077299.312 vs 1764665463.482459"], "data_sample": {"price": 0.16706, "volume": 8.0}}}
{"timestamp": "2025-12-02T08:51:03.484463+00:00", "level": "WARNING", "module": "logger", "funcName": "_log", "lineno": 188, "event_type": "streaming_indicator_engine.data_anomalies_detected", "data": {"symbol": "ARIA_USDT", "timestamp": 1762077309.309999, "anomalies": ["stale_timestamp: 1762077309.309999 vs 1764665463.4834607"], "data_sample": {"price": 0.16705, "volume": 6.0}}}
{"timestamp": "2025-12-02T08:51:03.485460+00:00", "level": "WARNING", "module": "logger", "funcName": "_log", "lineno": 188, "event_type": "streaming_indicator_engine.data_anomalies_detected", "data": {"symbol": "ARIA_USDT", "timestamp": 1762077318.312, "anomalies": ["stale_timestamp: 1762077318.312 vs 1764665463.4854603"], "data_sample": {"price": 0.16706, "volume": 9.0}}}
{"timestamp": "2025-12-02T08:51:03.486460+00:00", "level": "WARNING", "module": "logger", "funcName": "_log", "lineno": 188, "event_type": "streaming_indicator_engine.data_anomalies_detected", "data": {"symbol": "ARIA_USDT", "timestamp": 1762077324.309999, "anomalies": ["stale_timestamp: 1762077324.309999 vs 1764665463.486461"], "data_sample": {"price": 0.1671, "volume": 5.0}}}
{"timestamp": "2025-12-02T08:51:03.487460+00:00", "level": "INFO", "module": "logger", "funcName": "_log", "lineno": 188, "event_type": "strategy_manager.indicator_update_received", "data": {"symbol": "ARIA_USDT", "indicator_name": "11b8be00-eed3-48fe-b359-df47b297226c_20", "indicator_type": "", "value": -0.0003941198891242384, "active_strategies_for_symbol": true, "active_count": 3}}
{"timestamp": "2025-12-02T08:51:03.489455+00:00", "level": "WARNING", "module": "logger", "funcName": "_log", "lineno": 188, "event_type": "streaming_indicator_engine.data_anomalies_detected", "data": {"symbol": "ARIA_USDT", "timestamp": 1762077335.309999, "anomalies": ["stale_timestamp: 1762077335.309999 vs 1764665463.4884539"], "data_sample": {"price": 0.16709, "volume": 4.0}}}
{"timestamp": "2025-12-02T08:51:03.491995+00:00", "level": "WARNING", "module": "logger", "funcName": "_log", "lineno": 188, "event_type": "streaming_indicator_engine.data_anomalies_detected", "data": {"symbol": "ARIA_USDT", "timestamp": 1762077351.309999, "anomalies": ["stale_timestamp: 1762077351.309999 vs 1764665463.4919958"], "data_sample": {"price": 0.1671, "volume": 3.0}}}
{"timestamp": "2025-12-02T08:51:03.493994+00:00", "level": "WARNING", "module": "logger", "funcName": "_log", "lineno": 188, "event_type": "streaming_indicator_engine.data_anomalies_detected", "data": {"symbol": "ARIA_USDT", "timestamp": 1762077362.309999, "anomalies": ["stale_timestamp: 1762077362.309999 vs 1764665463.493994"], "data_sample": {"price": 0.16716, "volume": 5.0}}}
{"timestamp": "2025-12-02T08:51:03.494993+00:00", "level": "WARNING", "module": "logger", "funcName": "_log", "lineno": 188, "event_type": "streaming_indicator_engine.data_anomalies_detected", "data": {"symbol": "ARIA_USDT", "timestamp": 1762077376.309999, "anomalies": ["stale_timestamp: 1762077376.309999 vs 1764665463.494994"], "data_sample": {"price": 0.16724, "volume": 11.0}}}
{"timestamp": "2025-12-02T08:51:03.495994+00:00", "level": "WARNING", "module": "logger", "funcName": "_log", "lineno": 188, "event_type": "streaming_indicator_engine.data_anomalies_detected", "data": {"symbol": "ARIA_USDT", "timestamp": 1762077387.309999, "anomalies": ["stale_timestamp: 1762077387.309999 vs 1764665463.4959946"], "data_sample": {"price": 0.16726, "volume": 11.0}}}
{"timestamp": "2025-12-02T08:51:03.497433+00:00", "level": "WARNING", "module": "logger", "funcName": "_log", "lineno": 188, "event_type": "streaming_indicator_engine.data_anomalies_detected", "data": {"symbol": "ARIA_USDT", "timestamp": 1762077395.309999, "anomalies": ["stale_timestamp: 1762077395.309999 vs 1764665463.4974332"], "data_sample": {"price": 0.16728, "volume": 3.0}}}
{"timestamp": "2025-12-02T08:51:03.499444+00:00", "level": "INFO", "module": "logger", "funcName": "_log", "lineno": 188, "event_type": "strategy_manager.indicator_update_received", "data": {"symbol": "ARIA_USDT", "indicator_name": "f1c5bf73-df7f-4889-b417-fc3fcd71a9f7_20", "indicator_type": "", "value": 91.78823745289377, "active_strategies_for_symbol": true, "active_count": 3}}
{"timestamp": "2025-12-02T08:51:03.499952+00:00", "level": "WARNING", "module": "logger", "funcName": "_log", "lineno": 188, "event_type": "streaming_indicator_engine.data_anomalies_detected", "data": {"symbol": "ARIA_USDT", "timestamp": 1762077402.309999, "anomalies": ["stale_timestamp: 1762077402.309999 vs 1764665463.499952"], "data_sample": {"price": 0.1673, "volume": 10.0}}}
{"timestamp": "2025-12-02T08:51:03.500960+00:00", "level": "WARNING", "module": "logger", "funcName": "_log", "lineno": 188, "event_type": "streaming_indicator_engine.data_anomalies_detected", "data": {"symbol": "ARIA_USDT", "timestamp": 1762077412.311, "anomalies": ["stale_timestamp: 1762077412.311 vs 1764665463.5009608"], "data_sample": {"price": 0.16729, "volume": 7.0}}}
{"timestamp": "2025-12-02T08:51:03.501969+00:00", "level": "WARNING", "module": "logger", "funcName": "_log", "lineno": 188, "event_type": "streaming_indicator_engine.data_anomalies_detected", "data": {"symbol": "ARIA_USDT", "timestamp": 1762077421.309999, "anomalies": ["stale_timestamp: 1762077421.309999 vs 1764665463.5019698"], "data_sample": {"price": 0.16727, "volume": 4.0}}}
{"timestamp": "2025-12-02T08:51:03.502969+00:00", "level": "INFO", "module": "logger", "funcName": "_log", "lineno": 188, "event_type": "strategy_manager.indicator_update_received", "data": {"symbol": "ARIA_USDT", "indicator_name": "f1c5bf73-df7f-4889-b417-fc3fcd71a9f7_20", "indicator_type": "", "value": 91.78823745289377, "active_strategies_for_symbol": true, "active_count": 3}}
{"timestamp": "2025-12-02T08:51:03.503967+00:00", "level": "INFO", "module": "logger", "funcName": "_log", "lineno": 188, "event_type": "strategy_manager.indicator_update_received", "data": {"symbol": "ARIA_USDT", "indicator_name": "790d8eed-dc95-43ff-b625-1205d256154b_20", "indicator_type": "", "value": 0.0013506874143189638, "active_strategies_for_symbol": true, "active_count": 3}}
{"timestamp": "2025-12-02T08:51:03.504968+00:00", "level": "INFO", "module": "logger", "funcName": "_log", "lineno": 188, "event_type": "strategy_manager.indicator_update_received", "data": {"symbol": "ARIA_USDT", "indicator_name": "790d8eed-dc95-43ff-b625-1205d256154b_20", "indicator_type": "", "value": 0.0013506874143189638, "active_strategies_for_symbol": true, "active_count": 3}}
{"timestamp": "2025-12-02T08:51:03.806400+00:00", "level": "WARNING", "module": "logger", "funcName": "_log", "lineno": 188, "event_type": "streaming_indicator_engine.data_anomalies_detected", "data": {"symbol": "ARIA_USDT", "timestamp": 1762076372.312999, "anomalies": ["stale_timestamp: 1762076372.312999 vs 1764665463.8064"], "data_sample": {"price": 0.1671, "volume": 3.0}}}
{"timestamp": "2025-12-02T08:51:03.828264+00:00", "level": "WARNING", "module": "logger", "funcName": "_log", "lineno": 188, "event_type": "streaming_indicator_engine.data_anomalies_detected", "data": {"symbol": "ARIA_USDT", "timestamp": 1762076381.309999, "anomalies": ["stale_timestamp: 1762076381.309999 vs 1764665463.8276339"], "data_sample": {"price": 0.16715, "volume": 8.0}}}
{"timestamp": "2025-12-02T08:51:03.844164+00:00", "level": "WARNING", "module": "logger", "funcName": "_log", "lineno": 188, "event_type": "streaming_indicator_engine.data_anomalies_detected", "data": {"symbol": "ARIA_USDT", "timestamp": 1762076388.311, "anomalies": ["stale_timestamp: 1762076388.311 vs 1764665463.8431623"], "data_sample": {"price": 0.16714, "volume": 9.0}}}
{"timestamp": "2025-12-02T08:51:03.859553+00:00", "level": "WARNING", "module": "logger", "funcName": "_log", "lineno": 188, "event_type": "streaming_indicator_engine.data_anomalies_detected", "data": {"symbol": "ARIA_USDT", "timestamp": 1762076401.309999, "anomalies": ["stale_timestamp: 1762076401.309999 vs 1764665463.858045"], "data_sample": {"price": 0.16717, "volume": 7.0}}}
{"timestamp": "2025-12-02T08:51:03.875163+00:00", "level": "WARNING", "module": "logger", "funcName": "_log", "lineno": 188, "event_type": "streaming_indicator_engine.data_anomalies_detected", "data": {"symbol": "ARIA_USDT", "timestamp": 1762076408.312, "anomalies": ["stale_timestamp: 1762076408.312 vs 1764665463.8751638"], "data_sample": {"price": 0.16713, "volume": 3.0}}}
{"timestamp": "2025-12-02T08:51:03.889473+00:00", "level": "WARNING", "module": "logger", "funcName": "_log", "lineno": 188, "event_type": "streaming_indicator_engine.data_anomalies_detected", "data": {"symbol": "ARIA_USDT", "timestamp": 1762076417.311, "anomalies": ["stale_timestamp: 1762076417.311 vs 1764665463.8894734"], "data_sample": {"price": 0.16708, "volume": 3.0}}}
{"timestamp": "2025-12-02T08:51:03.904496+00:00", "level": "WARNING", "module": "logger", "funcName": "_log", "lineno": 188, "event_type": "streaming_indicator_engine.data_anomalies_detected", "data": {"symbol": "ARIA_USDT", "timestamp": 1762076427.308999, "anomalies": ["stale_timestamp: 1762076427.308999 vs 1764665463.9044962"], "data_sample": {"price": 0.16707, "volume": 12.0}}}
{"timestamp": "2025-12-02T08:51:03.920321+00:00", "level": "WARNING", "module": "logger", "funcName": "_log", "lineno": 188, "event_type": "streaming_indicator_engine.data_anomalies_detected", "data": {"symbol": "ARIA_USDT", "timestamp": 1762076435.309999, "anomalies": ["stale_timestamp: 1762076435.309999 vs 1764665463.9203217"], "data_sample": {"price": 0.1671, "volume": 4.0}}}
{"timestamp": "2025-12-02T08:51:03.935865+00:00", "level": "WARNING", "module": "logger", "funcName": "_log", "lineno": 188, "event_type": "streaming_indicator_engine.data_anomalies_detected", "data": {"symbol": "ARIA_USDT", "timestamp": 1762076447.309999, "anomalies": ["stale_timestamp: 1762076447.309999 vs 1764665463.9358654"], "data_sample": {"price": 0.16708, "volume": 9.0}}}
{"timestamp": "2025-12-02T08:51:03.951800+00:00", "level": "WARNING", "module": "logger", "funcName": "_log", "lineno": 188, "event_type": "streaming_indicator_engine.data_anomalies_detected", "data": {"symbol": "ARIA_USDT", "timestamp": 1762076462.309999, "anomalies": ["stale_timestamp: 1762076462.309999 vs 1764665463.9518003"], "data_sample": {"price": 0.16726, "volume": 10.0}}}
{"timestamp": "2025-12-02T08:51:03.966842+00:00", "level": "WARNING", "module": "logger", "funcName": "_log", "lineno": 188, "event_type": "streaming_indicator_engine.data_anomalies_detected", "data": {"symbol": "ARIA_USDT", "timestamp": 1762076476.308999, "anomalies": ["stale_timestamp: 1762076476.308999 vs 1764665463.9668424"], "data_sample": {"price": 0.16745, "volume": 9.0}}}
{"timestamp": "2025-12-02T08:51:03.982264+00:00", "level": "WARNING", "module": "logger", "funcName": "_log", "lineno": 188, "event_type": "streaming_indicator_engine.data_anomalies_detected", "data": {"symbol": "ARIA_USDT", "timestamp": 1762076490.311, "anomalies": ["stale_timestamp: 1762076490.311 vs 1764665463.9822645"], "data_sample": {"price": 0.16766, "volume": 7.0}}}
{"timestamp": "2025-12-02T08:51:03.998382+00:00", "level": "WARNING", "module": "logger", "funcName": "_log", "lineno": 188, "event_type": "streaming_indicator_engine.data_anomalies_detected", "data": {"symbol": "ARIA_USDT", "timestamp": 1762076501.311, "anomalies": ["stale_timestamp: 1762076501.311 vs 1764665463.9977586"], "data_sample": {"price": 0.16763, "volume": 5.0}}}
{"timestamp": "2025-12-02T08:51:04.013002+00:00", "level": "WARNING", "module": "logger", "funcName": "_log", "lineno": 188, "event_type": "streaming_indicator_engine.data_anomalies_detected", "data": {"symbol": "ARIA_USDT", "timestamp": 1762076514.408999, "anomalies": ["stale_timestamp: 1762076514.408999 vs 1764665464.0130024"], "data_sample": {"price": 0.16766, "volume": 10.0}}}
{"timestamp": "2025-12-02T08:51:04.029144+00:00", "level": "WARNING", "module": "logger", "funcName": "_log", "lineno": 188, "event_type": "streaming_indicator_engine.data_anomalies_detected", "data": {"symbol": "ARIA_USDT", "timestamp": 1762076520.311, "anomalies": ["stale_timestamp: 1762076520.311 vs 1764665464.0291443"], "data_sample": {"price": 0.1677, "volume": 9.0}}}
{"timestamp": "2025-12-02T08:51:04.045584+00:00", "level": "WARNING", "module": "logger", "funcName": "_log", "lineno": 188, "event_type": "streaming_indicator_engine.data_anomalies_detected", "data": {"symbol": "ARIA_USDT", "timestamp": 1762076531.311, "anomalies": ["stale_timestamp: 1762076531.311 vs 1764665464.045585"], "data_sample": {"price": 0.16778, "volume": 10.0}}}
{"timestamp": "2025-12-02T08:51:04.060575+00:00", "level": "WARNING", "module": "logger", "funcName": "_log", "lineno": 188, "event_type": "streaming_indicator_engine.data_anomalies_detected", "data": {"symbol": "ARIA_USDT", "timestamp": 1762076537.311, "anomalies": ["stale_timestamp: 1762076537.311 vs 1764665464.0605755"], "data_sample": {"price": 0.16777, "volume": 10.0}}}
{"timestamp": "2025-12-02T08:51:04.062939+00:00", "level": "WARNING", "module": "logger", "funcName": "_log", "lineno": 188, "event_type": "streaming_indicator_engine.data_anomalies_detected", "data": {"symbol": "ARIA_USDT", "timestamp": 1762076543.312, "anomalies": ["stale_timestamp: 1762076543.312 vs 1764665464.0629396"], "data_sample": {"price": 0.16765, "volume": 8.0}}}
{"timestamp": "2025-12-02T08:51:04.076350+00:00", "level": "WARNING", "module": "logger", "funcName": "_log", "lineno": 188, "event_type": "streaming_indicator_engine.data_anomalies_detected", "data": {"symbol": "ARIA_USDT", "timestamp": 1762076551.311, "anomalies": ["stale_timestamp: 1762076551.311 vs 1764665464.0763507"], "data_sample": {"price": 0.16776, "volume": 7.0}}}
{"timestamp": "2025-12-02T08:51:04.095475+00:00", "level": "WARNING", "module": "logger", "funcName": "_log", "lineno": 188, "event_type": "streaming_indicator_engine.data_anomalies_detected", "data": {"symbol": "ARIA_USDT", "timestamp": 1762076567.313999, "anomalies": ["stale_timestamp: 1762076567.313999 vs 1764665464.0944767"], "data_sample": {"price": 0.16779, "volume": 4.0}}}
{"timestamp": "2025-12-02T08:51:04.121697+00:00", "level": "WARNING", "module": "logger", "funcName": "_log", "lineno": 188, "event_type": "streaming_indicator_engine.data_anomalies_detected", "data": {"symbol": "ARIA_USDT", "timestamp": 1762076582.312999, "anomalies": ["stale_timestamp: 1762076582.312999 vs 1764665464.1216974"], "data_sample": {"price": 0.16774, "volume": 4.0}}}
{"timestamp": "2025-12-02T08:51:04.137225+00:00", "level": "WARNING", "module": "logger", "funcName": "_log", "lineno": 188, "event_type": "streaming_indicator_engine.data_anomalies_detected", "data": {"symbol": "ARIA_USDT", "timestamp": 1762076595.309999, "anomalies": ["stale_timestamp: 1762076595.309999 vs 1764665464.1372252"], "data_sample": {"price": 0.16776, "volume": 10.0}}}
{"timestamp": "2025-12-02T08:51:04.153140+00:00", "level": "WARNING", "module": "logger", "funcName": "_log", "lineno": 188, "event_type": "streaming_indicator_engine.data_anomalies_detected", "data": {"symbol": "ARIA_USDT", "timestamp": 1762076606.309999, "anomalies": ["stale_timestamp: 1762076606.309999 vs 1764665464.1531403"], "data_sample": {"price": 0.16772, "volume": 9.0}}}
{"timestamp": "2025-12-02T08:51:04.168541+00:00", "level": "WARNING", "module": "logger", "funcName": "_log", "lineno": 188, "event_type": "streaming_indicator_engine.data_anomalies_detected", "data": {"symbol": "ARIA_USDT", "timestamp": 1762076620.309999, "anomalies": ["stale_timestamp: 1762076620.309999 vs 1764665464.1685417"], "data_sample": {"price": 0.16764, "volume": 5.0}}}
{"timestamp": "2025-12-02T08:51:04.184509+00:00", "level": "WARNING", "module": "logger", "funcName": "_log", "lineno": 188, "event_type": "streaming_indicator_engine.data_anomalies_detected", "data": {"symbol": "ARIA_USDT", "timestamp": 1762076628.311, "anomalies": ["stale_timestamp: 1762076628.311 vs 1764665464.18451"], "data_sample": {"price": 0.16761, "volume": 7.0}}}
{"timestamp": "2025-12-02T08:51:04.200076+00:00", "level": "WARNING", "module": "logger", "funcName": "_log", "lineno": 188, "event_type": "streaming_indicator_engine.data_anomalies_detected", "data": {"symbol": "ARIA_USDT", "timestamp": 1762076638.312999, "anomalies": ["stale_timestamp: 1762076638.312999 vs 1764665464.200076"], "data_sample": {"price": 0.16763, "volume": 10.0}}}
{"timestamp": "2025-12-02T08:51:04.215339+00:00", "level": "WARNING", "module": "logger", "funcName": "_log", "lineno": 188, "event_type": "streaming_indicator_engine.data_anomalies_detected", "data": {"symbol": "ARIA_USDT", "timestamp": 1762076647.309999, "anomalies": ["stale_timestamp: 1762076647.309999 vs 1764665464.2153394"], "data_sample": {"price": 0.16762, "volume": 4.0}}}
{"timestamp": "2025-12-02T08:51:04.230514+00:00", "level": "WARNING", "module": "logger", "funcName": "_log", "lineno": 188, "event_type": "streaming_indicator_engine.data_anomalies_detected", "data": {"symbol": "ARIA_USDT", "timestamp": 1762076653.309999, "anomalies": ["stale_timestamp: 1762076653.309999 vs 1764665464.2305143"], "data_sample": {"price": 0.16761, "volume": 9.0}}}
{"timestamp": "2025-12-02T08:51:04.246328+00:00", "level": "WARNING", "module": "logger", "funcName": "_log", "lineno": 188, "event_type": "streaming_indicator_engine.data_anomalies_detected", "data": {"symbol": "ARIA_USDT", "timestamp": 1762076666.309999, "anomalies": ["stale_timestamp: 1762076666.309999 vs 1764665464.2463286"], "data_sample": {"price": 0.16763, "volume": 9.0}}}
{"timestamp": "2025-12-02T08:51:04.261093+00:00", "level": "WARNING", "module": "logger", "funcName": "_log", "lineno": 188, "event_type": "streaming_indicator_engine.data_anomalies_detected", "data": {"symbol": "ARIA_USDT", "timestamp": 1762076672.308999, "anomalies": ["stale_timestamp: 1762076672.308999 vs 1764665464.2610939"], "data_sample": {"price": 0.16762, "volume": 9.0}}}
{"timestamp": "2025-12-02T08:51:04.276825+00:00", "level": "WARNING", "module": "logger", "funcName": "_log", "lineno": 188, "event_type": "streaming_indicator_engine.data_anomalies_detected", "data": {"symbol": "ARIA_USDT", "timestamp": 1762076685.309999, "anomalies": ["stale_timestamp: 1762076685.309999 vs 1764665464.276826"], "data_sample": {"price": 0.16732, "volume": 9.0}}}
{"timestamp": "2025-12-02T08:51:04.293245+00:00", "level": "WARNING", "module": "logger", "funcName": "_log", "lineno": 188, "event_type": "streaming_indicator_engine.data_anomalies_detected", "data": {"symbol": "ARIA_USDT", "timestamp": 1762076699.311, "anomalies": ["stale_timestamp: 1762076699.311 vs 1764665464.2922502"], "data_sample": {"price": 0.16737, "volume": 11.0}}}
{"timestamp": "2025-12-02T08:51:04.309396+00:00", "level": "WARNING", "module": "logger", "funcName": "_log", "lineno": 188, "event_type": "streaming_indicator_engine.data_anomalies_detected", "data": {"symbol": "ARIA_USDT", "timestamp": 1762076713.309999, "anomalies": ["stale_timestamp: 1762076713.309999 vs 1764665464.3083844"], "data_sample": {"price": 0.16735, "volume": 4.0}}}
{"timestamp": "2025-12-02T08:51:04.322947+00:00", "level": "WARNING", "module": "logger", "funcName": "_log", "lineno": 188, "event_type": "streaming_indicator_engine.data_anomalies_detected", "data": {"symbol": "ARIA_USDT", "timestamp": 1762076728.311, "anomalies": ["stale_timestamp: 1762076728.311 vs 1764665464.3229473"], "data_sample": {"price": 0.16739, "volume": 9.0}}}
{"timestamp": "2025-12-02T08:51:04.338530+00:00", "level": "WARNING", "module": "logger", "funcName": "_log", "lineno": 188, "event_type": "streaming_indicator_engine.data_anomalies_detected", "data": {"symbol": "ARIA_USDT", "timestamp": 1762076734.308999, "anomalies": ["stale_timestamp: 1762076734.308999 vs 1764665464.3385308"], "data_sample": {"price": 0.16744, "volume": 9.0}}}
{"timestamp": "2025-12-02T08:51:04.353572+00:00", "level": "WARNING", "module": "logger", "funcName": "_log", "lineno": 188, "event_type": "streaming_indicator_engine.data_anomalies_detected", "data": {"symbol": "ARIA_USDT", "timestamp": 1762076750.309999, "anomalies": ["stale_timestamp: 1762076750.309999 vs 1764665464.3535728"], "data_sample": {"price": 0.16747, "volume": 10.0}}}
{"timestamp": "2025-12-02T08:51:04.369709+00:00", "level": "WARNING", "module": "logger", "funcName": "_log", "lineno": 188, "event_type": "streaming_indicator_engine.data_anomalies_detected", "data": {"symbol": "ARIA_USDT", "timestamp": 1762076759.311, "anomalies": ["stale_timestamp: 1762076759.311 vs 1764665464.3691943"], "data_sample": {"price": 0.16746, "volume": 10.0}}}
{"timestamp": "2025-12-02T08:51:04.384579+00:00", "level": "WARNING", "module": "logger", "funcName": "_log", "lineno": 188, "event_type": "streaming_indicator_engine.data_anomalies_detected", "data": {"symbol": "ARIA_USDT", "timestamp": 1762076767.309999, "anomalies": ["stale_timestamp: 1762076767.309999 vs 1764665464.3845794"], "data_sample": {"price": 0.16742, "volume": 8.0}}}
{"timestamp": "2025-12-02T08:51:04.400143+00:00", "level": "WARNING", "module": "logger", "funcName": "_log", "lineno": 188, "event_type": "streaming_indicator_engine.data_anomalies_detected", "data": {"symbol": "ARIA_USDT", "timestamp": 1762076783.312, "anomalies": ["stale_timestamp: 1762076783.312 vs 1764665464.4001431"], "data_sample": {"price": 0.16745, "volume": 8.0}}}
{"timestamp": "2025-12-02T08:51:04.415285+00:00", "level": "WARNING", "module": "logger", "funcName": "_log", "lineno": 188, "event_type": "streaming_indicator_engine.data_anomalies_detected", "data": {"symbol": "ARIA_USDT", "timestamp": 1762076789.309999, "anomalies": ["stale_timestamp: 1762076789.309999 vs 1764665464.415286"], "data_sample": {"price": 0.16755, "volume": 9.0}}}
{"timestamp": "2025-12-02T08:51:04.430590+00:00", "level": "WARNING", "module": "logger", "funcName": "_log", "lineno": 188, "event_type": "streaming_indicator_engine.data_anomalies_detected", "data": {"symbol": "ARIA_USDT", "timestamp": 1762076803.311, "anomalies": ["stale_timestamp: 1762076803.311 vs 1764665464.4305906"], "data_sample": {"price": 0.16758, "volume": 10.0}}}
{"timestamp": "2025-12-02T08:51:04.445512+00:00", "level": "WARNING", "module": "logger", "funcName": "_log", "lineno": 188, "event_type": "streaming_indicator_engine.data_anomalies_detected", "data": {"symbol": "ARIA_USDT", "timestamp": 1762076816.308999, "anomalies": ["stale_timestamp: 1762076816.308999 vs 1764665464.4455128"], "data_sample": {"price": 0.16762, "volume": 9.0}}}
{"timestamp": "2025-12-02T08:51:04.460580+00:00", "level": "WARNING", "module": "logger", "funcName": "_log", "lineno": 188, "event_type": "streaming_indicator_engine.data_anomalies_detected", "data": {"symbol": "ARIA_USDT", "timestamp": 1762076825.312999, "anomalies": ["stale_timestamp: 1762076825.312999 vs 1764665464.4605806"], "data_sample": {"price": 0.16751, "volume": 10.0}}}
{"timestamp": "2025-12-02T08:51:04.475330+00:00", "level": "WARNING", "module": "logger", "funcName": "_log", "lineno": 188, "event_type": "streaming_indicator_engine.data_anomalies_detected", "data": {"symbol": "ARIA_USDT", "timestamp": 1762076831.316999, "anomalies": ["stale_timestamp: 1762076831.316999 vs 1764665464.4753304"], "data_sample": {"price": 0.1674, "volume": 6.0}}}
{"timestamp": "2025-12-02T08:51:04.492140+00:00", "level": "WARNING", "module": "logger", "funcName": "_log", "lineno": 188, "event_type": "streaming_indicator_engine.data_anomalies_detected", "data": {"symbol": "ARIA_USDT", "timestamp": 1762076839.311, "anomalies": ["stale_timestamp: 1762076839.311 vs 1764665464.49214"], "data_sample": {"price": 0.16741, "volume": 8.0}}}
{"timestamp": "2025-12-02T08:51:04.506940+00:00", "level": "WARNING", "module": "logger", "funcName": "_log", "lineno": 188, "event_type": "streaming_indicator_engine.data_anomalies_detected", "data": {"symbol": "ARIA_USDT", "timestamp": 1762076846.312, "anomalies": ["stale_timestamp: 1762076846.312 vs 1764665464.50694"], "data_sample": {"price": 0.1674, "volume": 6.0}}}
{"timestamp": "2025-12-02T08:51:04.522828+00:00", "level": "WARNING", "module": "logger", "funcName": "_log", "lineno": 188, "event_type": "streaming_indicator_engine.data_anomalies_detected", "data": {"symbol": "ARIA_USDT", "timestamp": 1762076859.309999, "anomalies": ["stale_timestamp: 1762076859.309999 vs 1764665464.5228283"], "data_sample": {"price": 0.16723, "volume": 5.0}}}
{"timestamp": "2025-12-02T08:51:04.538347+00:00", "level": "WARNING", "module": "logger", "funcName": "_log", "lineno": 188, "event_type": "streaming_indicator_engine.data_anomalies_detected", "data": {"symbol": "ARIA_USDT", "timestamp": 1762076870.309999, "anomalies": ["stale_timestamp: 1762076870.309999 vs 1764665464.538347"], "data_sample": {"price": 0.16724, "volume": 9.0}}}
{"timestamp": "2025-12-02T08:51:04.553857+00:00", "level": "WARNING", "module": "logger", "funcName": "_log", "lineno": 188, "event_type": "streaming_indicator_engine.data_anomalies_detected", "data": {"symbol": "ARIA_USDT", "timestamp": 1762076878.309999, "anomalies": ["stale_timestamp: 1762076878.309999 vs 1764665464.5538578"], "data_sample": {"price": 0.16731, "volume": 4.0}}}
{"timestamp": "2025-12-02T08:51:04.569804+00:00", "level": "WARNING", "module": "logger", "funcName": "_log", "lineno": 188, "event_type": "streaming_indicator_engine.data_anomalies_detected", "data": {"symbol": "ARIA_USDT", "timestamp": 1762076892.311, "anomalies": ["stale_timestamp: 1762076892.311 vs 1764665464.5692914"], "data_sample": {"price": 0.16728, "volume": 9.0}}}
{"timestamp": "2025-12-02T08:51:04.599721+00:00", "level": "WARNING", "module": "logger", "funcName": "_log", "lineno": 188, "event_type": "streaming_indicator_engine.data_anomalies_detected", "data": {"symbol": "ARIA_USDT", "timestamp": 1762076900.309999, "anomalies": ["stale_timestamp: 1762076900.309999 vs 1764665464.5997212"], "data_sample": {"price": 0.16731, "volume": 7.0}}}
{"timestamp": "2025-12-02T08:51:04.615248+00:00", "level": "WARNING", "module": "logger", "funcName": "_log", "lineno": 188, "event_type": "streaming_indicator_engine.data_anomalies_detected", "data": {"symbol": "ARIA_USDT", "timestamp": 1762076915.308999, "anomalies": ["stale_timestamp: 1762076915.308999 vs 1764665464.615248"], "data_sample": {"price": 0.16729, "volume": 4.0}}}
{"timestamp": "2025-12-02T08:51:04.630222+00:00", "level": "WARNING", "module": "logger", "funcName": "_log", "lineno": 188, "event_type": "streaming_indicator_engine.data_anomalies_detected", "data": {"symbol": "ARIA_USDT", "timestamp": 1762076929.309999, "anomalies": ["stale_timestamp: 1762076929.309999 vs 1764665464.6302226"], "data_sample": {"price": 0.16725, "volume": 11.0}}}
{"timestamp": "2025-12-02T08:51:04.645596+00:00", "level": "WARNING", "module": "logger", "funcName": "_log", "lineno": 188, "event_type": "streaming_indicator_engine.data_anomalies_detected", "data": {"symbol": "ARIA_USDT", "timestamp": 1762076940.312999, "anomalies": ["stale_timestamp: 1762076940.312999 vs 1764665464.6455967"], "data_sample": {"price": 0.16733, "volume": 8.0}}}
{"timestamp": "2025-12-02T08:51:04.661054+00:00", "level": "WARNING", "module": "logger", "funcName": "_log", "lineno": 188, "event_type": "streaming_indicator_engine.data_anomalies_detected", "data": {"symbol": "ARIA_USDT", "timestamp": 1762076949.324999, "anomalies": ["stale_timestamp: 1762076949.324999 vs 1764665464.6610544"], "data_sample": {"price": 0.1673, "volume": 8.0}}}
{"timestamp": "2025-12-02T08:51:04.676728+00:00", "level": "WARNING", "module": "logger", "funcName": "_log", "lineno": 188, "event_type": "streaming_indicator_engine.data_anomalies_detected", "data": {"symbol": "ARIA_USDT", "timestamp": 1762076965.316, "anomalies": ["stale_timestamp: 1762076965.316 vs 1764665464.6767287"], "data_sample": {"price": 0.16729, "volume": 4.0}}}
{"timestamp": "2025-12-02T08:51:04.692000+00:00", "level": "WARNING", "module": "logger", "funcName": "_log", "lineno": 188, "event_type": "streaming_indicator_engine.data_anomalies_detected", "data": {"symbol": "ARIA_USDT", "timestamp": 1762076978.312, "anomalies": ["stale_timestamp: 1762076978.312 vs 1764665464.6920006"], "data_sample": {"price": 0.1673, "volume": 9.0}}}
{"timestamp": "2025-12-02T08:51:04.708412+00:00", "level": "WARNING", "module": "logger", "funcName": "_log", "lineno": 188, "event_type": "streaming_indicator_engine.data_anomalies_detected", "data": {"symbol": "ARIA_USDT", "timestamp": 1762076990.315, "anomalies": ["stale_timestamp: 1762076990.315 vs 1764665464.7074478"], "data_sample": {"price": 0.16733, "volume": 10.0}}}
{"timestamp": "2025-12-02T08:51:04.723538+00:00", "level": "WARNING", "module": "logger", "funcName": "_log", "lineno": 188, "event_type": "streaming_indicator_engine.data_anomalies_detected", "data": {"symbol": "ARIA_USDT", "timestamp": 1762076997.315, "anomalies": ["stale_timestamp: 1762076997.315 vs 1764665464.7235386"], "data_sample": {"price": 0.16726, "volume": 12.0}}}
{"timestamp": "2025-12-02T08:51:04.726539+00:00", "level": "INFO", "module": "logger", "funcName": "_log", "lineno": 188, "event_type": "strategy_manager.indicator_update_received", "data": {"symbol": "ARIA_USDT", "indicator_name": "611fad91-045d-408b-8822-f43428935033_20", "indicator_type": "", "value": 0.0002637573948801919, "active_strategies_for_symbol": true, "active_count": 3}}
{"timestamp": "2025-12-02T08:51:04.726539+00:00", "level": "WARNING", "module": "logger", "funcName": "_log", "lineno": 188, "event_type": "streaming_indicator_engine.data_anomalies_detected", "data": {"symbol": "ARIA_USDT", "timestamp": 1762077007.309999, "anomalies": ["stale_timestamp: 1762077007.309999 vs 1764665464.7265394"], "data_sample": {"price": 0.16719, "volume": 4.0}}}
{"timestamp": "2025-12-02T08:51:04.727539+00:00", "level": "WARNING", "module": "logger", "funcName": "_log", "lineno": 188, "event_type": "streaming_indicator_engine.data_anomalies_detected", "data": {"symbol": "ARIA_USDT", "timestamp": 1762077018.309999, "anomalies": ["stale_timestamp: 1762077018.309999 vs 1764665464.7275398"], "data_sample": {"price": 0.16722, "volume": 8.0}}}
{"timestamp": "2025-12-02T08:51:04.727539+00:00", "level": "WARNING", "module": "logger", "funcName": "_log", "lineno": 188, "event_type": "streaming_indicator_engine.data_anomalies_detected", "data": {"symbol": "ARIA_USDT", "timestamp": 1762077025.309999, "anomalies": ["stale_timestamp: 1762077025.309999 vs 1764665464.7275398"], "data_sample": {"price": 0.16726, "volume": 5.0}}}
{"timestamp": "2025-12-02T08:51:04.728539+00:00", "level": "WARNING", "module": "logger", "funcName": "_log", "lineno": 188, "event_type": "streaming_indicator_engine.data_anomalies_detected", "data": {"symbol": "ARIA_USDT", "timestamp": 1762077033.311, "anomalies": ["stale_timestamp: 1762077033.311 vs 1764665464.7285397"], "data_sample": {"price": 0.16725, "volume": 4.0}}}
{"timestamp": "2025-12-02T08:51:04.729539+00:00", "level": "WARNING", "module": "logger", "funcName": "_log", "lineno": 188, "event_type": "streaming_indicator_engine.data_anomalies_detected", "data": {"symbol": "ARIA_USDT", "timestamp": 1762077042.309999, "anomalies": ["stale_timestamp: 1762077042.309999 vs 1764665464.7295392"], "data_sample": {"price": 0.16724, "volume": 4.0}}}
{"timestamp": "2025-12-02T08:51:04.729539+00:00", "level": "INFO", "module": "logger", "funcName": "_log", "lineno": 188, "event_type": "strategy_manager.indicator_update_received", "data": {"symbol": "ARIA_USDT", "indicator_name": "611fad91-045d-408b-8822-f43428935033_20", "indicator_type": "", "value": 0.0002637573948801919, "active_strategies_for_symbol": true, "active_count": 3}}
{"timestamp": "2025-12-02T08:51:04.729539+00:00", "level": "WARNING", "module": "logger", "funcName": "_log", "lineno": 188, "event_type": "streaming_indicator_engine.data_anomalies_detected", "data": {"symbol": "ARIA_USDT", "timestamp": 1762077051.309999, "anomalies": ["stale_timestamp: 1762077051.309999 vs 1764665464.7295392"], "data_sample": {"price": 0.16725, "volume": 4.0}}}
{"timestamp": "2025-12-02T08:51:04.731043+00:00", "level": "WARNING", "module": "logger", "funcName": "_log", "lineno": 188, "event_type": "streaming_indicator_engine.data_anomalies_detected", "data": {"symbol": "ARIA_USDT", "timestamp": 1762077057.312999, "anomalies": ["stale_timestamp: 1762077057.312999 vs 1764665464.7310436"], "data_sample": {"price": 0.16726, "volume": 3.0}}}
{"timestamp": "2025-12-02T08:51:04.731043+00:00", "level": "WARNING", "module": "logger", "funcName": "_log", "lineno": 188, "event_type": "streaming_indicator_engine.data_anomalies_detected", "data": {"symbol": "ARIA_USDT", "timestamp": 1762077067.316999, "anomalies": ["stale_timestamp: 1762077067.316999 vs 1764665464.7310436"], "data_sample": {"price": 0.16725, "volume": 8.0}}}
{"timestamp": "2025-12-02T08:51:04.732043+00:00", "level": "WARNING", "module": "logger", "funcName": "_log", "lineno": 188, "event_type": "streaming_indicator_engine.data_anomalies_detected", "data": {"symbol": "ARIA_USDT", "timestamp": 1762077081.308, "anomalies": ["stale_timestamp: 1762077081.308 vs 1764665464.7320437"], "data_sample": {"price": 0.16714, "volume": 6.0}}}
{"timestamp": "2025-12-02T08:51:04.732043+00:00", "level": "WARNING", "module": "logger", "funcName": "_log", "lineno": 188, "event_type": "streaming_indicator_engine.data_anomalies_detected", "data": {"symbol": "ARIA_USDT", "timestamp": 1762077089.311, "anomalies": ["stale_timestamp: 1762077089.311 vs 1764665464.7320437"], "data_sample": {"price": 0.16711, "volume": 4.0}}}
{"timestamp": "2025-12-02T08:51:04.732043+00:00", "level": "WARNING", "module": "logger", "funcName": "_log", "lineno": 188, "event_type": "streaming_indicator_engine.data_anomalies_detected", "data": {"symbol": "ARIA_USDT", "timestamp": 1762077098.311, "anomalies": ["stale_timestamp: 1762077098.311 vs 1764665464.7320437"], "data_sample": {"price": 0.16702, "volume": 4.0}}}
{"timestamp": "2025-12-02T08:51:04.733044+00:00", "level": "INFO", "module": "logger", "funcName": "_log", "lineno": 188, "event_type": "strategy_manager.indicator_update_received", "data": {"symbol": "ARIA_USDT", "indicator_name": "5fc82998-9270-4b44-8312-f74ddd20a93d_20", "indicator_type": "", "value": 23.927037743111224, "active_strategies_for_symbol": true, "active_count": 3}}
{"timestamp": "2025-12-02T08:51:04.734128+00:00", "level": "WARNING", "module": "logger", "funcName": "_log", "lineno": 188, "event_type": "streaming_indicator_engine.data_anomalies_detected", "data": {"symbol": "ARIA_USDT", "timestamp": 1762077107.335, "anomalies": ["stale_timestamp: 1762077107.335 vs 1764665464.7341285"], "data_sample": {"price": 0.167, "volume": 26.0}}}
{"timestamp": "2025-12-02T08:51:04.734128+00:00", "level": "WARNING", "module": "logger", "funcName": "_log", "lineno": 188, "event_type": "streaming_indicator_engine.data_anomalies_detected", "data": {"symbol": "ARIA_USDT", "timestamp": 1762077121.309999, "anomalies": ["stale_timestamp: 1762077121.309999 vs 1764665464.7341285"], "data_sample": {"price": 0.16704, "volume": 8.0}}}
{"timestamp": "2025-12-02T08:51:04.735152+00:00", "level": "WARNING", "module": "logger", "funcName": "_log", "lineno": 188, "event_type": "streaming_indicator_engine.data_anomalies_detected", "data": {"symbol": "ARIA_USDT", "timestamp": 1762077123.420999, "anomalies": ["stale_timestamp: 1762077123.420999 vs 1764665464.7351527"], "data_sample": {"price": 0.167, "volume": 59.0}}}
{"timestamp": "2025-12-02T08:51:04.735152+00:00", "level": "WARNING", "module": "logger", "funcName": "_log", "lineno": 188, "event_type": "streaming_indicator_engine.data_anomalies_detected", "data": {"symbol": "ARIA_USDT", "timestamp": 1762077139.311, "anomalies": ["stale_timestamp: 1762077139.311 vs 1764665464.7351527"], "data_sample": {"price": 0.16703, "volume": 5.0}}}
{"timestamp": "2025-12-02T08:51:04.736126+00:00", "level": "WARNING", "module": "logger", "funcName": "_log", "lineno": 188, "event_type": "streaming_indicator_engine.data_anomalies_detected", "data": {"symbol": "ARIA_USDT", "timestamp": 1762077152.308999, "anomalies": ["stale_timestamp: 1762077152.308999 vs 1764665464.7361267"], "data_sample": {"price": 0.16708, "volume": 9.0}}}
{"timestamp": "2025-12-02T08:51:04.736126+00:00", "level": "WARNING", "module": "logger", "funcName": "_log", "lineno": 188, "event_type": "streaming_indicator_engine.data_anomalies_detected", "data": {"symbol": "ARIA_USDT", "timestamp": 1762077163.309999, "anomalies": ["stale_timestamp: 1762077163.309999 vs 1764665464.7361267"], "data_sample": {"price": 0.16713, "volume": 11.0}}}
{"timestamp": "2025-12-02T08:51:04.737131+00:00", "level": "INFO", "module": "logger", "funcName": "_log", "lineno": 188, "event_type": "strategy_manager.indicator_update_received", "data": {"symbol": "ARIA_USDT", "indicator_name": "5fc82998-9270-4b44-8312-f74ddd20a93d_20", "indicator_type": "", "value": 23.927037743111224, "active_strategies_for_symbol": true, "active_count": 3}}
{"timestamp": "2025-12-02T08:51:04.737131+00:00", "level": "WARNING", "module": "logger", "funcName": "_log", "lineno": 188, "event_type": "streaming_indicator_engine.data_anomalies_detected", "data": {"symbol": "ARIA_USDT", "timestamp": 1762077172.309999, "anomalies": ["stale_timestamp: 1762077172.309999 vs 1764665464.7371316"], "data_sample": {"price": 0.16706, "volume": 12.0}}}
{"timestamp": "2025-12-02T08:51:04.738164+00:00", "level": "WARNING", "module": "logger", "funcName": "_log", "lineno": 188, "event_type": "streaming_indicator_engine.data_anomalies_detected", "data": {"symbol": "ARIA_USDT", "timestamp": 1762077187.312999, "anomalies": ["stale_timestamp: 1762077187.312999 vs 1764665464.7381644"], "data_sample": {"price": 0.16705, "volume": 4.0}}}
{"timestamp": "2025-12-02T08:51:04.739043+00:00", "level": "WARNING", "module": "logger", "funcName": "_log", "lineno": 188, "event_type": "streaming_indicator_engine.data_anomalies_detected", "data": {"symbol": "ARIA_USDT", "timestamp": 1762077203.309999, "anomalies": ["stale_timestamp: 1762077203.309999 vs 1764665464.739044"], "data_sample": {"price": 0.16703, "volume": 6.0}}}
{"timestamp": "2025-12-02T08:51:04.739640+00:00", "level": "WARNING", "module": "logger", "funcName": "_log", "lineno": 188, "event_type": "streaming_indicator_engine.data_anomalies_detected", "data": {"symbol": "ARIA_USDT", "timestamp": 1762077211.312, "anomalies": ["stale_timestamp: 1762077211.312 vs 1764665464.7396405"], "data_sample": {"price": 0.16707, "volume": 9.0}}}
{"timestamp": "2025-12-02T08:51:04.740650+00:00", "level": "WARNING", "module": "logger", "funcName": "_log", "lineno": 188, "event_type": "streaming_indicator_engine.data_anomalies_detected", "data": {"symbol": "ARIA_USDT", "timestamp": 1762077227.312999, "anomalies": ["stale_timestamp: 1762077227.312999 vs 1764665464.7406502"], "data_sample": {"price": 0.16704, "volume": 4.0}}}
{"timestamp": "2025-12-02T08:51:04.741660+00:00", "level": "WARNING", "module": "logger", "funcName": "_log", "lineno": 188, "event_type": "streaming_indicator_engine.data_anomalies_detected", "data": {"symbol": "ARIA_USDT", "timestamp": 1762077234.308999, "anomalies": ["stale_timestamp: 1762077234.308999 vs 1764665464.7416606"], "data_sample": {"price": 0.16708, "volume": 8.0}}}
{"timestamp": "2025-12-02T08:51:04.742646+00:00", "level": "INFO", "module": "logger", "funcName": "_log", "lineno": 188, "event_type": "strategy_manager.indicator_update_received", "data": {"symbol": "ARIA_USDT", "indicator_name": "11b8be00-eed3-48fe-b359-df47b297226c_20", "indicator_type": "", "value": -6.96881845343338e-05, "active_strategies_for_symbol": true, "active_count": 3}}
{"timestamp": "2025-12-02T08:51:04.742646+00:00", "level": "WARNING", "module": "logger", "funcName": "_log", "lineno": 188, "event_type": "streaming_indicator_engine.data_anomalies_detected", "data": {"symbol": "ARIA_USDT", "timestamp": 1762077247.312999, "anomalies": ["stale_timestamp: 1762077247.312999 vs 1764665464.7426462"], "data_sample": {"price": 0.16705, "volume": 7.0}}}
{"timestamp": "2025-12-02T08:51:04.743648+00:00", "level": "WARNING", "module": "logger", "funcName": "_log", "lineno": 188, "event_type": "streaming_indicator_engine.data_anomalies_detected", "data": {"symbol": "ARIA_USDT", "timestamp": 1762077263.309999, "anomalies": ["stale_timestamp: 1762077263.309999 vs 1764665464.743649"], "data_sample": {"price": 0.16704, "volume": 7.0}}}
{"timestamp": "2025-12-02T08:51:04.743648+00:00", "level": "WARNING", "module": "logger", "funcName": "_log", "lineno": 188, "event_type": "streaming_indicator_engine.data_anomalies_detected", "data": {"symbol": "ARIA_USDT", "timestamp": 1762077274.309999, "anomalies": ["stale_timestamp: 1762077274.309999 vs 1764665464.743649"], "data_sample": {"price": 0.16709, "volume": 4.0}}}
{"timestamp": "2025-12-02T08:51:04.744693+00:00", "level": "WARNING", "module": "logger", "funcName": "_log", "lineno": 188, "event_type": "streaming_indicator_engine.data_anomalies_detected", "data": {"symbol": "ARIA_USDT", "timestamp": 1762077281.311, "anomalies": ["stale_timestamp: 1762077281.311 vs 1764665464.7446933"], "data_sample": {"price": 0.16713, "volume": 12.0}}}
{"timestamp": "2025-12-02T08:51:04.744693+00:00", "level": "WARNING", "module": "logger", "funcName": "_log", "lineno": 188, "event_type": "streaming_indicator_engine.data_anomalies_detected", "data": {"symbol": "ARIA_USDT", "timestamp": 1762077290.312, "anomalies": ["stale_timestamp: 1762077290.312 vs 1764665464.7446933"], "data_sample": {"price": 0.16709, "volume": 8.0}}}
{"timestamp": "2025-12-02T08:51:04.746190+00:00", "level": "WARNING", "module": "logger", "funcName": "_log", "lineno": 188, "event_type": "streaming_indicator_engine.data_anomalies_detected", "data": {"symbol": "ARIA_USDT", "timestamp": 1762077299.312, "anomalies": ["stale_timestamp: 1762077299.312 vs 1764665464.7461903"], "data_sample": {"price": 0.16706, "volume": 8.0}}}
{"timestamp": "2025-12-02T08:51:04.746190+00:00", "level": "INFO", "module": "logger", "funcName": "_log", "lineno": 188, "event_type": "strategy_manager.indicator_update_received", "data": {"symbol": "ARIA_USDT", "indicator_name": "11b8be00-eed3-48fe-b359-df47b297226c_20", "indicator_type": "", "value": -6.96881845343338e-05, "active_strategies_for_symbol": true, "active_count": 3}}
{"timestamp": "2025-12-02T08:51:04.746190+00:00", "level": "WARNING", "module": "logger", "funcName": "_log", "lineno": 188, "event_type": "streaming_indicator_engine.data_anomalies_detected", "data": {"symbol": "ARIA_USDT", "timestamp": 1762077309.309999, "anomalies": ["stale_timestamp: 1762077309.309999 vs 1764665464.7461903"], "data_sample": {"price": 0.16705, "volume": 6.0}}}
{"timestamp": "2025-12-02T08:51:04.747653+00:00", "level": "WARNING", "module": "logger", "funcName": "_log", "lineno": 188, "event_type": "streaming_indicator_engine.data_anomalies_detected", "data": {"symbol": "ARIA_USDT", "timestamp": 1762077318.312, "anomalies": ["stale_timestamp: 1762077318.312 vs 1764665464.7476537"], "data_sample": {"price": 0.16706, "volume": 9.0}}}
{"timestamp": "2025-12-02T08:51:04.747653+00:00", "level": "WARNING", "module": "logger", "funcName": "_log", "lineno": 188, "event_type": "streaming_indicator_engine.data_anomalies_detected", "data": {"symbol": "ARIA_USDT", "timestamp": 1762077324.309999, "anomalies": ["stale_timestamp: 1762077324.309999 vs 1764665464.7476537"], "data_sample": {"price": 0.1671, "volume": 5.0}}}
{"timestamp": "2025-12-02T08:51:04.748661+00:00", "level": "WARNING", "module": "logger", "funcName": "_log", "lineno": 188, "event_type": "streaming_indicator_engine.data_anomalies_detected", "data": {"symbol": "ARIA_USDT", "timestamp": 1762077335.309999, "anomalies": ["stale_timestamp: 1762077335.309999 vs 1764665464.7476537"], "data_sample": {"price": 0.16709, "volume": 4.0}}}
{"timestamp": "2025-12-02T08:51:04.748661+00:00", "level": "WARNING", "module": "logger", "funcName": "_log", "lineno": 188, "event_type": "streaming_indicator_engine.data_anomalies_detected", "data": {"symbol": "ARIA_USDT", "timestamp": 1762077351.309999, "anomalies": ["stale_timestamp: 1762077351.309999 vs 1764665464.7486613"], "data_sample": {"price": 0.1671, "volume": 3.0}}}
{"timestamp": "2025-12-02T08:51:04.749662+00:00", "level": "WARNING", "module": "logger", "funcName": "_log", "lineno": 188, "event_type": "streaming_indicator_engine.data_anomalies_detected", "data": {"symbol": "ARIA_USDT", "timestamp": 1762077362.309999, "anomalies": ["stale_timestamp: 1762077362.309999 vs 1764665464.749662"], "data_sample": {"price": 0.16716, "volume": 5.0}}}
{"timestamp": "2025-12-02T08:51:04.752362+00:00", "level": "INFO", "module": "logger", "funcName": "_log", "lineno": 188, "event_type": "strategy_manager.indicator_update_received", "data": {"symbol": "ARIA_USDT", "indicator_name": "790d8eed-dc95-43ff-b625-1205d256154b_20", "indicator_type": "", "value": 0.0004838458739992909, "active_strategies_for_symbol": true, "active_count": 3}}
{"timestamp": "2025-12-02T08:51:04.753245+00:00", "level": "WARNING", "module": "logger", "funcName": "_log", "lineno": 188, "event_type": "streaming_indicator_engine.data_anomalies_detected", "data": {"symbol": "ARIA_USDT", "timestamp": 1762077376.309999, "anomalies": ["stale_timestamp: 1762077376.309999 vs 1764665464.7532456"], "data_sample": {"price": 0.16724, "volume": 11.0}}}
{"timestamp": "2025-12-02T08:51:04.753245+00:00", "level": "WARNING", "module": "logger", "funcName": "_log", "lineno": 188, "event_type": "streaming_indicator_engine.data_anomalies_detected", "data": {"symbol": "ARIA_USDT", "timestamp": 1762077387.309999, "anomalies": ["stale_timestamp: 1762077387.309999 vs 1764665464.7532456"], "data_sample": {"price": 0.16726, "volume": 11.0}}}
{"timestamp": "2025-12-02T08:51:04.754713+00:00", "level": "WARNING", "module": "logger", "funcName": "_log", "lineno": 188, "event_type": "streaming_indicator_engine.data_anomalies_detected", "data": {"symbol": "ARIA_USDT", "timestamp": 1762077395.309999, "anomalies": ["stale_timestamp: 1762077395.309999 vs 1764665464.7547138"], "data_sample": {"price": 0.16728, "volume": 3.0}}}
{"timestamp": "2025-12-02T08:51:04.754713+00:00", "level": "WARNING", "module": "logger", "funcName": "_log", "lineno": 188, "event_type": "streaming_indicator_engine.data_anomalies_detected", "data": {"symbol": "ARIA_USDT", "timestamp": 1762077402.309999, "anomalies": ["stale_timestamp: 1762077402.309999 vs 1764665464.7547138"], "data_sample": {"price": 0.1673, "volume": 10.0}}}
{"timestamp": "2025-12-02T08:51:04.755942+00:00", "level": "WARNING", "module": "logger", "funcName": "_log", "lineno": 188, "event_type": "streaming_indicator_engine.data_anomalies_detected", "data": {"symbol": "ARIA_USDT", "timestamp": 1762077412.311, "anomalies": ["stale_timestamp: 1762077412.311 vs 1764665464.7559423"], "data_sample": {"price": 0.16729, "volume": 7.0}}}
{"timestamp": "2025-12-02T08:51:04.755942+00:00", "level": "WARNING", "module": "logger", "funcName": "_log", "lineno": 188, "event_type": "streaming_indicator_engine.data_anomalies_detected", "data": {"symbol": "ARIA_USDT", "timestamp": 1762077421.309999, "anomalies": ["stale_timestamp: 1762077421.309999 vs 1764665464.7559423"], "data_sample": {"price": 0.16727, "volume": 4.0}}}
{"timestamp": "2025-12-02T08:51:04.755942+00:00", "level": "INFO", "module": "logger", "funcName": "_log", "lineno": 188, "event_type": "strategy_manager.indicator_update_received", "data": {"symbol": "ARIA_USDT", "indicator_name": "790d8eed-dc95-43ff-b625-1205d256154b_20", "indicator_type": "", "value": 0.0004838458739992909, "active_strategies_for_symbol": true, "active_count": 3}}
{"timestamp": "2025-12-02T08:51:04.763343+00:00", "level": "WARNING", "module": "logger", "funcName": "_log", "lineno": 188, "event_type": "streaming_indicator_engine.data_anomalies_detected", "data": {"symbol": "ARIA_USDT", "timestamp": 1762076372.312999, "anomalies": ["stale_timestamp: 1762076372.312999 vs 1764665464.763343"], "data_sample": {"price": 0.1671, "volume": 3.0}}}
{"timestamp": "2025-12-02T08:51:04.783747+00:00", "level": "WARNING", "module": "logger", "funcName": "_log", "lineno": 188, "event_type": "streaming_indicator_engine.data_anomalies_detected", "data": {"symbol": "ARIA_USDT", "timestamp": 1762076381.309999, "anomalies": ["stale_timestamp: 1762076381.309999 vs 1764665464.783748"], "data_sample": {"price": 0.16715, "volume": 8.0}}}
{"timestamp": "2025-12-02T08:51:04.798543+00:00", "level": "WARNING", "module": "logger", "funcName": "_log", "lineno": 188, "event_type": "streaming_indicator_engine.data_anomalies_detected", "data": {"symbol": "ARIA_USDT", "timestamp": 1762076388.311, "anomalies": ["stale_timestamp: 1762076388.311 vs 1764665464.7985432"], "data_sample": {"price": 0.16714, "volume": 9.0}}}
{"timestamp": "2025-12-02T08:51:04.813568+00:00", "level": "WARNING", "module": "logger", "funcName": "_log", "lineno": 188, "event_type": "streaming_indicator_engine.data_anomalies_detected", "data": {"symbol": "ARIA_USDT", "timestamp": 1762076401.309999, "anomalies": ["stale_timestamp: 1762076401.309999 vs 1764665464.8135684"], "data_sample": {"price": 0.16717, "volume": 7.0}}}
{"timestamp": "2025-12-02T08:51:04.829555+00:00", "level": "WARNING", "module": "logger", "funcName": "_log", "lineno": 188, "event_type": "streaming_indicator_engine.data_anomalies_detected", "data": {"symbol": "ARIA_USDT", "timestamp": 1762076408.312, "anomalies": ["stale_timestamp: 1762076408.312 vs 1764665464.829556"], "data_sample": {"price": 0.16713, "volume": 3.0}}}
{"timestamp": "2025-12-02T08:51:04.844437+00:00", "level": "WARNING", "module": "logger", "funcName": "_log", "lineno": 188, "event_type": "streaming_indicator_engine.data_anomalies_detected", "data": {"symbol": "ARIA_USDT", "timestamp": 1762076417.311, "anomalies": ["stale_timestamp: 1762076417.311 vs 1764665464.8444374"], "data_sample": {"price": 0.16708, "volume": 3.0}}}
{"timestamp": "2025-12-02T08:51:04.859699+00:00", "level": "WARNING", "module": "logger", "funcName": "_log", "lineno": 188, "event_type": "streaming_indicator_engine.data_anomalies_detected", "data": {"symbol": "ARIA_USDT", "timestamp": 1762076427.308999, "anomalies": ["stale_timestamp: 1762076427.308999 vs 1764665464.859699"], "data_sample": {"price": 0.16707, "volume": 12.0}}}
{"timestamp": "2025-12-02T08:51:04.876010+00:00", "level": "WARNING", "module": "logger", "funcName": "_log", "lineno": 188, "event_type": "streaming_indicator_engine.data_anomalies_detected", "data": {"symbol": "ARIA_USDT", "timestamp": 1762076435.309999, "anomalies": ["stale_timestamp: 1762076435.309999 vs 1764665464.8750432"], "data_sample": {"price": 0.1671, "volume": 4.0}}}
{"timestamp": "2025-12-02T08:51:04.890519+00:00", "level": "WARNING", "module": "logger", "funcName": "_log", "lineno": 188, "event_type": "streaming_indicator_engine.data_anomalies_detected", "data": {"symbol": "ARIA_USDT", "timestamp": 1762076447.309999, "anomalies": ["stale_timestamp: 1762076447.309999 vs 1764665464.8905194"], "data_sample": {"price": 0.16708, "volume": 9.0}}}
{"timestamp": "2025-12-02T08:51:04.905838+00:00", "level": "WARNING", "module": "logger", "funcName": "_log", "lineno": 188, "event_type": "streaming_indicator_engine.data_anomalies_detected", "data": {"symbol": "ARIA_USDT", "timestamp": 1762076462.309999, "anomalies": ["stale_timestamp: 1762076462.309999 vs 1764665464.9058385"], "data_sample": {"price": 0.16726, "volume": 10.0}}}
{"timestamp": "2025-12-02T08:51:04.921678+00:00", "level": "WARNING", "module": "logger", "funcName": "_log", "lineno": 188, "event_type": "streaming_indicator_engine.data_anomalies_detected", "data": {"symbol": "ARIA_USDT", "timestamp": 1762076476.308999, "anomalies": ["stale_timestamp: 1762076476.308999 vs 1764665464.9216788"], "data_sample": {"price": 0.16745, "volume": 9.0}}}
{"timestamp": "2025-12-02T08:51:04.936439+00:00", "level": "WARNING", "module": "logger", "funcName": "_log", "lineno": 188, "event_type": "streaming_indicator_engine.data_anomalies_detected", "data": {"symbol": "ARIA_USDT", "timestamp": 1762076490.311, "anomalies": ["stale_timestamp: 1762076490.311 vs 1764665464.936439"], "data_sample": {"price": 0.16766, "volume": 7.0}}}
{"timestamp": "2025-12-02T08:51:04.952482+00:00", "level": "WARNING", "module": "logger", "funcName": "_log", "lineno": 188, "event_type": "streaming_indicator_engine.data_anomalies_detected", "data": {"symbol": "ARIA_USDT", "timestamp": 1762076501.311, "anomalies": ["stale_timestamp: 1762076501.311 vs 1764665464.9524822"], "data_sample": {"price": 0.16763, "volume": 5.0}}}
{"timestamp": "2025-12-02T08:51:04.967360+00:00", "level": "WARNING", "module": "logger", "funcName": "_log", "lineno": 188, "event_type": "streaming_indicator_engine.data_anomalies_detected", "data": {"symbol": "ARIA_USDT", "timestamp": 1762076514.408999, "anomalies": ["stale_timestamp: 1762076514.408999 vs 1764665464.9673605"], "data_sample": {"price": 0.16766, "volume": 10.0}}}
{"timestamp": "2025-12-02T08:51:04.983261+00:00", "level": "WARNING", "module": "logger", "funcName": "_log", "lineno": 188, "event_type": "streaming_indicator_engine.data_anomalies_detected", "data": {"symbol": "ARIA_USDT", "timestamp": 1762076520.311, "anomalies": ["stale_timestamp: 1762076520.311 vs 1764665464.9832616"], "data_sample": {"price": 0.1677, "volume": 9.0}}}
{"timestamp": "2025-12-02T08:51:04.999434+00:00", "level": "WARNING", "module": "logger", "funcName": "_log", "lineno": 188, "event_type": "streaming_indicator_engine.data_anomalies_detected", "data": {"symbol": "ARIA_USDT", "timestamp": 1762076531.311, "anomalies": ["stale_timestamp: 1762076531.311 vs 1764665464.999434"], "data_sample": {"price": 0.16778, "volume": 10.0}}}
{"timestamp": "2025-12-02T08:51:05.014534+00:00", "level": "WARNING", "module": "logger", "funcName": "_log", "lineno": 188, "event_type": "streaming_indicator_engine.data_anomalies_detected", "data": {"symbol": "ARIA_USDT", "timestamp": 1762076537.311, "anomalies": ["stale_timestamp: 1762076537.311 vs 1764665465.0145345"], "data_sample": {"price": 0.16777, "volume": 10.0}}}
{"timestamp": "2025-12-02T08:51:05.029497+00:00", "level": "WARNING", "module": "logger", "funcName": "_log", "lineno": 188, "event_type": "streaming_indicator_engine.data_anomalies_detected", "data": {"symbol": "ARIA_USDT", "timestamp": 1762076543.312, "anomalies": ["stale_timestamp: 1762076543.312 vs 1764665465.0294971"], "data_sample": {"price": 0.16765, "volume": 8.0}}}
{"timestamp": "2025-12-02T08:51:05.044630+00:00", "level": "WARNING", "module": "logger", "funcName": "_log", "lineno": 188, "event_type": "streaming_indicator_engine.data_anomalies_detected", "data": {"symbol": "ARIA_USDT", "timestamp": 1762076551.311, "anomalies": ["stale_timestamp: 1762076551.311 vs 1764665465.0446303"], "data_sample": {"price": 0.16776, "volume": 7.0}}}
{"timestamp": "2025-12-02T08:51:05.060293+00:00", "level": "WARNING", "module": "logger", "funcName": "_log", "lineno": 188, "event_type": "streaming_indicator_engine.data_anomalies_detected", "data": {"symbol": "ARIA_USDT", "timestamp": 1762076567.313999, "anomalies": ["stale_timestamp: 1762076567.313999 vs 1764665465.0602932"], "data_sample": {"price": 0.16779, "volume": 4.0}}}
{"timestamp": "2025-12-02T08:51:05.061300+00:00", "level": "WARNING", "module": "logger", "funcName": "_log", "lineno": 188, "event_type": "streaming_indicator_engine.data_anomalies_detected", "data": {"symbol": "ARIA_USDT", "timestamp": 1762076582.312999, "anomalies": ["stale_timestamp: 1762076582.312999 vs 1764665465.0613005"], "data_sample": {"price": 0.16774, "volume": 4.0}}}
{"timestamp": "2025-12-02T08:51:05.062290+00:00", "level": "WARNING", "module": "logger", "funcName": "_log", "lineno": 188, "event_type": "streaming_indicator_engine.data_anomalies_detected", "data": {"symbol": "ARIA_USDT", "timestamp": 1762076595.309999, "anomalies": ["stale_timestamp: 1762076595.309999 vs 1764665465.0622904"], "data_sample": {"price": 0.16776, "volume": 10.0}}}
{"timestamp": "2025-12-02T08:51:05.075983+00:00", "level": "WARNING", "module": "logger", "funcName": "_log", "lineno": 188, "event_type": "streaming_indicator_engine.data_anomalies_detected", "data": {"symbol": "ARIA_USDT", "timestamp": 1762076606.309999, "anomalies": ["stale_timestamp: 1762076606.309999 vs 1764665465.0759835"], "data_sample": {"price": 0.16772, "volume": 9.0}}}
{"timestamp": "2025-12-02T08:51:05.090574+00:00", "level": "WARNING", "module": "logger", "funcName": "_log", "lineno": 188, "event_type": "streaming_indicator_engine.data_anomalies_detected", "data": {"symbol": "ARIA_USDT", "timestamp": 1762076620.309999, "anomalies": ["stale_timestamp: 1762076620.309999 vs 1764665465.090574"], "data_sample": {"price": 0.16764, "volume": 5.0}}}
{"timestamp": "2025-12-02T08:51:05.105997+00:00", "level": "WARNING", "module": "logger", "funcName": "_log", "lineno": 188, "event_type": "streaming_indicator_engine.data_anomalies_detected", "data": {"symbol": "ARIA_USDT", "timestamp": 1762076628.311, "anomalies": ["stale_timestamp: 1762076628.311 vs 1764665465.1059978"], "data_sample": {"price": 0.16761, "volume": 7.0}}}
{"timestamp": "2025-12-02T08:51:05.121401+00:00", "level": "WARNING", "module": "logger", "funcName": "_log", "lineno": 188, "event_type": "streaming_indicator_engine.data_anomalies_detected", "data": {"symbol": "ARIA_USDT", "timestamp": 1762076638.312999, "anomalies": ["stale_timestamp: 1762076638.312999 vs 1764665465.121401"], "data_sample": {"price": 0.16763, "volume": 10.0}}}
{"timestamp": "2025-12-02T08:51:05.136713+00:00", "level": "WARNING", "module": "logger", "funcName": "_log", "lineno": 188, "event_type": "streaming_indicator_engine.data_anomalies_detected", "data": {"symbol": "ARIA_USDT", "timestamp": 1762076647.309999, "anomalies": ["stale_timestamp: 1762076647.309999 vs 1764665465.1367137"], "data_sample": {"price": 0.16762, "volume": 4.0}}}
{"timestamp": "2025-12-02T08:51:05.151904+00:00", "level": "WARNING", "module": "logger", "funcName": "_log", "lineno": 188, "event_type": "streaming_indicator_engine.data_anomalies_detected", "data": {"symbol": "ARIA_USDT", "timestamp": 1762076653.309999, "anomalies": ["stale_timestamp: 1762076653.309999 vs 1764665465.1519046"], "data_sample": {"price": 0.16761, "volume": 9.0}}}
{"timestamp": "2025-12-02T08:51:05.166961+00:00", "level": "WARNING", "module": "logger", "funcName": "_log", "lineno": 188, "event_type": "streaming_indicator_engine.data_anomalies_detected", "data": {"symbol": "ARIA_USDT", "timestamp": 1762076666.309999, "anomalies": ["stale_timestamp: 1762076666.309999 vs 1764665465.166961"], "data_sample": {"price": 0.16763, "volume": 9.0}}}
{"timestamp": "2025-12-02T08:51:05.181874+00:00", "level": "WARNING", "module": "logger", "funcName": "_log", "lineno": 188, "event_type": "streaming_indicator_engine.data_anomalies_detected", "data": {"symbol": "ARIA_USDT", "timestamp": 1762076672.308999, "anomalies": ["stale_timestamp: 1762076672.308999 vs 1764665465.1818743"], "data_sample": {"price": 0.16762, "volume": 9.0}}}
{"timestamp": "2025-12-02T08:51:05.197406+00:00", "level": "WARNING", "module": "logger", "funcName": "_log", "lineno": 188, "event_type": "streaming_indicator_engine.data_anomalies_detected", "data": {"symbol": "ARIA_USDT", "timestamp": 1762076685.309999, "anomalies": ["stale_timestamp: 1762076685.309999 vs 1764665465.197406"], "data_sample": {"price": 0.16732, "volume": 9.0}}}
{"timestamp": "2025-12-02T08:51:05.212176+00:00", "level": "WARNING", "module": "logger", "funcName": "_log", "lineno": 188, "event_type": "streaming_indicator_engine.data_anomalies_detected", "data": {"symbol": "ARIA_USDT", "timestamp": 1762076699.311, "anomalies": ["stale_timestamp: 1762076699.311 vs 1764665465.212176"], "data_sample": {"price": 0.16737, "volume": 11.0}}}
{"timestamp": "2025-12-02T08:51:05.227775+00:00", "level": "WARNING", "module": "logger", "funcName": "_log", "lineno": 188, "event_type": "streaming_indicator_engine.data_anomalies_detected", "data": {"symbol": "ARIA_USDT", "timestamp": 1762076713.309999, "anomalies": ["stale_timestamp: 1762076713.309999 vs 1764665465.2277758"], "data_sample": {"price": 0.16735, "volume": 4.0}}}
{"timestamp": "2025-12-02T08:51:05.243932+00:00", "level": "WARNING", "module": "logger", "funcName": "_log", "lineno": 188, "event_type": "streaming_indicator_engine.data_anomalies_detected", "data": {"symbol": "ARIA_USDT", "timestamp": 1762076728.311, "anomalies": ["stale_timestamp: 1762076728.311 vs 1764665465.2439327"], "data_sample": {"price": 0.16739, "volume": 9.0}}}
{"timestamp": "2025-12-02T08:51:05.259564+00:00", "level": "WARNING", "module": "logger", "funcName": "_log", "lineno": 188, "event_type": "streaming_indicator_engine.data_anomalies_detected", "data": {"symbol": "ARIA_USDT", "timestamp": 1762076734.308999, "anomalies": ["stale_timestamp: 1762076734.308999 vs 1764665465.2595646"], "data_sample": {"price": 0.16744, "volume": 9.0}}}
{"timestamp": "2025-12-02T08:51:05.275741+00:00", "level": "WARNING", "module": "logger", "funcName": "_log", "lineno": 188, "event_type": "streaming_indicator_engine.data_anomalies_detected", "data": {"symbol": "ARIA_USDT", "timestamp": 1762076750.309999, "anomalies": ["stale_timestamp: 1762076750.309999 vs 1764665465.275742"], "data_sample": {"price": 0.16747, "volume": 10.0}}}
{"timestamp": "2025-12-02T08:51:05.290804+00:00", "level": "WARNING", "module": "logger", "funcName": "_log", "lineno": 188, "event_type": "streaming_indicator_engine.data_anomalies_detected", "data": {"symbol": "ARIA_USDT", "timestamp": 1762076759.311, "anomalies": ["stale_timestamp: 1762076759.311 vs 1764665465.2908046"], "data_sample": {"price": 0.16746, "volume": 10.0}}}
{"timestamp": "2025-12-02T08:51:05.305435+00:00", "level": "WARNING", "module": "logger", "funcName": "_log", "lineno": 188, "event_type": "streaming_indicator_engine.data_anomalies_detected", "data": {"symbol": "ARIA_USDT", "timestamp": 1762076767.309999, "anomalies": ["stale_timestamp: 1762076767.309999 vs 1764665465.3054354"], "data_sample": {"price": 0.16742, "volume": 8.0}}}
{"timestamp": "2025-12-02T08:51:05.321346+00:00", "level": "WARNING", "module": "logger", "funcName": "_log", "lineno": 188, "event_type": "streaming_indicator_engine.data_anomalies_detected", "data": {"symbol": "ARIA_USDT", "timestamp": 1762076783.312, "anomalies": ["stale_timestamp: 1762076783.312 vs 1764665465.3213468"], "data_sample": {"price": 0.16745, "volume": 8.0}}}
{"timestamp": "2025-12-02T08:51:05.336784+00:00", "level": "WARNING", "module": "logger", "funcName": "_log", "lineno": 188, "event_type": "streaming_indicator_engine.data_anomalies_detected", "data": {"symbol": "ARIA_USDT", "timestamp": 1762076789.309999, "anomalies": ["stale_timestamp: 1762076789.309999 vs 1764665465.3367846"], "data_sample": {"price": 0.16755, "volume": 9.0}}}
{"timestamp": "2025-12-02T08:51:05.352161+00:00", "level": "WARNING", "module": "logger", "funcName": "_log", "lineno": 188, "event_type": "streaming_indicator_engine.data_anomalies_detected", "data": {"symbol": "ARIA_USDT", "timestamp": 1762076803.311, "anomalies": ["stale_timestamp: 1762076803.311 vs 1764665465.3521612"], "data_sample": {"price": 0.16758, "volume": 10.0}}}
{"timestamp": "2025-12-02T08:51:05.367082+00:00", "level": "WARNING", "module": "logger", "funcName": "_log", "lineno": 188, "event_type": "streaming_indicator_engine.data_anomalies_detected", "data": {"symbol": "ARIA_USDT", "timestamp": 1762076816.308999, "anomalies": ["stale_timestamp: 1762076816.308999 vs 1764665465.3670824"], "data_sample": {"price": 0.16762, "volume": 9.0}}}
{"timestamp": "2025-12-02T08:51:05.382208+00:00", "level": "WARNING", "module": "logger", "funcName": "_log", "lineno": 188, "event_type": "streaming_indicator_engine.data_anomalies_detected", "data": {"symbol": "ARIA_USDT", "timestamp": 1762076825.312999, "anomalies": ["stale_timestamp: 1762076825.312999 vs 1764665465.382209"], "data_sample": {"price": 0.16751, "volume": 10.0}}}
{"timestamp": "2025-12-02T08:51:05.396934+00:00", "level": "WARNING", "module": "logger", "funcName": "_log", "lineno": 188, "event_type": "streaming_indicator_engine.data_anomalies_detected", "data": {"symbol": "ARIA_USDT", "timestamp": 1762076831.316999, "anomalies": ["stale_timestamp: 1762076831.316999 vs 1764665465.396935"], "data_sample": {"price": 0.1674, "volume": 6.0}}}
{"timestamp": "2025-12-02T08:51:05.412895+00:00", "level": "WARNING", "module": "logger", "funcName": "_log", "lineno": 188, "event_type": "streaming_indicator_engine.data_anomalies_detected", "data": {"symbol": "ARIA_USDT", "timestamp": 1762076839.311, "anomalies": ["stale_timestamp: 1762076839.311 vs 1764665465.4128952"], "data_sample": {"price": 0.16741, "volume": 8.0}}}
{"timestamp": "2025-12-02T08:51:05.429506+00:00", "level": "WARNING", "module": "logger", "funcName": "_log", "lineno": 188, "event_type": "streaming_indicator_engine.data_anomalies_detected", "data": {"symbol": "ARIA_USDT", "timestamp": 1762076846.312, "anomalies": ["stale_timestamp: 1762076846.312 vs 1764665465.429506"], "data_sample": {"price": 0.1674, "volume": 6.0}}}
{"timestamp": "2025-12-02T08:51:05.444798+00:00", "level": "WARNING", "module": "logger", "funcName": "_log", "lineno": 188, "event_type": "streaming_indicator_engine.data_anomalies_detected", "data": {"symbol": "ARIA_USDT", "timestamp": 1762076859.309999, "anomalies": ["stale_timestamp: 1762076859.309999 vs 1764665465.444798"], "data_sample": {"price": 0.16723, "volume": 5.0}}}
{"timestamp": "2025-12-02T08:51:05.460335+00:00", "level": "WARNING", "module": "logger", "funcName": "_log", "lineno": 188, "event_type": "streaming_indicator_engine.data_anomalies_detected", "data": {"symbol": "ARIA_USDT", "timestamp": 1762076870.309999, "anomalies": ["stale_timestamp: 1762076870.309999 vs 1764665465.4603353"], "data_sample": {"price": 0.16724, "volume": 9.0}}}
{"timestamp": "2025-12-02T08:51:05.475866+00:00", "level": "WARNING", "module": "logger", "funcName": "_log", "lineno": 188, "event_type": "streaming_indicator_engine.data_anomalies_detected", "data": {"symbol": "ARIA_USDT", "timestamp": 1762076878.309999, "anomalies": ["stale_timestamp: 1762076878.309999 vs 1764665465.475866"], "data_sample": {"price": 0.16731, "volume": 4.0}}}
{"timestamp": "2025-12-02T08:51:05.492408+00:00", "level": "WARNING", "module": "logger", "funcName": "_log", "lineno": 188, "event_type": "streaming_indicator_engine.data_anomalies_detected", "data": {"symbol": "ARIA_USDT", "timestamp": 1762076892.311, "anomalies": ["stale_timestamp: 1762076892.311 vs 1764665465.4924088"], "data_sample": {"price": 0.16728, "volume": 9.0}}}
{"timestamp": "2025-12-02T08:51:05.522522+00:00", "level": "WARNING", "module": "logger", "funcName": "_log", "lineno": 188, "event_type": "streaming_indicator_engine.data_anomalies_detected", "data": {"symbol": "ARIA_USDT", "timestamp": 1762076900.309999, "anomalies": ["stale_timestamp: 1762076900.309999 vs 1764665465.5225224"], "data_sample": {"price": 0.16731, "volume": 7.0}}}
{"timestamp": "2025-12-02T08:51:05.537363+00:00", "level": "WARNING", "module": "logger", "funcName": "_log", "lineno": 188, "event_type": "streaming_indicator_engine.data_anomalies_detected", "data": {"symbol": "ARIA_USDT", "timestamp": 1762076915.308999, "anomalies": ["stale_timestamp: 1762076915.308999 vs 1764665465.5373633"], "data_sample": {"price": 0.16729, "volume": 4.0}}}
{"timestamp": "2025-12-02T08:51:05.552187+00:00", "level": "WARNING", "module": "logger", "funcName": "_log", "lineno": 188, "event_type": "streaming_indicator_engine.data_anomalies_detected", "data": {"symbol": "ARIA_USDT", "timestamp": 1762076929.309999, "anomalies": ["stale_timestamp: 1762076929.309999 vs 1764665465.5521874"], "data_sample": {"price": 0.16725, "volume": 11.0}}}
{"timestamp": "2025-12-02T08:51:05.567225+00:00", "level": "WARNING", "module": "logger", "funcName": "_log", "lineno": 188, "event_type": "streaming_indicator_engine.data_anomalies_detected", "data": {"symbol": "ARIA_USDT", "timestamp": 1762076940.312999, "anomalies": ["stale_timestamp: 1762076940.312999 vs 1764665465.567225"], "data_sample": {"price": 0.16733, "volume": 8.0}}}
{"timestamp": "2025-12-02T08:51:05.583331+00:00", "level": "WARNING", "module": "logger", "funcName": "_log", "lineno": 188, "event_type": "streaming_indicator_engine.data_anomalies_detected", "data": {"symbol": "ARIA_USDT", "timestamp": 1762076949.324999, "anomalies": ["stale_timestamp: 1762076949.324999 vs 1764665465.5833316"], "data_sample": {"price": 0.1673, "volume": 8.0}}}
{"timestamp": "2025-12-02T08:51:05.600418+00:00", "level": "WARNING", "module": "logger", "funcName": "_log", "lineno": 188, "event_type": "streaming_indicator_engine.data_anomalies_detected", "data": {"symbol": "ARIA_USDT", "timestamp": 1762076965.316, "anomalies": ["stale_timestamp: 1762076965.316 vs 1764665465.5994065"], "data_sample": {"price": 0.16729, "volume": 4.0}}}
{"timestamp": "2025-12-02T08:51:05.614385+00:00", "level": "WARNING", "module": "logger", "funcName": "_log", "lineno": 188, "event_type": "streaming_indicator_engine.data_anomalies_detected", "data": {"symbol": "ARIA_USDT", "timestamp": 1762076978.312, "anomalies": ["stale_timestamp: 1762076978.312 vs 1764665465.6143851"], "data_sample": {"price": 0.1673, "volume": 9.0}}}
{"timestamp": "2025-12-02T08:51:05.630033+00:00", "level": "WARNING", "module": "logger", "funcName": "_log", "lineno": 188, "event_type": "streaming_indicator_engine.data_anomalies_detected", "data": {"symbol": "ARIA_USDT", "timestamp": 1762076990.315, "anomalies": ["stale_timestamp: 1762076990.315 vs 1764665465.6295228"], "data_sample": {"price": 0.16733, "volume": 10.0}}}
{"timestamp": "2025-12-02T08:51:05.644738+00:00", "level": "WARNING", "module": "logger", "funcName": "_log", "lineno": 188, "event_type": "streaming_indicator_engine.data_anomalies_detected", "data": {"symbol": "ARIA_USDT", "timestamp": 1762076997.315, "anomalies": ["stale_timestamp: 1762076997.315 vs 1764665465.6447382"], "data_sample": {"price": 0.16726, "volume": 12.0}}}
{"timestamp": "2025-12-02T08:51:05.659427+00:00", "level": "WARNING", "module": "logger", "funcName": "_log", "lineno": 188, "event_type": "streaming_indicator_engine.data_anomalies_detected", "data": {"symbol": "ARIA_USDT", "timestamp": 1762077007.309999, "anomalies": ["stale_timestamp: 1762077007.309999 vs 1764665465.6594276"], "data_sample": {"price": 0.16719, "volume": 4.0}}}
{"timestamp": "2025-12-02T08:51:05.675091+00:00", "level": "WARNING", "module": "logger", "funcName": "_log", "lineno": 188, "event_type": "streaming_indicator_engine.data_anomalies_detected", "data": {"symbol": "ARIA_USDT", "timestamp": 1762077018.309999, "anomalies": ["stale_timestamp: 1762077018.309999 vs 1764665465.675092"], "data_sample": {"price": 0.16722, "volume": 8.0}}}
{"timestamp": "2025-12-02T08:51:05.690282+00:00", "level": "WARNING", "module": "logger", "funcName": "_log", "lineno": 188, "event_type": "streaming_indicator_engine.data_anomalies_detected", "data": {"symbol": "ARIA_USDT", "timestamp": 1762077025.309999, "anomalies": ["stale_timestamp: 1762077025.309999 vs 1764665465.690283"], "data_sample": {"price": 0.16726, "volume": 5.0}}}
{"timestamp": "2025-12-02T08:51:05.705569+00:00", "level": "WARNING", "module": "logger", "funcName": "_log", "lineno": 188, "event_type": "streaming_indicator_engine.data_anomalies_detected", "data": {"symbol": "ARIA_USDT", "timestamp": 1762077033.311, "anomalies": ["stale_timestamp: 1762077033.311 vs 1764665465.7055693"], "data_sample": {"price": 0.16725, "volume": 4.0}}}
{"timestamp": "2025-12-02T08:51:05.720972+00:00", "level": "WARNING", "module": "logger", "funcName": "_log", "lineno": 188, "event_type": "streaming_indicator_engine.data_anomalies_detected", "data": {"symbol": "ARIA_USDT", "timestamp": 1762077042.309999, "anomalies": ["stale_timestamp: 1762077042.309999 vs 1764665465.7209723"], "data_sample": {"price": 0.16724, "volume": 4.0}}}
{"timestamp": "2025-12-02T08:51:05.735607+00:00", "level": "WARNING", "module": "logger", "funcName": "_log", "lineno": 188, "event_type": "streaming_indicator_engine.data_anomalies_detected", "data": {"symbol": "ARIA_USDT", "timestamp": 1762077051.309999, "anomalies": ["stale_timestamp: 1762077051.309999 vs 1764665465.7356074"], "data_sample": {"price": 0.16725, "volume": 4.0}}}
{"timestamp": "2025-12-02T08:51:05.750972+00:00", "level": "WARNING", "module": "logger", "funcName": "_log", "lineno": 188, "event_type": "streaming_indicator_engine.data_anomalies_detected", "data": {"symbol": "ARIA_USDT", "timestamp": 1762077057.312999, "anomalies": ["stale_timestamp: 1762077057.312999 vs 1764665465.7509725"], "data_sample": {"price": 0.16726, "volume": 3.0}}}
{"timestamp": "2025-12-02T08:51:05.766456+00:00", "level": "WARNING", "module": "logger", "funcName": "_log", "lineno": 188, "event_type": "streaming_indicator_engine.data_anomalies_detected", "data": {"symbol": "ARIA_USDT", "timestamp": 1762077067.316999, "anomalies": ["stale_timestamp: 1762077067.316999 vs 1764665465.7664568"], "data_sample": {"price": 0.16725, "volume": 8.0}}}
{"timestamp": "2025-12-02T08:51:05.782149+00:00", "level": "WARNING", "module": "logger", "funcName": "_log", "lineno": 188, "event_type": "streaming_indicator_engine.data_anomalies_detected", "data": {"symbol": "ARIA_USDT", "timestamp": 1762077081.308, "anomalies": ["stale_timestamp: 1762077081.308 vs 1764665465.7821498"], "data_sample": {"price": 0.16714, "volume": 6.0}}}
{"timestamp": "2025-12-02T08:51:05.797333+00:00", "level": "WARNING", "module": "logger", "funcName": "_log", "lineno": 188, "event_type": "streaming_indicator_engine.data_anomalies_detected", "data": {"symbol": "ARIA_USDT", "timestamp": 1762077089.311, "anomalies": ["stale_timestamp: 1762077089.311 vs 1764665465.7973337"], "data_sample": {"price": 0.16711, "volume": 4.0}}}
{"timestamp": "2025-12-02T08:51:05.813188+00:00", "level": "WARNING", "module": "logger", "funcName": "_log", "lineno": 188, "event_type": "streaming_indicator_engine.data_anomalies_detected", "data": {"symbol": "ARIA_USDT", "timestamp": 1762077098.311, "anomalies": ["stale_timestamp: 1762077098.311 vs 1764665465.8131888"], "data_sample": {"price": 0.16702, "volume": 4.0}}}
{"timestamp": "2025-12-02T08:51:05.827928+00:00", "level": "WARNING", "module": "logger", "funcName": "_log", "lineno": 188, "event_type": "streaming_indicator_engine.data_anomalies_detected", "data": {"symbol": "ARIA_USDT", "timestamp": 1762077107.335, "anomalies": ["stale_timestamp: 1762077107.335 vs 1764665465.8279288"], "data_sample": {"price": 0.167, "volume": 26.0}}}
{"timestamp": "2025-12-02T08:51:05.844768+00:00", "level": "WARNING", "module": "logger", "funcName": "_log", "lineno": 188, "event_type": "streaming_indicator_engine.data_anomalies_detected", "data": {"symbol": "ARIA_USDT", "timestamp": 1762077121.309999, "anomalies": ["stale_timestamp: 1762077121.309999 vs 1764665465.8447685"], "data_sample": {"price": 0.16704, "volume": 8.0}}}
{"timestamp": "2025-12-02T08:51:05.858711+00:00", "level": "WARNING", "module": "logger", "funcName": "_log", "lineno": 188, "event_type": "streaming_indicator_engine.data_anomalies_detected", "data": {"symbol": "ARIA_USDT", "timestamp": 1762077123.420999, "anomalies": ["stale_timestamp: 1762077123.420999 vs 1764665465.8587112"], "data_sample": {"price": 0.167, "volume": 59.0}}}
{"timestamp": "2025-12-02T08:51:05.874569+00:00", "level": "WARNING", "module": "logger", "funcName": "_log", "lineno": 188, "event_type": "streaming_indicator_engine.data_anomalies_detected", "data": {"symbol": "ARIA_USDT", "timestamp": 1762077139.311, "anomalies": ["stale_timestamp: 1762077139.311 vs 1764665465.874569"], "data_sample": {"price": 0.16703, "volume": 5.0}}}
{"timestamp": "2025-12-02T08:51:05.889987+00:00", "level": "WARNING", "module": "logger", "funcName": "_log", "lineno": 188, "event_type": "streaming_indicator_engine.data_anomalies_detected", "data": {"symbol": "ARIA_USDT", "timestamp": 1762077152.308999, "anomalies": ["stale_timestamp: 1762077152.308999 vs 1764665465.8894775"], "data_sample": {"price": 0.16708, "volume": 9.0}}}
{"timestamp": "2025-12-02T08:51:05.905038+00:00", "level": "WARNING", "module": "logger", "funcName": "_log", "lineno": 188, "event_type": "streaming_indicator_engine.data_anomalies_detected", "data": {"symbol": "ARIA_USDT", "timestamp": 1762077163.309999, "anomalies": ["stale_timestamp: 1762077163.309999 vs 1764665465.9050388"], "data_sample": {"price": 0.16713, "volume": 11.0}}}
{"timestamp": "2025-12-02T08:51:05.920936+00:00", "level": "WARNING", "module": "logger", "funcName": "_log", "lineno": 188, "event_type": "streaming_indicator_engine.data_anomalies_detected", "data": {"symbol": "ARIA_USDT", "timestamp": 1762077172.309999, "anomalies": ["stale_timestamp: 1762077172.309999 vs 1764665465.920936"], "data_sample": {"price": 0.16706, "volume": 12.0}}}
{"timestamp": "2025-12-02T08:51:05.936452+00:00", "level": "WARNING", "module": "logger", "funcName": "_log", "lineno": 188, "event_type": "streaming_indicator_engine.data_anomalies_detected", "data": {"symbol": "ARIA_USDT", "timestamp": 1762077187.312999, "anomalies": ["stale_timestamp: 1762077187.312999 vs 1764665465.9364526"], "data_sample": {"price": 0.16705, "volume": 4.0}}}
{"timestamp": "2025-12-02T08:51:05.952431+00:00", "level": "WARNING", "module": "logger", "funcName": "_log", "lineno": 188, "event_type": "streaming_indicator_engine.data_anomalies_detected", "data": {"symbol": "ARIA_USDT", "timestamp": 1762077203.309999, "anomalies": ["stale_timestamp: 1762077203.309999 vs 1764665465.951423"], "data_sample": {"price": 0.16703, "volume": 6.0}}}
{"timestamp": "2025-12-02T08:51:05.983155+00:00", "level": "WARNING", "module": "logger", "funcName": "_log", "lineno": 188, "event_type": "streaming_indicator_engine.data_anomalies_detected", "data": {"symbol": "ARIA_USDT", "timestamp": 1762077211.312, "anomalies": ["stale_timestamp: 1762077211.312 vs 1764665465.9821038"], "data_sample": {"price": 0.16707, "volume": 9.0}}}
{"timestamp": "2025-12-02T08:51:05.987168+00:00", "level": "INFO", "module": "logger", "funcName": "_log", "lineno": 188, "event_type": "strategy_manager.indicator_update_received", "data": {"symbol": "ARIA_USDT", "indicator_name": "611fad91-045d-408b-8822-f43428935033_20", "indicator_type": "", "value": -0.0007981006217765115, "active_strategies_for_symbol": true, "active_count": 3}}
{"timestamp": "2025-12-02T08:51:05.988167+00:00", "level": "WARNING", "module": "logger", "funcName": "_log", "lineno": 188, "event_type": "streaming_indicator_engine.data_anomalies_detected", "data": {"symbol": "ARIA_USDT", "timestamp": 1762077227.312999, "anomalies": ["stale_timestamp: 1762077227.312999 vs 1764665465.988168"], "data_sample": {"price": 0.16704, "volume": 4.0}}}
{"timestamp": "2025-12-02T08:51:05.990695+00:00", "level": "WARNING", "module": "logger", "funcName": "_log", "lineno": 188, "event_type": "streaming_indicator_engine.data_anomalies_detected", "data": {"symbol": "ARIA_USDT", "timestamp": 1762077234.308999, "anomalies": ["stale_timestamp: 1762077234.308999 vs 1764665465.989674"], "data_sample": {"price": 0.16708, "volume": 8.0}}}
{"timestamp": "2025-12-02T08:51:05.993711+00:00", "level": "WARNING", "module": "logger", "funcName": "_log", "lineno": 188, "event_type": "streaming_indicator_engine.data_anomalies_detected", "data": {"symbol": "ARIA_USDT", "timestamp": 1762077247.312999, "anomalies": ["stale_timestamp: 1762077247.312999 vs 1764665465.993711"], "data_sample": {"price": 0.16705, "volume": 7.0}}}
{"timestamp": "2025-12-02T08:51:05.997208+00:00", "level": "WARNING", "module": "logger", "funcName": "_log", "lineno": 188, "event_type": "streaming_indicator_engine.data_anomalies_detected", "data": {"symbol": "ARIA_USDT", "timestamp": 1762077263.309999, "anomalies": ["stale_timestamp: 1762077263.309999 vs 1764665465.9972088"], "data_sample": {"price": 0.16704, "volume": 7.0}}}
{"timestamp": "2025-12-02T08:51:05.998212+00:00", "level": "WARNING", "module": "logger", "funcName": "_log", "lineno": 188, "event_type": "streaming_indicator_engine.data_anomalies_detected", "data": {"symbol": "ARIA_USDT", "timestamp": 1762077274.309999, "anomalies": ["stale_timestamp: 1762077274.309999 vs 1764665465.9982123"], "data_sample": {"price": 0.16709, "volume": 4.0}}}
{"timestamp": "2025-12-02T08:51:05.999212+00:00", "level": "INFO", "module": "logger", "funcName": "_log", "lineno": 188, "event_type": "strategy_manager.indicator_update_received", "data": {"symbol": "ARIA_USDT", "indicator_name": "611fad91-045d-408b-8822-f43428935033_20", "indicator_type": "", "value": -0.0007981006217765115, "active_strategies_for_symbol": true, "active_count": 3}}
{"timestamp": "2025-12-02T08:51:05.999722+00:00", "level": "WARNING", "module": "logger", "funcName": "_log", "lineno": 188, "event_type": "streaming_indicator_engine.data_anomalies_detected", "data": {"symbol": "ARIA_USDT", "timestamp": 1762077281.311, "anomalies": ["stale_timestamp: 1762077281.311 vs 1764665465.9997225"], "data_sample": {"price": 0.16713, "volume": 12.0}}}
{"timestamp": "2025-12-02T08:51:06.000732+00:00", "level": "WARNING", "module": "logger", "funcName": "_log", "lineno": 188, "event_type": "streaming_indicator_engine.data_anomalies_detected", "data": {"symbol": "ARIA_USDT", "timestamp": 1762077290.312, "anomalies": ["stale_timestamp: 1762077290.312 vs 1764665466.0007324"], "data_sample": {"price": 0.16709, "volume": 8.0}}}
{"timestamp": "2025-12-02T08:51:06.003057+00:00", "level": "WARNING", "module": "logger", "funcName": "_log", "lineno": 188, "event_type": "streaming_indicator_engine.data_anomalies_detected", "data": {"symbol": "ARIA_USDT", "timestamp": 1762077299.312, "anomalies": ["stale_timestamp: 1762077299.312 vs 1764665466.003057"], "data_sample": {"price": 0.16706, "volume": 8.0}}}
{"timestamp": "2025-12-02T08:51:06.006082+00:00", "level": "WARNING", "module": "logger", "funcName": "_log", "lineno": 188, "event_type": "streaming_indicator_engine.data_anomalies_detected", "data": {"symbol": "ARIA_USDT", "timestamp": 1762077309.309999, "anomalies": ["stale_timestamp: 1762077309.309999 vs 1764665466.006082"], "data_sample": {"price": 0.16705, "volume": 6.0}}}
{"timestamp": "2025-12-02T08:51:06.009640+00:00", "level": "WARNING", "module": "logger", "funcName": "_log", "lineno": 188, "event_type": "streaming_indicator_engine.data_anomalies_detected", "data": {"symbol": "ARIA_USDT", "timestamp": 1762077318.312, "anomalies": ["stale_timestamp: 1762077318.312 vs 1764665466.009641"], "data_sample": {"price": 0.16706, "volume": 9.0}}}
{"timestamp": "2025-12-02T08:51:06.010145+00:00", "level": "WARNING", "module": "logger", "funcName": "_log", "lineno": 188, "event_type": "streaming_indicator_engine.data_anomalies_detected", "data": {"symbol": "ARIA_USDT", "timestamp": 1762077324.309999, "anomalies": ["stale_timestamp: 1762077324.309999 vs 1764665466.010146"], "data_sample": {"price": 0.1671, "volume": 5.0}}}
{"timestamp": "2025-12-02T08:51:06.017299+00:00", "level": "INFO", "module": "logger", "funcName": "_log", "lineno": 188, "event_type": "strategy_manager.indicator_update_received", "data": {"symbol": "ARIA_USDT", "indicator_name": "11b8be00-eed3-48fe-b359-df47b297226c_20", "indicator_type": "", "value": -0.0004389473749404454, "active_strategies_for_symbol": true, "active_count": 3}}
{"timestamp": "2025-12-02T08:51:06.018727+00:00", "level": "WARNING", "module": "logger", "funcName": "_log", "lineno": 188, "event_type": "streaming_indicator_engine.data_anomalies_detected", "data": {"symbol": "ARIA_USDT", "timestamp": 1762077335.309999, "anomalies": ["stale_timestamp: 1762077335.309999 vs 1764665466.0187268"], "data_sample": {"price": 0.16709, "volume": 4.0}}}
{"timestamp": "2025-12-02T08:51:06.019234+00:00", "level": "WARNING", "module": "logger", "funcName": "_log", "lineno": 188, "event_type": "streaming_indicator_engine.data_anomalies_detected", "data": {"symbol": "ARIA_USDT", "timestamp": 1762077351.309999, "anomalies": ["stale_timestamp: 1762077351.309999 vs 1764665466.0192347"], "data_sample": {"price": 0.1671, "volume": 3.0}}}
{"timestamp": "2025-12-02T08:51:06.021457+00:00", "level": "WARNING", "module": "logger", "funcName": "_log", "lineno": 188, "event_type": "streaming_indicator_engine.data_anomalies_detected", "data": {"symbol": "ARIA_USDT", "timestamp": 1762077362.309999, "anomalies": ["stale_timestamp: 1762077362.309999 vs 1764665466.0205371"], "data_sample": {"price": 0.16716, "volume": 5.0}}}
{"timestamp": "2025-12-02T08:51:06.023471+00:00", "level": "WARNING", "module": "logger", "funcName": "_log", "lineno": 188, "event_type": "streaming_indicator_engine.data_anomalies_detected", "data": {"symbol": "ARIA_USDT", "timestamp": 1762077376.309999, "anomalies": ["stale_timestamp: 1762077376.309999 vs 1764665466.0224738"], "data_sample": {"price": 0.16724, "volume": 11.0}}}
{"timestamp": "2025-12-02T08:51:06.026593+00:00", "level": "WARNING", "module": "logger", "funcName": "_log", "lineno": 188, "event_type": "streaming_indicator_engine.data_anomalies_detected", "data": {"symbol": "ARIA_USDT", "timestamp": 1762077387.309999, "anomalies": ["stale_timestamp: 1762077387.309999 vs 1764665466.0260859"], "data_sample": {"price": 0.16726, "volume": 11.0}}}
{"timestamp": "2025-12-02T08:51:06.031458+00:00", "level": "WARNING", "module": "logger", "funcName": "_log", "lineno": 188, "event_type": "streaming_indicator_engine.data_anomalies_detected", "data": {"symbol": "ARIA_USDT", "timestamp": 1762077395.309999, "anomalies": ["stale_timestamp: 1762077395.309999 vs 1764665466.0314581"], "data_sample": {"price": 0.16728, "volume": 3.0}}}
{"timestamp": "2025-12-02T08:51:06.033540+00:00", "level": "INFO", "module": "logger", "funcName": "_log", "lineno": 188, "event_type": "strategy_manager.indicator_update_received", "data": {"symbol": "ARIA_USDT", "indicator_name": "11b8be00-eed3-48fe-b359-df47b297226c_20", "indicator_type": "", "value": -0.0004389473749404454, "active_strategies_for_symbol": true, "active_count": 3}}
{"timestamp": "2025-12-02T08:51:06.033540+00:00", "level": "WARNING", "module": "logger", "funcName": "_log", "lineno": 188, "event_type": "streaming_indicator_engine.data_anomalies_detected", "data": {"symbol": "ARIA_USDT", "timestamp": 1762077402.309999, "anomalies": ["stale_timestamp: 1762077402.309999 vs 1764665466.0335402"], "data_sample": {"price": 0.1673, "volume": 10.0}}}
{"timestamp": "2025-12-02T08:51:06.035882+00:00", "level": "WARNING", "module": "logger", "funcName": "_log", "lineno": 188, "event_type": "streaming_indicator_engine.data_anomalies_detected", "data": {"symbol": "ARIA_USDT", "timestamp": 1762077412.311, "anomalies": ["stale_timestamp: 1762077412.311 vs 1764665466.0345414"], "data_sample": {"price": 0.16729, "volume": 7.0}}}
{"timestamp": "2025-12-02T08:51:06.038477+00:00", "level": "WARNING", "module": "logger", "funcName": "_log", "lineno": 188, "event_type": "streaming_indicator_engine.data_anomalies_detected", "data": {"symbol": "ARIA_USDT", "timestamp": 1762077421.309999, "anomalies": ["stale_timestamp: 1762077421.309999 vs 1764665466.0379002"], "data_sample": {"price": 0.16727, "volume": 4.0}}}
{"timestamp": "2025-12-02T08:51:06.047805+00:00", "level": "INFO", "module": "logger", "funcName": "_log", "lineno": 188, "event_type": "strategy_manager.indicator_update_received", "data": {"symbol": "ARIA_USDT", "indicator_name": "790d8eed-dc95-43ff-b625-1205d256154b_20", "indicator_type": "", "value": 0.0013506874143189638, "active_strategies_for_symbol": true, "active_count": 3}}
{"timestamp": "2025-12-02T08:51:06.049856+00:00", "level": "INFO", "module": "logger", "funcName": "_log", "lineno": 188, "event_type": "strategy_manager.indicator_update_received", "data": {"symbol": "ARIA_USDT", "indicator_name": "790d8eed-dc95-43ff-b625-1205d256154b_20", "indicator_type": "", "value": 0.0013506874143189638, "active_strategies_for_symbol": true, "active_count": 3}}
{"timestamp": "2025-12-02T08:51:06.054172+00:00", "level": "WARNING", "module": "logger", "funcName": "_log", "lineno": 188, "event_type": "streaming_indicator_engine.data_anomalies_detected", "data": {"symbol": "ARIA_USDT", "timestamp": 1762076372.312999, "anomalies": ["stale_timestamp: 1762076372.312999 vs 1764665466.0541728"], "data_sample": {"price": 0.1671, "volume": 3.0}}}
{"timestamp": "2025-12-02T08:51:06.059859+00:00", "level": "WARNING", "module": "logger", "funcName": "_log", "lineno": 188, "event_type": "streaming_indicator_engine.data_anomalies_detected", "data": {"symbol": "ARIA_USDT", "timestamp": 1762076381.309999, "anomalies": ["stale_timestamp: 1762076381.309999 vs 1764665466.0598598"], "data_sample": {"price": 0.16715, "volume": 8.0}}}
{"timestamp": "2025-12-02T08:51:06.062904+00:00", "level": "WARNING", "module": "logger", "funcName": "_log", "lineno": 188, "event_type": "streaming_indicator_engine.data_anomalies_detected", "data": {"symbol": "ARIA_USDT", "timestamp": 1762076388.311, "anomalies": ["stale_timestamp: 1762076388.311 vs 1764665466.0629046"], "data_sample": {"price": 0.16714, "volume": 9.0}}}
{"timestamp": "2025-12-02T08:51:06.064093+00:00", "level": "WARNING", "module": "logger", "funcName": "_log", "lineno": 188, "event_type": "streaming_indicator_engine.data_anomalies_detected", "data": {"symbol": "ARIA_USDT", "timestamp": 1762076401.309999, "anomalies": ["stale_timestamp: 1762076401.309999 vs 1764665466.064093"], "data_sample": {"price": 0.16717, "volume": 7.0}}}
{"timestamp": "2025-12-02T08:51:06.092615+00:00", "level": "WARNING", "module": "logger", "funcName": "_log", "lineno": 188, "event_type": "streaming_indicator_engine.data_anomalies_detected", "data": {"symbol": "ARIA_USDT", "timestamp": 1762076408.312, "anomalies": ["stale_timestamp: 1762076408.312 vs 1764665466.0926154"], "data_sample": {"price": 0.16713, "volume": 3.0}}}
{"timestamp": "2025-12-02T08:51:06.113407+00:00", "level": "WARNING", "module": "logger", "funcName": "_log", "lineno": 188, "event_type": "streaming_indicator_engine.data_anomalies_detected", "data": {"symbol": "ARIA_USDT", "timestamp": 1762076417.311, "anomalies": ["stale_timestamp: 1762076417.311 vs 1764665466.1134079"], "data_sample": {"price": 0.16708, "volume": 3.0}}}
{"timestamp": "2025-12-02T08:51:06.138416+00:00", "level": "WARNING", "module": "logger", "funcName": "_log", "lineno": 188, "event_type": "streaming_indicator_engine.data_anomalies_detected", "data": {"symbol": "ARIA_USDT", "timestamp": 1762076427.308999, "anomalies": ["stale_timestamp: 1762076427.308999 vs 1764665466.1374228"], "data_sample": {"price": 0.16707, "volume": 12.0}}}
{"timestamp": "2025-12-02T08:51:06.168118+00:00", "level": "WARNING", "module": "logger", "funcName": "_log", "lineno": 188, "event_type": "streaming_indicator_engine.data_anomalies_detected", "data": {"symbol": "ARIA_USDT", "timestamp": 1762076435.309999, "anomalies": ["stale_timestamp: 1762076435.309999 vs 1764665466.168118"], "data_sample": {"price": 0.1671, "volume": 4.0}}}
{"timestamp": "2025-12-02T08:51:06.183953+00:00", "level": "WARNING", "module": "logger", "funcName": "_log", "lineno": 188, "event_type": "streaming_indicator_engine.data_anomalies_detected", "data": {"symbol": "ARIA_USDT", "timestamp": 1762076447.309999, "anomalies": ["stale_timestamp: 1762076447.309999 vs 1764665466.183953"], "data_sample": {"price": 0.16708, "volume": 9.0}}}
{"timestamp": "2025-12-02T08:51:06.200385+00:00", "level": "WARNING", "module": "logger", "funcName": "_log", "lineno": 188, "event_type": "streaming_indicator_engine.data_anomalies_detected", "data": {"symbol": "ARIA_USDT", "timestamp": 1762076462.309999, "anomalies": ["stale_timestamp: 1762076462.309999 vs 1764665466.1993756"], "data_sample": {"price": 0.16726, "volume": 10.0}}}
{"timestamp": "2025-12-02T08:51:06.216088+00:00", "level": "WARNING", "module": "logger", "funcName": "_log", "lineno": 188, "event_type": "streaming_indicator_engine.data_anomalies_detected", "data": {"symbol": "ARIA_USDT", "timestamp": 1762076476.308999, "anomalies": ["stale_timestamp: 1762076476.308999 vs 1764665466.2147415"], "data_sample": {"price": 0.16745, "volume": 9.0}}}
{"timestamp": "2025-12-02T08:51:06.231671+00:00", "level": "WARNING", "module": "logger", "funcName": "_log", "lineno": 188, "event_type": "streaming_indicator_engine.data_anomalies_detected", "data": {"symbol": "ARIA_USDT", "timestamp": 1762076490.311, "anomalies": ["stale_timestamp: 1762076490.311 vs 1764665466.2306607"], "data_sample": {"price": 0.16766, "volume": 7.0}}}
{"timestamp": "2025-12-02T08:51:06.254586+00:00", "level": "WARNING", "module": "logger", "funcName": "_log", "lineno": 188, "event_type": "streaming_indicator_engine.data_anomalies_detected", "data": {"symbol": "ARIA_USDT", "timestamp": 1762076501.311, "anomalies": ["stale_timestamp: 1762076501.311 vs 1764665466.254587"], "data_sample": {"price": 0.16763, "volume": 5.0}}}
{"timestamp": "2025-12-02T08:51:06.280027+00:00", "level": "WARNING", "module": "logger", "funcName": "_log", "lineno": 188, "event_type": "streaming_indicator_engine.data_anomalies_detected", "data": {"symbol": "ARIA_USDT", "timestamp": 1762076514.408999, "anomalies": ["stale_timestamp: 1762076514.408999 vs 1764665466.279466"], "data_sample": {"price": 0.16766, "volume": 10.0}}}
{"timestamp": "2025-12-02T08:51:06.316514+00:00", "level": "WARNING", "module": "logger", "funcName": "_log", "lineno": 188, "event_type": "streaming_indicator_engine.data_anomalies_detected", "data": {"symbol": "ARIA_USDT", "timestamp": 1762076520.311, "anomalies": ["stale_timestamp: 1762076520.311 vs 1764665466.316514"], "data_sample": {"price": 0.1677, "volume": 9.0}}}
{"timestamp": "2025-12-02T08:51:06.344073+00:00", "level": "WARNING", "module": "logger", "funcName": "_log", "lineno": 188, "event_type": "streaming_indicator_engine.data_anomalies_detected", "data": {"symbol": "ARIA_USDT", "timestamp": 1762076531.311, "anomalies": ["stale_timestamp: 1762076531.311 vs 1764665466.344073"], "data_sample": {"price": 0.16778, "volume": 10.0}}}
{"timestamp": "2025-12-02T08:51:06.370965+00:00", "level": "WARNING", "module": "logger", "funcName": "_log", "lineno": 188, "event_type": "streaming_indicator_engine.data_anomalies_detected", "data": {"symbol": "ARIA_USDT", "timestamp": 1762076537.311, "anomalies": ["stale_timestamp: 1762076537.311 vs 1764665466.370965"], "data_sample": {"price": 0.16777, "volume": 10.0}}}
{"timestamp": "2025-12-02T08:51:06.396088+00:00", "level": "WARNING", "module": "logger", "funcName": "_log", "lineno": 188, "event_type": "streaming_indicator_engine.data_anomalies_detected", "data": {"symbol": "ARIA_USDT", "timestamp": 1762076543.312, "anomalies": ["stale_timestamp: 1762076543.312 vs 1764665466.3960881"], "data_sample": {"price": 0.16765, "volume": 8.0}}}
{"timestamp": "2025-12-02T08:51:06.413045+00:00", "level": "WARNING", "module": "logger", "funcName": "_log", "lineno": 188, "event_type": "streaming_indicator_engine.data_anomalies_detected", "data": {"symbol": "ARIA_USDT", "timestamp": 1762076551.311, "anomalies": ["stale_timestamp: 1762076551.311 vs 1764665466.4130454"], "data_sample": {"price": 0.16776, "volume": 7.0}}}
{"timestamp": "2025-12-02T08:51:06.427594+00:00", "level": "WARNING", "module": "logger", "funcName": "_log", "lineno": 188, "event_type": "streaming_indicator_engine.data_anomalies_detected", "data": {"symbol": "ARIA_USDT", "timestamp": 1762076567.313999, "anomalies": ["stale_timestamp: 1762076567.313999 vs 1764665466.4275944"], "data_sample": {"price": 0.16779, "volume": 4.0}}}
{"timestamp": "2025-12-02T08:51:06.442550+00:00", "level": "WARNING", "module": "logger", "funcName": "_log", "lineno": 188, "event_type": "streaming_indicator_engine.data_anomalies_detected", "data": {"symbol": "ARIA_USDT", "timestamp": 1762076582.312999, "anomalies": ["stale_timestamp: 1762076582.312999 vs 1764665466.4425502"], "data_sample": {"price": 0.16774, "volume": 4.0}}}
{"timestamp": "2025-12-02T08:51:06.459747+00:00", "level": "WARNING", "module": "logger", "funcName": "_log", "lineno": 188, "event_type": "streaming_indicator_engine.data_anomalies_detected", "data": {"symbol": "ARIA_USDT", "timestamp": 1762076595.309999, "anomalies": ["stale_timestamp: 1762076595.309999 vs 1764665466.4587376"], "data_sample": {"price": 0.16776, "volume": 10.0}}}
{"timestamp": "2025-12-02T08:51:06.476268+00:00", "level": "WARNING", "module": "logger", "funcName": "_log", "lineno": 188, "event_type": "streaming_indicator_engine.data_anomalies_detected", "data": {"symbol": "ARIA_USDT", "timestamp": 1762076606.309999, "anomalies": ["stale_timestamp: 1762076606.309999 vs 1764665466.4762683"], "data_sample": {"price": 0.16772, "volume": 9.0}}}
{"timestamp": "2025-12-02T08:51:06.492553+00:00", "level": "WARNING", "module": "logger", "funcName": "_log", "lineno": 188, "event_type": "streaming_indicator_engine.data_anomalies_detected", "data": {"symbol": "ARIA_USDT", "timestamp": 1762076620.309999, "anomalies": ["stale_timestamp: 1762076620.309999 vs 1764665466.4915533"], "data_sample": {"price": 0.16764, "volume": 5.0}}}
{"timestamp": "2025-12-02T08:51:06.521491+00:00", "level": "WARNING", "module": "logger", "funcName": "_log", "lineno": 188, "event_type": "streaming_indicator_engine.data_anomalies_detected", "data": {"symbol": "ARIA_USDT", "timestamp": 1762076628.311, "anomalies": ["stale_timestamp: 1762076628.311 vs 1764665466.52054"], "data_sample": {"price": 0.16761, "volume": 7.0}}}
{"timestamp": "2025-12-02T08:51:06.534992+00:00", "level": "WARNING", "module": "logger", "funcName": "_log", "lineno": 188, "event_type": "streaming_indicator_engine.data_anomalies_detected", "data": {"symbol": "ARIA_USDT", "timestamp": 1762076638.312999, "anomalies": ["stale_timestamp: 1762076638.312999 vs 1764665466.534992"], "data_sample": {"price": 0.16763, "volume": 10.0}}}
{"timestamp": "2025-12-02T08:51:06.550593+00:00", "level": "WARNING", "module": "logger", "funcName": "_log", "lineno": 188, "event_type": "streaming_indicator_engine.data_anomalies_detected", "data": {"symbol": "ARIA_USDT", "timestamp": 1762076647.309999, "anomalies": ["stale_timestamp: 1762076647.309999 vs 1764665466.5505934"], "data_sample": {"price": 0.16762, "volume": 4.0}}}
{"timestamp": "2025-12-02T08:51:06.565962+00:00", "level": "WARNING", "module": "logger", "funcName": "_log", "lineno": 188, "event_type": "streaming_indicator_engine.data_anomalies_detected", "data": {"symbol": "ARIA_USDT", "timestamp": 1762076653.309999, "anomalies": ["stale_timestamp: 1762076653.309999 vs 1764665466.5659626"], "data_sample": {"price": 0.16761, "volume": 9.0}}}
{"timestamp": "2025-12-02T08:51:06.581917+00:00", "level": "WARNING", "module": "logger", "funcName": "_log", "lineno": 188, "event_type": "streaming_indicator_engine.data_anomalies_detected", "data": {"symbol": "ARIA_USDT", "timestamp": 1762076666.309999, "anomalies": ["stale_timestamp: 1762076666.309999 vs 1764665466.5819178"], "data_sample": {"price": 0.16763, "volume": 9.0}}}
{"timestamp": "2025-12-02T08:51:06.597449+00:00", "level": "WARNING", "module": "logger", "funcName": "_log", "lineno": 188, "event_type": "streaming_indicator_engine.data_anomalies_detected", "data": {"symbol": "ARIA_USDT", "timestamp": 1762076672.308999, "anomalies": ["stale_timestamp: 1762076672.308999 vs 1764665466.5974493"], "data_sample": {"price": 0.16762, "volume": 9.0}}}
{"timestamp": "2025-12-02T08:51:06.614012+00:00", "level": "WARNING", "module": "logger", "funcName": "_log", "lineno": 188, "event_type": "streaming_indicator_engine.data_anomalies_detected", "data": {"symbol": "ARIA_USDT", "timestamp": 1762076685.309999, "anomalies": ["stale_timestamp: 1762076685.309999 vs 1764665466.6130145"], "data_sample": {"price": 0.16732, "volume": 9.0}}}
      Status: running, Ticks: 0, Signals: 0
{"timestamp": "2025-12-02T08:51:06.643792+00:00", "level": "WARNING", "module": "logger", "funcName": "_log", "lineno": 188, "event_type": "streaming_indicator_engine.data_anomalies_detected", "data": {"symbol": "ARIA_USDT", "timestamp": 1762076699.311, "anomalies": ["stale_timestamp: 1762076699.311 vs 1764665466.6437924"], "data_sample": {"price": 0.16737, "volume": 11.0}}}
{"timestamp": "2025-12-02T08:51:06.659616+00:00", "level": "WARNING", "module": "logger", "funcName": "_log", "lineno": 188, "event_type": "streaming_indicator_engine.data_anomalies_detected", "data": {"symbol": "ARIA_USDT", "timestamp": 1762076713.309999, "anomalies": ["stale_timestamp: 1762076713.309999 vs 1764665466.6596162"], "data_sample": {"price": 0.16735, "volume": 4.0}}}
{"timestamp": "2025-12-02T08:51:06.677011+00:00", "level": "WARNING", "module": "logger", "funcName": "_log", "lineno": 188, "event_type": "streaming_indicator_engine.data_anomalies_detected", "data": {"symbol": "ARIA_USDT", "timestamp": 1762076728.311, "anomalies": ["stale_timestamp: 1762076728.311 vs 1764665466.676"], "data_sample": {"price": 0.16739, "volume": 9.0}}}
{"timestamp": "2025-12-02T08:51:06.692535+00:00", "level": "WARNING", "module": "logger", "funcName": "_log", "lineno": 188, "event_type": "streaming_indicator_engine.data_anomalies_detected", "data": {"symbol": "ARIA_USDT", "timestamp": 1762076734.308999, "anomalies": ["stale_timestamp: 1762076734.308999 vs 1764665466.6925354"], "data_sample": {"price": 0.16744, "volume": 9.0}}}
{"timestamp": "2025-12-02T08:51:06.707762+00:00", "level": "WARNING", "module": "logger", "funcName": "_log", "lineno": 188, "event_type": "streaming_indicator_engine.data_anomalies_detected", "data": {"symbol": "ARIA_USDT", "timestamp": 1762076750.309999, "anomalies": ["stale_timestamp: 1762076750.309999 vs 1764665466.70725"], "data_sample": {"price": 0.16747, "volume": 10.0}}}
{"timestamp": "2025-12-02T08:51:06.739733+00:00", "level": "WARNING", "module": "logger", "funcName": "_log", "lineno": 188, "event_type": "streaming_indicator_engine.data_anomalies_detected", "data": {"symbol": "ARIA_USDT", "timestamp": 1762076759.311, "anomalies": ["stale_timestamp: 1762076759.311 vs 1764665466.7397335"], "data_sample": {"price": 0.16746, "volume": 10.0}}}
{"timestamp": "2025-12-02T08:51:06.766334+00:00", "level": "WARNING", "module": "logger", "funcName": "_log", "lineno": 188, "event_type": "streaming_indicator_engine.data_anomalies_detected", "data": {"symbol": "ARIA_USDT", "timestamp": 1762076767.309999, "anomalies": ["stale_timestamp: 1762076767.309999 vs 1764665466.766334"], "data_sample": {"price": 0.16742, "volume": 8.0}}}
{"timestamp": "2025-12-02T08:51:06.782634+00:00", "level": "WARNING", "module": "logger", "funcName": "_log", "lineno": 188, "event_type": "streaming_indicator_engine.data_anomalies_detected", "data": {"symbol": "ARIA_USDT", "timestamp": 1762076783.312, "anomalies": ["stale_timestamp: 1762076783.312 vs 1764665466.7816346"], "data_sample": {"price": 0.16745, "volume": 8.0}}}
{"timestamp": "2025-12-02T08:51:06.797870+00:00", "level": "WARNING", "module": "logger", "funcName": "_log", "lineno": 188, "event_type": "streaming_indicator_engine.data_anomalies_detected", "data": {"symbol": "ARIA_USDT", "timestamp": 1762076789.309999, "anomalies": ["stale_timestamp: 1762076789.309999 vs 1764665466.797148"], "data_sample": {"price": 0.16755, "volume": 9.0}}}
{"timestamp": "2025-12-02T08:51:06.815147+00:00", "level": "WARNING", "module": "logger", "funcName": "_log", "lineno": 188, "event_type": "streaming_indicator_engine.data_anomalies_detected", "data": {"symbol": "ARIA_USDT", "timestamp": 1762076803.311, "anomalies": ["stale_timestamp: 1762076803.311 vs 1764665466.8141725"], "data_sample": {"price": 0.16758, "volume": 10.0}}}
{"timestamp": "2025-12-02T08:51:06.831745+00:00", "level": "WARNING", "module": "logger", "funcName": "_log", "lineno": 188, "event_type": "streaming_indicator_engine.data_anomalies_detected", "data": {"symbol": "ARIA_USDT", "timestamp": 1762076816.308999, "anomalies": ["stale_timestamp: 1762076816.308999 vs 1764665466.8317459"], "data_sample": {"price": 0.16762, "volume": 9.0}}}
{"timestamp": "2025-12-02T08:51:06.845277+00:00", "level": "WARNING", "module": "logger", "funcName": "_log", "lineno": 188, "event_type": "streaming_indicator_engine.data_anomalies_detected", "data": {"symbol": "ARIA_USDT", "timestamp": 1762076825.312999, "anomalies": ["stale_timestamp: 1762076825.312999 vs 1764665466.8452775"], "data_sample": {"price": 0.16751, "volume": 10.0}}}
{"timestamp": "2025-12-02T08:51:06.860056+00:00", "level": "WARNING", "module": "logger", "funcName": "_log", "lineno": 188, "event_type": "streaming_indicator_engine.data_anomalies_detected", "data": {"symbol": "ARIA_USDT", "timestamp": 1762076831.316999, "anomalies": ["stale_timestamp: 1762076831.316999 vs 1764665466.8600566"], "data_sample": {"price": 0.1674, "volume": 6.0}}}
{"timestamp": "2025-12-02T08:51:06.877632+00:00", "level": "WARNING", "module": "logger", "funcName": "_log", "lineno": 188, "event_type": "streaming_indicator_engine.data_anomalies_detected", "data": {"symbol": "ARIA_USDT", "timestamp": 1762076839.311, "anomalies": ["stale_timestamp: 1762076839.311 vs 1764665466.8776326"], "data_sample": {"price": 0.16741, "volume": 8.0}}}
{"timestamp": "2025-12-02T08:51:06.909450+00:00", "level": "WARNING", "module": "logger", "funcName": "_log", "lineno": 188, "event_type": "streaming_indicator_engine.data_anomalies_detected", "data": {"symbol": "ARIA_USDT", "timestamp": 1762076846.312, "anomalies": ["stale_timestamp: 1762076846.312 vs 1764665466.9094505"], "data_sample": {"price": 0.1674, "volume": 6.0}}}
{"timestamp": "2025-12-02T08:51:06.921481+00:00", "level": "WARNING", "module": "logger", "funcName": "_log", "lineno": 188, "event_type": "streaming_indicator_engine.data_anomalies_detected", "data": {"symbol": "ARIA_USDT", "timestamp": 1762076859.309999, "anomalies": ["stale_timestamp: 1762076859.309999 vs 1764665466.9214816"], "data_sample": {"price": 0.16723, "volume": 5.0}}}
{"timestamp": "2025-12-02T08:51:06.937000+00:00", "level": "WARNING", "module": "logger", "funcName": "_log", "lineno": 188, "event_type": "streaming_indicator_engine.data_anomalies_detected", "data": {"symbol": "ARIA_USDT", "timestamp": 1762076870.309999, "anomalies": ["stale_timestamp: 1762076870.309999 vs 1764665466.9370008"], "data_sample": {"price": 0.16724, "volume": 9.0}}}
{"timestamp": "2025-12-02T08:51:06.952755+00:00", "level": "WARNING", "module": "logger", "funcName": "_log", "lineno": 188, "event_type": "streaming_indicator_engine.data_anomalies_detected", "data": {"symbol": "ARIA_USDT", "timestamp": 1762076878.309999, "anomalies": ["stale_timestamp: 1762076878.309999 vs 1764665466.9527557"], "data_sample": {"price": 0.16731, "volume": 4.0}}}
{"timestamp": "2025-12-02T08:51:06.970267+00:00", "level": "WARNING", "module": "logger", "funcName": "_log", "lineno": 188, "event_type": "streaming_indicator_engine.data_anomalies_detected", "data": {"symbol": "ARIA_USDT", "timestamp": 1762076892.311, "anomalies": ["stale_timestamp: 1762076892.311 vs 1764665466.9695895"], "data_sample": {"price": 0.16728, "volume": 9.0}}}
{"timestamp": "2025-12-02T08:51:06.999869+00:00", "level": "WARNING", "module": "logger", "funcName": "_log", "lineno": 188, "event_type": "streaming_indicator_engine.data_anomalies_detected", "data": {"symbol": "ARIA_USDT", "timestamp": 1762076900.309999, "anomalies": ["stale_timestamp: 1762076900.309999 vs 1764665466.9993582"], "data_sample": {"price": 0.16731, "volume": 7.0}}}
{"timestamp": "2025-12-02T08:51:07.015007+00:00", "level": "WARNING", "module": "logger", "funcName": "_log", "lineno": 188, "event_type": "streaming_indicator_engine.data_anomalies_detected", "data": {"symbol": "ARIA_USDT", "timestamp": 1762076915.308999, "anomalies": ["stale_timestamp: 1762076915.308999 vs 1764665467.0150075"], "data_sample": {"price": 0.16729, "volume": 4.0}}}
{"timestamp": "2025-12-02T08:51:07.032811+00:00", "level": "WARNING", "module": "logger", "funcName": "_log", "lineno": 188, "event_type": "streaming_indicator_engine.data_anomalies_detected", "data": {"symbol": "ARIA_USDT", "timestamp": 1762076929.309999, "anomalies": ["stale_timestamp: 1762076929.309999 vs 1764665467.032811"], "data_sample": {"price": 0.16725, "volume": 11.0}}}
{"timestamp": "2025-12-02T08:51:07.062202+00:00", "level": "WARNING", "module": "logger", "funcName": "_log", "lineno": 188, "event_type": "streaming_indicator_engine.data_anomalies_detected", "data": {"symbol": "ARIA_USDT", "timestamp": 1762076940.312999, "anomalies": ["stale_timestamp: 1762076940.312999 vs 1764665467.061191"], "data_sample": {"price": 0.16733, "volume": 8.0}}}
{"timestamp": "2025-12-02T08:51:07.065724+00:00", "level": "WARNING", "module": "logger", "funcName": "_log", "lineno": 188, "event_type": "streaming_indicator_engine.data_anomalies_detected", "data": {"symbol": "ARIA_USDT", "timestamp": 1762076949.324999, "anomalies": ["stale_timestamp: 1762076949.324999 vs 1764665467.0647228"], "data_sample": {"price": 0.1673, "volume": 8.0}}}
{"timestamp": "2025-12-02T08:51:07.094308+00:00", "level": "WARNING", "module": "logger", "funcName": "_log", "lineno": 188, "event_type": "streaming_indicator_engine.data_anomalies_detected", "data": {"symbol": "ARIA_USDT", "timestamp": 1762076965.316, "anomalies": ["stale_timestamp: 1762076965.316 vs 1764665467.0943086"], "data_sample": {"price": 0.16729, "volume": 4.0}}}
{"timestamp": "2025-12-02T08:51:07.110610+00:00", "level": "WARNING", "module": "logger", "funcName": "_log", "lineno": 188, "event_type": "streaming_indicator_engine.data_anomalies_detected", "data": {"symbol": "ARIA_USDT", "timestamp": 1762076978.312, "anomalies": ["stale_timestamp: 1762076978.312 vs 1764665467.1095946"], "data_sample": {"price": 0.1673, "volume": 9.0}}}
{"timestamp": "2025-12-02T08:51:07.139168+00:00", "level": "WARNING", "module": "logger", "funcName": "_log", "lineno": 188, "event_type": "streaming_indicator_engine.data_anomalies_detected", "data": {"symbol": "ARIA_USDT", "timestamp": 1762076990.315, "anomalies": ["stale_timestamp: 1762076990.315 vs 1764665467.1391687"], "data_sample": {"price": 0.16733, "volume": 10.0}}}
{"timestamp": "2025-12-02T08:51:07.170620+00:00", "level": "WARNING", "module": "logger", "funcName": "_log", "lineno": 188, "event_type": "streaming_indicator_engine.data_anomalies_detected", "data": {"symbol": "ARIA_USDT", "timestamp": 1762076997.315, "anomalies": ["stale_timestamp: 1762076997.315 vs 1764665467.1706204"], "data_sample": {"price": 0.16726, "volume": 12.0}}}
{"timestamp": "2025-12-02T08:51:07.186542+00:00", "level": "WARNING", "module": "logger", "funcName": "_log", "lineno": 188, "event_type": "streaming_indicator_engine.data_anomalies_detected", "data": {"symbol": "ARIA_USDT", "timestamp": 1762077007.309999, "anomalies": ["stale_timestamp: 1762077007.309999 vs 1764665467.186542"], "data_sample": {"price": 0.16719, "volume": 4.0}}}
{"timestamp": "2025-12-02T08:51:07.202312+00:00", "level": "WARNING", "module": "logger", "funcName": "_log", "lineno": 188, "event_type": "streaming_indicator_engine.data_anomalies_detected", "data": {"symbol": "ARIA_USDT", "timestamp": 1762077018.309999, "anomalies": ["stale_timestamp: 1762077018.309999 vs 1764665467.2023122"], "data_sample": {"price": 0.16722, "volume": 8.0}}}
{"timestamp": "2025-12-02T08:51:07.219495+00:00", "level": "WARNING", "module": "logger", "funcName": "_log", "lineno": 188, "event_type": "streaming_indicator_engine.data_anomalies_detected", "data": {"symbol": "ARIA_USDT", "timestamp": 1762077025.309999, "anomalies": ["stale_timestamp: 1762077025.309999 vs 1764665467.2194955"], "data_sample": {"price": 0.16726, "volume": 5.0}}}
{"timestamp": "2025-12-02T08:51:07.222517+00:00", "level": "INFO", "module": "logger", "funcName": "_log", "lineno": 188, "event_type": "strategy_manager.indicator_update_received", "data": {"symbol": "ARIA_USDT", "indicator_name": "611fad91-045d-408b-8822-f43428935033_20", "indicator_type": "", "value": -0.001339848230537208, "active_strategies_for_symbol": true, "active_count": 3}}
{"timestamp": "2025-12-02T08:51:07.226513+00:00", "level": "WARNING", "module": "logger", "funcName": "_log", "lineno": 188, "event_type": "streaming_indicator_engine.data_anomalies_detected", "data": {"symbol": "ARIA_USDT", "timestamp": 1762077033.311, "anomalies": ["stale_timestamp: 1762077033.311 vs 1764665467.2265134"], "data_sample": {"price": 0.16725, "volume": 4.0}}}
{"timestamp": "2025-12-02T08:51:07.227528+00:00", "level": "WARNING", "module": "logger", "funcName": "_log", "lineno": 188, "event_type": "streaming_indicator_engine.data_anomalies_detected", "data": {"symbol": "ARIA_USDT", "timestamp": 1762077042.309999, "anomalies": ["stale_timestamp: 1762077042.309999 vs 1764665467.2275279"], "data_sample": {"price": 0.16724, "volume": 4.0}}}
{"timestamp": "2025-12-02T08:51:07.229039+00:00", "level": "WARNING", "module": "logger", "funcName": "_log", "lineno": 188, "event_type": "streaming_indicator_engine.data_anomalies_detected", "data": {"symbol": "ARIA_USDT", "timestamp": 1762077051.309999, "anomalies": ["stale_timestamp: 1762077051.309999 vs 1764665467.2290394"], "data_sample": {"price": 0.16725, "volume": 4.0}}}
{"timestamp": "2025-12-02T08:51:07.230051+00:00", "level": "WARNING", "module": "logger", "funcName": "_log", "lineno": 188, "event_type": "streaming_indicator_engine.data_anomalies_detected", "data": {"symbol": "ARIA_USDT", "timestamp": 1762077057.312999, "anomalies": ["stale_timestamp: 1762077057.312999 vs 1764665467.2300518"], "data_sample": {"price": 0.16726, "volume": 3.0}}}
{"timestamp": "2025-12-02T08:51:07.232179+00:00", "level": "WARNING", "module": "logger", "funcName": "_log", "lineno": 188, "event_type": "streaming_indicator_engine.data_anomalies_detected", "data": {"symbol": "ARIA_USDT", "timestamp": 1762077067.316999, "anomalies": ["stale_timestamp: 1762077067.316999 vs 1764665467.2321796"], "data_sample": {"price": 0.16725, "volume": 8.0}}}
{"timestamp": "2025-12-02T08:51:07.233193+00:00", "level": "INFO", "module": "logger", "funcName": "_log", "lineno": 188, "event_type": "strategy_manager.indicator_update_received", "data": {"symbol": "ARIA_USDT", "indicator_name": "611fad91-045d-408b-8822-f43428935033_20", "indicator_type": "", "value": -0.001339848230537208, "active_strategies_for_symbol": true, "active_count": 3}}
{"timestamp": "2025-12-02T08:51:07.233701+00:00", "level": "WARNING", "module": "logger", "funcName": "_log", "lineno": 188, "event_type": "streaming_indicator_engine.data_anomalies_detected", "data": {"symbol": "ARIA_USDT", "timestamp": 1762077081.308, "anomalies": ["stale_timestamp: 1762077081.308 vs 1764665467.233702"], "data_sample": {"price": 0.16714, "volume": 6.0}}}
{"timestamp": "2025-12-02T08:51:07.235715+00:00", "level": "WARNING", "module": "logger", "funcName": "_log", "lineno": 188, "event_type": "streaming_indicator_engine.data_anomalies_detected", "data": {"symbol": "ARIA_USDT", "timestamp": 1762077089.311, "anomalies": ["stale_timestamp: 1762077089.311 vs 1764665467.2347162"], "data_sample": {"price": 0.16711, "volume": 4.0}}}
{"timestamp": "2025-12-02T08:51:07.236721+00:00", "level": "WARNING", "module": "logger", "funcName": "_log", "lineno": 188, "event_type": "streaming_indicator_engine.data_anomalies_detected", "data": {"symbol": "ARIA_USDT", "timestamp": 1762077098.311, "anomalies": ["stale_timestamp: 1762077098.311 vs 1764665467.2357152"], "data_sample": {"price": 0.16702, "volume": 4.0}}}
{"timestamp": "2025-12-02T08:51:07.237743+00:00", "level": "WARNING", "module": "logger", "funcName": "_log", "lineno": 188, "event_type": "streaming_indicator_engine.data_anomalies_detected", "data": {"symbol": "ARIA_USDT", "timestamp": 1762077107.335, "anomalies": ["stale_timestamp: 1762077107.335 vs 1764665467.2377431"], "data_sample": {"price": 0.167, "volume": 26.0}}}
{"timestamp": "2025-12-02T08:51:07.237743+00:00", "level": "WARNING", "module": "logger", "funcName": "_log", "lineno": 188, "event_type": "streaming_indicator_engine.data_anomalies_detected", "data": {"symbol": "ARIA_USDT", "timestamp": 1762077121.309999, "anomalies": ["stale_timestamp: 1762077121.309999 vs 1764665467.2377431"], "data_sample": {"price": 0.16704, "volume": 8.0}}}
{"timestamp": "2025-12-02T08:51:07.241464+00:00", "level": "WARNING", "module": "logger", "funcName": "_log", "lineno": 188, "event_type": "streaming_indicator_engine.data_anomalies_detected", "data": {"symbol": "ARIA_USDT", "timestamp": 1762077123.420999, "anomalies": ["stale_timestamp: 1762077123.420999 vs 1764665467.2404044"], "data_sample": {"price": 0.167, "volume": 59.0}}}
{"timestamp": "2025-12-02T08:51:07.247935+00:00", "level": "INFO", "module": "logger", "funcName": "_log", "lineno": 188, "event_type": "strategy_manager.indicator_update_received", "data": {"symbol": "ARIA_USDT", "indicator_name": "11b8be00-eed3-48fe-b359-df47b297226c_20", "indicator_type": "", "value": -0.002905608753967066, "active_strategies_for_symbol": true, "active_count": 3}}
{"timestamp": "2025-12-02T08:51:07.249448+00:00", "level": "WARNING", "module": "logger", "funcName": "_log", "lineno": 188, "event_type": "streaming_indicator_engine.data_anomalies_detected", "data": {"symbol": "ARIA_USDT", "timestamp": 1762077139.311, "anomalies": ["stale_timestamp: 1762077139.311 vs 1764665467.2494485"], "data_sample": {"price": 0.16703, "volume": 5.0}}}
{"timestamp": "2025-12-02T08:51:07.250461+00:00", "level": "WARNING", "module": "logger", "funcName": "_log", "lineno": 188, "event_type": "streaming_indicator_engine.data_anomalies_detected", "data": {"symbol": "ARIA_USDT", "timestamp": 1762077152.308999, "anomalies": ["stale_timestamp: 1762077152.308999 vs 1764665467.250461"], "data_sample": {"price": 0.16708, "volume": 9.0}}}
{"timestamp": "2025-12-02T08:51:07.252478+00:00", "level": "WARNING", "module": "logger", "funcName": "_log", "lineno": 188, "event_type": "streaming_indicator_engine.data_anomalies_detected", "data": {"symbol": "ARIA_USDT", "timestamp": 1762077163.309999, "anomalies": ["stale_timestamp: 1762077163.309999 vs 1764665467.2524781"], "data_sample": {"price": 0.16713, "volume": 11.0}}}
{"timestamp": "2025-12-02T08:51:07.253469+00:00", "level": "WARNING", "module": "logger", "funcName": "_log", "lineno": 188, "event_type": "streaming_indicator_engine.data_anomalies_detected", "data": {"symbol": "ARIA_USDT", "timestamp": 1762077172.309999, "anomalies": ["stale_timestamp: 1762077172.309999 vs 1764665467.25347"], "data_sample": {"price": 0.16706, "volume": 12.0}}}
{"timestamp": "2025-12-02T08:51:07.255476+00:00", "level": "WARNING", "module": "logger", "funcName": "_log", "lineno": 188, "event_type": "streaming_indicator_engine.data_anomalies_detected", "data": {"symbol": "ARIA_USDT", "timestamp": 1762077187.312999, "anomalies": ["stale_timestamp: 1762077187.312999 vs 1764665467.2544723"], "data_sample": {"price": 0.16705, "volume": 4.0}}}
{"timestamp": "2025-12-02T08:51:07.256476+00:00", "level": "WARNING", "module": "logger", "funcName": "_log", "lineno": 188, "event_type": "streaming_indicator_engine.data_anomalies_detected", "data": {"symbol": "ARIA_USDT", "timestamp": 1762077203.309999, "anomalies": ["stale_timestamp: 1762077203.309999 vs 1764665467.2564762"], "data_sample": {"price": 0.16703, "volume": 6.0}}}
{"timestamp": "2025-12-02T08:51:07.257475+00:00", "level": "INFO", "module": "logger", "funcName": "_log", "lineno": 188, "event_type": "strategy_manager.indicator_update_received", "data": {"symbol": "ARIA_USDT", "indicator_name": "11b8be00-eed3-48fe-b359-df47b297226c_20", "indicator_type": "", "value": -0.002905608753967066, "active_strategies_for_symbol": true, "active_count": 3}}
{"timestamp": "2025-12-02T08:51:07.258988+00:00", "level": "WARNING", "module": "logger", "funcName": "_log", "lineno": 188, "event_type": "streaming_indicator_engine.data_anomalies_detected", "data": {"symbol": "ARIA_USDT", "timestamp": 1762077211.312, "anomalies": ["stale_timestamp: 1762077211.312 vs 1764665467.2589889"], "data_sample": {"price": 0.16707, "volume": 9.0}}}
{"timestamp": "2025-12-02T08:51:07.261017+00:00", "level": "WARNING", "module": "logger", "funcName": "_log", "lineno": 188, "event_type": "streaming_indicator_engine.data_anomalies_detected", "data": {"symbol": "ARIA_USDT", "timestamp": 1762077227.312999, "anomalies": ["stale_timestamp: 1762077227.312999 vs 1764665467.2610178"], "data_sample": {"price": 0.16704, "volume": 4.0}}}
{"timestamp": "2025-12-02T08:51:07.262032+00:00", "level": "WARNING", "module": "logger", "funcName": "_log", "lineno": 188, "event_type": "streaming_indicator_engine.data_anomalies_detected", "data": {"symbol": "ARIA_USDT", "timestamp": 1762077234.308999, "anomalies": ["stale_timestamp: 1762077234.308999 vs 1764665467.262033"], "data_sample": {"price": 0.16708, "volume": 8.0}}}
{"timestamp": "2025-12-02T08:51:07.264250+00:00", "level": "WARNING", "module": "logger", "funcName": "_log", "lineno": 188, "event_type": "streaming_indicator_engine.data_anomalies_detected", "data": {"symbol": "ARIA_USDT", "timestamp": 1762077247.312999, "anomalies": ["stale_timestamp: 1762077247.312999 vs 1764665467.26425"], "data_sample": {"price": 0.16705, "volume": 7.0}}}
{"timestamp": "2025-12-02T08:51:07.266542+00:00", "level": "WARNING", "module": "logger", "funcName": "_log", "lineno": 188, "event_type": "streaming_indicator_engine.data_anomalies_detected", "data": {"symbol": "ARIA_USDT", "timestamp": 1762077263.309999, "anomalies": ["stale_timestamp: 1762077263.309999 vs 1764665467.2665422"], "data_sample": {"price": 0.16704, "volume": 7.0}}}
{"timestamp": "2025-12-02T08:51:07.267543+00:00", "level": "WARNING", "module": "logger", "funcName": "_log", "lineno": 188, "event_type": "streaming_indicator_engine.data_anomalies_detected", "data": {"symbol": "ARIA_USDT", "timestamp": 1762077274.309999, "anomalies": ["stale_timestamp: 1762077274.309999 vs 1764665467.2675433"], "data_sample": {"price": 0.16709, "volume": 4.0}}}
{"timestamp": "2025-12-02T08:51:07.273079+00:00", "level": "INFO", "module": "logger", "funcName": "_log", "lineno": 188, "event_type": "strategy_manager.indicator_update_received", "data": {"symbol": "ARIA_USDT", "indicator_name": "790d8eed-dc95-43ff-b625-1205d256154b_20", "indicator_type": "", "value": -0.0003941198891242384, "active_strategies_for_symbol": true, "active_count": 3}}
{"timestamp": "2025-12-02T08:51:07.275079+00:00", "level": "WARNING", "module": "logger", "funcName": "_log", "lineno": 188, "event_type": "streaming_indicator_engine.data_anomalies_detected", "data": {"symbol": "ARIA_USDT", "timestamp": 1762077281.311, "anomalies": ["stale_timestamp: 1762077281.311 vs 1764665467.27508"], "data_sample": {"price": 0.16713, "volume": 12.0}}}
{"timestamp": "2025-12-02T08:51:07.277088+00:00", "level": "WARNING", "module": "logger", "funcName": "_log", "lineno": 188, "event_type": "streaming_indicator_engine.data_anomalies_detected", "data": {"symbol": "ARIA_USDT", "timestamp": 1762077290.312, "anomalies": ["stale_timestamp: 1762077290.312 vs 1764665467.277089"], "data_sample": {"price": 0.16709, "volume": 8.0}}}
{"timestamp": "2025-12-02T08:51:07.278079+00:00", "level": "WARNING", "module": "logger", "funcName": "_log", "lineno": 188, "event_type": "streaming_indicator_engine.data_anomalies_detected", "data": {"symbol": "ARIA_USDT", "timestamp": 1762077299.312, "anomalies": ["stale_timestamp: 1762077299.312 vs 1764665467.2780793"], "data_sample": {"price": 0.16706, "volume": 8.0}}}
{"timestamp": "2025-12-02T08:51:07.279586+00:00", "level": "WARNING", "module": "logger", "funcName": "_log", "lineno": 188, "event_type": "streaming_indicator_engine.data_anomalies_detected", "data": {"symbol": "ARIA_USDT", "timestamp": 1762077309.309999, "anomalies": ["stale_timestamp: 1762077309.309999 vs 1764665467.2795868"], "data_sample": {"price": 0.16705, "volume": 6.0}}}
{"timestamp": "2025-12-02T08:51:07.281604+00:00", "level": "WARNING", "module": "logger", "funcName": "_log", "lineno": 188, "event_type": "streaming_indicator_engine.data_anomalies_detected", "data": {"symbol": "ARIA_USDT", "timestamp": 1762077318.312, "anomalies": ["stale_timestamp: 1762077318.312 vs 1764665467.2816048"], "data_sample": {"price": 0.16706, "volume": 9.0}}}
{"timestamp": "2025-12-02T08:51:07.283605+00:00", "level": "WARNING", "module": "logger", "funcName": "_log", "lineno": 188, "event_type": "streaming_indicator_engine.data_anomalies_detected", "data": {"symbol": "ARIA_USDT", "timestamp": 1762077324.309999, "anomalies": ["stale_timestamp: 1762077324.309999 vs 1764665467.283606"], "data_sample": {"price": 0.1671, "volume": 5.0}}}
{"timestamp": "2025-12-02T08:51:07.284606+00:00", "level": "INFO", "module": "logger", "funcName": "_log", "lineno": 188, "event_type": "strategy_manager.indicator_update_received", "data": {"symbol": "ARIA_USDT", "indicator_name": "790d8eed-dc95-43ff-b625-1205d256154b_20", "indicator_type": "", "value": -0.0003941198891242384, "active_strategies_for_symbol": true, "active_count": 3}}
{"timestamp": "2025-12-02T08:51:07.285607+00:00", "level": "WARNING", "module": "logger", "funcName": "_log", "lineno": 188, "event_type": "streaming_indicator_engine.data_anomalies_detected", "data": {"symbol": "ARIA_USDT", "timestamp": 1762077335.309999, "anomalies": ["stale_timestamp: 1762077335.309999 vs 1764665467.2856073"], "data_sample": {"price": 0.16709, "volume": 4.0}}}
{"timestamp": "2025-12-02T08:51:07.285607+00:00", "level": "WARNING", "module": "logger", "funcName": "_log", "lineno": 188, "event_type": "streaming_indicator_engine.data_anomalies_detected", "data": {"symbol": "ARIA_USDT", "timestamp": 1762077351.309999, "anomalies": ["stale_timestamp: 1762077351.309999 vs 1764665467.2856073"], "data_sample": {"price": 0.1671, "volume": 3.0}}}
{"timestamp": "2025-12-02T08:51:07.287107+00:00", "level": "WARNING", "module": "logger", "funcName": "_log", "lineno": 188, "event_type": "streaming_indicator_engine.data_anomalies_detected", "data": {"symbol": "ARIA_USDT", "timestamp": 1762077362.309999, "anomalies": ["stale_timestamp: 1762077362.309999 vs 1764665467.287107"], "data_sample": {"price": 0.16716, "volume": 5.0}}}
{"timestamp": "2025-12-02T08:51:07.288117+00:00", "level": "WARNING", "module": "logger", "funcName": "_log", "lineno": 188, "event_type": "streaming_indicator_engine.data_anomalies_detected", "data": {"symbol": "ARIA_USDT", "timestamp": 1762077376.309999, "anomalies": ["stale_timestamp: 1762077376.309999 vs 1764665467.2881174"], "data_sample": {"price": 0.16724, "volume": 11.0}}}
{"timestamp": "2025-12-02T08:51:07.289116+00:00", "level": "WARNING", "module": "logger", "funcName": "_log", "lineno": 188, "event_type": "streaming_indicator_engine.data_anomalies_detected", "data": {"symbol": "ARIA_USDT", "timestamp": 1762077387.309999, "anomalies": ["stale_timestamp: 1762077387.309999 vs 1764665467.2891164"], "data_sample": {"price": 0.16726, "volume": 11.0}}}
{"timestamp": "2025-12-02T08:51:07.290205+00:00", "level": "WARNING", "module": "logger", "funcName": "_log", "lineno": 188, "event_type": "streaming_indicator_engine.data_anomalies_detected", "data": {"symbol": "ARIA_USDT", "timestamp": 1762077395.309999, "anomalies": ["stale_timestamp: 1762077395.309999 vs 1764665467.2902057"], "data_sample": {"price": 0.16728, "volume": 3.0}}}
{"timestamp": "2025-12-02T08:51:07.291336+00:00", "level": "WARNING", "module": "logger", "funcName": "_log", "lineno": 188, "event_type": "streaming_indicator_engine.data_anomalies_detected", "data": {"symbol": "ARIA_USDT", "timestamp": 1762077402.309999, "anomalies": ["stale_timestamp: 1762077402.309999 vs 1764665467.2913365"], "data_sample": {"price": 0.1673, "volume": 10.0}}}
{"timestamp": "2025-12-02T08:51:07.311559+00:00", "level": "WARNING", "module": "logger", "funcName": "_log", "lineno": 188, "event_type": "streaming_indicator_engine.data_anomalies_detected", "data": {"symbol": "ARIA_USDT", "timestamp": 1762077412.311, "anomalies": ["stale_timestamp: 1762077412.311 vs 1764665467.3102417"], "data_sample": {"price": 0.16729, "volume": 7.0}}}
{"timestamp": "2025-12-02T08:51:07.327004+00:00", "level": "WARNING", "module": "logger", "funcName": "_log", "lineno": 188, "event_type": "streaming_indicator_engine.data_anomalies_detected", "data": {"symbol": "ARIA_USDT", "timestamp": 1762077421.309999, "anomalies": ["stale_timestamp: 1762077421.309999 vs 1764665467.3270042"], "data_sample": {"price": 0.16727, "volume": 4.0}}}
{"timestamp": "2025-12-02T08:51:07.383352+00:00", "level": "WARNING", "module": "logger", "funcName": "_log", "lineno": 188, "event_type": "streaming_indicator_engine.data_anomalies_detected", "data": {"symbol": "ARIA_USDT", "timestamp": 1762076372.312999, "anomalies": ["stale_timestamp: 1762076372.312999 vs 1764665467.3823562"], "data_sample": {"price": 0.1671, "volume": 3.0}}}
{"timestamp": "2025-12-02T08:51:07.403339+00:00", "level": "WARNING", "module": "logger", "funcName": "_log", "lineno": 188, "event_type": "streaming_indicator_engine.data_anomalies_detected", "data": {"symbol": "ARIA_USDT", "timestamp": 1762076381.309999, "anomalies": ["stale_timestamp: 1762076381.309999 vs 1764665467.4033399"], "data_sample": {"price": 0.16715, "volume": 8.0}}}
{"timestamp": "2025-12-02T08:51:07.419211+00:00", "level": "WARNING", "module": "logger", "funcName": "_log", "lineno": 188, "event_type": "streaming_indicator_engine.data_anomalies_detected", "data": {"symbol": "ARIA_USDT", "timestamp": 1762076388.311, "anomalies": ["stale_timestamp: 1762076388.311 vs 1764665467.4192119"], "data_sample": {"price": 0.16714, "volume": 9.0}}}
{"timestamp": "2025-12-02T08:51:07.434818+00:00", "level": "WARNING", "module": "logger", "funcName": "_log", "lineno": 188, "event_type": "streaming_indicator_engine.data_anomalies_detected", "data": {"symbol": "ARIA_USDT", "timestamp": 1762076401.309999, "anomalies": ["stale_timestamp: 1762076401.309999 vs 1764665467.434818"], "data_sample": {"price": 0.16717, "volume": 7.0}}}
{"timestamp": "2025-12-02T08:51:07.451610+00:00", "level": "WARNING", "module": "logger", "funcName": "_log", "lineno": 188, "event_type": "streaming_indicator_engine.data_anomalies_detected", "data": {"symbol": "ARIA_USDT", "timestamp": 1762076408.312, "anomalies": ["stale_timestamp: 1762076408.312 vs 1764665467.4503815"], "data_sample": {"price": 0.16713, "volume": 3.0}}}
{"timestamp": "2025-12-02T08:51:07.465758+00:00", "level": "WARNING", "module": "logger", "funcName": "_log", "lineno": 188, "event_type": "streaming_indicator_engine.data_anomalies_detected", "data": {"symbol": "ARIA_USDT", "timestamp": 1762076417.311, "anomalies": ["stale_timestamp: 1762076417.311 vs 1764665467.4657583"], "data_sample": {"price": 0.16708, "volume": 3.0}}}
{"timestamp": "2025-12-02T08:51:07.481421+00:00", "level": "WARNING", "module": "logger", "funcName": "_log", "lineno": 188, "event_type": "streaming_indicator_engine.data_anomalies_detected", "data": {"symbol": "ARIA_USDT", "timestamp": 1762076427.308999, "anomalies": ["stale_timestamp: 1762076427.308999 vs 1764665467.4814212"], "data_sample": {"price": 0.16707, "volume": 12.0}}}
{"timestamp": "2025-12-02T08:51:07.496494+00:00", "level": "WARNING", "module": "logger", "funcName": "_log", "lineno": 188, "event_type": "streaming_indicator_engine.data_anomalies_detected", "data": {"symbol": "ARIA_USDT", "timestamp": 1762076435.309999, "anomalies": ["stale_timestamp: 1762076435.309999 vs 1764665467.4964948"], "data_sample": {"price": 0.1671, "volume": 4.0}}}
{"timestamp": "2025-12-02T08:51:07.512772+00:00", "level": "WARNING", "module": "logger", "funcName": "_log", "lineno": 188, "event_type": "streaming_indicator_engine.data_anomalies_detected", "data": {"symbol": "ARIA_USDT", "timestamp": 1762076447.309999, "anomalies": ["stale_timestamp: 1762076447.309999 vs 1764665467.5127728"], "data_sample": {"price": 0.16708, "volume": 9.0}}}
{"timestamp": "2025-12-02T08:51:07.527673+00:00", "level": "WARNING", "module": "logger", "funcName": "_log", "lineno": 188, "event_type": "streaming_indicator_engine.data_anomalies_detected", "data": {"symbol": "ARIA_USDT", "timestamp": 1762076462.309999, "anomalies": ["stale_timestamp: 1762076462.309999 vs 1764665467.527674"], "data_sample": {"price": 0.16726, "volume": 10.0}}}
{"timestamp": "2025-12-02T08:51:07.542878+00:00", "level": "WARNING", "module": "logger", "funcName": "_log", "lineno": 188, "event_type": "streaming_indicator_engine.data_anomalies_detected", "data": {"symbol": "ARIA_USDT", "timestamp": 1762076476.308999, "anomalies": ["stale_timestamp: 1762076476.308999 vs 1764665467.5428786"], "data_sample": {"price": 0.16745, "volume": 9.0}}}
{"timestamp": "2025-12-02T08:51:07.560070+00:00", "level": "WARNING", "module": "logger", "funcName": "_log", "lineno": 188, "event_type": "streaming_indicator_engine.data_anomalies_detected", "data": {"symbol": "ARIA_USDT", "timestamp": 1762076490.311, "anomalies": ["stale_timestamp: 1762076490.311 vs 1764665467.5590186"], "data_sample": {"price": 0.16766, "volume": 7.0}}}
{"timestamp": "2025-12-02T08:51:07.592482+00:00", "level": "WARNING", "module": "logger", "funcName": "_log", "lineno": 188, "event_type": "streaming_indicator_engine.data_anomalies_detected", "data": {"symbol": "ARIA_USDT", "timestamp": 1762076501.311, "anomalies": ["stale_timestamp: 1762076501.311 vs 1764665467.592482"], "data_sample": {"price": 0.16763, "volume": 5.0}}}
{"timestamp": "2025-12-02T08:51:07.606478+00:00", "level": "WARNING", "module": "logger", "funcName": "_log", "lineno": 188, "event_type": "streaming_indicator_engine.data_anomalies_detected", "data": {"symbol": "ARIA_USDT", "timestamp": 1762076514.408999, "anomalies": ["stale_timestamp: 1762076514.408999 vs 1764665467.606478"], "data_sample": {"price": 0.16766, "volume": 10.0}}}
{"timestamp": "2025-12-02T08:51:07.622490+00:00", "level": "WARNING", "module": "logger", "funcName": "_log", "lineno": 188, "event_type": "streaming_indicator_engine.data_anomalies_detected", "data": {"symbol": "ARIA_USDT", "timestamp": 1762076520.311, "anomalies": ["stale_timestamp: 1762076520.311 vs 1764665467.6224904"], "data_sample": {"price": 0.1677, "volume": 9.0}}}
{"timestamp": "2025-12-02T08:51:07.638278+00:00", "level": "WARNING", "module": "logger", "funcName": "_log", "lineno": 188, "event_type": "streaming_indicator_engine.data_anomalies_detected", "data": {"symbol": "ARIA_USDT", "timestamp": 1762076531.311, "anomalies": ["stale_timestamp: 1762076531.311 vs 1764665467.6382785"], "data_sample": {"price": 0.16778, "volume": 10.0}}}
{"timestamp": "2025-12-02T08:51:07.653318+00:00", "level": "WARNING", "module": "logger", "funcName": "_log", "lineno": 188, "event_type": "streaming_indicator_engine.data_anomalies_detected", "data": {"symbol": "ARIA_USDT", "timestamp": 1762076537.311, "anomalies": ["stale_timestamp: 1762076537.311 vs 1764665467.6533184"], "data_sample": {"price": 0.16777, "volume": 10.0}}}
{"timestamp": "2025-12-02T08:51:07.669415+00:00", "level": "WARNING", "module": "logger", "funcName": "_log", "lineno": 188, "event_type": "streaming_indicator_engine.data_anomalies_detected", "data": {"symbol": "ARIA_USDT", "timestamp": 1762076543.312, "anomalies": ["stale_timestamp: 1762076543.312 vs 1764665467.6694155"], "data_sample": {"price": 0.16765, "volume": 8.0}}}
{"timestamp": "2025-12-02T08:51:07.685442+00:00", "level": "WARNING", "module": "logger", "funcName": "_log", "lineno": 188, "event_type": "streaming_indicator_engine.data_anomalies_detected", "data": {"symbol": "ARIA_USDT", "timestamp": 1762076551.311, "anomalies": ["stale_timestamp: 1762076551.311 vs 1764665467.685443"], "data_sample": {"price": 0.16776, "volume": 7.0}}}
{"timestamp": "2025-12-02T08:51:07.700488+00:00", "level": "WARNING", "module": "logger", "funcName": "_log", "lineno": 188, "event_type": "streaming_indicator_engine.data_anomalies_detected", "data": {"symbol": "ARIA_USDT", "timestamp": 1762076567.313999, "anomalies": ["stale_timestamp: 1762076567.313999 vs 1764665467.7004879"], "data_sample": {"price": 0.16779, "volume": 4.0}}}
{"timestamp": "2025-12-02T08:51:07.716540+00:00", "level": "WARNING", "module": "logger", "funcName": "_log", "lineno": 188, "event_type": "streaming_indicator_engine.data_anomalies_detected", "data": {"symbol": "ARIA_USDT", "timestamp": 1762076582.312999, "anomalies": ["stale_timestamp: 1762076582.312999 vs 1764665467.7165406"], "data_sample": {"price": 0.16774, "volume": 4.0}}}
{"timestamp": "2025-12-02T08:51:07.732530+00:00", "level": "WARNING", "module": "logger", "funcName": "_log", "lineno": 188, "event_type": "streaming_indicator_engine.data_anomalies_detected", "data": {"symbol": "ARIA_USDT", "timestamp": 1762076595.309999, "anomalies": ["stale_timestamp: 1762076595.309999 vs 1764665467.73253"], "data_sample": {"price": 0.16776, "volume": 10.0}}}
{"timestamp": "2025-12-02T08:51:07.748235+00:00", "level": "WARNING", "module": "logger", "funcName": "_log", "lineno": 188, "event_type": "streaming_indicator_engine.data_anomalies_detected", "data": {"symbol": "ARIA_USDT", "timestamp": 1762076606.309999, "anomalies": ["stale_timestamp: 1762076606.309999 vs 1764665467.7482357"], "data_sample": {"price": 0.16772, "volume": 9.0}}}
{"timestamp": "2025-12-02T08:51:07.763315+00:00", "level": "WARNING", "module": "logger", "funcName": "_log", "lineno": 188, "event_type": "streaming_indicator_engine.data_anomalies_detected", "data": {"symbol": "ARIA_USDT", "timestamp": 1762076620.309999, "anomalies": ["stale_timestamp: 1762076620.309999 vs 1764665467.7633157"], "data_sample": {"price": 0.16764, "volume": 5.0}}}
{"timestamp": "2025-12-02T08:51:07.779416+00:00", "level": "WARNING", "module": "logger", "funcName": "_log", "lineno": 188, "event_type": "streaming_indicator_engine.data_anomalies_detected", "data": {"symbol": "ARIA_USDT", "timestamp": 1762076628.311, "anomalies": ["stale_timestamp: 1762076628.311 vs 1764665467.7794163"], "data_sample": {"price": 0.16761, "volume": 7.0}}}
{"timestamp": "2025-12-02T08:51:07.794227+00:00", "level": "WARNING", "module": "logger", "funcName": "_log", "lineno": 188, "event_type": "streaming_indicator_engine.data_anomalies_detected", "data": {"symbol": "ARIA_USDT", "timestamp": 1762076638.312999, "anomalies": ["stale_timestamp: 1762076638.312999 vs 1764665467.7942274"], "data_sample": {"price": 0.16763, "volume": 10.0}}}
{"timestamp": "2025-12-02T08:51:07.809421+00:00", "level": "WARNING", "module": "logger", "funcName": "_log", "lineno": 188, "event_type": "streaming_indicator_engine.data_anomalies_detected", "data": {"symbol": "ARIA_USDT", "timestamp": 1762076647.309999, "anomalies": ["stale_timestamp: 1762076647.309999 vs 1764665467.8094215"], "data_sample": {"price": 0.16762, "volume": 4.0}}}
{"timestamp": "2025-12-02T08:51:07.825630+00:00", "level": "WARNING", "module": "logger", "funcName": "_log", "lineno": 188, "event_type": "streaming_indicator_engine.data_anomalies_detected", "data": {"symbol": "ARIA_USDT", "timestamp": 1762076653.309999, "anomalies": ["stale_timestamp: 1762076653.309999 vs 1764665467.8256307"], "data_sample": {"price": 0.16761, "volume": 9.0}}}
{"timestamp": "2025-12-02T08:51:07.841817+00:00", "level": "WARNING", "module": "logger", "funcName": "_log", "lineno": 188, "event_type": "streaming_indicator_engine.data_anomalies_detected", "data": {"symbol": "ARIA_USDT", "timestamp": 1762076666.309999, "anomalies": ["stale_timestamp: 1762076666.309999 vs 1764665467.8418176"], "data_sample": {"price": 0.16763, "volume": 9.0}}}
{"timestamp": "2025-12-02T08:51:07.856388+00:00", "level": "WARNING", "module": "logger", "funcName": "_log", "lineno": 188, "event_type": "streaming_indicator_engine.data_anomalies_detected", "data": {"symbol": "ARIA_USDT", "timestamp": 1762076672.308999, "anomalies": ["stale_timestamp: 1762076672.308999 vs 1764665467.856388"], "data_sample": {"price": 0.16762, "volume": 9.0}}}
{"timestamp": "2025-12-02T08:51:07.871440+00:00", "level": "WARNING", "module": "logger", "funcName": "_log", "lineno": 188, "event_type": "streaming_indicator_engine.data_anomalies_detected", "data": {"symbol": "ARIA_USDT", "timestamp": 1762076685.309999, "anomalies": ["stale_timestamp: 1762076685.309999 vs 1764665467.871441"], "data_sample": {"price": 0.16732, "volume": 9.0}}}
{"timestamp": "2025-12-02T08:51:07.887083+00:00", "level": "WARNING", "module": "logger", "funcName": "_log", "lineno": 188, "event_type": "streaming_indicator_engine.data_anomalies_detected", "data": {"symbol": "ARIA_USDT", "timestamp": 1762076699.311, "anomalies": ["stale_timestamp: 1762076699.311 vs 1764665467.8870838"], "data_sample": {"price": 0.16737, "volume": 11.0}}}
{"timestamp": "2025-12-02T08:51:07.902669+00:00", "level": "WARNING", "module": "logger", "funcName": "_log", "lineno": 188, "event_type": "streaming_indicator_engine.data_anomalies_detected", "data": {"symbol": "ARIA_USDT", "timestamp": 1762076713.309999, "anomalies": ["stale_timestamp: 1762076713.309999 vs 1764665467.9026694"], "data_sample": {"price": 0.16735, "volume": 4.0}}}
{"timestamp": "2025-12-02T08:51:07.919181+00:00", "level": "WARNING", "module": "logger", "funcName": "_log", "lineno": 188, "event_type": "streaming_indicator_engine.data_anomalies_detected", "data": {"symbol": "ARIA_USDT", "timestamp": 1762076728.311, "anomalies": ["stale_timestamp: 1762076728.311 vs 1764665467.9181914"], "data_sample": {"price": 0.16739, "volume": 9.0}}}
{"timestamp": "2025-12-02T08:51:07.933241+00:00", "level": "WARNING", "module": "logger", "funcName": "_log", "lineno": 188, "event_type": "streaming_indicator_engine.data_anomalies_detected", "data": {"symbol": "ARIA_USDT", "timestamp": 1762076734.308999, "anomalies": ["stale_timestamp: 1762076734.308999 vs 1764665467.9332416"], "data_sample": {"price": 0.16744, "volume": 9.0}}}
{"timestamp": "2025-12-02T08:51:07.949450+00:00", "level": "WARNING", "module": "logger", "funcName": "_log", "lineno": 188, "event_type": "streaming_indicator_engine.data_anomalies_detected", "data": {"symbol": "ARIA_USDT", "timestamp": 1762076750.309999, "anomalies": ["stale_timestamp: 1762076750.309999 vs 1764665467.9494505"], "data_sample": {"price": 0.16747, "volume": 10.0}}}
{"timestamp": "2025-12-02T08:51:07.964323+00:00", "level": "WARNING", "module": "logger", "funcName": "_log", "lineno": 188, "event_type": "streaming_indicator_engine.data_anomalies_detected", "data": {"symbol": "ARIA_USDT", "timestamp": 1762076759.311, "anomalies": ["stale_timestamp: 1762076759.311 vs 1764665467.9643233"], "data_sample": {"price": 0.16746, "volume": 10.0}}}
{"timestamp": "2025-12-02T08:51:07.980012+00:00", "level": "WARNING", "module": "logger", "funcName": "_log", "lineno": 188, "event_type": "streaming_indicator_engine.data_anomalies_detected", "data": {"symbol": "ARIA_USDT", "timestamp": 1762076767.309999, "anomalies": ["stale_timestamp: 1762076767.309999 vs 1764665467.980013"], "data_sample": {"price": 0.16742, "volume": 8.0}}}
{"timestamp": "2025-12-02T08:51:07.995004+00:00", "level": "WARNING", "module": "logger", "funcName": "_log", "lineno": 188, "event_type": "streaming_indicator_engine.data_anomalies_detected", "data": {"symbol": "ARIA_USDT", "timestamp": 1762076783.312, "anomalies": ["stale_timestamp: 1762076783.312 vs 1764665467.995004"], "data_sample": {"price": 0.16745, "volume": 8.0}}}
{"timestamp": "2025-12-02T08:51:08.010255+00:00", "level": "WARNING", "module": "logger", "funcName": "_log", "lineno": 188, "event_type": "streaming_indicator_engine.data_anomalies_detected", "data": {"symbol": "ARIA_USDT", "timestamp": 1762076789.309999, "anomalies": ["stale_timestamp: 1762076789.309999 vs 1764665468.0102556"], "data_sample": {"price": 0.16755, "volume": 9.0}}}
{"timestamp": "2025-12-02T08:51:08.026832+00:00", "level": "WARNING", "module": "logger", "funcName": "_log", "lineno": 188, "event_type": "streaming_indicator_engine.data_anomalies_detected", "data": {"symbol": "ARIA_USDT", "timestamp": 1762076803.311, "anomalies": ["stale_timestamp: 1762076803.311 vs 1764665468.0268323"], "data_sample": {"price": 0.16758, "volume": 10.0}}}
{"timestamp": "2025-12-02T08:51:08.041499+00:00", "level": "WARNING", "module": "logger", "funcName": "_log", "lineno": 188, "event_type": "streaming_indicator_engine.data_anomalies_detected", "data": {"symbol": "ARIA_USDT", "timestamp": 1762076816.308999, "anomalies": ["stale_timestamp: 1762076816.308999 vs 1764665468.0405207"], "data_sample": {"price": 0.16762, "volume": 9.0}}}
{"timestamp": "2025-12-02T08:51:08.055150+00:00", "level": "WARNING", "module": "logger", "funcName": "_log", "lineno": 188, "event_type": "streaming_indicator_engine.data_anomalies_detected", "data": {"symbol": "ARIA_USDT", "timestamp": 1762076825.312999, "anomalies": ["stale_timestamp: 1762076825.312999 vs 1764665468.0551505"], "data_sample": {"price": 0.16751, "volume": 10.0}}}
{"timestamp": "2025-12-02T08:51:08.056152+00:00", "level": "WARNING", "module": "logger", "funcName": "_log", "lineno": 188, "event_type": "streaming_indicator_engine.data_anomalies_detected", "data": {"symbol": "ARIA_USDT", "timestamp": 1762076831.316999, "anomalies": ["stale_timestamp: 1762076831.316999 vs 1764665468.0561523"], "data_sample": {"price": 0.1674, "volume": 6.0}}}
{"timestamp": "2025-12-02T08:51:08.059661+00:00", "level": "WARNING", "module": "logger", "funcName": "_log", "lineno": 188, "event_type": "streaming_indicator_engine.data_anomalies_detected", "data": {"symbol": "ARIA_USDT", "timestamp": 1762076839.311, "anomalies": ["stale_timestamp: 1762076839.311 vs 1764665468.0596614"], "data_sample": {"price": 0.16741, "volume": 8.0}}}
{"timestamp": "2025-12-02T08:51:08.060674+00:00", "level": "WARNING", "module": "logger", "funcName": "_log", "lineno": 188, "event_type": "streaming_indicator_engine.data_anomalies_detected", "data": {"symbol": "ARIA_USDT", "timestamp": 1762076846.312, "anomalies": ["stale_timestamp: 1762076846.312 vs 1764665468.0606747"], "data_sample": {"price": 0.1674, "volume": 6.0}}}
{"timestamp": "2025-12-02T08:51:08.086032+00:00", "level": "WARNING", "module": "logger", "funcName": "_log", "lineno": 188, "event_type": "streaming_indicator_engine.data_anomalies_detected", "data": {"symbol": "ARIA_USDT", "timestamp": 1762076859.309999, "anomalies": ["stale_timestamp: 1762076859.309999 vs 1764665468.086032"], "data_sample": {"price": 0.16723, "volume": 5.0}}}
{"timestamp": "2025-12-02T08:51:08.101139+00:00", "level": "WARNING", "module": "logger", "funcName": "_log", "lineno": 188, "event_type": "streaming_indicator_engine.data_anomalies_detected", "data": {"symbol": "ARIA_USDT", "timestamp": 1762076870.309999, "anomalies": ["stale_timestamp: 1762076870.309999 vs 1764665468.1011398"], "data_sample": {"price": 0.16724, "volume": 9.0}}}
{"timestamp": "2025-12-02T08:51:08.103138+00:00", "level": "WARNING", "module": "logger", "funcName": "_log", "lineno": 188, "event_type": "streaming_indicator_engine.data_anomalies_detected", "data": {"symbol": "ARIA_USDT", "timestamp": 1762076878.309999, "anomalies": ["stale_timestamp: 1762076878.309999 vs 1764665468.1021352"], "data_sample": {"price": 0.16731, "volume": 4.0}}}
{"timestamp": "2025-12-02T08:51:08.116931+00:00", "level": "WARNING", "module": "logger", "funcName": "_log", "lineno": 188, "event_type": "streaming_indicator_engine.data_anomalies_detected", "data": {"symbol": "ARIA_USDT", "timestamp": 1762076892.311, "anomalies": ["stale_timestamp: 1762076892.311 vs 1764665468.1169317"], "data_sample": {"price": 0.16728, "volume": 9.0}}}
{"timestamp": "2025-12-02T08:51:08.148445+00:00", "level": "WARNING", "module": "logger", "funcName": "_log", "lineno": 188, "event_type": "streaming_indicator_engine.data_anomalies_detected", "data": {"symbol": "ARIA_USDT", "timestamp": 1762076900.309999, "anomalies": ["stale_timestamp: 1762076900.309999 vs 1764665468.1484458"], "data_sample": {"price": 0.16731, "volume": 7.0}}}
{"timestamp": "2025-12-02T08:51:08.163539+00:00", "level": "WARNING", "module": "logger", "funcName": "_log", "lineno": 188, "event_type": "streaming_indicator_engine.data_anomalies_detected", "data": {"symbol": "ARIA_USDT", "timestamp": 1762076915.308999, "anomalies": ["stale_timestamp: 1762076915.308999 vs 1764665468.1635392"], "data_sample": {"price": 0.16729, "volume": 4.0}}}
{"timestamp": "2025-12-02T08:51:08.179981+00:00", "level": "WARNING", "module": "logger", "funcName": "_log", "lineno": 188, "event_type": "streaming_indicator_engine.data_anomalies_detected", "data": {"symbol": "ARIA_USDT", "timestamp": 1762076929.309999, "anomalies": ["stale_timestamp: 1762076929.309999 vs 1764665468.179457"], "data_sample": {"price": 0.16725, "volume": 11.0}}}
{"timestamp": "2025-12-02T08:51:08.195116+00:00", "level": "WARNING", "module": "logger", "funcName": "_log", "lineno": 188, "event_type": "streaming_indicator_engine.data_anomalies_detected", "data": {"symbol": "ARIA_USDT", "timestamp": 1762076940.312999, "anomalies": ["stale_timestamp: 1762076940.312999 vs 1764665468.1951163"], "data_sample": {"price": 0.16733, "volume": 8.0}}}
{"timestamp": "2025-12-02T08:51:08.210083+00:00", "level": "WARNING", "module": "logger", "funcName": "_log", "lineno": 188, "event_type": "streaming_indicator_engine.data_anomalies_detected", "data": {"symbol": "ARIA_USDT", "timestamp": 1762076949.324999, "anomalies": ["stale_timestamp: 1762076949.324999 vs 1764665468.2100835"], "data_sample": {"price": 0.1673, "volume": 8.0}}}
{"timestamp": "2025-12-02T08:51:08.226129+00:00", "level": "WARNING", "module": "logger", "funcName": "_log", "lineno": 188, "event_type": "streaming_indicator_engine.data_anomalies_detected", "data": {"symbol": "ARIA_USDT", "timestamp": 1762076965.316, "anomalies": ["stale_timestamp: 1762076965.316 vs 1764665468.2261288"], "data_sample": {"price": 0.16729, "volume": 4.0}}}
{"timestamp": "2025-12-02T08:51:08.231166+00:00", "level": "INFO", "module": "logger", "funcName": "_log", "lineno": 188, "event_type": "strategy_manager.indicator_update_received", "data": {"symbol": "ARIA_USDT", "indicator_name": "611fad91-045d-408b-8822-f43428935033_20", "indicator_type": "", "value": 0.00016955725435917782, "active_strategies_for_symbol": true, "active_count": 3}}
{"timestamp": "2025-12-02T08:51:08.232165+00:00", "level": "WARNING", "module": "logger", "funcName": "_log", "lineno": 188, "event_type": "streaming_indicator_engine.data_anomalies_detected", "data": {"symbol": "ARIA_USDT", "timestamp": 1762076978.312, "anomalies": ["stale_timestamp: 1762076978.312 vs 1764665468.2321656"], "data_sample": {"price": 0.1673, "volume": 9.0}}}
{"timestamp": "2025-12-02T08:51:08.233618+00:00", "level": "WARNING", "module": "logger", "funcName": "_log", "lineno": 188, "event_type": "streaming_indicator_engine.data_anomalies_detected", "data": {"symbol": "ARIA_USDT", "timestamp": 1762076990.315, "anomalies": ["stale_timestamp: 1762076990.315 vs 1764665468.233619"], "data_sample": {"price": 0.16733, "volume": 10.0}}}
{"timestamp": "2025-12-02T08:51:08.235634+00:00", "level": "WARNING", "module": "logger", "funcName": "_log", "lineno": 188, "event_type": "streaming_indicator_engine.data_anomalies_detected", "data": {"symbol": "ARIA_USDT", "timestamp": 1762076997.315, "anomalies": ["stale_timestamp: 1762076997.315 vs 1764665468.2346332"], "data_sample": {"price": 0.16726, "volume": 12.0}}}
{"timestamp": "2025-12-02T08:51:08.236731+00:00", "level": "WARNING", "module": "logger", "funcName": "_log", "lineno": 188, "event_type": "streaming_indicator_engine.data_anomalies_detected", "data": {"symbol": "ARIA_USDT", "timestamp": 1762077007.309999, "anomalies": ["stale_timestamp: 1762077007.309999 vs 1764665468.2367313"], "data_sample": {"price": 0.16719, "volume": 4.0}}}
{"timestamp": "2025-12-02T08:51:08.237642+00:00", "level": "WARNING", "module": "logger", "funcName": "_log", "lineno": 188, "event_type": "streaming_indicator_engine.data_anomalies_detected", "data": {"symbol": "ARIA_USDT", "timestamp": 1762077018.309999, "anomalies": ["stale_timestamp: 1762077018.309999 vs 1764665468.237642"], "data_sample": {"price": 0.16722, "volume": 8.0}}}
{"timestamp": "2025-12-02T08:51:08.239150+00:00", "level": "INFO", "module": "logger", "funcName": "_log", "lineno": 188, "event_type": "strategy_manager.indicator_update_received", "data": {"symbol": "ARIA_USDT", "indicator_name": "611fad91-045d-408b-8822-f43428935033_20", "indicator_type": "", "value": 0.00016955725435917782, "active_strategies_for_symbol": true, "active_count": 3}}
{"timestamp": "2025-12-02T08:51:08.240161+00:00", "level": "WARNING", "module": "logger", "funcName": "_log", "lineno": 188, "event_type": "streaming_indicator_engine.data_anomalies_detected", "data": {"symbol": "ARIA_USDT", "timestamp": 1762077025.309999, "anomalies": ["stale_timestamp: 1762077025.309999 vs 1764665468.240161"], "data_sample": {"price": 0.16726, "volume": 5.0}}}
{"timestamp": "2025-12-02T08:51:08.241169+00:00", "level": "WARNING", "module": "logger", "funcName": "_log", "lineno": 188, "event_type": "streaming_indicator_engine.data_anomalies_detected", "data": {"symbol": "ARIA_USDT", "timestamp": 1762077033.311, "anomalies": ["stale_timestamp: 1762077033.311 vs 1764665468.241169"], "data_sample": {"price": 0.16725, "volume": 4.0}}}
{"timestamp": "2025-12-02T08:51:08.243487+00:00", "level": "WARNING", "module": "logger", "funcName": "_log", "lineno": 188, "event_type": "streaming_indicator_engine.data_anomalies_detected", "data": {"symbol": "ARIA_USDT", "timestamp": 1762077042.309999, "anomalies": ["stale_timestamp: 1762077042.309999 vs 1764665468.2434876"], "data_sample": {"price": 0.16724, "volume": 4.0}}}
{"timestamp": "2025-12-02T08:51:08.243487+00:00", "level": "WARNING", "module": "logger", "funcName": "_log", "lineno": 188, "event_type": "streaming_indicator_engine.data_anomalies_detected", "data": {"symbol": "ARIA_USDT", "timestamp": 1762077051.309999, "anomalies": ["stale_timestamp: 1762077051.309999 vs 1764665468.2434876"], "data_sample": {"price": 0.16725, "volume": 4.0}}}
{"timestamp": "2025-12-02T08:51:08.245968+00:00", "level": "WARNING", "module": "logger", "funcName": "_log", "lineno": 188, "event_type": "streaming_indicator_engine.data_anomalies_detected", "data": {"symbol": "ARIA_USDT", "timestamp": 1762077057.312999, "anomalies": ["stale_timestamp: 1762077057.312999 vs 1764665468.2449572"], "data_sample": {"price": 0.16726, "volume": 3.0}}}
{"timestamp": "2025-12-02T08:51:08.245968+00:00", "level": "WARNING", "module": "logger", "funcName": "_log", "lineno": 188, "event_type": "streaming_indicator_engine.data_anomalies_detected", "data": {"symbol": "ARIA_USDT", "timestamp": 1762077067.316999, "anomalies": ["stale_timestamp: 1762077067.316999 vs 1764665468.245968"], "data_sample": {"price": 0.16725, "volume": 8.0}}}
{"timestamp": "2025-12-02T08:51:08.247028+00:00", "level": "WARNING", "module": "logger", "funcName": "_log", "lineno": 188, "event_type": "streaming_indicator_engine.data_anomalies_detected", "data": {"symbol": "ARIA_USDT", "timestamp": 1762077081.308, "anomalies": ["stale_timestamp: 1762077081.308 vs 1764665468.247028"], "data_sample": {"price": 0.16714, "volume": 6.0}}}
{"timestamp": "2025-12-02T08:51:08.271802+00:00", "level": "WARNING", "module": "logger", "funcName": "_log", "lineno": 188, "event_type": "streaming_indicator_engine.data_anomalies_detected", "data": {"symbol": "ARIA_USDT", "timestamp": 1762077089.311, "anomalies": ["stale_timestamp: 1762077089.311 vs 1764665468.271803"], "data_sample": {"price": 0.16711, "volume": 4.0}}}
{"timestamp": "2025-12-02T08:51:08.287378+00:00", "level": "WARNING", "module": "logger", "funcName": "_log", "lineno": 188, "event_type": "streaming_indicator_engine.data_anomalies_detected", "data": {"symbol": "ARIA_USDT", "timestamp": 1762077098.311, "anomalies": ["stale_timestamp: 1762077098.311 vs 1764665468.2873788"], "data_sample": {"price": 0.16702, "volume": 4.0}}}
{"timestamp": "2025-12-02T08:51:08.302537+00:00", "level": "WARNING", "module": "logger", "funcName": "_log", "lineno": 188, "event_type": "streaming_indicator_engine.data_anomalies_detected", "data": {"symbol": "ARIA_USDT", "timestamp": 1762077107.335, "anomalies": ["stale_timestamp: 1762077107.335 vs 1764665468.3025377"], "data_sample": {"price": 0.167, "volume": 26.0}}}
{"timestamp": "2025-12-02T08:51:08.319047+00:00", "level": "WARNING", "module": "logger", "funcName": "_log", "lineno": 188, "event_type": "streaming_indicator_engine.data_anomalies_detected", "data": {"symbol": "ARIA_USDT", "timestamp": 1762077121.309999, "anomalies": ["stale_timestamp: 1762077121.309999 vs 1764665468.3190477"], "data_sample": {"price": 0.16704, "volume": 8.0}}}
{"timestamp": "2025-12-02T08:51:08.335027+00:00", "level": "WARNING", "module": "logger", "funcName": "_log", "lineno": 188, "event_type": "streaming_indicator_engine.data_anomalies_detected", "data": {"symbol": "ARIA_USDT", "timestamp": 1762077123.420999, "anomalies": ["stale_timestamp: 1762077123.420999 vs 1764665468.3350272"], "data_sample": {"price": 0.167, "volume": 59.0}}}
{"timestamp": "2025-12-02T08:51:08.351178+00:00", "level": "WARNING", "module": "logger", "funcName": "_log", "lineno": 188, "event_type": "streaming_indicator_engine.data_anomalies_detected", "data": {"symbol": "ARIA_USDT", "timestamp": 1762077139.311, "anomalies": ["stale_timestamp: 1762077139.311 vs 1764665468.3511791"], "data_sample": {"price": 0.16703, "volume": 5.0}}}
{"timestamp": "2025-12-02T08:51:08.366799+00:00", "level": "WARNING", "module": "logger", "funcName": "_log", "lineno": 188, "event_type": "streaming_indicator_engine.data_anomalies_detected", "data": {"symbol": "ARIA_USDT", "timestamp": 1762077152.308999, "anomalies": ["stale_timestamp: 1762077152.308999 vs 1764665468.366799"], "data_sample": {"price": 0.16708, "volume": 9.0}}}
{"timestamp": "2025-12-02T08:51:08.382359+00:00", "level": "WARNING", "module": "logger", "funcName": "_log", "lineno": 188, "event_type": "streaming_indicator_engine.data_anomalies_detected", "data": {"symbol": "ARIA_USDT", "timestamp": 1762077163.309999, "anomalies": ["stale_timestamp: 1762077163.309999 vs 1764665468.3823593"], "data_sample": {"price": 0.16713, "volume": 11.0}}}
{"timestamp": "2025-12-02T08:51:08.397793+00:00", "level": "WARNING", "module": "logger", "funcName": "_log", "lineno": 188, "event_type": "streaming_indicator_engine.data_anomalies_detected", "data": {"symbol": "ARIA_USDT", "timestamp": 1762077172.309999, "anomalies": ["stale_timestamp: 1762077172.309999 vs 1764665468.3977938"], "data_sample": {"price": 0.16706, "volume": 12.0}}}
{"timestamp": "2025-12-02T08:51:08.413522+00:00", "level": "WARNING", "module": "logger", "funcName": "_log", "lineno": 188, "event_type": "streaming_indicator_engine.data_anomalies_detected", "data": {"symbol": "ARIA_USDT", "timestamp": 1762077187.312999, "anomalies": ["stale_timestamp: 1762077187.312999 vs 1764665468.4135227"], "data_sample": {"price": 0.16705, "volume": 4.0}}}
{"timestamp": "2025-12-02T08:51:08.429269+00:00", "level": "WARNING", "module": "logger", "funcName": "_log", "lineno": 188, "event_type": "streaming_indicator_engine.data_anomalies_detected", "data": {"symbol": "ARIA_USDT", "timestamp": 1762077203.309999, "anomalies": ["stale_timestamp: 1762077203.309999 vs 1764665468.4287293"], "data_sample": {"price": 0.16703, "volume": 6.0}}}
{"timestamp": "2025-12-02T08:51:08.444648+00:00", "level": "WARNING", "module": "logger", "funcName": "_log", "lineno": 188, "event_type": "streaming_indicator_engine.data_anomalies_detected", "data": {"symbol": "ARIA_USDT", "timestamp": 1762077211.312, "anomalies": ["stale_timestamp: 1762077211.312 vs 1764665468.4446487"], "data_sample": {"price": 0.16707, "volume": 9.0}}}
{"timestamp": "2025-12-02T08:51:08.460214+00:00", "level": "WARNING", "module": "logger", "funcName": "_log", "lineno": 188, "event_type": "streaming_indicator_engine.data_anomalies_detected", "data": {"symbol": "ARIA_USDT", "timestamp": 1762077227.312999, "anomalies": ["stale_timestamp: 1762077227.312999 vs 1764665468.460214"], "data_sample": {"price": 0.16704, "volume": 4.0}}}
{"timestamp": "2025-12-02T08:51:08.475696+00:00", "level": "WARNING", "module": "logger", "funcName": "_log", "lineno": 188, "event_type": "streaming_indicator_engine.data_anomalies_detected", "data": {"symbol": "ARIA_USDT", "timestamp": 1762077234.308999, "anomalies": ["stale_timestamp: 1762077234.308999 vs 1764665468.475696"], "data_sample": {"price": 0.16708, "volume": 8.0}}}
{"timestamp": "2025-12-02T08:51:08.492296+00:00", "level": "WARNING", "module": "logger", "funcName": "_log", "lineno": 188, "event_type": "streaming_indicator_engine.data_anomalies_detected", "data": {"symbol": "ARIA_USDT", "timestamp": 1762077247.312999, "anomalies": ["stale_timestamp: 1762077247.312999 vs 1764665468.4922967"], "data_sample": {"price": 0.16705, "volume": 7.0}}}
{"timestamp": "2025-12-02T08:51:08.494736+00:00", "level": "INFO", "module": "logger", "funcName": "_log", "lineno": 188, "event_type": "strategy_manager.indicator_update_received", "data": {"symbol": "ARIA_USDT", "indicator_name": "5fc82998-9270-4b44-8312-f74ddd20a93d_20", "indicator_type": "", "value": -67.50771889802047, "active_strategies_for_symbol": true, "active_count": 3}}
{"timestamp": "2025-12-02T08:51:08.495836+00:00", "level": "WARNING", "module": "logger", "funcName": "_log", "lineno": 188, "event_type": "streaming_indicator_engine.data_anomalies_detected", "data": {"symbol": "ARIA_USDT", "timestamp": 1762077263.309999, "anomalies": ["stale_timestamp: 1762077263.309999 vs 1764665468.4958365"], "data_sample": {"price": 0.16704, "volume": 7.0}}}
{"timestamp": "2025-12-02T08:51:08.496735+00:00", "level": "WARNING", "module": "logger", "funcName": "_log", "lineno": 188, "event_type": "streaming_indicator_engine.data_anomalies_detected", "data": {"symbol": "ARIA_USDT", "timestamp": 1762077274.309999, "anomalies": ["stale_timestamp: 1762077274.309999 vs 1764665468.496736"], "data_sample": {"price": 0.16709, "volume": 4.0}}}
{"timestamp": "2025-12-02T08:51:08.497733+00:00", "level": "WARNING", "module": "logger", "funcName": "_log", "lineno": 188, "event_type": "streaming_indicator_engine.data_anomalies_detected", "data": {"symbol": "ARIA_USDT", "timestamp": 1762077281.311, "anomalies": ["stale_timestamp: 1762077281.311 vs 1764665468.4977338"], "data_sample": {"price": 0.16713, "volume": 12.0}}}
{"timestamp": "2025-12-02T08:51:08.497733+00:00", "level": "WARNING", "module": "logger", "funcName": "_log", "lineno": 188, "event_type": "streaming_indicator_engine.data_anomalies_detected", "data": {"symbol": "ARIA_USDT", "timestamp": 1762077290.312, "anomalies": ["stale_timestamp: 1762077290.312 vs 1764665468.4977338"], "data_sample": {"price": 0.16709, "volume": 8.0}}}
{"timestamp": "2025-12-02T08:51:08.499241+00:00", "level": "WARNING", "module": "logger", "funcName": "_log", "lineno": 188, "event_type": "streaming_indicator_engine.data_anomalies_detected", "data": {"symbol": "ARIA_USDT", "timestamp": 1762077299.312, "anomalies": ["stale_timestamp: 1762077299.312 vs 1764665468.499241"], "data_sample": {"price": 0.16706, "volume": 8.0}}}
{"timestamp": "2025-12-02T08:51:08.501288+00:00", "level": "INFO", "module": "logger", "funcName": "_log", "lineno": 188, "event_type": "strategy_manager.indicator_update_received", "data": {"symbol": "ARIA_USDT", "indicator_name": "5fc82998-9270-4b44-8312-f74ddd20a93d_20", "indicator_type": "", "value": -67.50771889802047, "active_strategies_for_symbol": true, "active_count": 3}}
{"timestamp": "2025-12-02T08:51:08.502251+00:00", "level": "WARNING", "module": "logger", "funcName": "_log", "lineno": 188, "event_type": "streaming_indicator_engine.data_anomalies_detected", "data": {"symbol": "ARIA_USDT", "timestamp": 1762077309.309999, "anomalies": ["stale_timestamp: 1762077309.309999 vs 1764665468.5012887"], "data_sample": {"price": 0.16705, "volume": 6.0}}}
{"timestamp": "2025-12-02T08:51:08.502251+00:00", "level": "WARNING", "module": "logger", "funcName": "_log", "lineno": 188, "event_type": "streaming_indicator_engine.data_anomalies_detected", "data": {"symbol": "ARIA_USDT", "timestamp": 1762077318.312, "anomalies": ["stale_timestamp: 1762077318.312 vs 1764665468.5022516"], "data_sample": {"price": 0.16706, "volume": 9.0}}}
{"timestamp": "2025-12-02T08:51:08.503247+00:00", "level": "WARNING", "module": "logger", "funcName": "_log", "lineno": 188, "event_type": "streaming_indicator_engine.data_anomalies_detected", "data": {"symbol": "ARIA_USDT", "timestamp": 1762077324.309999, "anomalies": ["stale_timestamp: 1762077324.309999 vs 1764665468.5032475"], "data_sample": {"price": 0.1671, "volume": 5.0}}}
{"timestamp": "2025-12-02T08:51:08.504249+00:00", "level": "WARNING", "module": "logger", "funcName": "_log", "lineno": 188, "event_type": "streaming_indicator_engine.data_anomalies_detected", "data": {"symbol": "ARIA_USDT", "timestamp": 1762077335.309999, "anomalies": ["stale_timestamp: 1762077335.309999 vs 1764665468.5032475"], "data_sample": {"price": 0.16709, "volume": 4.0}}}
{"timestamp": "2025-12-02T08:51:08.504249+00:00", "level": "WARNING", "module": "logger", "funcName": "_log", "lineno": 188, "event_type": "streaming_indicator_engine.data_anomalies_detected", "data": {"symbol": "ARIA_USDT", "timestamp": 1762077351.309999, "anomalies": ["stale_timestamp: 1762077351.309999 vs 1764665468.5042493"], "data_sample": {"price": 0.1671, "volume": 3.0}}}
{"timestamp": "2025-12-02T08:51:08.505255+00:00", "level": "WARNING", "module": "logger", "funcName": "_log", "lineno": 188, "event_type": "streaming_indicator_engine.data_anomalies_detected", "data": {"symbol": "ARIA_USDT", "timestamp": 1762077362.309999, "anomalies": ["stale_timestamp: 1762077362.309999 vs 1764665468.5052555"], "data_sample": {"price": 0.16716, "volume": 5.0}}}
{"timestamp": "2025-12-02T08:51:08.511763+00:00", "level": "INFO", "module": "logger", "funcName": "_log", "lineno": 188, "event_type": "strategy_manager.indicator_update_received", "data": {"symbol": "ARIA_USDT", "indicator_name": "11b8be00-eed3-48fe-b359-df47b297226c_20", "indicator_type": "", "value": 0.0004838458739992909, "active_strategies_for_symbol": true, "active_count": 3}}
{"timestamp": "2025-12-02T08:51:08.512777+00:00", "level": "WARNING", "module": "logger", "funcName": "_log", "lineno": 188, "event_type": "streaming_indicator_engine.data_anomalies_detected", "data": {"symbol": "ARIA_USDT", "timestamp": 1762077376.309999, "anomalies": ["stale_timestamp: 1762077376.309999 vs 1764665468.5127778"], "data_sample": {"price": 0.16724, "volume": 11.0}}}
{"timestamp": "2025-12-02T08:51:08.513761+00:00", "level": "WARNING", "module": "logger", "funcName": "_log", "lineno": 188, "event_type": "streaming_indicator_engine.data_anomalies_detected", "data": {"symbol": "ARIA_USDT", "timestamp": 1762077387.309999, "anomalies": ["stale_timestamp: 1762077387.309999 vs 1764665468.5137618"], "data_sample": {"price": 0.16726, "volume": 11.0}}}
{"timestamp": "2025-12-02T08:51:08.514763+00:00", "level": "WARNING", "module": "logger", "funcName": "_log", "lineno": 188, "event_type": "streaming_indicator_engine.data_anomalies_detected", "data": {"symbol": "ARIA_USDT", "timestamp": 1762077395.309999, "anomalies": ["stale_timestamp: 1762077395.309999 vs 1764665468.5147634"], "data_sample": {"price": 0.16728, "volume": 3.0}}}
{"timestamp": "2025-12-02T08:51:08.515761+00:00", "level": "WARNING", "module": "logger", "funcName": "_log", "lineno": 188, "event_type": "streaming_indicator_engine.data_anomalies_detected", "data": {"symbol": "ARIA_USDT", "timestamp": 1762077402.309999, "anomalies": ["stale_timestamp: 1762077402.309999 vs 1764665468.5157614"], "data_sample": {"price": 0.1673, "volume": 10.0}}}
{"timestamp": "2025-12-02T08:51:08.516968+00:00", "level": "WARNING", "module": "logger", "funcName": "_log", "lineno": 188, "event_type": "streaming_indicator_engine.data_anomalies_detected", "data": {"symbol": "ARIA_USDT", "timestamp": 1762077412.311, "anomalies": ["stale_timestamp: 1762077412.311 vs 1764665468.5157614"], "data_sample": {"price": 0.16729, "volume": 7.0}}}
{"timestamp": "2025-12-02T08:51:08.517976+00:00", "level": "WARNING", "module": "logger", "funcName": "_log", "lineno": 188, "event_type": "streaming_indicator_engine.data_anomalies_detected", "data": {"symbol": "ARIA_USDT", "timestamp": 1762077421.309999, "anomalies": ["stale_timestamp: 1762077421.309999 vs 1764665468.5179763"], "data_sample": {"price": 0.16727, "volume": 4.0}}}
{"timestamp": "2025-12-02T08:51:08.517976+00:00", "level": "INFO", "module": "logger", "funcName": "_log", "lineno": 188, "event_type": "strategy_manager.indicator_update_received", "data": {"symbol": "ARIA_USDT", "indicator_name": "11b8be00-eed3-48fe-b359-df47b297226c_20", "indicator_type": "", "value": 0.0004838458739992909, "active_strategies_for_symbol": true, "active_count": 3}}
{"timestamp": "2025-12-02T08:51:08.522492+00:00", "level": "INFO", "module": "logger", "funcName": "_log", "lineno": 188, "event_type": "strategy_manager.indicator_update_received", "data": {"symbol": "ARIA_USDT", "indicator_name": "790d8eed-dc95-43ff-b625-1205d256154b_20", "indicator_type": "", "value": 0.0013506874143189638, "active_strategies_for_symbol": true, "active_count": 3}}
{"timestamp": "2025-12-02T08:51:08.524834+00:00", "level": "INFO", "module": "logger", "funcName": "_log", "lineno": 188, "event_type": "strategy_manager.indicator_update_received", "data": {"symbol": "ARIA_USDT", "indicator_name": "790d8eed-dc95-43ff-b625-1205d256154b_20", "indicator_type": "", "value": 0.0013506874143189638, "active_strategies_for_symbol": true, "active_count": 3}}
{"timestamp": "2025-12-02T08:51:08.527921+00:00", "level": "WARNING", "module": "logger", "funcName": "_log", "lineno": 188, "event_type": "streaming_indicator_engine.data_anomalies_detected", "data": {"symbol": "ARIA_USDT", "timestamp": 1762076372.312999, "anomalies": ["stale_timestamp: 1762076372.312999 vs 1764665468.527921"], "data_sample": {"price": 0.1671, "volume": 3.0}}}
{"timestamp": "2025-12-02T08:51:08.553735+00:00", "level": "WARNING", "module": "logger", "funcName": "_log", "lineno": 188, "event_type": "streaming_indicator_engine.data_anomalies_detected", "data": {"symbol": "ARIA_USDT", "timestamp": 1762076381.309999, "anomalies": ["stale_timestamp: 1762076381.309999 vs 1764665468.5537353"], "data_sample": {"price": 0.16715, "volume": 8.0}}}
{"timestamp": "2025-12-02T08:51:08.569585+00:00", "level": "WARNING", "module": "logger", "funcName": "_log", "lineno": 188, "event_type": "streaming_indicator_engine.data_anomalies_detected", "data": {"symbol": "ARIA_USDT", "timestamp": 1762076388.311, "anomalies": ["stale_timestamp: 1762076388.311 vs 1764665468.5695856"], "data_sample": {"price": 0.16714, "volume": 9.0}}}
{"timestamp": "2025-12-02T08:51:08.584330+00:00", "level": "WARNING", "module": "logger", "funcName": "_log", "lineno": 188, "event_type": "streaming_indicator_engine.data_anomalies_detected", "data": {"symbol": "ARIA_USDT", "timestamp": 1762076401.309999, "anomalies": ["stale_timestamp: 1762076401.309999 vs 1764665468.584331"], "data_sample": {"price": 0.16717, "volume": 7.0}}}
{"timestamp": "2025-12-02T08:51:08.599990+00:00", "level": "WARNING", "module": "logger", "funcName": "_log", "lineno": 188, "event_type": "streaming_indicator_engine.data_anomalies_detected", "data": {"symbol": "ARIA_USDT", "timestamp": 1762076408.312, "anomalies": ["stale_timestamp: 1762076408.312 vs 1764665468.5994835"], "data_sample": {"price": 0.16713, "volume": 3.0}}}
{"timestamp": "2025-12-02T08:51:08.615466+00:00", "level": "WARNING", "module": "logger", "funcName": "_log", "lineno": 188, "event_type": "streaming_indicator_engine.data_anomalies_detected", "data": {"symbol": "ARIA_USDT", "timestamp": 1762076417.311, "anomalies": ["stale_timestamp: 1762076417.311 vs 1764665468.6154664"], "data_sample": {"price": 0.16708, "volume": 3.0}}}
{"timestamp": "2025-12-02T08:51:08.630281+00:00", "level": "WARNING", "module": "logger", "funcName": "_log", "lineno": 188, "event_type": "streaming_indicator_engine.data_anomalies_detected", "data": {"symbol": "ARIA_USDT", "timestamp": 1762076427.308999, "anomalies": ["stale_timestamp: 1762076427.308999 vs 1764665468.6302817"], "data_sample": {"price": 0.16707, "volume": 12.0}}}
{"timestamp": "2025-12-02T08:51:08.645246+00:00", "level": "WARNING", "module": "logger", "funcName": "_log", "lineno": 188, "event_type": "streaming_indicator_engine.data_anomalies_detected", "data": {"symbol": "ARIA_USDT", "timestamp": 1762076435.309999, "anomalies": ["stale_timestamp: 1762076435.309999 vs 1764665468.6452463"], "data_sample": {"price": 0.1671, "volume": 4.0}}}
{"timestamp": "2025-12-02T08:51:08.660476+00:00", "level": "WARNING", "module": "logger", "funcName": "_log", "lineno": 188, "event_type": "streaming_indicator_engine.data_anomalies_detected", "data": {"symbol": "ARIA_USDT", "timestamp": 1762076447.309999, "anomalies": ["stale_timestamp: 1762076447.309999 vs 1764665468.660476"], "data_sample": {"price": 0.16708, "volume": 9.0}}}
{"timestamp": "2025-12-02T08:51:08.675345+00:00", "level": "WARNING", "module": "logger", "funcName": "_log", "lineno": 188, "event_type": "streaming_indicator_engine.data_anomalies_detected", "data": {"symbol": "ARIA_USDT", "timestamp": 1762076462.309999, "anomalies": ["stale_timestamp: 1762076462.309999 vs 1764665468.6753452"], "data_sample": {"price": 0.16726, "volume": 10.0}}}
{"timestamp": "2025-12-02T08:51:08.690298+00:00", "level": "WARNING", "module": "logger", "funcName": "_log", "lineno": 188, "event_type": "streaming_indicator_engine.data_anomalies_detected", "data": {"symbol": "ARIA_USDT", "timestamp": 1762076476.308999, "anomalies": ["stale_timestamp: 1762076476.308999 vs 1764665468.6902986"], "data_sample": {"price": 0.16745, "volume": 9.0}}}
{"timestamp": "2025-12-02T08:51:08.706371+00:00", "level": "WARNING", "module": "logger", "funcName": "_log", "lineno": 188, "event_type": "streaming_indicator_engine.data_anomalies_detected", "data": {"symbol": "ARIA_USDT", "timestamp": 1762076490.311, "anomalies": ["stale_timestamp: 1762076490.311 vs 1764665468.7063715"], "data_sample": {"price": 0.16766, "volume": 7.0}}}
{"timestamp": "2025-12-02T08:51:08.721567+00:00", "level": "WARNING", "module": "logger", "funcName": "_log", "lineno": 188, "event_type": "streaming_indicator_engine.data_anomalies_detected", "data": {"symbol": "ARIA_USDT", "timestamp": 1762076501.311, "anomalies": ["stale_timestamp: 1762076501.311 vs 1764665468.721567"], "data_sample": {"price": 0.16763, "volume": 5.0}}}
{"timestamp": "2025-12-02T08:51:08.737167+00:00", "level": "WARNING", "module": "logger", "funcName": "_log", "lineno": 188, "event_type": "streaming_indicator_engine.data_anomalies_detected", "data": {"symbol": "ARIA_USDT", "timestamp": 1762076514.408999, "anomalies": ["stale_timestamp: 1762076514.408999 vs 1764665468.7371671"], "data_sample": {"price": 0.16766, "volume": 10.0}}}
{"timestamp": "2025-12-02T08:51:08.752572+00:00", "level": "WARNING", "module": "logger", "funcName": "_log", "lineno": 188, "event_type": "streaming_indicator_engine.data_anomalies_detected", "data": {"symbol": "ARIA_USDT", "timestamp": 1762076520.311, "anomalies": ["stale_timestamp: 1762076520.311 vs 1764665468.7525728"], "data_sample": {"price": 0.1677, "volume": 9.0}}}
{"timestamp": "2025-12-02T08:51:08.768381+00:00", "level": "WARNING", "module": "logger", "funcName": "_log", "lineno": 188, "event_type": "streaming_indicator_engine.data_anomalies_detected", "data": {"symbol": "ARIA_USDT", "timestamp": 1762076531.311, "anomalies": ["stale_timestamp: 1762076531.311 vs 1764665468.767745"], "data_sample": {"price": 0.16778, "volume": 10.0}}}
{"timestamp": "2025-12-02T08:51:08.782976+00:00", "level": "WARNING", "module": "logger", "funcName": "_log", "lineno": 188, "event_type": "streaming_indicator_engine.data_anomalies_detected", "data": {"symbol": "ARIA_USDT", "timestamp": 1762076537.311, "anomalies": ["stale_timestamp: 1762076537.311 vs 1764665468.7829766"], "data_sample": {"price": 0.16777, "volume": 10.0}}}
{"timestamp": "2025-12-02T08:51:08.798170+00:00", "level": "WARNING", "module": "logger", "funcName": "_log", "lineno": 188, "event_type": "streaming_indicator_engine.data_anomalies_detected", "data": {"symbol": "ARIA_USDT", "timestamp": 1762076543.312, "anomalies": ["stale_timestamp: 1762076543.312 vs 1764665468.7981708"], "data_sample": {"price": 0.16765, "volume": 8.0}}}
{"timestamp": "2025-12-02T08:51:08.813316+00:00", "level": "WARNING", "module": "logger", "funcName": "_log", "lineno": 188, "event_type": "streaming_indicator_engine.data_anomalies_detected", "data": {"symbol": "ARIA_USDT", "timestamp": 1762076551.311, "anomalies": ["stale_timestamp: 1762076551.311 vs 1764665468.8133166"], "data_sample": {"price": 0.16776, "volume": 7.0}}}
{"timestamp": "2025-12-02T08:51:08.829268+00:00", "level": "WARNING", "module": "logger", "funcName": "_log", "lineno": 188, "event_type": "streaming_indicator_engine.data_anomalies_detected", "data": {"symbol": "ARIA_USDT", "timestamp": 1762076567.313999, "anomalies": ["stale_timestamp: 1762076567.313999 vs 1764665468.8292682"], "data_sample": {"price": 0.16779, "volume": 4.0}}}
{"timestamp": "2025-12-02T08:51:08.845101+00:00", "level": "WARNING", "module": "logger", "funcName": "_log", "lineno": 188, "event_type": "streaming_indicator_engine.data_anomalies_detected", "data": {"symbol": "ARIA_USDT", "timestamp": 1762076582.312999, "anomalies": ["stale_timestamp: 1762076582.312999 vs 1764665468.8451016"], "data_sample": {"price": 0.16774, "volume": 4.0}}}
{"timestamp": "2025-12-02T08:51:08.861124+00:00", "level": "WARNING", "module": "logger", "funcName": "_log", "lineno": 188, "event_type": "streaming_indicator_engine.data_anomalies_detected", "data": {"symbol": "ARIA_USDT", "timestamp": 1762076595.309999, "anomalies": ["stale_timestamp: 1762076595.309999 vs 1764665468.8611243"], "data_sample": {"price": 0.16776, "volume": 10.0}}}
{"timestamp": "2025-12-02T08:51:08.875897+00:00", "level": "WARNING", "module": "logger", "funcName": "_log", "lineno": 188, "event_type": "streaming_indicator_engine.data_anomalies_detected", "data": {"symbol": "ARIA_USDT", "timestamp": 1762076606.309999, "anomalies": ["stale_timestamp: 1762076606.309999 vs 1764665468.8758974"], "data_sample": {"price": 0.16772, "volume": 9.0}}}
{"timestamp": "2025-12-02T08:51:08.892382+00:00", "level": "WARNING", "module": "logger", "funcName": "_log", "lineno": 188, "event_type": "streaming_indicator_engine.data_anomalies_detected", "data": {"symbol": "ARIA_USDT", "timestamp": 1762076620.309999, "anomalies": ["stale_timestamp: 1762076620.309999 vs 1764665468.8923826"], "data_sample": {"price": 0.16764, "volume": 5.0}}}
{"timestamp": "2025-12-02T08:51:08.906719+00:00", "level": "WARNING", "module": "logger", "funcName": "_log", "lineno": 188, "event_type": "streaming_indicator_engine.data_anomalies_detected", "data": {"symbol": "ARIA_USDT", "timestamp": 1762076628.311, "anomalies": ["stale_timestamp: 1762076628.311 vs 1764665468.9067197"], "data_sample": {"price": 0.16761, "volume": 7.0}}}
{"timestamp": "2025-12-02T08:51:08.921613+00:00", "level": "WARNING", "module": "logger", "funcName": "_log", "lineno": 188, "event_type": "streaming_indicator_engine.data_anomalies_detected", "data": {"symbol": "ARIA_USDT", "timestamp": 1762076638.312999, "anomalies": ["stale_timestamp: 1762076638.312999 vs 1764665468.9216135"], "data_sample": {"price": 0.16763, "volume": 10.0}}}
{"timestamp": "2025-12-02T08:51:08.936805+00:00", "level": "WARNING", "module": "logger", "funcName": "_log", "lineno": 188, "event_type": "streaming_indicator_engine.data_anomalies_detected", "data": {"symbol": "ARIA_USDT", "timestamp": 1762076647.309999, "anomalies": ["stale_timestamp: 1762076647.309999 vs 1764665468.9368055"], "data_sample": {"price": 0.16762, "volume": 4.0}}}
{"timestamp": "2025-12-02T08:51:08.953158+00:00", "level": "WARNING", "module": "logger", "funcName": "_log", "lineno": 188, "event_type": "streaming_indicator_engine.data_anomalies_detected", "data": {"symbol": "ARIA_USDT", "timestamp": 1762076653.309999, "anomalies": ["stale_timestamp: 1762076653.309999 vs 1764665468.9521642"], "data_sample": {"price": 0.16761, "volume": 9.0}}}
{"timestamp": "2025-12-02T08:51:08.969344+00:00", "level": "WARNING", "module": "logger", "funcName": "_log", "lineno": 188, "event_type": "streaming_indicator_engine.data_anomalies_detected", "data": {"symbol": "ARIA_USDT", "timestamp": 1762076666.309999, "anomalies": ["stale_timestamp: 1762076666.309999 vs 1764665468.9693441"], "data_sample": {"price": 0.16763, "volume": 9.0}}}
{"timestamp": "2025-12-02T08:51:08.983113+00:00", "level": "WARNING", "module": "logger", "funcName": "_log", "lineno": 188, "event_type": "streaming_indicator_engine.data_anomalies_detected", "data": {"symbol": "ARIA_USDT", "timestamp": 1762076672.308999, "anomalies": ["stale_timestamp: 1762076672.308999 vs 1764665468.9831135"], "data_sample": {"price": 0.16762, "volume": 9.0}}}
{"timestamp": "2025-12-02T08:51:08.999343+00:00", "level": "WARNING", "module": "logger", "funcName": "_log", "lineno": 188, "event_type": "streaming_indicator_engine.data_anomalies_detected", "data": {"symbol": "ARIA_USDT", "timestamp": 1762076685.309999, "anomalies": ["stale_timestamp: 1762076685.309999 vs 1764665468.9993439"], "data_sample": {"price": 0.16732, "volume": 9.0}}}
{"timestamp": "2025-12-02T08:51:09.014090+00:00", "level": "WARNING", "module": "logger", "funcName": "_log", "lineno": 188, "event_type": "streaming_indicator_engine.data_anomalies_detected", "data": {"symbol": "ARIA_USDT", "timestamp": 1762076699.311, "anomalies": ["stale_timestamp: 1762076699.311 vs 1764665469.014091"], "data_sample": {"price": 0.16737, "volume": 11.0}}}
{"timestamp": "2025-12-02T08:51:09.030217+00:00", "level": "WARNING", "module": "logger", "funcName": "_log", "lineno": 188, "event_type": "streaming_indicator_engine.data_anomalies_detected", "data": {"symbol": "ARIA_USDT", "timestamp": 1762076713.309999, "anomalies": ["stale_timestamp: 1762076713.309999 vs 1764665469.0302176"], "data_sample": {"price": 0.16735, "volume": 4.0}}}
{"timestamp": "2025-12-02T08:51:09.045073+00:00", "level": "WARNING", "module": "logger", "funcName": "_log", "lineno": 188, "event_type": "streaming_indicator_engine.data_anomalies_detected", "data": {"symbol": "ARIA_USDT", "timestamp": 1762076728.311, "anomalies": ["stale_timestamp: 1762076728.311 vs 1764665469.045074"], "data_sample": {"price": 0.16739, "volume": 9.0}}}
{"timestamp": "2025-12-02T08:51:09.061888+00:00", "level": "WARNING", "module": "logger", "funcName": "_log", "lineno": 188, "event_type": "streaming_indicator_engine.data_anomalies_detected", "data": {"symbol": "ARIA_USDT", "timestamp": 1762076734.308999, "anomalies": ["stale_timestamp: 1762076734.308999 vs 1764665469.0618882"], "data_sample": {"price": 0.16744, "volume": 9.0}}}
{"timestamp": "2025-12-02T08:51:09.064909+00:00", "level": "WARNING", "module": "logger", "funcName": "_log", "lineno": 188, "event_type": "streaming_indicator_engine.data_anomalies_detected", "data": {"symbol": "ARIA_USDT", "timestamp": 1762076750.309999, "anomalies": ["stale_timestamp: 1762076750.309999 vs 1764665469.0649095"], "data_sample": {"price": 0.16747, "volume": 10.0}}}
{"timestamp": "2025-12-02T08:51:09.077441+00:00", "level": "WARNING", "module": "logger", "funcName": "_log", "lineno": 188, "event_type": "streaming_indicator_engine.data_anomalies_detected", "data": {"symbol": "ARIA_USDT", "timestamp": 1762076759.311, "anomalies": ["stale_timestamp: 1762076759.311 vs 1764665469.0774412"], "data_sample": {"price": 0.16746, "volume": 10.0}}}
{"timestamp": "2025-12-02T08:51:09.093511+00:00", "level": "WARNING", "module": "logger", "funcName": "_log", "lineno": 188, "event_type": "streaming_indicator_engine.data_anomalies_detected", "data": {"symbol": "ARIA_USDT", "timestamp": 1762076767.309999, "anomalies": ["stale_timestamp: 1762076767.309999 vs 1764665469.0935113"], "data_sample": {"price": 0.16742, "volume": 8.0}}}
{"timestamp": "2025-12-02T08:51:09.110085+00:00", "level": "WARNING", "module": "logger", "funcName": "_log", "lineno": 188, "event_type": "streaming_indicator_engine.data_anomalies_detected", "data": {"symbol": "ARIA_USDT", "timestamp": 1762076783.312, "anomalies": ["stale_timestamp: 1762076783.312 vs 1764665469.1095378"], "data_sample": {"price": 0.16745, "volume": 8.0}}}
{"timestamp": "2025-12-02T08:51:09.125565+00:00", "level": "WARNING", "module": "logger", "funcName": "_log", "lineno": 188, "event_type": "streaming_indicator_engine.data_anomalies_detected", "data": {"symbol": "ARIA_USDT", "timestamp": 1762076789.309999, "anomalies": ["stale_timestamp: 1762076789.309999 vs 1764665469.1255655"], "data_sample": {"price": 0.16755, "volume": 9.0}}}
{"timestamp": "2025-12-02T08:51:09.141800+00:00", "level": "WARNING", "module": "logger", "funcName": "_log", "lineno": 188, "event_type": "streaming_indicator_engine.data_anomalies_detected", "data": {"symbol": "ARIA_USDT", "timestamp": 1762076803.311, "anomalies": ["stale_timestamp: 1762076803.311 vs 1764665469.1418002"], "data_sample": {"price": 0.16758, "volume": 10.0}}}
{"timestamp": "2025-12-02T08:51:09.156425+00:00", "level": "WARNING", "module": "logger", "funcName": "_log", "lineno": 188, "event_type": "streaming_indicator_engine.data_anomalies_detected", "data": {"symbol": "ARIA_USDT", "timestamp": 1762076816.308999, "anomalies": ["stale_timestamp: 1762076816.308999 vs 1764665469.1564257"], "data_sample": {"price": 0.16762, "volume": 9.0}}}
{"timestamp": "2025-12-02T08:51:09.171598+00:00", "level": "WARNING", "module": "logger", "funcName": "_log", "lineno": 188, "event_type": "streaming_indicator_engine.data_anomalies_detected", "data": {"symbol": "ARIA_USDT", "timestamp": 1762076825.312999, "anomalies": ["stale_timestamp: 1762076825.312999 vs 1764665469.171599"], "data_sample": {"price": 0.16751, "volume": 10.0}}}
{"timestamp": "2025-12-02T08:51:09.187312+00:00", "level": "WARNING", "module": "logger", "funcName": "_log", "lineno": 188, "event_type": "streaming_indicator_engine.data_anomalies_detected", "data": {"symbol": "ARIA_USDT", "timestamp": 1762076831.316999, "anomalies": ["stale_timestamp: 1762076831.316999 vs 1764665469.1873124"], "data_sample": {"price": 0.1674, "volume": 6.0}}}
{"timestamp": "2025-12-02T08:51:09.203987+00:00", "level": "WARNING", "module": "logger", "funcName": "_log", "lineno": 188, "event_type": "streaming_indicator_engine.data_anomalies_detected", "data": {"symbol": "ARIA_USDT", "timestamp": 1762076839.311, "anomalies": ["stale_timestamp: 1762076839.311 vs 1764665469.2029653"], "data_sample": {"price": 0.16741, "volume": 8.0}}}
{"timestamp": "2025-12-02T08:51:09.219232+00:00", "level": "WARNING", "module": "logger", "funcName": "_log", "lineno": 188, "event_type": "streaming_indicator_engine.data_anomalies_detected", "data": {"symbol": "ARIA_USDT", "timestamp": 1762076846.312, "anomalies": ["stale_timestamp: 1762076846.312 vs 1764665469.219232"], "data_sample": {"price": 0.1674, "volume": 6.0}}}
{"timestamp": "2025-12-02T08:51:09.233950+00:00", "level": "WARNING", "module": "logger", "funcName": "_log", "lineno": 188, "event_type": "streaming_indicator_engine.data_anomalies_detected", "data": {"symbol": "ARIA_USDT", "timestamp": 1762076859.309999, "anomalies": ["stale_timestamp: 1762076859.309999 vs 1764665469.2339501"], "data_sample": {"price": 0.16723, "volume": 5.0}}}
{"timestamp": "2025-12-02T08:51:09.249486+00:00", "level": "WARNING", "module": "logger", "funcName": "_log", "lineno": 188, "event_type": "streaming_indicator_engine.data_anomalies_detected", "data": {"symbol": "ARIA_USDT", "timestamp": 1762076870.309999, "anomalies": ["stale_timestamp: 1762076870.309999 vs 1764665469.249487"], "data_sample": {"price": 0.16724, "volume": 9.0}}}
{"timestamp": "2025-12-02T08:51:09.265029+00:00", "level": "WARNING", "module": "logger", "funcName": "_log", "lineno": 188, "event_type": "streaming_indicator_engine.data_anomalies_detected", "data": {"symbol": "ARIA_USDT", "timestamp": 1762076878.309999, "anomalies": ["stale_timestamp: 1762076878.309999 vs 1764665469.2650297"], "data_sample": {"price": 0.16731, "volume": 4.0}}}
{"timestamp": "2025-12-02T08:51:09.280093+00:00", "level": "WARNING", "module": "logger", "funcName": "_log", "lineno": 188, "event_type": "streaming_indicator_engine.data_anomalies_detected", "data": {"symbol": "ARIA_USDT", "timestamp": 1762076892.311, "anomalies": ["stale_timestamp: 1762076892.311 vs 1764665469.280094"], "data_sample": {"price": 0.16728, "volume": 9.0}}}
{"timestamp": "2025-12-02T08:51:09.310565+00:00", "level": "WARNING", "module": "logger", "funcName": "_log", "lineno": 188, "event_type": "streaming_indicator_engine.data_anomalies_detected", "data": {"symbol": "ARIA_USDT", "timestamp": 1762076900.309999, "anomalies": ["stale_timestamp: 1762076900.309999 vs 1764665469.3105652"], "data_sample": {"price": 0.16731, "volume": 7.0}}}
{"timestamp": "2025-12-02T08:51:09.327178+00:00", "level": "WARNING", "module": "logger", "funcName": "_log", "lineno": 188, "event_type": "streaming_indicator_engine.data_anomalies_detected", "data": {"symbol": "ARIA_USDT", "timestamp": 1762076915.308999, "anomalies": ["stale_timestamp: 1762076915.308999 vs 1764665469.327178"], "data_sample": {"price": 0.16729, "volume": 4.0}}}
{"timestamp": "2025-12-02T08:51:09.341959+00:00", "level": "WARNING", "module": "logger", "funcName": "_log", "lineno": 188, "event_type": "streaming_indicator_engine.data_anomalies_detected", "data": {"symbol": "ARIA_USDT", "timestamp": 1762076929.309999, "anomalies": ["stale_timestamp: 1762076929.309999 vs 1764665469.3409915"], "data_sample": {"price": 0.16725, "volume": 11.0}}}
{"timestamp": "2025-12-02T08:51:09.356464+00:00", "level": "WARNING", "module": "logger", "funcName": "_log", "lineno": 188, "event_type": "streaming_indicator_engine.data_anomalies_detected", "data": {"symbol": "ARIA_USDT", "timestamp": 1762076940.312999, "anomalies": ["stale_timestamp: 1762076940.312999 vs 1764665469.3564644"], "data_sample": {"price": 0.16733, "volume": 8.0}}}
{"timestamp": "2025-12-02T08:51:09.371131+00:00", "level": "WARNING", "module": "logger", "funcName": "_log", "lineno": 188, "event_type": "streaming_indicator_engine.data_anomalies_detected", "data": {"symbol": "ARIA_USDT", "timestamp": 1762076949.324999, "anomalies": ["stale_timestamp: 1762076949.324999 vs 1764665469.3711312"], "data_sample": {"price": 0.1673, "volume": 8.0}}}
{"timestamp": "2025-12-02T08:51:09.386748+00:00", "level": "WARNING", "module": "logger", "funcName": "_log", "lineno": 188, "event_type": "streaming_indicator_engine.data_anomalies_detected", "data": {"symbol": "ARIA_USDT", "timestamp": 1762076965.316, "anomalies": ["stale_timestamp: 1762076965.316 vs 1764665469.386748"], "data_sample": {"price": 0.16729, "volume": 4.0}}}
{"timestamp": "2025-12-02T08:51:09.403044+00:00", "level": "WARNING", "module": "logger", "funcName": "_log", "lineno": 188, "event_type": "streaming_indicator_engine.data_anomalies_detected", "data": {"symbol": "ARIA_USDT", "timestamp": 1762076978.312, "anomalies": ["stale_timestamp: 1762076978.312 vs 1764665469.4021618"], "data_sample": {"price": 0.1673, "volume": 9.0}}}
{"timestamp": "2025-12-02T08:51:09.418261+00:00", "level": "WARNING", "module": "logger", "funcName": "_log", "lineno": 188, "event_type": "streaming_indicator_engine.data_anomalies_detected", "data": {"symbol": "ARIA_USDT", "timestamp": 1762076990.315, "anomalies": ["stale_timestamp: 1762076990.315 vs 1764665469.4182615"], "data_sample": {"price": 0.16733, "volume": 10.0}}}
{"timestamp": "2025-12-02T08:51:09.433349+00:00", "level": "WARNING", "module": "logger", "funcName": "_log", "lineno": 188, "event_type": "streaming_indicator_engine.data_anomalies_detected", "data": {"symbol": "ARIA_USDT", "timestamp": 1762076997.315, "anomalies": ["stale_timestamp: 1762076997.315 vs 1764665469.4333491"], "data_sample": {"price": 0.16726, "volume": 12.0}}}
{"timestamp": "2025-12-02T08:51:09.449350+00:00", "level": "WARNING", "module": "logger", "funcName": "_log", "lineno": 188, "event_type": "streaming_indicator_engine.data_anomalies_detected", "data": {"symbol": "ARIA_USDT", "timestamp": 1762077007.309999, "anomalies": ["stale_timestamp: 1762077007.309999 vs 1764665469.4493506"], "data_sample": {"price": 0.16719, "volume": 4.0}}}
{"timestamp": "2025-12-02T08:51:09.465400+00:00", "level": "WARNING", "module": "logger", "funcName": "_log", "lineno": 188, "event_type": "streaming_indicator_engine.data_anomalies_detected", "data": {"symbol": "ARIA_USDT", "timestamp": 1762077018.309999, "anomalies": ["stale_timestamp: 1762077018.309999 vs 1764665469.465401"], "data_sample": {"price": 0.16722, "volume": 8.0}}}
{"timestamp": "2025-12-02T08:51:09.469820+00:00", "level": "INFO", "module": "logger", "funcName": "_log", "lineno": 188, "event_type": "strategy_manager.indicator_update_received", "data": {"symbol": "ARIA_USDT", "indicator_name": "611fad91-045d-408b-8822-f43428935033_20", "indicator_type": "", "value": -0.0015790606123585581, "active_strategies_for_symbol": true, "active_count": 3}}
{"timestamp": "2025-12-02T08:51:09.470839+00:00", "level": "WARNING", "module": "logger", "funcName": "_log", "lineno": 188, "event_type": "streaming_indicator_engine.data_anomalies_detected", "data": {"symbol": "ARIA_USDT", "timestamp": 1762077025.309999, "anomalies": ["stale_timestamp: 1762077025.309999 vs 1764665469.470839"], "data_sample": {"price": 0.16726, "volume": 5.0}}}
{"timestamp": "2025-12-02T08:51:09.471907+00:00", "level": "WARNING", "module": "logger", "funcName": "_log", "lineno": 188, "event_type": "streaming_indicator_engine.data_anomalies_detected", "data": {"symbol": "ARIA_USDT", "timestamp": 1762077033.311, "anomalies": ["stale_timestamp: 1762077033.311 vs 1764665469.4719076"], "data_sample": {"price": 0.16725, "volume": 4.0}}}
{"timestamp": "2025-12-02T08:51:09.473320+00:00", "level": "WARNING", "module": "logger", "funcName": "_log", "lineno": 188, "event_type": "streaming_indicator_engine.data_anomalies_detected", "data": {"symbol": "ARIA_USDT", "timestamp": 1762077042.309999, "anomalies": ["stale_timestamp: 1762077042.309999 vs 1764665469.4719076"], "data_sample": {"price": 0.16724, "volume": 4.0}}}
{"timestamp": "2025-12-02T08:51:09.473320+00:00", "level": "WARNING", "module": "logger", "funcName": "_log", "lineno": 188, "event_type": "streaming_indicator_engine.data_anomalies_detected", "data": {"symbol": "ARIA_USDT", "timestamp": 1762077051.309999, "anomalies": ["stale_timestamp: 1762077051.309999 vs 1764665469.4733205"], "data_sample": {"price": 0.16725, "volume": 4.0}}}
{"timestamp": "2025-12-02T08:51:09.474417+00:00", "level": "WARNING", "module": "logger", "funcName": "_log", "lineno": 188, "event_type": "streaming_indicator_engine.data_anomalies_detected", "data": {"symbol": "ARIA_USDT", "timestamp": 1762077057.312999, "anomalies": ["stale_timestamp: 1762077057.312999 vs 1764665469.4744172"], "data_sample": {"price": 0.16726, "volume": 3.0}}}
{"timestamp": "2025-12-02T08:51:09.475430+00:00", "level": "INFO", "module": "logger", "funcName": "_log", "lineno": 188, "event_type": "strategy_manager.indicator_update_received", "data": {"symbol": "ARIA_USDT", "indicator_name": "611fad91-045d-408b-8822-f43428935033_20", "indicator_type": "", "value": -0.0015790606123585581, "active_strategies_for_symbol": true, "active_count": 3}}
{"timestamp": "2025-12-02T08:51:09.476431+00:00", "level": "WARNING", "module": "logger", "funcName": "_log", "lineno": 188, "event_type": "streaming_indicator_engine.data_anomalies_detected", "data": {"symbol": "ARIA_USDT", "timestamp": 1762077067.316999, "anomalies": ["stale_timestamp: 1762077067.316999 vs 1764665469.4764311"], "data_sample": {"price": 0.16725, "volume": 8.0}}}
{"timestamp": "2025-12-02T08:51:09.476431+00:00", "level": "WARNING", "module": "logger", "funcName": "_log", "lineno": 188, "event_type": "streaming_indicator_engine.data_anomalies_detected", "data": {"symbol": "ARIA_USDT", "timestamp": 1762077081.308, "anomalies": ["stale_timestamp: 1762077081.308 vs 1764665469.4764311"], "data_sample": {"price": 0.16714, "volume": 6.0}}}
{"timestamp": "2025-12-02T08:51:09.477436+00:00", "level": "WARNING", "module": "logger", "funcName": "_log", "lineno": 188, "event_type": "streaming_indicator_engine.data_anomalies_detected", "data": {"symbol": "ARIA_USDT", "timestamp": 1762077089.311, "anomalies": ["stale_timestamp: 1762077089.311 vs 1764665469.4774368"], "data_sample": {"price": 0.16711, "volume": 4.0}}}
{"timestamp": "2025-12-02T08:51:09.477436+00:00", "level": "WARNING", "module": "logger", "funcName": "_log", "lineno": 188, "event_type": "streaming_indicator_engine.data_anomalies_detected", "data": {"symbol": "ARIA_USDT", "timestamp": 1762077098.311, "anomalies": ["stale_timestamp: 1762077098.311 vs 1764665469.4774368"], "data_sample": {"price": 0.16702, "volume": 4.0}}}
{"timestamp": "2025-12-02T08:51:09.478433+00:00", "level": "WARNING", "module": "logger", "funcName": "_log", "lineno": 188, "event_type": "streaming_indicator_engine.data_anomalies_detected", "data": {"symbol": "ARIA_USDT", "timestamp": 1762077107.335, "anomalies": ["stale_timestamp: 1762077107.335 vs 1764665469.4784334"], "data_sample": {"price": 0.167, "volume": 26.0}}}
{"timestamp": "2025-12-02T08:51:09.478433+00:00", "level": "WARNING", "module": "logger", "funcName": "_log", "lineno": 188, "event_type": "streaming_indicator_engine.data_anomalies_detected", "data": {"symbol": "ARIA_USDT", "timestamp": 1762077121.309999, "anomalies": ["stale_timestamp: 1762077121.309999 vs 1764665469.4784334"], "data_sample": {"price": 0.16704, "volume": 8.0}}}
{"timestamp": "2025-12-02T08:51:09.479946+00:00", "level": "WARNING", "module": "logger", "funcName": "_log", "lineno": 188, "event_type": "streaming_indicator_engine.data_anomalies_detected", "data": {"symbol": "ARIA_USDT", "timestamp": 1762077123.420999, "anomalies": ["stale_timestamp: 1762077123.420999 vs 1764665469.4799466"], "data_sample": {"price": 0.167, "volume": 59.0}}}
{"timestamp": "2025-12-02T08:51:09.496498+00:00", "level": "WARNING", "module": "logger", "funcName": "_log", "lineno": 188, "event_type": "streaming_indicator_engine.data_anomalies_detected", "data": {"symbol": "ARIA_USDT", "timestamp": 1762077139.311, "anomalies": ["stale_timestamp: 1762077139.311 vs 1764665469.4964986"], "data_sample": {"price": 0.16703, "volume": 5.0}}}
{"timestamp": "2025-12-02T08:51:09.511725+00:00", "level": "WARNING", "module": "logger", "funcName": "_log", "lineno": 188, "event_type": "streaming_indicator_engine.data_anomalies_detected", "data": {"symbol": "ARIA_USDT", "timestamp": 1762077152.308999, "anomalies": ["stale_timestamp: 1762077152.308999 vs 1764665469.5117257"], "data_sample": {"price": 0.16708, "volume": 9.0}}}
{"timestamp": "2025-12-02T08:51:09.527217+00:00", "level": "WARNING", "module": "logger", "funcName": "_log", "lineno": 188, "event_type": "streaming_indicator_engine.data_anomalies_detected", "data": {"symbol": "ARIA_USDT", "timestamp": 1762077163.309999, "anomalies": ["stale_timestamp: 1762077163.309999 vs 1764665469.5272174"], "data_sample": {"price": 0.16713, "volume": 11.0}}}
{"timestamp": "2025-12-02T08:51:09.542458+00:00", "level": "WARNING", "module": "logger", "funcName": "_log", "lineno": 188, "event_type": "streaming_indicator_engine.data_anomalies_detected", "data": {"symbol": "ARIA_USDT", "timestamp": 1762077172.309999, "anomalies": ["stale_timestamp: 1762077172.309999 vs 1764665469.5424588"], "data_sample": {"price": 0.16706, "volume": 12.0}}}
{"timestamp": "2025-12-02T08:51:09.559271+00:00", "level": "WARNING", "module": "logger", "funcName": "_log", "lineno": 188, "event_type": "streaming_indicator_engine.data_anomalies_detected", "data": {"symbol": "ARIA_USDT", "timestamp": 1762077187.312999, "anomalies": ["stale_timestamp: 1762077187.312999 vs 1764665469.5583687"], "data_sample": {"price": 0.16705, "volume": 4.0}}}
{"timestamp": "2025-12-02T08:51:09.573503+00:00", "level": "WARNING", "module": "logger", "funcName": "_log", "lineno": 188, "event_type": "streaming_indicator_engine.data_anomalies_detected", "data": {"symbol": "ARIA_USDT", "timestamp": 1762077203.309999, "anomalies": ["stale_timestamp: 1762077203.309999 vs 1764665469.5735035"], "data_sample": {"price": 0.16703, "volume": 6.0}}}
{"timestamp": "2025-12-02T08:51:09.589038+00:00", "level": "WARNING", "module": "logger", "funcName": "_log", "lineno": 188, "event_type": "streaming_indicator_engine.data_anomalies_detected", "data": {"symbol": "ARIA_USDT", "timestamp": 1762077211.312, "anomalies": ["stale_timestamp: 1762077211.312 vs 1764665469.5890388"], "data_sample": {"price": 0.16707, "volume": 9.0}}}
{"timestamp": "2025-12-02T08:51:09.604341+00:00", "level": "WARNING", "module": "logger", "funcName": "_log", "lineno": 188, "event_type": "streaming_indicator_engine.data_anomalies_detected", "data": {"symbol": "ARIA_USDT", "timestamp": 1762077227.312999, "anomalies": ["stale_timestamp: 1762077227.312999 vs 1764665469.6043415"], "data_sample": {"price": 0.16704, "volume": 4.0}}}
{"timestamp": "2025-12-02T08:51:09.620456+00:00", "level": "WARNING", "module": "logger", "funcName": "_log", "lineno": 188, "event_type": "streaming_indicator_engine.data_anomalies_detected", "data": {"symbol": "ARIA_USDT", "timestamp": 1762077234.308999, "anomalies": ["stale_timestamp: 1762077234.308999 vs 1764665469.6204567"], "data_sample": {"price": 0.16708, "volume": 8.0}}}
{"timestamp": "2025-12-02T08:51:09.635982+00:00", "level": "WARNING", "module": "logger", "funcName": "_log", "lineno": 188, "event_type": "streaming_indicator_engine.data_anomalies_detected", "data": {"symbol": "ARIA_USDT", "timestamp": 1762077247.312999, "anomalies": ["stale_timestamp: 1762077247.312999 vs 1764665469.6359828"], "data_sample": {"price": 0.16705, "volume": 7.0}}}
{"timestamp": "2025-12-02T08:51:09.650728+00:00", "level": "WARNING", "module": "logger", "funcName": "_log", "lineno": 188, "event_type": "streaming_indicator_engine.data_anomalies_detected", "data": {"symbol": "ARIA_USDT", "timestamp": 1762077263.309999, "anomalies": ["stale_timestamp: 1762077263.309999 vs 1764665469.650729"], "data_sample": {"price": 0.16704, "volume": 7.0}}}
{"timestamp": "2025-12-02T08:51:09.666022+00:00", "level": "WARNING", "module": "logger", "funcName": "_log", "lineno": 188, "event_type": "streaming_indicator_engine.data_anomalies_detected", "data": {"symbol": "ARIA_USDT", "timestamp": 1762077274.309999, "anomalies": ["stale_timestamp: 1762077274.309999 vs 1764665469.6660225"], "data_sample": {"price": 0.16709, "volume": 4.0}}}
{"timestamp": "2025-12-02T08:51:09.682086+00:00", "level": "WARNING", "module": "logger", "funcName": "_log", "lineno": 188, "event_type": "streaming_indicator_engine.data_anomalies_detected", "data": {"symbol": "ARIA_USDT", "timestamp": 1762077281.311, "anomalies": ["stale_timestamp: 1762077281.311 vs 1764665469.6820862"], "data_sample": {"price": 0.16713, "volume": 12.0}}}
{"timestamp": "2025-12-02T08:51:09.697853+00:00", "level": "WARNING", "module": "logger", "funcName": "_log", "lineno": 188, "event_type": "streaming_indicator_engine.data_anomalies_detected", "data": {"symbol": "ARIA_USDT", "timestamp": 1762077290.312, "anomalies": ["stale_timestamp: 1762077290.312 vs 1764665469.6978528"], "data_sample": {"price": 0.16709, "volume": 8.0}}}
{"timestamp": "2025-12-02T08:51:09.713452+00:00", "level": "WARNING", "module": "logger", "funcName": "_log", "lineno": 188, "event_type": "streaming_indicator_engine.data_anomalies_detected", "data": {"symbol": "ARIA_USDT", "timestamp": 1762077299.312, "anomalies": ["stale_timestamp: 1762077299.312 vs 1764665469.7134523"], "data_sample": {"price": 0.16706, "volume": 8.0}}}
{"timestamp": "2025-12-02T08:51:09.729068+00:00", "level": "WARNING", "module": "logger", "funcName": "_log", "lineno": 188, "event_type": "streaming_indicator_engine.data_anomalies_detected", "data": {"symbol": "ARIA_USDT", "timestamp": 1762077309.309999, "anomalies": ["stale_timestamp: 1762077309.309999 vs 1764665469.7290688"], "data_sample": {"price": 0.16705, "volume": 6.0}}}
{"timestamp": "2025-12-02T08:51:09.731132+00:00", "level": "INFO", "module": "logger", "funcName": "_log", "lineno": 188, "event_type": "strategy_manager.indicator_update_received", "data": {"symbol": "ARIA_USDT", "indicator_name": "5fc82998-9270-4b44-8312-f74ddd20a93d_20", "indicator_type": "", "value": 93.43042049376602, "active_strategies_for_symbol": true, "active_count": 3}}
{"timestamp": "2025-12-02T08:51:09.732079+00:00", "level": "WARNING", "module": "logger", "funcName": "_log", "lineno": 188, "event_type": "streaming_indicator_engine.data_anomalies_detected", "data": {"symbol": "ARIA_USDT", "timestamp": 1762077318.312, "anomalies": ["stale_timestamp: 1762077318.312 vs 1764665469.7320795"], "data_sample": {"price": 0.16706, "volume": 9.0}}}
{"timestamp": "2025-12-02T08:51:09.733081+00:00", "level": "WARNING", "module": "logger", "funcName": "_log", "lineno": 188, "event_type": "streaming_indicator_engine.data_anomalies_detected", "data": {"symbol": "ARIA_USDT", "timestamp": 1762077324.309999, "anomalies": ["stale_timestamp: 1762077324.309999 vs 1764665469.7330813"], "data_sample": {"price": 0.1671, "volume": 5.0}}}
{"timestamp": "2025-12-02T08:51:09.734076+00:00", "level": "WARNING", "module": "logger", "funcName": "_log", "lineno": 188, "event_type": "streaming_indicator_engine.data_anomalies_detected", "data": {"symbol": "ARIA_USDT", "timestamp": 1762077335.309999, "anomalies": ["stale_timestamp: 1762077335.309999 vs 1764665469.7340765"], "data_sample": {"price": 0.16709, "volume": 4.0}}}
{"timestamp": "2025-12-02T08:51:09.735085+00:00", "level": "WARNING", "module": "logger", "funcName": "_log", "lineno": 188, "event_type": "streaming_indicator_engine.data_anomalies_detected", "data": {"symbol": "ARIA_USDT", "timestamp": 1762077351.309999, "anomalies": ["stale_timestamp: 1762077351.309999 vs 1764665469.735085"], "data_sample": {"price": 0.1671, "volume": 3.0}}}
{"timestamp": "2025-12-02T08:51:09.736083+00:00", "level": "WARNING", "module": "logger", "funcName": "_log", "lineno": 188, "event_type": "streaming_indicator_engine.data_anomalies_detected", "data": {"symbol": "ARIA_USDT", "timestamp": 1762077362.309999, "anomalies": ["stale_timestamp: 1762077362.309999 vs 1764665469.7360837"], "data_sample": {"price": 0.16716, "volume": 5.0}}}
{"timestamp": "2025-12-02T08:51:09.737407+00:00", "level": "INFO", "module": "logger", "funcName": "_log", "lineno": 188, "event_type": "strategy_manager.indicator_update_received", "data": {"symbol": "ARIA_USDT", "indicator_name": "5fc82998-9270-4b44-8312-f74ddd20a93d_20", "indicator_type": "", "value": 93.43042049376602, "active_strategies_for_symbol": true, "active_count": 3}}
{"timestamp": "2025-12-02T08:51:09.738417+00:00", "level": "WARNING", "module": "logger", "funcName": "_log", "lineno": 188, "event_type": "streaming_indicator_engine.data_anomalies_detected", "data": {"symbol": "ARIA_USDT", "timestamp": 1762077376.309999, "anomalies": ["stale_timestamp: 1762077376.309999 vs 1764665469.7384179"], "data_sample": {"price": 0.16724, "volume": 11.0}}}
{"timestamp": "2025-12-02T08:51:09.739932+00:00", "level": "WARNING", "module": "logger", "funcName": "_log", "lineno": 188, "event_type": "streaming_indicator_engine.data_anomalies_detected", "data": {"symbol": "ARIA_USDT", "timestamp": 1762077387.309999, "anomalies": ["stale_timestamp: 1762077387.309999 vs 1764665469.7399323"], "data_sample": {"price": 0.16726, "volume": 11.0}}}
{"timestamp": "2025-12-02T08:51:09.741952+00:00", "level": "WARNING", "module": "logger", "funcName": "_log", "lineno": 188, "event_type": "streaming_indicator_engine.data_anomalies_detected", "data": {"symbol": "ARIA_USDT", "timestamp": 1762077395.309999, "anomalies": ["stale_timestamp: 1762077395.309999 vs 1764665469.7409465"], "data_sample": {"price": 0.16728, "volume": 3.0}}}
{"timestamp": "2025-12-02T08:51:09.745957+00:00", "level": "WARNING", "module": "logger", "funcName": "_log", "lineno": 188, "event_type": "streaming_indicator_engine.data_anomalies_detected", "data": {"symbol": "ARIA_USDT", "timestamp": 1762077402.309999, "anomalies": ["stale_timestamp: 1762077402.309999 vs 1764665469.7459571"], "data_sample": {"price": 0.1673, "volume": 10.0}}}
{"timestamp": "2025-12-02T08:51:09.747063+00:00", "level": "WARNING", "module": "logger", "funcName": "_log", "lineno": 188, "event_type": "streaming_indicator_engine.data_anomalies_detected", "data": {"symbol": "ARIA_USDT", "timestamp": 1762077412.311, "anomalies": ["stale_timestamp: 1762077412.311 vs 1764665469.747063"], "data_sample": {"price": 0.16729, "volume": 7.0}}}
{"timestamp": "2025-12-02T08:51:09.748955+00:00", "level": "WARNING", "module": "logger", "funcName": "_log", "lineno": 188, "event_type": "streaming_indicator_engine.data_anomalies_detected", "data": {"symbol": "ARIA_USDT", "timestamp": 1762077421.309999, "anomalies": ["stale_timestamp: 1762077421.309999 vs 1764665469.748956"], "data_sample": {"price": 0.16727, "volume": 4.0}}}
{"timestamp": "2025-12-02T08:51:09.750507+00:00", "level": "INFO", "module": "logger", "funcName": "_log", "lineno": 188, "event_type": "strategy_manager.indicator_update_received", "data": {"symbol": "ARIA_USDT", "indicator_name": "11b8be00-eed3-48fe-b359-df47b297226c_20", "indicator_type": "", "value": 0.0013506874143189638, "active_strategies_for_symbol": true, "active_count": 3}}
{"timestamp": "2025-12-02T08:51:09.751470+00:00", "level": "INFO", "module": "logger", "funcName": "_log", "lineno": 188, "event_type": "strategy_manager.indicator_update_received", "data": {"symbol": "ARIA_USDT", "indicator_name": "11b8be00-eed3-48fe-b359-df47b297226c_20", "indicator_type": "", "value": 0.0013506874143189638, "active_strategies_for_symbol": true, "active_count": 3}}
{"timestamp": "2025-12-02T08:51:09.756955+00:00", "level": "INFO", "module": "logger", "funcName": "_log", "lineno": 188, "event_type": "strategy_manager.indicator_update_received", "data": {"symbol": "ARIA_USDT", "indicator_name": "790d8eed-dc95-43ff-b625-1205d256154b_20", "indicator_type": "", "value": 0.0013506874143189638, "active_strategies_for_symbol": true, "active_count": 3}}
{"timestamp": "2025-12-02T08:51:09.760586+00:00", "level": "INFO", "module": "logger", "funcName": "_log", "lineno": 188, "event_type": "strategy_manager.indicator_update_received", "data": {"symbol": "ARIA_USDT", "indicator_name": "790d8eed-dc95-43ff-b625-1205d256154b_20", "indicator_type": "", "value": 0.0013506874143189638, "active_strategies_for_symbol": true, "active_count": 3}}
{"timestamp": "2025-12-02T08:51:09.767223+00:00", "level": "WARNING", "module": "logger", "funcName": "_log", "lineno": 188, "event_type": "streaming_indicator_engine.data_anomalies_detected", "data": {"symbol": "ARIA_USDT", "timestamp": 1762076372.312999, "anomalies": ["stale_timestamp: 1762076372.312999 vs 1764665469.7662232"], "data_sample": {"price": 0.1671, "volume": 3.0}}}
{"timestamp": "2025-12-02T08:51:09.791822+00:00", "level": "WARNING", "module": "logger", "funcName": "_log", "lineno": 188, "event_type": "streaming_indicator_engine.data_anomalies_detected", "data": {"symbol": "ARIA_USDT", "timestamp": 1762076381.309999, "anomalies": ["stale_timestamp: 1762076381.309999 vs 1764665469.7918224"], "data_sample": {"price": 0.16715, "volume": 8.0}}}
{"timestamp": "2025-12-02T08:51:09.806634+00:00", "level": "WARNING", "module": "logger", "funcName": "_log", "lineno": 188, "event_type": "streaming_indicator_engine.data_anomalies_detected", "data": {"symbol": "ARIA_USDT", "timestamp": 1762076388.311, "anomalies": ["stale_timestamp: 1762076388.311 vs 1764665469.806634"], "data_sample": {"price": 0.16714, "volume": 9.0}}}
{"timestamp": "2025-12-02T08:51:09.821949+00:00", "level": "WARNING", "module": "logger", "funcName": "_log", "lineno": 188, "event_type": "streaming_indicator_engine.data_anomalies_detected", "data": {"symbol": "ARIA_USDT", "timestamp": 1762076401.309999, "anomalies": ["stale_timestamp: 1762076401.309999 vs 1764665469.8219497"], "data_sample": {"price": 0.16717, "volume": 7.0}}}
{"timestamp": "2025-12-02T08:51:09.837479+00:00", "level": "WARNING", "module": "logger", "funcName": "_log", "lineno": 188, "event_type": "streaming_indicator_engine.data_anomalies_detected", "data": {"symbol": "ARIA_USDT", "timestamp": 1762076408.312, "anomalies": ["stale_timestamp: 1762076408.312 vs 1764665469.837479"], "data_sample": {"price": 0.16713, "volume": 3.0}}}
{"timestamp": "2025-12-02T08:51:09.852950+00:00", "level": "WARNING", "module": "logger", "funcName": "_log", "lineno": 188, "event_type": "streaming_indicator_engine.data_anomalies_detected", "data": {"symbol": "ARIA_USDT", "timestamp": 1762076417.311, "anomalies": ["stale_timestamp: 1762076417.311 vs 1764665469.8529506"], "data_sample": {"price": 0.16708, "volume": 3.0}}}
{"timestamp": "2025-12-02T08:51:09.869325+00:00", "level": "WARNING", "module": "logger", "funcName": "_log", "lineno": 188, "event_type": "streaming_indicator_engine.data_anomalies_detected", "data": {"symbol": "ARIA_USDT", "timestamp": 1762076427.308999, "anomalies": ["stale_timestamp: 1762076427.308999 vs 1764665469.8693256"], "data_sample": {"price": 0.16707, "volume": 12.0}}}
{"timestamp": "2025-12-02T08:51:09.884548+00:00", "level": "WARNING", "module": "logger", "funcName": "_log", "lineno": 188, "event_type": "streaming_indicator_engine.data_anomalies_detected", "data": {"symbol": "ARIA_USDT", "timestamp": 1762076435.309999, "anomalies": ["stale_timestamp: 1762076435.309999 vs 1764665469.884549"], "data_sample": {"price": 0.1671, "volume": 4.0}}}
{"timestamp": "2025-12-02T08:51:09.900845+00:00", "level": "WARNING", "module": "logger", "funcName": "_log", "lineno": 188, "event_type": "streaming_indicator_engine.data_anomalies_detected", "data": {"symbol": "ARIA_USDT", "timestamp": 1762076447.309999, "anomalies": ["stale_timestamp: 1762076447.309999 vs 1764665469.8998082"], "data_sample": {"price": 0.16708, "volume": 9.0}}}
{"timestamp": "2025-12-02T08:51:09.915400+00:00", "level": "WARNING", "module": "logger", "funcName": "_log", "lineno": 188, "event_type": "streaming_indicator_engine.data_anomalies_detected", "data": {"symbol": "ARIA_USDT", "timestamp": 1762076462.309999, "anomalies": ["stale_timestamp: 1762076462.309999 vs 1764665469.9154"], "data_sample": {"price": 0.16726, "volume": 10.0}}}
{"timestamp": "2025-12-02T08:51:09.931428+00:00", "level": "WARNING", "module": "logger", "funcName": "_log", "lineno": 188, "event_type": "streaming_indicator_engine.data_anomalies_detected", "data": {"symbol": "ARIA_USDT", "timestamp": 1762076476.308999, "anomalies": ["stale_timestamp: 1762076476.308999 vs 1764665469.9314284"], "data_sample": {"price": 0.16745, "volume": 9.0}}}
{"timestamp": "2025-12-02T08:51:09.946577+00:00", "level": "WARNING", "module": "logger", "funcName": "_log", "lineno": 188, "event_type": "streaming_indicator_engine.data_anomalies_detected", "data": {"symbol": "ARIA_USDT", "timestamp": 1762076490.311, "anomalies": ["stale_timestamp: 1762076490.311 vs 1764665469.946577"], "data_sample": {"price": 0.16766, "volume": 7.0}}}
{"timestamp": "2025-12-02T08:51:09.962950+00:00", "level": "WARNING", "module": "logger", "funcName": "_log", "lineno": 188, "event_type": "streaming_indicator_engine.data_anomalies_detected", "data": {"symbol": "ARIA_USDT", "timestamp": 1762076501.311, "anomalies": ["stale_timestamp: 1762076501.311 vs 1764665469.9629502"], "data_sample": {"price": 0.16763, "volume": 5.0}}}
{"timestamp": "2025-12-02T08:51:09.977692+00:00", "level": "WARNING", "module": "logger", "funcName": "_log", "lineno": 188, "event_type": "streaming_indicator_engine.data_anomalies_detected", "data": {"symbol": "ARIA_USDT", "timestamp": 1762076514.408999, "anomalies": ["stale_timestamp: 1762076514.408999 vs 1764665469.9776924"], "data_sample": {"price": 0.16766, "volume": 10.0}}}
{"timestamp": "2025-12-02T08:51:09.992746+00:00", "level": "WARNING", "module": "logger", "funcName": "_log", "lineno": 188, "event_type": "streaming_indicator_engine.data_anomalies_detected", "data": {"symbol": "ARIA_USDT", "timestamp": 1762076520.311, "anomalies": ["stale_timestamp: 1762076520.311 vs 1764665469.9927468"], "data_sample": {"price": 0.1677, "volume": 9.0}}}
{"timestamp": "2025-12-02T08:51:10.009878+00:00", "level": "WARNING", "module": "logger", "funcName": "_log", "lineno": 188, "event_type": "streaming_indicator_engine.data_anomalies_detected", "data": {"symbol": "ARIA_USDT", "timestamp": 1762076531.311, "anomalies": ["stale_timestamp: 1762076531.311 vs 1764665470.0093687"], "data_sample": {"price": 0.16778, "volume": 10.0}}}
{"timestamp": "2025-12-02T08:51:10.011582+00:00", "level": "WARNING", "module": "logger", "funcName": "_log", "lineno": 188, "event_type": "streaming_indicator_engine.data_anomalies_detected", "data": {"symbol": "ARIA_USDT", "timestamp": 1762076537.311, "anomalies": ["stale_timestamp: 1762076537.311 vs 1764665470.0115826"], "data_sample": {"price": 0.16777, "volume": 10.0}}}
{"timestamp": "2025-12-02T08:51:10.023111+00:00", "level": "WARNING", "module": "logger", "funcName": "_log", "lineno": 188, "event_type": "streaming_indicator_engine.data_anomalies_detected", "data": {"symbol": "ARIA_USDT", "timestamp": 1762076543.312, "anomalies": ["stale_timestamp: 1762076543.312 vs 1764665470.0231113"], "data_sample": {"price": 0.16765, "volume": 8.0}}}
{"timestamp": "2025-12-02T08:51:10.039088+00:00", "level": "WARNING", "module": "logger", "funcName": "_log", "lineno": 188, "event_type": "streaming_indicator_engine.data_anomalies_detected", "data": {"symbol": "ARIA_USDT", "timestamp": 1762076551.311, "anomalies": ["stale_timestamp: 1762076551.311 vs 1764665470.0390885"], "data_sample": {"price": 0.16776, "volume": 7.0}}}
{"timestamp": "2025-12-02T08:51:10.056078+00:00", "level": "WARNING", "module": "logger", "funcName": "_log", "lineno": 188, "event_type": "streaming_indicator_engine.data_anomalies_detected", "data": {"symbol": "ARIA_USDT", "timestamp": 1762076567.313999, "anomalies": ["stale_timestamp: 1762076567.313999 vs 1764665470.056079"], "data_sample": {"price": 0.16779, "volume": 4.0}}}
{"timestamp": "2025-12-02T08:51:10.060937+00:00", "level": "WARNING", "module": "logger", "funcName": "_log", "lineno": 188, "event_type": "streaming_indicator_engine.data_anomalies_detected", "data": {"symbol": "ARIA_USDT", "timestamp": 1762076582.312999, "anomalies": ["stale_timestamp: 1762076582.312999 vs 1764665470.060938"], "data_sample": {"price": 0.16774, "volume": 4.0}}}
{"timestamp": "2025-12-02T08:51:10.062188+00:00", "level": "WARNING", "module": "logger", "funcName": "_log", "lineno": 188, "event_type": "streaming_indicator_engine.data_anomalies_detected", "data": {"symbol": "ARIA_USDT", "timestamp": 1762076595.309999, "anomalies": ["stale_timestamp: 1762076595.309999 vs 1764665470.0621886"], "data_sample": {"price": 0.16776, "volume": 10.0}}}
{"timestamp": "2025-12-02T08:51:10.083241+00:00", "level": "WARNING", "module": "logger", "funcName": "_log", "lineno": 188, "event_type": "streaming_indicator_engine.data_anomalies_detected", "data": {"symbol": "ARIA_USDT", "timestamp": 1762076606.309999, "anomalies": ["stale_timestamp: 1762076606.309999 vs 1764665470.083241"], "data_sample": {"price": 0.16772, "volume": 9.0}}}
{"timestamp": "2025-12-02T08:51:10.099109+00:00", "level": "WARNING", "module": "logger", "funcName": "_log", "lineno": 188, "event_type": "streaming_indicator_engine.data_anomalies_detected", "data": {"symbol": "ARIA_USDT", "timestamp": 1762076620.309999, "anomalies": ["stale_timestamp: 1762076620.309999 vs 1764665470.0991092"], "data_sample": {"price": 0.16764, "volume": 5.0}}}
{"timestamp": "2025-12-02T08:51:10.114394+00:00", "level": "WARNING", "module": "logger", "funcName": "_log", "lineno": 188, "event_type": "streaming_indicator_engine.data_anomalies_detected", "data": {"symbol": "ARIA_USDT", "timestamp": 1762076628.311, "anomalies": ["stale_timestamp: 1762076628.311 vs 1764665470.1143947"], "data_sample": {"price": 0.16761, "volume": 7.0}}}
{"timestamp": "2025-12-02T08:51:10.130347+00:00", "level": "WARNING", "module": "logger", "funcName": "_log", "lineno": 188, "event_type": "streaming_indicator_engine.data_anomalies_detected", "data": {"symbol": "ARIA_USDT", "timestamp": 1762076638.312999, "anomalies": ["stale_timestamp: 1762076638.312999 vs 1764665470.1303475"], "data_sample": {"price": 0.16763, "volume": 10.0}}}
{"timestamp": "2025-12-02T08:51:10.145880+00:00", "level": "WARNING", "module": "logger", "funcName": "_log", "lineno": 188, "event_type": "streaming_indicator_engine.data_anomalies_detected", "data": {"symbol": "ARIA_USDT", "timestamp": 1762076647.309999, "anomalies": ["stale_timestamp: 1762076647.309999 vs 1764665470.1458805"], "data_sample": {"price": 0.16762, "volume": 4.0}}}
{"timestamp": "2025-12-02T08:51:10.160910+00:00", "level": "WARNING", "module": "logger", "funcName": "_log", "lineno": 188, "event_type": "streaming_indicator_engine.data_anomalies_detected", "data": {"symbol": "ARIA_USDT", "timestamp": 1762076653.309999, "anomalies": ["stale_timestamp: 1762076653.309999 vs 1764665470.1609108"], "data_sample": {"price": 0.16761, "volume": 9.0}}}
{"timestamp": "2025-12-02T08:51:10.175653+00:00", "level": "WARNING", "module": "logger", "funcName": "_log", "lineno": 188, "event_type": "streaming_indicator_engine.data_anomalies_detected", "data": {"symbol": "ARIA_USDT", "timestamp": 1762076666.309999, "anomalies": ["stale_timestamp: 1762076666.309999 vs 1764665470.1756532"], "data_sample": {"price": 0.16763, "volume": 9.0}}}
{"timestamp": "2025-12-02T08:51:10.192440+00:00", "level": "WARNING", "module": "logger", "funcName": "_log", "lineno": 188, "event_type": "streaming_indicator_engine.data_anomalies_detected", "data": {"symbol": "ARIA_USDT", "timestamp": 1762076672.308999, "anomalies": ["stale_timestamp: 1762076672.308999 vs 1764665470.1924407"], "data_sample": {"price": 0.16762, "volume": 9.0}}}
{"timestamp": "2025-12-02T08:51:10.209293+00:00", "level": "WARNING", "module": "logger", "funcName": "_log", "lineno": 188, "event_type": "streaming_indicator_engine.data_anomalies_detected", "data": {"symbol": "ARIA_USDT", "timestamp": 1762076685.309999, "anomalies": ["stale_timestamp: 1762076685.309999 vs 1764665470.2083004"], "data_sample": {"price": 0.16732, "volume": 9.0}}}
{"timestamp": "2025-12-02T08:51:10.222901+00:00", "level": "WARNING", "module": "logger", "funcName": "_log", "lineno": 188, "event_type": "streaming_indicator_engine.data_anomalies_detected", "data": {"symbol": "ARIA_USDT", "timestamp": 1762076699.311, "anomalies": ["stale_timestamp: 1762076699.311 vs 1764665470.2229018"], "data_sample": {"price": 0.16737, "volume": 11.0}}}
{"timestamp": "2025-12-02T08:51:10.238972+00:00", "level": "WARNING", "module": "logger", "funcName": "_log", "lineno": 188, "event_type": "streaming_indicator_engine.data_anomalies_detected", "data": {"symbol": "ARIA_USDT", "timestamp": 1762076713.309999, "anomalies": ["stale_timestamp: 1762076713.309999 vs 1764665470.238973"], "data_sample": {"price": 0.16735, "volume": 4.0}}}
{"timestamp": "2025-12-02T08:51:10.255504+00:00", "level": "WARNING", "module": "logger", "funcName": "_log", "lineno": 188, "event_type": "streaming_indicator_engine.data_anomalies_detected", "data": {"symbol": "ARIA_USDT", "timestamp": 1762076728.311, "anomalies": ["stale_timestamp: 1762076728.311 vs 1764665470.2545037"], "data_sample": {"price": 0.16739, "volume": 9.0}}}
{"timestamp": "2025-12-02T08:51:10.271082+00:00", "level": "WARNING", "module": "logger", "funcName": "_log", "lineno": 188, "event_type": "streaming_indicator_engine.data_anomalies_detected", "data": {"symbol": "ARIA_USDT", "timestamp": 1762076734.308999, "anomalies": ["stale_timestamp: 1762076734.308999 vs 1764665470.2700846"], "data_sample": {"price": 0.16744, "volume": 9.0}}}
{"timestamp": "2025-12-02T08:51:10.284968+00:00", "level": "WARNING", "module": "logger", "funcName": "_log", "lineno": 188, "event_type": "streaming_indicator_engine.data_anomalies_detected", "data": {"symbol": "ARIA_USDT", "timestamp": 1762076750.309999, "anomalies": ["stale_timestamp: 1762076750.309999 vs 1764665470.2849681"], "data_sample": {"price": 0.16747, "volume": 10.0}}}
{"timestamp": "2025-12-02T08:51:10.300105+00:00", "level": "WARNING", "module": "logger", "funcName": "_log", "lineno": 188, "event_type": "streaming_indicator_engine.data_anomalies_detected", "data": {"symbol": "ARIA_USDT", "timestamp": 1762076759.311, "anomalies": ["stale_timestamp: 1762076759.311 vs 1764665470.3001058"], "data_sample": {"price": 0.16746, "volume": 10.0}}}
{"timestamp": "2025-12-02T08:51:10.331133+00:00", "level": "WARNING", "module": "logger", "funcName": "_log", "lineno": 188, "event_type": "streaming_indicator_engine.data_anomalies_detected", "data": {"symbol": "ARIA_USDT", "timestamp": 1762076767.309999, "anomalies": ["stale_timestamp: 1762076767.309999 vs 1764665470.3311331"], "data_sample": {"price": 0.16742, "volume": 8.0}}}
{"timestamp": "2025-12-02T08:51:10.346300+00:00", "level": "WARNING", "module": "logger", "funcName": "_log", "lineno": 188, "event_type": "streaming_indicator_engine.data_anomalies_detected", "data": {"symbol": "ARIA_USDT", "timestamp": 1762076783.312, "anomalies": ["stale_timestamp: 1762076783.312 vs 1764665470.3463004"], "data_sample": {"price": 0.16745, "volume": 8.0}}}
{"timestamp": "2025-12-02T08:51:10.363380+00:00", "level": "WARNING", "module": "logger", "funcName": "_log", "lineno": 188, "event_type": "streaming_indicator_engine.data_anomalies_detected", "data": {"symbol": "ARIA_USDT", "timestamp": 1762076789.309999, "anomalies": ["stale_timestamp: 1762076789.309999 vs 1764665470.3623493"], "data_sample": {"price": 0.16755, "volume": 9.0}}}
{"timestamp": "2025-12-02T08:51:10.378439+00:00", "level": "WARNING", "module": "logger", "funcName": "_log", "lineno": 188, "event_type": "streaming_indicator_engine.data_anomalies_detected", "data": {"symbol": "ARIA_USDT", "timestamp": 1762076803.311, "anomalies": ["stale_timestamp: 1762076803.311 vs 1764665470.3784397"], "data_sample": {"price": 0.16758, "volume": 10.0}}}
{"timestamp": "2025-12-02T08:51:10.394531+00:00", "level": "WARNING", "module": "logger", "funcName": "_log", "lineno": 188, "event_type": "streaming_indicator_engine.data_anomalies_detected", "data": {"symbol": "ARIA_USDT", "timestamp": 1762076816.308999, "anomalies": ["stale_timestamp: 1762076816.308999 vs 1764665470.3945317"], "data_sample": {"price": 0.16762, "volume": 9.0}}}
{"timestamp": "2025-12-02T08:51:10.409727+00:00", "level": "WARNING", "module": "logger", "funcName": "_log", "lineno": 188, "event_type": "streaming_indicator_engine.data_anomalies_detected", "data": {"symbol": "ARIA_USDT", "timestamp": 1762076825.312999, "anomalies": ["stale_timestamp: 1762076825.312999 vs 1764665470.4092128"], "data_sample": {"price": 0.16751, "volume": 10.0}}}
{"timestamp": "2025-12-02T08:51:10.425829+00:00", "level": "WARNING", "module": "logger", "funcName": "_log", "lineno": 188, "event_type": "streaming_indicator_engine.data_anomalies_detected", "data": {"symbol": "ARIA_USDT", "timestamp": 1762076831.316999, "anomalies": ["stale_timestamp: 1762076831.316999 vs 1764665470.4248505"], "data_sample": {"price": 0.1674, "volume": 6.0}}}
{"timestamp": "2025-12-02T08:51:10.441880+00:00", "level": "WARNING", "module": "logger", "funcName": "_log", "lineno": 188, "event_type": "streaming_indicator_engine.data_anomalies_detected", "data": {"symbol": "ARIA_USDT", "timestamp": 1762076839.311, "anomalies": ["stale_timestamp: 1762076839.311 vs 1764665470.4418802"], "data_sample": {"price": 0.16741, "volume": 8.0}}}
{"timestamp": "2025-12-02T08:51:10.456411+00:00", "level": "WARNING", "module": "logger", "funcName": "_log", "lineno": 188, "event_type": "streaming_indicator_engine.data_anomalies_detected", "data": {"symbol": "ARIA_USDT", "timestamp": 1762076846.312, "anomalies": ["stale_timestamp: 1762076846.312 vs 1764665470.4564111"], "data_sample": {"price": 0.1674, "volume": 6.0}}}
{"timestamp": "2025-12-02T08:51:10.472287+00:00", "level": "WARNING", "module": "logger", "funcName": "_log", "lineno": 188, "event_type": "streaming_indicator_engine.data_anomalies_detected", "data": {"symbol": "ARIA_USDT", "timestamp": 1762076859.309999, "anomalies": ["stale_timestamp: 1762076859.309999 vs 1764665470.472288"], "data_sample": {"price": 0.16723, "volume": 5.0}}}
{"timestamp": "2025-12-02T08:51:10.477298+00:00", "level": "INFO", "module": "logger", "funcName": "_log", "lineno": 188, "event_type": "strategy_manager.indicator_update_received", "data": {"symbol": "ARIA_USDT", "indicator_name": "611fad91-045d-408b-8822-f43428935033_20", "indicator_type": "", "value": -0.00266558372751215, "active_strategies_for_symbol": true, "active_count": 3}}
{"timestamp": "2025-12-02T08:51:10.479300+00:00", "level": "WARNING", "module": "logger", "funcName": "_log", "lineno": 188, "event_type": "streaming_indicator_engine.data_anomalies_detected", "data": {"symbol": "ARIA_USDT", "timestamp": 1762076870.309999, "anomalies": ["stale_timestamp: 1762076870.309999 vs 1764665470.4783032"], "data_sample": {"price": 0.16724, "volume": 9.0}}}
{"timestamp": "2025-12-02T08:51:10.480773+00:00", "level": "WARNING", "module": "logger", "funcName": "_log", "lineno": 188, "event_type": "streaming_indicator_engine.data_anomalies_detected", "data": {"symbol": "ARIA_USDT", "timestamp": 1762076878.309999, "anomalies": ["stale_timestamp: 1762076878.309999 vs 1764665470.4807732"], "data_sample": {"price": 0.16731, "volume": 4.0}}}
{"timestamp": "2025-12-02T08:51:10.481752+00:00", "level": "WARNING", "module": "logger", "funcName": "_log", "lineno": 188, "event_type": "streaming_indicator_engine.data_anomalies_detected", "data": {"symbol": "ARIA_USDT", "timestamp": 1762076892.311, "anomalies": ["stale_timestamp: 1762076892.311 vs 1764665470.4817526"], "data_sample": {"price": 0.16728, "volume": 9.0}}}
{"timestamp": "2025-12-02T08:51:10.483770+00:00", "level": "WARNING", "module": "logger", "funcName": "_log", "lineno": 188, "event_type": "streaming_indicator_engine.data_anomalies_detected", "data": {"symbol": "ARIA_USDT", "timestamp": 1762076900.309999, "anomalies": ["stale_timestamp: 1762076900.309999 vs 1764665470.4837701"], "data_sample": {"price": 0.16731, "volume": 7.0}}}
{"timestamp": "2025-12-02T08:51:10.484751+00:00", "level": "INFO", "module": "logger", "funcName": "_log", "lineno": 188, "event_type": "strategy_manager.indicator_update_received", "data": {"symbol": "ARIA_USDT", "indicator_name": "611fad91-045d-408b-8822-f43428935033_20", "indicator_type": "", "value": -0.00266558372751215, "active_strategies_for_symbol": true, "active_count": 3}}
{"timestamp": "2025-12-02T08:51:10.485751+00:00", "level": "WARNING", "module": "logger", "funcName": "_log", "lineno": 188, "event_type": "streaming_indicator_engine.data_anomalies_detected", "data": {"symbol": "ARIA_USDT", "timestamp": 1762076915.308999, "anomalies": ["stale_timestamp: 1762076915.308999 vs 1764665470.4857514"], "data_sample": {"price": 0.16729, "volume": 4.0}}}
{"timestamp": "2025-12-02T08:51:10.486769+00:00", "level": "WARNING", "module": "logger", "funcName": "_log", "lineno": 188, "event_type": "streaming_indicator_engine.data_anomalies_detected", "data": {"symbol": "ARIA_USDT", "timestamp": 1762076929.309999, "anomalies": ["stale_timestamp: 1762076929.309999 vs 1764665470.4867697"], "data_sample": {"price": 0.16725, "volume": 11.0}}}
{"timestamp": "2025-12-02T08:51:10.487750+00:00", "level": "WARNING", "module": "logger", "funcName": "_log", "lineno": 188, "event_type": "streaming_indicator_engine.data_anomalies_detected", "data": {"symbol": "ARIA_USDT", "timestamp": 1762076940.312999, "anomalies": ["stale_timestamp: 1762076940.312999 vs 1764665470.48775"], "data_sample": {"price": 0.16733, "volume": 8.0}}}
{"timestamp": "2025-12-02T08:51:10.489263+00:00", "level": "WARNING", "module": "logger", "funcName": "_log", "lineno": 188, "event_type": "streaming_indicator_engine.data_anomalies_detected", "data": {"symbol": "ARIA_USDT", "timestamp": 1762076949.324999, "anomalies": ["stale_timestamp: 1762076949.324999 vs 1764665470.48775"], "data_sample": {"price": 0.1673, "volume": 8.0}}}
{"timestamp": "2025-12-02T08:51:10.489263+00:00", "level": "WARNING", "module": "logger", "funcName": "_log", "lineno": 188, "event_type": "streaming_indicator_engine.data_anomalies_detected", "data": {"symbol": "ARIA_USDT", "timestamp": 1762076965.316, "anomalies": ["stale_timestamp: 1762076965.316 vs 1764665470.4892638"], "data_sample": {"price": 0.16729, "volume": 4.0}}}
{"timestamp": "2025-12-02T08:51:10.490276+00:00", "level": "WARNING", "module": "logger", "funcName": "_log", "lineno": 188, "event_type": "streaming_indicator_engine.data_anomalies_detected", "data": {"symbol": "ARIA_USDT", "timestamp": 1762076978.312, "anomalies": ["stale_timestamp: 1762076978.312 vs 1764665470.4902766"], "data_sample": {"price": 0.1673, "volume": 9.0}}}
{"timestamp": "2025-12-02T08:51:10.492297+00:00", "level": "WARNING", "module": "logger", "funcName": "_log", "lineno": 188, "event_type": "streaming_indicator_engine.data_anomalies_detected", "data": {"symbol": "ARIA_USDT", "timestamp": 1762076990.315, "anomalies": ["stale_timestamp: 1762076990.315 vs 1764665470.4922972"], "data_sample": {"price": 0.16733, "volume": 10.0}}}
{"timestamp": "2025-12-02T08:51:10.519885+00:00", "level": "WARNING", "module": "logger", "funcName": "_log", "lineno": 188, "event_type": "streaming_indicator_engine.data_anomalies_detected", "data": {"symbol": "ARIA_USDT", "timestamp": 1762076997.315, "anomalies": ["stale_timestamp: 1762076997.315 vs 1764665470.5198855"], "data_sample": {"price": 0.16726, "volume": 12.0}}}
{"timestamp": "2025-12-02T08:51:10.535495+00:00", "level": "WARNING", "module": "logger", "funcName": "_log", "lineno": 188, "event_type": "streaming_indicator_engine.data_anomalies_detected", "data": {"symbol": "ARIA_USDT", "timestamp": 1762077007.309999, "anomalies": ["stale_timestamp: 1762077007.309999 vs 1764665470.5345824"], "data_sample": {"price": 0.16719, "volume": 4.0}}}
{"timestamp": "2025-12-02T08:51:10.549765+00:00", "level": "WARNING", "module": "logger", "funcName": "_log", "lineno": 188, "event_type": "streaming_indicator_engine.data_anomalies_detected", "data": {"symbol": "ARIA_USDT", "timestamp": 1762077018.309999, "anomalies": ["stale_timestamp: 1762077018.309999 vs 1764665470.5497656"], "data_sample": {"price": 0.16722, "volume": 8.0}}}
{"timestamp": "2025-12-02T08:51:10.564824+00:00", "level": "WARNING", "module": "logger", "funcName": "_log", "lineno": 188, "event_type": "streaming_indicator_engine.data_anomalies_detected", "data": {"symbol": "ARIA_USDT", "timestamp": 1762077025.309999, "anomalies": ["stale_timestamp: 1762077025.309999 vs 1764665470.5648248"], "data_sample": {"price": 0.16726, "volume": 5.0}}}
{"timestamp": "2025-12-02T08:51:10.580111+00:00", "level": "WARNING", "module": "logger", "funcName": "_log", "lineno": 188, "event_type": "streaming_indicator_engine.data_anomalies_detected", "data": {"symbol": "ARIA_USDT", "timestamp": 1762077033.311, "anomalies": ["stale_timestamp: 1762077033.311 vs 1764665470.580111"], "data_sample": {"price": 0.16725, "volume": 4.0}}}
{"timestamp": "2025-12-02T08:51:10.595942+00:00", "level": "WARNING", "module": "logger", "funcName": "_log", "lineno": 188, "event_type": "streaming_indicator_engine.data_anomalies_detected", "data": {"symbol": "ARIA_USDT", "timestamp": 1762077042.309999, "anomalies": ["stale_timestamp: 1762077042.309999 vs 1764665470.5959425"], "data_sample": {"price": 0.16724, "volume": 4.0}}}
{"timestamp": "2025-12-02T08:51:10.610997+00:00", "level": "WARNING", "module": "logger", "funcName": "_log", "lineno": 188, "event_type": "streaming_indicator_engine.data_anomalies_detected", "data": {"symbol": "ARIA_USDT", "timestamp": 1762077051.309999, "anomalies": ["stale_timestamp: 1762077051.309999 vs 1764665470.6109977"], "data_sample": {"price": 0.16725, "volume": 4.0}}}
{"timestamp": "2025-12-02T08:51:10.625883+00:00", "level": "WARNING", "module": "logger", "funcName": "_log", "lineno": 188, "event_type": "streaming_indicator_engine.data_anomalies_detected", "data": {"symbol": "ARIA_USDT", "timestamp": 1762077057.312999, "anomalies": ["stale_timestamp: 1762077057.312999 vs 1764665470.6258833"], "data_sample": {"price": 0.16726, "volume": 3.0}}}
{"timestamp": "2025-12-02T08:51:10.641973+00:00", "level": "WARNING", "module": "logger", "funcName": "_log", "lineno": 188, "event_type": "streaming_indicator_engine.data_anomalies_detected", "data": {"symbol": "ARIA_USDT", "timestamp": 1762077067.316999, "anomalies": ["stale_timestamp: 1762077067.316999 vs 1764665470.641973"], "data_sample": {"price": 0.16725, "volume": 8.0}}}
{"timestamp": "2025-12-02T08:51:10.656485+00:00", "level": "WARNING", "module": "logger", "funcName": "_log", "lineno": 188, "event_type": "streaming_indicator_engine.data_anomalies_detected", "data": {"symbol": "ARIA_USDT", "timestamp": 1762077081.308, "anomalies": ["stale_timestamp: 1762077081.308 vs 1764665470.6564856"], "data_sample": {"price": 0.16714, "volume": 6.0}}}
{"timestamp": "2025-12-02T08:51:10.671504+00:00", "level": "WARNING", "module": "logger", "funcName": "_log", "lineno": 188, "event_type": "streaming_indicator_engine.data_anomalies_detected", "data": {"symbol": "ARIA_USDT", "timestamp": 1762077089.311, "anomalies": ["stale_timestamp: 1762077089.311 vs 1764665470.671505"], "data_sample": {"price": 0.16711, "volume": 4.0}}}
{"timestamp": "2025-12-02T08:51:10.687444+00:00", "level": "WARNING", "module": "logger", "funcName": "_log", "lineno": 188, "event_type": "streaming_indicator_engine.data_anomalies_detected", "data": {"symbol": "ARIA_USDT", "timestamp": 1762077098.311, "anomalies": ["stale_timestamp: 1762077098.311 vs 1764665470.6874442"], "data_sample": {"price": 0.16702, "volume": 4.0}}}
{"timestamp": "2025-12-02T08:51:10.703497+00:00", "level": "WARNING", "module": "logger", "funcName": "_log", "lineno": 188, "event_type": "streaming_indicator_engine.data_anomalies_detected", "data": {"symbol": "ARIA_USDT", "timestamp": 1762077107.335, "anomalies": ["stale_timestamp: 1762077107.335 vs 1764665470.703498"], "data_sample": {"price": 0.167, "volume": 26.0}}}
{"timestamp": "2025-12-02T08:51:10.729753+00:00", "level": "WARNING", "module": "logger", "funcName": "_log", "lineno": 188, "event_type": "streaming_indicator_engine.data_anomalies_detected", "data": {"symbol": "ARIA_USDT", "timestamp": 1762077121.309999, "anomalies": ["stale_timestamp: 1762077121.309999 vs 1764665470.729753"], "data_sample": {"price": 0.16704, "volume": 8.0}}}
{"timestamp": "2025-12-02T08:51:10.752838+00:00", "level": "WARNING", "module": "logger", "funcName": "_log", "lineno": 188, "event_type": "streaming_indicator_engine.data_anomalies_detected", "data": {"symbol": "ARIA_USDT", "timestamp": 1762077123.420999, "anomalies": ["stale_timestamp: 1762077123.420999 vs 1764665470.7528381"], "data_sample": {"price": 0.167, "volume": 59.0}}}
{"timestamp": "2025-12-02T08:51:10.766284+00:00", "level": "WARNING", "module": "logger", "funcName": "_log", "lineno": 188, "event_type": "streaming_indicator_engine.data_anomalies_detected", "data": {"symbol": "ARIA_USDT", "timestamp": 1762077139.311, "anomalies": ["stale_timestamp: 1762077139.311 vs 1764665470.7662845"], "data_sample": {"price": 0.16703, "volume": 5.0}}}
{"timestamp": "2025-12-02T08:51:10.781425+00:00", "level": "WARNING", "module": "logger", "funcName": "_log", "lineno": 188, "event_type": "streaming_indicator_engine.data_anomalies_detected", "data": {"symbol": "ARIA_USDT", "timestamp": 1762077152.308999, "anomalies": ["stale_timestamp: 1762077152.308999 vs 1764665470.781426"], "data_sample": {"price": 0.16708, "volume": 9.0}}}
{"timestamp": "2025-12-02T08:51:10.810720+00:00", "level": "WARNING", "module": "logger", "funcName": "_log", "lineno": 188, "event_type": "streaming_indicator_engine.data_anomalies_detected", "data": {"symbol": "ARIA_USDT", "timestamp": 1762077163.309999, "anomalies": ["stale_timestamp: 1762077163.309999 vs 1764665470.8052855"], "data_sample": {"price": 0.16713, "volume": 11.0}}}
{"timestamp": "2025-12-02T08:51:10.828336+00:00", "level": "WARNING", "module": "logger", "funcName": "_log", "lineno": 188, "event_type": "streaming_indicator_engine.data_anomalies_detected", "data": {"symbol": "ARIA_USDT", "timestamp": 1762077172.309999, "anomalies": ["stale_timestamp: 1762077172.309999 vs 1764665470.8283362"], "data_sample": {"price": 0.16706, "volume": 12.0}}}
{"timestamp": "2025-12-02T08:51:10.847337+00:00", "level": "WARNING", "module": "logger", "funcName": "_log", "lineno": 188, "event_type": "streaming_indicator_engine.data_anomalies_detected", "data": {"symbol": "ARIA_USDT", "timestamp": 1762077187.312999, "anomalies": ["stale_timestamp: 1762077187.312999 vs 1764665470.847338"], "data_sample": {"price": 0.16705, "volume": 4.0}}}
{"timestamp": "2025-12-02T08:51:10.876210+00:00", "level": "WARNING", "module": "logger", "funcName": "_log", "lineno": 188, "event_type": "streaming_indicator_engine.data_anomalies_detected", "data": {"symbol": "ARIA_USDT", "timestamp": 1762077203.309999, "anomalies": ["stale_timestamp: 1762077203.309999 vs 1764665470.8752136"], "data_sample": {"price": 0.16703, "volume": 6.0}}}
{"timestamp": "2025-12-02T08:51:10.896457+00:00", "level": "WARNING", "module": "logger", "funcName": "_log", "lineno": 188, "event_type": "streaming_indicator_engine.data_anomalies_detected", "data": {"symbol": "ARIA_USDT", "timestamp": 1762077211.312, "anomalies": ["stale_timestamp: 1762077211.312 vs 1764665470.8964577"], "data_sample": {"price": 0.16707, "volume": 9.0}}}
{"timestamp": "2025-12-02T08:51:10.910509+00:00", "level": "WARNING", "module": "logger", "funcName": "_log", "lineno": 188, "event_type": "streaming_indicator_engine.data_anomalies_detected", "data": {"symbol": "ARIA_USDT", "timestamp": 1762077227.312999, "anomalies": ["stale_timestamp: 1762077227.312999 vs 1764665470.9105098"], "data_sample": {"price": 0.16704, "volume": 4.0}}}
{"timestamp": "2025-12-02T08:51:10.930423+00:00", "level": "WARNING", "module": "logger", "funcName": "_log", "lineno": 188, "event_type": "streaming_indicator_engine.data_anomalies_detected", "data": {"symbol": "ARIA_USDT", "timestamp": 1762077234.308999, "anomalies": ["stale_timestamp: 1762077234.308999 vs 1764665470.929351"], "data_sample": {"price": 0.16708, "volume": 8.0}}}
{"timestamp": "2025-12-02T08:51:10.932685+00:00", "level": "WARNING", "module": "logger", "funcName": "_log", "lineno": 188, "event_type": "streaming_indicator_engine.data_anomalies_detected", "data": {"symbol": "ARIA_USDT", "timestamp": 1762077247.312999, "anomalies": ["stale_timestamp: 1762077247.312999 vs 1764665470.9326854"], "data_sample": {"price": 0.16705, "volume": 7.0}}}
{"timestamp": "2025-12-02T08:51:10.933697+00:00", "level": "WARNING", "module": "logger", "funcName": "_log", "lineno": 188, "event_type": "streaming_indicator_engine.data_anomalies_detected", "data": {"symbol": "ARIA_USDT", "timestamp": 1762077263.309999, "anomalies": ["stale_timestamp: 1762077263.309999 vs 1764665470.933697"], "data_sample": {"price": 0.16704, "volume": 7.0}}}
{"timestamp": "2025-12-02T08:51:10.934702+00:00", "level": "WARNING", "module": "logger", "funcName": "_log", "lineno": 188, "event_type": "execution_monitor.alert_triggered", "data": {"session_id": "exec_20251202_095100_63741b2d", "metric_name": "memory_percent", "threshold": 85.0, "current_value": 88.6, "comparison": "gt", "timestamp": "2025-12-02T09:51:10.934702", "severity": "warning"}}
{"timestamp": "2025-12-02T08:51:10.935694+00:00", "level": "WARNING", "module": "logger", "funcName": "_log", "lineno": 188, "event_type": "streaming_indicator_engine.data_anomalies_detected", "data": {"symbol": "ARIA_USDT", "timestamp": 1762077274.309999, "anomalies": ["stale_timestamp: 1762077274.309999 vs 1764665470.935694"], "data_sample": {"price": 0.16709, "volume": 4.0}}}
{"timestamp": "2025-12-02T08:51:10.960399+00:00", "level": "WARNING", "module": "logger", "funcName": "_log", "lineno": 188, "event_type": "streaming_indicator_engine.data_anomalies_detected", "data": {"symbol": "ARIA_USDT", "timestamp": 1762077281.311, "anomalies": ["stale_timestamp: 1762077281.311 vs 1764665470.9603999"], "data_sample": {"price": 0.16713, "volume": 12.0}}}
{"timestamp": "2025-12-02T08:51:10.978970+00:00", "level": "WARNING", "module": "logger", "funcName": "_log", "lineno": 188, "event_type": "streaming_indicator_engine.data_anomalies_detected", "data": {"symbol": "ARIA_USDT", "timestamp": 1762077290.312, "anomalies": ["stale_timestamp: 1762077290.312 vs 1764665470.9774628"], "data_sample": {"price": 0.16709, "volume": 8.0}}}
{"timestamp": "2025-12-02T08:51:10.984376+00:00", "level": "INFO", "module": "logger", "funcName": "_log", "lineno": 188, "event_type": "strategy_manager.indicator_update_received", "data": {"symbol": "ARIA_USDT", "indicator_name": "11b8be00-eed3-48fe-b359-df47b297226c_20", "indicator_type": "", "value": 0.0009627033557139557, "active_strategies_for_symbol": true, "active_count": 3}}
{"timestamp": "2025-12-02T08:51:10.988376+00:00", "level": "WARNING", "module": "logger", "funcName": "_log", "lineno": 188, "event_type": "streaming_indicator_engine.data_anomalies_detected", "data": {"symbol": "ARIA_USDT", "timestamp": 1762077299.312, "anomalies": ["stale_timestamp: 1762077299.312 vs 1764665470.9873753"], "data_sample": {"price": 0.16706, "volume": 8.0}}}
{"timestamp": "2025-12-02T08:51:10.989883+00:00", "level": "WARNING", "module": "logger", "funcName": "_log", "lineno": 188, "event_type": "streaming_indicator_engine.data_anomalies_detected", "data": {"symbol": "ARIA_USDT", "timestamp": 1762077309.309999, "anomalies": ["stale_timestamp: 1762077309.309999 vs 1764665470.9898832"], "data_sample": {"price": 0.16705, "volume": 6.0}}}
{"timestamp": "2025-12-02T08:51:10.995366+00:00", "level": "WARNING", "module": "logger", "funcName": "_log", "lineno": 188, "event_type": "streaming_indicator_engine.data_anomalies_detected", "data": {"symbol": "ARIA_USDT", "timestamp": 1762077318.312, "anomalies": ["stale_timestamp: 1762077318.312 vs 1764665470.9943676"], "data_sample": {"price": 0.16706, "volume": 9.0}}}
{"timestamp": "2025-12-02T08:51:10.996365+00:00", "level": "WARNING", "module": "logger", "funcName": "_log", "lineno": 188, "event_type": "streaming_indicator_engine.data_anomalies_detected", "data": {"symbol": "ARIA_USDT", "timestamp": 1762077324.309999, "anomalies": ["stale_timestamp: 1762077324.309999 vs 1764665470.9963655"], "data_sample": {"price": 0.1671, "volume": 5.0}}}
{"timestamp": "2025-12-02T08:51:10.997366+00:00", "level": "WARNING", "module": "logger", "funcName": "_log", "lineno": 188, "event_type": "streaming_indicator_engine.data_anomalies_detected", "data": {"symbol": "ARIA_USDT", "timestamp": 1762077335.309999, "anomalies": ["stale_timestamp: 1762077335.309999 vs 1764665470.9973662"], "data_sample": {"price": 0.16709, "volume": 4.0}}}
{"timestamp": "2025-12-02T08:51:10.998760+00:00", "level": "INFO", "module": "logger", "funcName": "_log", "lineno": 188, "event_type": "strategy_manager.indicator_update_received", "data": {"symbol": "ARIA_USDT", "indicator_name": "11b8be00-eed3-48fe-b359-df47b297226c_20", "indicator_type": "", "value": 0.0009627033557139557, "active_strategies_for_symbol": true, "active_count": 3}}
{"timestamp": "2025-12-02T08:51:10.999269+00:00", "level": "WARNING", "module": "logger", "funcName": "_log", "lineno": 188, "event_type": "streaming_indicator_engine.data_anomalies_detected", "data": {"symbol": "ARIA_USDT", "timestamp": 1762077351.309999, "anomalies": ["stale_timestamp: 1762077351.309999 vs 1764665470.999269"], "data_sample": {"price": 0.1671, "volume": 3.0}}}
{"timestamp": "2025-12-02T08:51:11.000277+00:00", "level": "WARNING", "module": "logger", "funcName": "_log", "lineno": 188, "event_type": "streaming_indicator_engine.data_anomalies_detected", "data": {"symbol": "ARIA_USDT", "timestamp": 1762077362.309999, "anomalies": ["stale_timestamp: 1762077362.309999 vs 1764665470.999269"], "data_sample": {"price": 0.16716, "volume": 5.0}}}
{"timestamp": "2025-12-02T08:51:11.000277+00:00", "level": "WARNING", "module": "logger", "funcName": "_log", "lineno": 188, "event_type": "streaming_indicator_engine.data_anomalies_detected", "data": {"symbol": "ARIA_USDT", "timestamp": 1762077376.309999, "anomalies": ["stale_timestamp: 1762077376.309999 vs 1764665471.0002775"], "data_sample": {"price": 0.16724, "volume": 11.0}}}
{"timestamp": "2025-12-02T08:51:11.001639+00:00", "level": "WARNING", "module": "logger", "funcName": "_log", "lineno": 188, "event_type": "streaming_indicator_engine.data_anomalies_detected", "data": {"symbol": "ARIA_USDT", "timestamp": 1762077387.309999, "anomalies": ["stale_timestamp: 1762077387.309999 vs 1764665471.0016394"], "data_sample": {"price": 0.16726, "volume": 11.0}}}
{"timestamp": "2025-12-02T08:51:11.001639+00:00", "level": "WARNING", "module": "logger", "funcName": "_log", "lineno": 188, "event_type": "streaming_indicator_engine.data_anomalies_detected", "data": {"symbol": "ARIA_USDT", "timestamp": 1762077395.309999, "anomalies": ["stale_timestamp: 1762077395.309999 vs 1764665471.0016394"], "data_sample": {"price": 0.16728, "volume": 3.0}}}
{"timestamp": "2025-12-02T08:51:11.002645+00:00", "level": "WARNING", "module": "logger", "funcName": "_log", "lineno": 188, "event_type": "streaming_indicator_engine.data_anomalies_detected", "data": {"symbol": "ARIA_USDT", "timestamp": 1762077402.309999, "anomalies": ["stale_timestamp: 1762077402.309999 vs 1764665471.0026457"], "data_sample": {"price": 0.1673, "volume": 10.0}}}
{"timestamp": "2025-12-02T08:51:11.013713+00:00", "level": "INFO", "module": "logger", "funcName": "_log", "lineno": 188, "event_type": "strategy_manager.indicator_update_received", "data": {"symbol": "ARIA_USDT", "indicator_name": "f1c5bf73-df7f-4889-b417-fc3fcd71a9f7_20", "indicator_type": "", "value": 42.56819813348482, "active_strategies_for_symbol": true, "active_count": 3}}
{"timestamp": "2025-12-02T08:51:11.014718+00:00", "level": "WARNING", "module": "logger", "funcName": "_log", "lineno": 188, "event_type": "streaming_indicator_engine.data_anomalies_detected", "data": {"symbol": "ARIA_USDT", "timestamp": 1762077412.311, "anomalies": ["stale_timestamp: 1762077412.311 vs 1764665471.014718"], "data_sample": {"price": 0.16729, "volume": 7.0}}}
{"timestamp": "2025-12-02T08:51:11.016042+00:00", "level": "WARNING", "module": "logger", "funcName": "_log", "lineno": 188, "event_type": "streaming_indicator_engine.data_anomalies_detected", "data": {"symbol": "ARIA_USDT", "timestamp": 1762077421.309999, "anomalies": ["stale_timestamp: 1762077421.309999 vs 1764665471.0160425"], "data_sample": {"price": 0.16727, "volume": 4.0}}}
{"timestamp": "2025-12-02T08:51:11.017057+00:00", "level": "INFO", "module": "logger", "funcName": "_log", "lineno": 188, "event_type": "strategy_manager.indicator_update_received", "data": {"symbol": "ARIA_USDT", "indicator_name": "f1c5bf73-df7f-4889-b417-fc3fcd71a9f7_20", "indicator_type": "", "value": 42.56819813348482, "active_strategies_for_symbol": true, "active_count": 3}}
{"timestamp": "2025-12-02T08:51:11.021080+00:00", "level": "INFO", "module": "logger", "funcName": "_log", "lineno": 188, "event_type": "strategy_manager.indicator_update_received", "data": {"symbol": "ARIA_USDT", "indicator_name": "790d8eed-dc95-43ff-b625-1205d256154b_20", "indicator_type": "", "value": 0.0013506874143189638, "active_strategies_for_symbol": true, "active_count": 3}}
{"timestamp": "2025-12-02T08:51:11.027068+00:00", "level": "INFO", "module": "logger", "funcName": "_log", "lineno": 188, "event_type": "strategy_manager.indicator_update_received", "data": {"symbol": "ARIA_USDT", "indicator_name": "790d8eed-dc95-43ff-b625-1205d256154b_20", "indicator_type": "", "value": 0.0013506874143189638, "active_strategies_for_symbol": true, "active_count": 3}}
{"timestamp": "2025-12-02T08:51:11.028978+00:00", "level": "WARNING", "module": "logger", "funcName": "_log", "lineno": 188, "event_type": "streaming_indicator_engine.data_anomalies_detected", "data": {"symbol": "ARIA_USDT", "timestamp": 1762076372.312999, "anomalies": ["stale_timestamp: 1762076372.312999 vs 1764665471.028979"], "data_sample": {"price": 0.1671, "volume": 3.0}}}
{"timestamp": "2025-12-02T08:51:11.029992+00:00", "level": "WARNING", "module": "logger", "funcName": "_log", "lineno": 188, "event_type": "streaming_indicator_engine.data_anomalies_detected", "data": {"symbol": "ARIA_USDT", "timestamp": 1762076381.309999, "anomalies": ["stale_timestamp: 1762076381.309999 vs 1764665471.0299928"], "data_sample": {"price": 0.16715, "volume": 8.0}}}
{"timestamp": "2025-12-02T08:51:11.030987+00:00", "level": "WARNING", "module": "logger", "funcName": "_log", "lineno": 188, "event_type": "streaming_indicator_engine.data_anomalies_detected", "data": {"symbol": "ARIA_USDT", "timestamp": 1762076388.311, "anomalies": ["stale_timestamp: 1762076388.311 vs 1764665471.030987"], "data_sample": {"price": 0.16714, "volume": 9.0}}}
{"timestamp": "2025-12-02T08:51:11.032995+00:00", "level": "WARNING", "module": "logger", "funcName": "_log", "lineno": 188, "event_type": "streaming_indicator_engine.data_anomalies_detected", "data": {"symbol": "ARIA_USDT", "timestamp": 1762076401.309999, "anomalies": ["stale_timestamp: 1762076401.309999 vs 1764665471.031994"], "data_sample": {"price": 0.16717, "volume": 7.0}}}
{"timestamp": "2025-12-02T08:51:11.033998+00:00", "level": "WARNING", "module": "logger", "funcName": "_log", "lineno": 188, "event_type": "streaming_indicator_engine.data_anomalies_detected", "data": {"symbol": "ARIA_USDT", "timestamp": 1762076408.312, "anomalies": ["stale_timestamp: 1762076408.312 vs 1764665471.0339985"], "data_sample": {"price": 0.16713, "volume": 3.0}}}
{"timestamp": "2025-12-02T08:51:11.052181+00:00", "level": "WARNING", "module": "logger", "funcName": "_log", "lineno": 188, "event_type": "streaming_indicator_engine.data_anomalies_detected", "data": {"symbol": "ARIA_USDT", "timestamp": 1762076417.311, "anomalies": ["stale_timestamp: 1762076417.311 vs 1764665471.0521815"], "data_sample": {"price": 0.16708, "volume": 3.0}}}
{"timestamp": "2025-12-02T08:51:11.067635+00:00", "level": "WARNING", "module": "logger", "funcName": "_log", "lineno": 188, "event_type": "streaming_indicator_engine.data_anomalies_detected", "data": {"symbol": "ARIA_USDT", "timestamp": 1762076427.308999, "anomalies": ["stale_timestamp: 1762076427.308999 vs 1764665471.0676358"], "data_sample": {"price": 0.16707, "volume": 12.0}}}
{"timestamp": "2025-12-02T08:51:11.071482+00:00", "level": "WARNING", "module": "logger", "funcName": "_log", "lineno": 188, "event_type": "streaming_indicator_engine.data_anomalies_detected", "data": {"symbol": "ARIA_USDT", "timestamp": 1762076435.309999, "anomalies": ["stale_timestamp: 1762076435.309999 vs 1764665471.0701616"], "data_sample": {"price": 0.1671, "volume": 4.0}}}
{"timestamp": "2025-12-02T08:51:11.083239+00:00", "level": "WARNING", "module": "logger", "funcName": "_log", "lineno": 188, "event_type": "streaming_indicator_engine.data_anomalies_detected", "data": {"symbol": "ARIA_USDT", "timestamp": 1762076447.309999, "anomalies": ["stale_timestamp: 1762076447.309999 vs 1764665471.0832393"], "data_sample": {"price": 0.16708, "volume": 9.0}}}
{"timestamp": "2025-12-02T08:51:11.098302+00:00", "level": "WARNING", "module": "logger", "funcName": "_log", "lineno": 188, "event_type": "streaming_indicator_engine.data_anomalies_detected", "data": {"symbol": "ARIA_USDT", "timestamp": 1762076462.309999, "anomalies": ["stale_timestamp: 1762076462.309999 vs 1764665471.0983024"], "data_sample": {"price": 0.16726, "volume": 10.0}}}
{"timestamp": "2025-12-02T08:51:11.113410+00:00", "level": "WARNING", "module": "logger", "funcName": "_log", "lineno": 188, "event_type": "streaming_indicator_engine.data_anomalies_detected", "data": {"symbol": "ARIA_USDT", "timestamp": 1762076476.308999, "anomalies": ["stale_timestamp: 1762076476.308999 vs 1764665471.1134102"], "data_sample": {"price": 0.16745, "volume": 9.0}}}
{"timestamp": "2025-12-02T08:51:11.129749+00:00", "level": "WARNING", "module": "logger", "funcName": "_log", "lineno": 188, "event_type": "streaming_indicator_engine.data_anomalies_detected", "data": {"symbol": "ARIA_USDT", "timestamp": 1762076490.311, "anomalies": ["stale_timestamp: 1762076490.311 vs 1764665471.1292431"], "data_sample": {"price": 0.16766, "volume": 7.0}}}
{"timestamp": "2025-12-02T08:51:11.144911+00:00", "level": "WARNING", "module": "logger", "funcName": "_log", "lineno": 188, "event_type": "streaming_indicator_engine.data_anomalies_detected", "data": {"symbol": "ARIA_USDT", "timestamp": 1762076501.311, "anomalies": ["stale_timestamp: 1762076501.311 vs 1764665471.1449115"], "data_sample": {"price": 0.16763, "volume": 5.0}}}
{"timestamp": "2025-12-02T08:51:11.160774+00:00", "level": "WARNING", "module": "logger", "funcName": "_log", "lineno": 188, "event_type": "streaming_indicator_engine.data_anomalies_detected", "data": {"symbol": "ARIA_USDT", "timestamp": 1762076514.408999, "anomalies": ["stale_timestamp: 1762076514.408999 vs 1764665471.160775"], "data_sample": {"price": 0.16766, "volume": 10.0}}}
{"timestamp": "2025-12-02T08:51:11.175814+00:00", "level": "WARNING", "module": "logger", "funcName": "_log", "lineno": 188, "event_type": "streaming_indicator_engine.data_anomalies_detected", "data": {"symbol": "ARIA_USDT", "timestamp": 1762076520.311, "anomalies": ["stale_timestamp: 1762076520.311 vs 1764665471.175814"], "data_sample": {"price": 0.1677, "volume": 9.0}}}
{"timestamp": "2025-12-02T08:51:11.192280+00:00", "level": "WARNING", "module": "logger", "funcName": "_log", "lineno": 188, "event_type": "streaming_indicator_engine.data_anomalies_detected", "data": {"symbol": "ARIA_USDT", "timestamp": 1762076531.311, "anomalies": ["stale_timestamp: 1762076531.311 vs 1764665471.1922803"], "data_sample": {"price": 0.16778, "volume": 10.0}}}
{"timestamp": "2025-12-02T08:51:11.206836+00:00", "level": "WARNING", "module": "logger", "funcName": "_log", "lineno": 188, "event_type": "streaming_indicator_engine.data_anomalies_detected", "data": {"symbol": "ARIA_USDT", "timestamp": 1762076537.311, "anomalies": ["stale_timestamp: 1762076537.311 vs 1764665471.2068367"], "data_sample": {"price": 0.16777, "volume": 10.0}}}
{"timestamp": "2025-12-02T08:51:11.222724+00:00", "level": "WARNING", "module": "logger", "funcName": "_log", "lineno": 188, "event_type": "streaming_indicator_engine.data_anomalies_detected", "data": {"symbol": "ARIA_USDT", "timestamp": 1762076543.312, "anomalies": ["stale_timestamp: 1762076543.312 vs 1764665471.2227247"], "data_sample": {"price": 0.16765, "volume": 8.0}}}
{"timestamp": "2025-12-02T08:51:11.238309+00:00", "level": "WARNING", "module": "logger", "funcName": "_log", "lineno": 188, "event_type": "streaming_indicator_engine.data_anomalies_detected", "data": {"symbol": "ARIA_USDT", "timestamp": 1762076551.311, "anomalies": ["stale_timestamp: 1762076551.311 vs 1764665471.2383091"], "data_sample": {"price": 0.16776, "volume": 7.0}}}
{"timestamp": "2025-12-02T08:51:11.253756+00:00", "level": "WARNING", "module": "logger", "funcName": "_log", "lineno": 188, "event_type": "streaming_indicator_engine.data_anomalies_detected", "data": {"symbol": "ARIA_USDT", "timestamp": 1762076567.313999, "anomalies": ["stale_timestamp: 1762076567.313999 vs 1764665471.2537568"], "data_sample": {"price": 0.16779, "volume": 4.0}}}
{"timestamp": "2025-12-02T08:51:11.269398+00:00", "level": "WARNING", "module": "logger", "funcName": "_log", "lineno": 188, "event_type": "streaming_indicator_engine.data_anomalies_detected", "data": {"symbol": "ARIA_USDT", "timestamp": 1762076582.312999, "anomalies": ["stale_timestamp: 1762076582.312999 vs 1764665471.2693987"], "data_sample": {"price": 0.16774, "volume": 4.0}}}
{"timestamp": "2025-12-02T08:51:11.284959+00:00", "level": "WARNING", "module": "logger", "funcName": "_log", "lineno": 188, "event_type": "streaming_indicator_engine.data_anomalies_detected", "data": {"symbol": "ARIA_USDT", "timestamp": 1762076595.309999, "anomalies": ["stale_timestamp: 1762076595.309999 vs 1764665471.2849593"], "data_sample": {"price": 0.16776, "volume": 10.0}}}
{"timestamp": "2025-12-02T08:51:11.300034+00:00", "level": "WARNING", "module": "logger", "funcName": "_log", "lineno": 188, "event_type": "streaming_indicator_engine.data_anomalies_detected", "data": {"symbol": "ARIA_USDT", "timestamp": 1762076606.309999, "anomalies": ["stale_timestamp: 1762076606.309999 vs 1764665471.3000343"], "data_sample": {"price": 0.16772, "volume": 9.0}}}
{"timestamp": "2025-12-02T08:51:11.315594+00:00", "level": "WARNING", "module": "logger", "funcName": "_log", "lineno": 188, "event_type": "streaming_indicator_engine.data_anomalies_detected", "data": {"symbol": "ARIA_USDT", "timestamp": 1762076620.309999, "anomalies": ["stale_timestamp: 1762076620.309999 vs 1764665471.315594"], "data_sample": {"price": 0.16764, "volume": 5.0}}}
{"timestamp": "2025-12-02T08:51:11.331664+00:00", "level": "WARNING", "module": "logger", "funcName": "_log", "lineno": 188, "event_type": "streaming_indicator_engine.data_anomalies_detected", "data": {"symbol": "ARIA_USDT", "timestamp": 1762076628.311, "anomalies": ["stale_timestamp: 1762076628.311 vs 1764665471.3316638"], "data_sample": {"price": 0.16761, "volume": 7.0}}}
{"timestamp": "2025-12-02T08:51:11.346454+00:00", "level": "WARNING", "module": "logger", "funcName": "_log", "lineno": 188, "event_type": "streaming_indicator_engine.data_anomalies_detected", "data": {"symbol": "ARIA_USDT", "timestamp": 1762076638.312999, "anomalies": ["stale_timestamp: 1762076638.312999 vs 1764665471.3464549"], "data_sample": {"price": 0.16763, "volume": 10.0}}}
{"timestamp": "2025-12-02T08:51:11.361246+00:00", "level": "WARNING", "module": "logger", "funcName": "_log", "lineno": 188, "event_type": "streaming_indicator_engine.data_anomalies_detected", "data": {"symbol": "ARIA_USDT", "timestamp": 1762076647.309999, "anomalies": ["stale_timestamp: 1762076647.309999 vs 1764665471.361246"], "data_sample": {"price": 0.16762, "volume": 4.0}}}
{"timestamp": "2025-12-02T08:51:11.377372+00:00", "level": "WARNING", "module": "logger", "funcName": "_log", "lineno": 188, "event_type": "streaming_indicator_engine.data_anomalies_detected", "data": {"symbol": "ARIA_USDT", "timestamp": 1762076653.309999, "anomalies": ["stale_timestamp: 1762076653.309999 vs 1764665471.376383"], "data_sample": {"price": 0.16761, "volume": 9.0}}}
{"timestamp": "2025-12-02T08:51:11.392770+00:00", "level": "WARNING", "module": "logger", "funcName": "_log", "lineno": 188, "event_type": "streaming_indicator_engine.data_anomalies_detected", "data": {"symbol": "ARIA_USDT", "timestamp": 1762076666.309999, "anomalies": ["stale_timestamp: 1762076666.309999 vs 1764665471.3917847"], "data_sample": {"price": 0.16763, "volume": 9.0}}}
{"timestamp": "2025-12-02T08:51:11.407286+00:00", "level": "WARNING", "module": "logger", "funcName": "_log", "lineno": 188, "event_type": "streaming_indicator_engine.data_anomalies_detected", "data": {"symbol": "ARIA_USDT", "timestamp": 1762076672.308999, "anomalies": ["stale_timestamp: 1762076672.308999 vs 1764665471.4072866"], "data_sample": {"price": 0.16762, "volume": 9.0}}}
{"timestamp": "2025-12-02T08:51:11.422608+00:00", "level": "WARNING", "module": "logger", "funcName": "_log", "lineno": 188, "event_type": "streaming_indicator_engine.data_anomalies_detected", "data": {"symbol": "ARIA_USDT", "timestamp": 1762076685.309999, "anomalies": ["stale_timestamp: 1762076685.309999 vs 1764665471.4226086"], "data_sample": {"price": 0.16732, "volume": 9.0}}}
{"timestamp": "2025-12-02T08:51:11.437316+00:00", "level": "WARNING", "module": "logger", "funcName": "_log", "lineno": 188, "event_type": "streaming_indicator_engine.data_anomalies_detected", "data": {"symbol": "ARIA_USDT", "timestamp": 1762076699.311, "anomalies": ["stale_timestamp: 1762076699.311 vs 1764665471.4373162"], "data_sample": {"price": 0.16737, "volume": 11.0}}}
{"timestamp": "2025-12-02T08:51:11.452515+00:00", "level": "WARNING", "module": "logger", "funcName": "_log", "lineno": 188, "event_type": "streaming_indicator_engine.data_anomalies_detected", "data": {"symbol": "ARIA_USDT", "timestamp": 1762076713.309999, "anomalies": ["stale_timestamp: 1762076713.309999 vs 1764665471.4525158"], "data_sample": {"price": 0.16735, "volume": 4.0}}}
{"timestamp": "2025-12-02T08:51:11.467843+00:00", "level": "WARNING", "module": "logger", "funcName": "_log", "lineno": 188, "event_type": "streaming_indicator_engine.data_anomalies_detected", "data": {"symbol": "ARIA_USDT", "timestamp": 1762076728.311, "anomalies": ["stale_timestamp: 1762076728.311 vs 1764665471.4678433"], "data_sample": {"price": 0.16739, "volume": 9.0}}}
{"timestamp": "2025-12-02T08:51:11.483305+00:00", "level": "WARNING", "module": "logger", "funcName": "_log", "lineno": 188, "event_type": "streaming_indicator_engine.data_anomalies_detected", "data": {"symbol": "ARIA_USDT", "timestamp": 1762076734.308999, "anomalies": ["stale_timestamp: 1762076734.308999 vs 1764665471.483305"], "data_sample": {"price": 0.16744, "volume": 9.0}}}
{"timestamp": "2025-12-02T08:51:11.499056+00:00", "level": "WARNING", "module": "logger", "funcName": "_log", "lineno": 188, "event_type": "streaming_indicator_engine.data_anomalies_detected", "data": {"symbol": "ARIA_USDT", "timestamp": 1762076750.309999, "anomalies": ["stale_timestamp: 1762076750.309999 vs 1764665471.4985206"], "data_sample": {"price": 0.16747, "volume": 10.0}}}
{"timestamp": "2025-12-02T08:51:11.514246+00:00", "level": "WARNING", "module": "logger", "funcName": "_log", "lineno": 188, "event_type": "streaming_indicator_engine.data_anomalies_detected", "data": {"symbol": "ARIA_USDT", "timestamp": 1762076759.311, "anomalies": ["stale_timestamp: 1762076759.311 vs 1764665471.5142462"], "data_sample": {"price": 0.16746, "volume": 10.0}}}
{"timestamp": "2025-12-02T08:51:11.517137+00:00", "level": "INFO", "module": "logger", "funcName": "_log", "lineno": 188, "event_type": "strategy_manager.indicator_update_received", "data": {"symbol": "ARIA_USDT", "indicator_name": "611fad91-045d-408b-8822-f43428935033_20", "indicator_type": "", "value": 0.0015884408004466545, "active_strategies_for_symbol": true, "active_count": 3}}
{"timestamp": "2025-12-02T08:51:11.519143+00:00", "level": "WARNING", "module": "logger", "funcName": "_log", "lineno": 188, "event_type": "streaming_indicator_engine.data_anomalies_detected", "data": {"symbol": "ARIA_USDT", "timestamp": 1762076767.309999, "anomalies": ["stale_timestamp: 1762076767.309999 vs 1764665471.5181425"], "data_sample": {"price": 0.16742, "volume": 8.0}}}
{"timestamp": "2025-12-02T08:51:11.519655+00:00", "level": "WARNING", "module": "logger", "funcName": "_log", "lineno": 188, "event_type": "streaming_indicator_engine.data_anomalies_detected", "data": {"symbol": "ARIA_USDT", "timestamp": 1762076783.312, "anomalies": ["stale_timestamp: 1762076783.312 vs 1764665471.519655"], "data_sample": {"price": 0.16745, "volume": 8.0}}}
{"timestamp": "2025-12-02T08:51:11.520669+00:00", "level": "WARNING", "module": "logger", "funcName": "_log", "lineno": 188, "event_type": "streaming_indicator_engine.data_anomalies_detected", "data": {"symbol": "ARIA_USDT", "timestamp": 1762076789.309999, "anomalies": ["stale_timestamp: 1762076789.309999 vs 1764665471.5206692"], "data_sample": {"price": 0.16755, "volume": 9.0}}}
{"timestamp": "2025-12-02T08:51:11.521681+00:00", "level": "WARNING", "module": "logger", "funcName": "_log", "lineno": 188, "event_type": "streaming_indicator_engine.data_anomalies_detected", "data": {"symbol": "ARIA_USDT", "timestamp": 1762076803.311, "anomalies": ["stale_timestamp: 1762076803.311 vs 1764665471.5216808"], "data_sample": {"price": 0.16758, "volume": 10.0}}}
{"timestamp": "2025-12-02T08:51:11.522681+00:00", "level": "WARNING", "module": "logger", "funcName": "_log", "lineno": 188, "event_type": "streaming_indicator_engine.data_anomalies_detected", "data": {"symbol": "ARIA_USDT", "timestamp": 1762076816.308999, "anomalies": ["stale_timestamp: 1762076816.308999 vs 1764665471.5226812"], "data_sample": {"price": 0.16762, "volume": 9.0}}}
{"timestamp": "2025-12-02T08:51:11.523680+00:00", "level": "INFO", "module": "logger", "funcName": "_log", "lineno": 188, "event_type": "strategy_manager.indicator_update_received", "data": {"symbol": "ARIA_USDT", "indicator_name": "611fad91-045d-408b-8822-f43428935033_20", "indicator_type": "", "value": 0.0015884408004466545, "active_strategies_for_symbol": true, "active_count": 3}}
{"timestamp": "2025-12-02T08:51:11.523680+00:00", "level": "WARNING", "module": "logger", "funcName": "_log", "lineno": 188, "event_type": "streaming_indicator_engine.data_anomalies_detected", "data": {"symbol": "ARIA_USDT", "timestamp": 1762076825.312999, "anomalies": ["stale_timestamp: 1762076825.312999 vs 1764665471.52368"], "data_sample": {"price": 0.16751, "volume": 10.0}}}
{"timestamp": "2025-12-02T08:51:11.524681+00:00", "level": "WARNING", "module": "logger", "funcName": "_log", "lineno": 188, "event_type": "streaming_indicator_engine.data_anomalies_detected", "data": {"symbol": "ARIA_USDT", "timestamp": 1762076831.316999, "anomalies": ["stale_timestamp: 1762076831.316999 vs 1764665471.5246813"], "data_sample": {"price": 0.1674, "volume": 6.0}}}
{"timestamp": "2025-12-02T08:51:11.526684+00:00", "level": "WARNING", "module": "logger", "funcName": "_log", "lineno": 188, "event_type": "streaming_indicator_engine.data_anomalies_detected", "data": {"symbol": "ARIA_USDT", "timestamp": 1762076839.311, "anomalies": ["stale_timestamp: 1762076839.311 vs 1764665471.5266845"], "data_sample": {"price": 0.16741, "volume": 8.0}}}
{"timestamp": "2025-12-02T08:51:11.527760+00:00", "level": "WARNING", "module": "logger", "funcName": "_log", "lineno": 188, "event_type": "streaming_indicator_engine.data_anomalies_detected", "data": {"symbol": "ARIA_USDT", "timestamp": 1762076846.312, "anomalies": ["stale_timestamp: 1762076846.312 vs 1764665471.52776"], "data_sample": {"price": 0.1674, "volume": 6.0}}}
{"timestamp": "2025-12-02T08:51:11.527760+00:00", "level": "WARNING", "module": "logger", "funcName": "_log", "lineno": 188, "event_type": "streaming_indicator_engine.data_anomalies_detected", "data": {"symbol": "ARIA_USDT", "timestamp": 1762076859.309999, "anomalies": ["stale_timestamp: 1762076859.309999 vs 1764665471.52776"], "data_sample": {"price": 0.16723, "volume": 5.0}}}
{"timestamp": "2025-12-02T08:51:11.530368+00:00", "level": "WARNING", "module": "logger", "funcName": "_log", "lineno": 188, "event_type": "streaming_indicator_engine.data_anomalies_detected", "data": {"symbol": "ARIA_USDT", "timestamp": 1762076870.309999, "anomalies": ["stale_timestamp: 1762076870.309999 vs 1764665471.5303683"], "data_sample": {"price": 0.16724, "volume": 9.0}}}
{"timestamp": "2025-12-02T08:51:11.531377+00:00", "level": "WARNING", "module": "logger", "funcName": "_log", "lineno": 188, "event_type": "streaming_indicator_engine.data_anomalies_detected", "data": {"symbol": "ARIA_USDT", "timestamp": 1762076878.309999, "anomalies": ["stale_timestamp: 1762076878.309999 vs 1764665471.531377"], "data_sample": {"price": 0.16731, "volume": 4.0}}}
{"timestamp": "2025-12-02T08:51:11.544708+00:00", "level": "WARNING", "module": "logger", "funcName": "_log", "lineno": 188, "event_type": "streaming_indicator_engine.data_anomalies_detected", "data": {"symbol": "ARIA_USDT", "timestamp": 1762076892.311, "anomalies": ["stale_timestamp: 1762076892.311 vs 1764665471.544708"], "data_sample": {"price": 0.16728, "volume": 9.0}}}
{"timestamp": "2025-12-02T08:51:11.577069+00:00", "level": "WARNING", "module": "logger", "funcName": "_log", "lineno": 188, "event_type": "streaming_indicator_engine.data_anomalies_detected", "data": {"symbol": "ARIA_USDT", "timestamp": 1762076900.309999, "anomalies": ["stale_timestamp: 1762076900.309999 vs 1764665471.5770695"], "data_sample": {"price": 0.16731, "volume": 7.0}}}
{"timestamp": "2025-12-02T08:51:11.591840+00:00", "level": "WARNING", "module": "logger", "funcName": "_log", "lineno": 188, "event_type": "streaming_indicator_engine.data_anomalies_detected", "data": {"symbol": "ARIA_USDT", "timestamp": 1762076915.308999, "anomalies": ["stale_timestamp: 1762076915.308999 vs 1764665471.590848"], "data_sample": {"price": 0.16729, "volume": 4.0}}}
{"timestamp": "2025-12-02T08:51:11.605785+00:00", "level": "WARNING", "module": "logger", "funcName": "_log", "lineno": 188, "event_type": "streaming_indicator_engine.data_anomalies_detected", "data": {"symbol": "ARIA_USDT", "timestamp": 1762076929.309999, "anomalies": ["stale_timestamp: 1762076929.309999 vs 1764665471.6057851"], "data_sample": {"price": 0.16725, "volume": 11.0}}}
      Status: running, Ticks: 0, Signals: 0
{"timestamp": "2025-12-02T08:51:11.620792+00:00", "level": "WARNING", "module": "logger", "funcName": "_log", "lineno": 188, "event_type": "streaming_indicator_engine.data_anomalies_detected", "data": {"symbol": "ARIA_USDT", "timestamp": 1762076940.312999, "anomalies": ["stale_timestamp: 1762076940.312999 vs 1764665471.6207924"], "data_sample": {"price": 0.16733, "volume": 8.0}}}
{"timestamp": "2025-12-02T08:51:11.636648+00:00", "level": "WARNING", "module": "logger", "funcName": "_log", "lineno": 188, "event_type": "streaming_indicator_engine.data_anomalies_detected", "data": {"symbol": "ARIA_USDT", "timestamp": 1762076949.324999, "anomalies": ["stale_timestamp: 1762076949.324999 vs 1764665471.6366482"], "data_sample": {"price": 0.1673, "volume": 8.0}}}
{"timestamp": "2025-12-02T08:51:11.651980+00:00", "level": "WARNING", "module": "logger", "funcName": "_log", "lineno": 188, "event_type": "streaming_indicator_engine.data_anomalies_detected", "data": {"symbol": "ARIA_USDT", "timestamp": 1762076965.316, "anomalies": ["stale_timestamp: 1762076965.316 vs 1764665471.6519809"], "data_sample": {"price": 0.16729, "volume": 4.0}}}
{"timestamp": "2025-12-02T08:51:11.667209+00:00", "level": "WARNING", "module": "logger", "funcName": "_log", "lineno": 188, "event_type": "streaming_indicator_engine.data_anomalies_detected", "data": {"symbol": "ARIA_USDT", "timestamp": 1762076978.312, "anomalies": ["stale_timestamp: 1762076978.312 vs 1764665471.667209"], "data_sample": {"price": 0.1673, "volume": 9.0}}}
{"timestamp": "2025-12-02T08:51:11.682854+00:00", "level": "WARNING", "module": "logger", "funcName": "_log", "lineno": 188, "event_type": "streaming_indicator_engine.data_anomalies_detected", "data": {"symbol": "ARIA_USDT", "timestamp": 1762076990.315, "anomalies": ["stale_timestamp: 1762076990.315 vs 1764665471.6828544"], "data_sample": {"price": 0.16733, "volume": 10.0}}}
{"timestamp": "2025-12-02T08:51:11.698398+00:00", "level": "WARNING", "module": "logger", "funcName": "_log", "lineno": 188, "event_type": "streaming_indicator_engine.data_anomalies_detected", "data": {"symbol": "ARIA_USDT", "timestamp": 1762076997.315, "anomalies": ["stale_timestamp: 1762076997.315 vs 1764665471.698399"], "data_sample": {"price": 0.16726, "volume": 12.0}}}
{"timestamp": "2025-12-02T08:51:11.714312+00:00", "level": "WARNING", "module": "logger", "funcName": "_log", "lineno": 188, "event_type": "streaming_indicator_engine.data_anomalies_detected", "data": {"symbol": "ARIA_USDT", "timestamp": 1762077007.309999, "anomalies": ["stale_timestamp: 1762077007.309999 vs 1764665471.714313"], "data_sample": {"price": 0.16719, "volume": 4.0}}}
{"timestamp": "2025-12-02T08:51:11.729705+00:00", "level": "WARNING", "module": "logger", "funcName": "_log", "lineno": 188, "event_type": "streaming_indicator_engine.data_anomalies_detected", "data": {"symbol": "ARIA_USDT", "timestamp": 1762077018.309999, "anomalies": ["stale_timestamp: 1762077018.309999 vs 1764665471.7297058"], "data_sample": {"price": 0.16722, "volume": 8.0}}}
{"timestamp": "2025-12-02T08:51:11.745540+00:00", "level": "WARNING", "module": "logger", "funcName": "_log", "lineno": 188, "event_type": "streaming_indicator_engine.data_anomalies_detected", "data": {"symbol": "ARIA_USDT", "timestamp": 1762077025.309999, "anomalies": ["stale_timestamp: 1762077025.309999 vs 1764665471.7455406"], "data_sample": {"price": 0.16726, "volume": 5.0}}}
{"timestamp": "2025-12-02T08:51:11.761707+00:00", "level": "WARNING", "module": "logger", "funcName": "_log", "lineno": 188, "event_type": "streaming_indicator_engine.data_anomalies_detected", "data": {"symbol": "ARIA_USDT", "timestamp": 1762077033.311, "anomalies": ["stale_timestamp: 1762077033.311 vs 1764665471.7617078"], "data_sample": {"price": 0.16725, "volume": 4.0}}}
{"timestamp": "2025-12-02T08:51:11.766248+00:00", "level": "INFO", "module": "logger", "funcName": "_log", "lineno": 188, "event_type": "strategy_manager.indicator_update_received", "data": {"symbol": "ARIA_USDT", "indicator_name": "5fc82998-9270-4b44-8312-f74ddd20a93d_20", "indicator_type": "", "value": -125.71855476789398, "active_strategies_for_symbol": true, "active_count": 3}}
{"timestamp": "2025-12-02T08:51:11.767565+00:00", "level": "WARNING", "module": "logger", "funcName": "_log", "lineno": 188, "event_type": "streaming_indicator_engine.data_anomalies_detected", "data": {"symbol": "ARIA_USDT", "timestamp": 1762077042.309999, "anomalies": ["stale_timestamp: 1762077042.309999 vs 1764665471.7675653"], "data_sample": {"price": 0.16724, "volume": 4.0}}}
{"timestamp": "2025-12-02T08:51:11.768579+00:00", "level": "WARNING", "module": "logger", "funcName": "_log", "lineno": 188, "event_type": "streaming_indicator_engine.data_anomalies_detected", "data": {"symbol": "ARIA_USDT", "timestamp": 1762077051.309999, "anomalies": ["stale_timestamp: 1762077051.309999 vs 1764665471.7685795"], "data_sample": {"price": 0.16725, "volume": 4.0}}}
{"timestamp": "2025-12-02T08:51:11.769579+00:00", "level": "WARNING", "module": "logger", "funcName": "_log", "lineno": 188, "event_type": "streaming_indicator_engine.data_anomalies_detected", "data": {"symbol": "ARIA_USDT", "timestamp": 1762077057.312999, "anomalies": ["stale_timestamp: 1762077057.312999 vs 1764665471.7695794"], "data_sample": {"price": 0.16726, "volume": 3.0}}}
{"timestamp": "2025-12-02T08:51:11.771108+00:00", "level": "WARNING", "module": "logger", "funcName": "_log", "lineno": 188, "event_type": "streaming_indicator_engine.data_anomalies_detected", "data": {"symbol": "ARIA_USDT", "timestamp": 1762077067.316999, "anomalies": ["stale_timestamp: 1762077067.316999 vs 1764665471.7704322"], "data_sample": {"price": 0.16725, "volume": 8.0}}}
{"timestamp": "2025-12-02T08:51:11.771108+00:00", "level": "WARNING", "module": "logger", "funcName": "_log", "lineno": 188, "event_type": "streaming_indicator_engine.data_anomalies_detected", "data": {"symbol": "ARIA_USDT", "timestamp": 1762077081.308, "anomalies": ["stale_timestamp: 1762077081.308 vs 1764665471.7711086"], "data_sample": {"price": 0.16714, "volume": 6.0}}}
{"timestamp": "2025-12-02T08:51:11.772621+00:00", "level": "INFO", "module": "logger", "funcName": "_log", "lineno": 188, "event_type": "strategy_manager.indicator_update_received", "data": {"symbol": "ARIA_USDT", "indicator_name": "5fc82998-9270-4b44-8312-f74ddd20a93d_20", "indicator_type": "", "value": -125.71855476789398, "active_strategies_for_symbol": true, "active_count": 3}}
{"timestamp": "2025-12-02T08:51:11.773636+00:00", "level": "WARNING", "module": "logger", "funcName": "_log", "lineno": 188, "event_type": "streaming_indicator_engine.data_anomalies_detected", "data": {"symbol": "ARIA_USDT", "timestamp": 1762077089.311, "anomalies": ["stale_timestamp: 1762077089.311 vs 1764665471.773636"], "data_sample": {"price": 0.16711, "volume": 4.0}}}
{"timestamp": "2025-12-02T08:51:11.773636+00:00", "level": "WARNING", "module": "logger", "funcName": "_log", "lineno": 188, "event_type": "streaming_indicator_engine.data_anomalies_detected", "data": {"symbol": "ARIA_USDT", "timestamp": 1762077098.311, "anomalies": ["stale_timestamp: 1762077098.311 vs 1764665471.773636"], "data_sample": {"price": 0.16702, "volume": 4.0}}}
{"timestamp": "2025-12-02T08:51:11.774633+00:00", "level": "WARNING", "module": "logger", "funcName": "_log", "lineno": 188, "event_type": "streaming_indicator_engine.data_anomalies_detected", "data": {"symbol": "ARIA_USDT", "timestamp": 1762077107.335, "anomalies": ["stale_timestamp: 1762077107.335 vs 1764665471.774634"], "data_sample": {"price": 0.167, "volume": 26.0}}}
{"timestamp": "2025-12-02T08:51:11.775633+00:00", "level": "WARNING", "module": "logger", "funcName": "_log", "lineno": 188, "event_type": "streaming_indicator_engine.data_anomalies_detected", "data": {"symbol": "ARIA_USDT", "timestamp": 1762077121.309999, "anomalies": ["stale_timestamp: 1762077121.309999 vs 1764665471.7756333"], "data_sample": {"price": 0.16704, "volume": 8.0}}}
{"timestamp": "2025-12-02T08:51:11.777634+00:00", "level": "WARNING", "module": "logger", "funcName": "_log", "lineno": 188, "event_type": "streaming_indicator_engine.data_anomalies_detected", "data": {"symbol": "ARIA_USDT", "timestamp": 1762077123.420999, "anomalies": ["stale_timestamp: 1762077123.420999 vs 1764665471.7766383"], "data_sample": {"price": 0.167, "volume": 59.0}}}
{"timestamp": "2025-12-02T08:51:11.777634+00:00", "level": "WARNING", "module": "logger", "funcName": "_log", "lineno": 188, "event_type": "streaming_indicator_engine.data_anomalies_detected", "data": {"symbol": "ARIA_USDT", "timestamp": 1762077139.311, "anomalies": ["stale_timestamp: 1762077139.311 vs 1764665471.7776341"], "data_sample": {"price": 0.16703, "volume": 5.0}}}
{"timestamp": "2025-12-02T08:51:11.777634+00:00", "level": "WARNING", "module": "logger", "funcName": "_log", "lineno": 188, "event_type": "streaming_indicator_engine.data_anomalies_detected", "data": {"symbol": "ARIA_USDT", "timestamp": 1762077152.308999, "anomalies": ["stale_timestamp: 1762077152.308999 vs 1764665471.7776341"], "data_sample": {"price": 0.16708, "volume": 9.0}}}
{"timestamp": "2025-12-02T08:51:11.791973+00:00", "level": "WARNING", "module": "logger", "funcName": "_log", "lineno": 188, "event_type": "streaming_indicator_engine.data_anomalies_detected", "data": {"symbol": "ARIA_USDT", "timestamp": 1762077163.309999, "anomalies": ["stale_timestamp: 1762077163.309999 vs 1764665471.7919734"], "data_sample": {"price": 0.16713, "volume": 11.0}}}
{"timestamp": "2025-12-02T08:51:11.807388+00:00", "level": "WARNING", "module": "logger", "funcName": "_log", "lineno": 188, "event_type": "streaming_indicator_engine.data_anomalies_detected", "data": {"symbol": "ARIA_USDT", "timestamp": 1762077172.309999, "anomalies": ["stale_timestamp: 1762077172.309999 vs 1764665471.8073883"], "data_sample": {"price": 0.16706, "volume": 12.0}}}
{"timestamp": "2025-12-02T08:51:11.823375+00:00", "level": "WARNING", "module": "logger", "funcName": "_log", "lineno": 188, "event_type": "streaming_indicator_engine.data_anomalies_detected", "data": {"symbol": "ARIA_USDT", "timestamp": 1762077187.312999, "anomalies": ["stale_timestamp: 1762077187.312999 vs 1764665471.823375"], "data_sample": {"price": 0.16705, "volume": 4.0}}}
{"timestamp": "2025-12-02T08:51:11.839125+00:00", "level": "WARNING", "module": "logger", "funcName": "_log", "lineno": 188, "event_type": "streaming_indicator_engine.data_anomalies_detected", "data": {"symbol": "ARIA_USDT", "timestamp": 1762077203.309999, "anomalies": ["stale_timestamp: 1762077203.309999 vs 1764665471.8391259"], "data_sample": {"price": 0.16703, "volume": 6.0}}}
{"timestamp": "2025-12-02T08:51:11.854939+00:00", "level": "WARNING", "module": "logger", "funcName": "_log", "lineno": 188, "event_type": "streaming_indicator_engine.data_anomalies_detected", "data": {"symbol": "ARIA_USDT", "timestamp": 1762077211.312, "anomalies": ["stale_timestamp: 1762077211.312 vs 1764665471.8549395"], "data_sample": {"price": 0.16707, "volume": 9.0}}}
{"timestamp": "2025-12-02T08:51:11.870233+00:00", "level": "WARNING", "module": "logger", "funcName": "_log", "lineno": 188, "event_type": "streaming_indicator_engine.data_anomalies_detected", "data": {"symbol": "ARIA_USDT", "timestamp": 1762077227.312999, "anomalies": ["stale_timestamp: 1762077227.312999 vs 1764665471.8702335"], "data_sample": {"price": 0.16704, "volume": 4.0}}}
{"timestamp": "2025-12-02T08:51:11.885931+00:00", "level": "WARNING", "module": "logger", "funcName": "_log", "lineno": 188, "event_type": "streaming_indicator_engine.data_anomalies_detected", "data": {"symbol": "ARIA_USDT", "timestamp": 1762077234.308999, "anomalies": ["stale_timestamp: 1762077234.308999 vs 1764665471.8859315"], "data_sample": {"price": 0.16708, "volume": 8.0}}}
{"timestamp": "2025-12-02T08:51:11.901235+00:00", "level": "WARNING", "module": "logger", "funcName": "_log", "lineno": 188, "event_type": "streaming_indicator_engine.data_anomalies_detected", "data": {"symbol": "ARIA_USDT", "timestamp": 1762077247.312999, "anomalies": ["stale_timestamp: 1762077247.312999 vs 1764665471.9012353"], "data_sample": {"price": 0.16705, "volume": 7.0}}}
{"timestamp": "2025-12-02T08:51:11.917301+00:00", "level": "WARNING", "module": "logger", "funcName": "_log", "lineno": 188, "event_type": "streaming_indicator_engine.data_anomalies_detected", "data": {"symbol": "ARIA_USDT", "timestamp": 1762077263.309999, "anomalies": ["stale_timestamp: 1762077263.309999 vs 1764665471.9173017"], "data_sample": {"price": 0.16704, "volume": 7.0}}}
{"timestamp": "2025-12-02T08:51:11.932492+00:00", "level": "WARNING", "module": "logger", "funcName": "_log", "lineno": 188, "event_type": "streaming_indicator_engine.data_anomalies_detected", "data": {"symbol": "ARIA_USDT", "timestamp": 1762077274.309999, "anomalies": ["stale_timestamp: 1762077274.309999 vs 1764665471.932492"], "data_sample": {"price": 0.16709, "volume": 4.0}}}
{"timestamp": "2025-12-02T08:51:11.948263+00:00", "level": "WARNING", "module": "logger", "funcName": "_log", "lineno": 188, "event_type": "streaming_indicator_engine.data_anomalies_detected", "data": {"symbol": "ARIA_USDT", "timestamp": 1762077281.311, "anomalies": ["stale_timestamp: 1762077281.311 vs 1764665471.9482634"], "data_sample": {"price": 0.16713, "volume": 12.0}}}
{"timestamp": "2025-12-02T08:51:11.963527+00:00", "level": "WARNING", "module": "logger", "funcName": "_log", "lineno": 188, "event_type": "streaming_indicator_engine.data_anomalies_detected", "data": {"symbol": "ARIA_USDT", "timestamp": 1762077290.312, "anomalies": ["stale_timestamp: 1762077290.312 vs 1764665471.9635272"], "data_sample": {"price": 0.16709, "volume": 8.0}}}
{"timestamp": "2025-12-02T08:51:11.979815+00:00", "level": "WARNING", "module": "logger", "funcName": "_log", "lineno": 188, "event_type": "streaming_indicator_engine.data_anomalies_detected", "data": {"symbol": "ARIA_USDT", "timestamp": 1762077299.312, "anomalies": ["stale_timestamp: 1762077299.312 vs 1764665471.9793062"], "data_sample": {"price": 0.16706, "volume": 8.0}}}
{"timestamp": "2025-12-02T08:51:11.994871+00:00", "level": "WARNING", "module": "logger", "funcName": "_log", "lineno": 188, "event_type": "streaming_indicator_engine.data_anomalies_detected", "data": {"symbol": "ARIA_USDT", "timestamp": 1762077309.309999, "anomalies": ["stale_timestamp: 1762077309.309999 vs 1764665471.9948719"], "data_sample": {"price": 0.16705, "volume": 6.0}}}
{"timestamp": "2025-12-02T08:51:12.013377+00:00", "level": "WARNING", "module": "logger", "funcName": "_log", "lineno": 188, "event_type": "streaming_indicator_engine.data_anomalies_detected", "data": {"symbol": "ARIA_USDT", "timestamp": 1762077318.312, "anomalies": ["stale_timestamp: 1762077318.312 vs 1764665472.0112896"], "data_sample": {"price": 0.16706, "volume": 9.0}}}
{"timestamp": "2025-12-02T08:51:12.017397+00:00", "level": "INFO", "module": "logger", "funcName": "_log", "lineno": 188, "event_type": "strategy_manager.indicator_update_received", "data": {"symbol": "ARIA_USDT", "indicator_name": "11b8be00-eed3-48fe-b359-df47b297226c_20", "indicator_type": "", "value": -0.00034923579605879797, "active_strategies_for_symbol": true, "active_count": 3}}
{"timestamp": "2025-12-02T08:51:12.018380+00:00", "level": "WARNING", "module": "logger", "funcName": "_log", "lineno": 188, "event_type": "streaming_indicator_engine.data_anomalies_detected", "data": {"symbol": "ARIA_USDT", "timestamp": 1762077324.309999, "anomalies": ["stale_timestamp: 1762077324.309999 vs 1764665472.0183809"], "data_sample": {"price": 0.1671, "volume": 5.0}}}
{"timestamp": "2025-12-02T08:51:12.019895+00:00", "level": "WARNING", "module": "logger", "funcName": "_log", "lineno": 188, "event_type": "streaming_indicator_engine.data_anomalies_detected", "data": {"symbol": "ARIA_USDT", "timestamp": 1762077335.309999, "anomalies": ["stale_timestamp: 1762077335.309999 vs 1764665472.0193894"], "data_sample": {"price": 0.16709, "volume": 4.0}}}
{"timestamp": "2025-12-02T08:51:12.019895+00:00", "level": "WARNING", "module": "logger", "funcName": "_log", "lineno": 188, "event_type": "streaming_indicator_engine.data_anomalies_detected", "data": {"symbol": "ARIA_USDT", "timestamp": 1762077351.309999, "anomalies": ["stale_timestamp: 1762077351.309999 vs 1764665472.019895"], "data_sample": {"price": 0.1671, "volume": 3.0}}}
{"timestamp": "2025-12-02T08:51:12.020902+00:00", "level": "WARNING", "module": "logger", "funcName": "_log", "lineno": 188, "event_type": "streaming_indicator_engine.data_anomalies_detected", "data": {"symbol": "ARIA_USDT", "timestamp": 1762077362.309999, "anomalies": ["stale_timestamp: 1762077362.309999 vs 1764665472.0209024"], "data_sample": {"price": 0.16716, "volume": 5.0}}}
{"timestamp": "2025-12-02T08:51:12.021908+00:00", "level": "WARNING", "module": "logger", "funcName": "_log", "lineno": 188, "event_type": "streaming_indicator_engine.data_anomalies_detected", "data": {"symbol": "ARIA_USDT", "timestamp": 1762077376.309999, "anomalies": ["stale_timestamp: 1762077376.309999 vs 1764665472.0209024"], "data_sample": {"price": 0.16724, "volume": 11.0}}}
{"timestamp": "2025-12-02T08:51:12.021908+00:00", "level": "INFO", "module": "logger", "funcName": "_log", "lineno": 188, "event_type": "strategy_manager.indicator_update_received", "data": {"symbol": "ARIA_USDT", "indicator_name": "11b8be00-eed3-48fe-b359-df47b297226c_20", "indicator_type": "", "value": -0.00034923579605879797, "active_strategies_for_symbol": true, "active_count": 3}}
{"timestamp": "2025-12-02T08:51:12.021908+00:00", "level": "WARNING", "module": "logger", "funcName": "_log", "lineno": 188, "event_type": "streaming_indicator_engine.data_anomalies_detected", "data": {"symbol": "ARIA_USDT", "timestamp": 1762077387.309999, "anomalies": ["stale_timestamp: 1762077387.309999 vs 1764665472.0219088"], "data_sample": {"price": 0.16726, "volume": 11.0}}}
{"timestamp": "2025-12-02T08:51:12.022920+00:00", "level": "WARNING", "module": "logger", "funcName": "_log", "lineno": 188, "event_type": "streaming_indicator_engine.data_anomalies_detected", "data": {"symbol": "ARIA_USDT", "timestamp": 1762077395.309999, "anomalies": ["stale_timestamp: 1762077395.309999 vs 1764665472.0229206"], "data_sample": {"price": 0.16728, "volume": 3.0}}}
{"timestamp": "2025-12-02T08:51:12.022920+00:00", "level": "WARNING", "module": "logger", "funcName": "_log", "lineno": 188, "event_type": "streaming_indicator_engine.data_anomalies_detected", "data": {"symbol": "ARIA_USDT", "timestamp": 1762077402.309999, "anomalies": ["stale_timestamp: 1762077402.309999 vs 1764665472.0229206"], "data_sample": {"price": 0.1673, "volume": 10.0}}}
{"timestamp": "2025-12-02T08:51:12.024124+00:00", "level": "WARNING", "module": "logger", "funcName": "_log", "lineno": 188, "event_type": "streaming_indicator_engine.data_anomalies_detected", "data": {"symbol": "ARIA_USDT", "timestamp": 1762077412.311, "anomalies": ["stale_timestamp: 1762077412.311 vs 1764665472.0241246"], "data_sample": {"price": 0.16729, "volume": 7.0}}}
{"timestamp": "2025-12-02T08:51:12.025135+00:00", "level": "WARNING", "module": "logger", "funcName": "_log", "lineno": 188, "event_type": "streaming_indicator_engine.data_anomalies_detected", "data": {"symbol": "ARIA_USDT", "timestamp": 1762077421.309999, "anomalies": ["stale_timestamp: 1762077421.309999 vs 1764665472.0241246"], "data_sample": {"price": 0.16727, "volume": 4.0}}}
{"timestamp": "2025-12-02T08:51:12.148097+00:00", "level": "WARNING", "module": "logger", "funcName": "_log", "lineno": 188, "event_type": "streaming_indicator_engine.data_anomalies_detected", "data": {"symbol": "ARIA_USDT", "timestamp": 1762076372.312999, "anomalies": ["stale_timestamp: 1762076372.312999 vs 1764665472.148097"], "data_sample": {"price": 0.1671, "volume": 3.0}}}
{"timestamp": "2025-12-02T08:51:12.163345+00:00", "level": "WARNING", "module": "logger", "funcName": "_log", "lineno": 188, "event_type": "streaming_indicator_engine.data_anomalies_detected", "data": {"symbol": "ARIA_USDT", "timestamp": 1762076381.309999, "anomalies": ["stale_timestamp: 1762076381.309999 vs 1764665472.1633453"], "data_sample": {"price": 0.16715, "volume": 8.0}}}
{"timestamp": "2025-12-02T08:51:12.178044+00:00", "level": "WARNING", "module": "logger", "funcName": "_log", "lineno": 188, "event_type": "streaming_indicator_engine.data_anomalies_detected", "data": {"symbol": "ARIA_USDT", "timestamp": 1762076388.311, "anomalies": ["stale_timestamp: 1762076388.311 vs 1764665472.1780446"], "data_sample": {"price": 0.16714, "volume": 9.0}}}
{"timestamp": "2025-12-02T08:51:12.194894+00:00", "level": "WARNING", "module": "logger", "funcName": "_log", "lineno": 188, "event_type": "streaming_indicator_engine.data_anomalies_detected", "data": {"symbol": "ARIA_USDT", "timestamp": 1762076401.309999, "anomalies": ["stale_timestamp: 1762076401.309999 vs 1764665472.1948948"], "data_sample": {"price": 0.16717, "volume": 7.0}}}
{"timestamp": "2025-12-02T08:51:12.209587+00:00", "level": "WARNING", "module": "logger", "funcName": "_log", "lineno": 188, "event_type": "streaming_indicator_engine.data_anomalies_detected", "data": {"symbol": "ARIA_USDT", "timestamp": 1762076408.312, "anomalies": ["stale_timestamp: 1762076408.312 vs 1764665472.2090805"], "data_sample": {"price": 0.16713, "volume": 3.0}}}
{"timestamp": "2025-12-02T08:51:12.224669+00:00", "level": "WARNING", "module": "logger", "funcName": "_log", "lineno": 188, "event_type": "streaming_indicator_engine.data_anomalies_detected", "data": {"symbol": "ARIA_USDT", "timestamp": 1762076417.311, "anomalies": ["stale_timestamp: 1762076417.311 vs 1764665472.2246695"], "data_sample": {"price": 0.16708, "volume": 3.0}}}
{"timestamp": "2025-12-02T08:51:12.239390+00:00", "level": "WARNING", "module": "logger", "funcName": "_log", "lineno": 188, "event_type": "streaming_indicator_engine.data_anomalies_detected", "data": {"symbol": "ARIA_USDT", "timestamp": 1762076427.308999, "anomalies": ["stale_timestamp: 1762076427.308999 vs 1764665472.2393901"], "data_sample": {"price": 0.16707, "volume": 12.0}}}
{"timestamp": "2025-12-02T08:51:12.254658+00:00", "level": "WARNING", "module": "logger", "funcName": "_log", "lineno": 188, "event_type": "streaming_indicator_engine.data_anomalies_detected", "data": {"symbol": "ARIA_USDT", "timestamp": 1762076435.309999, "anomalies": ["stale_timestamp: 1762076435.309999 vs 1764665472.2546582"], "data_sample": {"price": 0.1671, "volume": 4.0}}}
{"timestamp": "2025-12-02T08:51:12.270222+00:00", "level": "WARNING", "module": "logger", "funcName": "_log", "lineno": 188, "event_type": "streaming_indicator_engine.data_anomalies_detected", "data": {"symbol": "ARIA_USDT", "timestamp": 1762076447.309999, "anomalies": ["stale_timestamp: 1762076447.309999 vs 1764665472.2702227"], "data_sample": {"price": 0.16708, "volume": 9.0}}}
{"timestamp": "2025-12-02T08:51:12.273303+00:00", "level": "INFO", "module": "logger", "funcName": "_log", "lineno": 188, "event_type": "strategy_manager.indicator_update_received", "data": {"symbol": "ARIA_USDT", "indicator_name": "790d8eed-dc95-43ff-b625-1205d256154b_20", "indicator_type": "", "value": -0.0006631444426247364, "active_strategies_for_symbol": true, "active_count": 3}}
{"timestamp": "2025-12-02T08:51:12.274281+00:00", "level": "WARNING", "module": "logger", "funcName": "_log", "lineno": 188, "event_type": "streaming_indicator_engine.data_anomalies_detected", "data": {"symbol": "ARIA_USDT", "timestamp": 1762076462.309999, "anomalies": ["stale_timestamp: 1762076462.309999 vs 1764665472.2742813"], "data_sample": {"price": 0.16726, "volume": 10.0}}}
{"timestamp": "2025-12-02T08:51:12.275287+00:00", "level": "WARNING", "module": "logger", "funcName": "_log", "lineno": 188, "event_type": "streaming_indicator_engine.data_anomalies_detected", "data": {"symbol": "ARIA_USDT", "timestamp": 1762076476.308999, "anomalies": ["stale_timestamp: 1762076476.308999 vs 1764665472.2752874"], "data_sample": {"price": 0.16745, "volume": 9.0}}}
{"timestamp": "2025-12-02T08:51:12.278237+00:00", "level": "WARNING", "module": "logger", "funcName": "_log", "lineno": 188, "event_type": "streaming_indicator_engine.data_anomalies_detected", "data": {"symbol": "ARIA_USDT", "timestamp": 1762076490.311, "anomalies": ["stale_timestamp: 1762076490.311 vs 1764665472.2772262"], "data_sample": {"price": 0.16766, "volume": 7.0}}}
{"timestamp": "2025-12-02T08:51:12.279733+00:00", "level": "WARNING", "module": "logger", "funcName": "_log", "lineno": 188, "event_type": "streaming_indicator_engine.data_anomalies_detected", "data": {"symbol": "ARIA_USDT", "timestamp": 1762076501.311, "anomalies": ["stale_timestamp: 1762076501.311 vs 1764665472.279733"], "data_sample": {"price": 0.16763, "volume": 5.0}}}
{"timestamp": "2025-12-02T08:51:12.281829+00:00", "level": "WARNING", "module": "logger", "funcName": "_log", "lineno": 188, "event_type": "streaming_indicator_engine.data_anomalies_detected", "data": {"symbol": "ARIA_USDT", "timestamp": 1762076514.408999, "anomalies": ["stale_timestamp: 1762076514.408999 vs 1764665472.2808402"], "data_sample": {"price": 0.16766, "volume": 10.0}}}
{"timestamp": "2025-12-02T08:51:12.282749+00:00", "level": "INFO", "module": "logger", "funcName": "_log", "lineno": 188, "event_type": "strategy_manager.indicator_update_received", "data": {"symbol": "ARIA_USDT", "indicator_name": "790d8eed-dc95-43ff-b625-1205d256154b_20", "indicator_type": "", "value": -0.0006631444426247364, "active_strategies_for_symbol": true, "active_count": 3}}
{"timestamp": "2025-12-02T08:51:12.283751+00:00", "level": "WARNING", "module": "logger", "funcName": "_log", "lineno": 188, "event_type": "streaming_indicator_engine.data_anomalies_detected", "data": {"symbol": "ARIA_USDT", "timestamp": 1762076520.311, "anomalies": ["stale_timestamp: 1762076520.311 vs 1764665472.283752"], "data_sample": {"price": 0.1677, "volume": 9.0}}}
{"timestamp": "2025-12-02T08:51:12.285832+00:00", "level": "WARNING", "module": "logger", "funcName": "_log", "lineno": 188, "event_type": "streaming_indicator_engine.data_anomalies_detected", "data": {"symbol": "ARIA_USDT", "timestamp": 1762076531.311, "anomalies": ["stale_timestamp: 1762076531.311 vs 1764665472.2848349"], "data_sample": {"price": 0.16778, "volume": 10.0}}}
{"timestamp": "2025-12-02T08:51:12.286755+00:00", "level": "WARNING", "module": "logger", "funcName": "_log", "lineno": 188, "event_type": "streaming_indicator_engine.data_anomalies_detected", "data": {"symbol": "ARIA_USDT", "timestamp": 1762076537.311, "anomalies": ["stale_timestamp: 1762076537.311 vs 1764665472.2867556"], "data_sample": {"price": 0.16777, "volume": 10.0}}}
{"timestamp": "2025-12-02T08:51:12.287756+00:00", "level": "WARNING", "module": "logger", "funcName": "_log", "lineno": 188, "event_type": "streaming_indicator_engine.data_anomalies_detected", "data": {"symbol": "ARIA_USDT", "timestamp": 1762076543.312, "anomalies": ["stale_timestamp: 1762076543.312 vs 1764665472.287756"], "data_sample": {"price": 0.16765, "volume": 8.0}}}
{"timestamp": "2025-12-02T08:51:12.289270+00:00", "level": "WARNING", "module": "logger", "funcName": "_log", "lineno": 188, "event_type": "streaming_indicator_engine.data_anomalies_detected", "data": {"symbol": "ARIA_USDT", "timestamp": 1762076551.311, "anomalies": ["stale_timestamp: 1762076551.311 vs 1764665472.28927"], "data_sample": {"price": 0.16776, "volume": 7.0}}}
{"timestamp": "2025-12-02T08:51:12.290285+00:00", "level": "WARNING", "module": "logger", "funcName": "_log", "lineno": 188, "event_type": "streaming_indicator_engine.data_anomalies_detected", "data": {"symbol": "ARIA_USDT", "timestamp": 1762076567.313999, "anomalies": ["stale_timestamp: 1762076567.313999 vs 1764665472.2902858"], "data_sample": {"price": 0.16779, "volume": 4.0}}}
{"timestamp": "2025-12-02T08:51:12.292289+00:00", "level": "WARNING", "module": "logger", "funcName": "_log", "lineno": 188, "event_type": "streaming_indicator_engine.data_anomalies_detected", "data": {"symbol": "ARIA_USDT", "timestamp": 1762076582.312999, "anomalies": ["stale_timestamp: 1762076582.312999 vs 1764665472.2922893"], "data_sample": {"price": 0.16774, "volume": 4.0}}}
{"timestamp": "2025-12-02T08:51:12.316767+00:00", "level": "WARNING", "module": "logger", "funcName": "_log", "lineno": 188, "event_type": "streaming_indicator_engine.data_anomalies_detected", "data": {"symbol": "ARIA_USDT", "timestamp": 1762076595.309999, "anomalies": ["stale_timestamp: 1762076595.309999 vs 1764665472.3167675"], "data_sample": {"price": 0.16776, "volume": 10.0}}}
{"timestamp": "2025-12-02T08:51:12.332066+00:00", "level": "WARNING", "module": "logger", "funcName": "_log", "lineno": 188, "event_type": "streaming_indicator_engine.data_anomalies_detected", "data": {"symbol": "ARIA_USDT", "timestamp": 1762076606.309999, "anomalies": ["stale_timestamp: 1762076606.309999 vs 1764665472.3320663"], "data_sample": {"price": 0.16772, "volume": 9.0}}}
{"timestamp": "2025-12-02T08:51:12.347622+00:00", "level": "WARNING", "module": "logger", "funcName": "_log", "lineno": 188, "event_type": "streaming_indicator_engine.data_anomalies_detected", "data": {"symbol": "ARIA_USDT", "timestamp": 1762076620.309999, "anomalies": ["stale_timestamp: 1762076620.309999 vs 1764665472.3476222"], "data_sample": {"price": 0.16764, "volume": 5.0}}}
{"timestamp": "2025-12-02T08:51:12.363191+00:00", "level": "WARNING", "module": "logger", "funcName": "_log", "lineno": 188, "event_type": "streaming_indicator_engine.data_anomalies_detected", "data": {"symbol": "ARIA_USDT", "timestamp": 1762076628.311, "anomalies": ["stale_timestamp: 1762076628.311 vs 1764665472.3631914"], "data_sample": {"price": 0.16761, "volume": 7.0}}}
{"timestamp": "2025-12-02T08:51:12.380175+00:00", "level": "WARNING", "module": "logger", "funcName": "_log", "lineno": 188, "event_type": "streaming_indicator_engine.data_anomalies_detected", "data": {"symbol": "ARIA_USDT", "timestamp": 1762076638.312999, "anomalies": ["stale_timestamp: 1762076638.312999 vs 1764665472.3794901"], "data_sample": {"price": 0.16763, "volume": 10.0}}}
{"timestamp": "2025-12-02T08:51:12.395436+00:00", "level": "WARNING", "module": "logger", "funcName": "_log", "lineno": 188, "event_type": "streaming_indicator_engine.data_anomalies_detected", "data": {"symbol": "ARIA_USDT", "timestamp": 1762076647.309999, "anomalies": ["stale_timestamp: 1762076647.309999 vs 1764665472.3954368"], "data_sample": {"price": 0.16762, "volume": 4.0}}}
{"timestamp": "2025-12-02T08:51:12.413153+00:00", "level": "WARNING", "module": "logger", "funcName": "_log", "lineno": 188, "event_type": "streaming_indicator_engine.data_anomalies_detected", "data": {"symbol": "ARIA_USDT", "timestamp": 1762076653.309999, "anomalies": ["stale_timestamp: 1762076653.309999 vs 1764665472.4123633"], "data_sample": {"price": 0.16761, "volume": 9.0}}}
{"timestamp": "2025-12-02T08:51:12.429021+00:00", "level": "WARNING", "module": "logger", "funcName": "_log", "lineno": 188, "event_type": "streaming_indicator_engine.data_anomalies_detected", "data": {"symbol": "ARIA_USDT", "timestamp": 1762076666.309999, "anomalies": ["stale_timestamp: 1762076666.309999 vs 1764665472.4290216"], "data_sample": {"price": 0.16763, "volume": 9.0}}}
{"timestamp": "2025-12-02T08:51:12.443338+00:00", "level": "WARNING", "module": "logger", "funcName": "_log", "lineno": 188, "event_type": "streaming_indicator_engine.data_anomalies_detected", "data": {"symbol": "ARIA_USDT", "timestamp": 1762076672.308999, "anomalies": ["stale_timestamp: 1762076672.308999 vs 1764665472.4433384"], "data_sample": {"price": 0.16762, "volume": 9.0}}}
{"timestamp": "2025-12-02T08:51:12.458088+00:00", "level": "WARNING", "module": "logger", "funcName": "_log", "lineno": 188, "event_type": "streaming_indicator_engine.data_anomalies_detected", "data": {"symbol": "ARIA_USDT", "timestamp": 1762076685.309999, "anomalies": ["stale_timestamp: 1762076685.309999 vs 1764665472.4580882"], "data_sample": {"price": 0.16732, "volume": 9.0}}}
{"timestamp": "2025-12-02T08:51:12.473407+00:00", "level": "WARNING", "module": "logger", "funcName": "_log", "lineno": 188, "event_type": "streaming_indicator_engine.data_anomalies_detected", "data": {"symbol": "ARIA_USDT", "timestamp": 1762076699.311, "anomalies": ["stale_timestamp: 1762076699.311 vs 1764665472.4734075"], "data_sample": {"price": 0.16737, "volume": 11.0}}}
{"timestamp": "2025-12-02T08:51:12.489592+00:00", "level": "WARNING", "module": "logger", "funcName": "_log", "lineno": 188, "event_type": "streaming_indicator_engine.data_anomalies_detected", "data": {"symbol": "ARIA_USDT", "timestamp": 1762076713.309999, "anomalies": ["stale_timestamp: 1762076713.309999 vs 1764665472.4895923"], "data_sample": {"price": 0.16735, "volume": 4.0}}}
{"timestamp": "2025-12-02T08:51:12.505898+00:00", "level": "WARNING", "module": "logger", "funcName": "_log", "lineno": 188, "event_type": "streaming_indicator_engine.data_anomalies_detected", "data": {"symbol": "ARIA_USDT", "timestamp": 1762076728.311, "anomalies": ["stale_timestamp: 1762076728.311 vs 1764665472.5053873"], "data_sample": {"price": 0.16739, "volume": 9.0}}}
{"timestamp": "2025-12-02T08:51:12.521589+00:00", "level": "WARNING", "module": "logger", "funcName": "_log", "lineno": 188, "event_type": "streaming_indicator_engine.data_anomalies_detected", "data": {"symbol": "ARIA_USDT", "timestamp": 1762076734.308999, "anomalies": ["stale_timestamp: 1762076734.308999 vs 1764665472.5215895"], "data_sample": {"price": 0.16744, "volume": 9.0}}}
{"timestamp": "2025-12-02T08:51:12.537636+00:00", "level": "WARNING", "module": "logger", "funcName": "_log", "lineno": 188, "event_type": "streaming_indicator_engine.data_anomalies_detected", "data": {"symbol": "ARIA_USDT", "timestamp": 1762076750.309999, "anomalies": ["stale_timestamp: 1762076750.309999 vs 1764665472.537636"], "data_sample": {"price": 0.16747, "volume": 10.0}}}
{"timestamp": "2025-12-02T08:51:12.553822+00:00", "level": "WARNING", "module": "logger", "funcName": "_log", "lineno": 188, "event_type": "streaming_indicator_engine.data_anomalies_detected", "data": {"symbol": "ARIA_USDT", "timestamp": 1762076759.311, "anomalies": ["stale_timestamp: 1762076759.311 vs 1764665472.5528266"], "data_sample": {"price": 0.16746, "volume": 10.0}}}
{"timestamp": "2025-12-02T08:51:12.557822+00:00", "level": "INFO", "module": "logger", "funcName": "_log", "lineno": 188, "event_type": "strategy_manager.indicator_update_received", "data": {"symbol": "ARIA_USDT", "indicator_name": "611fad91-045d-408b-8822-f43428935033_20", "indicator_type": "", "value": 0.0015884408004466545, "active_strategies_for_symbol": true, "active_count": 3}}
{"timestamp": "2025-12-02T08:51:12.557822+00:00", "level": "WARNING", "module": "logger", "funcName": "_log", "lineno": 188, "event_type": "streaming_indicator_engine.data_anomalies_detected", "data": {"symbol": "ARIA_USDT", "timestamp": 1762076767.309999, "anomalies": ["stale_timestamp: 1762076767.309999 vs 1764665472.5578225"], "data_sample": {"price": 0.16742, "volume": 8.0}}}
{"timestamp": "2025-12-02T08:51:12.560442+00:00", "level": "WARNING", "module": "logger", "funcName": "_log", "lineno": 188, "event_type": "streaming_indicator_engine.data_anomalies_detected", "data": {"symbol": "ARIA_USDT", "timestamp": 1762076783.312, "anomalies": ["stale_timestamp: 1762076783.312 vs 1764665472.5604424"], "data_sample": {"price": 0.16745, "volume": 8.0}}}
{"timestamp": "2025-12-02T08:51:12.561461+00:00", "level": "WARNING", "module": "logger", "funcName": "_log", "lineno": 188, "event_type": "streaming_indicator_engine.data_anomalies_detected", "data": {"symbol": "ARIA_USDT", "timestamp": 1762076789.309999, "anomalies": ["stale_timestamp: 1762076789.309999 vs 1764665472.5614614"], "data_sample": {"price": 0.16755, "volume": 9.0}}}
{"timestamp": "2025-12-02T08:51:12.563742+00:00", "level": "WARNING", "module": "logger", "funcName": "_log", "lineno": 188, "event_type": "streaming_indicator_engine.data_anomalies_detected", "data": {"symbol": "ARIA_USDT", "timestamp": 1762076803.311, "anomalies": ["stale_timestamp: 1762076803.311 vs 1764665472.5637426"], "data_sample": {"price": 0.16758, "volume": 10.0}}}
{"timestamp": "2025-12-02T08:51:12.564700+00:00", "level": "WARNING", "module": "logger", "funcName": "_log", "lineno": 188, "event_type": "streaming_indicator_engine.data_anomalies_detected", "data": {"symbol": "ARIA_USDT", "timestamp": 1762076816.308999, "anomalies": ["stale_timestamp: 1762076816.308999 vs 1764665472.5647006"], "data_sample": {"price": 0.16762, "volume": 9.0}}}
{"timestamp": "2025-12-02T08:51:12.565702+00:00", "level": "INFO", "module": "logger", "funcName": "_log", "lineno": 188, "event_type": "strategy_manager.indicator_update_received", "data": {"symbol": "ARIA_USDT", "indicator_name": "611fad91-045d-408b-8822-f43428935033_20", "indicator_type": "", "value": 0.0015884408004466545, "active_strategies_for_symbol": true, "active_count": 3}}
{"timestamp": "2025-12-02T08:51:12.565702+00:00", "level": "WARNING", "module": "logger", "funcName": "_log", "lineno": 188, "event_type": "streaming_indicator_engine.data_anomalies_detected", "data": {"symbol": "ARIA_USDT", "timestamp": 1762076825.312999, "anomalies": ["stale_timestamp: 1762076825.312999 vs 1764665472.5657024"], "data_sample": {"price": 0.16751, "volume": 10.0}}}
{"timestamp": "2025-12-02T08:51:12.565702+00:00", "level": "WARNING", "module": "logger", "funcName": "_log", "lineno": 188, "event_type": "streaming_indicator_engine.data_anomalies_detected", "data": {"symbol": "ARIA_USDT", "timestamp": 1762076831.316999, "anomalies": ["stale_timestamp: 1762076831.316999 vs 1764665472.5657024"], "data_sample": {"price": 0.1674, "volume": 6.0}}}
{"timestamp": "2025-12-02T08:51:12.566711+00:00", "level": "WARNING", "module": "logger", "funcName": "_log", "lineno": 188, "event_type": "streaming_indicator_engine.data_anomalies_detected", "data": {"symbol": "ARIA_USDT", "timestamp": 1762076839.311, "anomalies": ["stale_timestamp: 1762076839.311 vs 1764665472.566712"], "data_sample": {"price": 0.16741, "volume": 8.0}}}
{"timestamp": "2025-12-02T08:51:12.567786+00:00", "level": "WARNING", "module": "logger", "funcName": "_log", "lineno": 188, "event_type": "streaming_indicator_engine.data_anomalies_detected", "data": {"symbol": "ARIA_USDT", "timestamp": 1762076846.312, "anomalies": ["stale_timestamp: 1762076846.312 vs 1764665472.5677867"], "data_sample": {"price": 0.1674, "volume": 6.0}}}
{"timestamp": "2025-12-02T08:51:12.569302+00:00", "level": "WARNING", "module": "logger", "funcName": "_log", "lineno": 188, "event_type": "streaming_indicator_engine.data_anomalies_detected", "data": {"symbol": "ARIA_USDT", "timestamp": 1762076859.309999, "anomalies": ["stale_timestamp: 1762076859.309999 vs 1764665472.569302"], "data_sample": {"price": 0.16723, "volume": 5.0}}}
{"timestamp": "2025-12-02T08:51:12.570320+00:00", "level": "WARNING", "module": "logger", "funcName": "_log", "lineno": 188, "event_type": "streaming_indicator_engine.data_anomalies_detected", "data": {"symbol": "ARIA_USDT", "timestamp": 1762076870.309999, "anomalies": ["stale_timestamp: 1762076870.309999 vs 1764665472.5703204"], "data_sample": {"price": 0.16724, "volume": 9.0}}}
{"timestamp": "2025-12-02T08:51:12.571314+00:00", "level": "WARNING", "module": "logger", "funcName": "_log", "lineno": 188, "event_type": "streaming_indicator_engine.data_anomalies_detected", "data": {"symbol": "ARIA_USDT", "timestamp": 1762076878.309999, "anomalies": ["stale_timestamp: 1762076878.309999 vs 1764665472.571314"], "data_sample": {"price": 0.16731, "volume": 4.0}}}
{"timestamp": "2025-12-02T08:51:12.598995+00:00", "level": "WARNING", "module": "logger", "funcName": "_log", "lineno": 188, "event_type": "streaming_indicator_engine.data_anomalies_detected", "data": {"symbol": "ARIA_USDT", "timestamp": 1762076892.311, "anomalies": ["stale_timestamp: 1762076892.311 vs 1764665472.598481"], "data_sample": {"price": 0.16728, "volume": 9.0}}}
{"timestamp": "2025-12-02T08:51:12.629763+00:00", "level": "WARNING", "module": "logger", "funcName": "_log", "lineno": 188, "event_type": "streaming_indicator_engine.data_anomalies_detected", "data": {"symbol": "ARIA_USDT", "timestamp": 1762076900.309999, "anomalies": ["stale_timestamp: 1762076900.309999 vs 1764665472.6297636"], "data_sample": {"price": 0.16731, "volume": 7.0}}}
{"timestamp": "2025-12-02T08:51:12.646569+00:00", "level": "WARNING", "module": "logger", "funcName": "_log", "lineno": 188, "event_type": "streaming_indicator_engine.data_anomalies_detected", "data": {"symbol": "ARIA_USDT", "timestamp": 1762076915.308999, "anomalies": ["stale_timestamp: 1762076915.308999 vs 1764665472.6465697"], "data_sample": {"price": 0.16729, "volume": 4.0}}}
{"timestamp": "2025-12-02T08:51:12.661464+00:00", "level": "WARNING", "module": "logger", "funcName": "_log", "lineno": 188, "event_type": "streaming_indicator_engine.data_anomalies_detected", "data": {"symbol": "ARIA_USDT", "timestamp": 1762076929.309999, "anomalies": ["stale_timestamp: 1762076929.309999 vs 1764665472.6604345"], "data_sample": {"price": 0.16725, "volume": 11.0}}}
{"timestamp": "2025-12-02T08:51:12.676060+00:00", "level": "WARNING", "module": "logger", "funcName": "_log", "lineno": 188, "event_type": "streaming_indicator_engine.data_anomalies_detected", "data": {"symbol": "ARIA_USDT", "timestamp": 1762076940.312999, "anomalies": ["stale_timestamp: 1762076940.312999 vs 1764665472.6760604"], "data_sample": {"price": 0.16733, "volume": 8.0}}}
{"timestamp": "2025-12-02T08:51:12.691435+00:00", "level": "WARNING", "module": "logger", "funcName": "_log", "lineno": 188, "event_type": "streaming_indicator_engine.data_anomalies_detected", "data": {"symbol": "ARIA_USDT", "timestamp": 1762076949.324999, "anomalies": ["stale_timestamp: 1762076949.324999 vs 1764665472.691435"], "data_sample": {"price": 0.1673, "volume": 8.0}}}
{"timestamp": "2025-12-02T08:51:12.707189+00:00", "level": "WARNING", "module": "logger", "funcName": "_log", "lineno": 188, "event_type": "streaming_indicator_engine.data_anomalies_detected", "data": {"symbol": "ARIA_USDT", "timestamp": 1762076965.316, "anomalies": ["stale_timestamp: 1762076965.316 vs 1764665472.707189"], "data_sample": {"price": 0.16729, "volume": 4.0}}}
{"timestamp": "2025-12-02T08:51:12.723342+00:00", "level": "WARNING", "module": "logger", "funcName": "_log", "lineno": 188, "event_type": "streaming_indicator_engine.data_anomalies_detected", "data": {"symbol": "ARIA_USDT", "timestamp": 1762076978.312, "anomalies": ["stale_timestamp: 1762076978.312 vs 1764665472.7233422"], "data_sample": {"price": 0.1673, "volume": 9.0}}}
{"timestamp": "2025-12-02T08:51:12.739659+00:00", "level": "WARNING", "module": "logger", "funcName": "_log", "lineno": 188, "event_type": "streaming_indicator_engine.data_anomalies_detected", "data": {"symbol": "ARIA_USDT", "timestamp": 1762076990.315, "anomalies": ["stale_timestamp: 1762076990.315 vs 1764665472.7396595"], "data_sample": {"price": 0.16733, "volume": 10.0}}}
{"timestamp": "2025-12-02T08:51:12.755165+00:00", "level": "WARNING", "module": "logger", "funcName": "_log", "lineno": 188, "event_type": "streaming_indicator_engine.data_anomalies_detected", "data": {"symbol": "ARIA_USDT", "timestamp": 1762076997.315, "anomalies": ["stale_timestamp: 1762076997.315 vs 1764665472.755165"], "data_sample": {"price": 0.16726, "volume": 12.0}}}
{"timestamp": "2025-12-02T08:51:12.770883+00:00", "level": "WARNING", "module": "logger", "funcName": "_log", "lineno": 188, "event_type": "streaming_indicator_engine.data_anomalies_detected", "data": {"symbol": "ARIA_USDT", "timestamp": 1762077007.309999, "anomalies": ["stale_timestamp: 1762077007.309999 vs 1764665472.770883"], "data_sample": {"price": 0.16719, "volume": 4.0}}}
{"timestamp": "2025-12-02T08:51:12.786365+00:00", "level": "WARNING", "module": "logger", "funcName": "_log", "lineno": 188, "event_type": "streaming_indicator_engine.data_anomalies_detected", "data": {"symbol": "ARIA_USDT", "timestamp": 1762077018.309999, "anomalies": ["stale_timestamp: 1762077018.309999 vs 1764665472.7863653"], "data_sample": {"price": 0.16722, "volume": 8.0}}}
{"timestamp": "2025-12-02T08:51:12.801245+00:00", "level": "WARNING", "module": "logger", "funcName": "_log", "lineno": 188, "event_type": "streaming_indicator_engine.data_anomalies_detected", "data": {"symbol": "ARIA_USDT", "timestamp": 1762077025.309999, "anomalies": ["stale_timestamp: 1762077025.309999 vs 1764665472.8012452"], "data_sample": {"price": 0.16726, "volume": 5.0}}}
{"timestamp": "2025-12-02T08:51:12.816916+00:00", "level": "WARNING", "module": "logger", "funcName": "_log", "lineno": 188, "event_type": "streaming_indicator_engine.data_anomalies_detected", "data": {"symbol": "ARIA_USDT", "timestamp": 1762077033.311, "anomalies": ["stale_timestamp: 1762077033.311 vs 1764665472.816917"], "data_sample": {"price": 0.16725, "volume": 4.0}}}
{"timestamp": "2025-12-02T08:51:12.824521+00:00", "level": "INFO", "module": "logger", "funcName": "_log", "lineno": 188, "event_type": "strategy_manager.indicator_update_received", "data": {"symbol": "ARIA_USDT", "indicator_name": "5fc82998-9270-4b44-8312-f74ddd20a93d_20", "indicator_type": "", "value": -125.71855476789398, "active_strategies_for_symbol": true, "active_count": 3}}
{"timestamp": "2025-12-02T08:51:12.826526+00:00", "level": "WARNING", "module": "logger", "funcName": "_log", "lineno": 188, "event_type": "streaming_indicator_engine.data_anomalies_detected", "data": {"symbol": "ARIA_USDT", "timestamp": 1762077042.309999, "anomalies": ["stale_timestamp: 1762077042.309999 vs 1764665472.8254514"], "data_sample": {"price": 0.16724, "volume": 4.0}}}
{"timestamp": "2025-12-02T08:51:12.827724+00:00", "level": "WARNING", "module": "logger", "funcName": "_log", "lineno": 188, "event_type": "streaming_indicator_engine.data_anomalies_detected", "data": {"symbol": "ARIA_USDT", "timestamp": 1762077051.309999, "anomalies": ["stale_timestamp: 1762077051.309999 vs 1764665472.827724"], "data_sample": {"price": 0.16725, "volume": 4.0}}}
{"timestamp": "2025-12-02T08:51:12.829247+00:00", "level": "WARNING", "module": "logger", "funcName": "_log", "lineno": 188, "event_type": "streaming_indicator_engine.data_anomalies_detected", "data": {"symbol": "ARIA_USDT", "timestamp": 1762077057.312999, "anomalies": ["stale_timestamp: 1762077057.312999 vs 1764665472.8292477"], "data_sample": {"price": 0.16726, "volume": 3.0}}}
{"timestamp": "2025-12-02T08:51:12.831258+00:00", "level": "WARNING", "module": "logger", "funcName": "_log", "lineno": 188, "event_type": "streaming_indicator_engine.data_anomalies_detected", "data": {"symbol": "ARIA_USDT", "timestamp": 1762077067.316999, "anomalies": ["stale_timestamp: 1762077067.316999 vs 1764665472.831258"], "data_sample": {"price": 0.16725, "volume": 8.0}}}
{"timestamp": "2025-12-02T08:51:12.832267+00:00", "level": "WARNING", "module": "logger", "funcName": "_log", "lineno": 188, "event_type": "streaming_indicator_engine.data_anomalies_detected", "data": {"symbol": "ARIA_USDT", "timestamp": 1762077081.308, "anomalies": ["stale_timestamp: 1762077081.308 vs 1764665472.8322675"], "data_sample": {"price": 0.16714, "volume": 6.0}}}
{"timestamp": "2025-12-02T08:51:12.834272+00:00", "level": "INFO", "module": "logger", "funcName": "_log", "lineno": 188, "event_type": "strategy_manager.indicator_update_received", "data": {"symbol": "ARIA_USDT", "indicator_name": "5fc82998-9270-4b44-8312-f74ddd20a93d_20", "indicator_type": "", "value": -125.71855476789398, "active_strategies_for_symbol": true, "active_count": 3}}
{"timestamp": "2025-12-02T08:51:12.835269+00:00", "level": "WARNING", "module": "logger", "funcName": "_log", "lineno": 188, "event_type": "streaming_indicator_engine.data_anomalies_detected", "data": {"symbol": "ARIA_USDT", "timestamp": 1762077089.311, "anomalies": ["stale_timestamp: 1762077089.311 vs 1764665472.8342729"], "data_sample": {"price": 0.16711, "volume": 4.0}}}
{"timestamp": "2025-12-02T08:51:12.836273+00:00", "level": "WARNING", "module": "logger", "funcName": "_log", "lineno": 188, "event_type": "streaming_indicator_engine.data_anomalies_detected", "data": {"symbol": "ARIA_USDT", "timestamp": 1762077098.311, "anomalies": ["stale_timestamp: 1762077098.311 vs 1764665472.836274"], "data_sample": {"price": 0.16702, "volume": 4.0}}}
{"timestamp": "2025-12-02T08:51:12.836273+00:00", "level": "WARNING", "module": "logger", "funcName": "_log", "lineno": 188, "event_type": "streaming_indicator_engine.data_anomalies_detected", "data": {"symbol": "ARIA_USDT", "timestamp": 1762077107.335, "anomalies": ["stale_timestamp: 1762077107.335 vs 1764665472.836274"], "data_sample": {"price": 0.167, "volume": 26.0}}}
{"timestamp": "2025-12-02T08:51:12.837273+00:00", "level": "WARNING", "module": "logger", "funcName": "_log", "lineno": 188, "event_type": "streaming_indicator_engine.data_anomalies_detected", "data": {"symbol": "ARIA_USDT", "timestamp": 1762077121.309999, "anomalies": ["stale_timestamp: 1762077121.309999 vs 1764665472.8372731"], "data_sample": {"price": 0.16704, "volume": 8.0}}}
{"timestamp": "2025-12-02T08:51:12.838271+00:00", "level": "WARNING", "module": "logger", "funcName": "_log", "lineno": 188, "event_type": "streaming_indicator_engine.data_anomalies_detected", "data": {"symbol": "ARIA_USDT", "timestamp": 1762077123.420999, "anomalies": ["stale_timestamp: 1762077123.420999 vs 1764665472.8382719"], "data_sample": {"price": 0.167, "volume": 59.0}}}
{"timestamp": "2025-12-02T08:51:12.838271+00:00", "level": "WARNING", "module": "logger", "funcName": "_log", "lineno": 188, "event_type": "streaming_indicator_engine.data_anomalies_detected", "data": {"symbol": "ARIA_USDT", "timestamp": 1762077139.311, "anomalies": ["stale_timestamp: 1762077139.311 vs 1764665472.8382719"], "data_sample": {"price": 0.16703, "volume": 5.0}}}
{"timestamp": "2025-12-02T08:51:12.839270+00:00", "level": "WARNING", "module": "logger", "funcName": "_log", "lineno": 188, "event_type": "streaming_indicator_engine.data_anomalies_detected", "data": {"symbol": "ARIA_USDT", "timestamp": 1762077152.308999, "anomalies": ["stale_timestamp: 1762077152.308999 vs 1764665472.8392708"], "data_sample": {"price": 0.16708, "volume": 9.0}}}
{"timestamp": "2025-12-02T08:51:12.863072+00:00", "level": "WARNING", "module": "logger", "funcName": "_log", "lineno": 188, "event_type": "streaming_indicator_engine.data_anomalies_detected", "data": {"symbol": "ARIA_USDT", "timestamp": 1762077163.309999, "anomalies": ["stale_timestamp: 1762077163.309999 vs 1764665472.8630722"], "data_sample": {"price": 0.16713, "volume": 11.0}}}
{"timestamp": "2025-12-02T08:51:12.879177+00:00", "level": "WARNING", "module": "logger", "funcName": "_log", "lineno": 188, "event_type": "streaming_indicator_engine.data_anomalies_detected", "data": {"symbol": "ARIA_USDT", "timestamp": 1762077172.309999, "anomalies": ["stale_timestamp: 1762077172.309999 vs 1764665472.8781338"], "data_sample": {"price": 0.16706, "volume": 12.0}}}
{"timestamp": "2025-12-02T08:51:12.892983+00:00", "level": "WARNING", "module": "logger", "funcName": "_log", "lineno": 188, "event_type": "streaming_indicator_engine.data_anomalies_detected", "data": {"symbol": "ARIA_USDT", "timestamp": 1762077187.312999, "anomalies": ["stale_timestamp: 1762077187.312999 vs 1764665472.892984"], "data_sample": {"price": 0.16705, "volume": 4.0}}}
{"timestamp": "2025-12-02T08:51:12.908263+00:00", "level": "WARNING", "module": "logger", "funcName": "_log", "lineno": 188, "event_type": "streaming_indicator_engine.data_anomalies_detected", "data": {"symbol": "ARIA_USDT", "timestamp": 1762077203.309999, "anomalies": ["stale_timestamp: 1762077203.309999 vs 1764665472.9082634"], "data_sample": {"price": 0.16703, "volume": 6.0}}}
{"timestamp": "2025-12-02T08:51:12.923622+00:00", "level": "WARNING", "module": "logger", "funcName": "_log", "lineno": 188, "event_type": "streaming_indicator_engine.data_anomalies_detected", "data": {"symbol": "ARIA_USDT", "timestamp": 1762077211.312, "anomalies": ["stale_timestamp: 1762077211.312 vs 1764665472.9236221"], "data_sample": {"price": 0.16707, "volume": 9.0}}}
{"timestamp": "2025-12-02T08:51:12.939257+00:00", "level": "WARNING", "module": "logger", "funcName": "_log", "lineno": 188, "event_type": "streaming_indicator_engine.data_anomalies_detected", "data": {"symbol": "ARIA_USDT", "timestamp": 1762077227.312999, "anomalies": ["stale_timestamp: 1762077227.312999 vs 1764665472.9392576"], "data_sample": {"price": 0.16704, "volume": 4.0}}}
{"timestamp": "2025-12-02T08:51:12.954952+00:00", "level": "WARNING", "module": "logger", "funcName": "_log", "lineno": 188, "event_type": "streaming_indicator_engine.data_anomalies_detected", "data": {"symbol": "ARIA_USDT", "timestamp": 1762077234.308999, "anomalies": ["stale_timestamp: 1762077234.308999 vs 1764665472.9549527"], "data_sample": {"price": 0.16708, "volume": 8.0}}}
{"timestamp": "2025-12-02T08:51:12.970695+00:00", "level": "WARNING", "module": "logger", "funcName": "_log", "lineno": 188, "event_type": "streaming_indicator_engine.data_anomalies_detected", "data": {"symbol": "ARIA_USDT", "timestamp": 1762077247.312999, "anomalies": ["stale_timestamp: 1762077247.312999 vs 1764665472.9706953"], "data_sample": {"price": 0.16705, "volume": 7.0}}}
{"timestamp": "2025-12-02T08:51:12.986828+00:00", "level": "WARNING", "module": "logger", "funcName": "_log", "lineno": 188, "event_type": "streaming_indicator_engine.data_anomalies_detected", "data": {"symbol": "ARIA_USDT", "timestamp": 1762077263.309999, "anomalies": ["stale_timestamp: 1762077263.309999 vs 1764665472.9868286"], "data_sample": {"price": 0.16704, "volume": 7.0}}}
{"timestamp": "2025-12-02T08:51:13.002636+00:00", "level": "WARNING", "module": "logger", "funcName": "_log", "lineno": 188, "event_type": "streaming_indicator_engine.data_anomalies_detected", "data": {"symbol": "ARIA_USDT", "timestamp": 1762077274.309999, "anomalies": ["stale_timestamp: 1762077274.309999 vs 1764665473.0026362"], "data_sample": {"price": 0.16709, "volume": 4.0}}}
{"timestamp": "2025-12-02T08:51:13.018457+00:00", "level": "WARNING", "module": "logger", "funcName": "_log", "lineno": 188, "event_type": "streaming_indicator_engine.data_anomalies_detected", "data": {"symbol": "ARIA_USDT", "timestamp": 1762077281.311, "anomalies": ["stale_timestamp: 1762077281.311 vs 1764665473.018458"], "data_sample": {"price": 0.16713, "volume": 12.0}}}
{"timestamp": "2025-12-02T08:51:13.033758+00:00", "level": "WARNING", "module": "logger", "funcName": "_log", "lineno": 188, "event_type": "streaming_indicator_engine.data_anomalies_detected", "data": {"symbol": "ARIA_USDT", "timestamp": 1762077290.312, "anomalies": ["stale_timestamp: 1762077290.312 vs 1764665473.0337584"], "data_sample": {"price": 0.16709, "volume": 8.0}}}
{"timestamp": "2025-12-02T08:51:13.049353+00:00", "level": "WARNING", "module": "logger", "funcName": "_log", "lineno": 188, "event_type": "streaming_indicator_engine.data_anomalies_detected", "data": {"symbol": "ARIA_USDT", "timestamp": 1762077299.312, "anomalies": ["stale_timestamp: 1762077299.312 vs 1764665473.0493534"], "data_sample": {"price": 0.16706, "volume": 8.0}}}
{"timestamp": "2025-12-02T08:51:13.065257+00:00", "level": "WARNING", "module": "logger", "funcName": "_log", "lineno": 188, "event_type": "streaming_indicator_engine.data_anomalies_detected", "data": {"symbol": "ARIA_USDT", "timestamp": 1762077309.309999, "anomalies": ["stale_timestamp: 1762077309.309999 vs 1764665473.0652573"], "data_sample": {"price": 0.16705, "volume": 6.0}}}
{"timestamp": "2025-12-02T08:51:13.068253+00:00", "level": "WARNING", "module": "logger", "funcName": "_log", "lineno": 188, "event_type": "streaming_indicator_engine.data_anomalies_detected", "data": {"symbol": "ARIA_USDT", "timestamp": 1762077318.312, "anomalies": ["stale_timestamp: 1762077318.312 vs 1764665473.0682535"], "data_sample": {"price": 0.16706, "volume": 9.0}}}
{"timestamp": "2025-12-02T08:51:13.069257+00:00", "level": "WARNING", "module": "logger", "funcName": "_log", "lineno": 188, "event_type": "streaming_indicator_engine.data_anomalies_detected", "data": {"symbol": "ARIA_USDT", "timestamp": 1762077324.309999, "anomalies": ["stale_timestamp: 1762077324.309999 vs 1764665473.0692577"], "data_sample": {"price": 0.1671, "volume": 5.0}}}
{"timestamp": "2025-12-02T08:51:13.097010+00:00", "level": "WARNING", "module": "logger", "funcName": "_log", "lineno": 188, "event_type": "streaming_indicator_engine.data_anomalies_detected", "data": {"symbol": "ARIA_USDT", "timestamp": 1762077335.309999, "anomalies": ["stale_timestamp: 1762077335.309999 vs 1764665473.0970101"], "data_sample": {"price": 0.16709, "volume": 4.0}}}
{"timestamp": "2025-12-02T08:51:13.101533+00:00", "level": "INFO", "module": "logger", "funcName": "_log", "lineno": 188, "event_type": "strategy_manager.indicator_update_received", "data": {"symbol": "ARIA_USDT", "indicator_name": "11b8be00-eed3-48fe-b359-df47b297226c_20", "indicator_type": "", "value": 5.9795950178820356e-05, "active_strategies_for_symbol": true, "active_count": 3}}
{"timestamp": "2025-12-02T08:51:13.102533+00:00", "level": "WARNING", "module": "logger", "funcName": "_log", "lineno": 188, "event_type": "streaming_indicator_engine.data_anomalies_detected", "data": {"symbol": "ARIA_USDT", "timestamp": 1762077351.309999, "anomalies": ["stale_timestamp: 1762077351.309999 vs 1764665473.102533"], "data_sample": {"price": 0.1671, "volume": 3.0}}}
{"timestamp": "2025-12-02T08:51:13.102533+00:00", "level": "WARNING", "module": "logger", "funcName": "_log", "lineno": 188, "event_type": "streaming_indicator_engine.data_anomalies_detected", "data": {"symbol": "ARIA_USDT", "timestamp": 1762077362.309999, "anomalies": ["stale_timestamp: 1762077362.309999 vs 1764665473.102533"], "data_sample": {"price": 0.16716, "volume": 5.0}}}
{"timestamp": "2025-12-02T08:51:13.103531+00:00", "level": "WARNING", "module": "logger", "funcName": "_log", "lineno": 188, "event_type": "streaming_indicator_engine.data_anomalies_detected", "data": {"symbol": "ARIA_USDT", "timestamp": 1762077376.309999, "anomalies": ["stale_timestamp: 1762077376.309999 vs 1764665473.1035311"], "data_sample": {"price": 0.16724, "volume": 11.0}}}
{"timestamp": "2025-12-02T08:51:13.103531+00:00", "level": "WARNING", "module": "logger", "funcName": "_log", "lineno": 188, "event_type": "streaming_indicator_engine.data_anomalies_detected", "data": {"symbol": "ARIA_USDT", "timestamp": 1762077387.309999, "anomalies": ["stale_timestamp: 1762077387.309999 vs 1764665473.1035311"], "data_sample": {"price": 0.16726, "volume": 11.0}}}
{"timestamp": "2025-12-02T08:51:13.104532+00:00", "level": "WARNING", "module": "logger", "funcName": "_log", "lineno": 188, "event_type": "streaming_indicator_engine.data_anomalies_detected", "data": {"symbol": "ARIA_USDT", "timestamp": 1762077395.309999, "anomalies": ["stale_timestamp: 1762077395.309999 vs 1764665473.1045322"], "data_sample": {"price": 0.16728, "volume": 3.0}}}
{"timestamp": "2025-12-02T08:51:13.104532+00:00", "level": "INFO", "module": "logger", "funcName": "_log", "lineno": 188, "event_type": "strategy_manager.indicator_update_received", "data": {"symbol": "ARIA_USDT", "indicator_name": "11b8be00-eed3-48fe-b359-df47b297226c_20", "indicator_type": "", "value": 5.9795950178820356e-05, "active_strategies_for_symbol": true, "active_count": 3}}
{"timestamp": "2025-12-02T08:51:13.104532+00:00", "level": "WARNING", "module": "logger", "funcName": "_log", "lineno": 188, "event_type": "streaming_indicator_engine.data_anomalies_detected", "data": {"symbol": "ARIA_USDT", "timestamp": 1762077402.309999, "anomalies": ["stale_timestamp: 1762077402.309999 vs 1764665473.1045322"], "data_sample": {"price": 0.1673, "volume": 10.0}}}
{"timestamp": "2025-12-02T08:51:13.105532+00:00", "level": "WARNING", "module": "logger", "funcName": "_log", "lineno": 188, "event_type": "streaming_indicator_engine.data_anomalies_detected", "data": {"symbol": "ARIA_USDT", "timestamp": 1762077412.311, "anomalies": ["stale_timestamp: 1762077412.311 vs 1764665473.1055324"], "data_sample": {"price": 0.16729, "volume": 7.0}}}
{"timestamp": "2025-12-02T08:51:13.105532+00:00", "level": "WARNING", "module": "logger", "funcName": "_log", "lineno": 188, "event_type": "streaming_indicator_engine.data_anomalies_detected", "data": {"symbol": "ARIA_USDT", "timestamp": 1762077421.309999, "anomalies": ["stale_timestamp: 1762077421.309999 vs 1764665473.1055324"], "data_sample": {"price": 0.16727, "volume": 4.0}}}
{"timestamp": "2025-12-02T08:51:13.114155+00:00", "level": "WARNING", "module": "logger", "funcName": "_log", "lineno": 188, "event_type": "streaming_indicator_engine.data_anomalies_detected", "data": {"symbol": "ARIA_USDT", "timestamp": 1762076372.312999, "anomalies": ["stale_timestamp: 1762076372.312999 vs 1764665473.1141555"], "data_sample": {"price": 0.1671, "volume": 3.0}}}
{"timestamp": "2025-12-02T08:51:13.126847+00:00", "level": "WARNING", "module": "logger", "funcName": "_log", "lineno": 188, "event_type": "streaming_indicator_engine.data_anomalies_detected", "data": {"symbol": "ARIA_USDT", "timestamp": 1762076381.309999, "anomalies": ["stale_timestamp: 1762076381.309999 vs 1764665473.1268473"], "data_sample": {"price": 0.16715, "volume": 8.0}}}
{"timestamp": "2025-12-02T08:51:13.142235+00:00", "level": "WARNING", "module": "logger", "funcName": "_log", "lineno": 188, "event_type": "streaming_indicator_engine.data_anomalies_detected", "data": {"symbol": "ARIA_USDT", "timestamp": 1762076388.311, "anomalies": ["stale_timestamp: 1762076388.311 vs 1764665473.1422348"], "data_sample": {"price": 0.16714, "volume": 9.0}}}
{"timestamp": "2025-12-02T08:51:13.157686+00:00", "level": "WARNING", "module": "logger", "funcName": "_log", "lineno": 188, "event_type": "streaming_indicator_engine.data_anomalies_detected", "data": {"symbol": "ARIA_USDT", "timestamp": 1762076401.309999, "anomalies": ["stale_timestamp: 1762076401.309999 vs 1764665473.1576867"], "data_sample": {"price": 0.16717, "volume": 7.0}}}
{"timestamp": "2025-12-02T08:51:13.173126+00:00", "level": "WARNING", "module": "logger", "funcName": "_log", "lineno": 188, "event_type": "streaming_indicator_engine.data_anomalies_detected", "data": {"symbol": "ARIA_USDT", "timestamp": 1762076408.312, "anomalies": ["stale_timestamp: 1762076408.312 vs 1764665473.1731262"], "data_sample": {"price": 0.16713, "volume": 3.0}}}
{"timestamp": "2025-12-02T08:51:13.189485+00:00", "level": "WARNING", "module": "logger", "funcName": "_log", "lineno": 188, "event_type": "streaming_indicator_engine.data_anomalies_detected", "data": {"symbol": "ARIA_USDT", "timestamp": 1762076417.311, "anomalies": ["stale_timestamp: 1762076417.311 vs 1764665473.1894858"], "data_sample": {"price": 0.16708, "volume": 3.0}}}
{"timestamp": "2025-12-02T08:51:13.204314+00:00", "level": "WARNING", "module": "logger", "funcName": "_log", "lineno": 188, "event_type": "streaming_indicator_engine.data_anomalies_detected", "data": {"symbol": "ARIA_USDT", "timestamp": 1762076427.308999, "anomalies": ["stale_timestamp: 1762076427.308999 vs 1764665473.204315"], "data_sample": {"price": 0.16707, "volume": 12.0}}}
{"timestamp": "2025-12-02T08:51:13.220122+00:00", "level": "WARNING", "module": "logger", "funcName": "_log", "lineno": 188, "event_type": "streaming_indicator_engine.data_anomalies_detected", "data": {"symbol": "ARIA_USDT", "timestamp": 1762076435.309999, "anomalies": ["stale_timestamp: 1762076435.309999 vs 1764665473.2201226"], "data_sample": {"price": 0.1671, "volume": 4.0}}}
{"timestamp": "2025-12-02T08:51:13.235530+00:00", "level": "WARNING", "module": "logger", "funcName": "_log", "lineno": 188, "event_type": "streaming_indicator_engine.data_anomalies_detected", "data": {"symbol": "ARIA_USDT", "timestamp": 1762076447.309999, "anomalies": ["stale_timestamp: 1762076447.309999 vs 1764665473.23553"], "data_sample": {"price": 0.16708, "volume": 9.0}}}
{"timestamp": "2025-12-02T08:51:13.250660+00:00", "level": "WARNING", "module": "logger", "funcName": "_log", "lineno": 188, "event_type": "streaming_indicator_engine.data_anomalies_detected", "data": {"symbol": "ARIA_USDT", "timestamp": 1762076462.309999, "anomalies": ["stale_timestamp: 1762076462.309999 vs 1764665473.2506602"], "data_sample": {"price": 0.16726, "volume": 10.0}}}
{"timestamp": "2025-12-02T08:51:13.266004+00:00", "level": "WARNING", "module": "logger", "funcName": "_log", "lineno": 188, "event_type": "streaming_indicator_engine.data_anomalies_detected", "data": {"symbol": "ARIA_USDT", "timestamp": 1762076476.308999, "anomalies": ["stale_timestamp: 1762076476.308999 vs 1764665473.2660048"], "data_sample": {"price": 0.16745, "volume": 9.0}}}
{"timestamp": "2025-12-02T08:51:13.282467+00:00", "level": "WARNING", "module": "logger", "funcName": "_log", "lineno": 188, "event_type": "streaming_indicator_engine.data_anomalies_detected", "data": {"symbol": "ARIA_USDT", "timestamp": 1762076490.311, "anomalies": ["stale_timestamp: 1762076490.311 vs 1764665473.2824671"], "data_sample": {"price": 0.16766, "volume": 7.0}}}
{"timestamp": "2025-12-02T08:51:13.297657+00:00", "level": "WARNING", "module": "logger", "funcName": "_log", "lineno": 188, "event_type": "streaming_indicator_engine.data_anomalies_detected", "data": {"symbol": "ARIA_USDT", "timestamp": 1762076501.311, "anomalies": ["stale_timestamp: 1762076501.311 vs 1764665473.2976575"], "data_sample": {"price": 0.16763, "volume": 5.0}}}
{"timestamp": "2025-12-02T08:51:13.312959+00:00", "level": "WARNING", "module": "logger", "funcName": "_log", "lineno": 188, "event_type": "streaming_indicator_engine.data_anomalies_detected", "data": {"symbol": "ARIA_USDT", "timestamp": 1762076514.408999, "anomalies": ["stale_timestamp: 1762076514.408999 vs 1764665473.312959"], "data_sample": {"price": 0.16766, "volume": 10.0}}}
{"timestamp": "2025-12-02T08:51:13.327744+00:00", "level": "WARNING", "module": "logger", "funcName": "_log", "lineno": 188, "event_type": "streaming_indicator_engine.data_anomalies_detected", "data": {"symbol": "ARIA_USDT", "timestamp": 1762076520.311, "anomalies": ["stale_timestamp: 1762076520.311 vs 1764665473.3277447"], "data_sample": {"price": 0.1677, "volume": 9.0}}}
{"timestamp": "2025-12-02T08:51:13.343645+00:00", "level": "WARNING", "module": "logger", "funcName": "_log", "lineno": 188, "event_type": "streaming_indicator_engine.data_anomalies_detected", "data": {"symbol": "ARIA_USDT", "timestamp": 1762076531.311, "anomalies": ["stale_timestamp: 1762076531.311 vs 1764665473.343645"], "data_sample": {"price": 0.16778, "volume": 10.0}}}
{"timestamp": "2025-12-02T08:51:13.359340+00:00", "level": "WARNING", "module": "logger", "funcName": "_log", "lineno": 188, "event_type": "streaming_indicator_engine.data_anomalies_detected", "data": {"symbol": "ARIA_USDT", "timestamp": 1762076537.311, "anomalies": ["stale_timestamp: 1762076537.311 vs 1764665473.3593404"], "data_sample": {"price": 0.16777, "volume": 10.0}}}
{"timestamp": "2025-12-02T08:51:13.362778+00:00", "level": "INFO", "module": "logger", "funcName": "_log", "lineno": 188, "event_type": "strategy_manager.indicator_update_received", "data": {"symbol": "ARIA_USDT", "indicator_name": "790d8eed-dc95-43ff-b625-1205d256154b_20", "indicator_type": "", "value": 0.0027601558816686632, "active_strategies_for_symbol": true, "active_count": 3}}
{"timestamp": "2025-12-02T08:51:13.364788+00:00", "level": "WARNING", "module": "logger", "funcName": "_log", "lineno": 188, "event_type": "streaming_indicator_engine.data_anomalies_detected", "data": {"symbol": "ARIA_USDT", "timestamp": 1762076543.312, "anomalies": ["stale_timestamp: 1762076543.312 vs 1764665473.3647885"], "data_sample": {"price": 0.16765, "volume": 8.0}}}
{"timestamp": "2025-12-02T08:51:13.365785+00:00", "level": "WARNING", "module": "logger", "funcName": "_log", "lineno": 188, "event_type": "streaming_indicator_engine.data_anomalies_detected", "data": {"symbol": "ARIA_USDT", "timestamp": 1762076551.311, "anomalies": ["stale_timestamp: 1762076551.311 vs 1764665473.3657858"], "data_sample": {"price": 0.16776, "volume": 7.0}}}
{"timestamp": "2025-12-02T08:51:13.365785+00:00", "level": "WARNING", "module": "logger", "funcName": "_log", "lineno": 188, "event_type": "streaming_indicator_engine.data_anomalies_detected", "data": {"symbol": "ARIA_USDT", "timestamp": 1762076567.313999, "anomalies": ["stale_timestamp: 1762076567.313999 vs 1764665473.3657858"], "data_sample": {"price": 0.16779, "volume": 4.0}}}
{"timestamp": "2025-12-02T08:51:13.366791+00:00", "level": "WARNING", "module": "logger", "funcName": "_log", "lineno": 188, "event_type": "streaming_indicator_engine.data_anomalies_detected", "data": {"symbol": "ARIA_USDT", "timestamp": 1762076582.312999, "anomalies": ["stale_timestamp: 1762076582.312999 vs 1764665473.3667917"], "data_sample": {"price": 0.16774, "volume": 4.0}}}
{"timestamp": "2025-12-02T08:51:13.366791+00:00", "level": "WARNING", "module": "logger", "funcName": "_log", "lineno": 188, "event_type": "streaming_indicator_engine.data_anomalies_detected", "data": {"symbol": "ARIA_USDT", "timestamp": 1762076595.309999, "anomalies": ["stale_timestamp: 1762076595.309999 vs 1764665473.3667917"], "data_sample": {"price": 0.16776, "volume": 10.0}}}
{"timestamp": "2025-12-02T08:51:13.367787+00:00", "level": "INFO", "module": "logger", "funcName": "_log", "lineno": 188, "event_type": "strategy_manager.indicator_update_received", "data": {"symbol": "ARIA_USDT", "indicator_name": "790d8eed-dc95-43ff-b625-1205d256154b_20", "indicator_type": "", "value": 0.0027601558816686632, "active_strategies_for_symbol": true, "active_count": 3}}
{"timestamp": "2025-12-02T08:51:13.367787+00:00", "level": "WARNING", "module": "logger", "funcName": "_log", "lineno": 188, "event_type": "streaming_indicator_engine.data_anomalies_detected", "data": {"symbol": "ARIA_USDT", "timestamp": 1762076606.309999, "anomalies": ["stale_timestamp: 1762076606.309999 vs 1764665473.3677874"], "data_sample": {"price": 0.16772, "volume": 9.0}}}
{"timestamp": "2025-12-02T08:51:13.369294+00:00", "level": "WARNING", "module": "logger", "funcName": "_log", "lineno": 188, "event_type": "streaming_indicator_engine.data_anomalies_detected", "data": {"symbol": "ARIA_USDT", "timestamp": 1762076620.309999, "anomalies": ["stale_timestamp: 1762076620.309999 vs 1764665473.369295"], "data_sample": {"price": 0.16764, "volume": 5.0}}}
{"timestamp": "2025-12-02T08:51:13.369294+00:00", "level": "WARNING", "module": "logger", "funcName": "_log", "lineno": 188, "event_type": "streaming_indicator_engine.data_anomalies_detected", "data": {"symbol": "ARIA_USDT", "timestamp": 1762076628.311, "anomalies": ["stale_timestamp: 1762076628.311 vs 1764665473.369295"], "data_sample": {"price": 0.16761, "volume": 7.0}}}
{"timestamp": "2025-12-02T08:51:13.370303+00:00", "level": "WARNING", "module": "logger", "funcName": "_log", "lineno": 188, "event_type": "streaming_indicator_engine.data_anomalies_detected", "data": {"symbol": "ARIA_USDT", "timestamp": 1762076638.312999, "anomalies": ["stale_timestamp: 1762076638.312999 vs 1764665473.370304"], "data_sample": {"price": 0.16763, "volume": 10.0}}}
{"timestamp": "2025-12-02T08:51:13.370303+00:00", "level": "WARNING", "module": "logger", "funcName": "_log", "lineno": 188, "event_type": "streaming_indicator_engine.data_anomalies_detected", "data": {"symbol": "ARIA_USDT", "timestamp": 1762076647.309999, "anomalies": ["stale_timestamp: 1762076647.309999 vs 1764665473.370304"], "data_sample": {"price": 0.16762, "volume": 4.0}}}
{"timestamp": "2025-12-02T08:51:13.371310+00:00", "level": "WARNING", "module": "logger", "funcName": "_log", "lineno": 188, "event_type": "streaming_indicator_engine.data_anomalies_detected", "data": {"symbol": "ARIA_USDT", "timestamp": 1762076653.309999, "anomalies": ["stale_timestamp: 1762076653.309999 vs 1764665473.371311"], "data_sample": {"price": 0.16761, "volume": 9.0}}}
{"timestamp": "2025-12-02T08:51:13.371310+00:00", "level": "WARNING", "module": "logger", "funcName": "_log", "lineno": 188, "event_type": "streaming_indicator_engine.data_anomalies_detected", "data": {"symbol": "ARIA_USDT", "timestamp": 1762076666.309999, "anomalies": ["stale_timestamp: 1762076666.309999 vs 1764665473.371311"], "data_sample": {"price": 0.16763, "volume": 9.0}}}
{"timestamp": "2025-12-02T08:51:13.390332+00:00", "level": "WARNING", "module": "logger", "funcName": "_log", "lineno": 188, "event_type": "streaming_indicator_engine.data_anomalies_detected", "data": {"symbol": "ARIA_USDT", "timestamp": 1762076672.308999, "anomalies": ["stale_timestamp: 1762076672.308999 vs 1764665473.3903325"], "data_sample": {"price": 0.16762, "volume": 9.0}}}
{"timestamp": "2025-12-02T08:51:13.405489+00:00", "level": "WARNING", "module": "logger", "funcName": "_log", "lineno": 188, "event_type": "streaming_indicator_engine.data_anomalies_detected", "data": {"symbol": "ARIA_USDT", "timestamp": 1762076685.309999, "anomalies": ["stale_timestamp: 1762076685.309999 vs 1764665473.4054897"], "data_sample": {"price": 0.16732, "volume": 9.0}}}
{"timestamp": "2025-12-02T08:51:13.421629+00:00", "level": "WARNING", "module": "logger", "funcName": "_log", "lineno": 188, "event_type": "streaming_indicator_engine.data_anomalies_detected", "data": {"symbol": "ARIA_USDT", "timestamp": 1762076699.311, "anomalies": ["stale_timestamp: 1762076699.311 vs 1764665473.4216292"], "data_sample": {"price": 0.16737, "volume": 11.0}}}
{"timestamp": "2025-12-02T08:51:13.437029+00:00", "level": "WARNING", "module": "logger", "funcName": "_log", "lineno": 188, "event_type": "streaming_indicator_engine.data_anomalies_detected", "data": {"symbol": "ARIA_USDT", "timestamp": 1762076713.309999, "anomalies": ["stale_timestamp: 1762076713.309999 vs 1764665473.4370291"], "data_sample": {"price": 0.16735, "volume": 4.0}}}
{"timestamp": "2025-12-02T08:51:13.453067+00:00", "level": "WARNING", "module": "logger", "funcName": "_log", "lineno": 188, "event_type": "streaming_indicator_engine.data_anomalies_detected", "data": {"symbol": "ARIA_USDT", "timestamp": 1762076728.311, "anomalies": ["stale_timestamp: 1762076728.311 vs 1764665473.4530673"], "data_sample": {"price": 0.16739, "volume": 9.0}}}
{"timestamp": "2025-12-02T08:51:13.468141+00:00", "level": "WARNING", "module": "logger", "funcName": "_log", "lineno": 188, "event_type": "streaming_indicator_engine.data_anomalies_detected", "data": {"symbol": "ARIA_USDT", "timestamp": 1762076734.308999, "anomalies": ["stale_timestamp: 1762076734.308999 vs 1764665473.4681416"], "data_sample": {"price": 0.16744, "volume": 9.0}}}
{"timestamp": "2025-12-02T08:51:13.483957+00:00", "level": "WARNING", "module": "logger", "funcName": "_log", "lineno": 188, "event_type": "streaming_indicator_engine.data_anomalies_detected", "data": {"symbol": "ARIA_USDT", "timestamp": 1762076750.309999, "anomalies": ["stale_timestamp: 1762076750.309999 vs 1764665473.4839573"], "data_sample": {"price": 0.16747, "volume": 10.0}}}
{"timestamp": "2025-12-02T08:51:13.498993+00:00", "level": "WARNING", "module": "logger", "funcName": "_log", "lineno": 188, "event_type": "streaming_indicator_engine.data_anomalies_detected", "data": {"symbol": "ARIA_USDT", "timestamp": 1762076759.311, "anomalies": ["stale_timestamp: 1762076759.311 vs 1764665473.4989939"], "data_sample": {"price": 0.16746, "volume": 10.0}}}
{"timestamp": "2025-12-02T08:51:13.515158+00:00", "level": "WARNING", "module": "logger", "funcName": "_log", "lineno": 188, "event_type": "streaming_indicator_engine.data_anomalies_detected", "data": {"symbol": "ARIA_USDT", "timestamp": 1762076767.309999, "anomalies": ["stale_timestamp: 1762076767.309999 vs 1764665473.515159"], "data_sample": {"price": 0.16742, "volume": 8.0}}}
{"timestamp": "2025-12-02T08:51:13.529352+00:00", "level": "WARNING", "module": "logger", "funcName": "_log", "lineno": 188, "event_type": "streaming_indicator_engine.data_anomalies_detected", "data": {"symbol": "ARIA_USDT", "timestamp": 1762076783.312, "anomalies": ["stale_timestamp: 1762076783.312 vs 1764665473.529352"], "data_sample": {"price": 0.16745, "volume": 8.0}}}
{"timestamp": "2025-12-02T08:51:13.544939+00:00", "level": "WARNING", "module": "logger", "funcName": "_log", "lineno": 188, "event_type": "streaming_indicator_engine.data_anomalies_detected", "data": {"symbol": "ARIA_USDT", "timestamp": 1762076789.309999, "anomalies": ["stale_timestamp: 1762076789.309999 vs 1764665473.5449398"], "data_sample": {"price": 0.16755, "volume": 9.0}}}
{"timestamp": "2025-12-02T08:51:13.560236+00:00", "level": "WARNING", "module": "logger", "funcName": "_log", "lineno": 188, "event_type": "streaming_indicator_engine.data_anomalies_detected", "data": {"symbol": "ARIA_USDT", "timestamp": 1762076803.311, "anomalies": ["stale_timestamp: 1762076803.311 vs 1764665473.560236"], "data_sample": {"price": 0.16758, "volume": 10.0}}}
{"timestamp": "2025-12-02T08:51:13.575416+00:00", "level": "WARNING", "module": "logger", "funcName": "_log", "lineno": 188, "event_type": "streaming_indicator_engine.data_anomalies_detected", "data": {"symbol": "ARIA_USDT", "timestamp": 1762076816.308999, "anomalies": ["stale_timestamp: 1762076816.308999 vs 1764665473.5754166"], "data_sample": {"price": 0.16762, "volume": 9.0}}}
{"timestamp": "2025-12-02T08:51:13.590978+00:00", "level": "WARNING", "module": "logger", "funcName": "_log", "lineno": 188, "event_type": "streaming_indicator_engine.data_anomalies_detected", "data": {"symbol": "ARIA_USDT", "timestamp": 1762076825.312999, "anomalies": ["stale_timestamp: 1762076825.312999 vs 1764665473.5909784"], "data_sample": {"price": 0.16751, "volume": 10.0}}}
{"timestamp": "2025-12-02T08:51:13.605747+00:00", "level": "WARNING", "module": "logger", "funcName": "_log", "lineno": 188, "event_type": "streaming_indicator_engine.data_anomalies_detected", "data": {"symbol": "ARIA_USDT", "timestamp": 1762076831.316999, "anomalies": ["stale_timestamp: 1762076831.316999 vs 1764665473.6057477"], "data_sample": {"price": 0.1674, "volume": 6.0}}}
{"timestamp": "2025-12-02T08:51:13.607748+00:00", "level": "INFO", "module": "logger", "funcName": "_log", "lineno": 188, "event_type": "strategy_manager.indicator_update_received", "data": {"symbol": "ARIA_USDT", "indicator_name": "611fad91-045d-408b-8822-f43428935033_20", "indicator_type": "", "value": 0.0011333974547087784, "active_strategies_for_symbol": true, "active_count": 3}}
{"timestamp": "2025-12-02T08:51:13.607748+00:00", "level": "WARNING", "module": "logger", "funcName": "_log", "lineno": 188, "event_type": "streaming_indicator_engine.data_anomalies_detected", "data": {"symbol": "ARIA_USDT", "timestamp": 1762076839.311, "anomalies": ["stale_timestamp: 1762076839.311 vs 1764665473.6077485"], "data_sample": {"price": 0.16741, "volume": 8.0}}}
{"timestamp": "2025-12-02T08:51:13.609253+00:00", "level": "WARNING", "module": "logger", "funcName": "_log", "lineno": 188, "event_type": "streaming_indicator_engine.data_anomalies_detected", "data": {"symbol": "ARIA_USDT", "timestamp": 1762076846.312, "anomalies": ["stale_timestamp: 1762076846.312 vs 1764665473.6092536"], "data_sample": {"price": 0.1674, "volume": 6.0}}}
{"timestamp": "2025-12-02T08:51:13.609253+00:00", "level": "WARNING", "module": "logger", "funcName": "_log", "lineno": 188, "event_type": "streaming_indicator_engine.data_anomalies_detected", "data": {"symbol": "ARIA_USDT", "timestamp": 1762076859.309999, "anomalies": ["stale_timestamp: 1762076859.309999 vs 1764665473.6092536"], "data_sample": {"price": 0.16723, "volume": 5.0}}}
{"timestamp": "2025-12-02T08:51:13.609253+00:00", "level": "WARNING", "module": "logger", "funcName": "_log", "lineno": 188, "event_type": "streaming_indicator_engine.data_anomalies_detected", "data": {"symbol": "ARIA_USDT", "timestamp": 1762076870.309999, "anomalies": ["stale_timestamp: 1762076870.309999 vs 1764665473.6092536"], "data_sample": {"price": 0.16724, "volume": 9.0}}}
{"timestamp": "2025-12-02T08:51:13.610259+00:00", "level": "WARNING", "module": "logger", "funcName": "_log", "lineno": 188, "event_type": "streaming_indicator_engine.data_anomalies_detected", "data": {"symbol": "ARIA_USDT", "timestamp": 1762076878.309999, "anomalies": ["stale_timestamp: 1762076878.309999 vs 1764665473.6102598"], "data_sample": {"price": 0.16731, "volume": 4.0}}}
{"timestamp": "2025-12-02T08:51:13.610259+00:00", "level": "INFO", "module": "logger", "funcName": "_log", "lineno": 188, "event_type": "strategy_manager.indicator_update_received", "data": {"symbol": "ARIA_USDT", "indicator_name": "611fad91-045d-408b-8822-f43428935033_20", "indicator_type": "", "value": 0.0011333974547087784, "active_strategies_for_symbol": true, "active_count": 3}}
{"timestamp": "2025-12-02T08:51:13.610259+00:00", "level": "WARNING", "module": "logger", "funcName": "_log", "lineno": 188, "event_type": "streaming_indicator_engine.data_anomalies_detected", "data": {"symbol": "ARIA_USDT", "timestamp": 1762076892.311, "anomalies": ["stale_timestamp: 1762076892.311 vs 1764665473.6102598"], "data_sample": {"price": 0.16728, "volume": 9.0}}}
{"timestamp": "2025-12-02T08:51:13.611265+00:00", "level": "WARNING", "module": "logger", "funcName": "_log", "lineno": 188, "event_type": "streaming_indicator_engine.data_anomalies_detected", "data": {"symbol": "ARIA_USDT", "timestamp": 1762076900.309999, "anomalies": ["stale_timestamp: 1762076900.309999 vs 1764665473.6112652"], "data_sample": {"price": 0.16731, "volume": 7.0}}}
{"timestamp": "2025-12-02T08:51:13.612266+00:00", "level": "WARNING", "module": "logger", "funcName": "_log", "lineno": 188, "event_type": "streaming_indicator_engine.data_anomalies_detected", "data": {"symbol": "ARIA_USDT", "timestamp": 1762076915.308999, "anomalies": ["stale_timestamp: 1762076915.308999 vs 1764665473.6112652"], "data_sample": {"price": 0.16729, "volume": 4.0}}}
{"timestamp": "2025-12-02T08:51:13.612266+00:00", "level": "WARNING", "module": "logger", "funcName": "_log", "lineno": 188, "event_type": "streaming_indicator_engine.data_anomalies_detected", "data": {"symbol": "ARIA_USDT", "timestamp": 1762076929.309999, "anomalies": ["stale_timestamp: 1762076929.309999 vs 1764665473.6122668"], "data_sample": {"price": 0.16725, "volume": 11.0}}}
{"timestamp": "2025-12-02T08:51:13.612266+00:00", "level": "WARNING", "module": "logger", "funcName": "_log", "lineno": 188, "event_type": "streaming_indicator_engine.data_anomalies_detected", "data": {"symbol": "ARIA_USDT", "timestamp": 1762076940.312999, "anomalies": ["stale_timestamp: 1762076940.312999 vs 1764665473.6122668"], "data_sample": {"price": 0.16733, "volume": 8.0}}}
{"timestamp": "2025-12-02T08:51:13.613266+00:00", "level": "WARNING", "module": "logger", "funcName": "_log", "lineno": 188, "event_type": "streaming_indicator_engine.data_anomalies_detected", "data": {"symbol": "ARIA_USDT", "timestamp": 1762076949.324999, "anomalies": ["stale_timestamp: 1762076949.324999 vs 1764665473.6132667"], "data_sample": {"price": 0.1673, "volume": 8.0}}}
{"timestamp": "2025-12-02T08:51:13.635682+00:00", "level": "WARNING", "module": "logger", "funcName": "_log", "lineno": 188, "event_type": "streaming_indicator_engine.data_anomalies_detected", "data": {"symbol": "ARIA_USDT", "timestamp": 1762076965.316, "anomalies": ["stale_timestamp: 1762076965.316 vs 1764665473.6356828"], "data_sample": {"price": 0.16729, "volume": 4.0}}}
{"timestamp": "2025-12-02T08:51:13.651164+00:00", "level": "WARNING", "module": "logger", "funcName": "_log", "lineno": 188, "event_type": "streaming_indicator_engine.data_anomalies_detected", "data": {"symbol": "ARIA_USDT", "timestamp": 1762076978.312, "anomalies": ["stale_timestamp: 1762076978.312 vs 1764665473.6511648"], "data_sample": {"price": 0.1673, "volume": 9.0}}}
{"timestamp": "2025-12-02T08:51:13.665804+00:00", "level": "WARNING", "module": "logger", "funcName": "_log", "lineno": 188, "event_type": "streaming_indicator_engine.data_anomalies_detected", "data": {"symbol": "ARIA_USDT", "timestamp": 1762076990.315, "anomalies": ["stale_timestamp: 1762076990.315 vs 1764665473.6658049"], "data_sample": {"price": 0.16733, "volume": 10.0}}}
{"timestamp": "2025-12-02T08:51:13.682113+00:00", "level": "WARNING", "module": "logger", "funcName": "_log", "lineno": 188, "event_type": "streaming_indicator_engine.data_anomalies_detected", "data": {"symbol": "ARIA_USDT", "timestamp": 1762076997.315, "anomalies": ["stale_timestamp: 1762076997.315 vs 1764665473.6811757"], "data_sample": {"price": 0.16726, "volume": 12.0}}}
{"timestamp": "2025-12-02T08:51:13.696524+00:00", "level": "WARNING", "module": "logger", "funcName": "_log", "lineno": 188, "event_type": "streaming_indicator_engine.data_anomalies_detected", "data": {"symbol": "ARIA_USDT", "timestamp": 1762077007.309999, "anomalies": ["stale_timestamp: 1762077007.309999 vs 1764665473.6965249"], "data_sample": {"price": 0.16719, "volume": 4.0}}}
{"timestamp": "2025-12-02T08:51:13.711722+00:00", "level": "WARNING", "module": "logger", "funcName": "_log", "lineno": 188, "event_type": "streaming_indicator_engine.data_anomalies_detected", "data": {"symbol": "ARIA_USDT", "timestamp": 1762077018.309999, "anomalies": ["stale_timestamp: 1762077018.309999 vs 1764665473.7117221"], "data_sample": {"price": 0.16722, "volume": 8.0}}}
{"timestamp": "2025-12-02T08:51:13.726666+00:00", "level": "WARNING", "module": "logger", "funcName": "_log", "lineno": 188, "event_type": "streaming_indicator_engine.data_anomalies_detected", "data": {"symbol": "ARIA_USDT", "timestamp": 1762077025.309999, "anomalies": ["stale_timestamp: 1762077025.309999 vs 1764665473.726666"], "data_sample": {"price": 0.16726, "volume": 5.0}}}
{"timestamp": "2025-12-02T08:51:13.741605+00:00", "level": "WARNING", "module": "logger", "funcName": "_log", "lineno": 188, "event_type": "streaming_indicator_engine.data_anomalies_detected", "data": {"symbol": "ARIA_USDT", "timestamp": 1762077033.311, "anomalies": ["stale_timestamp: 1762077033.311 vs 1764665473.741605"], "data_sample": {"price": 0.16725, "volume": 4.0}}}
{"timestamp": "2025-12-02T08:51:13.757940+00:00", "level": "WARNING", "module": "logger", "funcName": "_log", "lineno": 188, "event_type": "streaming_indicator_engine.data_anomalies_detected", "data": {"symbol": "ARIA_USDT", "timestamp": 1762077042.309999, "anomalies": ["stale_timestamp: 1762077042.309999 vs 1764665473.7579403"], "data_sample": {"price": 0.16724, "volume": 4.0}}}
{"timestamp": "2025-12-02T08:51:13.772831+00:00", "level": "WARNING", "module": "logger", "funcName": "_log", "lineno": 188, "event_type": "streaming_indicator_engine.data_anomalies_detected", "data": {"symbol": "ARIA_USDT", "timestamp": 1762077051.309999, "anomalies": ["stale_timestamp: 1762077051.309999 vs 1764665473.772831"], "data_sample": {"price": 0.16725, "volume": 4.0}}}
{"timestamp": "2025-12-02T08:51:13.790320+00:00", "level": "WARNING", "module": "logger", "funcName": "_log", "lineno": 188, "event_type": "streaming_indicator_engine.data_anomalies_detected", "data": {"symbol": "ARIA_USDT", "timestamp": 1762077057.312999, "anomalies": ["stale_timestamp: 1762077057.312999 vs 1764665473.7896156"], "data_sample": {"price": 0.16726, "volume": 3.0}}}
{"timestamp": "2025-12-02T08:51:13.805009+00:00", "level": "WARNING", "module": "logger", "funcName": "_log", "lineno": 188, "event_type": "streaming_indicator_engine.data_anomalies_detected", "data": {"symbol": "ARIA_USDT", "timestamp": 1762077067.316999, "anomalies": ["stale_timestamp: 1762077067.316999 vs 1764665473.8050094"], "data_sample": {"price": 0.16725, "volume": 8.0}}}
{"timestamp": "2025-12-02T08:51:13.820218+00:00", "level": "WARNING", "module": "logger", "funcName": "_log", "lineno": 188, "event_type": "streaming_indicator_engine.data_anomalies_detected", "data": {"symbol": "ARIA_USDT", "timestamp": 1762077081.308, "anomalies": ["stale_timestamp: 1762077081.308 vs 1764665473.820218"], "data_sample": {"price": 0.16714, "volume": 6.0}}}
{"timestamp": "2025-12-02T08:51:13.835624+00:00", "level": "WARNING", "module": "logger", "funcName": "_log", "lineno": 188, "event_type": "streaming_indicator_engine.data_anomalies_detected", "data": {"symbol": "ARIA_USDT", "timestamp": 1762077089.311, "anomalies": ["stale_timestamp: 1762077089.311 vs 1764665473.8356245"], "data_sample": {"price": 0.16711, "volume": 4.0}}}
{"timestamp": "2025-12-02T08:51:13.851753+00:00", "level": "WARNING", "module": "logger", "funcName": "_log", "lineno": 188, "event_type": "streaming_indicator_engine.data_anomalies_detected", "data": {"symbol": "ARIA_USDT", "timestamp": 1762077098.311, "anomalies": ["stale_timestamp: 1762077098.311 vs 1764665473.8517535"], "data_sample": {"price": 0.16702, "volume": 4.0}}}
{"timestamp": "2025-12-02T08:51:13.856848+00:00", "level": "INFO", "module": "logger", "funcName": "_log", "lineno": 188, "event_type": "strategy_manager.indicator_update_received", "data": {"symbol": "ARIA_USDT", "indicator_name": "5fc82998-9270-4b44-8312-f74ddd20a93d_20", "indicator_type": "", "value": 23.927037743111224, "active_strategies_for_symbol": true, "active_count": 3}}
{"timestamp": "2025-12-02T08:51:13.857742+00:00", "level": "WARNING", "module": "logger", "funcName": "_log", "lineno": 188, "event_type": "streaming_indicator_engine.data_anomalies_detected", "data": {"symbol": "ARIA_USDT", "timestamp": 1762077107.335, "anomalies": ["stale_timestamp: 1762077107.335 vs 1764665473.8577428"], "data_sample": {"price": 0.167, "volume": 26.0}}}
{"timestamp": "2025-12-02T08:51:13.857742+00:00", "level": "WARNING", "module": "logger", "funcName": "_log", "lineno": 188, "event_type": "streaming_indicator_engine.data_anomalies_detected", "data": {"symbol": "ARIA_USDT", "timestamp": 1762077121.309999, "anomalies": ["stale_timestamp: 1762077121.309999 vs 1764665473.8577428"], "data_sample": {"price": 0.16704, "volume": 8.0}}}
{"timestamp": "2025-12-02T08:51:13.859255+00:00", "level": "WARNING", "module": "logger", "funcName": "_log", "lineno": 188, "event_type": "streaming_indicator_engine.data_anomalies_detected", "data": {"symbol": "ARIA_USDT", "timestamp": 1762077123.420999, "anomalies": ["stale_timestamp: 1762077123.420999 vs 1764665473.8592558"], "data_sample": {"price": 0.167, "volume": 59.0}}}
{"timestamp": "2025-12-02T08:51:13.860266+00:00", "level": "WARNING", "module": "logger", "funcName": "_log", "lineno": 188, "event_type": "streaming_indicator_engine.data_anomalies_detected", "data": {"symbol": "ARIA_USDT", "timestamp": 1762077139.311, "anomalies": ["stale_timestamp: 1762077139.311 vs 1764665473.8602662"], "data_sample": {"price": 0.16703, "volume": 5.0}}}
{"timestamp": "2025-12-02T08:51:13.860266+00:00", "level": "WARNING", "module": "logger", "funcName": "_log", "lineno": 188, "event_type": "streaming_indicator_engine.data_anomalies_detected", "data": {"symbol": "ARIA_USDT", "timestamp": 1762077152.308999, "anomalies": ["stale_timestamp: 1762077152.308999 vs 1764665473.8602662"], "data_sample": {"price": 0.16708, "volume": 9.0}}}
{"timestamp": "2025-12-02T08:51:13.861356+00:00", "level": "WARNING", "module": "logger", "funcName": "_log", "lineno": 188, "event_type": "streaming_indicator_engine.data_anomalies_detected", "data": {"symbol": "ARIA_USDT", "timestamp": 1762077163.309999, "anomalies": ["stale_timestamp: 1762077163.309999 vs 1764665473.8613565"], "data_sample": {"price": 0.16713, "volume": 11.0}}}
{"timestamp": "2025-12-02T08:51:13.861356+00:00", "level": "INFO", "module": "logger", "funcName": "_log", "lineno": 188, "event_type": "strategy_manager.indicator_update_received", "data": {"symbol": "ARIA_USDT", "indicator_name": "5fc82998-9270-4b44-8312-f74ddd20a93d_20", "indicator_type": "", "value": 23.927037743111224, "active_strategies_for_symbol": true, "active_count": 3}}
{"timestamp": "2025-12-02T08:51:13.862314+00:00", "level": "WARNING", "module": "logger", "funcName": "_log", "lineno": 188, "event_type": "streaming_indicator_engine.data_anomalies_detected", "data": {"symbol": "ARIA_USDT", "timestamp": 1762077172.309999, "anomalies": ["stale_timestamp: 1762077172.309999 vs 1764665473.8623147"], "data_sample": {"price": 0.16706, "volume": 12.0}}}
{"timestamp": "2025-12-02T08:51:13.862314+00:00", "level": "WARNING", "module": "logger", "funcName": "_log", "lineno": 188, "event_type": "streaming_indicator_engine.data_anomalies_detected", "data": {"symbol": "ARIA_USDT", "timestamp": 1762077187.312999, "anomalies": ["stale_timestamp: 1762077187.312999 vs 1764665473.8623147"], "data_sample": {"price": 0.16705, "volume": 4.0}}}
{"timestamp": "2025-12-02T08:51:13.863275+00:00", "level": "WARNING", "module": "logger", "funcName": "_log", "lineno": 188, "event_type": "streaming_indicator_engine.data_anomalies_detected", "data": {"symbol": "ARIA_USDT", "timestamp": 1762077203.309999, "anomalies": ["stale_timestamp: 1762077203.309999 vs 1764665473.8632755"], "data_sample": {"price": 0.16703, "volume": 6.0}}}
{"timestamp": "2025-12-02T08:51:13.864620+00:00", "level": "WARNING", "module": "logger", "funcName": "_log", "lineno": 188, "event_type": "streaming_indicator_engine.data_anomalies_detected", "data": {"symbol": "ARIA_USDT", "timestamp": 1762077211.312, "anomalies": ["stale_timestamp: 1762077211.312 vs 1764665473.8646202"], "data_sample": {"price": 0.16707, "volume": 9.0}}}
{"timestamp": "2025-12-02T08:51:13.864620+00:00", "level": "WARNING", "module": "logger", "funcName": "_log", "lineno": 188, "event_type": "streaming_indicator_engine.data_anomalies_detected", "data": {"symbol": "ARIA_USDT", "timestamp": 1762077227.312999, "anomalies": ["stale_timestamp: 1762077227.312999 vs 1764665473.8646202"], "data_sample": {"price": 0.16704, "volume": 4.0}}}
{"timestamp": "2025-12-02T08:51:13.865894+00:00", "level": "WARNING", "module": "logger", "funcName": "_log", "lineno": 188, "event_type": "streaming_indicator_engine.data_anomalies_detected", "data": {"symbol": "ARIA_USDT", "timestamp": 1762077234.308999, "anomalies": ["stale_timestamp: 1762077234.308999 vs 1764665473.8658946"], "data_sample": {"price": 0.16708, "volume": 8.0}}}
{"timestamp": "2025-12-02T08:51:13.866882+00:00", "level": "WARNING", "module": "logger", "funcName": "_log", "lineno": 188, "event_type": "streaming_indicator_engine.data_anomalies_detected", "data": {"symbol": "ARIA_USDT", "timestamp": 1762077247.312999, "anomalies": ["stale_timestamp: 1762077247.312999 vs 1764665473.8658946"], "data_sample": {"price": 0.16705, "volume": 7.0}}}
{"timestamp": "2025-12-02T08:51:13.882292+00:00", "level": "WARNING", "module": "logger", "funcName": "_log", "lineno": 188, "event_type": "streaming_indicator_engine.data_anomalies_detected", "data": {"symbol": "ARIA_USDT", "timestamp": 1762077263.309999, "anomalies": ["stale_timestamp: 1762077263.309999 vs 1764665473.8822925"], "data_sample": {"price": 0.16704, "volume": 7.0}}}
{"timestamp": "2025-12-02T08:51:13.898321+00:00", "level": "WARNING", "module": "logger", "funcName": "_log", "lineno": 188, "event_type": "streaming_indicator_engine.data_anomalies_detected", "data": {"symbol": "ARIA_USDT", "timestamp": 1762077274.309999, "anomalies": ["stale_timestamp: 1762077274.309999 vs 1764665473.8973172"], "data_sample": {"price": 0.16709, "volume": 4.0}}}
{"timestamp": "2025-12-02T08:51:13.914339+00:00", "level": "WARNING", "module": "logger", "funcName": "_log", "lineno": 188, "event_type": "streaming_indicator_engine.data_anomalies_detected", "data": {"symbol": "ARIA_USDT", "timestamp": 1762077281.311, "anomalies": ["stale_timestamp: 1762077281.311 vs 1764665473.9133222"], "data_sample": {"price": 0.16713, "volume": 12.0}}}
{"timestamp": "2025-12-02T08:51:13.928004+00:00", "level": "WARNING", "module": "logger", "funcName": "_log", "lineno": 188, "event_type": "streaming_indicator_engine.data_anomalies_detected", "data": {"symbol": "ARIA_USDT", "timestamp": 1762077290.312, "anomalies": ["stale_timestamp: 1762077290.312 vs 1764665473.9280045"], "data_sample": {"price": 0.16709, "volume": 8.0}}}
{"timestamp": "2025-12-02T08:51:13.943486+00:00", "level": "WARNING", "module": "logger", "funcName": "_log", "lineno": 188, "event_type": "streaming_indicator_engine.data_anomalies_detected", "data": {"symbol": "ARIA_USDT", "timestamp": 1762077299.312, "anomalies": ["stale_timestamp: 1762077299.312 vs 1764665473.9434865"], "data_sample": {"price": 0.16706, "volume": 8.0}}}
{"timestamp": "2025-12-02T08:51:13.959609+00:00", "level": "WARNING", "module": "logger", "funcName": "_log", "lineno": 188, "event_type": "streaming_indicator_engine.data_anomalies_detected", "data": {"symbol": "ARIA_USDT", "timestamp": 1762077309.309999, "anomalies": ["stale_timestamp: 1762077309.309999 vs 1764665473.9596097"], "data_sample": {"price": 0.16705, "volume": 6.0}}}
{"timestamp": "2025-12-02T08:51:13.973933+00:00", "level": "WARNING", "module": "logger", "funcName": "_log", "lineno": 188, "event_type": "streaming_indicator_engine.data_anomalies_detected", "data": {"symbol": "ARIA_USDT", "timestamp": 1762077318.312, "anomalies": ["stale_timestamp: 1762077318.312 vs 1764665473.9739332"], "data_sample": {"price": 0.16706, "volume": 9.0}}}
{"timestamp": "2025-12-02T08:51:13.989227+00:00", "level": "WARNING", "module": "logger", "funcName": "_log", "lineno": 188, "event_type": "streaming_indicator_engine.data_anomalies_detected", "data": {"symbol": "ARIA_USDT", "timestamp": 1762077324.309999, "anomalies": ["stale_timestamp: 1762077324.309999 vs 1764665473.9892275"], "data_sample": {"price": 0.1671, "volume": 5.0}}}
{"timestamp": "2025-12-02T08:51:14.004426+00:00", "level": "WARNING", "module": "logger", "funcName": "_log", "lineno": 188, "event_type": "streaming_indicator_engine.data_anomalies_detected", "data": {"symbol": "ARIA_USDT", "timestamp": 1762077335.309999, "anomalies": ["stale_timestamp: 1762077335.309999 vs 1764665474.0044267"], "data_sample": {"price": 0.16709, "volume": 4.0}}}
{"timestamp": "2025-12-02T08:51:14.020092+00:00", "level": "WARNING", "module": "logger", "funcName": "_log", "lineno": 188, "event_type": "streaming_indicator_engine.data_anomalies_detected", "data": {"symbol": "ARIA_USDT", "timestamp": 1762077351.309999, "anomalies": ["stale_timestamp: 1762077351.309999 vs 1764665474.0200925"], "data_sample": {"price": 0.1671, "volume": 3.0}}}
{"timestamp": "2025-12-02T08:51:14.035604+00:00", "level": "WARNING", "module": "logger", "funcName": "_log", "lineno": 188, "event_type": "streaming_indicator_engine.data_anomalies_detected", "data": {"symbol": "ARIA_USDT", "timestamp": 1762077362.309999, "anomalies": ["stale_timestamp: 1762077362.309999 vs 1764665474.0356047"], "data_sample": {"price": 0.16716, "volume": 5.0}}}
{"timestamp": "2025-12-02T08:51:14.051443+00:00", "level": "WARNING", "module": "logger", "funcName": "_log", "lineno": 188, "event_type": "streaming_indicator_engine.data_anomalies_detected", "data": {"symbol": "ARIA_USDT", "timestamp": 1762077376.309999, "anomalies": ["stale_timestamp: 1762077376.309999 vs 1764665474.0514433"], "data_sample": {"price": 0.16724, "volume": 11.0}}}
{"timestamp": "2025-12-02T08:51:14.066394+00:00", "level": "WARNING", "module": "logger", "funcName": "_log", "lineno": 188, "event_type": "streaming_indicator_engine.data_anomalies_detected", "data": {"symbol": "ARIA_USDT", "timestamp": 1762077387.309999, "anomalies": ["stale_timestamp: 1762077387.309999 vs 1764665474.066394"], "data_sample": {"price": 0.16726, "volume": 11.0}}}
{"timestamp": "2025-12-02T08:51:14.067489+00:00", "level": "WARNING", "module": "logger", "funcName": "_log", "lineno": 188, "event_type": "streaming_indicator_engine.data_anomalies_detected", "data": {"symbol": "ARIA_USDT", "timestamp": 1762077395.309999, "anomalies": ["stale_timestamp: 1762077395.309999 vs 1764665474.0674894"], "data_sample": {"price": 0.16728, "volume": 3.0}}}
{"timestamp": "2025-12-02T08:51:14.082532+00:00", "level": "WARNING", "module": "logger", "funcName": "_log", "lineno": 188, "event_type": "streaming_indicator_engine.data_anomalies_detected", "data": {"symbol": "ARIA_USDT", "timestamp": 1762077402.309999, "anomalies": ["stale_timestamp: 1762077402.309999 vs 1764665474.0825322"], "data_sample": {"price": 0.1673, "volume": 10.0}}}
{"timestamp": "2025-12-02T08:51:14.099575+00:00", "level": "WARNING", "module": "logger", "funcName": "_log", "lineno": 188, "event_type": "streaming_indicator_engine.data_anomalies_detected", "data": {"symbol": "ARIA_USDT", "timestamp": 1762077412.311, "anomalies": ["stale_timestamp: 1762077412.311 vs 1764665474.0990696"], "data_sample": {"price": 0.16729, "volume": 7.0}}}
{"timestamp": "2025-12-02T08:51:14.113230+00:00", "level": "WARNING", "module": "logger", "funcName": "_log", "lineno": 188, "event_type": "streaming_indicator_engine.data_anomalies_detected", "data": {"symbol": "ARIA_USDT", "timestamp": 1762077421.309999, "anomalies": ["stale_timestamp: 1762077421.309999 vs 1764665474.113231"], "data_sample": {"price": 0.16727, "volume": 4.0}}}
{"timestamp": "2025-12-02T08:51:14.117206+00:00", "level": "INFO", "module": "logger", "funcName": "_log", "lineno": 188, "event_type": "strategy_manager.indicator_update_received", "data": {"symbol": "ARIA_USDT", "indicator_name": "11b8be00-eed3-48fe-b359-df47b297226c_20", "indicator_type": "", "value": 0.0013506874143189638, "active_strategies_for_symbol": true, "active_count": 3}}
{"timestamp": "2025-12-02T08:51:14.118203+00:00", "level": "INFO", "module": "logger", "funcName": "_log", "lineno": 188, "event_type": "strategy_manager.indicator_update_received", "data": {"symbol": "ARIA_USDT", "indicator_name": "11b8be00-eed3-48fe-b359-df47b297226c_20", "indicator_type": "", "value": 0.0013506874143189638, "active_strategies_for_symbol": true, "active_count": 3}}
{"timestamp": "2025-12-02T08:51:14.121259+00:00", "level": "WARNING", "module": "logger", "funcName": "_log", "lineno": 188, "event_type": "streaming_indicator_engine.data_anomalies_detected", "data": {"symbol": "ARIA_USDT", "timestamp": 1762076372.312999, "anomalies": ["stale_timestamp: 1762076372.312999 vs 1764665474.1212592"], "data_sample": {"price": 0.1671, "volume": 3.0}}}
{"timestamp": "2025-12-02T08:51:14.144380+00:00", "level": "WARNING", "module": "logger", "funcName": "_log", "lineno": 188, "event_type": "streaming_indicator_engine.data_anomalies_detected", "data": {"symbol": "ARIA_USDT", "timestamp": 1762076381.309999, "anomalies": ["stale_timestamp: 1762076381.309999 vs 1764665474.1443803"], "data_sample": {"price": 0.16715, "volume": 8.0}}}
{"timestamp": "2025-12-02T08:51:14.159808+00:00", "level": "WARNING", "module": "logger", "funcName": "_log", "lineno": 188, "event_type": "streaming_indicator_engine.data_anomalies_detected", "data": {"symbol": "ARIA_USDT", "timestamp": 1762076388.311, "anomalies": ["stale_timestamp: 1762076388.311 vs 1764665474.1598084"], "data_sample": {"price": 0.16714, "volume": 9.0}}}
{"timestamp": "2025-12-02T08:51:14.175280+00:00", "level": "WARNING", "module": "logger", "funcName": "_log", "lineno": 188, "event_type": "streaming_indicator_engine.data_anomalies_detected", "data": {"symbol": "ARIA_USDT", "timestamp": 1762076401.309999, "anomalies": ["stale_timestamp: 1762076401.309999 vs 1764665474.1752803"], "data_sample": {"price": 0.16717, "volume": 7.0}}}
{"timestamp": "2025-12-02T08:51:14.191280+00:00", "level": "WARNING", "module": "logger", "funcName": "_log", "lineno": 188, "event_type": "streaming_indicator_engine.data_anomalies_detected", "data": {"symbol": "ARIA_USDT", "timestamp": 1762076408.312, "anomalies": ["stale_timestamp: 1762076408.312 vs 1764665474.1912801"], "data_sample": {"price": 0.16713, "volume": 3.0}}}
{"timestamp": "2025-12-02T08:51:14.206457+00:00", "level": "WARNING", "module": "logger", "funcName": "_log", "lineno": 188, "event_type": "streaming_indicator_engine.data_anomalies_detected", "data": {"symbol": "ARIA_USDT", "timestamp": 1762076417.311, "anomalies": ["stale_timestamp: 1762076417.311 vs 1764665474.2064576"], "data_sample": {"price": 0.16708, "volume": 3.0}}}
{"timestamp": "2025-12-02T08:51:14.222461+00:00", "level": "WARNING", "module": "logger", "funcName": "_log", "lineno": 188, "event_type": "streaming_indicator_engine.data_anomalies_detected", "data": {"symbol": "ARIA_USDT", "timestamp": 1762076427.308999, "anomalies": ["stale_timestamp: 1762076427.308999 vs 1764665474.2224612"], "data_sample": {"price": 0.16707, "volume": 12.0}}}
{"timestamp": "2025-12-02T08:51:14.237120+00:00", "level": "WARNING", "module": "logger", "funcName": "_log", "lineno": 188, "event_type": "streaming_indicator_engine.data_anomalies_detected", "data": {"symbol": "ARIA_USDT", "timestamp": 1762076435.309999, "anomalies": ["stale_timestamp: 1762076435.309999 vs 1764665474.23712"], "data_sample": {"price": 0.1671, "volume": 4.0}}}
{"timestamp": "2025-12-02T08:51:14.252463+00:00", "level": "WARNING", "module": "logger", "funcName": "_log", "lineno": 188, "event_type": "streaming_indicator_engine.data_anomalies_detected", "data": {"symbol": "ARIA_USDT", "timestamp": 1762076447.309999, "anomalies": ["stale_timestamp: 1762076447.309999 vs 1764665474.2524633"], "data_sample": {"price": 0.16708, "volume": 9.0}}}
{"timestamp": "2025-12-02T08:51:14.267840+00:00", "level": "WARNING", "module": "logger", "funcName": "_log", "lineno": 188, "event_type": "streaming_indicator_engine.data_anomalies_detected", "data": {"symbol": "ARIA_USDT", "timestamp": 1762076462.309999, "anomalies": ["stale_timestamp: 1762076462.309999 vs 1764665474.26784"], "data_sample": {"price": 0.16726, "volume": 10.0}}}
{"timestamp": "2025-12-02T08:51:14.283827+00:00", "level": "WARNING", "module": "logger", "funcName": "_log", "lineno": 188, "event_type": "streaming_indicator_engine.data_anomalies_detected", "data": {"symbol": "ARIA_USDT", "timestamp": 1762076476.308999, "anomalies": ["stale_timestamp: 1762076476.308999 vs 1764665474.2838273"], "data_sample": {"price": 0.16745, "volume": 9.0}}}
{"timestamp": "2025-12-02T08:51:14.300487+00:00", "level": "WARNING", "module": "logger", "funcName": "_log", "lineno": 188, "event_type": "streaming_indicator_engine.data_anomalies_detected", "data": {"symbol": "ARIA_USDT", "timestamp": 1762076490.311, "anomalies": ["stale_timestamp: 1762076490.311 vs 1764665474.3004875"], "data_sample": {"price": 0.16766, "volume": 7.0}}}
{"timestamp": "2025-12-02T08:51:14.316206+00:00", "level": "WARNING", "module": "logger", "funcName": "_log", "lineno": 188, "event_type": "streaming_indicator_engine.data_anomalies_detected", "data": {"symbol": "ARIA_USDT", "timestamp": 1762076501.311, "anomalies": ["stale_timestamp: 1762076501.311 vs 1764665474.315197"], "data_sample": {"price": 0.16763, "volume": 5.0}}}
{"timestamp": "2025-12-02T08:51:14.331314+00:00", "level": "WARNING", "module": "logger", "funcName": "_log", "lineno": 188, "event_type": "streaming_indicator_engine.data_anomalies_detected", "data": {"symbol": "ARIA_USDT", "timestamp": 1762076514.408999, "anomalies": ["stale_timestamp: 1762076514.408999 vs 1764665474.3313148"], "data_sample": {"price": 0.16766, "volume": 10.0}}}
{"timestamp": "2025-12-02T08:51:14.347171+00:00", "level": "WARNING", "module": "logger", "funcName": "_log", "lineno": 188, "event_type": "streaming_indicator_engine.data_anomalies_detected", "data": {"symbol": "ARIA_USDT", "timestamp": 1762076520.311, "anomalies": ["stale_timestamp: 1762076520.311 vs 1764665474.3471718"], "data_sample": {"price": 0.1677, "volume": 9.0}}}
{"timestamp": "2025-12-02T08:51:14.362267+00:00", "level": "WARNING", "module": "logger", "funcName": "_log", "lineno": 188, "event_type": "streaming_indicator_engine.data_anomalies_detected", "data": {"symbol": "ARIA_USDT", "timestamp": 1762076531.311, "anomalies": ["stale_timestamp: 1762076531.311 vs 1764665474.3622675"], "data_sample": {"price": 0.16778, "volume": 10.0}}}
{"timestamp": "2025-12-02T08:51:14.366256+00:00", "level": "INFO", "module": "logger", "funcName": "_log", "lineno": 188, "event_type": "strategy_manager.indicator_update_received", "data": {"symbol": "ARIA_USDT", "indicator_name": "790d8eed-dc95-43ff-b625-1205d256154b_20", "indicator_type": "", "value": 0.003054622087231512, "active_strategies_for_symbol": true, "active_count": 3}}
{"timestamp": "2025-12-02T08:51:14.367163+00:00", "level": "WARNING", "module": "logger", "funcName": "_log", "lineno": 188, "event_type": "streaming_indicator_engine.data_anomalies_detected", "data": {"symbol": "ARIA_USDT", "timestamp": 1762076537.311, "anomalies": ["stale_timestamp: 1762076537.311 vs 1764665474.3671632"], "data_sample": {"price": 0.16777, "volume": 10.0}}}
{"timestamp": "2025-12-02T08:51:14.367163+00:00", "level": "WARNING", "module": "logger", "funcName": "_log", "lineno": 188, "event_type": "streaming_indicator_engine.data_anomalies_detected", "data": {"symbol": "ARIA_USDT", "timestamp": 1762076543.312, "anomalies": ["stale_timestamp: 1762076543.312 vs 1764665474.3671632"], "data_sample": {"price": 0.16765, "volume": 8.0}}}
{"timestamp": "2025-12-02T08:51:14.368203+00:00", "level": "WARNING", "module": "logger", "funcName": "_log", "lineno": 188, "event_type": "streaming_indicator_engine.data_anomalies_detected", "data": {"symbol": "ARIA_USDT", "timestamp": 1762076551.311, "anomalies": ["stale_timestamp: 1762076551.311 vs 1764665474.3682034"], "data_sample": {"price": 0.16776, "volume": 7.0}}}
{"timestamp": "2025-12-02T08:51:14.369172+00:00", "level": "WARNING", "module": "logger", "funcName": "_log", "lineno": 188, "event_type": "streaming_indicator_engine.data_anomalies_detected", "data": {"symbol": "ARIA_USDT", "timestamp": 1762076567.313999, "anomalies": ["stale_timestamp: 1762076567.313999 vs 1764665474.3691723"], "data_sample": {"price": 0.16779, "volume": 4.0}}}
{"timestamp": "2025-12-02T08:51:14.369172+00:00", "level": "WARNING", "module": "logger", "funcName": "_log", "lineno": 188, "event_type": "streaming_indicator_engine.data_anomalies_detected", "data": {"symbol": "ARIA_USDT", "timestamp": 1762076582.312999, "anomalies": ["stale_timestamp: 1762076582.312999 vs 1764665474.3691723"], "data_sample": {"price": 0.16774, "volume": 4.0}}}
{"timestamp": "2025-12-02T08:51:14.369761+00:00", "level": "INFO", "module": "logger", "funcName": "_log", "lineno": 188, "event_type": "strategy_manager.indicator_update_received", "data": {"symbol": "ARIA_USDT", "indicator_name": "790d8eed-dc95-43ff-b625-1205d256154b_20", "indicator_type": "", "value": 0.003054622087231512, "active_strategies_for_symbol": true, "active_count": 3}}
{"timestamp": "2025-12-02T08:51:14.369761+00:00", "level": "WARNING", "module": "logger", "funcName": "_log", "lineno": 188, "event_type": "streaming_indicator_engine.data_anomalies_detected", "data": {"symbol": "ARIA_USDT", "timestamp": 1762076595.309999, "anomalies": ["stale_timestamp: 1762076595.309999 vs 1764665474.3697617"], "data_sample": {"price": 0.16776, "volume": 10.0}}}
{"timestamp": "2025-12-02T08:51:14.370768+00:00", "level": "WARNING", "module": "logger", "funcName": "_log", "lineno": 188, "event_type": "streaming_indicator_engine.data_anomalies_detected", "data": {"symbol": "ARIA_USDT", "timestamp": 1762076606.309999, "anomalies": ["stale_timestamp: 1762076606.309999 vs 1764665474.3707683"], "data_sample": {"price": 0.16772, "volume": 9.0}}}
{"timestamp": "2025-12-02T08:51:14.370768+00:00", "level": "WARNING", "module": "logger", "funcName": "_log", "lineno": 188, "event_type": "streaming_indicator_engine.data_anomalies_detected", "data": {"symbol": "ARIA_USDT", "timestamp": 1762076620.309999, "anomalies": ["stale_timestamp: 1762076620.309999 vs 1764665474.3707683"], "data_sample": {"price": 0.16764, "volume": 5.0}}}
{"timestamp": "2025-12-02T08:51:14.371766+00:00", "level": "WARNING", "module": "logger", "funcName": "_log", "lineno": 188, "event_type": "streaming_indicator_engine.data_anomalies_detected", "data": {"symbol": "ARIA_USDT", "timestamp": 1762076628.311, "anomalies": ["stale_timestamp: 1762076628.311 vs 1764665474.3717663"], "data_sample": {"price": 0.16761, "volume": 7.0}}}
{"timestamp": "2025-12-02T08:51:14.372763+00:00", "level": "WARNING", "module": "logger", "funcName": "_log", "lineno": 188, "event_type": "streaming_indicator_engine.data_anomalies_detected", "data": {"symbol": "ARIA_USDT", "timestamp": 1762076638.312999, "anomalies": ["stale_timestamp: 1762076638.312999 vs 1764665474.3727632"], "data_sample": {"price": 0.16763, "volume": 10.0}}}
{"timestamp": "2025-12-02T08:51:14.372763+00:00", "level": "WARNING", "module": "logger", "funcName": "_log", "lineno": 188, "event_type": "streaming_indicator_engine.data_anomalies_detected", "data": {"symbol": "ARIA_USDT", "timestamp": 1762076647.309999, "anomalies": ["stale_timestamp: 1762076647.309999 vs 1764665474.3727632"], "data_sample": {"price": 0.16762, "volume": 4.0}}}
{"timestamp": "2025-12-02T08:51:14.373762+00:00", "level": "WARNING", "module": "logger", "funcName": "_log", "lineno": 188, "event_type": "streaming_indicator_engine.data_anomalies_detected", "data": {"symbol": "ARIA_USDT", "timestamp": 1762076653.309999, "anomalies": ["stale_timestamp: 1762076653.309999 vs 1764665474.3727632"], "data_sample": {"price": 0.16761, "volume": 9.0}}}
{"timestamp": "2025-12-02T08:51:14.393312+00:00", "level": "WARNING", "module": "logger", "funcName": "_log", "lineno": 188, "event_type": "streaming_indicator_engine.data_anomalies_detected", "data": {"symbol": "ARIA_USDT", "timestamp": 1762076666.309999, "anomalies": ["stale_timestamp: 1762076666.309999 vs 1764665474.3933125"], "data_sample": {"price": 0.16763, "volume": 9.0}}}
{"timestamp": "2025-12-02T08:51:14.409099+00:00", "level": "WARNING", "module": "logger", "funcName": "_log", "lineno": 188, "event_type": "streaming_indicator_engine.data_anomalies_detected", "data": {"symbol": "ARIA_USDT", "timestamp": 1762076672.308999, "anomalies": ["stale_timestamp: 1762076672.308999 vs 1764665474.4085915"], "data_sample": {"price": 0.16762, "volume": 9.0}}}
{"timestamp": "2025-12-02T08:51:14.424341+00:00", "level": "WARNING", "module": "logger", "funcName": "_log", "lineno": 188, "event_type": "streaming_indicator_engine.data_anomalies_detected", "data": {"symbol": "ARIA_USDT", "timestamp": 1762076685.309999, "anomalies": ["stale_timestamp: 1762076685.309999 vs 1764665474.424341"], "data_sample": {"price": 0.16732, "volume": 9.0}}}
{"timestamp": "2025-12-02T08:51:14.440334+00:00", "level": "WARNING", "module": "logger", "funcName": "_log", "lineno": 188, "event_type": "streaming_indicator_engine.data_anomalies_detected", "data": {"symbol": "ARIA_USDT", "timestamp": 1762076699.311, "anomalies": ["stale_timestamp: 1762076699.311 vs 1764665474.4403348"], "data_sample": {"price": 0.16737, "volume": 11.0}}}
{"timestamp": "2025-12-02T08:51:14.455487+00:00", "level": "WARNING", "module": "logger", "funcName": "_log", "lineno": 188, "event_type": "streaming_indicator_engine.data_anomalies_detected", "data": {"symbol": "ARIA_USDT", "timestamp": 1762076713.309999, "anomalies": ["stale_timestamp: 1762076713.309999 vs 1764665474.4554875"], "data_sample": {"price": 0.16735, "volume": 4.0}}}
{"timestamp": "2025-12-02T08:51:14.470349+00:00", "level": "WARNING", "module": "logger", "funcName": "_log", "lineno": 188, "event_type": "streaming_indicator_engine.data_anomalies_detected", "data": {"symbol": "ARIA_USDT", "timestamp": 1762076728.311, "anomalies": ["stale_timestamp: 1762076728.311 vs 1764665474.4703498"], "data_sample": {"price": 0.16739, "volume": 9.0}}}
{"timestamp": "2025-12-02T08:51:14.485898+00:00", "level": "WARNING", "module": "logger", "funcName": "_log", "lineno": 188, "event_type": "streaming_indicator_engine.data_anomalies_detected", "data": {"symbol": "ARIA_USDT", "timestamp": 1762076734.308999, "anomalies": ["stale_timestamp: 1762076734.308999 vs 1764665474.4858985"], "data_sample": {"price": 0.16744, "volume": 9.0}}}
{"timestamp": "2025-12-02T08:51:14.501248+00:00", "level": "WARNING", "module": "logger", "funcName": "_log", "lineno": 188, "event_type": "streaming_indicator_engine.data_anomalies_detected", "data": {"symbol": "ARIA_USDT", "timestamp": 1762076750.309999, "anomalies": ["stale_timestamp: 1762076750.309999 vs 1764665474.501248"], "data_sample": {"price": 0.16747, "volume": 10.0}}}
{"timestamp": "2025-12-02T08:51:14.516926+00:00", "level": "WARNING", "module": "logger", "funcName": "_log", "lineno": 188, "event_type": "streaming_indicator_engine.data_anomalies_detected", "data": {"symbol": "ARIA_USDT", "timestamp": 1762076759.311, "anomalies": ["stale_timestamp: 1762076759.311 vs 1764665474.516927"], "data_sample": {"price": 0.16746, "volume": 10.0}}}
{"timestamp": "2025-12-02T08:51:14.533251+00:00", "level": "WARNING", "module": "logger", "funcName": "_log", "lineno": 188, "event_type": "streaming_indicator_engine.data_anomalies_detected", "data": {"symbol": "ARIA_USDT", "timestamp": 1762076767.309999, "anomalies": ["stale_timestamp: 1762076767.309999 vs 1764665474.5332518"], "data_sample": {"price": 0.16742, "volume": 8.0}}}
{"timestamp": "2025-12-02T08:51:14.548941+00:00", "level": "WARNING", "module": "logger", "funcName": "_log", "lineno": 188, "event_type": "streaming_indicator_engine.data_anomalies_detected", "data": {"symbol": "ARIA_USDT", "timestamp": 1762076783.312, "anomalies": ["stale_timestamp: 1762076783.312 vs 1764665474.5479429"], "data_sample": {"price": 0.16745, "volume": 8.0}}}
{"timestamp": "2025-12-02T08:51:14.563135+00:00", "level": "WARNING", "module": "logger", "funcName": "_log", "lineno": 188, "event_type": "streaming_indicator_engine.data_anomalies_detected", "data": {"symbol": "ARIA_USDT", "timestamp": 1762076789.309999, "anomalies": ["stale_timestamp: 1762076789.309999 vs 1764665474.5631351"], "data_sample": {"price": 0.16755, "volume": 9.0}}}
{"timestamp": "2025-12-02T08:51:14.578402+00:00", "level": "WARNING", "module": "logger", "funcName": "_log", "lineno": 188, "event_type": "streaming_indicator_engine.data_anomalies_detected", "data": {"symbol": "ARIA_USDT", "timestamp": 1762076803.311, "anomalies": ["stale_timestamp: 1762076803.311 vs 1764665474.5784028"], "data_sample": {"price": 0.16758, "volume": 10.0}}}
{"timestamp": "2025-12-02T08:51:14.593973+00:00", "level": "WARNING", "module": "logger", "funcName": "_log", "lineno": 188, "event_type": "streaming_indicator_engine.data_anomalies_detected", "data": {"symbol": "ARIA_USDT", "timestamp": 1762076816.308999, "anomalies": ["stale_timestamp: 1762076816.308999 vs 1764665474.5939734"], "data_sample": {"price": 0.16762, "volume": 9.0}}}
{"timestamp": "2025-12-02T08:51:14.609933+00:00", "level": "WARNING", "module": "logger", "funcName": "_log", "lineno": 188, "event_type": "streaming_indicator_engine.data_anomalies_detected", "data": {"symbol": "ARIA_USDT", "timestamp": 1762076825.312999, "anomalies": ["stale_timestamp: 1762076825.312999 vs 1764665474.6099334"], "data_sample": {"price": 0.16751, "volume": 10.0}}}
{"timestamp": "2025-12-02T08:51:14.612675+00:00", "level": "INFO", "module": "logger", "funcName": "_log", "lineno": 188, "event_type": "strategy_manager.indicator_update_received", "data": {"symbol": "ARIA_USDT", "indicator_name": "611fad91-045d-408b-8822-f43428935033_20", "indicator_type": "", "value": 0.002408746357739526, "active_strategies_for_symbol": true, "active_count": 3}}
{"timestamp": "2025-12-02T08:51:14.614077+00:00", "level": "WARNING", "module": "logger", "funcName": "_log", "lineno": 188, "event_type": "streaming_indicator_engine.data_anomalies_detected", "data": {"symbol": "ARIA_USDT", "timestamp": 1762076831.316999, "anomalies": ["stale_timestamp: 1762076831.316999 vs 1764665474.6140773"], "data_sample": {"price": 0.1674, "volume": 6.0}}}
{"timestamp": "2025-12-02T08:51:14.616423+00:00", "level": "WARNING", "module": "logger", "funcName": "_log", "lineno": 188, "event_type": "streaming_indicator_engine.data_anomalies_detected", "data": {"symbol": "ARIA_USDT", "timestamp": 1762076839.311, "anomalies": ["stale_timestamp: 1762076839.311 vs 1764665474.6153982"], "data_sample": {"price": 0.16741, "volume": 8.0}}}
{"timestamp": "2025-12-02T08:51:14.617422+00:00", "level": "WARNING", "module": "logger", "funcName": "_log", "lineno": 188, "event_type": "streaming_indicator_engine.data_anomalies_detected", "data": {"symbol": "ARIA_USDT", "timestamp": 1762076846.312, "anomalies": ["stale_timestamp: 1762076846.312 vs 1764665474.6174223"], "data_sample": {"price": 0.1674, "volume": 6.0}}}
{"timestamp": "2025-12-02T08:51:14.618412+00:00", "level": "WARNING", "module": "logger", "funcName": "_log", "lineno": 188, "event_type": "streaming_indicator_engine.data_anomalies_detected", "data": {"symbol": "ARIA_USDT", "timestamp": 1762076859.309999, "anomalies": ["stale_timestamp: 1762076859.309999 vs 1764665474.6184127"], "data_sample": {"price": 0.16723, "volume": 5.0}}}
{"timestamp": "2025-12-02T08:51:14.619920+00:00", "level": "WARNING", "module": "logger", "funcName": "_log", "lineno": 188, "event_type": "streaming_indicator_engine.data_anomalies_detected", "data": {"symbol": "ARIA_USDT", "timestamp": 1762076870.309999, "anomalies": ["stale_timestamp: 1762076870.309999 vs 1764665474.6194122"], "data_sample": {"price": 0.16724, "volume": 9.0}}}
{"timestamp": "2025-12-02T08:51:14.619920+00:00", "level": "INFO", "module": "logger", "funcName": "_log", "lineno": 188, "event_type": "strategy_manager.indicator_update_received", "data": {"symbol": "ARIA_USDT", "indicator_name": "611fad91-045d-408b-8822-f43428935033_20", "indicator_type": "", "value": 0.002408746357739526, "active_strategies_for_symbol": true, "active_count": 3}}
{"timestamp": "2025-12-02T08:51:14.621275+00:00", "level": "WARNING", "module": "logger", "funcName": "_log", "lineno": 188, "event_type": "streaming_indicator_engine.data_anomalies_detected", "data": {"symbol": "ARIA_USDT", "timestamp": 1762076878.309999, "anomalies": ["stale_timestamp: 1762076878.309999 vs 1764665474.6199205"], "data_sample": {"price": 0.16731, "volume": 4.0}}}
{"timestamp": "2025-12-02T08:51:14.621275+00:00", "level": "WARNING", "module": "logger", "funcName": "_log", "lineno": 188, "event_type": "streaming_indicator_engine.data_anomalies_detected", "data": {"symbol": "ARIA_USDT", "timestamp": 1762076892.311, "anomalies": ["stale_timestamp: 1762076892.311 vs 1764665474.6212757"], "data_sample": {"price": 0.16728, "volume": 9.0}}}
{"timestamp": "2025-12-02T08:51:14.621275+00:00", "level": "WARNING", "module": "logger", "funcName": "_log", "lineno": 188, "event_type": "streaming_indicator_engine.data_anomalies_detected", "data": {"symbol": "ARIA_USDT", "timestamp": 1762076900.309999, "anomalies": ["stale_timestamp: 1762076900.309999 vs 1764665474.6212757"], "data_sample": {"price": 0.16731, "volume": 7.0}}}
{"timestamp": "2025-12-02T08:51:14.622347+00:00", "level": "WARNING", "module": "logger", "funcName": "_log", "lineno": 188, "event_type": "streaming_indicator_engine.data_anomalies_detected", "data": {"symbol": "ARIA_USDT", "timestamp": 1762076915.308999, "anomalies": ["stale_timestamp: 1762076915.308999 vs 1764665474.6223478"], "data_sample": {"price": 0.16729, "volume": 4.0}}}
{"timestamp": "2025-12-02T08:51:14.622347+00:00", "level": "WARNING", "module": "logger", "funcName": "_log", "lineno": 188, "event_type": "streaming_indicator_engine.data_anomalies_detected", "data": {"symbol": "ARIA_USDT", "timestamp": 1762076929.309999, "anomalies": ["stale_timestamp: 1762076929.309999 vs 1764665474.6223478"], "data_sample": {"price": 0.16725, "volume": 11.0}}}
{"timestamp": "2025-12-02T08:51:14.623303+00:00", "level": "WARNING", "module": "logger", "funcName": "_log", "lineno": 188, "event_type": "streaming_indicator_engine.data_anomalies_detected", "data": {"symbol": "ARIA_USDT", "timestamp": 1762076940.312999, "anomalies": ["stale_timestamp: 1762076940.312999 vs 1764665474.6233037"], "data_sample": {"price": 0.16733, "volume": 8.0}}}
{"timestamp": "2025-12-02T08:51:14.640743+00:00", "level": "WARNING", "module": "logger", "funcName": "_log", "lineno": 188, "event_type": "streaming_indicator_engine.data_anomalies_detected", "data": {"symbol": "ARIA_USDT", "timestamp": 1762076949.324999, "anomalies": ["stale_timestamp: 1762076949.324999 vs 1764665474.640744"], "data_sample": {"price": 0.1673, "volume": 8.0}}}
{"timestamp": "2025-12-02T08:51:14.656385+00:00", "level": "WARNING", "module": "logger", "funcName": "_log", "lineno": 188, "event_type": "streaming_indicator_engine.data_anomalies_detected", "data": {"symbol": "ARIA_USDT", "timestamp": 1762076965.316, "anomalies": ["stale_timestamp: 1762076965.316 vs 1764665474.656386"], "data_sample": {"price": 0.16729, "volume": 4.0}}}
{"timestamp": "2025-12-02T08:51:14.671798+00:00", "level": "WARNING", "module": "logger", "funcName": "_log", "lineno": 188, "event_type": "streaming_indicator_engine.data_anomalies_detected", "data": {"symbol": "ARIA_USDT", "timestamp": 1762076978.312, "anomalies": ["stale_timestamp: 1762076978.312 vs 1764665474.6717982"], "data_sample": {"price": 0.1673, "volume": 9.0}}}
{"timestamp": "2025-12-02T08:51:14.686934+00:00", "level": "WARNING", "module": "logger", "funcName": "_log", "lineno": 188, "event_type": "streaming_indicator_engine.data_anomalies_detected", "data": {"symbol": "ARIA_USDT", "timestamp": 1762076990.315, "anomalies": ["stale_timestamp: 1762076990.315 vs 1764665474.6869342"], "data_sample": {"price": 0.16733, "volume": 10.0}}}
{"timestamp": "2025-12-02T08:51:14.702128+00:00", "level": "WARNING", "module": "logger", "funcName": "_log", "lineno": 188, "event_type": "streaming_indicator_engine.data_anomalies_detected", "data": {"symbol": "ARIA_USDT", "timestamp": 1762076997.315, "anomalies": ["stale_timestamp: 1762076997.315 vs 1764665474.7021286"], "data_sample": {"price": 0.16726, "volume": 12.0}}}
{"timestamp": "2025-12-02T08:51:14.717576+00:00", "level": "WARNING", "module": "logger", "funcName": "_log", "lineno": 188, "event_type": "streaming_indicator_engine.data_anomalies_detected", "data": {"symbol": "ARIA_USDT", "timestamp": 1762077007.309999, "anomalies": ["stale_timestamp: 1762077007.309999 vs 1764665474.7175763"], "data_sample": {"price": 0.16719, "volume": 4.0}}}
{"timestamp": "2025-12-02T08:51:14.733604+00:00", "level": "WARNING", "module": "logger", "funcName": "_log", "lineno": 188, "event_type": "streaming_indicator_engine.data_anomalies_detected", "data": {"symbol": "ARIA_USDT", "timestamp": 1762077018.309999, "anomalies": ["stale_timestamp: 1762077018.309999 vs 1764665474.7326043"], "data_sample": {"price": 0.16722, "volume": 8.0}}}
{"timestamp": "2025-12-02T08:51:14.748276+00:00", "level": "WARNING", "module": "logger", "funcName": "_log", "lineno": 188, "event_type": "streaming_indicator_engine.data_anomalies_detected", "data": {"symbol": "ARIA_USDT", "timestamp": 1762077025.309999, "anomalies": ["stale_timestamp: 1762077025.309999 vs 1764665474.747403"], "data_sample": {"price": 0.16726, "volume": 5.0}}}
{"timestamp": "2025-12-02T08:51:14.762246+00:00", "level": "WARNING", "module": "logger", "funcName": "_log", "lineno": 188, "event_type": "streaming_indicator_engine.data_anomalies_detected", "data": {"symbol": "ARIA_USDT", "timestamp": 1762077033.311, "anomalies": ["stale_timestamp: 1762077033.311 vs 1764665474.7622466"], "data_sample": {"price": 0.16725, "volume": 4.0}}}
{"timestamp": "2025-12-02T08:51:14.777446+00:00", "level": "WARNING", "module": "logger", "funcName": "_log", "lineno": 188, "event_type": "streaming_indicator_engine.data_anomalies_detected", "data": {"symbol": "ARIA_USDT", "timestamp": 1762077042.309999, "anomalies": ["stale_timestamp: 1762077042.309999 vs 1764665474.777446"], "data_sample": {"price": 0.16724, "volume": 4.0}}}
{"timestamp": "2025-12-02T08:51:14.793218+00:00", "level": "WARNING", "module": "logger", "funcName": "_log", "lineno": 188, "event_type": "streaming_indicator_engine.data_anomalies_detected", "data": {"symbol": "ARIA_USDT", "timestamp": 1762077051.309999, "anomalies": ["stale_timestamp: 1762077051.309999 vs 1764665474.7932189"], "data_sample": {"price": 0.16725, "volume": 4.0}}}
{"timestamp": "2025-12-02T08:51:14.808317+00:00", "level": "WARNING", "module": "logger", "funcName": "_log", "lineno": 188, "event_type": "streaming_indicator_engine.data_anomalies_detected", "data": {"symbol": "ARIA_USDT", "timestamp": 1762077057.312999, "anomalies": ["stale_timestamp: 1762077057.312999 vs 1764665474.8083172"], "data_sample": {"price": 0.16726, "volume": 3.0}}}
{"timestamp": "2025-12-02T08:51:14.823537+00:00", "level": "WARNING", "module": "logger", "funcName": "_log", "lineno": 188, "event_type": "streaming_indicator_engine.data_anomalies_detected", "data": {"symbol": "ARIA_USDT", "timestamp": 1762077067.316999, "anomalies": ["stale_timestamp: 1762077067.316999 vs 1764665474.8235376"], "data_sample": {"price": 0.16725, "volume": 8.0}}}
{"timestamp": "2025-12-02T08:51:14.839743+00:00", "level": "WARNING", "module": "logger", "funcName": "_log", "lineno": 188, "event_type": "streaming_indicator_engine.data_anomalies_detected", "data": {"symbol": "ARIA_USDT", "timestamp": 1762077081.308, "anomalies": ["stale_timestamp: 1762077081.308 vs 1764665474.8392386"], "data_sample": {"price": 0.16714, "volume": 6.0}}}
{"timestamp": "2025-12-02T08:51:14.855160+00:00", "level": "WARNING", "module": "logger", "funcName": "_log", "lineno": 188, "event_type": "streaming_indicator_engine.data_anomalies_detected", "data": {"symbol": "ARIA_USDT", "timestamp": 1762077089.311, "anomalies": ["stale_timestamp: 1762077089.311 vs 1764665474.8551605"], "data_sample": {"price": 0.16711, "volume": 4.0}}}
{"timestamp": "2025-12-02T08:51:14.870745+00:00", "level": "WARNING", "module": "logger", "funcName": "_log", "lineno": 188, "event_type": "streaming_indicator_engine.data_anomalies_detected", "data": {"symbol": "ARIA_USDT", "timestamp": 1762077098.311, "anomalies": ["stale_timestamp: 1762077098.311 vs 1764665474.8707457"], "data_sample": {"price": 0.16702, "volume": 4.0}}}
{"timestamp": "2025-12-02T08:51:14.885713+00:00", "level": "WARNING", "module": "logger", "funcName": "_log", "lineno": 188, "event_type": "streaming_indicator_engine.data_anomalies_detected", "data": {"symbol": "ARIA_USDT", "timestamp": 1762077107.335, "anomalies": ["stale_timestamp: 1762077107.335 vs 1764665474.8857136"], "data_sample": {"price": 0.167, "volume": 26.0}}}
{"timestamp": "2025-12-02T08:51:14.901877+00:00", "level": "WARNING", "module": "logger", "funcName": "_log", "lineno": 188, "event_type": "streaming_indicator_engine.data_anomalies_detected", "data": {"symbol": "ARIA_USDT", "timestamp": 1762077121.309999, "anomalies": ["stale_timestamp: 1762077121.309999 vs 1764665474.9008825"], "data_sample": {"price": 0.16704, "volume": 8.0}}}
{"timestamp": "2025-12-02T08:51:14.917413+00:00", "level": "WARNING", "module": "logger", "funcName": "_log", "lineno": 188, "event_type": "streaming_indicator_engine.data_anomalies_detected", "data": {"symbol": "ARIA_USDT", "timestamp": 1762077123.420999, "anomalies": ["stale_timestamp: 1762077123.420999 vs 1764665474.9163995"], "data_sample": {"price": 0.167, "volume": 59.0}}}
{"timestamp": "2025-12-02T08:51:14.931777+00:00", "level": "WARNING", "module": "logger", "funcName": "_log", "lineno": 188, "event_type": "streaming_indicator_engine.data_anomalies_detected", "data": {"symbol": "ARIA_USDT", "timestamp": 1762077139.311, "anomalies": ["stale_timestamp: 1762077139.311 vs 1764665474.9317777"], "data_sample": {"price": 0.16703, "volume": 5.0}}}
{"timestamp": "2025-12-02T08:51:14.947105+00:00", "level": "WARNING", "module": "logger", "funcName": "_log", "lineno": 188, "event_type": "streaming_indicator_engine.data_anomalies_detected", "data": {"symbol": "ARIA_USDT", "timestamp": 1762077152.308999, "anomalies": ["stale_timestamp: 1762077152.308999 vs 1764665474.9471052"], "data_sample": {"price": 0.16708, "volume": 9.0}}}
{"timestamp": "2025-12-02T08:51:14.962926+00:00", "level": "WARNING", "module": "logger", "funcName": "_log", "lineno": 188, "event_type": "streaming_indicator_engine.data_anomalies_detected", "data": {"symbol": "ARIA_USDT", "timestamp": 1762077163.309999, "anomalies": ["stale_timestamp: 1762077163.309999 vs 1764665474.9629269"], "data_sample": {"price": 0.16713, "volume": 11.0}}}
{"timestamp": "2025-12-02T08:51:14.979267+00:00", "level": "WARNING", "module": "logger", "funcName": "_log", "lineno": 188, "event_type": "streaming_indicator_engine.data_anomalies_detected", "data": {"symbol": "ARIA_USDT", "timestamp": 1762077172.309999, "anomalies": ["stale_timestamp: 1762077172.309999 vs 1764665474.9792678"], "data_sample": {"price": 0.16706, "volume": 12.0}}}
{"timestamp": "2025-12-02T08:51:14.994680+00:00", "level": "WARNING", "module": "logger", "funcName": "_log", "lineno": 188, "event_type": "streaming_indicator_engine.data_anomalies_detected", "data": {"symbol": "ARIA_USDT", "timestamp": 1762077187.312999, "anomalies": ["stale_timestamp: 1762077187.312999 vs 1764665474.9946806"], "data_sample": {"price": 0.16705, "volume": 4.0}}}
{"timestamp": "2025-12-02T08:51:15.010208+00:00", "level": "WARNING", "module": "logger", "funcName": "_log", "lineno": 188, "event_type": "streaming_indicator_engine.data_anomalies_detected", "data": {"symbol": "ARIA_USDT", "timestamp": 1762077203.309999, "anomalies": ["stale_timestamp: 1762077203.309999 vs 1764665475.0102084"], "data_sample": {"price": 0.16703, "volume": 6.0}}}
{"timestamp": "2025-12-02T08:51:15.025535+00:00", "level": "WARNING", "module": "logger", "funcName": "_log", "lineno": 188, "event_type": "streaming_indicator_engine.data_anomalies_detected", "data": {"symbol": "ARIA_USDT", "timestamp": 1762077211.312, "anomalies": ["stale_timestamp: 1762077211.312 vs 1764665475.0255349"], "data_sample": {"price": 0.16707, "volume": 9.0}}}
{"timestamp": "2025-12-02T08:51:15.040542+00:00", "level": "WARNING", "module": "logger", "funcName": "_log", "lineno": 188, "event_type": "streaming_indicator_engine.data_anomalies_detected", "data": {"symbol": "ARIA_USDT", "timestamp": 1762077227.312999, "anomalies": ["stale_timestamp: 1762077227.312999 vs 1764665475.040543"], "data_sample": {"price": 0.16704, "volume": 4.0}}}
{"timestamp": "2025-12-02T08:51:15.055303+00:00", "level": "WARNING", "module": "logger", "funcName": "_log", "lineno": 188, "event_type": "streaming_indicator_engine.data_anomalies_detected", "data": {"symbol": "ARIA_USDT", "timestamp": 1762077234.308999, "anomalies": ["stale_timestamp: 1762077234.308999 vs 1764665475.0553036"], "data_sample": {"price": 0.16708, "volume": 8.0}}}
{"timestamp": "2025-12-02T08:51:15.057204+00:00", "level": "WARNING", "module": "logger", "funcName": "_log", "lineno": 188, "event_type": "streaming_indicator_engine.data_anomalies_detected", "data": {"symbol": "ARIA_USDT", "timestamp": 1762077247.312999, "anomalies": ["stale_timestamp: 1762077247.312999 vs 1764665475.0572042"], "data_sample": {"price": 0.16705, "volume": 7.0}}}
{"timestamp": "2025-12-02T08:51:15.059204+00:00", "level": "WARNING", "module": "logger", "funcName": "_log", "lineno": 188, "event_type": "streaming_indicator_engine.data_anomalies_detected", "data": {"symbol": "ARIA_USDT", "timestamp": 1762077263.309999, "anomalies": ["stale_timestamp: 1762077263.309999 vs 1764665475.0592046"], "data_sample": {"price": 0.16704, "volume": 7.0}}}
{"timestamp": "2025-12-02T08:51:15.085607+00:00", "level": "WARNING", "module": "logger", "funcName": "_log", "lineno": 188, "event_type": "streaming_indicator_engine.data_anomalies_detected", "data": {"symbol": "ARIA_USDT", "timestamp": 1762077274.309999, "anomalies": ["stale_timestamp: 1762077274.309999 vs 1764665475.0856068"], "data_sample": {"price": 0.16709, "volume": 4.0}}}
{"timestamp": "2025-12-02T08:51:15.101990+00:00", "level": "WARNING", "module": "logger", "funcName": "_log", "lineno": 188, "event_type": "streaming_indicator_engine.data_anomalies_detected", "data": {"symbol": "ARIA_USDT", "timestamp": 1762077281.311, "anomalies": ["stale_timestamp: 1762077281.311 vs 1764665475.1019905"], "data_sample": {"price": 0.16713, "volume": 12.0}}}
{"timestamp": "2025-12-02T08:51:15.105360+00:00", "level": "INFO", "module": "logger", "funcName": "_log", "lineno": 188, "event_type": "strategy_manager.indicator_update_received", "data": {"symbol": "ARIA_USDT", "indicator_name": "5fc82998-9270-4b44-8312-f74ddd20a93d_20", "indicator_type": "", "value": -92.39380594095773, "active_strategies_for_symbol": true, "active_count": 3}}
{"timestamp": "2025-12-02T08:51:15.105360+00:00", "level": "WARNING", "module": "logger", "funcName": "_log", "lineno": 188, "event_type": "streaming_indicator_engine.data_anomalies_detected", "data": {"symbol": "ARIA_USDT", "timestamp": 1762077290.312, "anomalies": ["stale_timestamp: 1762077290.312 vs 1764665475.1053607"], "data_sample": {"price": 0.16709, "volume": 8.0}}}
{"timestamp": "2025-12-02T08:51:15.106358+00:00", "level": "WARNING", "module": "logger", "funcName": "_log", "lineno": 188, "event_type": "streaming_indicator_engine.data_anomalies_detected", "data": {"symbol": "ARIA_USDT", "timestamp": 1762077299.312, "anomalies": ["stale_timestamp: 1762077299.312 vs 1764665475.1063588"], "data_sample": {"price": 0.16706, "volume": 8.0}}}
{"timestamp": "2025-12-02T08:51:15.107405+00:00", "level": "WARNING", "module": "logger", "funcName": "_log", "lineno": 188, "event_type": "streaming_indicator_engine.data_anomalies_detected", "data": {"symbol": "ARIA_USDT", "timestamp": 1762077309.309999, "anomalies": ["stale_timestamp: 1762077309.309999 vs 1764665475.1074054"], "data_sample": {"price": 0.16705, "volume": 6.0}}}
{"timestamp": "2025-12-02T08:51:15.107405+00:00", "level": "WARNING", "module": "logger", "funcName": "_log", "lineno": 188, "event_type": "streaming_indicator_engine.data_anomalies_detected", "data": {"symbol": "ARIA_USDT", "timestamp": 1762077318.312, "anomalies": ["stale_timestamp: 1762077318.312 vs 1764665475.1074054"], "data_sample": {"price": 0.16706, "volume": 9.0}}}
{"timestamp": "2025-12-02T08:51:15.108359+00:00", "level": "WARNING", "module": "logger", "funcName": "_log", "lineno": 188, "event_type": "streaming_indicator_engine.data_anomalies_detected", "data": {"symbol": "ARIA_USDT", "timestamp": 1762077324.309999, "anomalies": ["stale_timestamp: 1762077324.309999 vs 1764665475.1083596"], "data_sample": {"price": 0.1671, "volume": 5.0}}}
{"timestamp": "2025-12-02T08:51:15.108359+00:00", "level": "WARNING", "module": "logger", "funcName": "_log", "lineno": 188, "event_type": "streaming_indicator_engine.data_anomalies_detected", "data": {"symbol": "ARIA_USDT", "timestamp": 1762077335.309999, "anomalies": ["stale_timestamp: 1762077335.309999 vs 1764665475.1083596"], "data_sample": {"price": 0.16709, "volume": 4.0}}}
{"timestamp": "2025-12-02T08:51:15.109359+00:00", "level": "INFO", "module": "logger", "funcName": "_log", "lineno": 188, "event_type": "strategy_manager.indicator_update_received", "data": {"symbol": "ARIA_USDT", "indicator_name": "5fc82998-9270-4b44-8312-f74ddd20a93d_20", "indicator_type": "", "value": -92.39380594095773, "active_strategies_for_symbol": true, "active_count": 3}}
{"timestamp": "2025-12-02T08:51:15.109359+00:00", "level": "WARNING", "module": "logger", "funcName": "_log", "lineno": 188, "event_type": "streaming_indicator_engine.data_anomalies_detected", "data": {"symbol": "ARIA_USDT", "timestamp": 1762077351.309999, "anomalies": ["stale_timestamp: 1762077351.309999 vs 1764665475.1093593"], "data_sample": {"price": 0.1671, "volume": 3.0}}}
{"timestamp": "2025-12-02T08:51:15.109359+00:00", "level": "WARNING", "module": "logger", "funcName": "_log", "lineno": 188, "event_type": "streaming_indicator_engine.data_anomalies_detected", "data": {"symbol": "ARIA_USDT", "timestamp": 1762077362.309999, "anomalies": ["stale_timestamp: 1762077362.309999 vs 1764665475.1093593"], "data_sample": {"price": 0.16716, "volume": 5.0}}}
{"timestamp": "2025-12-02T08:51:15.109359+00:00", "level": "WARNING", "module": "logger", "funcName": "_log", "lineno": 188, "event_type": "streaming_indicator_engine.data_anomalies_detected", "data": {"symbol": "ARIA_USDT", "timestamp": 1762077376.309999, "anomalies": ["stale_timestamp: 1762077376.309999 vs 1764665475.1093593"], "data_sample": {"price": 0.16724, "volume": 11.0}}}
{"timestamp": "2025-12-02T08:51:15.110812+00:00", "level": "WARNING", "module": "logger", "funcName": "_log", "lineno": 188, "event_type": "streaming_indicator_engine.data_anomalies_detected", "data": {"symbol": "ARIA_USDT", "timestamp": 1762077387.309999, "anomalies": ["stale_timestamp: 1762077387.309999 vs 1764665475.1108127"], "data_sample": {"price": 0.16726, "volume": 11.0}}}
{"timestamp": "2025-12-02T08:51:15.110812+00:00", "level": "WARNING", "module": "logger", "funcName": "_log", "lineno": 188, "event_type": "streaming_indicator_engine.data_anomalies_detected", "data": {"symbol": "ARIA_USDT", "timestamp": 1762077395.309999, "anomalies": ["stale_timestamp: 1762077395.309999 vs 1764665475.1108127"], "data_sample": {"price": 0.16728, "volume": 3.0}}}
{"timestamp": "2025-12-02T08:51:15.111812+00:00", "level": "WARNING", "module": "logger", "funcName": "_log", "lineno": 188, "event_type": "streaming_indicator_engine.data_anomalies_detected", "data": {"symbol": "ARIA_USDT", "timestamp": 1762077402.309999, "anomalies": ["stale_timestamp: 1762077402.309999 vs 1764665475.111812"], "data_sample": {"price": 0.1673, "volume": 10.0}}}
{"timestamp": "2025-12-02T08:51:15.111812+00:00", "level": "WARNING", "module": "logger", "funcName": "_log", "lineno": 188, "event_type": "streaming_indicator_engine.data_anomalies_detected", "data": {"symbol": "ARIA_USDT", "timestamp": 1762077412.311, "anomalies": ["stale_timestamp: 1762077412.311 vs 1764665475.111812"], "data_sample": {"price": 0.16729, "volume": 7.0}}}
{"timestamp": "2025-12-02T08:51:15.132497+00:00", "level": "WARNING", "module": "logger", "funcName": "_log", "lineno": 188, "event_type": "streaming_indicator_engine.data_anomalies_detected", "data": {"symbol": "ARIA_USDT", "timestamp": 1762077421.309999, "anomalies": ["stale_timestamp: 1762077421.309999 vs 1764665475.1324973"], "data_sample": {"price": 0.16727, "volume": 4.0}}}
{"timestamp": "2025-12-02T08:51:15.169620+00:00", "level": "WARNING", "module": "logger", "funcName": "_log", "lineno": 188, "event_type": "streaming_indicator_engine.data_anomalies_detected", "data": {"symbol": "ARIA_USDT", "timestamp": 1762076372.312999, "anomalies": ["stale_timestamp: 1762076372.312999 vs 1764665475.1696205"], "data_sample": {"price": 0.1671, "volume": 3.0}}}
{"timestamp": "2025-12-02T08:51:15.195025+00:00", "level": "WARNING", "module": "logger", "funcName": "_log", "lineno": 188, "event_type": "streaming_indicator_engine.data_anomalies_detected", "data": {"symbol": "ARIA_USDT", "timestamp": 1762076381.309999, "anomalies": ["stale_timestamp: 1762076381.309999 vs 1764665475.1950252"], "data_sample": {"price": 0.16715, "volume": 8.0}}}
{"timestamp": "2025-12-02T08:51:15.209921+00:00", "level": "WARNING", "module": "logger", "funcName": "_log", "lineno": 188, "event_type": "streaming_indicator_engine.data_anomalies_detected", "data": {"symbol": "ARIA_USDT", "timestamp": 1762076388.311, "anomalies": ["stale_timestamp: 1762076388.311 vs 1764665475.2099214"], "data_sample": {"price": 0.16714, "volume": 9.0}}}
{"timestamp": "2025-12-02T08:51:15.225282+00:00", "level": "WARNING", "module": "logger", "funcName": "_log", "lineno": 188, "event_type": "streaming_indicator_engine.data_anomalies_detected", "data": {"symbol": "ARIA_USDT", "timestamp": 1762076401.309999, "anomalies": ["stale_timestamp: 1762076401.309999 vs 1764665475.2252822"], "data_sample": {"price": 0.16717, "volume": 7.0}}}
{"timestamp": "2025-12-02T08:51:15.241391+00:00", "level": "WARNING", "module": "logger", "funcName": "_log", "lineno": 188, "event_type": "streaming_indicator_engine.data_anomalies_detected", "data": {"symbol": "ARIA_USDT", "timestamp": 1762076408.312, "anomalies": ["stale_timestamp: 1762076408.312 vs 1764665475.2413912"], "data_sample": {"price": 0.16713, "volume": 3.0}}}
{"timestamp": "2025-12-02T08:51:15.256540+00:00", "level": "WARNING", "module": "logger", "funcName": "_log", "lineno": 188, "event_type": "streaming_indicator_engine.data_anomalies_detected", "data": {"symbol": "ARIA_USDT", "timestamp": 1762076417.311, "anomalies": ["stale_timestamp: 1762076417.311 vs 1764665475.2565408"], "data_sample": {"price": 0.16708, "volume": 3.0}}}
{"timestamp": "2025-12-02T08:51:15.271726+00:00", "level": "WARNING", "module": "logger", "funcName": "_log", "lineno": 188, "event_type": "streaming_indicator_engine.data_anomalies_detected", "data": {"symbol": "ARIA_USDT", "timestamp": 1762076427.308999, "anomalies": ["stale_timestamp: 1762076427.308999 vs 1764665475.2717261"], "data_sample": {"price": 0.16707, "volume": 12.0}}}
{"timestamp": "2025-12-02T08:51:15.287113+00:00", "level": "WARNING", "module": "logger", "funcName": "_log", "lineno": 188, "event_type": "streaming_indicator_engine.data_anomalies_detected", "data": {"symbol": "ARIA_USDT", "timestamp": 1762076435.309999, "anomalies": ["stale_timestamp: 1762076435.309999 vs 1764665475.2871132"], "data_sample": {"price": 0.1671, "volume": 4.0}}}
{"timestamp": "2025-12-02T08:51:15.302548+00:00", "level": "WARNING", "module": "logger", "funcName": "_log", "lineno": 188, "event_type": "streaming_indicator_engine.data_anomalies_detected", "data": {"symbol": "ARIA_USDT", "timestamp": 1762076447.309999, "anomalies": ["stale_timestamp: 1762076447.309999 vs 1764665475.3025484"], "data_sample": {"price": 0.16708, "volume": 9.0}}}
{"timestamp": "2025-12-02T08:51:15.317581+00:00", "level": "WARNING", "module": "logger", "funcName": "_log", "lineno": 188, "event_type": "streaming_indicator_engine.data_anomalies_detected", "data": {"symbol": "ARIA_USDT", "timestamp": 1762076462.309999, "anomalies": ["stale_timestamp: 1762076462.309999 vs 1764665475.317581"], "data_sample": {"price": 0.16726, "volume": 10.0}}}
{"timestamp": "2025-12-02T08:51:15.332952+00:00", "level": "WARNING", "module": "logger", "funcName": "_log", "lineno": 188, "event_type": "streaming_indicator_engine.data_anomalies_detected", "data": {"symbol": "ARIA_USDT", "timestamp": 1762076476.308999, "anomalies": ["stale_timestamp: 1762076476.308999 vs 1764665475.3329525"], "data_sample": {"price": 0.16745, "volume": 9.0}}}
{"timestamp": "2025-12-02T08:51:15.348368+00:00", "level": "WARNING", "module": "logger", "funcName": "_log", "lineno": 188, "event_type": "streaming_indicator_engine.data_anomalies_detected", "data": {"symbol": "ARIA_USDT", "timestamp": 1762076490.311, "anomalies": ["stale_timestamp: 1762076490.311 vs 1764665475.3483686"], "data_sample": {"price": 0.16766, "volume": 7.0}}}
{"timestamp": "2025-12-02T08:51:15.363287+00:00", "level": "WARNING", "module": "logger", "funcName": "_log", "lineno": 188, "event_type": "streaming_indicator_engine.data_anomalies_detected", "data": {"symbol": "ARIA_USDT", "timestamp": 1762076501.311, "anomalies": ["stale_timestamp: 1762076501.311 vs 1764665475.3632874"], "data_sample": {"price": 0.16763, "volume": 5.0}}}
{"timestamp": "2025-12-02T08:51:15.365287+00:00", "level": "INFO", "module": "logger", "funcName": "_log", "lineno": 188, "event_type": "strategy_manager.indicator_update_received", "data": {"symbol": "ARIA_USDT", "indicator_name": "11b8be00-eed3-48fe-b359-df47b297226c_20", "indicator_type": "", "value": 0.007807839091349851, "active_strategies_for_symbol": true, "active_count": 3}}
{"timestamp": "2025-12-02T08:51:15.365287+00:00", "level": "WARNING", "module": "logger", "funcName": "_log", "lineno": 188, "event_type": "streaming_indicator_engine.data_anomalies_detected", "data": {"symbol": "ARIA_USDT", "timestamp": 1762076514.408999, "anomalies": ["stale_timestamp: 1762076514.408999 vs 1764665475.3652875"], "data_sample": {"price": 0.16766, "volume": 10.0}}}
{"timestamp": "2025-12-02T08:51:15.366288+00:00", "level": "WARNING", "module": "logger", "funcName": "_log", "lineno": 188, "event_type": "streaming_indicator_engine.data_anomalies_detected", "data": {"symbol": "ARIA_USDT", "timestamp": 1762076520.311, "anomalies": ["stale_timestamp: 1762076520.311 vs 1764665475.3662882"], "data_sample": {"price": 0.1677, "volume": 9.0}}}
{"timestamp": "2025-12-02T08:51:15.367287+00:00", "level": "WARNING", "module": "logger", "funcName": "_log", "lineno": 188, "event_type": "streaming_indicator_engine.data_anomalies_detected", "data": {"symbol": "ARIA_USDT", "timestamp": 1762076531.311, "anomalies": ["stale_timestamp: 1762076531.311 vs 1764665475.3672879"], "data_sample": {"price": 0.16778, "volume": 10.0}}}
{"timestamp": "2025-12-02T08:51:15.367812+00:00", "level": "WARNING", "module": "logger", "funcName": "_log", "lineno": 188, "event_type": "streaming_indicator_engine.data_anomalies_detected", "data": {"symbol": "ARIA_USDT", "timestamp": 1762076537.311, "anomalies": ["stale_timestamp: 1762076537.311 vs 1764665475.3678126"], "data_sample": {"price": 0.16777, "volume": 10.0}}}
{"timestamp": "2025-12-02T08:51:15.369333+00:00", "level": "WARNING", "module": "logger", "funcName": "_log", "lineno": 188, "event_type": "streaming_indicator_engine.data_anomalies_detected", "data": {"symbol": "ARIA_USDT", "timestamp": 1762076543.312, "anomalies": ["stale_timestamp: 1762076543.312 vs 1764665475.3693333"], "data_sample": {"price": 0.16765, "volume": 8.0}}}
{"timestamp": "2025-12-02T08:51:15.369333+00:00", "level": "INFO", "module": "logger", "funcName": "_log", "lineno": 188, "event_type": "strategy_manager.indicator_update_received", "data": {"symbol": "ARIA_USDT", "indicator_name": "11b8be00-eed3-48fe-b359-df47b297226c_20", "indicator_type": "", "value": 0.007807839091349851, "active_strategies_for_symbol": true, "active_count": 3}}
{"timestamp": "2025-12-02T08:51:15.369333+00:00", "level": "WARNING", "module": "logger", "funcName": "_log", "lineno": 188, "event_type": "streaming_indicator_engine.data_anomalies_detected", "data": {"symbol": "ARIA_USDT", "timestamp": 1762076551.311, "anomalies": ["stale_timestamp: 1762076551.311 vs 1764665475.3693333"], "data_sample": {"price": 0.16776, "volume": 7.0}}}
{"timestamp": "2025-12-02T08:51:15.370711+00:00", "level": "WARNING", "module": "logger", "funcName": "_log", "lineno": 188, "event_type": "streaming_indicator_engine.data_anomalies_detected", "data": {"symbol": "ARIA_USDT", "timestamp": 1762076567.313999, "anomalies": ["stale_timestamp: 1762076567.313999 vs 1764665475.3707113"], "data_sample": {"price": 0.16779, "volume": 4.0}}}
{"timestamp": "2025-12-02T08:51:15.370711+00:00", "level": "WARNING", "module": "logger", "funcName": "_log", "lineno": 188, "event_type": "streaming_indicator_engine.data_anomalies_detected", "data": {"symbol": "ARIA_USDT", "timestamp": 1762076582.312999, "anomalies": ["stale_timestamp: 1762076582.312999 vs 1764665475.3707113"], "data_sample": {"price": 0.16774, "volume": 4.0}}}
{"timestamp": "2025-12-02T08:51:15.371718+00:00", "level": "WARNING", "module": "logger", "funcName": "_log", "lineno": 188, "event_type": "streaming_indicator_engine.data_anomalies_detected", "data": {"symbol": "ARIA_USDT", "timestamp": 1762076595.309999, "anomalies": ["stale_timestamp: 1762076595.309999 vs 1764665475.3717186"], "data_sample": {"price": 0.16776, "volume": 10.0}}}
{"timestamp": "2025-12-02T08:51:15.371718+00:00", "level": "WARNING", "module": "logger", "funcName": "_log", "lineno": 188, "event_type": "streaming_indicator_engine.data_anomalies_detected", "data": {"symbol": "ARIA_USDT", "timestamp": 1762076606.309999, "anomalies": ["stale_timestamp: 1762076606.309999 vs 1764665475.3717186"], "data_sample": {"price": 0.16772, "volume": 9.0}}}
{"timestamp": "2025-12-02T08:51:15.372717+00:00", "level": "WARNING", "module": "logger", "funcName": "_log", "lineno": 188, "event_type": "streaming_indicator_engine.data_anomalies_detected", "data": {"symbol": "ARIA_USDT", "timestamp": 1762076620.309999, "anomalies": ["stale_timestamp: 1762076620.309999 vs 1764665475.3727176"], "data_sample": {"price": 0.16764, "volume": 5.0}}}
{"timestamp": "2025-12-02T08:51:15.374715+00:00", "level": "INFO", "module": "logger", "funcName": "_log", "lineno": 188, "event_type": "strategy_manager.indicator_update_received", "data": {"symbol": "ARIA_USDT", "indicator_name": "f1c5bf73-df7f-4889-b417-fc3fcd71a9f7_20", "indicator_type": "", "value": 62.47901663676024, "active_strategies_for_symbol": true, "active_count": 3}}
{"timestamp": "2025-12-02T08:51:15.375716+00:00", "level": "WARNING", "module": "logger", "funcName": "_log", "lineno": 188, "event_type": "streaming_indicator_engine.data_anomalies_detected", "data": {"symbol": "ARIA_USDT", "timestamp": 1762076628.311, "anomalies": ["stale_timestamp: 1762076628.311 vs 1764665475.3757167"], "data_sample": {"price": 0.16761, "volume": 7.0}}}
{"timestamp": "2025-12-02T08:51:15.375716+00:00", "level": "WARNING", "module": "logger", "funcName": "_log", "lineno": 188, "event_type": "streaming_indicator_engine.data_anomalies_detected", "data": {"symbol": "ARIA_USDT", "timestamp": 1762076638.312999, "anomalies": ["stale_timestamp: 1762076638.312999 vs 1764665475.3757167"], "data_sample": {"price": 0.16763, "volume": 10.0}}}
{"timestamp": "2025-12-02T08:51:15.376728+00:00", "level": "WARNING", "module": "logger", "funcName": "_log", "lineno": 188, "event_type": "streaming_indicator_engine.data_anomalies_detected", "data": {"symbol": "ARIA_USDT", "timestamp": 1762076647.309999, "anomalies": ["stale_timestamp: 1762076647.309999 vs 1764665475.3767285"], "data_sample": {"price": 0.16762, "volume": 4.0}}}
{"timestamp": "2025-12-02T08:51:15.376728+00:00", "level": "WARNING", "module": "logger", "funcName": "_log", "lineno": 188, "event_type": "streaming_indicator_engine.data_anomalies_detected", "data": {"symbol": "ARIA_USDT", "timestamp": 1762076653.309999, "anomalies": ["stale_timestamp: 1762076653.309999 vs 1764665475.3767285"], "data_sample": {"price": 0.16761, "volume": 9.0}}}
{"timestamp": "2025-12-02T08:51:15.377722+00:00", "level": "WARNING", "module": "logger", "funcName": "_log", "lineno": 188, "event_type": "streaming_indicator_engine.data_anomalies_detected", "data": {"symbol": "ARIA_USDT", "timestamp": 1762076666.309999, "anomalies": ["stale_timestamp: 1762076666.309999 vs 1764665475.3777227"], "data_sample": {"price": 0.16763, "volume": 9.0}}}
{"timestamp": "2025-12-02T08:51:15.377722+00:00", "level": "WARNING", "module": "logger", "funcName": "_log", "lineno": 188, "event_type": "streaming_indicator_engine.data_anomalies_detected", "data": {"symbol": "ARIA_USDT", "timestamp": 1762076672.308999, "anomalies": ["stale_timestamp: 1762076672.308999 vs 1764665475.3777227"], "data_sample": {"price": 0.16762, "volume": 9.0}}}
{"timestamp": "2025-12-02T08:51:15.377722+00:00", "level": "INFO", "module": "logger", "funcName": "_log", "lineno": 188, "event_type": "strategy_manager.indicator_update_received", "data": {"symbol": "ARIA_USDT", "indicator_name": "f1c5bf73-df7f-4889-b417-fc3fcd71a9f7_20", "indicator_type": "", "value": 62.47901663676024, "active_strategies_for_symbol": true, "active_count": 3}}
{"timestamp": "2025-12-02T08:51:15.377722+00:00", "level": "WARNING", "module": "logger", "funcName": "_log", "lineno": 188, "event_type": "streaming_indicator_engine.data_anomalies_detected", "data": {"symbol": "ARIA_USDT", "timestamp": 1762076685.309999, "anomalies": ["stale_timestamp: 1762076685.309999 vs 1764665475.3777227"], "data_sample": {"price": 0.16732, "volume": 9.0}}}
{"timestamp": "2025-12-02T08:51:15.379227+00:00", "level": "WARNING", "module": "logger", "funcName": "_log", "lineno": 188, "event_type": "streaming_indicator_engine.data_anomalies_detected", "data": {"symbol": "ARIA_USDT", "timestamp": 1762076699.311, "anomalies": ["stale_timestamp: 1762076699.311 vs 1764665475.3792274"], "data_sample": {"price": 0.16737, "volume": 11.0}}}
{"timestamp": "2025-12-02T08:51:15.380251+00:00", "level": "WARNING", "module": "logger", "funcName": "_log", "lineno": 188, "event_type": "streaming_indicator_engine.data_anomalies_detected", "data": {"symbol": "ARIA_USDT", "timestamp": 1762076713.309999, "anomalies": ["stale_timestamp: 1762076713.309999 vs 1764665475.3792274"], "data_sample": {"price": 0.16735, "volume": 4.0}}}
{"timestamp": "2025-12-02T08:51:15.380251+00:00", "level": "WARNING", "module": "logger", "funcName": "_log", "lineno": 188, "event_type": "streaming_indicator_engine.data_anomalies_detected", "data": {"symbol": "ARIA_USDT", "timestamp": 1762076728.311, "anomalies": ["stale_timestamp: 1762076728.311 vs 1764665475.3802514"], "data_sample": {"price": 0.16739, "volume": 9.0}}}
{"timestamp": "2025-12-02T08:51:15.380251+00:00", "level": "WARNING", "module": "logger", "funcName": "_log", "lineno": 188, "event_type": "streaming_indicator_engine.data_anomalies_detected", "data": {"symbol": "ARIA_USDT", "timestamp": 1762076734.308999, "anomalies": ["stale_timestamp: 1762076734.308999 vs 1764665475.3802514"], "data_sample": {"price": 0.16744, "volume": 9.0}}}
{"timestamp": "2025-12-02T08:51:15.381291+00:00", "level": "WARNING", "module": "logger", "funcName": "_log", "lineno": 188, "event_type": "streaming_indicator_engine.data_anomalies_detected", "data": {"symbol": "ARIA_USDT", "timestamp": 1762076750.309999, "anomalies": ["stale_timestamp: 1762076750.309999 vs 1764665475.3812919"], "data_sample": {"price": 0.16747, "volume": 10.0}}}
{"timestamp": "2025-12-02T08:51:15.381291+00:00", "level": "WARNING", "module": "logger", "funcName": "_log", "lineno": 188, "event_type": "streaming_indicator_engine.data_anomalies_detected", "data": {"symbol": "ARIA_USDT", "timestamp": 1762076759.311, "anomalies": ["stale_timestamp: 1762076759.311 vs 1764665475.3812919"], "data_sample": {"price": 0.16746, "volume": 10.0}}}
{"timestamp": "2025-12-02T08:51:15.394511+00:00", "level": "WARNING", "module": "logger", "funcName": "_log", "lineno": 188, "event_type": "streaming_indicator_engine.data_anomalies_detected", "data": {"symbol": "ARIA_USDT", "timestamp": 1762076767.309999, "anomalies": ["stale_timestamp: 1762076767.309999 vs 1764665475.3945117"], "data_sample": {"price": 0.16742, "volume": 8.0}}}
{"timestamp": "2025-12-02T08:51:15.409425+00:00", "level": "WARNING", "module": "logger", "funcName": "_log", "lineno": 188, "event_type": "streaming_indicator_engine.data_anomalies_detected", "data": {"symbol": "ARIA_USDT", "timestamp": 1762076783.312, "anomalies": ["stale_timestamp: 1762076783.312 vs 1764665475.4094253"], "data_sample": {"price": 0.16745, "volume": 8.0}}}
{"timestamp": "2025-12-02T08:51:15.424662+00:00", "level": "WARNING", "module": "logger", "funcName": "_log", "lineno": 188, "event_type": "streaming_indicator_engine.data_anomalies_detected", "data": {"symbol": "ARIA_USDT", "timestamp": 1762076789.309999, "anomalies": ["stale_timestamp: 1762076789.309999 vs 1764665475.4246626"], "data_sample": {"price": 0.16755, "volume": 9.0}}}
{"timestamp": "2025-12-02T08:51:15.440376+00:00", "level": "WARNING", "module": "logger", "funcName": "_log", "lineno": 188, "event_type": "streaming_indicator_engine.data_anomalies_detected", "data": {"symbol": "ARIA_USDT", "timestamp": 1762076803.311, "anomalies": ["stale_timestamp: 1762076803.311 vs 1764665475.440376"], "data_sample": {"price": 0.16758, "volume": 10.0}}}
{"timestamp": "2025-12-02T08:51:15.455845+00:00", "level": "WARNING", "module": "logger", "funcName": "_log", "lineno": 188, "event_type": "streaming_indicator_engine.data_anomalies_detected", "data": {"symbol": "ARIA_USDT", "timestamp": 1762076816.308999, "anomalies": ["stale_timestamp: 1762076816.308999 vs 1764665475.455845"], "data_sample": {"price": 0.16762, "volume": 9.0}}}
{"timestamp": "2025-12-02T08:51:15.471484+00:00", "level": "WARNING", "module": "logger", "funcName": "_log", "lineno": 188, "event_type": "streaming_indicator_engine.data_anomalies_detected", "data": {"symbol": "ARIA_USDT", "timestamp": 1762076825.312999, "anomalies": ["stale_timestamp: 1762076825.312999 vs 1764665475.471485"], "data_sample": {"price": 0.16751, "volume": 10.0}}}
{"timestamp": "2025-12-02T08:51:15.487552+00:00", "level": "WARNING", "module": "logger", "funcName": "_log", "lineno": 188, "event_type": "streaming_indicator_engine.data_anomalies_detected", "data": {"symbol": "ARIA_USDT", "timestamp": 1762076831.316999, "anomalies": ["stale_timestamp: 1762076831.316999 vs 1764665475.4875522"], "data_sample": {"price": 0.1674, "volume": 6.0}}}
{"timestamp": "2025-12-02T08:51:15.503213+00:00", "level": "WARNING", "module": "logger", "funcName": "_log", "lineno": 188, "event_type": "streaming_indicator_engine.data_anomalies_detected", "data": {"symbol": "ARIA_USDT", "timestamp": 1762076839.311, "anomalies": ["stale_timestamp: 1762076839.311 vs 1764665475.5032134"], "data_sample": {"price": 0.16741, "volume": 8.0}}}
{"timestamp": "2025-12-02T08:51:15.520285+00:00", "level": "WARNING", "module": "logger", "funcName": "_log", "lineno": 188, "event_type": "streaming_indicator_engine.data_anomalies_detected", "data": {"symbol": "ARIA_USDT", "timestamp": 1762076846.312, "anomalies": ["stale_timestamp: 1762076846.312 vs 1764665475.5202856"], "data_sample": {"price": 0.1674, "volume": 6.0}}}
{"timestamp": "2025-12-02T08:51:15.535552+00:00", "level": "WARNING", "module": "logger", "funcName": "_log", "lineno": 188, "event_type": "streaming_indicator_engine.data_anomalies_detected", "data": {"symbol": "ARIA_USDT", "timestamp": 1762076859.309999, "anomalies": ["stale_timestamp: 1762076859.309999 vs 1764665475.5345223"], "data_sample": {"price": 0.16723, "volume": 5.0}}}
{"timestamp": "2025-12-02T08:51:15.551165+00:00", "level": "WARNING", "module": "logger", "funcName": "_log", "lineno": 188, "event_type": "streaming_indicator_engine.data_anomalies_detected", "data": {"symbol": "ARIA_USDT", "timestamp": 1762076870.309999, "anomalies": ["stale_timestamp: 1762076870.309999 vs 1764665475.5511649"], "data_sample": {"price": 0.16724, "volume": 9.0}}}
{"timestamp": "2025-12-02T08:51:15.565306+00:00", "level": "WARNING", "module": "logger", "funcName": "_log", "lineno": 188, "event_type": "streaming_indicator_engine.data_anomalies_detected", "data": {"symbol": "ARIA_USDT", "timestamp": 1762076878.309999, "anomalies": ["stale_timestamp: 1762076878.309999 vs 1764665475.5653067"], "data_sample": {"price": 0.16731, "volume": 4.0}}}
{"timestamp": "2025-12-02T08:51:15.580159+00:00", "level": "WARNING", "module": "logger", "funcName": "_log", "lineno": 188, "event_type": "streaming_indicator_engine.data_anomalies_detected", "data": {"symbol": "ARIA_USDT", "timestamp": 1762076892.311, "anomalies": ["stale_timestamp: 1762076892.311 vs 1764665475.5801592"], "data_sample": {"price": 0.16728, "volume": 9.0}}}
{"timestamp": "2025-12-02T08:51:15.610254+00:00", "level": "WARNING", "module": "logger", "funcName": "_log", "lineno": 188, "event_type": "streaming_indicator_engine.data_anomalies_detected", "data": {"symbol": "ARIA_USDT", "timestamp": 1762076900.309999, "anomalies": ["stale_timestamp: 1762076900.309999 vs 1764665475.6102545"], "data_sample": {"price": 0.16731, "volume": 7.0}}}
{"timestamp": "2025-12-02T08:51:15.611249+00:00", "level": "INFO", "module": "logger", "funcName": "_log", "lineno": 188, "event_type": "strategy_manager.indicator_update_received", "data": {"symbol": "ARIA_USDT", "indicator_name": "790d8eed-dc95-43ff-b625-1205d256154b_20", "indicator_type": "", "value": -0.0008017275756932553, "active_strategies_for_symbol": true, "active_count": 3}}
{"timestamp": "2025-12-02T08:51:15.612244+00:00", "level": "WARNING", "module": "logger", "funcName": "_log", "lineno": 188, "event_type": "streaming_indicator_engine.data_anomalies_detected", "data": {"symbol": "ARIA_USDT", "timestamp": 1762076915.308999, "anomalies": ["stale_timestamp: 1762076915.308999 vs 1764665475.6122441"], "data_sample": {"price": 0.16729, "volume": 4.0}}}
{"timestamp": "2025-12-02T08:51:15.612244+00:00", "level": "WARNING", "module": "logger", "funcName": "_log", "lineno": 188, "event_type": "streaming_indicator_engine.data_anomalies_detected", "data": {"symbol": "ARIA_USDT", "timestamp": 1762076929.309999, "anomalies": ["stale_timestamp: 1762076929.309999 vs 1764665475.6122441"], "data_sample": {"price": 0.16725, "volume": 11.0}}}
{"timestamp": "2025-12-02T08:51:15.613244+00:00", "level": "WARNING", "module": "logger", "funcName": "_log", "lineno": 188, "event_type": "streaming_indicator_engine.data_anomalies_detected", "data": {"symbol": "ARIA_USDT", "timestamp": 1762076940.312999, "anomalies": ["stale_timestamp: 1762076940.312999 vs 1764665475.6132445"], "data_sample": {"price": 0.16733, "volume": 8.0}}}
{"timestamp": "2025-12-02T08:51:15.613244+00:00", "level": "WARNING", "module": "logger", "funcName": "_log", "lineno": 188, "event_type": "streaming_indicator_engine.data_anomalies_detected", "data": {"symbol": "ARIA_USDT", "timestamp": 1762076949.324999, "anomalies": ["stale_timestamp: 1762076949.324999 vs 1764665475.6132445"], "data_sample": {"price": 0.1673, "volume": 8.0}}}
{"timestamp": "2025-12-02T08:51:15.614243+00:00", "level": "WARNING", "module": "logger", "funcName": "_log", "lineno": 188, "event_type": "streaming_indicator_engine.data_anomalies_detected", "data": {"symbol": "ARIA_USDT", "timestamp": 1762076965.316, "anomalies": ["stale_timestamp: 1762076965.316 vs 1764665475.6132445"], "data_sample": {"price": 0.16729, "volume": 4.0}}}
{"timestamp": "2025-12-02T08:51:15.614243+00:00", "level": "INFO", "module": "logger", "funcName": "_log", "lineno": 188, "event_type": "strategy_manager.indicator_update_received", "data": {"symbol": "ARIA_USDT", "indicator_name": "790d8eed-dc95-43ff-b625-1205d256154b_20", "indicator_type": "", "value": -0.0008017275756932553, "active_strategies_for_symbol": true, "active_count": 3}}
{"timestamp": "2025-12-02T08:51:15.614243+00:00", "level": "WARNING", "module": "logger", "funcName": "_log", "lineno": 188, "event_type": "streaming_indicator_engine.data_anomalies_detected", "data": {"symbol": "ARIA_USDT", "timestamp": 1762076978.312, "anomalies": ["stale_timestamp: 1762076978.312 vs 1764665475.6142437"], "data_sample": {"price": 0.1673, "volume": 9.0}}}
{"timestamp": "2025-12-02T08:51:15.615244+00:00", "level": "WARNING", "module": "logger", "funcName": "_log", "lineno": 188, "event_type": "streaming_indicator_engine.data_anomalies_detected", "data": {"symbol": "ARIA_USDT", "timestamp": 1762076990.315, "anomalies": ["stale_timestamp: 1762076990.315 vs 1764665475.6142437"], "data_sample": {"price": 0.16733, "volume": 10.0}}}
{"timestamp": "2025-12-02T08:51:15.615244+00:00", "level": "WARNING", "module": "logger", "funcName": "_log", "lineno": 188, "event_type": "streaming_indicator_engine.data_anomalies_detected", "data": {"symbol": "ARIA_USDT", "timestamp": 1762076997.315, "anomalies": ["stale_timestamp: 1762076997.315 vs 1764665475.6152446"], "data_sample": {"price": 0.16726, "volume": 12.0}}}
{"timestamp": "2025-12-02T08:51:15.615244+00:00", "level": "WARNING", "module": "logger", "funcName": "_log", "lineno": 188, "event_type": "streaming_indicator_engine.data_anomalies_detected", "data": {"symbol": "ARIA_USDT", "timestamp": 1762077007.309999, "anomalies": ["stale_timestamp: 1762077007.309999 vs 1764665475.6152446"], "data_sample": {"price": 0.16719, "volume": 4.0}}}
{"timestamp": "2025-12-02T08:51:15.615244+00:00", "level": "WARNING", "module": "logger", "funcName": "_log", "lineno": 188, "event_type": "streaming_indicator_engine.data_anomalies_detected", "data": {"symbol": "ARIA_USDT", "timestamp": 1762077018.309999, "anomalies": ["stale_timestamp: 1762077018.309999 vs 1764665475.6152446"], "data_sample": {"price": 0.16722, "volume": 8.0}}}
{"timestamp": "2025-12-02T08:51:15.616243+00:00", "level": "WARNING", "module": "logger", "funcName": "_log", "lineno": 188, "event_type": "streaming_indicator_engine.data_anomalies_detected", "data": {"symbol": "ARIA_USDT", "timestamp": 1762077025.309999, "anomalies": ["stale_timestamp: 1762077025.309999 vs 1764665475.6162431"], "data_sample": {"price": 0.16726, "volume": 5.0}}}
{"timestamp": "2025-12-02T08:51:15.616243+00:00", "level": "WARNING", "module": "logger", "funcName": "_log", "lineno": 188, "event_type": "streaming_indicator_engine.data_anomalies_detected", "data": {"symbol": "ARIA_USDT", "timestamp": 1762077033.311, "anomalies": ["stale_timestamp: 1762077033.311 vs 1764665475.6162431"], "data_sample": {"price": 0.16725, "volume": 4.0}}}
{"timestamp": "2025-12-02T08:51:15.641324+00:00", "level": "WARNING", "module": "logger", "funcName": "_log", "lineno": 188, "event_type": "streaming_indicator_engine.data_anomalies_detected", "data": {"symbol": "ARIA_USDT", "timestamp": 1762077042.309999, "anomalies": ["stale_timestamp: 1762077042.309999 vs 1764665475.641324"], "data_sample": {"price": 0.16724, "volume": 4.0}}}
{"timestamp": "2025-12-02T08:51:15.657016+00:00", "level": "WARNING", "module": "logger", "funcName": "_log", "lineno": 188, "event_type": "streaming_indicator_engine.data_anomalies_detected", "data": {"symbol": "ARIA_USDT", "timestamp": 1762077051.309999, "anomalies": ["stale_timestamp: 1762077051.309999 vs 1764665475.6570163"], "data_sample": {"price": 0.16725, "volume": 4.0}}}
{"timestamp": "2025-12-02T08:51:15.672480+00:00", "level": "WARNING", "module": "logger", "funcName": "_log", "lineno": 188, "event_type": "streaming_indicator_engine.data_anomalies_detected", "data": {"symbol": "ARIA_USDT", "timestamp": 1762077057.312999, "anomalies": ["stale_timestamp: 1762077057.312999 vs 1764665475.6724806"], "data_sample": {"price": 0.16726, "volume": 3.0}}}
{"timestamp": "2025-12-02T08:51:15.688052+00:00", "level": "WARNING", "module": "logger", "funcName": "_log", "lineno": 188, "event_type": "streaming_indicator_engine.data_anomalies_detected", "data": {"symbol": "ARIA_USDT", "timestamp": 1762077067.316999, "anomalies": ["stale_timestamp: 1762077067.316999 vs 1764665475.688052"], "data_sample": {"price": 0.16725, "volume": 8.0}}}
{"timestamp": "2025-12-02T08:51:15.703358+00:00", "level": "WARNING", "module": "logger", "funcName": "_log", "lineno": 188, "event_type": "streaming_indicator_engine.data_anomalies_detected", "data": {"symbol": "ARIA_USDT", "timestamp": 1762077081.308, "anomalies": ["stale_timestamp: 1762077081.308 vs 1764665475.7033584"], "data_sample": {"price": 0.16714, "volume": 6.0}}}
{"timestamp": "2025-12-02T08:51:15.719634+00:00", "level": "WARNING", "module": "logger", "funcName": "_log", "lineno": 188, "event_type": "streaming_indicator_engine.data_anomalies_detected", "data": {"symbol": "ARIA_USDT", "timestamp": 1762077089.311, "anomalies": ["stale_timestamp: 1762077089.311 vs 1764665475.718021"], "data_sample": {"price": 0.16711, "volume": 4.0}}}
{"timestamp": "2025-12-02T08:51:15.734337+00:00", "level": "WARNING", "module": "logger", "funcName": "_log", "lineno": 188, "event_type": "streaming_indicator_engine.data_anomalies_detected", "data": {"symbol": "ARIA_USDT", "timestamp": 1762077098.311, "anomalies": ["stale_timestamp: 1762077098.311 vs 1764665475.7333064"], "data_sample": {"price": 0.16702, "volume": 4.0}}}
{"timestamp": "2025-12-02T08:51:15.749710+00:00", "level": "WARNING", "module": "logger", "funcName": "_log", "lineno": 188, "event_type": "streaming_indicator_engine.data_anomalies_detected", "data": {"symbol": "ARIA_USDT", "timestamp": 1762077107.335, "anomalies": ["stale_timestamp: 1762077107.335 vs 1764665475.7492049"], "data_sample": {"price": 0.167, "volume": 26.0}}}
{"timestamp": "2025-12-02T08:51:15.765053+00:00", "level": "WARNING", "module": "logger", "funcName": "_log", "lineno": 188, "event_type": "streaming_indicator_engine.data_anomalies_detected", "data": {"symbol": "ARIA_USDT", "timestamp": 1762077121.309999, "anomalies": ["stale_timestamp: 1762077121.309999 vs 1764665475.7650537"], "data_sample": {"price": 0.16704, "volume": 8.0}}}
{"timestamp": "2025-12-02T08:51:15.780473+00:00", "level": "WARNING", "module": "logger", "funcName": "_log", "lineno": 188, "event_type": "streaming_indicator_engine.data_anomalies_detected", "data": {"symbol": "ARIA_USDT", "timestamp": 1762077123.420999, "anomalies": ["stale_timestamp: 1762077123.420999 vs 1764665475.780474"], "data_sample": {"price": 0.167, "volume": 59.0}}}
{"timestamp": "2025-12-02T08:51:15.796490+00:00", "level": "WARNING", "module": "logger", "funcName": "_log", "lineno": 188, "event_type": "streaming_indicator_engine.data_anomalies_detected", "data": {"symbol": "ARIA_USDT", "timestamp": 1762077139.311, "anomalies": ["stale_timestamp: 1762077139.311 vs 1764665475.7956252"], "data_sample": {"price": 0.16703, "volume": 5.0}}}
{"timestamp": "2025-12-02T08:51:15.811463+00:00", "level": "WARNING", "module": "logger", "funcName": "_log", "lineno": 188, "event_type": "streaming_indicator_engine.data_anomalies_detected", "data": {"symbol": "ARIA_USDT", "timestamp": 1762077152.308999, "anomalies": ["stale_timestamp: 1762077152.308999 vs 1764665475.811463"], "data_sample": {"price": 0.16708, "volume": 9.0}}}
{"timestamp": "2025-12-02T08:51:15.826811+00:00", "level": "WARNING", "module": "logger", "funcName": "_log", "lineno": 188, "event_type": "streaming_indicator_engine.data_anomalies_detected", "data": {"symbol": "ARIA_USDT", "timestamp": 1762077163.309999, "anomalies": ["stale_timestamp: 1762077163.309999 vs 1764665475.8268118"], "data_sample": {"price": 0.16713, "volume": 11.0}}}
{"timestamp": "2025-12-02T08:51:15.841492+00:00", "level": "WARNING", "module": "logger", "funcName": "_log", "lineno": 188, "event_type": "streaming_indicator_engine.data_anomalies_detected", "data": {"symbol": "ARIA_USDT", "timestamp": 1762077172.309999, "anomalies": ["stale_timestamp: 1762077172.309999 vs 1764665475.841493"], "data_sample": {"price": 0.16706, "volume": 12.0}}}
{"timestamp": "2025-12-02T08:51:15.856908+00:00", "level": "WARNING", "module": "logger", "funcName": "_log", "lineno": 188, "event_type": "streaming_indicator_engine.data_anomalies_detected", "data": {"symbol": "ARIA_USDT", "timestamp": 1762077187.312999, "anomalies": ["stale_timestamp: 1762077187.312999 vs 1764665475.8569083"], "data_sample": {"price": 0.16705, "volume": 4.0}}}
{"timestamp": "2025-12-02T08:51:15.860418+00:00", "level": "INFO", "module": "logger", "funcName": "_log", "lineno": 188, "event_type": "strategy_manager.indicator_update_received", "data": {"symbol": "ARIA_USDT", "indicator_name": "611fad91-045d-408b-8822-f43428935033_20", "indicator_type": "", "value": 0.0005037828282300537, "active_strategies_for_symbol": true, "active_count": 3}}
{"timestamp": "2025-12-02T08:51:15.860418+00:00", "level": "WARNING", "module": "logger", "funcName": "_log", "lineno": 188, "event_type": "streaming_indicator_engine.data_anomalies_detected", "data": {"symbol": "ARIA_USDT", "timestamp": 1762077203.309999, "anomalies": ["stale_timestamp: 1762077203.309999 vs 1764665475.8604188"], "data_sample": {"price": 0.16703, "volume": 6.0}}}
{"timestamp": "2025-12-02T08:51:15.861425+00:00", "level": "WARNING", "module": "logger", "funcName": "_log", "lineno": 188, "event_type": "streaming_indicator_engine.data_anomalies_detected", "data": {"symbol": "ARIA_USDT", "timestamp": 1762077211.312, "anomalies": ["stale_timestamp: 1762077211.312 vs 1764665475.861425"], "data_sample": {"price": 0.16707, "volume": 9.0}}}
{"timestamp": "2025-12-02T08:51:15.861425+00:00", "level": "WARNING", "module": "logger", "funcName": "_log", "lineno": 188, "event_type": "streaming_indicator_engine.data_anomalies_detected", "data": {"symbol": "ARIA_USDT", "timestamp": 1762077227.312999, "anomalies": ["stale_timestamp: 1762077227.312999 vs 1764665475.861425"], "data_sample": {"price": 0.16704, "volume": 4.0}}}
{"timestamp": "2025-12-02T08:51:15.862425+00:00", "level": "WARNING", "module": "logger", "funcName": "_log", "lineno": 188, "event_type": "streaming_indicator_engine.data_anomalies_detected", "data": {"symbol": "ARIA_USDT", "timestamp": 1762077234.308999, "anomalies": ["stale_timestamp: 1762077234.308999 vs 1764665475.862425"], "data_sample": {"price": 0.16708, "volume": 8.0}}}
{"timestamp": "2025-12-02T08:51:15.863424+00:00", "level": "WARNING", "module": "logger", "funcName": "_log", "lineno": 188, "event_type": "streaming_indicator_engine.data_anomalies_detected", "data": {"symbol": "ARIA_USDT", "timestamp": 1762077247.312999, "anomalies": ["stale_timestamp: 1762077247.312999 vs 1764665475.8634245"], "data_sample": {"price": 0.16705, "volume": 7.0}}}
{"timestamp": "2025-12-02T08:51:15.863424+00:00", "level": "INFO", "module": "logger", "funcName": "_log", "lineno": 188, "event_type": "strategy_manager.indicator_update_received", "data": {"symbol": "ARIA_USDT", "indicator_name": "611fad91-045d-408b-8822-f43428935033_20", "indicator_type": "", "value": 0.0005037828282300537, "active_strategies_for_symbol": true, "active_count": 3}}
{"timestamp": "2025-12-02T08:51:15.863424+00:00", "level": "WARNING", "module": "logger", "funcName": "_log", "lineno": 188, "event_type": "streaming_indicator_engine.data_anomalies_detected", "data": {"symbol": "ARIA_USDT", "timestamp": 1762077263.309999, "anomalies": ["stale_timestamp: 1762077263.309999 vs 1764665475.8634245"], "data_sample": {"price": 0.16704, "volume": 7.0}}}
{"timestamp": "2025-12-02T08:51:15.864424+00:00", "level": "WARNING", "module": "logger", "funcName": "_log", "lineno": 188, "event_type": "streaming_indicator_engine.data_anomalies_detected", "data": {"symbol": "ARIA_USDT", "timestamp": 1762077274.309999, "anomalies": ["stale_timestamp: 1762077274.309999 vs 1764665475.8644242"], "data_sample": {"price": 0.16709, "volume": 4.0}}}
{"timestamp": "2025-12-02T08:51:15.864424+00:00", "level": "WARNING", "module": "logger", "funcName": "_log", "lineno": 188, "event_type": "streaming_indicator_engine.data_anomalies_detected", "data": {"symbol": "ARIA_USDT", "timestamp": 1762077281.311, "anomalies": ["stale_timestamp: 1762077281.311 vs 1764665475.8644242"], "data_sample": {"price": 0.16713, "volume": 12.0}}}
{"timestamp": "2025-12-02T08:51:15.865424+00:00", "level": "WARNING", "module": "logger", "funcName": "_log", "lineno": 188, "event_type": "streaming_indicator_engine.data_anomalies_detected", "data": {"symbol": "ARIA_USDT", "timestamp": 1762077290.312, "anomalies": ["stale_timestamp: 1762077290.312 vs 1764665475.8654242"], "data_sample": {"price": 0.16709, "volume": 8.0}}}
{"timestamp": "2025-12-02T08:51:15.866435+00:00", "level": "WARNING", "module": "logger", "funcName": "_log", "lineno": 188, "event_type": "streaming_indicator_engine.data_anomalies_detected", "data": {"symbol": "ARIA_USDT", "timestamp": 1762077299.312, "anomalies": ["stale_timestamp: 1762077299.312 vs 1764665475.8664358"], "data_sample": {"price": 0.16706, "volume": 8.0}}}
{"timestamp": "2025-12-02T08:51:15.866435+00:00", "level": "WARNING", "module": "logger", "funcName": "_log", "lineno": 188, "event_type": "streaming_indicator_engine.data_anomalies_detected", "data": {"symbol": "ARIA_USDT", "timestamp": 1762077309.309999, "anomalies": ["stale_timestamp: 1762077309.309999 vs 1764665475.8664358"], "data_sample": {"price": 0.16705, "volume": 6.0}}}
{"timestamp": "2025-12-02T08:51:15.867423+00:00", "level": "WARNING", "module": "logger", "funcName": "_log", "lineno": 188, "event_type": "streaming_indicator_engine.data_anomalies_detected", "data": {"symbol": "ARIA_USDT", "timestamp": 1762077318.312, "anomalies": ["stale_timestamp: 1762077318.312 vs 1764665475.867424"], "data_sample": {"price": 0.16706, "volume": 9.0}}}
{"timestamp": "2025-12-02T08:51:15.887078+00:00", "level": "WARNING", "module": "logger", "funcName": "_log", "lineno": 188, "event_type": "streaming_indicator_engine.data_anomalies_detected", "data": {"symbol": "ARIA_USDT", "timestamp": 1762077324.309999, "anomalies": ["stale_timestamp: 1762077324.309999 vs 1764665475.887079"], "data_sample": {"price": 0.1671, "volume": 5.0}}}
{"timestamp": "2025-12-02T08:51:15.903007+00:00", "level": "WARNING", "module": "logger", "funcName": "_log", "lineno": 188, "event_type": "streaming_indicator_engine.data_anomalies_detected", "data": {"symbol": "ARIA_USDT", "timestamp": 1762077335.309999, "anomalies": ["stale_timestamp: 1762077335.309999 vs 1764665475.903007"], "data_sample": {"price": 0.16709, "volume": 4.0}}}
{"timestamp": "2025-12-02T08:51:15.919978+00:00", "level": "WARNING", "module": "logger", "funcName": "_log", "lineno": 188, "event_type": "streaming_indicator_engine.data_anomalies_detected", "data": {"symbol": "ARIA_USDT", "timestamp": 1762077351.309999, "anomalies": ["stale_timestamp: 1762077351.309999 vs 1764665475.9199781"], "data_sample": {"price": 0.1671, "volume": 3.0}}}
{"timestamp": "2025-12-02T08:51:15.934246+00:00", "level": "WARNING", "module": "logger", "funcName": "_log", "lineno": 188, "event_type": "streaming_indicator_engine.data_anomalies_detected", "data": {"symbol": "ARIA_USDT", "timestamp": 1762077362.309999, "anomalies": ["stale_timestamp: 1762077362.309999 vs 1764665475.9342463"], "data_sample": {"price": 0.16716, "volume": 5.0}}}
{"timestamp": "2025-12-02T08:51:15.950382+00:00", "level": "WARNING", "module": "logger", "funcName": "_log", "lineno": 188, "event_type": "streaming_indicator_engine.data_anomalies_detected", "data": {"symbol": "ARIA_USDT", "timestamp": 1762077376.309999, "anomalies": ["stale_timestamp: 1762077376.309999 vs 1764665475.950383"], "data_sample": {"price": 0.16724, "volume": 11.0}}}
{"timestamp": "2025-12-02T08:51:15.965771+00:00", "level": "WARNING", "module": "logger", "funcName": "_log", "lineno": 188, "event_type": "streaming_indicator_engine.data_anomalies_detected", "data": {"symbol": "ARIA_USDT", "timestamp": 1762077387.309999, "anomalies": ["stale_timestamp: 1762077387.309999 vs 1764665475.9657712"], "data_sample": {"price": 0.16726, "volume": 11.0}}}
{"timestamp": "2025-12-02T08:51:15.981228+00:00", "level": "WARNING", "module": "logger", "funcName": "_log", "lineno": 188, "event_type": "streaming_indicator_engine.data_anomalies_detected", "data": {"symbol": "ARIA_USDT", "timestamp": 1762077395.309999, "anomalies": ["stale_timestamp: 1762077395.309999 vs 1764665475.9812288"], "data_sample": {"price": 0.16728, "volume": 3.0}}}
{"timestamp": "2025-12-02T08:51:15.996320+00:00", "level": "WARNING", "module": "logger", "funcName": "_log", "lineno": 188, "event_type": "streaming_indicator_engine.data_anomalies_detected", "data": {"symbol": "ARIA_USDT", "timestamp": 1762077402.309999, "anomalies": ["stale_timestamp: 1762077402.309999 vs 1764665475.9963202"], "data_sample": {"price": 0.1673, "volume": 10.0}}}
{"timestamp": "2025-12-02T08:51:16.012352+00:00", "level": "WARNING", "module": "logger", "funcName": "_log", "lineno": 188, "event_type": "streaming_indicator_engine.data_anomalies_detected", "data": {"symbol": "ARIA_USDT", "timestamp": 1762077412.311, "anomalies": ["stale_timestamp: 1762077412.311 vs 1764665476.0123522"], "data_sample": {"price": 0.16729, "volume": 7.0}}}
{"timestamp": "2025-12-02T08:51:16.027906+00:00", "level": "WARNING", "module": "logger", "funcName": "_log", "lineno": 188, "event_type": "streaming_indicator_engine.data_anomalies_detected", "data": {"symbol": "ARIA_USDT", "timestamp": 1762077421.309999, "anomalies": ["stale_timestamp: 1762077421.309999 vs 1764665476.027906"], "data_sample": {"price": 0.16727, "volume": 4.0}}}
{"timestamp": "2025-12-02T08:51:16.080892+00:00", "level": "WARNING", "module": "logger", "funcName": "_log", "lineno": 188, "event_type": "streaming_indicator_engine.data_anomalies_detected", "data": {"symbol": "ARIA_USDT", "timestamp": 1762076372.312999, "anomalies": ["stale_timestamp: 1762076372.312999 vs 1764665476.0808923"], "data_sample": {"price": 0.1671, "volume": 3.0}}}
{"timestamp": "2025-12-02T08:51:16.104473+00:00", "level": "WARNING", "module": "logger", "funcName": "_log", "lineno": 188, "event_type": "streaming_indicator_engine.data_anomalies_detected", "data": {"symbol": "ARIA_USDT", "timestamp": 1762076381.309999, "anomalies": ["stale_timestamp: 1762076381.309999 vs 1764665476.1044738"], "data_sample": {"price": 0.16715, "volume": 8.0}}}
{"timestamp": "2025-12-02T08:51:16.120685+00:00", "level": "WARNING", "module": "logger", "funcName": "_log", "lineno": 188, "event_type": "streaming_indicator_engine.data_anomalies_detected", "data": {"symbol": "ARIA_USDT", "timestamp": 1762076388.311, "anomalies": ["stale_timestamp: 1762076388.311 vs 1764665476.120685"], "data_sample": {"price": 0.16714, "volume": 9.0}}}
{"timestamp": "2025-12-02T08:51:16.135327+00:00", "level": "WARNING", "module": "logger", "funcName": "_log", "lineno": 188, "event_type": "streaming_indicator_engine.data_anomalies_detected", "data": {"symbol": "ARIA_USDT", "timestamp": 1762076401.309999, "anomalies": ["stale_timestamp: 1762076401.309999 vs 1764665476.1353276"], "data_sample": {"price": 0.16717, "volume": 7.0}}}
{"timestamp": "2025-12-02T08:51:16.150802+00:00", "level": "WARNING", "module": "logger", "funcName": "_log", "lineno": 188, "event_type": "streaming_indicator_engine.data_anomalies_detected", "data": {"symbol": "ARIA_USDT", "timestamp": 1762076408.312, "anomalies": ["stale_timestamp: 1762076408.312 vs 1764665476.1508026"], "data_sample": {"price": 0.16713, "volume": 3.0}}}
{"timestamp": "2025-12-02T08:51:16.166048+00:00", "level": "WARNING", "module": "logger", "funcName": "_log", "lineno": 188, "event_type": "streaming_indicator_engine.data_anomalies_detected", "data": {"symbol": "ARIA_USDT", "timestamp": 1762076417.311, "anomalies": ["stale_timestamp: 1762076417.311 vs 1764665476.166049"], "data_sample": {"price": 0.16708, "volume": 3.0}}}
{"timestamp": "2025-12-02T08:51:16.180880+00:00", "level": "WARNING", "module": "logger", "funcName": "_log", "lineno": 188, "event_type": "streaming_indicator_engine.data_anomalies_detected", "data": {"symbol": "ARIA_USDT", "timestamp": 1762076427.308999, "anomalies": ["stale_timestamp: 1762076427.308999 vs 1764665476.18088"], "data_sample": {"price": 0.16707, "volume": 12.0}}}
{"timestamp": "2025-12-02T08:51:16.196526+00:00", "level": "WARNING", "module": "logger", "funcName": "_log", "lineno": 188, "event_type": "streaming_indicator_engine.data_anomalies_detected", "data": {"symbol": "ARIA_USDT", "timestamp": 1762076435.309999, "anomalies": ["stale_timestamp: 1762076435.309999 vs 1764665476.1965265"], "data_sample": {"price": 0.1671, "volume": 4.0}}}
{"timestamp": "2025-12-02T08:51:16.212005+00:00", "level": "WARNING", "module": "logger", "funcName": "_log", "lineno": 188, "event_type": "streaming_indicator_engine.data_anomalies_detected", "data": {"symbol": "ARIA_USDT", "timestamp": 1762076447.309999, "anomalies": ["stale_timestamp: 1762076447.309999 vs 1764665476.2120054"], "data_sample": {"price": 0.16708, "volume": 9.0}}}
{"timestamp": "2025-12-02T08:51:16.227677+00:00", "level": "WARNING", "module": "logger", "funcName": "_log", "lineno": 188, "event_type": "streaming_indicator_engine.data_anomalies_detected", "data": {"symbol": "ARIA_USDT", "timestamp": 1762076462.309999, "anomalies": ["stale_timestamp: 1762076462.309999 vs 1764665476.2276776"], "data_sample": {"price": 0.16726, "volume": 10.0}}}
{"timestamp": "2025-12-02T08:51:16.242770+00:00", "level": "WARNING", "module": "logger", "funcName": "_log", "lineno": 188, "event_type": "streaming_indicator_engine.data_anomalies_detected", "data": {"symbol": "ARIA_USDT", "timestamp": 1762076476.308999, "anomalies": ["stale_timestamp: 1762076476.308999 vs 1764665476.2427707"], "data_sample": {"price": 0.16745, "volume": 9.0}}}
{"timestamp": "2025-12-02T08:51:16.258262+00:00", "level": "WARNING", "module": "logger", "funcName": "_log", "lineno": 188, "event_type": "streaming_indicator_engine.data_anomalies_detected", "data": {"symbol": "ARIA_USDT", "timestamp": 1762076490.311, "anomalies": ["stale_timestamp: 1762076490.311 vs 1764665476.2582622"], "data_sample": {"price": 0.16766, "volume": 7.0}}}
{"timestamp": "2025-12-02T08:51:16.273374+00:00", "level": "WARNING", "module": "logger", "funcName": "_log", "lineno": 188, "event_type": "streaming_indicator_engine.data_anomalies_detected", "data": {"symbol": "ARIA_USDT", "timestamp": 1762076501.311, "anomalies": ["stale_timestamp: 1762076501.311 vs 1764665476.2733746"], "data_sample": {"price": 0.16763, "volume": 5.0}}}
{"timestamp": "2025-12-02T08:51:16.289579+00:00", "level": "WARNING", "module": "logger", "funcName": "_log", "lineno": 188, "event_type": "streaming_indicator_engine.data_anomalies_detected", "data": {"symbol": "ARIA_USDT", "timestamp": 1762076514.408999, "anomalies": ["stale_timestamp: 1762076514.408999 vs 1764665476.2890654"], "data_sample": {"price": 0.16766, "volume": 10.0}}}
{"timestamp": "2025-12-02T08:51:16.305379+00:00", "level": "WARNING", "module": "logger", "funcName": "_log", "lineno": 188, "event_type": "streaming_indicator_engine.data_anomalies_detected", "data": {"symbol": "ARIA_USDT", "timestamp": 1762076520.311, "anomalies": ["stale_timestamp: 1762076520.311 vs 1764665476.304386"], "data_sample": {"price": 0.1677, "volume": 9.0}}}
{"timestamp": "2025-12-02T08:51:16.320700+00:00", "level": "WARNING", "module": "logger", "funcName": "_log", "lineno": 188, "event_type": "streaming_indicator_engine.data_anomalies_detected", "data": {"symbol": "ARIA_USDT", "timestamp": 1762076531.311, "anomalies": ["stale_timestamp: 1762076531.311 vs 1764665476.3196886"], "data_sample": {"price": 0.16778, "volume": 10.0}}}
{"timestamp": "2025-12-02T08:51:16.335492+00:00", "level": "WARNING", "module": "logger", "funcName": "_log", "lineno": 188, "event_type": "streaming_indicator_engine.data_anomalies_detected", "data": {"symbol": "ARIA_USDT", "timestamp": 1762076537.311, "anomalies": ["stale_timestamp: 1762076537.311 vs 1764665476.3354928"], "data_sample": {"price": 0.16777, "volume": 10.0}}}
{"timestamp": "2025-12-02T08:51:16.350884+00:00", "level": "WARNING", "module": "logger", "funcName": "_log", "lineno": 188, "event_type": "streaming_indicator_engine.data_anomalies_detected", "data": {"symbol": "ARIA_USDT", "timestamp": 1762076543.312, "anomalies": ["stale_timestamp: 1762076543.312 vs 1764665476.3508842"], "data_sample": {"price": 0.16765, "volume": 8.0}}}
{"timestamp": "2025-12-02T08:51:16.366608+00:00", "level": "WARNING", "module": "logger", "funcName": "_log", "lineno": 188, "event_type": "streaming_indicator_engine.data_anomalies_detected", "data": {"symbol": "ARIA_USDT", "timestamp": 1762076551.311, "anomalies": ["stale_timestamp: 1762076551.311 vs 1764665476.3666089"], "data_sample": {"price": 0.16776, "volume": 7.0}}}
{"timestamp": "2025-12-02T08:51:16.369698+00:00", "level": "INFO", "module": "logger", "funcName": "_log", "lineno": 188, "event_type": "strategy_manager.indicator_update_received", "data": {"symbol": "ARIA_USDT", "indicator_name": "11b8be00-eed3-48fe-b359-df47b297226c_20", "indicator_type": "", "value": 0.00038438616134242056, "active_strategies_for_symbol": true, "active_count": 3}}
{"timestamp": "2025-12-02T08:51:16.371705+00:00", "level": "WARNING", "module": "logger", "funcName": "_log", "lineno": 188, "event_type": "streaming_indicator_engine.data_anomalies_detected", "data": {"symbol": "ARIA_USDT", "timestamp": 1762076567.313999, "anomalies": ["stale_timestamp: 1762076567.313999 vs 1764665476.3717053"], "data_sample": {"price": 0.16779, "volume": 4.0}}}
{"timestamp": "2025-12-02T08:51:16.372716+00:00", "level": "WARNING", "module": "logger", "funcName": "_log", "lineno": 188, "event_type": "streaming_indicator_engine.data_anomalies_detected", "data": {"symbol": "ARIA_USDT", "timestamp": 1762076582.312999, "anomalies": ["stale_timestamp: 1762076582.312999 vs 1764665476.372716"], "data_sample": {"price": 0.16774, "volume": 4.0}}}
{"timestamp": "2025-12-02T08:51:16.373708+00:00", "level": "WARNING", "module": "logger", "funcName": "_log", "lineno": 188, "event_type": "streaming_indicator_engine.data_anomalies_detected", "data": {"symbol": "ARIA_USDT", "timestamp": 1762076595.309999, "anomalies": ["stale_timestamp: 1762076595.309999 vs 1764665476.373708"], "data_sample": {"price": 0.16776, "volume": 10.0}}}
{"timestamp": "2025-12-02T08:51:16.374707+00:00", "level": "WARNING", "module": "logger", "funcName": "_log", "lineno": 188, "event_type": "streaming_indicator_engine.data_anomalies_detected", "data": {"symbol": "ARIA_USDT", "timestamp": 1762076606.309999, "anomalies": ["stale_timestamp: 1762076606.309999 vs 1764665476.373708"], "data_sample": {"price": 0.16772, "volume": 9.0}}}
{"timestamp": "2025-12-02T08:51:16.374707+00:00", "level": "WARNING", "module": "logger", "funcName": "_log", "lineno": 188, "event_type": "streaming_indicator_engine.data_anomalies_detected", "data": {"symbol": "ARIA_USDT", "timestamp": 1762076620.309999, "anomalies": ["stale_timestamp: 1762076620.309999 vs 1764665476.3747075"], "data_sample": {"price": 0.16764, "volume": 5.0}}}
{"timestamp": "2025-12-02T08:51:16.375706+00:00", "level": "INFO", "module": "logger", "funcName": "_log", "lineno": 188, "event_type": "strategy_manager.indicator_update_received", "data": {"symbol": "ARIA_USDT", "indicator_name": "11b8be00-eed3-48fe-b359-df47b297226c_20", "indicator_type": "", "value": 0.00038438616134242056, "active_strategies_for_symbol": true, "active_count": 3}}
{"timestamp": "2025-12-02T08:51:16.375706+00:00", "level": "WARNING", "module": "logger", "funcName": "_log", "lineno": 188, "event_type": "streaming_indicator_engine.data_anomalies_detected", "data": {"symbol": "ARIA_USDT", "timestamp": 1762076628.311, "anomalies": ["stale_timestamp: 1762076628.311 vs 1764665476.3757064"], "data_sample": {"price": 0.16761, "volume": 7.0}}}
{"timestamp": "2025-12-02T08:51:16.375706+00:00", "level": "WARNING", "module": "logger", "funcName": "_log", "lineno": 188, "event_type": "streaming_indicator_engine.data_anomalies_detected", "data": {"symbol": "ARIA_USDT", "timestamp": 1762076638.312999, "anomalies": ["stale_timestamp: 1762076638.312999 vs 1764665476.3757064"], "data_sample": {"price": 0.16763, "volume": 10.0}}}
{"timestamp": "2025-12-02T08:51:16.376708+00:00", "level": "WARNING", "module": "logger", "funcName": "_log", "lineno": 188, "event_type": "streaming_indicator_engine.data_anomalies_detected", "data": {"symbol": "ARIA_USDT", "timestamp": 1762076647.309999, "anomalies": ["stale_timestamp: 1762076647.309999 vs 1764665476.3767085"], "data_sample": {"price": 0.16762, "volume": 4.0}}}
{"timestamp": "2025-12-02T08:51:16.376708+00:00", "level": "WARNING", "module": "logger", "funcName": "_log", "lineno": 188, "event_type": "streaming_indicator_engine.data_anomalies_detected", "data": {"symbol": "ARIA_USDT", "timestamp": 1762076653.309999, "anomalies": ["stale_timestamp: 1762076653.309999 vs 1764665476.3767085"], "data_sample": {"price": 0.16761, "volume": 9.0}}}
{"timestamp": "2025-12-02T08:51:16.377706+00:00", "level": "WARNING", "module": "logger", "funcName": "_log", "lineno": 188, "event_type": "streaming_indicator_engine.data_anomalies_detected", "data": {"symbol": "ARIA_USDT", "timestamp": 1762076666.309999, "anomalies": ["stale_timestamp: 1762076666.309999 vs 1764665476.3777068"], "data_sample": {"price": 0.16763, "volume": 9.0}}}
{"timestamp": "2025-12-02T08:51:16.377706+00:00", "level": "WARNING", "module": "logger", "funcName": "_log", "lineno": 188, "event_type": "streaming_indicator_engine.data_anomalies_detected", "data": {"symbol": "ARIA_USDT", "timestamp": 1762076672.308999, "anomalies": ["stale_timestamp: 1762076672.308999 vs 1764665476.3777068"], "data_sample": {"price": 0.16762, "volume": 9.0}}}
{"timestamp": "2025-12-02T08:51:16.377706+00:00", "level": "WARNING", "module": "logger", "funcName": "_log", "lineno": 188, "event_type": "streaming_indicator_engine.data_anomalies_detected", "data": {"symbol": "ARIA_USDT", "timestamp": 1762076685.309999, "anomalies": ["stale_timestamp: 1762076685.309999 vs 1764665476.3777068"], "data_sample": {"price": 0.16732, "volume": 9.0}}}
{"timestamp": "2025-12-02T08:51:16.397612+00:00", "level": "WARNING", "module": "logger", "funcName": "_log", "lineno": 188, "event_type": "streaming_indicator_engine.data_anomalies_detected", "data": {"symbol": "ARIA_USDT", "timestamp": 1762076699.311, "anomalies": ["stale_timestamp: 1762076699.311 vs 1764665476.3976128"], "data_sample": {"price": 0.16737, "volume": 11.0}}}
{"timestamp": "2025-12-02T08:51:16.412759+00:00", "level": "WARNING", "module": "logger", "funcName": "_log", "lineno": 188, "event_type": "streaming_indicator_engine.data_anomalies_detected", "data": {"symbol": "ARIA_USDT", "timestamp": 1762076713.309999, "anomalies": ["stale_timestamp: 1762076713.309999 vs 1764665476.4127595"], "data_sample": {"price": 0.16735, "volume": 4.0}}}
{"timestamp": "2025-12-02T08:51:16.428351+00:00", "level": "WARNING", "module": "logger", "funcName": "_log", "lineno": 188, "event_type": "streaming_indicator_engine.data_anomalies_detected", "data": {"symbol": "ARIA_USDT", "timestamp": 1762076728.311, "anomalies": ["stale_timestamp: 1762076728.311 vs 1764665476.4283512"], "data_sample": {"price": 0.16739, "volume": 9.0}}}
{"timestamp": "2025-12-02T08:51:16.443570+00:00", "level": "WARNING", "module": "logger", "funcName": "_log", "lineno": 188, "event_type": "streaming_indicator_engine.data_anomalies_detected", "data": {"symbol": "ARIA_USDT", "timestamp": 1762076734.308999, "anomalies": ["stale_timestamp: 1762076734.308999 vs 1764665476.4435701"], "data_sample": {"price": 0.16744, "volume": 9.0}}}
{"timestamp": "2025-12-02T08:51:16.458268+00:00", "level": "WARNING", "module": "logger", "funcName": "_log", "lineno": 188, "event_type": "streaming_indicator_engine.data_anomalies_detected", "data": {"symbol": "ARIA_USDT", "timestamp": 1762076750.309999, "anomalies": ["stale_timestamp: 1762076750.309999 vs 1764665476.4582682"], "data_sample": {"price": 0.16747, "volume": 10.0}}}
{"timestamp": "2025-12-02T08:51:16.473548+00:00", "level": "WARNING", "module": "logger", "funcName": "_log", "lineno": 188, "event_type": "streaming_indicator_engine.data_anomalies_detected", "data": {"symbol": "ARIA_USDT", "timestamp": 1762076759.311, "anomalies": ["stale_timestamp: 1762076759.311 vs 1764665476.473548"], "data_sample": {"price": 0.16746, "volume": 10.0}}}
{"timestamp": "2025-12-02T08:51:16.489490+00:00", "level": "WARNING", "module": "logger", "funcName": "_log", "lineno": 188, "event_type": "streaming_indicator_engine.data_anomalies_detected", "data": {"symbol": "ARIA_USDT", "timestamp": 1762076767.309999, "anomalies": ["stale_timestamp: 1762076767.309999 vs 1764665476.4889824"], "data_sample": {"price": 0.16742, "volume": 8.0}}}
{"timestamp": "2025-12-02T08:51:16.505239+00:00", "level": "WARNING", "module": "logger", "funcName": "_log", "lineno": 188, "event_type": "streaming_indicator_engine.data_anomalies_detected", "data": {"symbol": "ARIA_USDT", "timestamp": 1762076783.312, "anomalies": ["stale_timestamp: 1762076783.312 vs 1764665476.505239"], "data_sample": {"price": 0.16745, "volume": 8.0}}}
{"timestamp": "2025-12-02T08:51:16.519657+00:00", "level": "WARNING", "module": "logger", "funcName": "_log", "lineno": 188, "event_type": "streaming_indicator_engine.data_anomalies_detected", "data": {"symbol": "ARIA_USDT", "timestamp": 1762076789.309999, "anomalies": ["stale_timestamp: 1762076789.309999 vs 1764665476.5196574"], "data_sample": {"price": 0.16755, "volume": 9.0}}}
{"timestamp": "2025-12-02T08:51:16.534595+00:00", "level": "WARNING", "module": "logger", "funcName": "_log", "lineno": 188, "event_type": "streaming_indicator_engine.data_anomalies_detected", "data": {"symbol": "ARIA_USDT", "timestamp": 1762076803.311, "anomalies": ["stale_timestamp: 1762076803.311 vs 1764665476.5345955"], "data_sample": {"price": 0.16758, "volume": 10.0}}}
{"timestamp": "2025-12-02T08:51:16.550224+00:00", "level": "WARNING", "module": "logger", "funcName": "_log", "lineno": 188, "event_type": "streaming_indicator_engine.data_anomalies_detected", "data": {"symbol": "ARIA_USDT", "timestamp": 1762076816.308999, "anomalies": ["stale_timestamp: 1762076816.308999 vs 1764665476.5502245"], "data_sample": {"price": 0.16762, "volume": 9.0}}}
{"timestamp": "2025-12-02T08:51:16.565157+00:00", "level": "WARNING", "module": "logger", "funcName": "_log", "lineno": 188, "event_type": "streaming_indicator_engine.data_anomalies_detected", "data": {"symbol": "ARIA_USDT", "timestamp": 1762076825.312999, "anomalies": ["stale_timestamp: 1762076825.312999 vs 1764665476.5651572"], "data_sample": {"price": 0.16751, "volume": 10.0}}}
{"timestamp": "2025-12-02T08:51:16.580040+00:00", "level": "WARNING", "module": "logger", "funcName": "_log", "lineno": 188, "event_type": "streaming_indicator_engine.data_anomalies_detected", "data": {"symbol": "ARIA_USDT", "timestamp": 1762076831.316999, "anomalies": ["stale_timestamp: 1762076831.316999 vs 1764665476.58004"], "data_sample": {"price": 0.1674, "volume": 6.0}}}
{"timestamp": "2025-12-02T08:51:16.596009+00:00", "level": "WARNING", "module": "logger", "funcName": "_log", "lineno": 188, "event_type": "streaming_indicator_engine.data_anomalies_detected", "data": {"symbol": "ARIA_USDT", "timestamp": 1762076839.311, "anomalies": ["stale_timestamp: 1762076839.311 vs 1764665476.5960095"], "data_sample": {"price": 0.16741, "volume": 8.0}}}
{"timestamp": "2025-12-02T08:51:16.611380+00:00", "level": "WARNING", "module": "logger", "funcName": "_log", "lineno": 188, "event_type": "streaming_indicator_engine.data_anomalies_detected", "data": {"symbol": "ARIA_USDT", "timestamp": 1762076846.312, "anomalies": ["stale_timestamp: 1762076846.312 vs 1764665476.6113799"], "data_sample": {"price": 0.1674, "volume": 6.0}}}
      Status: running, Ticks: 0, Signals: 0
{"timestamp": "2025-12-02T08:51:16.613301+00:00", "level": "INFO", "module": "logger", "funcName": "_log", "lineno": 188, "event_type": "strategy_manager.indicator_update_received", "data": {"symbol": "ARIA_USDT", "indicator_name": "f1c5bf73-df7f-4889-b417-fc3fcd71a9f7_20", "indicator_type": "", "value": 13.530638503197789, "active_strategies_for_symbol": true, "active_count": 3}}
{"timestamp": "2025-12-02T08:51:16.614384+00:00", "level": "WARNING", "module": "logger", "funcName": "_log", "lineno": 188, "event_type": "streaming_indicator_engine.data_anomalies_detected", "data": {"symbol": "ARIA_USDT", "timestamp": 1762076859.309999, "anomalies": ["stale_timestamp: 1762076859.309999 vs 1764665476.6143844"], "data_sample": {"price": 0.16723, "volume": 5.0}}}
{"timestamp": "2025-12-02T08:51:16.614384+00:00", "level": "WARNING", "module": "logger", "funcName": "_log", "lineno": 188, "event_type": "streaming_indicator_engine.data_anomalies_detected", "data": {"symbol": "ARIA_USDT", "timestamp": 1762076870.309999, "anomalies": ["stale_timestamp: 1762076870.309999 vs 1764665476.6143844"], "data_sample": {"price": 0.16724, "volume": 9.0}}}
{"timestamp": "2025-12-02T08:51:16.615334+00:00", "level": "WARNING", "module": "logger", "funcName": "_log", "lineno": 188, "event_type": "streaming_indicator_engine.data_anomalies_detected", "data": {"symbol": "ARIA_USDT", "timestamp": 1762076878.309999, "anomalies": ["stale_timestamp: 1762076878.309999 vs 1764665476.6143844"], "data_sample": {"price": 0.16731, "volume": 4.0}}}
{"timestamp": "2025-12-02T08:51:16.615334+00:00", "level": "WARNING", "module": "logger", "funcName": "_log", "lineno": 188, "event_type": "streaming_indicator_engine.data_anomalies_detected", "data": {"symbol": "ARIA_USDT", "timestamp": 1762076892.311, "anomalies": ["stale_timestamp: 1762076892.311 vs 1764665476.6153345"], "data_sample": {"price": 0.16728, "volume": 9.0}}}
{"timestamp": "2025-12-02T08:51:16.615334+00:00", "level": "INFO", "module": "logger", "funcName": "_log", "lineno": 188, "event_type": "strategy_manager.indicator_update_received", "data": {"symbol": "ARIA_USDT", "indicator_name": "f1c5bf73-df7f-4889-b417-fc3fcd71a9f7_20", "indicator_type": "", "value": 13.530638503197789, "active_strategies_for_symbol": true, "active_count": 3}}
{"timestamp": "2025-12-02T08:51:16.616336+00:00", "level": "WARNING", "module": "logger", "funcName": "_log", "lineno": 188, "event_type": "streaming_indicator_engine.data_anomalies_detected", "data": {"symbol": "ARIA_USDT", "timestamp": 1762076900.309999, "anomalies": ["stale_timestamp: 1762076900.309999 vs 1764665476.616336"], "data_sample": {"price": 0.16731, "volume": 7.0}}}
{"timestamp": "2025-12-02T08:51:16.616336+00:00", "level": "WARNING", "module": "logger", "funcName": "_log", "lineno": 188, "event_type": "streaming_indicator_engine.data_anomalies_detected", "data": {"symbol": "ARIA_USDT", "timestamp": 1762076915.308999, "anomalies": ["stale_timestamp: 1762076915.308999 vs 1764665476.616336"], "data_sample": {"price": 0.16729, "volume": 4.0}}}
{"timestamp": "2025-12-02T08:51:16.617296+00:00", "level": "WARNING", "module": "logger", "funcName": "_log", "lineno": 188, "event_type": "streaming_indicator_engine.data_anomalies_detected", "data": {"symbol": "ARIA_USDT", "timestamp": 1762076929.309999, "anomalies": ["stale_timestamp: 1762076929.309999 vs 1764665476.6172965"], "data_sample": {"price": 0.16725, "volume": 11.0}}}
{"timestamp": "2025-12-02T08:51:16.617296+00:00", "level": "WARNING", "module": "logger", "funcName": "_log", "lineno": 188, "event_type": "streaming_indicator_engine.data_anomalies_detected", "data": {"symbol": "ARIA_USDT", "timestamp": 1762076940.312999, "anomalies": ["stale_timestamp: 1762076940.312999 vs 1764665476.6172965"], "data_sample": {"price": 0.16733, "volume": 8.0}}}
{"timestamp": "2025-12-02T08:51:16.617296+00:00", "level": "WARNING", "module": "logger", "funcName": "_log", "lineno": 188, "event_type": "streaming_indicator_engine.data_anomalies_detected", "data": {"symbol": "ARIA_USDT", "timestamp": 1762076949.324999, "anomalies": ["stale_timestamp: 1762076949.324999 vs 1764665476.6172965"], "data_sample": {"price": 0.1673, "volume": 8.0}}}
{"timestamp": "2025-12-02T08:51:16.618344+00:00", "level": "WARNING", "module": "logger", "funcName": "_log", "lineno": 188, "event_type": "streaming_indicator_engine.data_anomalies_detected", "data": {"symbol": "ARIA_USDT", "timestamp": 1762076965.316, "anomalies": ["stale_timestamp: 1762076965.316 vs 1764665476.6183443"], "data_sample": {"price": 0.16729, "volume": 4.0}}}
{"timestamp": "2025-12-02T08:51:16.621858+00:00", "level": "INFO", "module": "logger", "funcName": "_log", "lineno": 188, "event_type": "strategy_manager.indicator_update_received", "data": {"symbol": "ARIA_USDT", "indicator_name": "790d8eed-dc95-43ff-b625-1205d256154b_20", "indicator_type": "", "value": 0.00016955725435917782, "active_strategies_for_symbol": true, "active_count": 3}}
{"timestamp": "2025-12-02T08:51:16.622878+00:00", "level": "WARNING", "module": "logger", "funcName": "_log", "lineno": 188, "event_type": "streaming_indicator_engine.data_anomalies_detected", "data": {"symbol": "ARIA_USDT", "timestamp": 1762076978.312, "anomalies": ["stale_timestamp: 1762076978.312 vs 1764665476.6228783"], "data_sample": {"price": 0.1673, "volume": 9.0}}}
{"timestamp": "2025-12-02T08:51:16.623858+00:00", "level": "WARNING", "module": "logger", "funcName": "_log", "lineno": 188, "event_type": "streaming_indicator_engine.data_anomalies_detected", "data": {"symbol": "ARIA_USDT", "timestamp": 1762076990.315, "anomalies": ["stale_timestamp: 1762076990.315 vs 1764665476.6238582"], "data_sample": {"price": 0.16733, "volume": 10.0}}}
{"timestamp": "2025-12-02T08:51:16.623858+00:00", "level": "WARNING", "module": "logger", "funcName": "_log", "lineno": 188, "event_type": "streaming_indicator_engine.data_anomalies_detected", "data": {"symbol": "ARIA_USDT", "timestamp": 1762076997.315, "anomalies": ["stale_timestamp: 1762076997.315 vs 1764665476.6238582"], "data_sample": {"price": 0.16726, "volume": 12.0}}}
{"timestamp": "2025-12-02T08:51:16.624852+00:00", "level": "WARNING", "module": "logger", "funcName": "_log", "lineno": 188, "event_type": "streaming_indicator_engine.data_anomalies_detected", "data": {"symbol": "ARIA_USDT", "timestamp": 1762077007.309999, "anomalies": ["stale_timestamp: 1762077007.309999 vs 1764665476.624852"], "data_sample": {"price": 0.16719, "volume": 4.0}}}
{"timestamp": "2025-12-02T08:51:16.624852+00:00", "level": "WARNING", "module": "logger", "funcName": "_log", "lineno": 188, "event_type": "streaming_indicator_engine.data_anomalies_detected", "data": {"symbol": "ARIA_USDT", "timestamp": 1762077018.309999, "anomalies": ["stale_timestamp: 1762077018.309999 vs 1764665476.624852"], "data_sample": {"price": 0.16722, "volume": 8.0}}}
{"timestamp": "2025-12-02T08:51:16.625839+00:00", "level": "WARNING", "module": "logger", "funcName": "_log", "lineno": 188, "event_type": "streaming_indicator_engine.data_anomalies_detected", "data": {"symbol": "ARIA_USDT", "timestamp": 1762077025.309999, "anomalies": ["stale_timestamp: 1762077025.309999 vs 1764665476.625839"], "data_sample": {"price": 0.16726, "volume": 5.0}}}
{"timestamp": "2025-12-02T08:51:16.625839+00:00", "level": "INFO", "module": "logger", "funcName": "_log", "lineno": 188, "event_type": "strategy_manager.indicator_update_received", "data": {"symbol": "ARIA_USDT", "indicator_name": "790d8eed-dc95-43ff-b625-1205d256154b_20", "indicator_type": "", "value": 0.00016955725435917782, "active_strategies_for_symbol": true, "active_count": 3}}
{"timestamp": "2025-12-02T08:51:16.625839+00:00", "level": "WARNING", "module": "logger", "funcName": "_log", "lineno": 188, "event_type": "streaming_indicator_engine.data_anomalies_detected", "data": {"symbol": "ARIA_USDT", "timestamp": 1762077033.311, "anomalies": ["stale_timestamp: 1762077033.311 vs 1764665476.625839"], "data_sample": {"price": 0.16725, "volume": 4.0}}}
{"timestamp": "2025-12-02T08:51:16.626882+00:00", "level": "WARNING", "module": "logger", "funcName": "_log", "lineno": 188, "event_type": "streaming_indicator_engine.data_anomalies_detected", "data": {"symbol": "ARIA_USDT", "timestamp": 1762077042.309999, "anomalies": ["stale_timestamp: 1762077042.309999 vs 1764665476.6268828"], "data_sample": {"price": 0.16724, "volume": 4.0}}}
{"timestamp": "2025-12-02T08:51:16.627826+00:00", "level": "WARNING", "module": "logger", "funcName": "_log", "lineno": 188, "event_type": "streaming_indicator_engine.data_anomalies_detected", "data": {"symbol": "ARIA_USDT", "timestamp": 1762077051.309999, "anomalies": ["stale_timestamp: 1762077051.309999 vs 1764665476.6278267"], "data_sample": {"price": 0.16725, "volume": 4.0}}}
{"timestamp": "2025-12-02T08:51:16.627826+00:00", "level": "WARNING", "module": "logger", "funcName": "_log", "lineno": 188, "event_type": "streaming_indicator_engine.data_anomalies_detected", "data": {"symbol": "ARIA_USDT", "timestamp": 1762077057.312999, "anomalies": ["stale_timestamp: 1762077057.312999 vs 1764665476.6278267"], "data_sample": {"price": 0.16726, "volume": 3.0}}}
{"timestamp": "2025-12-02T08:51:16.627826+00:00", "level": "WARNING", "module": "logger", "funcName": "_log", "lineno": 188, "event_type": "streaming_indicator_engine.data_anomalies_detected", "data": {"symbol": "ARIA_USDT", "timestamp": 1762077067.316999, "anomalies": ["stale_timestamp: 1762077067.316999 vs 1764665476.6278267"], "data_sample": {"price": 0.16725, "volume": 8.0}}}
{"timestamp": "2025-12-02T08:51:16.629402+00:00", "level": "WARNING", "module": "logger", "funcName": "_log", "lineno": 188, "event_type": "streaming_indicator_engine.data_anomalies_detected", "data": {"symbol": "ARIA_USDT", "timestamp": 1762077081.308, "anomalies": ["stale_timestamp: 1762077081.308 vs 1764665476.6294029"], "data_sample": {"price": 0.16714, "volume": 6.0}}}
{"timestamp": "2025-12-02T08:51:16.629402+00:00", "level": "WARNING", "module": "logger", "funcName": "_log", "lineno": 188, "event_type": "streaming_indicator_engine.data_anomalies_detected", "data": {"symbol": "ARIA_USDT", "timestamp": 1762077089.311, "anomalies": ["stale_timestamp: 1762077089.311 vs 1764665476.6294029"], "data_sample": {"price": 0.16711, "volume": 4.0}}}
{"timestamp": "2025-12-02T08:51:16.642098+00:00", "level": "WARNING", "module": "logger", "funcName": "_log", "lineno": 188, "event_type": "streaming_indicator_engine.data_anomalies_detected", "data": {"symbol": "ARIA_USDT", "timestamp": 1762077098.311, "anomalies": ["stale_timestamp: 1762077098.311 vs 1764665476.6420984"], "data_sample": {"price": 0.16702, "volume": 4.0}}}
{"timestamp": "2025-12-02T08:51:16.657805+00:00", "level": "WARNING", "module": "logger", "funcName": "_log", "lineno": 188, "event_type": "streaming_indicator_engine.data_anomalies_detected", "data": {"symbol": "ARIA_USDT", "timestamp": 1762077107.335, "anomalies": ["stale_timestamp: 1762077107.335 vs 1764665476.657805"], "data_sample": {"price": 0.167, "volume": 26.0}}}
{"timestamp": "2025-12-02T08:51:16.673277+00:00", "level": "WARNING", "module": "logger", "funcName": "_log", "lineno": 188, "event_type": "streaming_indicator_engine.data_anomalies_detected", "data": {"symbol": "ARIA_USDT", "timestamp": 1762077121.309999, "anomalies": ["stale_timestamp: 1762077121.309999 vs 1764665476.6732774"], "data_sample": {"price": 0.16704, "volume": 8.0}}}
{"timestamp": "2025-12-02T08:51:16.688406+00:00", "level": "WARNING", "module": "logger", "funcName": "_log", "lineno": 188, "event_type": "streaming_indicator_engine.data_anomalies_detected", "data": {"symbol": "ARIA_USDT", "timestamp": 1762077123.420999, "anomalies": ["stale_timestamp: 1762077123.420999 vs 1764665476.6884065"], "data_sample": {"price": 0.167, "volume": 59.0}}}
{"timestamp": "2025-12-02T08:51:16.703697+00:00", "level": "WARNING", "module": "logger", "funcName": "_log", "lineno": 188, "event_type": "streaming_indicator_engine.data_anomalies_detected", "data": {"symbol": "ARIA_USDT", "timestamp": 1762077139.311, "anomalies": ["stale_timestamp: 1762077139.311 vs 1764665476.7036977"], "data_sample": {"price": 0.16703, "volume": 5.0}}}
{"timestamp": "2025-12-02T08:51:16.719879+00:00", "level": "WARNING", "module": "logger", "funcName": "_log", "lineno": 188, "event_type": "streaming_indicator_engine.data_anomalies_detected", "data": {"symbol": "ARIA_USDT", "timestamp": 1762077152.308999, "anomalies": ["stale_timestamp: 1762077152.308999 vs 1764665476.7193756"], "data_sample": {"price": 0.16708, "volume": 9.0}}}
{"timestamp": "2025-12-02T08:51:16.734662+00:00", "level": "WARNING", "module": "logger", "funcName": "_log", "lineno": 188, "event_type": "streaming_indicator_engine.data_anomalies_detected", "data": {"symbol": "ARIA_USDT", "timestamp": 1762077163.309999, "anomalies": ["stale_timestamp: 1762077163.309999 vs 1764665476.734663"], "data_sample": {"price": 0.16713, "volume": 11.0}}}
{"timestamp": "2025-12-02T08:51:16.749986+00:00", "level": "WARNING", "module": "logger", "funcName": "_log", "lineno": 188, "event_type": "streaming_indicator_engine.data_anomalies_detected", "data": {"symbol": "ARIA_USDT", "timestamp": 1762077172.309999, "anomalies": ["stale_timestamp: 1762077172.309999 vs 1764665476.7499864"], "data_sample": {"price": 0.16706, "volume": 12.0}}}
{"timestamp": "2025-12-02T08:51:16.764939+00:00", "level": "WARNING", "module": "logger", "funcName": "_log", "lineno": 188, "event_type": "streaming_indicator_engine.data_anomalies_detected", "data": {"symbol": "ARIA_USDT", "timestamp": 1762077187.312999, "anomalies": ["stale_timestamp: 1762077187.312999 vs 1764665476.7649398"], "data_sample": {"price": 0.16705, "volume": 4.0}}}
{"timestamp": "2025-12-02T08:51:16.781046+00:00", "level": "WARNING", "module": "logger", "funcName": "_log", "lineno": 188, "event_type": "streaming_indicator_engine.data_anomalies_detected", "data": {"symbol": "ARIA_USDT", "timestamp": 1762077203.309999, "anomalies": ["stale_timestamp: 1762077203.309999 vs 1764665476.7810464"], "data_sample": {"price": 0.16703, "volume": 6.0}}}
{"timestamp": "2025-12-02T08:51:16.797258+00:00", "level": "WARNING", "module": "logger", "funcName": "_log", "lineno": 188, "event_type": "streaming_indicator_engine.data_anomalies_detected", "data": {"symbol": "ARIA_USDT", "timestamp": 1762077211.312, "anomalies": ["stale_timestamp: 1762077211.312 vs 1764665476.7972589"], "data_sample": {"price": 0.16707, "volume": 9.0}}}
{"timestamp": "2025-12-02T08:51:16.812645+00:00", "level": "WARNING", "module": "logger", "funcName": "_log", "lineno": 188, "event_type": "streaming_indicator_engine.data_anomalies_detected", "data": {"symbol": "ARIA_USDT", "timestamp": 1762077227.312999, "anomalies": ["stale_timestamp: 1762077227.312999 vs 1764665476.8126452"], "data_sample": {"price": 0.16704, "volume": 4.0}}}
{"timestamp": "2025-12-02T08:51:16.827697+00:00", "level": "WARNING", "module": "logger", "funcName": "_log", "lineno": 188, "event_type": "streaming_indicator_engine.data_anomalies_detected", "data": {"symbol": "ARIA_USDT", "timestamp": 1762077234.308999, "anomalies": ["stale_timestamp: 1762077234.308999 vs 1764665476.827697"], "data_sample": {"price": 0.16708, "volume": 8.0}}}
{"timestamp": "2025-12-02T08:51:16.843617+00:00", "level": "WARNING", "module": "logger", "funcName": "_log", "lineno": 188, "event_type": "streaming_indicator_engine.data_anomalies_detected", "data": {"symbol": "ARIA_USDT", "timestamp": 1762077247.312999, "anomalies": ["stale_timestamp: 1762077247.312999 vs 1764665476.8436172"], "data_sample": {"price": 0.16705, "volume": 7.0}}}
{"timestamp": "2025-12-02T08:51:16.859672+00:00", "level": "WARNING", "module": "logger", "funcName": "_log", "lineno": 188, "event_type": "streaming_indicator_engine.data_anomalies_detected", "data": {"symbol": "ARIA_USDT", "timestamp": 1762077263.309999, "anomalies": ["stale_timestamp: 1762077263.309999 vs 1764665476.8596728"], "data_sample": {"price": 0.16704, "volume": 7.0}}}
{"timestamp": "2025-12-02T08:51:16.865758+00:00", "level": "INFO", "module": "logger", "funcName": "_log", "lineno": 188, "event_type": "strategy_manager.indicator_update_received", "data": {"symbol": "ARIA_USDT", "indicator_name": "611fad91-045d-408b-8822-f43428935033_20", "indicator_type": "", "value": -4.988923624437225e-05, "active_strategies_for_symbol": true, "active_count": 3}}
{"timestamp": "2025-12-02T08:51:16.867761+00:00", "level": "WARNING", "module": "logger", "funcName": "_log", "lineno": 188, "event_type": "streaming_indicator_engine.data_anomalies_detected", "data": {"symbol": "ARIA_USDT", "timestamp": 1762077274.309999, "anomalies": ["stale_timestamp: 1762077274.309999 vs 1764665476.8677611"], "data_sample": {"price": 0.16709, "volume": 4.0}}}
{"timestamp": "2025-12-02T08:51:16.869276+00:00", "level": "WARNING", "module": "logger", "funcName": "_log", "lineno": 188, "event_type": "streaming_indicator_engine.data_anomalies_detected", "data": {"symbol": "ARIA_USDT", "timestamp": 1762077281.311, "anomalies": ["stale_timestamp: 1762077281.311 vs 1764665476.8692765"], "data_sample": {"price": 0.16713, "volume": 12.0}}}
{"timestamp": "2025-12-02T08:51:16.870291+00:00", "level": "WARNING", "module": "logger", "funcName": "_log", "lineno": 188, "event_type": "streaming_indicator_engine.data_anomalies_detected", "data": {"symbol": "ARIA_USDT", "timestamp": 1762077290.312, "anomalies": ["stale_timestamp: 1762077290.312 vs 1764665476.8702912"], "data_sample": {"price": 0.16709, "volume": 8.0}}}
{"timestamp": "2025-12-02T08:51:16.871293+00:00", "level": "WARNING", "module": "logger", "funcName": "_log", "lineno": 188, "event_type": "streaming_indicator_engine.data_anomalies_detected", "data": {"symbol": "ARIA_USDT", "timestamp": 1762077299.312, "anomalies": ["stale_timestamp: 1762077299.312 vs 1764665476.8712938"], "data_sample": {"price": 0.16706, "volume": 8.0}}}
{"timestamp": "2025-12-02T08:51:16.872373+00:00", "level": "WARNING", "module": "logger", "funcName": "_log", "lineno": 188, "event_type": "streaming_indicator_engine.data_anomalies_detected", "data": {"symbol": "ARIA_USDT", "timestamp": 1762077309.309999, "anomalies": ["stale_timestamp: 1762077309.309999 vs 1764665476.8723738"], "data_sample": {"price": 0.16705, "volume": 6.0}}}
{"timestamp": "2025-12-02T08:51:16.873289+00:00", "level": "INFO", "module": "logger", "funcName": "_log", "lineno": 188, "event_type": "strategy_manager.indicator_update_received", "data": {"symbol": "ARIA_USDT", "indicator_name": "611fad91-045d-408b-8822-f43428935033_20", "indicator_type": "", "value": -4.988923624437225e-05, "active_strategies_for_symbol": true, "active_count": 3}}
{"timestamp": "2025-12-02T08:51:16.874386+00:00", "level": "WARNING", "module": "logger", "funcName": "_log", "lineno": 188, "event_type": "streaming_indicator_engine.data_anomalies_detected", "data": {"symbol": "ARIA_USDT", "timestamp": 1762077318.312, "anomalies": ["stale_timestamp: 1762077318.312 vs 1764665476.8732898"], "data_sample": {"price": 0.16706, "volume": 9.0}}}
{"timestamp": "2025-12-02T08:51:16.874386+00:00", "level": "WARNING", "module": "logger", "funcName": "_log", "lineno": 188, "event_type": "streaming_indicator_engine.data_anomalies_detected", "data": {"symbol": "ARIA_USDT", "timestamp": 1762077324.309999, "anomalies": ["stale_timestamp: 1762077324.309999 vs 1764665476.8743858"], "data_sample": {"price": 0.1671, "volume": 5.0}}}
{"timestamp": "2025-12-02T08:51:16.875288+00:00", "level": "WARNING", "module": "logger", "funcName": "_log", "lineno": 188, "event_type": "streaming_indicator_engine.data_anomalies_detected", "data": {"symbol": "ARIA_USDT", "timestamp": 1762077335.309999, "anomalies": ["stale_timestamp: 1762077335.309999 vs 1764665476.875288"], "data_sample": {"price": 0.16709, "volume": 4.0}}}
{"timestamp": "2025-12-02T08:51:16.875288+00:00", "level": "WARNING", "module": "logger", "funcName": "_log", "lineno": 188, "event_type": "streaming_indicator_engine.data_anomalies_detected", "data": {"symbol": "ARIA_USDT", "timestamp": 1762077351.309999, "anomalies": ["stale_timestamp: 1762077351.309999 vs 1764665476.875288"], "data_sample": {"price": 0.1671, "volume": 3.0}}}
{"timestamp": "2025-12-02T08:51:16.876288+00:00", "level": "WARNING", "module": "logger", "funcName": "_log", "lineno": 188, "event_type": "streaming_indicator_engine.data_anomalies_detected", "data": {"symbol": "ARIA_USDT", "timestamp": 1762077362.309999, "anomalies": ["stale_timestamp: 1762077362.309999 vs 1764665476.876288"], "data_sample": {"price": 0.16716, "volume": 5.0}}}
{"timestamp": "2025-12-02T08:51:16.877303+00:00", "level": "WARNING", "module": "logger", "funcName": "_log", "lineno": 188, "event_type": "streaming_indicator_engine.data_anomalies_detected", "data": {"symbol": "ARIA_USDT", "timestamp": 1762077376.309999, "anomalies": ["stale_timestamp: 1762077376.309999 vs 1764665476.8773031"], "data_sample": {"price": 0.16724, "volume": 11.0}}}
{"timestamp": "2025-12-02T08:51:16.877303+00:00", "level": "WARNING", "module": "logger", "funcName": "_log", "lineno": 188, "event_type": "streaming_indicator_engine.data_anomalies_detected", "data": {"symbol": "ARIA_USDT", "timestamp": 1762077387.309999, "anomalies": ["stale_timestamp: 1762077387.309999 vs 1764665476.8773031"], "data_sample": {"price": 0.16726, "volume": 11.0}}}
{"timestamp": "2025-12-02T08:51:16.890305+00:00", "level": "WARNING", "module": "logger", "funcName": "_log", "lineno": 188, "event_type": "streaming_indicator_engine.data_anomalies_detected", "data": {"symbol": "ARIA_USDT", "timestamp": 1762077395.309999, "anomalies": ["stale_timestamp: 1762077395.309999 vs 1764665476.890305"], "data_sample": {"price": 0.16728, "volume": 3.0}}}
{"timestamp": "2025-12-02T08:51:16.905909+00:00", "level": "WARNING", "module": "logger", "funcName": "_log", "lineno": 188, "event_type": "streaming_indicator_engine.data_anomalies_detected", "data": {"symbol": "ARIA_USDT", "timestamp": 1762077402.309999, "anomalies": ["stale_timestamp: 1762077402.309999 vs 1764665476.9059095"], "data_sample": {"price": 0.1673, "volume": 10.0}}}
{"timestamp": "2025-12-02T08:51:16.922192+00:00", "level": "WARNING", "module": "logger", "funcName": "_log", "lineno": 188, "event_type": "streaming_indicator_engine.data_anomalies_detected", "data": {"symbol": "ARIA_USDT", "timestamp": 1762077412.311, "anomalies": ["stale_timestamp: 1762077412.311 vs 1764665476.9212341"], "data_sample": {"price": 0.16729, "volume": 7.0}}}
{"timestamp": "2025-12-02T08:51:16.936538+00:00", "level": "WARNING", "module": "logger", "funcName": "_log", "lineno": 188, "event_type": "streaming_indicator_engine.data_anomalies_detected", "data": {"symbol": "ARIA_USDT", "timestamp": 1762077421.309999, "anomalies": ["stale_timestamp: 1762077421.309999 vs 1764665476.9365382"], "data_sample": {"price": 0.16727, "volume": 4.0}}}
{"timestamp": "2025-12-02T08:51:16.989691+00:00", "level": "WARNING", "module": "logger", "funcName": "_log", "lineno": 188, "event_type": "streaming_indicator_engine.data_anomalies_detected", "data": {"symbol": "ARIA_USDT", "timestamp": 1762076372.312999, "anomalies": ["stale_timestamp: 1762076372.312999 vs 1764665476.9896917"], "data_sample": {"price": 0.1671, "volume": 3.0}}}
{"timestamp": "2025-12-02T08:51:17.013195+00:00", "level": "WARNING", "module": "logger", "funcName": "_log", "lineno": 188, "event_type": "streaming_indicator_engine.data_anomalies_detected", "data": {"symbol": "ARIA_USDT", "timestamp": 1762076381.309999, "anomalies": ["stale_timestamp: 1762076381.309999 vs 1764665477.0131955"], "data_sample": {"price": 0.16715, "volume": 8.0}}}
{"timestamp": "2025-12-02T08:51:17.029205+00:00", "level": "WARNING", "module": "logger", "funcName": "_log", "lineno": 188, "event_type": "streaming_indicator_engine.data_anomalies_detected", "data": {"symbol": "ARIA_USDT", "timestamp": 1762076388.311, "anomalies": ["stale_timestamp: 1762076388.311 vs 1764665477.029205"], "data_sample": {"price": 0.16714, "volume": 9.0}}}
{"timestamp": "2025-12-02T08:51:17.044787+00:00", "level": "WARNING", "module": "logger", "funcName": "_log", "lineno": 188, "event_type": "streaming_indicator_engine.data_anomalies_detected", "data": {"symbol": "ARIA_USDT", "timestamp": 1762076401.309999, "anomalies": ["stale_timestamp: 1762076401.309999 vs 1764665477.0447874"], "data_sample": {"price": 0.16717, "volume": 7.0}}}
{"timestamp": "2025-12-02T08:51:17.060094+00:00", "level": "WARNING", "module": "logger", "funcName": "_log", "lineno": 188, "event_type": "streaming_indicator_engine.data_anomalies_detected", "data": {"symbol": "ARIA_USDT", "timestamp": 1762076408.312, "anomalies": ["stale_timestamp: 1762076408.312 vs 1764665477.0600944"], "data_sample": {"price": 0.16713, "volume": 3.0}}}
{"timestamp": "2025-12-02T08:51:17.061009+00:00", "level": "WARNING", "module": "logger", "funcName": "_log", "lineno": 188, "event_type": "streaming_indicator_engine.data_anomalies_detected", "data": {"symbol": "ARIA_USDT", "timestamp": 1762076417.311, "anomalies": ["stale_timestamp: 1762076417.311 vs 1764665477.0610092"], "data_sample": {"price": 0.16708, "volume": 3.0}}}
{"timestamp": "2025-12-02T08:51:17.075642+00:00", "level": "WARNING", "module": "logger", "funcName": "_log", "lineno": 188, "event_type": "streaming_indicator_engine.data_anomalies_detected", "data": {"symbol": "ARIA_USDT", "timestamp": 1762076427.308999, "anomalies": ["stale_timestamp: 1762076427.308999 vs 1764665477.0756426"], "data_sample": {"price": 0.16707, "volume": 12.0}}}
{"timestamp": "2025-12-02T08:51:17.091169+00:00", "level": "WARNING", "module": "logger", "funcName": "_log", "lineno": 188, "event_type": "streaming_indicator_engine.data_anomalies_detected", "data": {"symbol": "ARIA_USDT", "timestamp": 1762076435.309999, "anomalies": ["stale_timestamp: 1762076435.309999 vs 1764665477.0911698"], "data_sample": {"price": 0.1671, "volume": 4.0}}}
{"timestamp": "2025-12-02T08:51:17.106799+00:00", "level": "WARNING", "module": "logger", "funcName": "_log", "lineno": 188, "event_type": "streaming_indicator_engine.data_anomalies_detected", "data": {"symbol": "ARIA_USDT", "timestamp": 1762076447.309999, "anomalies": ["stale_timestamp: 1762076447.309999 vs 1764665477.1058934"], "data_sample": {"price": 0.16708, "volume": 9.0}}}
{"timestamp": "2025-12-02T08:51:17.109967+00:00", "level": "INFO", "module": "logger", "funcName": "_log", "lineno": 188, "event_type": "strategy_manager.indicator_update_received", "data": {"symbol": "ARIA_USDT", "indicator_name": "5fc82998-9270-4b44-8312-f74ddd20a93d_20", "indicator_type": "", "value": -156.65830000355797, "active_strategies_for_symbol": true, "active_count": 3}}
{"timestamp": "2025-12-02T08:51:17.109967+00:00", "level": "WARNING", "module": "logger", "funcName": "_log", "lineno": 188, "event_type": "streaming_indicator_engine.data_anomalies_detected", "data": {"symbol": "ARIA_USDT", "timestamp": 1762076462.309999, "anomalies": ["stale_timestamp: 1762076462.309999 vs 1764665477.1099675"], "data_sample": {"price": 0.16726, "volume": 10.0}}}
{"timestamp": "2025-12-02T08:51:17.111136+00:00", "level": "WARNING", "module": "logger", "funcName": "_log", "lineno": 188, "event_type": "streaming_indicator_engine.data_anomalies_detected", "data": {"symbol": "ARIA_USDT", "timestamp": 1762076476.308999, "anomalies": ["stale_timestamp: 1762076476.308999 vs 1764665477.1111364"], "data_sample": {"price": 0.16745, "volume": 9.0}}}
{"timestamp": "2025-12-02T08:51:17.112143+00:00", "level": "WARNING", "module": "logger", "funcName": "_log", "lineno": 188, "event_type": "streaming_indicator_engine.data_anomalies_detected", "data": {"symbol": "ARIA_USDT", "timestamp": 1762076490.311, "anomalies": ["stale_timestamp: 1762076490.311 vs 1764665477.1121438"], "data_sample": {"price": 0.16766, "volume": 7.0}}}
{"timestamp": "2025-12-02T08:51:17.112143+00:00", "level": "WARNING", "module": "logger", "funcName": "_log", "lineno": 188, "event_type": "streaming_indicator_engine.data_anomalies_detected", "data": {"symbol": "ARIA_USDT", "timestamp": 1762076501.311, "anomalies": ["stale_timestamp: 1762076501.311 vs 1764665477.1121438"], "data_sample": {"price": 0.16763, "volume": 5.0}}}
{"timestamp": "2025-12-02T08:51:17.113191+00:00", "level": "WARNING", "module": "logger", "funcName": "_log", "lineno": 188, "event_type": "streaming_indicator_engine.data_anomalies_detected", "data": {"symbol": "ARIA_USDT", "timestamp": 1762076514.408999, "anomalies": ["stale_timestamp: 1762076514.408999 vs 1764665477.1131914"], "data_sample": {"price": 0.16766, "volume": 10.0}}}
{"timestamp": "2025-12-02T08:51:17.113191+00:00", "level": "INFO", "module": "logger", "funcName": "_log", "lineno": 188, "event_type": "strategy_manager.indicator_update_received", "data": {"symbol": "ARIA_USDT", "indicator_name": "5fc82998-9270-4b44-8312-f74ddd20a93d_20", "indicator_type": "", "value": -156.65830000355797, "active_strategies_for_symbol": true, "active_count": 3}}
{"timestamp": "2025-12-02T08:51:17.114159+00:00", "level": "WARNING", "module": "logger", "funcName": "_log", "lineno": 188, "event_type": "streaming_indicator_engine.data_anomalies_detected", "data": {"symbol": "ARIA_USDT", "timestamp": 1762076520.311, "anomalies": ["stale_timestamp: 1762076520.311 vs 1764665477.114159"], "data_sample": {"price": 0.1677, "volume": 9.0}}}
{"timestamp": "2025-12-02T08:51:17.114159+00:00", "level": "WARNING", "module": "logger", "funcName": "_log", "lineno": 188, "event_type": "streaming_indicator_engine.data_anomalies_detected", "data": {"symbol": "ARIA_USDT", "timestamp": 1762076531.311, "anomalies": ["stale_timestamp: 1762076531.311 vs 1764665477.114159"], "data_sample": {"price": 0.16778, "volume": 10.0}}}
{"timestamp": "2025-12-02T08:51:17.115161+00:00", "level": "WARNING", "module": "logger", "funcName": "_log", "lineno": 188, "event_type": "streaming_indicator_engine.data_anomalies_detected", "data": {"symbol": "ARIA_USDT", "timestamp": 1762076537.311, "anomalies": ["stale_timestamp: 1762076537.311 vs 1764665477.1151612"], "data_sample": {"price": 0.16777, "volume": 10.0}}}
{"timestamp": "2025-12-02T08:51:17.116161+00:00", "level": "WARNING", "module": "logger", "funcName": "_log", "lineno": 188, "event_type": "streaming_indicator_engine.data_anomalies_detected", "data": {"symbol": "ARIA_USDT", "timestamp": 1762076543.312, "anomalies": ["stale_timestamp: 1762076543.312 vs 1764665477.1151612"], "data_sample": {"price": 0.16765, "volume": 8.0}}}
{"timestamp": "2025-12-02T08:51:17.116161+00:00", "level": "WARNING", "module": "logger", "funcName": "_log", "lineno": 188, "event_type": "streaming_indicator_engine.data_anomalies_detected", "data": {"symbol": "ARIA_USDT", "timestamp": 1762076551.311, "anomalies": ["stale_timestamp: 1762076551.311 vs 1764665477.1161613"], "data_sample": {"price": 0.16776, "volume": 7.0}}}
{"timestamp": "2025-12-02T08:51:17.117158+00:00", "level": "WARNING", "module": "logger", "funcName": "_log", "lineno": 188, "event_type": "streaming_indicator_engine.data_anomalies_detected", "data": {"symbol": "ARIA_USDT", "timestamp": 1762076567.313999, "anomalies": ["stale_timestamp: 1762076567.313999 vs 1764665477.1171584"], "data_sample": {"price": 0.16779, "volume": 4.0}}}
{"timestamp": "2025-12-02T08:51:17.117158+00:00", "level": "WARNING", "module": "logger", "funcName": "_log", "lineno": 188, "event_type": "streaming_indicator_engine.data_anomalies_detected", "data": {"symbol": "ARIA_USDT", "timestamp": 1762076582.312999, "anomalies": ["stale_timestamp: 1762076582.312999 vs 1764665477.1171584"], "data_sample": {"price": 0.16774, "volume": 4.0}}}
{"timestamp": "2025-12-02T08:51:17.136644+00:00", "level": "WARNING", "module": "logger", "funcName": "_log", "lineno": 188, "event_type": "streaming_indicator_engine.data_anomalies_detected", "data": {"symbol": "ARIA_USDT", "timestamp": 1762076595.309999, "anomalies": ["stale_timestamp: 1762076595.309999 vs 1764665477.1366444"], "data_sample": {"price": 0.16776, "volume": 10.0}}}
{"timestamp": "2025-12-02T08:51:17.151874+00:00", "level": "WARNING", "module": "logger", "funcName": "_log", "lineno": 188, "event_type": "streaming_indicator_engine.data_anomalies_detected", "data": {"symbol": "ARIA_USDT", "timestamp": 1762076606.309999, "anomalies": ["stale_timestamp: 1762076606.309999 vs 1764665477.1518748"], "data_sample": {"price": 0.16772, "volume": 9.0}}}
{"timestamp": "2025-12-02T08:51:17.167396+00:00", "level": "WARNING", "module": "logger", "funcName": "_log", "lineno": 188, "event_type": "streaming_indicator_engine.data_anomalies_detected", "data": {"symbol": "ARIA_USDT", "timestamp": 1762076620.309999, "anomalies": ["stale_timestamp: 1762076620.309999 vs 1764665477.167396"], "data_sample": {"price": 0.16764, "volume": 5.0}}}
{"timestamp": "2025-12-02T08:51:17.182877+00:00", "level": "WARNING", "module": "logger", "funcName": "_log", "lineno": 188, "event_type": "streaming_indicator_engine.data_anomalies_detected", "data": {"symbol": "ARIA_USDT", "timestamp": 1762076628.311, "anomalies": ["stale_timestamp: 1762076628.311 vs 1764665477.1828778"], "data_sample": {"price": 0.16761, "volume": 7.0}}}
{"timestamp": "2025-12-02T08:51:17.198077+00:00", "level": "WARNING", "module": "logger", "funcName": "_log", "lineno": 188, "event_type": "streaming_indicator_engine.data_anomalies_detected", "data": {"symbol": "ARIA_USDT", "timestamp": 1762076638.312999, "anomalies": ["stale_timestamp: 1762076638.312999 vs 1764665477.1980772"], "data_sample": {"price": 0.16763, "volume": 10.0}}}
{"timestamp": "2025-12-02T08:51:17.213404+00:00", "level": "WARNING", "module": "logger", "funcName": "_log", "lineno": 188, "event_type": "streaming_indicator_engine.data_anomalies_detected", "data": {"symbol": "ARIA_USDT", "timestamp": 1762076647.309999, "anomalies": ["stale_timestamp: 1762076647.309999 vs 1764665477.213404"], "data_sample": {"price": 0.16762, "volume": 4.0}}}
{"timestamp": "2025-12-02T08:51:17.229289+00:00", "level": "WARNING", "module": "logger", "funcName": "_log", "lineno": 188, "event_type": "streaming_indicator_engine.data_anomalies_detected", "data": {"symbol": "ARIA_USDT", "timestamp": 1762076653.309999, "anomalies": ["stale_timestamp: 1762076653.309999 vs 1764665477.2292895"], "data_sample": {"price": 0.16761, "volume": 9.0}}}
{"timestamp": "2025-12-02T08:51:17.244004+00:00", "level": "WARNING", "module": "logger", "funcName": "_log", "lineno": 188, "event_type": "streaming_indicator_engine.data_anomalies_detected", "data": {"symbol": "ARIA_USDT", "timestamp": 1762076666.309999, "anomalies": ["stale_timestamp: 1762076666.309999 vs 1764665477.244004"], "data_sample": {"price": 0.16763, "volume": 9.0}}}
{"timestamp": "2025-12-02T08:51:17.259284+00:00", "level": "WARNING", "module": "logger", "funcName": "_log", "lineno": 188, "event_type": "streaming_indicator_engine.data_anomalies_detected", "data": {"symbol": "ARIA_USDT", "timestamp": 1762076672.308999, "anomalies": ["stale_timestamp: 1762076672.308999 vs 1764665477.2592843"], "data_sample": {"price": 0.16762, "volume": 9.0}}}
{"timestamp": "2025-12-02T08:51:17.275677+00:00", "level": "WARNING", "module": "logger", "funcName": "_log", "lineno": 188, "event_type": "streaming_indicator_engine.data_anomalies_detected", "data": {"symbol": "ARIA_USDT", "timestamp": 1762076685.309999, "anomalies": ["stale_timestamp: 1762076685.309999 vs 1764665477.2756774"], "data_sample": {"price": 0.16732, "volume": 9.0}}}
{"timestamp": "2025-12-02T08:51:17.291400+00:00", "level": "WARNING", "module": "logger", "funcName": "_log", "lineno": 188, "event_type": "streaming_indicator_engine.data_anomalies_detected", "data": {"symbol": "ARIA_USDT", "timestamp": 1762076699.311, "anomalies": ["stale_timestamp: 1762076699.311 vs 1764665477.2904902"], "data_sample": {"price": 0.16737, "volume": 11.0}}}
{"timestamp": "2025-12-02T08:51:17.306001+00:00", "level": "WARNING", "module": "logger", "funcName": "_log", "lineno": 188, "event_type": "streaming_indicator_engine.data_anomalies_detected", "data": {"symbol": "ARIA_USDT", "timestamp": 1762076713.309999, "anomalies": ["stale_timestamp: 1762076713.309999 vs 1764665477.306002"], "data_sample": {"price": 0.16735, "volume": 4.0}}}
{"timestamp": "2025-12-02T08:51:17.321057+00:00", "level": "WARNING", "module": "logger", "funcName": "_log", "lineno": 188, "event_type": "streaming_indicator_engine.data_anomalies_detected", "data": {"symbol": "ARIA_USDT", "timestamp": 1762076728.311, "anomalies": ["stale_timestamp: 1762076728.311 vs 1764665477.321057"], "data_sample": {"price": 0.16739, "volume": 9.0}}}
{"timestamp": "2025-12-02T08:51:17.336892+00:00", "level": "WARNING", "module": "logger", "funcName": "_log", "lineno": 188, "event_type": "streaming_indicator_engine.data_anomalies_detected", "data": {"symbol": "ARIA_USDT", "timestamp": 1762076734.308999, "anomalies": ["stale_timestamp: 1762076734.308999 vs 1764665477.336892"], "data_sample": {"price": 0.16744, "volume": 9.0}}}
{"timestamp": "2025-12-02T08:51:17.352491+00:00", "level": "WARNING", "module": "logger", "funcName": "_log", "lineno": 188, "event_type": "streaming_indicator_engine.data_anomalies_detected", "data": {"symbol": "ARIA_USDT", "timestamp": 1762076750.309999, "anomalies": ["stale_timestamp: 1762076750.309999 vs 1764665477.3524919"], "data_sample": {"price": 0.16747, "volume": 10.0}}}
{"timestamp": "2025-12-02T08:51:17.367555+00:00", "level": "WARNING", "module": "logger", "funcName": "_log", "lineno": 188, "event_type": "streaming_indicator_engine.data_anomalies_detected", "data": {"symbol": "ARIA_USDT", "timestamp": 1762076759.311, "anomalies": ["stale_timestamp: 1762076759.311 vs 1764665477.3675559"], "data_sample": {"price": 0.16746, "volume": 10.0}}}
{"timestamp": "2025-12-02T08:51:17.383089+00:00", "level": "WARNING", "module": "logger", "funcName": "_log", "lineno": 188, "event_type": "streaming_indicator_engine.data_anomalies_detected", "data": {"symbol": "ARIA_USDT", "timestamp": 1762076767.309999, "anomalies": ["stale_timestamp: 1762076767.309999 vs 1764665477.3830888"], "data_sample": {"price": 0.16742, "volume": 8.0}}}
{"timestamp": "2025-12-02T08:51:17.399092+00:00", "level": "WARNING", "module": "logger", "funcName": "_log", "lineno": 188, "event_type": "streaming_indicator_engine.data_anomalies_detected", "data": {"symbol": "ARIA_USDT", "timestamp": 1762076783.312, "anomalies": ["stale_timestamp: 1762076783.312 vs 1764665477.3980887"], "data_sample": {"price": 0.16745, "volume": 8.0}}}
{"timestamp": "2025-12-02T08:51:17.414096+00:00", "level": "WARNING", "module": "logger", "funcName": "_log", "lineno": 188, "event_type": "streaming_indicator_engine.data_anomalies_detected", "data": {"symbol": "ARIA_USDT", "timestamp": 1762076789.309999, "anomalies": ["stale_timestamp: 1762076789.309999 vs 1764665477.4140966"], "data_sample": {"price": 0.16755, "volume": 9.0}}}
{"timestamp": "2025-12-02T08:51:17.428979+00:00", "level": "WARNING", "module": "logger", "funcName": "_log", "lineno": 188, "event_type": "streaming_indicator_engine.data_anomalies_detected", "data": {"symbol": "ARIA_USDT", "timestamp": 1762076803.311, "anomalies": ["stale_timestamp: 1762076803.311 vs 1764665477.4289792"], "data_sample": {"price": 0.16758, "volume": 10.0}}}
{"timestamp": "2025-12-02T08:51:17.444526+00:00", "level": "WARNING", "module": "logger", "funcName": "_log", "lineno": 188, "event_type": "streaming_indicator_engine.data_anomalies_detected", "data": {"symbol": "ARIA_USDT", "timestamp": 1762076816.308999, "anomalies": ["stale_timestamp: 1762076816.308999 vs 1764665477.444527"], "data_sample": {"price": 0.16762, "volume": 9.0}}}
{"timestamp": "2025-12-02T08:51:17.459921+00:00", "level": "WARNING", "module": "logger", "funcName": "_log", "lineno": 188, "event_type": "streaming_indicator_engine.data_anomalies_detected", "data": {"symbol": "ARIA_USDT", "timestamp": 1762076825.312999, "anomalies": ["stale_timestamp: 1762076825.312999 vs 1764665477.4599211"], "data_sample": {"price": 0.16751, "volume": 10.0}}}
{"timestamp": "2025-12-02T08:51:17.475630+00:00", "level": "WARNING", "module": "logger", "funcName": "_log", "lineno": 188, "event_type": "streaming_indicator_engine.data_anomalies_detected", "data": {"symbol": "ARIA_USDT", "timestamp": 1762076831.316999, "anomalies": ["stale_timestamp: 1762076831.316999 vs 1764665477.4756305"], "data_sample": {"price": 0.1674, "volume": 6.0}}}
{"timestamp": "2025-12-02T08:51:17.490207+00:00", "level": "WARNING", "module": "logger", "funcName": "_log", "lineno": 188, "event_type": "streaming_indicator_engine.data_anomalies_detected", "data": {"symbol": "ARIA_USDT", "timestamp": 1762076839.311, "anomalies": ["stale_timestamp: 1762076839.311 vs 1764665477.4902074"], "data_sample": {"price": 0.16741, "volume": 8.0}}}
{"timestamp": "2025-12-02T08:51:17.505982+00:00", "level": "WARNING", "module": "logger", "funcName": "_log", "lineno": 188, "event_type": "streaming_indicator_engine.data_anomalies_detected", "data": {"symbol": "ARIA_USDT", "timestamp": 1762076846.312, "anomalies": ["stale_timestamp: 1762076846.312 vs 1764665477.5059826"], "data_sample": {"price": 0.1674, "volume": 6.0}}}
{"timestamp": "2025-12-02T08:51:17.521515+00:00", "level": "WARNING", "module": "logger", "funcName": "_log", "lineno": 188, "event_type": "streaming_indicator_engine.data_anomalies_detected", "data": {"symbol": "ARIA_USDT", "timestamp": 1762076859.309999, "anomalies": ["stale_timestamp: 1762076859.309999 vs 1764665477.5215158"], "data_sample": {"price": 0.16723, "volume": 5.0}}}
{"timestamp": "2025-12-02T08:51:17.536432+00:00", "level": "WARNING", "module": "logger", "funcName": "_log", "lineno": 188, "event_type": "streaming_indicator_engine.data_anomalies_detected", "data": {"symbol": "ARIA_USDT", "timestamp": 1762076870.309999, "anomalies": ["stale_timestamp: 1762076870.309999 vs 1764665477.536432"], "data_sample": {"price": 0.16724, "volume": 9.0}}}
{"timestamp": "2025-12-02T08:51:17.552346+00:00", "level": "WARNING", "module": "logger", "funcName": "_log", "lineno": 188, "event_type": "streaming_indicator_engine.data_anomalies_detected", "data": {"symbol": "ARIA_USDT", "timestamp": 1762076878.309999, "anomalies": ["stale_timestamp: 1762076878.309999 vs 1764665477.5523465"], "data_sample": {"price": 0.16731, "volume": 4.0}}}
{"timestamp": "2025-12-02T08:51:17.567585+00:00", "level": "WARNING", "module": "logger", "funcName": "_log", "lineno": 188, "event_type": "streaming_indicator_engine.data_anomalies_detected", "data": {"symbol": "ARIA_USDT", "timestamp": 1762076892.311, "anomalies": ["stale_timestamp: 1762076892.311 vs 1764665477.5675852"], "data_sample": {"price": 0.16728, "volume": 9.0}}}
{"timestamp": "2025-12-02T08:51:17.598955+00:00", "level": "WARNING", "module": "logger", "funcName": "_log", "lineno": 188, "event_type": "streaming_indicator_engine.data_anomalies_detected", "data": {"symbol": "ARIA_USDT", "timestamp": 1762076900.309999, "anomalies": ["stale_timestamp: 1762076900.309999 vs 1764665477.5989552"], "data_sample": {"price": 0.16731, "volume": 7.0}}}
{"timestamp": "2025-12-02T08:51:17.614454+00:00", "level": "WARNING", "module": "logger", "funcName": "_log", "lineno": 188, "event_type": "streaming_indicator_engine.data_anomalies_detected", "data": {"symbol": "ARIA_USDT", "timestamp": 1762076915.308999, "anomalies": ["stale_timestamp: 1762076915.308999 vs 1764665477.6144545"], "data_sample": {"price": 0.16729, "volume": 4.0}}}
{"timestamp": "2025-12-02T08:51:17.616360+00:00", "level": "INFO", "module": "logger", "funcName": "_log", "lineno": 188, "event_type": "strategy_manager.indicator_update_received", "data": {"symbol": "ARIA_USDT", "indicator_name": "11b8be00-eed3-48fe-b359-df47b297226c_20", "indicator_type": "", "value": 0.0005379945414689759, "active_strategies_for_symbol": true, "active_count": 3}}
{"timestamp": "2025-12-02T08:51:17.616360+00:00", "level": "WARNING", "module": "logger", "funcName": "_log", "lineno": 188, "event_type": "streaming_indicator_engine.data_anomalies_detected", "data": {"symbol": "ARIA_USDT", "timestamp": 1762076929.309999, "anomalies": ["stale_timestamp: 1762076929.309999 vs 1764665477.6163602"], "data_sample": {"price": 0.16725, "volume": 11.0}}}
{"timestamp": "2025-12-02T08:51:17.617356+00:00", "level": "WARNING", "module": "logger", "funcName": "_log", "lineno": 188, "event_type": "streaming_indicator_engine.data_anomalies_detected", "data": {"symbol": "ARIA_USDT", "timestamp": 1762076940.312999, "anomalies": ["stale_timestamp: 1762076940.312999 vs 1764665477.6173568"], "data_sample": {"price": 0.16733, "volume": 8.0}}}
{"timestamp": "2025-12-02T08:51:17.617356+00:00", "level": "WARNING", "module": "logger", "funcName": "_log", "lineno": 188, "event_type": "streaming_indicator_engine.data_anomalies_detected", "data": {"symbol": "ARIA_USDT", "timestamp": 1762076949.324999, "anomalies": ["stale_timestamp: 1762076949.324999 vs 1764665477.6173568"], "data_sample": {"price": 0.1673, "volume": 8.0}}}
{"timestamp": "2025-12-02T08:51:17.618357+00:00", "level": "WARNING", "module": "logger", "funcName": "_log", "lineno": 188, "event_type": "streaming_indicator_engine.data_anomalies_detected", "data": {"symbol": "ARIA_USDT", "timestamp": 1762076965.316, "anomalies": ["stale_timestamp: 1762076965.316 vs 1764665477.6183574"], "data_sample": {"price": 0.16729, "volume": 4.0}}}
{"timestamp": "2025-12-02T08:51:17.618357+00:00", "level": "WARNING", "module": "logger", "funcName": "_log", "lineno": 188, "event_type": "streaming_indicator_engine.data_anomalies_detected", "data": {"symbol": "ARIA_USDT", "timestamp": 1762076978.312, "anomalies": ["stale_timestamp: 1762076978.312 vs 1764665477.6183574"], "data_sample": {"price": 0.1673, "volume": 9.0}}}
{"timestamp": "2025-12-02T08:51:17.618357+00:00", "level": "INFO", "module": "logger", "funcName": "_log", "lineno": 188, "event_type": "strategy_manager.indicator_update_received", "data": {"symbol": "ARIA_USDT", "indicator_name": "11b8be00-eed3-48fe-b359-df47b297226c_20", "indicator_type": "", "value": 0.0005379945414689759, "active_strategies_for_symbol": true, "active_count": 3}}
{"timestamp": "2025-12-02T08:51:17.619356+00:00", "level": "WARNING", "module": "logger", "funcName": "_log", "lineno": 188, "event_type": "streaming_indicator_engine.data_anomalies_detected", "data": {"symbol": "ARIA_USDT", "timestamp": 1762076990.315, "anomalies": ["stale_timestamp: 1762076990.315 vs 1764665477.6193564"], "data_sample": {"price": 0.16733, "volume": 10.0}}}
{"timestamp": "2025-12-02T08:51:17.619356+00:00", "level": "WARNING", "module": "logger", "funcName": "_log", "lineno": 188, "event_type": "streaming_indicator_engine.data_anomalies_detected", "data": {"symbol": "ARIA_USDT", "timestamp": 1762076997.315, "anomalies": ["stale_timestamp: 1762076997.315 vs 1764665477.6193564"], "data_sample": {"price": 0.16726, "volume": 12.0}}}
{"timestamp": "2025-12-02T08:51:17.620434+00:00", "level": "WARNING", "module": "logger", "funcName": "_log", "lineno": 188, "event_type": "streaming_indicator_engine.data_anomalies_detected", "data": {"symbol": "ARIA_USDT", "timestamp": 1762077007.309999, "anomalies": ["stale_timestamp: 1762077007.309999 vs 1764665477.6204348"], "data_sample": {"price": 0.16719, "volume": 4.0}}}
{"timestamp": "2025-12-02T08:51:17.620434+00:00", "level": "WARNING", "module": "logger", "funcName": "_log", "lineno": 188, "event_type": "streaming_indicator_engine.data_anomalies_detected", "data": {"symbol": "ARIA_USDT", "timestamp": 1762077018.309999, "anomalies": ["stale_timestamp: 1762077018.309999 vs 1764665477.6204348"], "data_sample": {"price": 0.16722, "volume": 8.0}}}
{"timestamp": "2025-12-02T08:51:17.622623+00:00", "level": "WARNING", "module": "logger", "funcName": "_log", "lineno": 188, "event_type": "streaming_indicator_engine.data_anomalies_detected", "data": {"symbol": "ARIA_USDT", "timestamp": 1762077025.309999, "anomalies": ["stale_timestamp: 1762077025.309999 vs 1764665477.621442"], "data_sample": {"price": 0.16726, "volume": 5.0}}}
{"timestamp": "2025-12-02T08:51:17.623846+00:00", "level": "WARNING", "module": "logger", "funcName": "_log", "lineno": 188, "event_type": "streaming_indicator_engine.data_anomalies_detected", "data": {"symbol": "ARIA_USDT", "timestamp": 1762077033.311, "anomalies": ["stale_timestamp: 1762077033.311 vs 1764665477.6238468"], "data_sample": {"price": 0.16725, "volume": 4.0}}}
{"timestamp": "2025-12-02T08:51:17.627948+00:00", "level": "INFO", "module": "logger", "funcName": "_log", "lineno": 188, "event_type": "strategy_manager.indicator_update_received", "data": {"symbol": "ARIA_USDT", "indicator_name": "f1c5bf73-df7f-4889-b417-fc3fcd71a9f7_20", "indicator_type": "", "value": -125.71855476789398, "active_strategies_for_symbol": true, "active_count": 3}}
{"timestamp": "2025-12-02T08:51:17.628953+00:00", "level": "WARNING", "module": "logger", "funcName": "_log", "lineno": 188, "event_type": "streaming_indicator_engine.data_anomalies_detected", "data": {"symbol": "ARIA_USDT", "timestamp": 1762077042.309999, "anomalies": ["stale_timestamp: 1762077042.309999 vs 1764665477.6289537"], "data_sample": {"price": 0.16724, "volume": 4.0}}}
{"timestamp": "2025-12-02T08:51:17.628953+00:00", "level": "WARNING", "module": "logger", "funcName": "_log", "lineno": 188, "event_type": "streaming_indicator_engine.data_anomalies_detected", "data": {"symbol": "ARIA_USDT", "timestamp": 1762077051.309999, "anomalies": ["stale_timestamp: 1762077051.309999 vs 1764665477.6289537"], "data_sample": {"price": 0.16725, "volume": 4.0}}}
{"timestamp": "2025-12-02T08:51:17.630357+00:00", "level": "WARNING", "module": "logger", "funcName": "_log", "lineno": 188, "event_type": "streaming_indicator_engine.data_anomalies_detected", "data": {"symbol": "ARIA_USDT", "timestamp": 1762077057.312999, "anomalies": ["stale_timestamp: 1762077057.312999 vs 1764665477.6289537"], "data_sample": {"price": 0.16726, "volume": 3.0}}}
{"timestamp": "2025-12-02T08:51:17.630357+00:00", "level": "WARNING", "module": "logger", "funcName": "_log", "lineno": 188, "event_type": "streaming_indicator_engine.data_anomalies_detected", "data": {"symbol": "ARIA_USDT", "timestamp": 1762077067.316999, "anomalies": ["stale_timestamp: 1762077067.316999 vs 1764665477.6303573"], "data_sample": {"price": 0.16725, "volume": 8.0}}}
{"timestamp": "2025-12-02T08:51:17.631365+00:00", "level": "WARNING", "module": "logger", "funcName": "_log", "lineno": 188, "event_type": "streaming_indicator_engine.data_anomalies_detected", "data": {"symbol": "ARIA_USDT", "timestamp": 1762077081.308, "anomalies": ["stale_timestamp: 1762077081.308 vs 1764665477.6313655"], "data_sample": {"price": 0.16714, "volume": 6.0}}}
{"timestamp": "2025-12-02T08:51:17.631365+00:00", "level": "WARNING", "module": "logger", "funcName": "_log", "lineno": 188, "event_type": "streaming_indicator_engine.data_anomalies_detected", "data": {"symbol": "ARIA_USDT", "timestamp": 1762077089.311, "anomalies": ["stale_timestamp: 1762077089.311 vs 1764665477.6313655"], "data_sample": {"price": 0.16711, "volume": 4.0}}}
{"timestamp": "2025-12-02T08:51:17.632715+00:00", "level": "INFO", "module": "logger", "funcName": "_log", "lineno": 188, "event_type": "strategy_manager.indicator_update_received", "data": {"symbol": "ARIA_USDT", "indicator_name": "f1c5bf73-df7f-4889-b417-fc3fcd71a9f7_20", "indicator_type": "", "value": -125.71855476789398, "active_strategies_for_symbol": true, "active_count": 3}}
{"timestamp": "2025-12-02T08:51:17.632715+00:00", "level": "WARNING", "module": "logger", "funcName": "_log", "lineno": 188, "event_type": "streaming_indicator_engine.data_anomalies_detected", "data": {"symbol": "ARIA_USDT", "timestamp": 1762077098.311, "anomalies": ["stale_timestamp: 1762077098.311 vs 1764665477.6327155"], "data_sample": {"price": 0.16702, "volume": 4.0}}}
{"timestamp": "2025-12-02T08:51:17.632715+00:00", "level": "WARNING", "module": "logger", "funcName": "_log", "lineno": 188, "event_type": "streaming_indicator_engine.data_anomalies_detected", "data": {"symbol": "ARIA_USDT", "timestamp": 1762077107.335, "anomalies": ["stale_timestamp: 1762077107.335 vs 1764665477.6327155"], "data_sample": {"price": 0.167, "volume": 26.0}}}
{"timestamp": "2025-12-02T08:51:17.633723+00:00", "level": "WARNING", "module": "logger", "funcName": "_log", "lineno": 188, "event_type": "streaming_indicator_engine.data_anomalies_detected", "data": {"symbol": "ARIA_USDT", "timestamp": 1762077121.309999, "anomalies": ["stale_timestamp: 1762077121.309999 vs 1764665477.6337235"], "data_sample": {"price": 0.16704, "volume": 8.0}}}
{"timestamp": "2025-12-02T08:51:17.633723+00:00", "level": "WARNING", "module": "logger", "funcName": "_log", "lineno": 188, "event_type": "streaming_indicator_engine.data_anomalies_detected", "data": {"symbol": "ARIA_USDT", "timestamp": 1762077123.420999, "anomalies": ["stale_timestamp: 1762077123.420999 vs 1764665477.6337235"], "data_sample": {"price": 0.167, "volume": 59.0}}}
{"timestamp": "2025-12-02T08:51:17.634724+00:00", "level": "WARNING", "module": "logger", "funcName": "_log", "lineno": 188, "event_type": "streaming_indicator_engine.data_anomalies_detected", "data": {"symbol": "ARIA_USDT", "timestamp": 1762077139.311, "anomalies": ["stale_timestamp: 1762077139.311 vs 1764665477.6347246"], "data_sample": {"price": 0.16703, "volume": 5.0}}}
{"timestamp": "2025-12-02T08:51:17.634724+00:00", "level": "WARNING", "module": "logger", "funcName": "_log", "lineno": 188, "event_type": "streaming_indicator_engine.data_anomalies_detected", "data": {"symbol": "ARIA_USDT", "timestamp": 1762077152.308999, "anomalies": ["stale_timestamp: 1762077152.308999 vs 1764665477.6347246"], "data_sample": {"price": 0.16708, "volume": 9.0}}}
{"timestamp": "2025-12-02T08:51:17.634724+00:00", "level": "WARNING", "module": "logger", "funcName": "_log", "lineno": 188, "event_type": "streaming_indicator_engine.data_anomalies_detected", "data": {"symbol": "ARIA_USDT", "timestamp": 1762077163.309999, "anomalies": ["stale_timestamp: 1762077163.309999 vs 1764665477.6347246"], "data_sample": {"price": 0.16713, "volume": 11.0}}}
{"timestamp": "2025-12-02T08:51:17.661647+00:00", "level": "WARNING", "module": "logger", "funcName": "_log", "lineno": 188, "event_type": "streaming_indicator_engine.data_anomalies_detected", "data": {"symbol": "ARIA_USDT", "timestamp": 1762077172.309999, "anomalies": ["stale_timestamp: 1762077172.309999 vs 1764665477.6616478"], "data_sample": {"price": 0.16706, "volume": 12.0}}}
{"timestamp": "2025-12-02T08:51:17.677387+00:00", "level": "WARNING", "module": "logger", "funcName": "_log", "lineno": 188, "event_type": "streaming_indicator_engine.data_anomalies_detected", "data": {"symbol": "ARIA_USDT", "timestamp": 1762077187.312999, "anomalies": ["stale_timestamp: 1762077187.312999 vs 1764665477.6773872"], "data_sample": {"price": 0.16705, "volume": 4.0}}}
{"timestamp": "2025-12-02T08:51:17.693352+00:00", "level": "WARNING", "module": "logger", "funcName": "_log", "lineno": 188, "event_type": "streaming_indicator_engine.data_anomalies_detected", "data": {"symbol": "ARIA_USDT", "timestamp": 1762077203.309999, "anomalies": ["stale_timestamp: 1762077203.309999 vs 1764665477.6933525"], "data_sample": {"price": 0.16703, "volume": 6.0}}}
{"timestamp": "2025-12-02T08:51:17.709293+00:00", "level": "WARNING", "module": "logger", "funcName": "_log", "lineno": 188, "event_type": "streaming_indicator_engine.data_anomalies_detected", "data": {"symbol": "ARIA_USDT", "timestamp": 1762077211.312, "anomalies": ["stale_timestamp: 1762077211.312 vs 1764665477.7092934"], "data_sample": {"price": 0.16707, "volume": 9.0}}}
{"timestamp": "2025-12-02T08:51:17.724944+00:00", "level": "WARNING", "module": "logger", "funcName": "_log", "lineno": 188, "event_type": "streaming_indicator_engine.data_anomalies_detected", "data": {"symbol": "ARIA_USDT", "timestamp": 1762077227.312999, "anomalies": ["stale_timestamp: 1762077227.312999 vs 1764665477.7249444"], "data_sample": {"price": 0.16704, "volume": 4.0}}}
{"timestamp": "2025-12-02T08:51:17.740082+00:00", "level": "WARNING", "module": "logger", "funcName": "_log", "lineno": 188, "event_type": "streaming_indicator_engine.data_anomalies_detected", "data": {"symbol": "ARIA_USDT", "timestamp": 1762077234.308999, "anomalies": ["stale_timestamp: 1762077234.308999 vs 1764665477.7400823"], "data_sample": {"price": 0.16708, "volume": 8.0}}}
{"timestamp": "2025-12-02T08:51:17.755276+00:00", "level": "WARNING", "module": "logger", "funcName": "_log", "lineno": 188, "event_type": "streaming_indicator_engine.data_anomalies_detected", "data": {"symbol": "ARIA_USDT", "timestamp": 1762077247.312999, "anomalies": ["stale_timestamp: 1762077247.312999 vs 1764665477.7552764"], "data_sample": {"price": 0.16705, "volume": 7.0}}}
{"timestamp": "2025-12-02T08:51:17.770488+00:00", "level": "WARNING", "module": "logger", "funcName": "_log", "lineno": 188, "event_type": "streaming_indicator_engine.data_anomalies_detected", "data": {"symbol": "ARIA_USDT", "timestamp": 1762077263.309999, "anomalies": ["stale_timestamp: 1762077263.309999 vs 1764665477.7704883"], "data_sample": {"price": 0.16704, "volume": 7.0}}}
{"timestamp": "2025-12-02T08:51:17.787103+00:00", "level": "WARNING", "module": "logger", "funcName": "_log", "lineno": 188, "event_type": "streaming_indicator_engine.data_anomalies_detected", "data": {"symbol": "ARIA_USDT", "timestamp": 1762077274.309999, "anomalies": ["stale_timestamp: 1762077274.309999 vs 1764665477.786477"], "data_sample": {"price": 0.16709, "volume": 4.0}}}
{"timestamp": "2025-12-02T08:51:17.802129+00:00", "level": "WARNING", "module": "logger", "funcName": "_log", "lineno": 188, "event_type": "streaming_indicator_engine.data_anomalies_detected", "data": {"symbol": "ARIA_USDT", "timestamp": 1762077281.311, "anomalies": ["stale_timestamp: 1762077281.311 vs 1764665477.8021297"], "data_sample": {"price": 0.16713, "volume": 12.0}}}
{"timestamp": "2025-12-02T08:51:17.817369+00:00", "level": "WARNING", "module": "logger", "funcName": "_log", "lineno": 188, "event_type": "streaming_indicator_engine.data_anomalies_detected", "data": {"symbol": "ARIA_USDT", "timestamp": 1762077290.312, "anomalies": ["stale_timestamp: 1762077290.312 vs 1764665477.8173695"], "data_sample": {"price": 0.16709, "volume": 8.0}}}
{"timestamp": "2025-12-02T08:51:17.832686+00:00", "level": "WARNING", "module": "logger", "funcName": "_log", "lineno": 188, "event_type": "streaming_indicator_engine.data_anomalies_detected", "data": {"symbol": "ARIA_USDT", "timestamp": 1762077299.312, "anomalies": ["stale_timestamp: 1762077299.312 vs 1764665477.832687"], "data_sample": {"price": 0.16706, "volume": 8.0}}}
{"timestamp": "2025-12-02T08:51:17.848137+00:00", "level": "WARNING", "module": "logger", "funcName": "_log", "lineno": 188, "event_type": "streaming_indicator_engine.data_anomalies_detected", "data": {"symbol": "ARIA_USDT", "timestamp": 1762077309.309999, "anomalies": ["stale_timestamp: 1762077309.309999 vs 1764665477.848137"], "data_sample": {"price": 0.16705, "volume": 6.0}}}
{"timestamp": "2025-12-02T08:51:17.863438+00:00", "level": "WARNING", "module": "logger", "funcName": "_log", "lineno": 188, "event_type": "streaming_indicator_engine.data_anomalies_detected", "data": {"symbol": "ARIA_USDT", "timestamp": 1762077318.312, "anomalies": ["stale_timestamp: 1762077318.312 vs 1764665477.8634386"], "data_sample": {"price": 0.16706, "volume": 9.0}}}
{"timestamp": "2025-12-02T08:51:17.878294+00:00", "level": "WARNING", "module": "logger", "funcName": "_log", "lineno": 188, "event_type": "streaming_indicator_engine.data_anomalies_detected", "data": {"symbol": "ARIA_USDT", "timestamp": 1762077324.309999, "anomalies": ["stale_timestamp: 1762077324.309999 vs 1764665477.8782942"], "data_sample": {"price": 0.1671, "volume": 5.0}}}
{"timestamp": "2025-12-02T08:51:17.893578+00:00", "level": "WARNING", "module": "logger", "funcName": "_log", "lineno": 188, "event_type": "streaming_indicator_engine.data_anomalies_detected", "data": {"symbol": "ARIA_USDT", "timestamp": 1762077335.309999, "anomalies": ["stale_timestamp: 1762077335.309999 vs 1764665477.8935783"], "data_sample": {"price": 0.16709, "volume": 4.0}}}
{"timestamp": "2025-12-02T08:51:17.896473+00:00", "level": "INFO", "module": "logger", "funcName": "_log", "lineno": 188, "event_type": "strategy_manager.indicator_update_received", "data": {"symbol": "ARIA_USDT", "indicator_name": "611fad91-045d-408b-8822-f43428935033_20", "indicator_type": "", "value": 5.9795950178820356e-05, "active_strategies_for_symbol": true, "active_count": 3}}
{"timestamp": "2025-12-02T08:51:17.897558+00:00", "level": "WARNING", "module": "logger", "funcName": "_log", "lineno": 188, "event_type": "streaming_indicator_engine.data_anomalies_detected", "data": {"symbol": "ARIA_USDT", "timestamp": 1762077351.309999, "anomalies": ["stale_timestamp: 1762077351.309999 vs 1764665477.8975585"], "data_sample": {"price": 0.1671, "volume": 3.0}}}
{"timestamp": "2025-12-02T08:51:17.897558+00:00", "level": "WARNING", "module": "logger", "funcName": "_log", "lineno": 188, "event_type": "streaming_indicator_engine.data_anomalies_detected", "data": {"symbol": "ARIA_USDT", "timestamp": 1762077362.309999, "anomalies": ["stale_timestamp: 1762077362.309999 vs 1764665477.8975585"], "data_sample": {"price": 0.16716, "volume": 5.0}}}
{"timestamp": "2025-12-02T08:51:17.899072+00:00", "level": "WARNING", "module": "logger", "funcName": "_log", "lineno": 188, "event_type": "streaming_indicator_engine.data_anomalies_detected", "data": {"symbol": "ARIA_USDT", "timestamp": 1762077376.309999, "anomalies": ["stale_timestamp: 1762077376.309999 vs 1764665477.899072"], "data_sample": {"price": 0.16724, "volume": 11.0}}}
{"timestamp": "2025-12-02T08:51:17.899072+00:00", "level": "WARNING", "module": "logger", "funcName": "_log", "lineno": 188, "event_type": "streaming_indicator_engine.data_anomalies_detected", "data": {"symbol": "ARIA_USDT", "timestamp": 1762077387.309999, "anomalies": ["stale_timestamp: 1762077387.309999 vs 1764665477.899072"], "data_sample": {"price": 0.16726, "volume": 11.0}}}
{"timestamp": "2025-12-02T08:51:17.900093+00:00", "level": "WARNING", "module": "logger", "funcName": "_log", "lineno": 188, "event_type": "streaming_indicator_engine.data_anomalies_detected", "data": {"symbol": "ARIA_USDT", "timestamp": 1762077395.309999, "anomalies": ["stale_timestamp: 1762077395.309999 vs 1764665477.9000938"], "data_sample": {"price": 0.16728, "volume": 3.0}}}
{"timestamp": "2025-12-02T08:51:17.901084+00:00", "level": "INFO", "module": "logger", "funcName": "_log", "lineno": 188, "event_type": "strategy_manager.indicator_update_received", "data": {"symbol": "ARIA_USDT", "indicator_name": "611fad91-045d-408b-8822-f43428935033_20", "indicator_type": "", "value": 5.9795950178820356e-05, "active_strategies_for_symbol": true, "active_count": 3}}
{"timestamp": "2025-12-02T08:51:17.902098+00:00", "level": "WARNING", "module": "logger", "funcName": "_log", "lineno": 188, "event_type": "streaming_indicator_engine.data_anomalies_detected", "data": {"symbol": "ARIA_USDT", "timestamp": 1762077402.309999, "anomalies": ["stale_timestamp: 1762077402.309999 vs 1764665477.9020982"], "data_sample": {"price": 0.1673, "volume": 10.0}}}
{"timestamp": "2025-12-02T08:51:17.903095+00:00", "level": "WARNING", "module": "logger", "funcName": "_log", "lineno": 188, "event_type": "streaming_indicator_engine.data_anomalies_detected", "data": {"symbol": "ARIA_USDT", "timestamp": 1762077412.311, "anomalies": ["stale_timestamp: 1762077412.311 vs 1764665477.9030952"], "data_sample": {"price": 0.16729, "volume": 7.0}}}
{"timestamp": "2025-12-02T08:51:17.904096+00:00", "level": "WARNING", "module": "logger", "funcName": "_log", "lineno": 188, "event_type": "streaming_indicator_engine.data_anomalies_detected", "data": {"symbol": "ARIA_USDT", "timestamp": 1762077421.309999, "anomalies": ["stale_timestamp: 1762077421.309999 vs 1764665477.9040966"], "data_sample": {"price": 0.16727, "volume": 4.0}}}
{"timestamp": "2025-12-02T08:51:17.907090+00:00", "level": "INFO", "module": "logger", "funcName": "_log", "lineno": 188, "event_type": "strategy_manager.indicator_update_received", "data": {"symbol": "ARIA_USDT", "indicator_name": "790d8eed-dc95-43ff-b625-1205d256154b_20", "indicator_type": "", "value": 0.0013506874143189638, "active_strategies_for_symbol": true, "active_count": 3}}
{"timestamp": "2025-12-02T08:51:17.909609+00:00", "level": "INFO", "module": "logger", "funcName": "_log", "lineno": 188, "event_type": "strategy_manager.indicator_update_received", "data": {"symbol": "ARIA_USDT", "indicator_name": "790d8eed-dc95-43ff-b625-1205d256154b_20", "indicator_type": "", "value": 0.0013506874143189638, "active_strategies_for_symbol": true, "active_count": 3}}
{"timestamp": "2025-12-02T08:51:17.911627+00:00", "level": "WARNING", "module": "logger", "funcName": "_log", "lineno": 188, "event_type": "streaming_indicator_engine.data_anomalies_detected", "data": {"symbol": "ARIA_USDT", "timestamp": 1762076372.312999, "anomalies": ["stale_timestamp: 1762076372.312999 vs 1764665477.9116278"], "data_sample": {"price": 0.1671, "volume": 3.0}}}
{"timestamp": "2025-12-02T08:51:17.925206+00:00", "level": "WARNING", "module": "logger", "funcName": "_log", "lineno": 188, "event_type": "streaming_indicator_engine.data_anomalies_detected", "data": {"symbol": "ARIA_USDT", "timestamp": 1762076381.309999, "anomalies": ["stale_timestamp: 1762076381.309999 vs 1764665477.9252064"], "data_sample": {"price": 0.16715, "volume": 8.0}}}
{"timestamp": "2025-12-02T08:51:17.940347+00:00", "level": "WARNING", "module": "logger", "funcName": "_log", "lineno": 188, "event_type": "streaming_indicator_engine.data_anomalies_detected", "data": {"symbol": "ARIA_USDT", "timestamp": 1762076388.311, "anomalies": ["stale_timestamp: 1762076388.311 vs 1764665477.9403474"], "data_sample": {"price": 0.16714, "volume": 9.0}}}
{"timestamp": "2025-12-02T08:51:17.956043+00:00", "level": "WARNING", "module": "logger", "funcName": "_log", "lineno": 188, "event_type": "streaming_indicator_engine.data_anomalies_detected", "data": {"symbol": "ARIA_USDT", "timestamp": 1762076401.309999, "anomalies": ["stale_timestamp: 1762076401.309999 vs 1764665477.9560432"], "data_sample": {"price": 0.16717, "volume": 7.0}}}
{"timestamp": "2025-12-02T08:51:17.971425+00:00", "level": "WARNING", "module": "logger", "funcName": "_log", "lineno": 188, "event_type": "streaming_indicator_engine.data_anomalies_detected", "data": {"symbol": "ARIA_USDT", "timestamp": 1762076408.312, "anomalies": ["stale_timestamp: 1762076408.312 vs 1764665477.9714258"], "data_sample": {"price": 0.16713, "volume": 3.0}}}
{"timestamp": "2025-12-02T08:51:17.987073+00:00", "level": "WARNING", "module": "logger", "funcName": "_log", "lineno": 188, "event_type": "streaming_indicator_engine.data_anomalies_detected", "data": {"symbol": "ARIA_USDT", "timestamp": 1762076417.311, "anomalies": ["stale_timestamp: 1762076417.311 vs 1764665477.987074"], "data_sample": {"price": 0.16708, "volume": 3.0}}}
{"timestamp": "2025-12-02T08:51:18.002931+00:00", "level": "WARNING", "module": "logger", "funcName": "_log", "lineno": 188, "event_type": "streaming_indicator_engine.data_anomalies_detected", "data": {"symbol": "ARIA_USDT", "timestamp": 1762076427.308999, "anomalies": ["stale_timestamp: 1762076427.308999 vs 1764665478.002932"], "data_sample": {"price": 0.16707, "volume": 12.0}}}
{"timestamp": "2025-12-02T08:51:18.018163+00:00", "level": "WARNING", "module": "logger", "funcName": "_log", "lineno": 188, "event_type": "streaming_indicator_engine.data_anomalies_detected", "data": {"symbol": "ARIA_USDT", "timestamp": 1762076435.309999, "anomalies": ["stale_timestamp: 1762076435.309999 vs 1764665478.018163"], "data_sample": {"price": 0.1671, "volume": 4.0}}}
{"timestamp": "2025-12-02T08:51:18.033559+00:00", "level": "WARNING", "module": "logger", "funcName": "_log", "lineno": 188, "event_type": "streaming_indicator_engine.data_anomalies_detected", "data": {"symbol": "ARIA_USDT", "timestamp": 1762076447.309999, "anomalies": ["stale_timestamp: 1762076447.309999 vs 1764665478.0335596"], "data_sample": {"price": 0.16708, "volume": 9.0}}}
{"timestamp": "2025-12-02T08:51:18.049217+00:00", "level": "WARNING", "module": "logger", "funcName": "_log", "lineno": 188, "event_type": "streaming_indicator_engine.data_anomalies_detected", "data": {"symbol": "ARIA_USDT", "timestamp": 1762076462.309999, "anomalies": ["stale_timestamp: 1762076462.309999 vs 1764665478.0492177"], "data_sample": {"price": 0.16726, "volume": 10.0}}}
{"timestamp": "2025-12-02T08:51:18.064690+00:00", "level": "WARNING", "module": "logger", "funcName": "_log", "lineno": 188, "event_type": "streaming_indicator_engine.data_anomalies_detected", "data": {"symbol": "ARIA_USDT", "timestamp": 1762076476.308999, "anomalies": ["stale_timestamp: 1762076476.308999 vs 1764665478.0646904"], "data_sample": {"price": 0.16745, "volume": 9.0}}}
{"timestamp": "2025-12-02T08:51:18.067660+00:00", "level": "WARNING", "module": "logger", "funcName": "_log", "lineno": 188, "event_type": "streaming_indicator_engine.data_anomalies_detected", "data": {"symbol": "ARIA_USDT", "timestamp": 1762076490.311, "anomalies": ["stale_timestamp: 1762076490.311 vs 1764665478.06766"], "data_sample": {"price": 0.16766, "volume": 7.0}}}
{"timestamp": "2025-12-02T08:51:18.080322+00:00", "level": "WARNING", "module": "logger", "funcName": "_log", "lineno": 188, "event_type": "streaming_indicator_engine.data_anomalies_detected", "data": {"symbol": "ARIA_USDT", "timestamp": 1762076501.311, "anomalies": ["stale_timestamp: 1762076501.311 vs 1764665478.0803225"], "data_sample": {"price": 0.16763, "volume": 5.0}}}
{"timestamp": "2025-12-02T08:51:18.095853+00:00", "level": "WARNING", "module": "logger", "funcName": "_log", "lineno": 188, "event_type": "streaming_indicator_engine.data_anomalies_detected", "data": {"symbol": "ARIA_USDT", "timestamp": 1762076514.408999, "anomalies": ["stale_timestamp: 1762076514.408999 vs 1764665478.0958533"], "data_sample": {"price": 0.16766, "volume": 10.0}}}
{"timestamp": "2025-12-02T08:51:18.112064+00:00", "level": "WARNING", "module": "logger", "funcName": "_log", "lineno": 188, "event_type": "streaming_indicator_engine.data_anomalies_detected", "data": {"symbol": "ARIA_USDT", "timestamp": 1762076520.311, "anomalies": ["stale_timestamp: 1762076520.311 vs 1764665478.1120644"], "data_sample": {"price": 0.1677, "volume": 9.0}}}
{"timestamp": "2025-12-02T08:51:18.127577+00:00", "level": "WARNING", "module": "logger", "funcName": "_log", "lineno": 188, "event_type": "streaming_indicator_engine.data_anomalies_detected", "data": {"symbol": "ARIA_USDT", "timestamp": 1762076531.311, "anomalies": ["stale_timestamp: 1762076531.311 vs 1764665478.1275778"], "data_sample": {"price": 0.16778, "volume": 10.0}}}
{"timestamp": "2025-12-02T08:51:18.142708+00:00", "level": "WARNING", "module": "logger", "funcName": "_log", "lineno": 188, "event_type": "streaming_indicator_engine.data_anomalies_detected", "data": {"symbol": "ARIA_USDT", "timestamp": 1762076537.311, "anomalies": ["stale_timestamp: 1762076537.311 vs 1764665478.1427085"], "data_sample": {"price": 0.16777, "volume": 10.0}}}
{"timestamp": "2025-12-02T08:51:18.145664+00:00", "level": "INFO", "module": "logger", "funcName": "_log", "lineno": 188, "event_type": "strategy_manager.indicator_update_received", "data": {"symbol": "ARIA_USDT", "indicator_name": "5fc82998-9270-4b44-8312-f74ddd20a93d_20", "indicator_type": "", "value": -49.02812586896593, "active_strategies_for_symbol": true, "active_count": 3}}
{"timestamp": "2025-12-02T08:51:18.146663+00:00", "level": "WARNING", "module": "logger", "funcName": "_log", "lineno": 188, "event_type": "streaming_indicator_engine.data_anomalies_detected", "data": {"symbol": "ARIA_USDT", "timestamp": 1762076543.312, "anomalies": ["stale_timestamp: 1762076543.312 vs 1764665478.1466634"], "data_sample": {"price": 0.16765, "volume": 8.0}}}
{"timestamp": "2025-12-02T08:51:18.147665+00:00", "level": "WARNING", "module": "logger", "funcName": "_log", "lineno": 188, "event_type": "streaming_indicator_engine.data_anomalies_detected", "data": {"symbol": "ARIA_USDT", "timestamp": 1762076551.311, "anomalies": ["stale_timestamp: 1762076551.311 vs 1764665478.1476648"], "data_sample": {"price": 0.16776, "volume": 7.0}}}
{"timestamp": "2025-12-02T08:51:18.147665+00:00", "level": "WARNING", "module": "logger", "funcName": "_log", "lineno": 188, "event_type": "streaming_indicator_engine.data_anomalies_detected", "data": {"symbol": "ARIA_USDT", "timestamp": 1762076567.313999, "anomalies": ["stale_timestamp: 1762076567.313999 vs 1764665478.1476648"], "data_sample": {"price": 0.16779, "volume": 4.0}}}
{"timestamp": "2025-12-02T08:51:18.147665+00:00", "level": "WARNING", "module": "logger", "funcName": "_log", "lineno": 188, "event_type": "streaming_indicator_engine.data_anomalies_detected", "data": {"symbol": "ARIA_USDT", "timestamp": 1762076582.312999, "anomalies": ["stale_timestamp: 1762076582.312999 vs 1764665478.1476648"], "data_sample": {"price": 0.16774, "volume": 4.0}}}
{"timestamp": "2025-12-02T08:51:18.149171+00:00", "level": "WARNING", "module": "logger", "funcName": "_log", "lineno": 188, "event_type": "streaming_indicator_engine.data_anomalies_detected", "data": {"symbol": "ARIA_USDT", "timestamp": 1762076595.309999, "anomalies": ["stale_timestamp: 1762076595.309999 vs 1764665478.149172"], "data_sample": {"price": 0.16776, "volume": 10.0}}}
{"timestamp": "2025-12-02T08:51:18.149171+00:00", "level": "INFO", "module": "logger", "funcName": "_log", "lineno": 188, "event_type": "strategy_manager.indicator_update_received", "data": {"symbol": "ARIA_USDT", "indicator_name": "5fc82998-9270-4b44-8312-f74ddd20a93d_20", "indicator_type": "", "value": -49.02812586896593, "active_strategies_for_symbol": true, "active_count": 3}}
{"timestamp": "2025-12-02T08:51:18.150400+00:00", "level": "WARNING", "module": "logger", "funcName": "_log", "lineno": 188, "event_type": "streaming_indicator_engine.data_anomalies_detected", "data": {"symbol": "ARIA_USDT", "timestamp": 1762076606.309999, "anomalies": ["stale_timestamp: 1762076606.309999 vs 1764665478.1504"], "data_sample": {"price": 0.16772, "volume": 9.0}}}
{"timestamp": "2025-12-02T08:51:18.150400+00:00", "level": "WARNING", "module": "logger", "funcName": "_log", "lineno": 188, "event_type": "streaming_indicator_engine.data_anomalies_detected", "data": {"symbol": "ARIA_USDT", "timestamp": 1762076620.309999, "anomalies": ["stale_timestamp: 1762076620.309999 vs 1764665478.1504"], "data_sample": {"price": 0.16764, "volume": 5.0}}}
{"timestamp": "2025-12-02T08:51:18.151794+00:00", "level": "WARNING", "module": "logger", "funcName": "_log", "lineno": 188, "event_type": "streaming_indicator_engine.data_anomalies_detected", "data": {"symbol": "ARIA_USDT", "timestamp": 1762076628.311, "anomalies": ["stale_timestamp: 1762076628.311 vs 1764665478.1504"], "data_sample": {"price": 0.16761, "volume": 7.0}}}
{"timestamp": "2025-12-02T08:51:18.151794+00:00", "level": "WARNING", "module": "logger", "funcName": "_log", "lineno": 188, "event_type": "streaming_indicator_engine.data_anomalies_detected", "data": {"symbol": "ARIA_USDT", "timestamp": 1762076638.312999, "anomalies": ["stale_timestamp: 1762076638.312999 vs 1764665478.1517944"], "data_sample": {"price": 0.16763, "volume": 10.0}}}
{"timestamp": "2025-12-02T08:51:18.152803+00:00", "level": "WARNING", "module": "logger", "funcName": "_log", "lineno": 188, "event_type": "streaming_indicator_engine.data_anomalies_detected", "data": {"symbol": "ARIA_USDT", "timestamp": 1762076647.309999, "anomalies": ["stale_timestamp: 1762076647.309999 vs 1764665478.1517944"], "data_sample": {"price": 0.16762, "volume": 4.0}}}
{"timestamp": "2025-12-02T08:51:18.152803+00:00", "level": "WARNING", "module": "logger", "funcName": "_log", "lineno": 188, "event_type": "streaming_indicator_engine.data_anomalies_detected", "data": {"symbol": "ARIA_USDT", "timestamp": 1762076653.309999, "anomalies": ["stale_timestamp: 1762076653.309999 vs 1764665478.1528034"], "data_sample": {"price": 0.16761, "volume": 9.0}}}
{"timestamp": "2025-12-02T08:51:18.152803+00:00", "level": "WARNING", "module": "logger", "funcName": "_log", "lineno": 188, "event_type": "streaming_indicator_engine.data_anomalies_detected", "data": {"symbol": "ARIA_USDT", "timestamp": 1762076666.309999, "anomalies": ["stale_timestamp: 1762076666.309999 vs 1764665478.1528034"], "data_sample": {"price": 0.16763, "volume": 9.0}}}
{"timestamp": "2025-12-02T08:51:18.173841+00:00", "level": "WARNING", "module": "logger", "funcName": "_log", "lineno": 188, "event_type": "streaming_indicator_engine.data_anomalies_detected", "data": {"symbol": "ARIA_USDT", "timestamp": 1762076672.308999, "anomalies": ["stale_timestamp: 1762076672.308999 vs 1764665478.1738415"], "data_sample": {"price": 0.16762, "volume": 9.0}}}
{"timestamp": "2025-12-02T08:51:18.189661+00:00", "level": "WARNING", "module": "logger", "funcName": "_log", "lineno": 188, "event_type": "streaming_indicator_engine.data_anomalies_detected", "data": {"symbol": "ARIA_USDT", "timestamp": 1762076685.309999, "anomalies": ["stale_timestamp: 1762076685.309999 vs 1764665478.189157"], "data_sample": {"price": 0.16732, "volume": 9.0}}}
{"timestamp": "2025-12-02T08:51:18.205178+00:00", "level": "WARNING", "module": "logger", "funcName": "_log", "lineno": 188, "event_type": "streaming_indicator_engine.data_anomalies_detected", "data": {"symbol": "ARIA_USDT", "timestamp": 1762076699.311, "anomalies": ["stale_timestamp: 1762076699.311 vs 1764665478.205179"], "data_sample": {"price": 0.16737, "volume": 11.0}}}
{"timestamp": "2025-12-02T08:51:18.220042+00:00", "level": "WARNING", "module": "logger", "funcName": "_log", "lineno": 188, "event_type": "streaming_indicator_engine.data_anomalies_detected", "data": {"symbol": "ARIA_USDT", "timestamp": 1762076713.309999, "anomalies": ["stale_timestamp: 1762076713.309999 vs 1764665478.2200422"], "data_sample": {"price": 0.16735, "volume": 4.0}}}
{"timestamp": "2025-12-02T08:51:18.234923+00:00", "level": "WARNING", "module": "logger", "funcName": "_log", "lineno": 188, "event_type": "streaming_indicator_engine.data_anomalies_detected", "data": {"symbol": "ARIA_USDT", "timestamp": 1762076728.311, "anomalies": ["stale_timestamp: 1762076728.311 vs 1764665478.2349238"], "data_sample": {"price": 0.16739, "volume": 9.0}}}
{"timestamp": "2025-12-02T08:51:18.250069+00:00", "level": "WARNING", "module": "logger", "funcName": "_log", "lineno": 188, "event_type": "streaming_indicator_engine.data_anomalies_detected", "data": {"symbol": "ARIA_USDT", "timestamp": 1762076734.308999, "anomalies": ["stale_timestamp: 1762076734.308999 vs 1764665478.2500691"], "data_sample": {"price": 0.16744, "volume": 9.0}}}
{"timestamp": "2025-12-02T08:51:18.265253+00:00", "level": "WARNING", "module": "logger", "funcName": "_log", "lineno": 188, "event_type": "streaming_indicator_engine.data_anomalies_detected", "data": {"symbol": "ARIA_USDT", "timestamp": 1762076750.309999, "anomalies": ["stale_timestamp: 1762076750.309999 vs 1764665478.2652535"], "data_sample": {"price": 0.16747, "volume": 10.0}}}
{"timestamp": "2025-12-02T08:51:18.280468+00:00", "level": "WARNING", "module": "logger", "funcName": "_log", "lineno": 188, "event_type": "streaming_indicator_engine.data_anomalies_detected", "data": {"symbol": "ARIA_USDT", "timestamp": 1762076759.311, "anomalies": ["stale_timestamp: 1762076759.311 vs 1764665478.2804685"], "data_sample": {"price": 0.16746, "volume": 10.0}}}
{"timestamp": "2025-12-02T08:51:18.295214+00:00", "level": "WARNING", "module": "logger", "funcName": "_log", "lineno": 188, "event_type": "streaming_indicator_engine.data_anomalies_detected", "data": {"symbol": "ARIA_USDT", "timestamp": 1762076767.309999, "anomalies": ["stale_timestamp: 1762076767.309999 vs 1764665478.2952142"], "data_sample": {"price": 0.16742, "volume": 8.0}}}
{"timestamp": "2025-12-02T08:51:18.311453+00:00", "level": "WARNING", "module": "logger", "funcName": "_log", "lineno": 188, "event_type": "streaming_indicator_engine.data_anomalies_detected", "data": {"symbol": "ARIA_USDT", "timestamp": 1762076783.312, "anomalies": ["stale_timestamp: 1762076783.312 vs 1764665478.3114533"], "data_sample": {"price": 0.16745, "volume": 8.0}}}
{"timestamp": "2025-12-02T08:51:18.327220+00:00", "level": "WARNING", "module": "logger", "funcName": "_log", "lineno": 188, "event_type": "streaming_indicator_engine.data_anomalies_detected", "data": {"symbol": "ARIA_USDT", "timestamp": 1762076789.309999, "anomalies": ["stale_timestamp: 1762076789.309999 vs 1764665478.3272207"], "data_sample": {"price": 0.16755, "volume": 9.0}}}
{"timestamp": "2025-12-02T08:51:18.343837+00:00", "level": "WARNING", "module": "logger", "funcName": "_log", "lineno": 188, "event_type": "streaming_indicator_engine.data_anomalies_detected", "data": {"symbol": "ARIA_USDT", "timestamp": 1762076803.311, "anomalies": ["stale_timestamp: 1762076803.311 vs 1764665478.3429413"], "data_sample": {"price": 0.16758, "volume": 10.0}}}
{"timestamp": "2025-12-02T08:51:18.359911+00:00", "level": "WARNING", "module": "logger", "funcName": "_log", "lineno": 188, "event_type": "streaming_indicator_engine.data_anomalies_detected", "data": {"symbol": "ARIA_USDT", "timestamp": 1762076816.308999, "anomalies": ["stale_timestamp: 1762076816.308999 vs 1764665478.3599117"], "data_sample": {"price": 0.16762, "volume": 9.0}}}
{"timestamp": "2025-12-02T08:51:18.374099+00:00", "level": "WARNING", "module": "logger", "funcName": "_log", "lineno": 188, "event_type": "streaming_indicator_engine.data_anomalies_detected", "data": {"symbol": "ARIA_USDT", "timestamp": 1762076825.312999, "anomalies": ["stale_timestamp: 1762076825.312999 vs 1764665478.3740997"], "data_sample": {"price": 0.16751, "volume": 10.0}}}
{"timestamp": "2025-12-02T08:51:18.389967+00:00", "level": "WARNING", "module": "logger", "funcName": "_log", "lineno": 188, "event_type": "streaming_indicator_engine.data_anomalies_detected", "data": {"symbol": "ARIA_USDT", "timestamp": 1762076831.316999, "anomalies": ["stale_timestamp: 1762076831.316999 vs 1764665478.3894534"], "data_sample": {"price": 0.1674, "volume": 6.0}}}
{"timestamp": "2025-12-02T08:51:18.405053+00:00", "level": "WARNING", "module": "logger", "funcName": "_log", "lineno": 188, "event_type": "streaming_indicator_engine.data_anomalies_detected", "data": {"symbol": "ARIA_USDT", "timestamp": 1762076839.311, "anomalies": ["stale_timestamp: 1762076839.311 vs 1764665478.405053"], "data_sample": {"price": 0.16741, "volume": 8.0}}}
{"timestamp": "2025-12-02T08:51:18.420878+00:00", "level": "WARNING", "module": "logger", "funcName": "_log", "lineno": 188, "event_type": "streaming_indicator_engine.data_anomalies_detected", "data": {"symbol": "ARIA_USDT", "timestamp": 1762076846.312, "anomalies": ["stale_timestamp: 1762076846.312 vs 1764665478.4208784"], "data_sample": {"price": 0.1674, "volume": 6.0}}}
{"timestamp": "2025-12-02T08:51:18.436498+00:00", "level": "WARNING", "module": "logger", "funcName": "_log", "lineno": 188, "event_type": "streaming_indicator_engine.data_anomalies_detected", "data": {"symbol": "ARIA_USDT", "timestamp": 1762076859.309999, "anomalies": ["stale_timestamp: 1762076859.309999 vs 1764665478.4364982"], "data_sample": {"price": 0.16723, "volume": 5.0}}}
{"timestamp": "2025-12-02T08:51:18.451801+00:00", "level": "WARNING", "module": "logger", "funcName": "_log", "lineno": 188, "event_type": "streaming_indicator_engine.data_anomalies_detected", "data": {"symbol": "ARIA_USDT", "timestamp": 1762076870.309999, "anomalies": ["stale_timestamp: 1762076870.309999 vs 1764665478.4518015"], "data_sample": {"price": 0.16724, "volume": 9.0}}}
{"timestamp": "2025-12-02T08:51:18.467326+00:00", "level": "WARNING", "module": "logger", "funcName": "_log", "lineno": 188, "event_type": "streaming_indicator_engine.data_anomalies_detected", "data": {"symbol": "ARIA_USDT", "timestamp": 1762076878.309999, "anomalies": ["stale_timestamp: 1762076878.309999 vs 1764665478.4673269"], "data_sample": {"price": 0.16731, "volume": 4.0}}}
{"timestamp": "2025-12-02T08:51:18.482498+00:00", "level": "WARNING", "module": "logger", "funcName": "_log", "lineno": 188, "event_type": "streaming_indicator_engine.data_anomalies_detected", "data": {"symbol": "ARIA_USDT", "timestamp": 1762076892.311, "anomalies": ["stale_timestamp: 1762076892.311 vs 1764665478.4824986"], "data_sample": {"price": 0.16728, "volume": 9.0}}}
{"timestamp": "2025-12-02T08:51:18.513165+00:00", "level": "WARNING", "module": "logger", "funcName": "_log", "lineno": 188, "event_type": "streaming_indicator_engine.data_anomalies_detected", "data": {"symbol": "ARIA_USDT", "timestamp": 1762076900.309999, "anomalies": ["stale_timestamp: 1762076900.309999 vs 1764665478.5131657"], "data_sample": {"price": 0.16731, "volume": 7.0}}}
{"timestamp": "2025-12-02T08:51:18.528215+00:00", "level": "WARNING", "module": "logger", "funcName": "_log", "lineno": 188, "event_type": "streaming_indicator_engine.data_anomalies_detected", "data": {"symbol": "ARIA_USDT", "timestamp": 1762076915.308999, "anomalies": ["stale_timestamp: 1762076915.308999 vs 1764665478.528216"], "data_sample": {"price": 0.16729, "volume": 4.0}}}
{"timestamp": "2025-12-02T08:51:18.543746+00:00", "level": "WARNING", "module": "logger", "funcName": "_log", "lineno": 188, "event_type": "streaming_indicator_engine.data_anomalies_detected", "data": {"symbol": "ARIA_USDT", "timestamp": 1762076929.309999, "anomalies": ["stale_timestamp: 1762076929.309999 vs 1764665478.5437462"], "data_sample": {"price": 0.16725, "volume": 11.0}}}
{"timestamp": "2025-12-02T08:51:18.560075+00:00", "level": "WARNING", "module": "logger", "funcName": "_log", "lineno": 188, "event_type": "streaming_indicator_engine.data_anomalies_detected", "data": {"symbol": "ARIA_USDT", "timestamp": 1762076940.312999, "anomalies": ["stale_timestamp: 1762076940.312999 vs 1764665478.5600755"], "data_sample": {"price": 0.16733, "volume": 8.0}}}
{"timestamp": "2025-12-02T08:51:18.574749+00:00", "level": "WARNING", "module": "logger", "funcName": "_log", "lineno": 188, "event_type": "streaming_indicator_engine.data_anomalies_detected", "data": {"symbol": "ARIA_USDT", "timestamp": 1762076949.324999, "anomalies": ["stale_timestamp: 1762076949.324999 vs 1764665478.5747495"], "data_sample": {"price": 0.1673, "volume": 8.0}}}
{"timestamp": "2025-12-02T08:51:18.590045+00:00", "level": "WARNING", "module": "logger", "funcName": "_log", "lineno": 188, "event_type": "streaming_indicator_engine.data_anomalies_detected", "data": {"symbol": "ARIA_USDT", "timestamp": 1762076965.316, "anomalies": ["stale_timestamp: 1762076965.316 vs 1764665478.5900452"], "data_sample": {"price": 0.16729, "volume": 4.0}}}
{"timestamp": "2025-12-02T08:51:18.605399+00:00", "level": "WARNING", "module": "logger", "funcName": "_log", "lineno": 188, "event_type": "streaming_indicator_engine.data_anomalies_detected", "data": {"symbol": "ARIA_USDT", "timestamp": 1762076978.312, "anomalies": ["stale_timestamp: 1762076978.312 vs 1764665478.6053998"], "data_sample": {"price": 0.1673, "volume": 9.0}}}
{"timestamp": "2025-12-02T08:51:18.621388+00:00", "level": "WARNING", "module": "logger", "funcName": "_log", "lineno": 188, "event_type": "streaming_indicator_engine.data_anomalies_detected", "data": {"symbol": "ARIA_USDT", "timestamp": 1762076990.315, "anomalies": ["stale_timestamp: 1762076990.315 vs 1764665478.6213884"], "data_sample": {"price": 0.16733, "volume": 10.0}}}
{"timestamp": "2025-12-02T08:51:18.636179+00:00", "level": "WARNING", "module": "logger", "funcName": "_log", "lineno": 188, "event_type": "streaming_indicator_engine.data_anomalies_detected", "data": {"symbol": "ARIA_USDT", "timestamp": 1762076997.315, "anomalies": ["stale_timestamp: 1762076997.315 vs 1764665478.636179"], "data_sample": {"price": 0.16726, "volume": 12.0}}}
{"timestamp": "2025-12-02T08:51:18.638181+00:00", "level": "INFO", "module": "logger", "funcName": "_log", "lineno": 188, "event_type": "strategy_manager.indicator_update_received", "data": {"symbol": "ARIA_USDT", "indicator_name": "11b8be00-eed3-48fe-b359-df47b297226c_20", "indicator_type": "", "value": 0.0002637573948801919, "active_strategies_for_symbol": true, "active_count": 3}}
{"timestamp": "2025-12-02T08:51:18.639187+00:00", "level": "WARNING", "module": "logger", "funcName": "_log", "lineno": 188, "event_type": "streaming_indicator_engine.data_anomalies_detected", "data": {"symbol": "ARIA_USDT", "timestamp": 1762077007.309999, "anomalies": ["stale_timestamp: 1762077007.309999 vs 1764665478.6391876"], "data_sample": {"price": 0.16719, "volume": 4.0}}}
{"timestamp": "2025-12-02T08:51:18.639699+00:00", "level": "WARNING", "module": "logger", "funcName": "_log", "lineno": 188, "event_type": "streaming_indicator_engine.data_anomalies_detected", "data": {"symbol": "ARIA_USDT", "timestamp": 1762077018.309999, "anomalies": ["stale_timestamp: 1762077018.309999 vs 1764665478.6396995"], "data_sample": {"price": 0.16722, "volume": 8.0}}}
{"timestamp": "2025-12-02T08:51:18.639699+00:00", "level": "WARNING", "module": "logger", "funcName": "_log", "lineno": 188, "event_type": "streaming_indicator_engine.data_anomalies_detected", "data": {"symbol": "ARIA_USDT", "timestamp": 1762077025.309999, "anomalies": ["stale_timestamp: 1762077025.309999 vs 1764665478.6396995"], "data_sample": {"price": 0.16726, "volume": 5.0}}}
{"timestamp": "2025-12-02T08:51:18.640709+00:00", "level": "WARNING", "module": "logger", "funcName": "_log", "lineno": 188, "event_type": "streaming_indicator_engine.data_anomalies_detected", "data": {"symbol": "ARIA_USDT", "timestamp": 1762077033.311, "anomalies": ["stale_timestamp: 1762077033.311 vs 1764665478.6407096"], "data_sample": {"price": 0.16725, "volume": 4.0}}}
{"timestamp": "2025-12-02T08:51:18.643717+00:00", "level": "WARNING", "module": "logger", "funcName": "_log", "lineno": 188, "event_type": "streaming_indicator_engine.data_anomalies_detected", "data": {"symbol": "ARIA_USDT", "timestamp": 1762077042.309999, "anomalies": ["stale_timestamp: 1762077042.309999 vs 1764665478.6427395"], "data_sample": {"price": 0.16724, "volume": 4.0}}}
{"timestamp": "2025-12-02T08:51:18.643717+00:00", "level": "INFO", "module": "logger", "funcName": "_log", "lineno": 188, "event_type": "strategy_manager.indicator_update_received", "data": {"symbol": "ARIA_USDT", "indicator_name": "11b8be00-eed3-48fe-b359-df47b297226c_20", "indicator_type": "", "value": 0.0002637573948801919, "active_strategies_for_symbol": true, "active_count": 3}}
{"timestamp": "2025-12-02T08:51:18.644718+00:00", "level": "WARNING", "module": "logger", "funcName": "_log", "lineno": 188, "event_type": "streaming_indicator_engine.data_anomalies_detected", "data": {"symbol": "ARIA_USDT", "timestamp": 1762077051.309999, "anomalies": ["stale_timestamp: 1762077051.309999 vs 1764665478.6447186"], "data_sample": {"price": 0.16725, "volume": 4.0}}}
{"timestamp": "2025-12-02T08:51:18.645717+00:00", "level": "WARNING", "module": "logger", "funcName": "_log", "lineno": 188, "event_type": "streaming_indicator_engine.data_anomalies_detected", "data": {"symbol": "ARIA_USDT", "timestamp": 1762077057.312999, "anomalies": ["stale_timestamp: 1762077057.312999 vs 1764665478.6457176"], "data_sample": {"price": 0.16726, "volume": 3.0}}}
{"timestamp": "2025-12-02T08:51:18.646717+00:00", "level": "WARNING", "module": "logger", "funcName": "_log", "lineno": 188, "event_type": "streaming_indicator_engine.data_anomalies_detected", "data": {"symbol": "ARIA_USDT", "timestamp": 1762077067.316999, "anomalies": ["stale_timestamp: 1762077067.316999 vs 1764665478.646717"], "data_sample": {"price": 0.16725, "volume": 8.0}}}
{"timestamp": "2025-12-02T08:51:18.646717+00:00", "level": "WARNING", "module": "logger", "funcName": "_log", "lineno": 188, "event_type": "streaming_indicator_engine.data_anomalies_detected", "data": {"symbol": "ARIA_USDT", "timestamp": 1762077081.308, "anomalies": ["stale_timestamp: 1762077081.308 vs 1764665478.646717"], "data_sample": {"price": 0.16714, "volume": 6.0}}}
{"timestamp": "2025-12-02T08:51:18.647717+00:00", "level": "WARNING", "module": "logger", "funcName": "_log", "lineno": 188, "event_type": "streaming_indicator_engine.data_anomalies_detected", "data": {"symbol": "ARIA_USDT", "timestamp": 1762077089.311, "anomalies": ["stale_timestamp: 1762077089.311 vs 1764665478.6477175"], "data_sample": {"price": 0.16711, "volume": 4.0}}}
{"timestamp": "2025-12-02T08:51:18.647717+00:00", "level": "WARNING", "module": "logger", "funcName": "_log", "lineno": 188, "event_type": "streaming_indicator_engine.data_anomalies_detected", "data": {"symbol": "ARIA_USDT", "timestamp": 1762077098.311, "anomalies": ["stale_timestamp: 1762077098.311 vs 1764665478.6477175"], "data_sample": {"price": 0.16702, "volume": 4.0}}}
{"timestamp": "2025-12-02T08:51:18.651255+00:00", "level": "INFO", "module": "logger", "funcName": "_log", "lineno": 188, "event_type": "strategy_manager.indicator_update_received", "data": {"symbol": "ARIA_USDT", "indicator_name": "f1c5bf73-df7f-4889-b417-fc3fcd71a9f7_20", "indicator_type": "", "value": 23.927037743111224, "active_strategies_for_symbol": true, "active_count": 3}}
{"timestamp": "2025-12-02T08:51:18.652257+00:00", "level": "WARNING", "module": "logger", "funcName": "_log", "lineno": 188, "event_type": "streaming_indicator_engine.data_anomalies_detected", "data": {"symbol": "ARIA_USDT", "timestamp": 1762077107.335, "anomalies": ["stale_timestamp: 1762077107.335 vs 1764665478.6512558"], "data_sample": {"price": 0.167, "volume": 26.0}}}
{"timestamp": "2025-12-02T08:51:18.653256+00:00", "level": "WARNING", "module": "logger", "funcName": "_log", "lineno": 188, "event_type": "streaming_indicator_engine.data_anomalies_detected", "data": {"symbol": "ARIA_USDT", "timestamp": 1762077121.309999, "anomalies": ["stale_timestamp: 1762077121.309999 vs 1764665478.653257"], "data_sample": {"price": 0.16704, "volume": 8.0}}}
{"timestamp": "2025-12-02T08:51:18.654257+00:00", "level": "WARNING", "module": "logger", "funcName": "_log", "lineno": 188, "event_type": "streaming_indicator_engine.data_anomalies_detected", "data": {"symbol": "ARIA_USDT", "timestamp": 1762077123.420999, "anomalies": ["stale_timestamp: 1762077123.420999 vs 1764665478.6542573"], "data_sample": {"price": 0.167, "volume": 59.0}}}
{"timestamp": "2025-12-02T08:51:18.655259+00:00", "level": "WARNING", "module": "logger", "funcName": "_log", "lineno": 188, "event_type": "streaming_indicator_engine.data_anomalies_detected", "data": {"symbol": "ARIA_USDT", "timestamp": 1762077139.311, "anomalies": ["stale_timestamp: 1762077139.311 vs 1764665478.6552596"], "data_sample": {"price": 0.16703, "volume": 5.0}}}
{"timestamp": "2025-12-02T08:51:18.655259+00:00", "level": "WARNING", "module": "logger", "funcName": "_log", "lineno": 188, "event_type": "streaming_indicator_engine.data_anomalies_detected", "data": {"symbol": "ARIA_USDT", "timestamp": 1762077152.308999, "anomalies": ["stale_timestamp: 1762077152.308999 vs 1764665478.6552596"], "data_sample": {"price": 0.16708, "volume": 9.0}}}
{"timestamp": "2025-12-02T08:51:18.656258+00:00", "level": "WARNING", "module": "logger", "funcName": "_log", "lineno": 188, "event_type": "streaming_indicator_engine.data_anomalies_detected", "data": {"symbol": "ARIA_USDT", "timestamp": 1762077163.309999, "anomalies": ["stale_timestamp: 1762077163.309999 vs 1764665478.6562583"], "data_sample": {"price": 0.16713, "volume": 11.0}}}
{"timestamp": "2025-12-02T08:51:18.656258+00:00", "level": "INFO", "module": "logger", "funcName": "_log", "lineno": 188, "event_type": "strategy_manager.indicator_update_received", "data": {"symbol": "ARIA_USDT", "indicator_name": "f1c5bf73-df7f-4889-b417-fc3fcd71a9f7_20", "indicator_type": "", "value": 23.927037743111224, "active_strategies_for_symbol": true, "active_count": 3}}
{"timestamp": "2025-12-02T08:51:18.657259+00:00", "level": "WARNING", "module": "logger", "funcName": "_log", "lineno": 188, "event_type": "streaming_indicator_engine.data_anomalies_detected", "data": {"symbol": "ARIA_USDT", "timestamp": 1762077172.309999, "anomalies": ["stale_timestamp: 1762077172.309999 vs 1764665478.657259"], "data_sample": {"price": 0.16706, "volume": 12.0}}}
{"timestamp": "2025-12-02T08:51:18.658675+00:00", "level": "WARNING", "module": "logger", "funcName": "_log", "lineno": 188, "event_type": "streaming_indicator_engine.data_anomalies_detected", "data": {"symbol": "ARIA_USDT", "timestamp": 1762077187.312999, "anomalies": ["stale_timestamp: 1762077187.312999 vs 1764665478.657259"], "data_sample": {"price": 0.16705, "volume": 4.0}}}
{"timestamp": "2025-12-02T08:51:18.660307+00:00", "level": "WARNING", "module": "logger", "funcName": "_log", "lineno": 188, "event_type": "streaming_indicator_engine.data_anomalies_detected", "data": {"symbol": "ARIA_USDT", "timestamp": 1762077203.309999, "anomalies": ["stale_timestamp: 1762077203.309999 vs 1764665478.6591866"], "data_sample": {"price": 0.16703, "volume": 6.0}}}
{"timestamp": "2025-12-02T08:51:18.661430+00:00", "level": "WARNING", "module": "logger", "funcName": "_log", "lineno": 188, "event_type": "streaming_indicator_engine.data_anomalies_detected", "data": {"symbol": "ARIA_USDT", "timestamp": 1762077211.312, "anomalies": ["stale_timestamp: 1762077211.312 vs 1764665478.6603072"], "data_sample": {"price": 0.16707, "volume": 9.0}}}
{"timestamp": "2025-12-02T08:51:18.661430+00:00", "level": "WARNING", "module": "logger", "funcName": "_log", "lineno": 188, "event_type": "streaming_indicator_engine.data_anomalies_detected", "data": {"symbol": "ARIA_USDT", "timestamp": 1762077227.312999, "anomalies": ["stale_timestamp: 1762077227.312999 vs 1764665478.6614306"], "data_sample": {"price": 0.16704, "volume": 4.0}}}
{"timestamp": "2025-12-02T08:51:18.662454+00:00", "level": "WARNING", "module": "logger", "funcName": "_log", "lineno": 188, "event_type": "streaming_indicator_engine.data_anomalies_detected", "data": {"symbol": "ARIA_USDT", "timestamp": 1762077234.308999, "anomalies": ["stale_timestamp: 1762077234.308999 vs 1764665478.6624541"], "data_sample": {"price": 0.16708, "volume": 8.0}}}
{"timestamp": "2025-12-02T08:51:18.663454+00:00", "level": "WARNING", "module": "logger", "funcName": "_log", "lineno": 188, "event_type": "streaming_indicator_engine.data_anomalies_detected", "data": {"symbol": "ARIA_USDT", "timestamp": 1762077247.312999, "anomalies": ["stale_timestamp: 1762077247.312999 vs 1764665478.6634548"], "data_sample": {"price": 0.16705, "volume": 7.0}}}
{"timestamp": "2025-12-02T08:51:18.682375+00:00", "level": "WARNING", "module": "logger", "funcName": "_log", "lineno": 188, "event_type": "streaming_indicator_engine.data_anomalies_detected", "data": {"symbol": "ARIA_USDT", "timestamp": 1762077263.309999, "anomalies": ["stale_timestamp: 1762077263.309999 vs 1764665478.6823752"], "data_sample": {"price": 0.16704, "volume": 7.0}}}
{"timestamp": "2025-12-02T08:51:18.697129+00:00", "level": "WARNING", "module": "logger", "funcName": "_log", "lineno": 188, "event_type": "streaming_indicator_engine.data_anomalies_detected", "data": {"symbol": "ARIA_USDT", "timestamp": 1762077274.309999, "anomalies": ["stale_timestamp: 1762077274.309999 vs 1764665478.6971292"], "data_sample": {"price": 0.16709, "volume": 4.0}}}
{"timestamp": "2025-12-02T08:51:18.712828+00:00", "level": "WARNING", "module": "logger", "funcName": "_log", "lineno": 188, "event_type": "streaming_indicator_engine.data_anomalies_detected", "data": {"symbol": "ARIA_USDT", "timestamp": 1762077281.311, "anomalies": ["stale_timestamp: 1762077281.311 vs 1764665478.7128284"], "data_sample": {"price": 0.16713, "volume": 12.0}}}
{"timestamp": "2025-12-02T08:51:18.728005+00:00", "level": "WARNING", "module": "logger", "funcName": "_log", "lineno": 188, "event_type": "streaming_indicator_engine.data_anomalies_detected", "data": {"symbol": "ARIA_USDT", "timestamp": 1762077290.312, "anomalies": ["stale_timestamp: 1762077290.312 vs 1764665478.7280056"], "data_sample": {"price": 0.16709, "volume": 8.0}}}
{"timestamp": "2025-12-02T08:51:18.743391+00:00", "level": "WARNING", "module": "logger", "funcName": "_log", "lineno": 188, "event_type": "streaming_indicator_engine.data_anomalies_detected", "data": {"symbol": "ARIA_USDT", "timestamp": 1762077299.312, "anomalies": ["stale_timestamp: 1762077299.312 vs 1764665478.7433913"], "data_sample": {"price": 0.16706, "volume": 8.0}}}
{"timestamp": "2025-12-02T08:51:18.760569+00:00", "level": "WARNING", "module": "logger", "funcName": "_log", "lineno": 188, "event_type": "streaming_indicator_engine.data_anomalies_detected", "data": {"symbol": "ARIA_USDT", "timestamp": 1762077309.309999, "anomalies": ["stale_timestamp: 1762077309.309999 vs 1764665478.7605693"], "data_sample": {"price": 0.16705, "volume": 6.0}}}
{"timestamp": "2025-12-02T08:51:18.774779+00:00", "level": "WARNING", "module": "logger", "funcName": "_log", "lineno": 188, "event_type": "streaming_indicator_engine.data_anomalies_detected", "data": {"symbol": "ARIA_USDT", "timestamp": 1762077318.312, "anomalies": ["stale_timestamp: 1762077318.312 vs 1764665478.7747796"], "data_sample": {"price": 0.16706, "volume": 9.0}}}
{"timestamp": "2025-12-02T08:51:18.790157+00:00", "level": "WARNING", "module": "logger", "funcName": "_log", "lineno": 188, "event_type": "streaming_indicator_engine.data_anomalies_detected", "data": {"symbol": "ARIA_USDT", "timestamp": 1762077324.309999, "anomalies": ["stale_timestamp: 1762077324.309999 vs 1764665478.790157"], "data_sample": {"price": 0.1671, "volume": 5.0}}}
{"timestamp": "2025-12-02T08:51:18.806164+00:00", "level": "WARNING", "module": "logger", "funcName": "_log", "lineno": 188, "event_type": "streaming_indicator_engine.data_anomalies_detected", "data": {"symbol": "ARIA_USDT", "timestamp": 1762077335.309999, "anomalies": ["stale_timestamp: 1762077335.309999 vs 1764665478.8061645"], "data_sample": {"price": 0.16709, "volume": 4.0}}}
{"timestamp": "2025-12-02T08:51:18.821694+00:00", "level": "WARNING", "module": "logger", "funcName": "_log", "lineno": 188, "event_type": "streaming_indicator_engine.data_anomalies_detected", "data": {"symbol": "ARIA_USDT", "timestamp": 1762077351.309999, "anomalies": ["stale_timestamp: 1762077351.309999 vs 1764665478.8216944"], "data_sample": {"price": 0.1671, "volume": 3.0}}}
{"timestamp": "2025-12-02T08:51:18.836940+00:00", "level": "WARNING", "module": "logger", "funcName": "_log", "lineno": 188, "event_type": "streaming_indicator_engine.data_anomalies_detected", "data": {"symbol": "ARIA_USDT", "timestamp": 1762077362.309999, "anomalies": ["stale_timestamp: 1762077362.309999 vs 1764665478.8369403"], "data_sample": {"price": 0.16716, "volume": 5.0}}}
{"timestamp": "2025-12-02T08:51:18.852112+00:00", "level": "WARNING", "module": "logger", "funcName": "_log", "lineno": 188, "event_type": "streaming_indicator_engine.data_anomalies_detected", "data": {"symbol": "ARIA_USDT", "timestamp": 1762077376.309999, "anomalies": ["stale_timestamp: 1762077376.309999 vs 1764665478.8521125"], "data_sample": {"price": 0.16724, "volume": 11.0}}}
{"timestamp": "2025-12-02T08:51:18.867753+00:00", "level": "WARNING", "module": "logger", "funcName": "_log", "lineno": 188, "event_type": "streaming_indicator_engine.data_anomalies_detected", "data": {"symbol": "ARIA_USDT", "timestamp": 1762077387.309999, "anomalies": ["stale_timestamp: 1762077387.309999 vs 1764665478.867753"], "data_sample": {"price": 0.16726, "volume": 11.0}}}
{"timestamp": "2025-12-02T08:51:18.883194+00:00", "level": "WARNING", "module": "logger", "funcName": "_log", "lineno": 188, "event_type": "streaming_indicator_engine.data_anomalies_detected", "data": {"symbol": "ARIA_USDT", "timestamp": 1762077395.309999, "anomalies": ["stale_timestamp: 1762077395.309999 vs 1764665478.8831942"], "data_sample": {"price": 0.16728, "volume": 3.0}}}
{"timestamp": "2025-12-02T08:51:18.898269+00:00", "level": "WARNING", "module": "logger", "funcName": "_log", "lineno": 188, "event_type": "streaming_indicator_engine.data_anomalies_detected", "data": {"symbol": "ARIA_USDT", "timestamp": 1762077402.309999, "anomalies": ["stale_timestamp: 1762077402.309999 vs 1764665478.8982694"], "data_sample": {"price": 0.1673, "volume": 10.0}}}
{"timestamp": "2025-12-02T08:51:18.913049+00:00", "level": "WARNING", "module": "logger", "funcName": "_log", "lineno": 188, "event_type": "streaming_indicator_engine.data_anomalies_detected", "data": {"symbol": "ARIA_USDT", "timestamp": 1762077412.311, "anomalies": ["stale_timestamp: 1762077412.311 vs 1764665478.91305"], "data_sample": {"price": 0.16729, "volume": 7.0}}}
{"timestamp": "2025-12-02T08:51:18.915054+00:00", "level": "WARNING", "module": "logger", "funcName": "_log", "lineno": 188, "event_type": "streaming_indicator_engine.data_anomalies_detected", "data": {"symbol": "ARIA_USDT", "timestamp": 1762077421.309999, "anomalies": ["stale_timestamp: 1762077421.309999 vs 1764665478.9150546"], "data_sample": {"price": 0.16727, "volume": 4.0}}}
{"timestamp": "2025-12-02T08:51:18.950518+00:00", "level": "WARNING", "module": "logger", "funcName": "_log", "lineno": 188, "event_type": "streaming_indicator_engine.data_anomalies_detected", "data": {"symbol": "ARIA_USDT", "timestamp": 1762076372.312999, "anomalies": ["stale_timestamp: 1762076372.312999 vs 1764665478.9494998"], "data_sample": {"price": 0.1671, "volume": 3.0}}}
{"timestamp": "2025-12-02T08:51:18.976506+00:00", "level": "WARNING", "module": "logger", "funcName": "_log", "lineno": 188, "event_type": "streaming_indicator_engine.data_anomalies_detected", "data": {"symbol": "ARIA_USDT", "timestamp": 1762076381.309999, "anomalies": ["stale_timestamp: 1762076381.309999 vs 1764665478.9754755"], "data_sample": {"price": 0.16715, "volume": 8.0}}}
{"timestamp": "2025-12-02T08:51:18.990155+00:00", "level": "WARNING", "module": "logger", "funcName": "_log", "lineno": 188, "event_type": "streaming_indicator_engine.data_anomalies_detected", "data": {"symbol": "ARIA_USDT", "timestamp": 1762076388.311, "anomalies": ["stale_timestamp: 1762076388.311 vs 1764665478.9901557"], "data_sample": {"price": 0.16714, "volume": 9.0}}}
{"timestamp": "2025-12-02T08:51:19.005723+00:00", "level": "WARNING", "module": "logger", "funcName": "_log", "lineno": 188, "event_type": "streaming_indicator_engine.data_anomalies_detected", "data": {"symbol": "ARIA_USDT", "timestamp": 1762076401.309999, "anomalies": ["stale_timestamp: 1762076401.309999 vs 1764665479.0057228"], "data_sample": {"price": 0.16717, "volume": 7.0}}}
{"timestamp": "2025-12-02T08:51:19.021302+00:00", "level": "WARNING", "module": "logger", "funcName": "_log", "lineno": 188, "event_type": "streaming_indicator_engine.data_anomalies_detected", "data": {"symbol": "ARIA_USDT", "timestamp": 1762076408.312, "anomalies": ["stale_timestamp: 1762076408.312 vs 1764665479.0213027"], "data_sample": {"price": 0.16713, "volume": 3.0}}}
{"timestamp": "2025-12-02T08:51:19.036845+00:00", "level": "WARNING", "module": "logger", "funcName": "_log", "lineno": 188, "event_type": "streaming_indicator_engine.data_anomalies_detected", "data": {"symbol": "ARIA_USDT", "timestamp": 1762076417.311, "anomalies": ["stale_timestamp: 1762076417.311 vs 1764665479.0368452"], "data_sample": {"price": 0.16708, "volume": 3.0}}}
{"timestamp": "2025-12-02T08:51:19.052008+00:00", "level": "WARNING", "module": "logger", "funcName": "_log", "lineno": 188, "event_type": "streaming_indicator_engine.data_anomalies_detected", "data": {"symbol": "ARIA_USDT", "timestamp": 1762076427.308999, "anomalies": ["stale_timestamp: 1762076427.308999 vs 1764665479.0520086"], "data_sample": {"price": 0.16707, "volume": 12.0}}}
{"timestamp": "2025-12-02T08:51:19.067088+00:00", "level": "WARNING", "module": "logger", "funcName": "_log", "lineno": 188, "event_type": "streaming_indicator_engine.data_anomalies_detected", "data": {"symbol": "ARIA_USDT", "timestamp": 1762076435.309999, "anomalies": ["stale_timestamp: 1762076435.309999 vs 1764665479.0670881"], "data_sample": {"price": 0.1671, "volume": 4.0}}}
{"timestamp": "2025-12-02T08:51:19.069181+00:00", "level": "WARNING", "module": "logger", "funcName": "_log", "lineno": 188, "event_type": "streaming_indicator_engine.data_anomalies_detected", "data": {"symbol": "ARIA_USDT", "timestamp": 1762076447.309999, "anomalies": ["stale_timestamp: 1762076447.309999 vs 1764665479.068087"], "data_sample": {"price": 0.16708, "volume": 9.0}}}
{"timestamp": "2025-12-02T08:51:19.083054+00:00", "level": "WARNING", "module": "logger", "funcName": "_log", "lineno": 188, "event_type": "streaming_indicator_engine.data_anomalies_detected", "data": {"symbol": "ARIA_USDT", "timestamp": 1762076462.309999, "anomalies": ["stale_timestamp: 1762076462.309999 vs 1764665479.0830543"], "data_sample": {"price": 0.16726, "volume": 10.0}}}
{"timestamp": "2025-12-02T08:51:19.099204+00:00", "level": "WARNING", "module": "logger", "funcName": "_log", "lineno": 188, "event_type": "streaming_indicator_engine.data_anomalies_detected", "data": {"symbol": "ARIA_USDT", "timestamp": 1762076476.308999, "anomalies": ["stale_timestamp: 1762076476.308999 vs 1764665479.0992048"], "data_sample": {"price": 0.16745, "volume": 9.0}}}
{"timestamp": "2025-12-02T08:51:19.114827+00:00", "level": "WARNING", "module": "logger", "funcName": "_log", "lineno": 188, "event_type": "streaming_indicator_engine.data_anomalies_detected", "data": {"symbol": "ARIA_USDT", "timestamp": 1762076490.311, "anomalies": ["stale_timestamp: 1762076490.311 vs 1764665479.1148276"], "data_sample": {"price": 0.16766, "volume": 7.0}}}
{"timestamp": "2025-12-02T08:51:19.130795+00:00", "level": "WARNING", "module": "logger", "funcName": "_log", "lineno": 188, "event_type": "streaming_indicator_engine.data_anomalies_detected", "data": {"symbol": "ARIA_USDT", "timestamp": 1762076501.311, "anomalies": ["stale_timestamp: 1762076501.311 vs 1764665479.1307957"], "data_sample": {"price": 0.16763, "volume": 5.0}}}
{"timestamp": "2025-12-02T08:51:19.146310+00:00", "level": "WARNING", "module": "logger", "funcName": "_log", "lineno": 188, "event_type": "streaming_indicator_engine.data_anomalies_detected", "data": {"symbol": "ARIA_USDT", "timestamp": 1762076514.408999, "anomalies": ["stale_timestamp: 1762076514.408999 vs 1764665479.1463106"], "data_sample": {"price": 0.16766, "volume": 10.0}}}
{"timestamp": "2025-12-02T08:51:19.147315+00:00", "level": "INFO", "module": "logger", "funcName": "_log", "lineno": 188, "event_type": "strategy_manager.indicator_update_received", "data": {"symbol": "ARIA_USDT", "indicator_name": "611fad91-045d-408b-8822-f43428935033_20", "indicator_type": "", "value": 0.005471981908165896, "active_strategies_for_symbol": true, "active_count": 3}}
{"timestamp": "2025-12-02T08:51:19.147315+00:00", "level": "WARNING", "module": "logger", "funcName": "_log", "lineno": 188, "event_type": "streaming_indicator_engine.data_anomalies_detected", "data": {"symbol": "ARIA_USDT", "timestamp": 1762076520.311, "anomalies": ["stale_timestamp: 1762076520.311 vs 1764665479.1473155"], "data_sample": {"price": 0.1677, "volume": 9.0}}}
{"timestamp": "2025-12-02T08:51:19.148820+00:00", "level": "WARNING", "module": "logger", "funcName": "_log", "lineno": 188, "event_type": "streaming_indicator_engine.data_anomalies_detected", "data": {"symbol": "ARIA_USDT", "timestamp": 1762076531.311, "anomalies": ["stale_timestamp: 1762076531.311 vs 1764665479.1488202"], "data_sample": {"price": 0.16778, "volume": 10.0}}}
{"timestamp": "2025-12-02T08:51:19.148820+00:00", "level": "WARNING", "module": "logger", "funcName": "_log", "lineno": 188, "event_type": "streaming_indicator_engine.data_anomalies_detected", "data": {"symbol": "ARIA_USDT", "timestamp": 1762076537.311, "anomalies": ["stale_timestamp: 1762076537.311 vs 1764665479.1488202"], "data_sample": {"price": 0.16777, "volume": 10.0}}}
{"timestamp": "2025-12-02T08:51:19.150276+00:00", "level": "WARNING", "module": "logger", "funcName": "_log", "lineno": 188, "event_type": "streaming_indicator_engine.data_anomalies_detected", "data": {"symbol": "ARIA_USDT", "timestamp": 1762076543.312, "anomalies": ["stale_timestamp: 1762076543.312 vs 1764665479.1502762"], "data_sample": {"price": 0.16765, "volume": 8.0}}}
{"timestamp": "2025-12-02T08:51:19.150276+00:00", "level": "WARNING", "module": "logger", "funcName": "_log", "lineno": 188, "event_type": "streaming_indicator_engine.data_anomalies_detected", "data": {"symbol": "ARIA_USDT", "timestamp": 1762076551.311, "anomalies": ["stale_timestamp: 1762076551.311 vs 1764665479.1502762"], "data_sample": {"price": 0.16776, "volume": 7.0}}}
{"timestamp": "2025-12-02T08:51:19.151283+00:00", "level": "INFO", "module": "logger", "funcName": "_log", "lineno": 188, "event_type": "strategy_manager.indicator_update_received", "data": {"symbol": "ARIA_USDT", "indicator_name": "611fad91-045d-408b-8822-f43428935033_20", "indicator_type": "", "value": 0.005471981908165896, "active_strategies_for_symbol": true, "active_count": 3}}
{"timestamp": "2025-12-02T08:51:19.151283+00:00", "level": "WARNING", "module": "logger", "funcName": "_log", "lineno": 188, "event_type": "streaming_indicator_engine.data_anomalies_detected", "data": {"symbol": "ARIA_USDT", "timestamp": 1762076567.313999, "anomalies": ["stale_timestamp: 1762076567.313999 vs 1764665479.1512837"], "data_sample": {"price": 0.16779, "volume": 4.0}}}
{"timestamp": "2025-12-02T08:51:19.152372+00:00", "level": "WARNING", "module": "logger", "funcName": "_log", "lineno": 188, "event_type": "streaming_indicator_engine.data_anomalies_detected", "data": {"symbol": "ARIA_USDT", "timestamp": 1762076582.312999, "anomalies": ["stale_timestamp: 1762076582.312999 vs 1764665479.1512837"], "data_sample": {"price": 0.16774, "volume": 4.0}}}
{"timestamp": "2025-12-02T08:51:19.152372+00:00", "level": "WARNING", "module": "logger", "funcName": "_log", "lineno": 188, "event_type": "streaming_indicator_engine.data_anomalies_detected", "data": {"symbol": "ARIA_USDT", "timestamp": 1762076595.309999, "anomalies": ["stale_timestamp: 1762076595.309999 vs 1764665479.1523728"], "data_sample": {"price": 0.16776, "volume": 10.0}}}
{"timestamp": "2025-12-02T08:51:19.152372+00:00", "level": "WARNING", "module": "logger", "funcName": "_log", "lineno": 188, "event_type": "streaming_indicator_engine.data_anomalies_detected", "data": {"symbol": "ARIA_USDT", "timestamp": 1762076606.309999, "anomalies": ["stale_timestamp: 1762076606.309999 vs 1764665479.1523728"], "data_sample": {"price": 0.16772, "volume": 9.0}}}
{"timestamp": "2025-12-02T08:51:19.153350+00:00", "level": "WARNING", "module": "logger", "funcName": "_log", "lineno": 188, "event_type": "streaming_indicator_engine.data_anomalies_detected", "data": {"symbol": "ARIA_USDT", "timestamp": 1762076620.309999, "anomalies": ["stale_timestamp: 1762076620.309999 vs 1764665479.1533508"], "data_sample": {"price": 0.16764, "volume": 5.0}}}
{"timestamp": "2025-12-02T08:51:19.153350+00:00", "level": "WARNING", "module": "logger", "funcName": "_log", "lineno": 188, "event_type": "streaming_indicator_engine.data_anomalies_detected", "data": {"symbol": "ARIA_USDT", "timestamp": 1762076628.311, "anomalies": ["stale_timestamp: 1762076628.311 vs 1764665479.1533508"], "data_sample": {"price": 0.16761, "volume": 7.0}}}
{"timestamp": "2025-12-02T08:51:19.157284+00:00", "level": "INFO", "module": "logger", "funcName": "_log", "lineno": 188, "event_type": "strategy_manager.indicator_update_received", "data": {"symbol": "ARIA_USDT", "indicator_name": "5fc82998-9270-4b44-8312-f74ddd20a93d_20", "indicator_type": "", "value": 43.75246318236705, "active_strategies_for_symbol": true, "active_count": 3}}
{"timestamp": "2025-12-02T08:51:19.157284+00:00", "level": "WARNING", "module": "logger", "funcName": "_log", "lineno": 188, "event_type": "streaming_indicator_engine.data_anomalies_detected", "data": {"symbol": "ARIA_USDT", "timestamp": 1762076638.312999, "anomalies": ["stale_timestamp: 1762076638.312999 vs 1764665479.1572845"], "data_sample": {"price": 0.16763, "volume": 10.0}}}
{"timestamp": "2025-12-02T08:51:19.159336+00:00", "level": "WARNING", "module": "logger", "funcName": "_log", "lineno": 188, "event_type": "streaming_indicator_engine.data_anomalies_detected", "data": {"symbol": "ARIA_USDT", "timestamp": 1762076647.309999, "anomalies": ["stale_timestamp: 1762076647.309999 vs 1764665479.1593359"], "data_sample": {"price": 0.16762, "volume": 4.0}}}
{"timestamp": "2025-12-02T08:51:19.161341+00:00", "level": "WARNING", "module": "logger", "funcName": "_log", "lineno": 188, "event_type": "streaming_indicator_engine.data_anomalies_detected", "data": {"symbol": "ARIA_USDT", "timestamp": 1762076653.309999, "anomalies": ["stale_timestamp: 1762076653.309999 vs 1764665479.161342"], "data_sample": {"price": 0.16761, "volume": 9.0}}}
{"timestamp": "2025-12-02T08:51:19.161341+00:00", "level": "WARNING", "module": "logger", "funcName": "_log", "lineno": 188, "event_type": "streaming_indicator_engine.data_anomalies_detected", "data": {"symbol": "ARIA_USDT", "timestamp": 1762076666.309999, "anomalies": ["stale_timestamp: 1762076666.309999 vs 1764665479.161342"], "data_sample": {"price": 0.16763, "volume": 9.0}}}
{"timestamp": "2025-12-02T08:51:19.162661+00:00", "level": "WARNING", "module": "logger", "funcName": "_log", "lineno": 188, "event_type": "streaming_indicator_engine.data_anomalies_detected", "data": {"symbol": "ARIA_USDT", "timestamp": 1762076672.308999, "anomalies": ["stale_timestamp: 1762076672.308999 vs 1764665479.1626613"], "data_sample": {"price": 0.16762, "volume": 9.0}}}
{"timestamp": "2025-12-02T08:51:19.162661+00:00", "level": "WARNING", "module": "logger", "funcName": "_log", "lineno": 188, "event_type": "streaming_indicator_engine.data_anomalies_detected", "data": {"symbol": "ARIA_USDT", "timestamp": 1762076685.309999, "anomalies": ["stale_timestamp: 1762076685.309999 vs 1764665479.1626613"], "data_sample": {"price": 0.16732, "volume": 9.0}}}
{"timestamp": "2025-12-02T08:51:19.163669+00:00", "level": "INFO", "module": "logger", "funcName": "_log", "lineno": 188, "event_type": "strategy_manager.indicator_update_received", "data": {"symbol": "ARIA_USDT", "indicator_name": "5fc82998-9270-4b44-8312-f74ddd20a93d_20", "indicator_type": "", "value": 43.75246318236705, "active_strategies_for_symbol": true, "active_count": 3}}
{"timestamp": "2025-12-02T08:51:19.163669+00:00", "level": "WARNING", "module": "logger", "funcName": "_log", "lineno": 188, "event_type": "streaming_indicator_engine.data_anomalies_detected", "data": {"symbol": "ARIA_USDT", "timestamp": 1762076699.311, "anomalies": ["stale_timestamp: 1762076699.311 vs 1764665479.1636698"], "data_sample": {"price": 0.16737, "volume": 11.0}}}
{"timestamp": "2025-12-02T08:51:19.164671+00:00", "level": "WARNING", "module": "logger", "funcName": "_log", "lineno": 188, "event_type": "streaming_indicator_engine.data_anomalies_detected", "data": {"symbol": "ARIA_USDT", "timestamp": 1762076713.309999, "anomalies": ["stale_timestamp: 1762076713.309999 vs 1764665479.1646714"], "data_sample": {"price": 0.16735, "volume": 4.0}}}
{"timestamp": "2025-12-02T08:51:19.164671+00:00", "level": "WARNING", "module": "logger", "funcName": "_log", "lineno": 188, "event_type": "streaming_indicator_engine.data_anomalies_detected", "data": {"symbol": "ARIA_USDT", "timestamp": 1762076728.311, "anomalies": ["stale_timestamp: 1762076728.311 vs 1764665479.1646714"], "data_sample": {"price": 0.16739, "volume": 9.0}}}
{"timestamp": "2025-12-02T08:51:19.164671+00:00", "level": "WARNING", "module": "logger", "funcName": "_log", "lineno": 188, "event_type": "streaming_indicator_engine.data_anomalies_detected", "data": {"symbol": "ARIA_USDT", "timestamp": 1762076734.308999, "anomalies": ["stale_timestamp: 1762076734.308999 vs 1764665479.1646714"], "data_sample": {"price": 0.16744, "volume": 9.0}}}
{"timestamp": "2025-12-02T08:51:19.165707+00:00", "level": "WARNING", "module": "logger", "funcName": "_log", "lineno": 188, "event_type": "streaming_indicator_engine.data_anomalies_detected", "data": {"symbol": "ARIA_USDT", "timestamp": 1762076750.309999, "anomalies": ["stale_timestamp: 1762076750.309999 vs 1764665479.1657076"], "data_sample": {"price": 0.16747, "volume": 10.0}}}
{"timestamp": "2025-12-02T08:51:19.165707+00:00", "level": "WARNING", "module": "logger", "funcName": "_log", "lineno": 188, "event_type": "streaming_indicator_engine.data_anomalies_detected", "data": {"symbol": "ARIA_USDT", "timestamp": 1762076759.311, "anomalies": ["stale_timestamp: 1762076759.311 vs 1764665479.1657076"], "data_sample": {"price": 0.16746, "volume": 10.0}}}
{"timestamp": "2025-12-02T08:51:19.166679+00:00", "level": "INFO", "module": "logger", "funcName": "_log", "lineno": 188, "event_type": "strategy_manager.indicator_update_received", "data": {"symbol": "ARIA_USDT", "indicator_name": "790d8eed-dc95-43ff-b625-1205d256154b_20", "indicator_type": "", "value": 0.0015884408004466545, "active_strategies_for_symbol": true, "active_count": 3}}
{"timestamp": "2025-12-02T08:51:19.167700+00:00", "level": "WARNING", "module": "logger", "funcName": "_log", "lineno": 188, "event_type": "streaming_indicator_engine.data_anomalies_detected", "data": {"symbol": "ARIA_USDT", "timestamp": 1762076767.309999, "anomalies": ["stale_timestamp: 1762076767.309999 vs 1764665479.1677008"], "data_sample": {"price": 0.16742, "volume": 8.0}}}
{"timestamp": "2025-12-02T08:51:19.167700+00:00", "level": "WARNING", "module": "logger", "funcName": "_log", "lineno": 188, "event_type": "streaming_indicator_engine.data_anomalies_detected", "data": {"symbol": "ARIA_USDT", "timestamp": 1762076783.312, "anomalies": ["stale_timestamp: 1762076783.312 vs 1764665479.1677008"], "data_sample": {"price": 0.16745, "volume": 8.0}}}
{"timestamp": "2025-12-02T08:51:19.169221+00:00", "level": "WARNING", "module": "logger", "funcName": "_log", "lineno": 188, "event_type": "streaming_indicator_engine.data_anomalies_detected", "data": {"symbol": "ARIA_USDT", "timestamp": 1762076789.309999, "anomalies": ["stale_timestamp: 1762076789.309999 vs 1764665479.1692212"], "data_sample": {"price": 0.16755, "volume": 9.0}}}
{"timestamp": "2025-12-02T08:51:19.169810+00:00", "level": "WARNING", "module": "logger", "funcName": "_log", "lineno": 188, "event_type": "streaming_indicator_engine.data_anomalies_detected", "data": {"symbol": "ARIA_USDT", "timestamp": 1762076803.311, "anomalies": ["stale_timestamp: 1762076803.311 vs 1764665479.1698103"], "data_sample": {"price": 0.16758, "volume": 10.0}}}
{"timestamp": "2025-12-02T08:51:19.169810+00:00", "level": "WARNING", "module": "logger", "funcName": "_log", "lineno": 188, "event_type": "streaming_indicator_engine.data_anomalies_detected", "data": {"symbol": "ARIA_USDT", "timestamp": 1762076816.308999, "anomalies": ["stale_timestamp: 1762076816.308999 vs 1764665479.1698103"], "data_sample": {"price": 0.16762, "volume": 9.0}}}
{"timestamp": "2025-12-02T08:51:19.169810+00:00", "level": "WARNING", "module": "logger", "funcName": "_log", "lineno": 188, "event_type": "streaming_indicator_engine.data_anomalies_detected", "data": {"symbol": "ARIA_USDT", "timestamp": 1762076825.312999, "anomalies": ["stale_timestamp: 1762076825.312999 vs 1764665479.1698103"], "data_sample": {"price": 0.16751, "volume": 10.0}}}
{"timestamp": "2025-12-02T08:51:19.170909+00:00", "level": "INFO", "module": "logger", "funcName": "_log", "lineno": 188, "event_type": "strategy_manager.indicator_update_received", "data": {"symbol": "ARIA_USDT", "indicator_name": "790d8eed-dc95-43ff-b625-1205d256154b_20", "indicator_type": "", "value": 0.0015884408004466545, "active_strategies_for_symbol": true, "active_count": 3}}
{"timestamp": "2025-12-02T08:51:19.170909+00:00", "level": "WARNING", "module": "logger", "funcName": "_log", "lineno": 188, "event_type": "streaming_indicator_engine.data_anomalies_detected", "data": {"symbol": "ARIA_USDT", "timestamp": 1762076831.316999, "anomalies": ["stale_timestamp: 1762076831.316999 vs 1764665479.1709096"], "data_sample": {"price": 0.1674, "volume": 6.0}}}
{"timestamp": "2025-12-02T08:51:19.171828+00:00", "level": "WARNING", "module": "logger", "funcName": "_log", "lineno": 188, "event_type": "streaming_indicator_engine.data_anomalies_detected", "data": {"symbol": "ARIA_USDT", "timestamp": 1762076839.311, "anomalies": ["stale_timestamp: 1762076839.311 vs 1764665479.1718283"], "data_sample": {"price": 0.16741, "volume": 8.0}}}
{"timestamp": "2025-12-02T08:51:19.172826+00:00", "level": "WARNING", "module": "logger", "funcName": "_log", "lineno": 188, "event_type": "streaming_indicator_engine.data_anomalies_detected", "data": {"symbol": "ARIA_USDT", "timestamp": 1762076846.312, "anomalies": ["stale_timestamp: 1762076846.312 vs 1764665479.1728263"], "data_sample": {"price": 0.1674, "volume": 6.0}}}
{"timestamp": "2025-12-02T08:51:19.172826+00:00", "level": "WARNING", "module": "logger", "funcName": "_log", "lineno": 188, "event_type": "streaming_indicator_engine.data_anomalies_detected", "data": {"symbol": "ARIA_USDT", "timestamp": 1762076859.309999, "anomalies": ["stale_timestamp: 1762076859.309999 vs 1764665479.1728263"], "data_sample": {"price": 0.16723, "volume": 5.0}}}
{"timestamp": "2025-12-02T08:51:19.173830+00:00", "level": "WARNING", "module": "logger", "funcName": "_log", "lineno": 188, "event_type": "streaming_indicator_engine.data_anomalies_detected", "data": {"symbol": "ARIA_USDT", "timestamp": 1762076870.309999, "anomalies": ["stale_timestamp: 1762076870.309999 vs 1764665479.1728263"], "data_sample": {"price": 0.16724, "volume": 9.0}}}
{"timestamp": "2025-12-02T08:51:19.173830+00:00", "level": "WARNING", "module": "logger", "funcName": "_log", "lineno": 188, "event_type": "streaming_indicator_engine.data_anomalies_detected", "data": {"symbol": "ARIA_USDT", "timestamp": 1762076878.309999, "anomalies": ["stale_timestamp: 1762076878.309999 vs 1764665479.1738305"], "data_sample": {"price": 0.16731, "volume": 4.0}}}
{"timestamp": "2025-12-02T08:51:19.173830+00:00", "level": "WARNING", "module": "logger", "funcName": "_log", "lineno": 188, "event_type": "streaming_indicator_engine.data_anomalies_detected", "data": {"symbol": "ARIA_USDT", "timestamp": 1762076892.311, "anomalies": ["stale_timestamp: 1762076892.311 vs 1764665479.1738305"], "data_sample": {"price": 0.16728, "volume": 9.0}}}
{"timestamp": "2025-12-02T08:51:19.207105+00:00", "level": "WARNING", "module": "logger", "funcName": "_log", "lineno": 188, "event_type": "streaming_indicator_engine.data_anomalies_detected", "data": {"symbol": "ARIA_USDT", "timestamp": 1762076900.309999, "anomalies": ["stale_timestamp: 1762076900.309999 vs 1764665479.2071059"], "data_sample": {"price": 0.16731, "volume": 7.0}}}
{"timestamp": "2025-12-02T08:51:19.222343+00:00", "level": "WARNING", "module": "logger", "funcName": "_log", "lineno": 188, "event_type": "streaming_indicator_engine.data_anomalies_detected", "data": {"symbol": "ARIA_USDT", "timestamp": 1762076915.308999, "anomalies": ["stale_timestamp: 1762076915.308999 vs 1764665479.222344"], "data_sample": {"price": 0.16729, "volume": 4.0}}}
{"timestamp": "2025-12-02T08:51:19.238942+00:00", "level": "WARNING", "module": "logger", "funcName": "_log", "lineno": 188, "event_type": "streaming_indicator_engine.data_anomalies_detected", "data": {"symbol": "ARIA_USDT", "timestamp": 1762076929.309999, "anomalies": ["stale_timestamp: 1762076929.309999 vs 1764665479.2389421"], "data_sample": {"price": 0.16725, "volume": 11.0}}}
{"timestamp": "2025-12-02T08:51:19.254322+00:00", "level": "WARNING", "module": "logger", "funcName": "_log", "lineno": 188, "event_type": "streaming_indicator_engine.data_anomalies_detected", "data": {"symbol": "ARIA_USDT", "timestamp": 1762076940.312999, "anomalies": ["stale_timestamp: 1762076940.312999 vs 1764665479.2543228"], "data_sample": {"price": 0.16733, "volume": 8.0}}}
{"timestamp": "2025-12-02T08:51:19.270693+00:00", "level": "WARNING", "module": "logger", "funcName": "_log", "lineno": 188, "event_type": "streaming_indicator_engine.data_anomalies_detected", "data": {"symbol": "ARIA_USDT", "timestamp": 1762076949.324999, "anomalies": ["stale_timestamp: 1762076949.324999 vs 1764665479.2706933"], "data_sample": {"price": 0.1673, "volume": 8.0}}}
{"timestamp": "2025-12-02T08:51:19.285459+00:00", "level": "WARNING", "module": "logger", "funcName": "_log", "lineno": 188, "event_type": "streaming_indicator_engine.data_anomalies_detected", "data": {"symbol": "ARIA_USDT", "timestamp": 1762076965.316, "anomalies": ["stale_timestamp: 1762076965.316 vs 1764665479.2854598"], "data_sample": {"price": 0.16729, "volume": 4.0}}}
{"timestamp": "2025-12-02T08:51:19.301273+00:00", "level": "WARNING", "module": "logger", "funcName": "_log", "lineno": 188, "event_type": "streaming_indicator_engine.data_anomalies_detected", "data": {"symbol": "ARIA_USDT", "timestamp": 1762076978.312, "anomalies": ["stale_timestamp: 1762076978.312 vs 1764665479.3012736"], "data_sample": {"price": 0.1673, "volume": 9.0}}}
{"timestamp": "2025-12-02T08:51:19.317095+00:00", "level": "WARNING", "module": "logger", "funcName": "_log", "lineno": 188, "event_type": "streaming_indicator_engine.data_anomalies_detected", "data": {"symbol": "ARIA_USDT", "timestamp": 1762076990.315, "anomalies": ["stale_timestamp: 1762076990.315 vs 1764665479.3170958"], "data_sample": {"price": 0.16733, "volume": 10.0}}}
{"timestamp": "2025-12-02T08:51:19.331996+00:00", "level": "WARNING", "module": "logger", "funcName": "_log", "lineno": 188, "event_type": "streaming_indicator_engine.data_anomalies_detected", "data": {"symbol": "ARIA_USDT", "timestamp": 1762076997.315, "anomalies": ["stale_timestamp: 1762076997.315 vs 1764665479.3319962"], "data_sample": {"price": 0.16726, "volume": 12.0}}}
{"timestamp": "2025-12-02T08:51:19.347602+00:00", "level": "WARNING", "module": "logger", "funcName": "_log", "lineno": 188, "event_type": "streaming_indicator_engine.data_anomalies_detected", "data": {"symbol": "ARIA_USDT", "timestamp": 1762077007.309999, "anomalies": ["stale_timestamp: 1762077007.309999 vs 1764665479.3476024"], "data_sample": {"price": 0.16719, "volume": 4.0}}}
{"timestamp": "2025-12-02T08:51:19.362347+00:00", "level": "WARNING", "module": "logger", "funcName": "_log", "lineno": 188, "event_type": "streaming_indicator_engine.data_anomalies_detected", "data": {"symbol": "ARIA_USDT", "timestamp": 1762077018.309999, "anomalies": ["stale_timestamp: 1762077018.309999 vs 1764665479.3623471"], "data_sample": {"price": 0.16722, "volume": 8.0}}}
{"timestamp": "2025-12-02T08:51:19.377558+00:00", "level": "WARNING", "module": "logger", "funcName": "_log", "lineno": 188, "event_type": "streaming_indicator_engine.data_anomalies_detected", "data": {"symbol": "ARIA_USDT", "timestamp": 1762077025.309999, "anomalies": ["stale_timestamp: 1762077025.309999 vs 1764665479.3775585"], "data_sample": {"price": 0.16726, "volume": 5.0}}}
{"timestamp": "2025-12-02T08:51:19.392398+00:00", "level": "WARNING", "module": "logger", "funcName": "_log", "lineno": 188, "event_type": "streaming_indicator_engine.data_anomalies_detected", "data": {"symbol": "ARIA_USDT", "timestamp": 1762077033.311, "anomalies": ["stale_timestamp: 1762077033.311 vs 1764665479.3923988"], "data_sample": {"price": 0.16725, "volume": 4.0}}}
{"timestamp": "2025-12-02T08:51:19.407090+00:00", "level": "WARNING", "module": "logger", "funcName": "_log", "lineno": 188, "event_type": "streaming_indicator_engine.data_anomalies_detected", "data": {"symbol": "ARIA_USDT", "timestamp": 1762077042.309999, "anomalies": ["stale_timestamp: 1762077042.309999 vs 1764665479.40709"], "data_sample": {"price": 0.16724, "volume": 4.0}}}
{"timestamp": "2025-12-02T08:51:19.422322+00:00", "level": "WARNING", "module": "logger", "funcName": "_log", "lineno": 188, "event_type": "streaming_indicator_engine.data_anomalies_detected", "data": {"symbol": "ARIA_USDT", "timestamp": 1762077051.309999, "anomalies": ["stale_timestamp: 1762077051.309999 vs 1764665479.4223223"], "data_sample": {"price": 0.16725, "volume": 4.0}}}
{"timestamp": "2025-12-02T08:51:19.437357+00:00", "level": "WARNING", "module": "logger", "funcName": "_log", "lineno": 188, "event_type": "streaming_indicator_engine.data_anomalies_detected", "data": {"symbol": "ARIA_USDT", "timestamp": 1762077057.312999, "anomalies": ["stale_timestamp: 1762077057.312999 vs 1764665479.4373574"], "data_sample": {"price": 0.16726, "volume": 3.0}}}
{"timestamp": "2025-12-02T08:51:19.452966+00:00", "level": "WARNING", "module": "logger", "funcName": "_log", "lineno": 188, "event_type": "streaming_indicator_engine.data_anomalies_detected", "data": {"symbol": "ARIA_USDT", "timestamp": 1762077067.316999, "anomalies": ["stale_timestamp: 1762077067.316999 vs 1764665479.4529662"], "data_sample": {"price": 0.16725, "volume": 8.0}}}
{"timestamp": "2025-12-02T08:51:19.468930+00:00", "level": "WARNING", "module": "logger", "funcName": "_log", "lineno": 188, "event_type": "streaming_indicator_engine.data_anomalies_detected", "data": {"symbol": "ARIA_USDT", "timestamp": 1762077081.308, "anomalies": ["stale_timestamp: 1762077081.308 vs 1764665479.4689302"], "data_sample": {"price": 0.16714, "volume": 6.0}}}
{"timestamp": "2025-12-02T08:51:19.485011+00:00", "level": "WARNING", "module": "logger", "funcName": "_log", "lineno": 188, "event_type": "streaming_indicator_engine.data_anomalies_detected", "data": {"symbol": "ARIA_USDT", "timestamp": 1762077089.311, "anomalies": ["stale_timestamp: 1762077089.311 vs 1764665479.4850118"], "data_sample": {"price": 0.16711, "volume": 4.0}}}
{"timestamp": "2025-12-02T08:51:19.501141+00:00", "level": "WARNING", "module": "logger", "funcName": "_log", "lineno": 188, "event_type": "streaming_indicator_engine.data_anomalies_detected", "data": {"symbol": "ARIA_USDT", "timestamp": 1762077098.311, "anomalies": ["stale_timestamp: 1762077098.311 vs 1764665479.501141"], "data_sample": {"price": 0.16702, "volume": 4.0}}}
{"timestamp": "2025-12-02T08:51:19.515999+00:00", "level": "WARNING", "module": "logger", "funcName": "_log", "lineno": 188, "event_type": "streaming_indicator_engine.data_anomalies_detected", "data": {"symbol": "ARIA_USDT", "timestamp": 1762077107.335, "anomalies": ["stale_timestamp: 1762077107.335 vs 1764665479.5159993"], "data_sample": {"price": 0.167, "volume": 26.0}}}
{"timestamp": "2025-12-02T08:51:19.531512+00:00", "level": "WARNING", "module": "logger", "funcName": "_log", "lineno": 188, "event_type": "streaming_indicator_engine.data_anomalies_detected", "data": {"symbol": "ARIA_USDT", "timestamp": 1762077121.309999, "anomalies": ["stale_timestamp: 1762077121.309999 vs 1764665479.5315125"], "data_sample": {"price": 0.16704, "volume": 8.0}}}
{"timestamp": "2025-12-02T08:51:19.546444+00:00", "level": "WARNING", "module": "logger", "funcName": "_log", "lineno": 188, "event_type": "streaming_indicator_engine.data_anomalies_detected", "data": {"symbol": "ARIA_USDT", "timestamp": 1762077123.420999, "anomalies": ["stale_timestamp: 1762077123.420999 vs 1764665479.5464447"], "data_sample": {"price": 0.167, "volume": 59.0}}}
{"timestamp": "2025-12-02T08:51:19.562563+00:00", "level": "WARNING", "module": "logger", "funcName": "_log", "lineno": 188, "event_type": "streaming_indicator_engine.data_anomalies_detected", "data": {"symbol": "ARIA_USDT", "timestamp": 1762077139.311, "anomalies": ["stale_timestamp: 1762077139.311 vs 1764665479.5625634"], "data_sample": {"price": 0.16703, "volume": 5.0}}}
{"timestamp": "2025-12-02T08:51:19.578829+00:00", "level": "WARNING", "module": "logger", "funcName": "_log", "lineno": 188, "event_type": "streaming_indicator_engine.data_anomalies_detected", "data": {"symbol": "ARIA_USDT", "timestamp": 1762077152.308999, "anomalies": ["stale_timestamp: 1762077152.308999 vs 1764665479.5778918"], "data_sample": {"price": 0.16708, "volume": 9.0}}}
{"timestamp": "2025-12-02T08:51:19.593413+00:00", "level": "WARNING", "module": "logger", "funcName": "_log", "lineno": 188, "event_type": "streaming_indicator_engine.data_anomalies_detected", "data": {"symbol": "ARIA_USDT", "timestamp": 1762077163.309999, "anomalies": ["stale_timestamp: 1762077163.309999 vs 1764665479.593413"], "data_sample": {"price": 0.16713, "volume": 11.0}}}
{"timestamp": "2025-12-02T08:51:19.608233+00:00", "level": "WARNING", "module": "logger", "funcName": "_log", "lineno": 188, "event_type": "streaming_indicator_engine.data_anomalies_detected", "data": {"symbol": "ARIA_USDT", "timestamp": 1762077172.309999, "anomalies": ["stale_timestamp: 1762077172.309999 vs 1764665479.6082332"], "data_sample": {"price": 0.16706, "volume": 12.0}}}
{"timestamp": "2025-12-02T08:51:19.623225+00:00", "level": "WARNING", "module": "logger", "funcName": "_log", "lineno": 188, "event_type": "streaming_indicator_engine.data_anomalies_detected", "data": {"symbol": "ARIA_USDT", "timestamp": 1762077187.312999, "anomalies": ["stale_timestamp: 1762077187.312999 vs 1764665479.6232257"], "data_sample": {"price": 0.16705, "volume": 4.0}}}
{"timestamp": "2025-12-02T08:51:19.637983+00:00", "level": "WARNING", "module": "logger", "funcName": "_log", "lineno": 188, "event_type": "streaming_indicator_engine.data_anomalies_detected", "data": {"symbol": "ARIA_USDT", "timestamp": 1762077203.309999, "anomalies": ["stale_timestamp: 1762077203.309999 vs 1764665479.6379838"], "data_sample": {"price": 0.16703, "volume": 6.0}}}
{"timestamp": "2025-12-02T08:51:19.653919+00:00", "level": "WARNING", "module": "logger", "funcName": "_log", "lineno": 188, "event_type": "streaming_indicator_engine.data_anomalies_detected", "data": {"symbol": "ARIA_USDT", "timestamp": 1762077211.312, "anomalies": ["stale_timestamp: 1762077211.312 vs 1764665479.6539197"], "data_sample": {"price": 0.16707, "volume": 9.0}}}
{"timestamp": "2025-12-02T08:51:19.669220+00:00", "level": "WARNING", "module": "logger", "funcName": "_log", "lineno": 188, "event_type": "streaming_indicator_engine.data_anomalies_detected", "data": {"symbol": "ARIA_USDT", "timestamp": 1762077227.312999, "anomalies": ["stale_timestamp: 1762077227.312999 vs 1764665479.6692204"], "data_sample": {"price": 0.16704, "volume": 4.0}}}
{"timestamp": "2025-12-02T08:51:19.670722+00:00", "level": "INFO", "module": "logger", "funcName": "_log", "lineno": 188, "event_type": "strategy_manager.indicator_update_received", "data": {"symbol": "ARIA_USDT", "indicator_name": "11b8be00-eed3-48fe-b359-df47b297226c_20", "indicator_type": "", "value": 2.5044644193480832e-05, "active_strategies_for_symbol": true, "active_count": 3}}
{"timestamp": "2025-12-02T08:51:19.671723+00:00", "level": "WARNING", "module": "logger", "funcName": "_log", "lineno": 188, "event_type": "streaming_indicator_engine.data_anomalies_detected", "data": {"symbol": "ARIA_USDT", "timestamp": 1762077234.308999, "anomalies": ["stale_timestamp: 1762077234.308999 vs 1764665479.6717234"], "data_sample": {"price": 0.16708, "volume": 8.0}}}
{"timestamp": "2025-12-02T08:51:19.671723+00:00", "level": "WARNING", "module": "logger", "funcName": "_log", "lineno": 188, "event_type": "streaming_indicator_engine.data_anomalies_detected", "data": {"symbol": "ARIA_USDT", "timestamp": 1762077247.312999, "anomalies": ["stale_timestamp: 1762077247.312999 vs 1764665479.6717234"], "data_sample": {"price": 0.16705, "volume": 7.0}}}
{"timestamp": "2025-12-02T08:51:19.672721+00:00", "level": "WARNING", "module": "logger", "funcName": "_log", "lineno": 188, "event_type": "streaming_indicator_engine.data_anomalies_detected", "data": {"symbol": "ARIA_USDT", "timestamp": 1762077263.309999, "anomalies": ["stale_timestamp: 1762077263.309999 vs 1764665479.672721"], "data_sample": {"price": 0.16704, "volume": 7.0}}}
{"timestamp": "2025-12-02T08:51:19.673720+00:00", "level": "WARNING", "module": "logger", "funcName": "_log", "lineno": 188, "event_type": "streaming_indicator_engine.data_anomalies_detected", "data": {"symbol": "ARIA_USDT", "timestamp": 1762077274.309999, "anomalies": ["stale_timestamp: 1762077274.309999 vs 1764665479.6737204"], "data_sample": {"price": 0.16709, "volume": 4.0}}}
{"timestamp": "2025-12-02T08:51:19.674726+00:00", "level": "WARNING", "module": "logger", "funcName": "_log", "lineno": 188, "event_type": "streaming_indicator_engine.data_anomalies_detected", "data": {"symbol": "ARIA_USDT", "timestamp": 1762077281.311, "anomalies": ["stale_timestamp: 1762077281.311 vs 1764665479.6747258"], "data_sample": {"price": 0.16713, "volume": 12.0}}}
{"timestamp": "2025-12-02T08:51:19.674726+00:00", "level": "INFO", "module": "logger", "funcName": "_log", "lineno": 188, "event_type": "strategy_manager.indicator_update_received", "data": {"symbol": "ARIA_USDT", "indicator_name": "11b8be00-eed3-48fe-b359-df47b297226c_20", "indicator_type": "", "value": 2.5044644193480832e-05, "active_strategies_for_symbol": true, "active_count": 3}}
{"timestamp": "2025-12-02T08:51:19.674726+00:00", "level": "WARNING", "module": "logger", "funcName": "_log", "lineno": 188, "event_type": "streaming_indicator_engine.data_anomalies_detected", "data": {"symbol": "ARIA_USDT", "timestamp": 1762077290.312, "anomalies": ["stale_timestamp: 1762077290.312 vs 1764665479.6747258"], "data_sample": {"price": 0.16709, "volume": 8.0}}}
{"timestamp": "2025-12-02T08:51:19.675826+00:00", "level": "WARNING", "module": "logger", "funcName": "_log", "lineno": 188, "event_type": "streaming_indicator_engine.data_anomalies_detected", "data": {"symbol": "ARIA_USDT", "timestamp": 1762077299.312, "anomalies": ["stale_timestamp: 1762077299.312 vs 1764665479.6758265"], "data_sample": {"price": 0.16706, "volume": 8.0}}}
{"timestamp": "2025-12-02T08:51:19.676720+00:00", "level": "WARNING", "module": "logger", "funcName": "_log", "lineno": 188, "event_type": "streaming_indicator_engine.data_anomalies_detected", "data": {"symbol": "ARIA_USDT", "timestamp": 1762077309.309999, "anomalies": ["stale_timestamp: 1762077309.309999 vs 1764665479.6767201"], "data_sample": {"price": 0.16705, "volume": 6.0}}}
{"timestamp": "2025-12-02T08:51:19.676720+00:00", "level": "WARNING", "module": "logger", "funcName": "_log", "lineno": 188, "event_type": "streaming_indicator_engine.data_anomalies_detected", "data": {"symbol": "ARIA_USDT", "timestamp": 1762077318.312, "anomalies": ["stale_timestamp: 1762077318.312 vs 1764665479.6767201"], "data_sample": {"price": 0.16706, "volume": 9.0}}}
{"timestamp": "2025-12-02T08:51:19.679237+00:00", "level": "WARNING", "module": "logger", "funcName": "_log", "lineno": 188, "event_type": "streaming_indicator_engine.data_anomalies_detected", "data": {"symbol": "ARIA_USDT", "timestamp": 1762077324.309999, "anomalies": ["stale_timestamp: 1762077324.309999 vs 1764665479.6792374"], "data_sample": {"price": 0.1671, "volume": 5.0}}}
{"timestamp": "2025-12-02T08:51:19.679237+00:00", "level": "WARNING", "module": "logger", "funcName": "_log", "lineno": 188, "event_type": "streaming_indicator_engine.data_anomalies_detected", "data": {"symbol": "ARIA_USDT", "timestamp": 1762077335.309999, "anomalies": ["stale_timestamp: 1762077335.309999 vs 1764665479.6792374"], "data_sample": {"price": 0.16709, "volume": 4.0}}}
{"timestamp": "2025-12-02T08:51:19.683251+00:00", "level": "INFO", "module": "logger", "funcName": "_log", "lineno": 188, "event_type": "strategy_manager.indicator_update_received", "data": {"symbol": "ARIA_USDT", "indicator_name": "f1c5bf73-df7f-4889-b417-fc3fcd71a9f7_20", "indicator_type": "", "value": -69.57766945119809, "active_strategies_for_symbol": true, "active_count": 3}}
{"timestamp": "2025-12-02T08:51:19.684292+00:00", "level": "WARNING", "module": "logger", "funcName": "_log", "lineno": 188, "event_type": "streaming_indicator_engine.data_anomalies_detected", "data": {"symbol": "ARIA_USDT", "timestamp": 1762077351.309999, "anomalies": ["stale_timestamp: 1762077351.309999 vs 1764665479.6832516"], "data_sample": {"price": 0.1671, "volume": 3.0}}}
{"timestamp": "2025-12-02T08:51:19.685250+00:00", "level": "WARNING", "module": "logger", "funcName": "_log", "lineno": 188, "event_type": "streaming_indicator_engine.data_anomalies_detected", "data": {"symbol": "ARIA_USDT", "timestamp": 1762077362.309999, "anomalies": ["stale_timestamp: 1762077362.309999 vs 1764665479.6852503"], "data_sample": {"price": 0.16716, "volume": 5.0}}}
{"timestamp": "2025-12-02T08:51:19.686457+00:00", "level": "WARNING", "module": "logger", "funcName": "_log", "lineno": 188, "event_type": "streaming_indicator_engine.data_anomalies_detected", "data": {"symbol": "ARIA_USDT", "timestamp": 1762077376.309999, "anomalies": ["stale_timestamp: 1762077376.309999 vs 1764665479.6864572"], "data_sample": {"price": 0.16724, "volume": 11.0}}}
{"timestamp": "2025-12-02T08:51:19.687465+00:00", "level": "WARNING", "module": "logger", "funcName": "_log", "lineno": 188, "event_type": "streaming_indicator_engine.data_anomalies_detected", "data": {"symbol": "ARIA_USDT", "timestamp": 1762077387.309999, "anomalies": ["stale_timestamp: 1762077387.309999 vs 1764665479.6874652"], "data_sample": {"price": 0.16726, "volume": 11.0}}}
{"timestamp": "2025-12-02T08:51:19.687465+00:00", "level": "WARNING", "module": "logger", "funcName": "_log", "lineno": 188, "event_type": "streaming_indicator_engine.data_anomalies_detected", "data": {"symbol": "ARIA_USDT", "timestamp": 1762077395.309999, "anomalies": ["stale_timestamp: 1762077395.309999 vs 1764665479.6874652"], "data_sample": {"price": 0.16728, "volume": 3.0}}}
{"timestamp": "2025-12-02T08:51:19.687465+00:00", "level": "WARNING", "module": "logger", "funcName": "_log", "lineno": 188, "event_type": "streaming_indicator_engine.data_anomalies_detected", "data": {"symbol": "ARIA_USDT", "timestamp": 1762077402.309999, "anomalies": ["stale_timestamp: 1762077402.309999 vs 1764665479.6874652"], "data_sample": {"price": 0.1673, "volume": 10.0}}}
{"timestamp": "2025-12-02T08:51:19.687465+00:00", "level": "INFO", "module": "logger", "funcName": "_log", "lineno": 188, "event_type": "strategy_manager.indicator_update_received", "data": {"symbol": "ARIA_USDT", "indicator_name": "f1c5bf73-df7f-4889-b417-fc3fcd71a9f7_20", "indicator_type": "", "value": -69.57766945119809, "active_strategies_for_symbol": true, "active_count": 3}}
{"timestamp": "2025-12-02T08:51:19.688970+00:00", "level": "WARNING", "module": "logger", "funcName": "_log", "lineno": 188, "event_type": "streaming_indicator_engine.data_anomalies_detected", "data": {"symbol": "ARIA_USDT", "timestamp": 1762077412.311, "anomalies": ["stale_timestamp: 1762077412.311 vs 1764665479.6889708"], "data_sample": {"price": 0.16729, "volume": 7.0}}}
{"timestamp": "2025-12-02T08:51:19.688970+00:00", "level": "WARNING", "module": "logger", "funcName": "_log", "lineno": 188, "event_type": "streaming_indicator_engine.data_anomalies_detected", "data": {"symbol": "ARIA_USDT", "timestamp": 1762077421.309999, "anomalies": ["stale_timestamp: 1762077421.309999 vs 1764665479.6889708"], "data_sample": {"price": 0.16727, "volume": 4.0}}}
{"timestamp": "2025-12-02T08:51:19.697612+00:00", "level": "WARNING", "module": "logger", "funcName": "_log", "lineno": 188, "event_type": "streaming_indicator_engine.data_anomalies_detected", "data": {"symbol": "ARIA_USDT", "timestamp": 1762076372.312999, "anomalies": ["stale_timestamp: 1762076372.312999 vs 1764665479.697612"], "data_sample": {"price": 0.1671, "volume": 3.0}}}
{"timestamp": "2025-12-02T08:51:19.714986+00:00", "level": "WARNING", "module": "logger", "funcName": "_log", "lineno": 188, "event_type": "streaming_indicator_engine.data_anomalies_detected", "data": {"symbol": "ARIA_USDT", "timestamp": 1762076381.309999, "anomalies": ["stale_timestamp: 1762076381.309999 vs 1764665479.7149866"], "data_sample": {"price": 0.16715, "volume": 8.0}}}
{"timestamp": "2025-12-02T08:51:19.730130+00:00", "level": "WARNING", "module": "logger", "funcName": "_log", "lineno": 188, "event_type": "streaming_indicator_engine.data_anomalies_detected", "data": {"symbol": "ARIA_USDT", "timestamp": 1762076388.311, "anomalies": ["stale_timestamp: 1762076388.311 vs 1764665479.7301307"], "data_sample": {"price": 0.16714, "volume": 9.0}}}
{"timestamp": "2025-12-02T08:51:19.745804+00:00", "level": "WARNING", "module": "logger", "funcName": "_log", "lineno": 188, "event_type": "streaming_indicator_engine.data_anomalies_detected", "data": {"symbol": "ARIA_USDT", "timestamp": 1762076401.309999, "anomalies": ["stale_timestamp: 1762076401.309999 vs 1764665479.7458048"], "data_sample": {"price": 0.16717, "volume": 7.0}}}
{"timestamp": "2025-12-02T08:51:19.762842+00:00", "level": "WARNING", "module": "logger", "funcName": "_log", "lineno": 188, "event_type": "streaming_indicator_engine.data_anomalies_detected", "data": {"symbol": "ARIA_USDT", "timestamp": 1762076408.312, "anomalies": ["stale_timestamp: 1762076408.312 vs 1764665479.7628424"], "data_sample": {"price": 0.16713, "volume": 3.0}}}
{"timestamp": "2025-12-02T08:51:19.779438+00:00", "level": "WARNING", "module": "logger", "funcName": "_log", "lineno": 188, "event_type": "streaming_indicator_engine.data_anomalies_detected", "data": {"symbol": "ARIA_USDT", "timestamp": 1762076417.311, "anomalies": ["stale_timestamp: 1762076417.311 vs 1764665479.7779293"], "data_sample": {"price": 0.16708, "volume": 3.0}}}
{"timestamp": "2025-12-02T08:51:19.794526+00:00", "level": "WARNING", "module": "logger", "funcName": "_log", "lineno": 188, "event_type": "streaming_indicator_engine.data_anomalies_detected", "data": {"symbol": "ARIA_USDT", "timestamp": 1762076427.308999, "anomalies": ["stale_timestamp: 1762076427.308999 vs 1764665479.793532"], "data_sample": {"price": 0.16707, "volume": 12.0}}}
{"timestamp": "2025-12-02T08:51:19.808349+00:00", "level": "WARNING", "module": "logger", "funcName": "_log", "lineno": 188, "event_type": "streaming_indicator_engine.data_anomalies_detected", "data": {"symbol": "ARIA_USDT", "timestamp": 1762076435.309999, "anomalies": ["stale_timestamp: 1762076435.309999 vs 1764665479.8083494"], "data_sample": {"price": 0.1671, "volume": 4.0}}}
{"timestamp": "2025-12-02T08:51:19.823506+00:00", "level": "WARNING", "module": "logger", "funcName": "_log", "lineno": 188, "event_type": "streaming_indicator_engine.data_anomalies_detected", "data": {"symbol": "ARIA_USDT", "timestamp": 1762076447.309999, "anomalies": ["stale_timestamp: 1762076447.309999 vs 1764665479.823506"], "data_sample": {"price": 0.16708, "volume": 9.0}}}
{"timestamp": "2025-12-02T08:51:19.839515+00:00", "level": "WARNING", "module": "logger", "funcName": "_log", "lineno": 188, "event_type": "streaming_indicator_engine.data_anomalies_detected", "data": {"symbol": "ARIA_USDT", "timestamp": 1762076462.309999, "anomalies": ["stale_timestamp: 1762076462.309999 vs 1764665479.8395157"], "data_sample": {"price": 0.16726, "volume": 10.0}}}
{"timestamp": "2025-12-02T08:51:19.855185+00:00", "level": "WARNING", "module": "logger", "funcName": "_log", "lineno": 188, "event_type": "streaming_indicator_engine.data_anomalies_detected", "data": {"symbol": "ARIA_USDT", "timestamp": 1762076476.308999, "anomalies": ["stale_timestamp: 1762076476.308999 vs 1764665479.8551853"], "data_sample": {"price": 0.16745, "volume": 9.0}}}
{"timestamp": "2025-12-02T08:51:19.870319+00:00", "level": "WARNING", "module": "logger", "funcName": "_log", "lineno": 188, "event_type": "streaming_indicator_engine.data_anomalies_detected", "data": {"symbol": "ARIA_USDT", "timestamp": 1762076490.311, "anomalies": ["stale_timestamp: 1762076490.311 vs 1764665479.8703194"], "data_sample": {"price": 0.16766, "volume": 7.0}}}
{"timestamp": "2025-12-02T08:51:19.885930+00:00", "level": "WARNING", "module": "logger", "funcName": "_log", "lineno": 188, "event_type": "streaming_indicator_engine.data_anomalies_detected", "data": {"symbol": "ARIA_USDT", "timestamp": 1762076501.311, "anomalies": ["stale_timestamp: 1762076501.311 vs 1764665479.8859308"], "data_sample": {"price": 0.16763, "volume": 5.0}}}
{"timestamp": "2025-12-02T08:51:19.901428+00:00", "level": "WARNING", "module": "logger", "funcName": "_log", "lineno": 188, "event_type": "streaming_indicator_engine.data_anomalies_detected", "data": {"symbol": "ARIA_USDT", "timestamp": 1762076514.408999, "anomalies": ["stale_timestamp: 1762076514.408999 vs 1764665479.9014285"], "data_sample": {"price": 0.16766, "volume": 10.0}}}
{"timestamp": "2025-12-02T08:51:19.917505+00:00", "level": "WARNING", "module": "logger", "funcName": "_log", "lineno": 188, "event_type": "streaming_indicator_engine.data_anomalies_detected", "data": {"symbol": "ARIA_USDT", "timestamp": 1762076520.311, "anomalies": ["stale_timestamp: 1762076520.311 vs 1764665479.9175057"], "data_sample": {"price": 0.1677, "volume": 9.0}}}
{"timestamp": "2025-12-02T08:51:19.932690+00:00", "level": "WARNING", "module": "logger", "funcName": "_log", "lineno": 188, "event_type": "streaming_indicator_engine.data_anomalies_detected", "data": {"symbol": "ARIA_USDT", "timestamp": 1762076531.311, "anomalies": ["stale_timestamp: 1762076531.311 vs 1764665479.9326901"], "data_sample": {"price": 0.16778, "volume": 10.0}}}
{"timestamp": "2025-12-02T08:51:19.948853+00:00", "level": "WARNING", "module": "logger", "funcName": "_log", "lineno": 188, "event_type": "streaming_indicator_engine.data_anomalies_detected", "data": {"symbol": "ARIA_USDT", "timestamp": 1762076537.311, "anomalies": ["stale_timestamp: 1762076537.311 vs 1764665479.9483418"], "data_sample": {"price": 0.16777, "volume": 10.0}}}
{"timestamp": "2025-12-02T08:51:19.963559+00:00", "level": "WARNING", "module": "logger", "funcName": "_log", "lineno": 188, "event_type": "streaming_indicator_engine.data_anomalies_detected", "data": {"symbol": "ARIA_USDT", "timestamp": 1762076543.312, "anomalies": ["stale_timestamp: 1762076543.312 vs 1764665479.9635594"], "data_sample": {"price": 0.16765, "volume": 8.0}}}
{"timestamp": "2025-12-02T08:51:19.980104+00:00", "level": "WARNING", "module": "logger", "funcName": "_log", "lineno": 188, "event_type": "streaming_indicator_engine.data_anomalies_detected", "data": {"symbol": "ARIA_USDT", "timestamp": 1762076551.311, "anomalies": ["stale_timestamp: 1762076551.311 vs 1764665479.9801047"], "data_sample": {"price": 0.16776, "volume": 7.0}}}
{"timestamp": "2025-12-02T08:51:19.993747+00:00", "level": "WARNING", "module": "logger", "funcName": "_log", "lineno": 188, "event_type": "streaming_indicator_engine.data_anomalies_detected", "data": {"symbol": "ARIA_USDT", "timestamp": 1762076567.313999, "anomalies": ["stale_timestamp: 1762076567.313999 vs 1764665479.9937477"], "data_sample": {"price": 0.16779, "volume": 4.0}}}
{"timestamp": "2025-12-02T08:51:20.008933+00:00", "level": "WARNING", "module": "logger", "funcName": "_log", "lineno": 188, "event_type": "streaming_indicator_engine.data_anomalies_detected", "data": {"symbol": "ARIA_USDT", "timestamp": 1762076582.312999, "anomalies": ["stale_timestamp: 1762076582.312999 vs 1764665480.0089333"], "data_sample": {"price": 0.16774, "volume": 4.0}}}
{"timestamp": "2025-12-02T08:51:20.024257+00:00", "level": "WARNING", "module": "logger", "funcName": "_log", "lineno": 188, "event_type": "streaming_indicator_engine.data_anomalies_detected", "data": {"symbol": "ARIA_USDT", "timestamp": 1762076595.309999, "anomalies": ["stale_timestamp: 1762076595.309999 vs 1764665480.0242572"], "data_sample": {"price": 0.16776, "volume": 10.0}}}
{"timestamp": "2025-12-02T08:51:20.039289+00:00", "level": "WARNING", "module": "logger", "funcName": "_log", "lineno": 188, "event_type": "streaming_indicator_engine.data_anomalies_detected", "data": {"symbol": "ARIA_USDT", "timestamp": 1762076606.309999, "anomalies": ["stale_timestamp: 1762076606.309999 vs 1764665480.0392892"], "data_sample": {"price": 0.16772, "volume": 9.0}}}
{"timestamp": "2025-12-02T08:51:20.054899+00:00", "level": "WARNING", "module": "logger", "funcName": "_log", "lineno": 188, "event_type": "streaming_indicator_engine.data_anomalies_detected", "data": {"symbol": "ARIA_USDT", "timestamp": 1762076620.309999, "anomalies": ["stale_timestamp: 1762076620.309999 vs 1764665480.054899"], "data_sample": {"price": 0.16764, "volume": 5.0}}}
{"timestamp": "2025-12-02T08:51:20.056887+00:00", "level": "WARNING", "module": "logger", "funcName": "_log", "lineno": 188, "event_type": "streaming_indicator_engine.data_anomalies_detected", "data": {"symbol": "ARIA_USDT", "timestamp": 1762076628.311, "anomalies": ["stale_timestamp: 1762076628.311 vs 1764665480.0568871"], "data_sample": {"price": 0.16761, "volume": 7.0}}}
{"timestamp": "2025-12-02T08:51:20.057885+00:00", "level": "WARNING", "module": "logger", "funcName": "_log", "lineno": 188, "event_type": "streaming_indicator_engine.data_anomalies_detected", "data": {"symbol": "ARIA_USDT", "timestamp": 1762076638.312999, "anomalies": ["stale_timestamp: 1762076638.312999 vs 1764665480.0578856"], "data_sample": {"price": 0.16763, "volume": 10.0}}}
{"timestamp": "2025-12-02T08:51:20.070210+00:00", "level": "WARNING", "module": "logger", "funcName": "_log", "lineno": 188, "event_type": "streaming_indicator_engine.data_anomalies_detected", "data": {"symbol": "ARIA_USDT", "timestamp": 1762076647.309999, "anomalies": ["stale_timestamp: 1762076647.309999 vs 1764665480.07021"], "data_sample": {"price": 0.16762, "volume": 4.0}}}
{"timestamp": "2025-12-02T08:51:20.084846+00:00", "level": "WARNING", "module": "logger", "funcName": "_log", "lineno": 188, "event_type": "streaming_indicator_engine.data_anomalies_detected", "data": {"symbol": "ARIA_USDT", "timestamp": 1762076653.309999, "anomalies": ["stale_timestamp: 1762076653.309999 vs 1764665480.0848463"], "data_sample": {"price": 0.16761, "volume": 9.0}}}
{"timestamp": "2025-12-02T08:51:20.100634+00:00", "level": "WARNING", "module": "logger", "funcName": "_log", "lineno": 188, "event_type": "streaming_indicator_engine.data_anomalies_detected", "data": {"symbol": "ARIA_USDT", "timestamp": 1762076666.309999, "anomalies": ["stale_timestamp: 1762076666.309999 vs 1764665480.1006346"], "data_sample": {"price": 0.16763, "volume": 9.0}}}
{"timestamp": "2025-12-02T08:51:20.102653+00:00", "level": "WARNING", "module": "logger", "funcName": "_log", "lineno": 188, "event_type": "streaming_indicator_engine.data_anomalies_detected", "data": {"symbol": "ARIA_USDT", "timestamp": 1762076672.308999, "anomalies": ["stale_timestamp: 1762076672.308999 vs 1764665480.1026533"], "data_sample": {"price": 0.16762, "volume": 9.0}}}
{"timestamp": "2025-12-02T08:51:20.115286+00:00", "level": "WARNING", "module": "logger", "funcName": "_log", "lineno": 188, "event_type": "streaming_indicator_engine.data_anomalies_detected", "data": {"symbol": "ARIA_USDT", "timestamp": 1762076685.309999, "anomalies": ["stale_timestamp: 1762076685.309999 vs 1764665480.1152864"], "data_sample": {"price": 0.16732, "volume": 9.0}}}
{"timestamp": "2025-12-02T08:51:20.130433+00:00", "level": "WARNING", "module": "logger", "funcName": "_log", "lineno": 188, "event_type": "streaming_indicator_engine.data_anomalies_detected", "data": {"symbol": "ARIA_USDT", "timestamp": 1762076699.311, "anomalies": ["stale_timestamp: 1762076699.311 vs 1764665480.1304333"], "data_sample": {"price": 0.16737, "volume": 11.0}}}
{"timestamp": "2025-12-02T08:51:20.146068+00:00", "level": "WARNING", "module": "logger", "funcName": "_log", "lineno": 188, "event_type": "streaming_indicator_engine.data_anomalies_detected", "data": {"symbol": "ARIA_USDT", "timestamp": 1762076713.309999, "anomalies": ["stale_timestamp: 1762076713.309999 vs 1764665480.145218"], "data_sample": {"price": 0.16735, "volume": 4.0}}}
{"timestamp": "2025-12-02T08:51:20.160889+00:00", "level": "WARNING", "module": "logger", "funcName": "_log", "lineno": 188, "event_type": "streaming_indicator_engine.data_anomalies_detected", "data": {"symbol": "ARIA_USDT", "timestamp": 1762076728.311, "anomalies": ["stale_timestamp: 1762076728.311 vs 1764665480.1608891"], "data_sample": {"price": 0.16739, "volume": 9.0}}}
{"timestamp": "2025-12-02T08:51:20.176981+00:00", "level": "WARNING", "module": "logger", "funcName": "_log", "lineno": 188, "event_type": "streaming_indicator_engine.data_anomalies_detected", "data": {"symbol": "ARIA_USDT", "timestamp": 1762076734.308999, "anomalies": ["stale_timestamp: 1762076734.308999 vs 1764665480.1769814"], "data_sample": {"price": 0.16744, "volume": 9.0}}}
{"timestamp": "2025-12-02T08:51:20.191928+00:00", "level": "WARNING", "module": "logger", "funcName": "_log", "lineno": 188, "event_type": "streaming_indicator_engine.data_anomalies_detected", "data": {"symbol": "ARIA_USDT", "timestamp": 1762076750.309999, "anomalies": ["stale_timestamp: 1762076750.309999 vs 1764665480.1919281"], "data_sample": {"price": 0.16747, "volume": 10.0}}}
{"timestamp": "2025-12-02T08:51:20.195150+00:00", "level": "INFO", "module": "logger", "funcName": "_log", "lineno": 188, "event_type": "strategy_manager.indicator_update_received", "data": {"symbol": "ARIA_USDT", "indicator_name": "611fad91-045d-408b-8822-f43428935033_20", "indicator_type": "", "value": 0.001339530288158606, "active_strategies_for_symbol": true, "active_count": 3}}
{"timestamp": "2025-12-02T08:51:20.197155+00:00", "level": "WARNING", "module": "logger", "funcName": "_log", "lineno": 188, "event_type": "streaming_indicator_engine.data_anomalies_detected", "data": {"symbol": "ARIA_USDT", "timestamp": 1762076759.311, "anomalies": ["stale_timestamp: 1762076759.311 vs 1764665480.1971552"], "data_sample": {"price": 0.16746, "volume": 10.0}}}
{"timestamp": "2025-12-02T08:51:20.198158+00:00", "level": "WARNING", "module": "logger", "funcName": "_log", "lineno": 188, "event_type": "streaming_indicator_engine.data_anomalies_detected", "data": {"symbol": "ARIA_USDT", "timestamp": 1762076767.309999, "anomalies": ["stale_timestamp: 1762076767.309999 vs 1764665480.198158"], "data_sample": {"price": 0.16742, "volume": 8.0}}}
{"timestamp": "2025-12-02T08:51:20.199160+00:00", "level": "WARNING", "module": "logger", "funcName": "_log", "lineno": 188, "event_type": "streaming_indicator_engine.data_anomalies_detected", "data": {"symbol": "ARIA_USDT", "timestamp": 1762076783.312, "anomalies": ["stale_timestamp: 1762076783.312 vs 1764665480.19916"], "data_sample": {"price": 0.16745, "volume": 8.0}}}
{"timestamp": "2025-12-02T08:51:20.199160+00:00", "level": "WARNING", "module": "logger", "funcName": "_log", "lineno": 188, "event_type": "streaming_indicator_engine.data_anomalies_detected", "data": {"symbol": "ARIA_USDT", "timestamp": 1762076789.309999, "anomalies": ["stale_timestamp: 1762076789.309999 vs 1764665480.19916"], "data_sample": {"price": 0.16755, "volume": 9.0}}}
{"timestamp": "2025-12-02T08:51:20.199160+00:00", "level": "WARNING", "module": "logger", "funcName": "_log", "lineno": 188, "event_type": "streaming_indicator_engine.data_anomalies_detected", "data": {"symbol": "ARIA_USDT", "timestamp": 1762076803.311, "anomalies": ["stale_timestamp: 1762076803.311 vs 1764665480.19916"], "data_sample": {"price": 0.16758, "volume": 10.0}}}
{"timestamp": "2025-12-02T08:51:20.200633+00:00", "level": "INFO", "module": "logger", "funcName": "_log", "lineno": 188, "event_type": "strategy_manager.indicator_update_received", "data": {"symbol": "ARIA_USDT", "indicator_name": "611fad91-045d-408b-8822-f43428935033_20", "indicator_type": "", "value": 0.001339530288158606, "active_strategies_for_symbol": true, "active_count": 3}}
{"timestamp": "2025-12-02T08:51:20.200633+00:00", "level": "WARNING", "module": "logger", "funcName": "_log", "lineno": 188, "event_type": "streaming_indicator_engine.data_anomalies_detected", "data": {"symbol": "ARIA_USDT", "timestamp": 1762076816.308999, "anomalies": ["stale_timestamp: 1762076816.308999 vs 1764665480.2006333"], "data_sample": {"price": 0.16762, "volume": 9.0}}}
{"timestamp": "2025-12-02T08:51:20.201642+00:00", "level": "WARNING", "module": "logger", "funcName": "_log", "lineno": 188, "event_type": "streaming_indicator_engine.data_anomalies_detected", "data": {"symbol": "ARIA_USDT", "timestamp": 1762076825.312999, "anomalies": ["stale_timestamp: 1762076825.312999 vs 1764665480.2006333"], "data_sample": {"price": 0.16751, "volume": 10.0}}}
{"timestamp": "2025-12-02T08:51:20.201642+00:00", "level": "WARNING", "module": "logger", "funcName": "_log", "lineno": 188, "event_type": "streaming_indicator_engine.data_anomalies_detected", "data": {"symbol": "ARIA_USDT", "timestamp": 1762076831.316999, "anomalies": ["stale_timestamp: 1762076831.316999 vs 1764665480.2016423"], "data_sample": {"price": 0.1674, "volume": 6.0}}}
{"timestamp": "2025-12-02T08:51:20.201642+00:00", "level": "WARNING", "module": "logger", "funcName": "_log", "lineno": 188, "event_type": "streaming_indicator_engine.data_anomalies_detected", "data": {"symbol": "ARIA_USDT", "timestamp": 1762076839.311, "anomalies": ["stale_timestamp: 1762076839.311 vs 1764665480.2016423"], "data_sample": {"price": 0.16741, "volume": 8.0}}}
{"timestamp": "2025-12-02T08:51:20.202646+00:00", "level": "WARNING", "module": "logger", "funcName": "_log", "lineno": 188, "event_type": "streaming_indicator_engine.data_anomalies_detected", "data": {"symbol": "ARIA_USDT", "timestamp": 1762076846.312, "anomalies": ["stale_timestamp: 1762076846.312 vs 1764665480.2026467"], "data_sample": {"price": 0.1674, "volume": 6.0}}}
{"timestamp": "2025-12-02T08:51:20.202646+00:00", "level": "WARNING", "module": "logger", "funcName": "_log", "lineno": 188, "event_type": "streaming_indicator_engine.data_anomalies_detected", "data": {"symbol": "ARIA_USDT", "timestamp": 1762076859.309999, "anomalies": ["stale_timestamp: 1762076859.309999 vs 1764665480.2026467"], "data_sample": {"price": 0.16723, "volume": 5.0}}}
{"timestamp": "2025-12-02T08:51:20.207639+00:00", "level": "INFO", "module": "logger", "funcName": "_log", "lineno": 188, "event_type": "strategy_manager.indicator_update_received", "data": {"symbol": "ARIA_USDT", "indicator_name": "790d8eed-dc95-43ff-b625-1205d256154b_20", "indicator_type": "", "value": -0.00266558372751215, "active_strategies_for_symbol": true, "active_count": 3}}
{"timestamp": "2025-12-02T08:51:20.207639+00:00", "level": "WARNING", "module": "logger", "funcName": "_log", "lineno": 188, "event_type": "streaming_indicator_engine.data_anomalies_detected", "data": {"symbol": "ARIA_USDT", "timestamp": 1762076870.309999, "anomalies": ["stale_timestamp: 1762076870.309999 vs 1764665480.2076397"], "data_sample": {"price": 0.16724, "volume": 9.0}}}
{"timestamp": "2025-12-02T08:51:20.209228+00:00", "level": "WARNING", "module": "logger", "funcName": "_log", "lineno": 188, "event_type": "streaming_indicator_engine.data_anomalies_detected", "data": {"symbol": "ARIA_USDT", "timestamp": 1762076878.309999, "anomalies": ["stale_timestamp: 1762076878.309999 vs 1764665480.2092285"], "data_sample": {"price": 0.16731, "volume": 4.0}}}
{"timestamp": "2025-12-02T08:51:20.210247+00:00", "level": "WARNING", "module": "logger", "funcName": "_log", "lineno": 188, "event_type": "streaming_indicator_engine.data_anomalies_detected", "data": {"symbol": "ARIA_USDT", "timestamp": 1762076892.311, "anomalies": ["stale_timestamp: 1762076892.311 vs 1764665480.2102475"], "data_sample": {"price": 0.16728, "volume": 9.0}}}
{"timestamp": "2025-12-02T08:51:20.210247+00:00", "level": "WARNING", "module": "logger", "funcName": "_log", "lineno": 188, "event_type": "streaming_indicator_engine.data_anomalies_detected", "data": {"symbol": "ARIA_USDT", "timestamp": 1762076900.309999, "anomalies": ["stale_timestamp: 1762076900.309999 vs 1764665480.2102475"], "data_sample": {"price": 0.16731, "volume": 7.0}}}
{"timestamp": "2025-12-02T08:51:20.211669+00:00", "level": "WARNING", "module": "logger", "funcName": "_log", "lineno": 188, "event_type": "streaming_indicator_engine.data_anomalies_detected", "data": {"symbol": "ARIA_USDT", "timestamp": 1762076915.308999, "anomalies": ["stale_timestamp: 1762076915.308999 vs 1764665480.2116697"], "data_sample": {"price": 0.16729, "volume": 4.0}}}
{"timestamp": "2025-12-02T08:51:20.212875+00:00", "level": "INFO", "module": "logger", "funcName": "_log", "lineno": 188, "event_type": "strategy_manager.indicator_update_received", "data": {"symbol": "ARIA_USDT", "indicator_name": "790d8eed-dc95-43ff-b625-1205d256154b_20", "indicator_type": "", "value": -0.00266558372751215, "active_strategies_for_symbol": true, "active_count": 3}}
{"timestamp": "2025-12-02T08:51:20.213930+00:00", "level": "WARNING", "module": "logger", "funcName": "_log", "lineno": 188, "event_type": "streaming_indicator_engine.data_anomalies_detected", "data": {"symbol": "ARIA_USDT", "timestamp": 1762076929.309999, "anomalies": ["stale_timestamp: 1762076929.309999 vs 1764665480.2139306"], "data_sample": {"price": 0.16725, "volume": 11.0}}}
{"timestamp": "2025-12-02T08:51:20.214928+00:00", "level": "WARNING", "module": "logger", "funcName": "_log", "lineno": 188, "event_type": "streaming_indicator_engine.data_anomalies_detected", "data": {"symbol": "ARIA_USDT", "timestamp": 1762076940.312999, "anomalies": ["stale_timestamp: 1762076940.312999 vs 1764665480.2149284"], "data_sample": {"price": 0.16733, "volume": 8.0}}}
{"timestamp": "2025-12-02T08:51:20.215939+00:00", "level": "WARNING", "module": "logger", "funcName": "_log", "lineno": 188, "event_type": "streaming_indicator_engine.data_anomalies_detected", "data": {"symbol": "ARIA_USDT", "timestamp": 1762076949.324999, "anomalies": ["stale_timestamp: 1762076949.324999 vs 1764665480.2159398"], "data_sample": {"price": 0.1673, "volume": 8.0}}}
{"timestamp": "2025-12-02T08:51:20.216929+00:00", "level": "WARNING", "module": "logger", "funcName": "_log", "lineno": 188, "event_type": "streaming_indicator_engine.data_anomalies_detected", "data": {"symbol": "ARIA_USDT", "timestamp": 1762076965.316, "anomalies": ["stale_timestamp: 1762076965.316 vs 1764665480.2169297"], "data_sample": {"price": 0.16729, "volume": 4.0}}}
{"timestamp": "2025-12-02T08:51:20.217930+00:00", "level": "WARNING", "module": "logger", "funcName": "_log", "lineno": 188, "event_type": "streaming_indicator_engine.data_anomalies_detected", "data": {"symbol": "ARIA_USDT", "timestamp": 1762076978.312, "anomalies": ["stale_timestamp: 1762076978.312 vs 1764665480.2179308"], "data_sample": {"price": 0.1673, "volume": 9.0}}}
{"timestamp": "2025-12-02T08:51:20.218931+00:00", "level": "WARNING", "module": "logger", "funcName": "_log", "lineno": 188, "event_type": "streaming_indicator_engine.data_anomalies_detected", "data": {"symbol": "ARIA_USDT", "timestamp": 1762076990.315, "anomalies": ["stale_timestamp: 1762076990.315 vs 1764665480.2189317"], "data_sample": {"price": 0.16733, "volume": 10.0}}}
{"timestamp": "2025-12-02T08:51:20.219441+00:00", "level": "WARNING", "module": "logger", "funcName": "_log", "lineno": 188, "event_type": "streaming_indicator_engine.data_anomalies_detected", "data": {"symbol": "ARIA_USDT", "timestamp": 1762076997.315, "anomalies": ["stale_timestamp: 1762076997.315 vs 1764665480.2194412"], "data_sample": {"price": 0.16726, "volume": 12.0}}}
{"timestamp": "2025-12-02T08:51:20.237372+00:00", "level": "WARNING", "module": "logger", "funcName": "_log", "lineno": 188, "event_type": "streaming_indicator_engine.data_anomalies_detected", "data": {"symbol": "ARIA_USDT", "timestamp": 1762077007.309999, "anomalies": ["stale_timestamp: 1762077007.309999 vs 1764665480.2373722"], "data_sample": {"price": 0.16719, "volume": 4.0}}}
{"timestamp": "2025-12-02T08:51:20.253111+00:00", "level": "WARNING", "module": "logger", "funcName": "_log", "lineno": 188, "event_type": "streaming_indicator_engine.data_anomalies_detected", "data": {"symbol": "ARIA_USDT", "timestamp": 1762077018.309999, "anomalies": ["stale_timestamp: 1762077018.309999 vs 1764665480.2531116"], "data_sample": {"price": 0.16722, "volume": 8.0}}}
{"timestamp": "2025-12-02T08:51:20.269157+00:00", "level": "WARNING", "module": "logger", "funcName": "_log", "lineno": 188, "event_type": "streaming_indicator_engine.data_anomalies_detected", "data": {"symbol": "ARIA_USDT", "timestamp": 1762077025.309999, "anomalies": ["stale_timestamp: 1762077025.309999 vs 1764665480.2691576"], "data_sample": {"price": 0.16726, "volume": 5.0}}}
{"timestamp": "2025-12-02T08:51:20.283873+00:00", "level": "WARNING", "module": "logger", "funcName": "_log", "lineno": 188, "event_type": "streaming_indicator_engine.data_anomalies_detected", "data": {"symbol": "ARIA_USDT", "timestamp": 1762077033.311, "anomalies": ["stale_timestamp: 1762077033.311 vs 1764665480.2838738"], "data_sample": {"price": 0.16725, "volume": 4.0}}}
{"timestamp": "2025-12-02T08:51:20.299035+00:00", "level": "WARNING", "module": "logger", "funcName": "_log", "lineno": 188, "event_type": "streaming_indicator_engine.data_anomalies_detected", "data": {"symbol": "ARIA_USDT", "timestamp": 1762077042.309999, "anomalies": ["stale_timestamp: 1762077042.309999 vs 1764665480.2990353"], "data_sample": {"price": 0.16724, "volume": 4.0}}}
{"timestamp": "2025-12-02T08:51:20.314969+00:00", "level": "WARNING", "module": "logger", "funcName": "_log", "lineno": 188, "event_type": "streaming_indicator_engine.data_anomalies_detected", "data": {"symbol": "ARIA_USDT", "timestamp": 1762077051.309999, "anomalies": ["stale_timestamp: 1762077051.309999 vs 1764665480.3149693"], "data_sample": {"price": 0.16725, "volume": 4.0}}}
{"timestamp": "2025-12-02T08:51:20.332053+00:00", "level": "WARNING", "module": "logger", "funcName": "_log", "lineno": 188, "event_type": "streaming_indicator_engine.data_anomalies_detected", "data": {"symbol": "ARIA_USDT", "timestamp": 1762077057.312999, "anomalies": ["stale_timestamp: 1762077057.312999 vs 1764665480.3307068"], "data_sample": {"price": 0.16726, "volume": 3.0}}}
{"timestamp": "2025-12-02T08:51:20.347211+00:00", "level": "WARNING", "module": "logger", "funcName": "_log", "lineno": 188, "event_type": "streaming_indicator_engine.data_anomalies_detected", "data": {"symbol": "ARIA_USDT", "timestamp": 1762077067.316999, "anomalies": ["stale_timestamp: 1762077067.316999 vs 1764665480.3472114"], "data_sample": {"price": 0.16725, "volume": 8.0}}}
{"timestamp": "2025-12-02T08:51:20.363068+00:00", "level": "WARNING", "module": "logger", "funcName": "_log", "lineno": 188, "event_type": "streaming_indicator_engine.data_anomalies_detected", "data": {"symbol": "ARIA_USDT", "timestamp": 1762077081.308, "anomalies": ["stale_timestamp: 1762077081.308 vs 1764665480.3620348"], "data_sample": {"price": 0.16714, "volume": 6.0}}}
{"timestamp": "2025-12-02T08:51:20.377621+00:00", "level": "WARNING", "module": "logger", "funcName": "_log", "lineno": 188, "event_type": "streaming_indicator_engine.data_anomalies_detected", "data": {"symbol": "ARIA_USDT", "timestamp": 1762077089.311, "anomalies": ["stale_timestamp: 1762077089.311 vs 1764665480.3776214"], "data_sample": {"price": 0.16711, "volume": 4.0}}}
{"timestamp": "2025-12-02T08:51:20.393468+00:00", "level": "WARNING", "module": "logger", "funcName": "_log", "lineno": 188, "event_type": "streaming_indicator_engine.data_anomalies_detected", "data": {"symbol": "ARIA_USDT", "timestamp": 1762077098.311, "anomalies": ["stale_timestamp: 1762077098.311 vs 1764665480.3934684"], "data_sample": {"price": 0.16702, "volume": 4.0}}}
{"timestamp": "2025-12-02T08:51:20.409163+00:00", "level": "WARNING", "module": "logger", "funcName": "_log", "lineno": 188, "event_type": "streaming_indicator_engine.data_anomalies_detected", "data": {"symbol": "ARIA_USDT", "timestamp": 1762077107.335, "anomalies": ["stale_timestamp: 1762077107.335 vs 1764665480.4082623"], "data_sample": {"price": 0.167, "volume": 26.0}}}
{"timestamp": "2025-12-02T08:51:20.424215+00:00", "level": "WARNING", "module": "logger", "funcName": "_log", "lineno": 188, "event_type": "streaming_indicator_engine.data_anomalies_detected", "data": {"symbol": "ARIA_USDT", "timestamp": 1762077121.309999, "anomalies": ["stale_timestamp: 1762077121.309999 vs 1764665480.4232142"], "data_sample": {"price": 0.16704, "volume": 8.0}}}
{"timestamp": "2025-12-02T08:51:20.438068+00:00", "level": "WARNING", "module": "logger", "funcName": "_log", "lineno": 188, "event_type": "streaming_indicator_engine.data_anomalies_detected", "data": {"symbol": "ARIA_USDT", "timestamp": 1762077123.420999, "anomalies": ["stale_timestamp: 1762077123.420999 vs 1764665480.438069"], "data_sample": {"price": 0.167, "volume": 59.0}}}
{"timestamp": "2025-12-02T08:51:20.453123+00:00", "level": "WARNING", "module": "logger", "funcName": "_log", "lineno": 188, "event_type": "streaming_indicator_engine.data_anomalies_detected", "data": {"symbol": "ARIA_USDT", "timestamp": 1762077139.311, "anomalies": ["stale_timestamp: 1762077139.311 vs 1764665480.4531233"], "data_sample": {"price": 0.16703, "volume": 5.0}}}
{"timestamp": "2025-12-02T08:51:20.469299+00:00", "level": "WARNING", "module": "logger", "funcName": "_log", "lineno": 188, "event_type": "streaming_indicator_engine.data_anomalies_detected", "data": {"symbol": "ARIA_USDT", "timestamp": 1762077152.308999, "anomalies": ["stale_timestamp: 1762077152.308999 vs 1764665480.4692996"], "data_sample": {"price": 0.16708, "volume": 9.0}}}
{"timestamp": "2025-12-02T08:51:20.484819+00:00", "level": "WARNING", "module": "logger", "funcName": "_log", "lineno": 188, "event_type": "streaming_indicator_engine.data_anomalies_detected", "data": {"symbol": "ARIA_USDT", "timestamp": 1762077163.309999, "anomalies": ["stale_timestamp: 1762077163.309999 vs 1764665480.4848197"], "data_sample": {"price": 0.16713, "volume": 11.0}}}
{"timestamp": "2025-12-02T08:51:20.500655+00:00", "level": "WARNING", "module": "logger", "funcName": "_log", "lineno": 188, "event_type": "streaming_indicator_engine.data_anomalies_detected", "data": {"symbol": "ARIA_USDT", "timestamp": 1762077172.309999, "anomalies": ["stale_timestamp: 1762077172.309999 vs 1764665480.5006552"], "data_sample": {"price": 0.16706, "volume": 12.0}}}
{"timestamp": "2025-12-02T08:51:20.516164+00:00", "level": "WARNING", "module": "logger", "funcName": "_log", "lineno": 188, "event_type": "streaming_indicator_engine.data_anomalies_detected", "data": {"symbol": "ARIA_USDT", "timestamp": 1762077187.312999, "anomalies": ["stale_timestamp: 1762077187.312999 vs 1764665480.5161645"], "data_sample": {"price": 0.16705, "volume": 4.0}}}
{"timestamp": "2025-12-02T08:51:20.531587+00:00", "level": "WARNING", "module": "logger", "funcName": "_log", "lineno": 188, "event_type": "streaming_indicator_engine.data_anomalies_detected", "data": {"symbol": "ARIA_USDT", "timestamp": 1762077203.309999, "anomalies": ["stale_timestamp: 1762077203.309999 vs 1764665480.5315876"], "data_sample": {"price": 0.16703, "volume": 6.0}}}
{"timestamp": "2025-12-02T08:51:20.549189+00:00", "level": "WARNING", "module": "logger", "funcName": "_log", "lineno": 188, "event_type": "streaming_indicator_engine.data_anomalies_detected", "data": {"symbol": "ARIA_USDT", "timestamp": 1762077211.312, "anomalies": ["stale_timestamp: 1762077211.312 vs 1764665480.5476727"], "data_sample": {"price": 0.16707, "volume": 9.0}}}
{"timestamp": "2025-12-02T08:51:20.564846+00:00", "level": "WARNING", "module": "logger", "funcName": "_log", "lineno": 188, "event_type": "streaming_indicator_engine.data_anomalies_detected", "data": {"symbol": "ARIA_USDT", "timestamp": 1762077227.312999, "anomalies": ["stale_timestamp: 1762077227.312999 vs 1764665480.5648463"], "data_sample": {"price": 0.16704, "volume": 4.0}}}
{"timestamp": "2025-12-02T08:51:20.579127+00:00", "level": "WARNING", "module": "logger", "funcName": "_log", "lineno": 188, "event_type": "streaming_indicator_engine.data_anomalies_detected", "data": {"symbol": "ARIA_USDT", "timestamp": 1762077234.308999, "anomalies": ["stale_timestamp: 1762077234.308999 vs 1764665480.579127"], "data_sample": {"price": 0.16708, "volume": 8.0}}}
{"timestamp": "2025-12-02T08:51:20.609595+00:00", "level": "WARNING", "module": "logger", "funcName": "_log", "lineno": 188, "event_type": "streaming_indicator_engine.data_anomalies_detected", "data": {"symbol": "ARIA_USDT", "timestamp": 1762077247.312999, "anomalies": ["stale_timestamp: 1762077247.312999 vs 1764665480.6090887"], "data_sample": {"price": 0.16705, "volume": 7.0}}}
{"timestamp": "2025-12-02T08:51:20.624160+00:00", "level": "WARNING", "module": "logger", "funcName": "_log", "lineno": 188, "event_type": "streaming_indicator_engine.data_anomalies_detected", "data": {"symbol": "ARIA_USDT", "timestamp": 1762077263.309999, "anomalies": ["stale_timestamp: 1762077263.309999 vs 1764665480.62416"], "data_sample": {"price": 0.16704, "volume": 7.0}}}
{"timestamp": "2025-12-02T08:51:20.639474+00:00", "level": "WARNING", "module": "logger", "funcName": "_log", "lineno": 188, "event_type": "streaming_indicator_engine.data_anomalies_detected", "data": {"symbol": "ARIA_USDT", "timestamp": 1762077274.309999, "anomalies": ["stale_timestamp: 1762077274.309999 vs 1764665480.6394746"], "data_sample": {"price": 0.16709, "volume": 4.0}}}
{"timestamp": "2025-12-02T08:51:20.655186+00:00", "level": "WARNING", "module": "logger", "funcName": "_log", "lineno": 188, "event_type": "streaming_indicator_engine.data_anomalies_detected", "data": {"symbol": "ARIA_USDT", "timestamp": 1762077281.311, "anomalies": ["stale_timestamp: 1762077281.311 vs 1764665480.6551862"], "data_sample": {"price": 0.16713, "volume": 12.0}}}
{"timestamp": "2025-12-02T08:51:20.670654+00:00", "level": "WARNING", "module": "logger", "funcName": "_log", "lineno": 188, "event_type": "streaming_indicator_engine.data_anomalies_detected", "data": {"symbol": "ARIA_USDT", "timestamp": 1762077290.312, "anomalies": ["stale_timestamp: 1762077290.312 vs 1764665480.6706545"], "data_sample": {"price": 0.16709, "volume": 8.0}}}
{"timestamp": "2025-12-02T08:51:20.686182+00:00", "level": "WARNING", "module": "logger", "funcName": "_log", "lineno": 188, "event_type": "streaming_indicator_engine.data_anomalies_detected", "data": {"symbol": "ARIA_USDT", "timestamp": 1762077299.312, "anomalies": ["stale_timestamp: 1762077299.312 vs 1764665480.6861827"], "data_sample": {"price": 0.16706, "volume": 8.0}}}
{"timestamp": "2025-12-02T08:51:20.701376+00:00", "level": "WARNING", "module": "logger", "funcName": "_log", "lineno": 188, "event_type": "streaming_indicator_engine.data_anomalies_detected", "data": {"symbol": "ARIA_USDT", "timestamp": 1762077309.309999, "anomalies": ["stale_timestamp: 1762077309.309999 vs 1764665480.7013762"], "data_sample": {"price": 0.16705, "volume": 6.0}}}
{"timestamp": "2025-12-02T08:51:20.717262+00:00", "level": "WARNING", "module": "logger", "funcName": "_log", "lineno": 188, "event_type": "streaming_indicator_engine.data_anomalies_detected", "data": {"symbol": "ARIA_USDT", "timestamp": 1762077318.312, "anomalies": ["stale_timestamp: 1762077318.312 vs 1764665480.7172623"], "data_sample": {"price": 0.16706, "volume": 9.0}}}
{"timestamp": "2025-12-02T08:51:20.719889+00:00", "level": "INFO", "module": "logger", "funcName": "_log", "lineno": 188, "event_type": "strategy_manager.indicator_update_received", "data": {"symbol": "ARIA_USDT", "indicator_name": "11b8be00-eed3-48fe-b359-df47b297226c_20", "indicator_type": "", "value": -0.00034923579605879797, "active_strategies_for_symbol": true, "active_count": 3}}
{"timestamp": "2025-12-02T08:51:20.720889+00:00", "level": "WARNING", "module": "logger", "funcName": "_log", "lineno": 188, "event_type": "streaming_indicator_engine.data_anomalies_detected", "data": {"symbol": "ARIA_USDT", "timestamp": 1762077324.309999, "anomalies": ["stale_timestamp: 1762077324.309999 vs 1764665480.7198896"], "data_sample": {"price": 0.1671, "volume": 5.0}}}
{"timestamp": "2025-12-02T08:51:20.720889+00:00", "level": "WARNING", "module": "logger", "funcName": "_log", "lineno": 188, "event_type": "streaming_indicator_engine.data_anomalies_detected", "data": {"symbol": "ARIA_USDT", "timestamp": 1762077335.309999, "anomalies": ["stale_timestamp: 1762077335.309999 vs 1764665480.7208898"], "data_sample": {"price": 0.16709, "volume": 4.0}}}
{"timestamp": "2025-12-02T08:51:20.721896+00:00", "level": "WARNING", "module": "logger", "funcName": "_log", "lineno": 188, "event_type": "streaming_indicator_engine.data_anomalies_detected", "data": {"symbol": "ARIA_USDT", "timestamp": 1762077351.309999, "anomalies": ["stale_timestamp: 1762077351.309999 vs 1764665480.7218966"], "data_sample": {"price": 0.1671, "volume": 3.0}}}
{"timestamp": "2025-12-02T08:51:20.722898+00:00", "level": "WARNING", "module": "logger", "funcName": "_log", "lineno": 188, "event_type": "streaming_indicator_engine.data_anomalies_detected", "data": {"symbol": "ARIA_USDT", "timestamp": 1762077362.309999, "anomalies": ["stale_timestamp: 1762077362.309999 vs 1764665480.7228982"], "data_sample": {"price": 0.16716, "volume": 5.0}}}
{"timestamp": "2025-12-02T08:51:20.723897+00:00", "level": "WARNING", "module": "logger", "funcName": "_log", "lineno": 188, "event_type": "streaming_indicator_engine.data_anomalies_detected", "data": {"symbol": "ARIA_USDT", "timestamp": 1762077376.309999, "anomalies": ["stale_timestamp: 1762077376.309999 vs 1764665480.723898"], "data_sample": {"price": 0.16724, "volume": 11.0}}}
{"timestamp": "2025-12-02T08:51:20.724899+00:00", "level": "INFO", "module": "logger", "funcName": "_log", "lineno": 188, "event_type": "strategy_manager.indicator_update_received", "data": {"symbol": "ARIA_USDT", "indicator_name": "11b8be00-eed3-48fe-b359-df47b297226c_20", "indicator_type": "", "value": -0.00034923579605879797, "active_strategies_for_symbol": true, "active_count": 3}}
{"timestamp": "2025-12-02T08:51:20.724899+00:00", "level": "WARNING", "module": "logger", "funcName": "_log", "lineno": 188, "event_type": "streaming_indicator_engine.data_anomalies_detected", "data": {"symbol": "ARIA_USDT", "timestamp": 1762077387.309999, "anomalies": ["stale_timestamp: 1762077387.309999 vs 1764665480.7248993"], "data_sample": {"price": 0.16726, "volume": 11.0}}}
{"timestamp": "2025-12-02T08:51:20.725895+00:00", "level": "WARNING", "module": "logger", "funcName": "_log", "lineno": 188, "event_type": "streaming_indicator_engine.data_anomalies_detected", "data": {"symbol": "ARIA_USDT", "timestamp": 1762077395.309999, "anomalies": ["stale_timestamp: 1762077395.309999 vs 1764665480.7258956"], "data_sample": {"price": 0.16728, "volume": 3.0}}}
{"timestamp": "2025-12-02T08:51:20.726897+00:00", "level": "WARNING", "module": "logger", "funcName": "_log", "lineno": 188, "event_type": "streaming_indicator_engine.data_anomalies_detected", "data": {"symbol": "ARIA_USDT", "timestamp": 1762077402.309999, "anomalies": ["stale_timestamp: 1762077402.309999 vs 1764665480.726898"], "data_sample": {"price": 0.1673, "volume": 10.0}}}
{"timestamp": "2025-12-02T08:51:20.728014+00:00", "level": "WARNING", "module": "logger", "funcName": "_log", "lineno": 188, "event_type": "streaming_indicator_engine.data_anomalies_detected", "data": {"symbol": "ARIA_USDT", "timestamp": 1762077412.311, "anomalies": ["stale_timestamp: 1762077412.311 vs 1764665480.7280147"], "data_sample": {"price": 0.16729, "volume": 7.0}}}
{"timestamp": "2025-12-02T08:51:20.729023+00:00", "level": "WARNING", "module": "logger", "funcName": "_log", "lineno": 188, "event_type": "streaming_indicator_engine.data_anomalies_detected", "data": {"symbol": "ARIA_USDT", "timestamp": 1762077421.309999, "anomalies": ["stale_timestamp: 1762077421.309999 vs 1764665480.729023"], "data_sample": {"price": 0.16727, "volume": 4.0}}}
{"timestamp": "2025-12-02T08:51:20.740450+00:00", "level": "WARNING", "module": "logger", "funcName": "_log", "lineno": 188, "event_type": "streaming_indicator_engine.data_anomalies_detected", "data": {"symbol": "ARIA_USDT", "timestamp": 1762076372.312999, "anomalies": ["stale_timestamp: 1762076372.312999 vs 1764665480.7404504"], "data_sample": {"price": 0.1671, "volume": 3.0}}}
{"timestamp": "2025-12-02T08:51:20.765495+00:00", "level": "WARNING", "module": "logger", "funcName": "_log", "lineno": 188, "event_type": "streaming_indicator_engine.data_anomalies_detected", "data": {"symbol": "ARIA_USDT", "timestamp": 1762076381.309999, "anomalies": ["stale_timestamp: 1762076381.309999 vs 1764665480.7644987"], "data_sample": {"price": 0.16715, "volume": 8.0}}}
{"timestamp": "2025-12-02T08:51:20.782091+00:00", "level": "WARNING", "module": "logger", "funcName": "_log", "lineno": 188, "event_type": "streaming_indicator_engine.data_anomalies_detected", "data": {"symbol": "ARIA_USDT", "timestamp": 1762076388.311, "anomalies": ["stale_timestamp: 1762076388.311 vs 1764665480.7810986"], "data_sample": {"price": 0.16714, "volume": 9.0}}}
{"timestamp": "2025-12-02T08:51:20.795288+00:00", "level": "WARNING", "module": "logger", "funcName": "_log", "lineno": 188, "event_type": "streaming_indicator_engine.data_anomalies_detected", "data": {"symbol": "ARIA_USDT", "timestamp": 1762076401.309999, "anomalies": ["stale_timestamp: 1762076401.309999 vs 1764665480.7952886"], "data_sample": {"price": 0.16717, "volume": 7.0}}}
{"timestamp": "2025-12-02T08:51:20.810543+00:00", "level": "WARNING", "module": "logger", "funcName": "_log", "lineno": 188, "event_type": "streaming_indicator_engine.data_anomalies_detected", "data": {"symbol": "ARIA_USDT", "timestamp": 1762076408.312, "anomalies": ["stale_timestamp: 1762076408.312 vs 1764665480.8105433"], "data_sample": {"price": 0.16713, "volume": 3.0}}}
{"timestamp": "2025-12-02T08:51:20.826042+00:00", "level": "WARNING", "module": "logger", "funcName": "_log", "lineno": 188, "event_type": "streaming_indicator_engine.data_anomalies_detected", "data": {"symbol": "ARIA_USDT", "timestamp": 1762076417.311, "anomalies": ["stale_timestamp: 1762076417.311 vs 1764665480.8260427"], "data_sample": {"price": 0.16708, "volume": 3.0}}}
{"timestamp": "2025-12-02T08:51:20.841031+00:00", "level": "WARNING", "module": "logger", "funcName": "_log", "lineno": 188, "event_type": "streaming_indicator_engine.data_anomalies_detected", "data": {"symbol": "ARIA_USDT", "timestamp": 1762076427.308999, "anomalies": ["stale_timestamp: 1762076427.308999 vs 1764665480.8410313"], "data_sample": {"price": 0.16707, "volume": 12.0}}}
{"timestamp": "2025-12-02T08:51:20.856565+00:00", "level": "WARNING", "module": "logger", "funcName": "_log", "lineno": 188, "event_type": "streaming_indicator_engine.data_anomalies_detected", "data": {"symbol": "ARIA_USDT", "timestamp": 1762076435.309999, "anomalies": ["stale_timestamp: 1762076435.309999 vs 1764665480.8565657"], "data_sample": {"price": 0.1671, "volume": 4.0}}}
{"timestamp": "2025-12-02T08:51:20.872423+00:00", "level": "WARNING", "module": "logger", "funcName": "_log", "lineno": 188, "event_type": "streaming_indicator_engine.data_anomalies_detected", "data": {"symbol": "ARIA_USDT", "timestamp": 1762076447.309999, "anomalies": ["stale_timestamp: 1762076447.309999 vs 1764665480.8724236"], "data_sample": {"price": 0.16708, "volume": 9.0}}}
{"timestamp": "2025-12-02T08:51:20.888091+00:00", "level": "WARNING", "module": "logger", "funcName": "_log", "lineno": 188, "event_type": "streaming_indicator_engine.data_anomalies_detected", "data": {"symbol": "ARIA_USDT", "timestamp": 1762076462.309999, "anomalies": ["stale_timestamp: 1762076462.309999 vs 1764665480.8880913"], "data_sample": {"price": 0.16726, "volume": 10.0}}}
{"timestamp": "2025-12-02T08:51:20.903628+00:00", "level": "WARNING", "module": "logger", "funcName": "_log", "lineno": 188, "event_type": "streaming_indicator_engine.data_anomalies_detected", "data": {"symbol": "ARIA_USDT", "timestamp": 1762076476.308999, "anomalies": ["stale_timestamp: 1762076476.308999 vs 1764665480.9036283"], "data_sample": {"price": 0.16745, "volume": 9.0}}}
{"timestamp": "2025-12-02T08:51:20.919213+00:00", "level": "WARNING", "module": "logger", "funcName": "_log", "lineno": 188, "event_type": "streaming_indicator_engine.data_anomalies_detected", "data": {"symbol": "ARIA_USDT", "timestamp": 1762076490.311, "anomalies": ["stale_timestamp: 1762076490.311 vs 1764665480.919213"], "data_sample": {"price": 0.16766, "volume": 7.0}}}
{"timestamp": "2025-12-02T08:51:20.934753+00:00", "level": "WARNING", "module": "logger", "funcName": "_log", "lineno": 188, "event_type": "streaming_indicator_engine.data_anomalies_detected", "data": {"symbol": "ARIA_USDT", "timestamp": 1762076501.311, "anomalies": ["stale_timestamp: 1762076501.311 vs 1764665480.934754"], "data_sample": {"price": 0.16763, "volume": 5.0}}}
{"timestamp": "2025-12-02T08:51:20.949902+00:00", "level": "WARNING", "module": "logger", "funcName": "_log", "lineno": 188, "event_type": "streaming_indicator_engine.data_anomalies_detected", "data": {"symbol": "ARIA_USDT", "timestamp": 1762076514.408999, "anomalies": ["stale_timestamp: 1762076514.408999 vs 1764665480.949902"], "data_sample": {"price": 0.16766, "volume": 10.0}}}
{"timestamp": "2025-12-02T08:51:20.965455+00:00", "level": "WARNING", "module": "logger", "funcName": "_log", "lineno": 188, "event_type": "streaming_indicator_engine.data_anomalies_detected", "data": {"symbol": "ARIA_USDT", "timestamp": 1762076520.311, "anomalies": ["stale_timestamp: 1762076520.311 vs 1764665480.9654558"], "data_sample": {"price": 0.1677, "volume": 9.0}}}
{"timestamp": "2025-12-02T08:51:20.982588+00:00", "level": "WARNING", "module": "logger", "funcName": "_log", "lineno": 188, "event_type": "streaming_indicator_engine.data_anomalies_detected", "data": {"symbol": "ARIA_USDT", "timestamp": 1762076531.311, "anomalies": ["stale_timestamp: 1762076531.311 vs 1764665480.9815965"], "data_sample": {"price": 0.16778, "volume": 10.0}}}
{"timestamp": "2025-12-02T08:51:20.996859+00:00", "level": "WARNING", "module": "logger", "funcName": "_log", "lineno": 188, "event_type": "streaming_indicator_engine.data_anomalies_detected", "data": {"symbol": "ARIA_USDT", "timestamp": 1762076537.311, "anomalies": ["stale_timestamp: 1762076537.311 vs 1764665480.9968593"], "data_sample": {"price": 0.16777, "volume": 10.0}}}
{"timestamp": "2025-12-02T08:51:21.012010+00:00", "level": "WARNING", "module": "logger", "funcName": "_log", "lineno": 188, "event_type": "streaming_indicator_engine.data_anomalies_detected", "data": {"symbol": "ARIA_USDT", "timestamp": 1762076543.312, "anomalies": ["stale_timestamp: 1762076543.312 vs 1764665481.0120108"], "data_sample": {"price": 0.16765, "volume": 8.0}}}
{"timestamp": "2025-12-02T08:51:21.027872+00:00", "level": "WARNING", "module": "logger", "funcName": "_log", "lineno": 188, "event_type": "streaming_indicator_engine.data_anomalies_detected", "data": {"symbol": "ARIA_USDT", "timestamp": 1762076551.311, "anomalies": ["stale_timestamp: 1762076551.311 vs 1764665481.0278728"], "data_sample": {"price": 0.16776, "volume": 7.0}}}
{"timestamp": "2025-12-02T08:51:21.042839+00:00", "level": "WARNING", "module": "logger", "funcName": "_log", "lineno": 188, "event_type": "streaming_indicator_engine.data_anomalies_detected", "data": {"symbol": "ARIA_USDT", "timestamp": 1762076567.313999, "anomalies": ["stale_timestamp: 1762076567.313999 vs 1764665481.0428398"], "data_sample": {"price": 0.16779, "volume": 4.0}}}
{"timestamp": "2025-12-02T08:51:21.058758+00:00", "level": "WARNING", "module": "logger", "funcName": "_log", "lineno": 188, "event_type": "streaming_indicator_engine.data_anomalies_detected", "data": {"symbol": "ARIA_USDT", "timestamp": 1762076582.312999, "anomalies": ["stale_timestamp: 1762076582.312999 vs 1764665481.0582507"], "data_sample": {"price": 0.16774, "volume": 4.0}}}
{"timestamp": "2025-12-02T08:51:21.059771+00:00", "level": "WARNING", "module": "logger", "funcName": "_log", "lineno": 188, "event_type": "streaming_indicator_engine.data_anomalies_detected", "data": {"symbol": "ARIA_USDT", "timestamp": 1762076595.309999, "anomalies": ["stale_timestamp: 1762076595.309999 vs 1764665481.059772"], "data_sample": {"price": 0.16776, "volume": 10.0}}}
{"timestamp": "2025-12-02T08:51:21.073726+00:00", "level": "WARNING", "module": "logger", "funcName": "_log", "lineno": 188, "event_type": "streaming_indicator_engine.data_anomalies_detected", "data": {"symbol": "ARIA_USDT", "timestamp": 1762076606.309999, "anomalies": ["stale_timestamp: 1762076606.309999 vs 1764665481.0737267"], "data_sample": {"price": 0.16772, "volume": 9.0}}}
{"timestamp": "2025-12-02T08:51:21.090635+00:00", "level": "WARNING", "module": "logger", "funcName": "_log", "lineno": 188, "event_type": "streaming_indicator_engine.data_anomalies_detected", "data": {"symbol": "ARIA_USDT", "timestamp": 1762076620.309999, "anomalies": ["stale_timestamp: 1762076620.309999 vs 1764665481.0893354"], "data_sample": {"price": 0.16764, "volume": 5.0}}}
{"timestamp": "2025-12-02T08:51:21.104918+00:00", "level": "WARNING", "module": "logger", "funcName": "_log", "lineno": 188, "event_type": "streaming_indicator_engine.data_anomalies_detected", "data": {"symbol": "ARIA_USDT", "timestamp": 1762076628.311, "anomalies": ["stale_timestamp: 1762076628.311 vs 1764665481.1049185"], "data_sample": {"price": 0.16761, "volume": 7.0}}}
{"timestamp": "2025-12-02T08:51:21.119960+00:00", "level": "WARNING", "module": "logger", "funcName": "_log", "lineno": 188, "event_type": "streaming_indicator_engine.data_anomalies_detected", "data": {"symbol": "ARIA_USDT", "timestamp": 1762076638.312999, "anomalies": ["stale_timestamp: 1762076638.312999 vs 1764665481.1199608"], "data_sample": {"price": 0.16763, "volume": 10.0}}}
{"timestamp": "2025-12-02T08:51:21.135567+00:00", "level": "WARNING", "module": "logger", "funcName": "_log", "lineno": 188, "event_type": "streaming_indicator_engine.data_anomalies_detected", "data": {"symbol": "ARIA_USDT", "timestamp": 1762076647.309999, "anomalies": ["stale_timestamp: 1762076647.309999 vs 1764665481.1355674"], "data_sample": {"price": 0.16762, "volume": 4.0}}}
{"timestamp": "2025-12-02T08:51:21.151526+00:00", "level": "WARNING", "module": "logger", "funcName": "_log", "lineno": 188, "event_type": "streaming_indicator_engine.data_anomalies_detected", "data": {"symbol": "ARIA_USDT", "timestamp": 1762076653.309999, "anomalies": ["stale_timestamp: 1762076653.309999 vs 1764665481.1515267"], "data_sample": {"price": 0.16761, "volume": 9.0}}}
{"timestamp": "2025-12-02T08:51:21.167124+00:00", "level": "WARNING", "module": "logger", "funcName": "_log", "lineno": 188, "event_type": "streaming_indicator_engine.data_anomalies_detected", "data": {"symbol": "ARIA_USDT", "timestamp": 1762076666.309999, "anomalies": ["stale_timestamp: 1762076666.309999 vs 1764665481.1671247"], "data_sample": {"price": 0.16763, "volume": 9.0}}}
{"timestamp": "2025-12-02T08:51:21.183300+00:00", "level": "WARNING", "module": "logger", "funcName": "_log", "lineno": 188, "event_type": "streaming_indicator_engine.data_anomalies_detected", "data": {"symbol": "ARIA_USDT", "timestamp": 1762076672.308999, "anomalies": ["stale_timestamp: 1762076672.308999 vs 1764665481.1833005"], "data_sample": {"price": 0.16762, "volume": 9.0}}}
{"timestamp": "2025-12-02T08:51:21.198810+00:00", "level": "WARNING", "module": "logger", "funcName": "_log", "lineno": 188, "event_type": "streaming_indicator_engine.data_anomalies_detected", "data": {"symbol": "ARIA_USDT", "timestamp": 1762076685.309999, "anomalies": ["stale_timestamp: 1762076685.309999 vs 1764665481.1983008"], "data_sample": {"price": 0.16732, "volume": 9.0}}}
{"timestamp": "2025-12-02T08:51:21.215548+00:00", "level": "WARNING", "module": "logger", "funcName": "_log", "lineno": 188, "event_type": "streaming_indicator_engine.data_anomalies_detected", "data": {"symbol": "ARIA_USDT", "timestamp": 1762076699.311, "anomalies": ["stale_timestamp: 1762076699.311 vs 1764665481.2145388"], "data_sample": {"price": 0.16737, "volume": 11.0}}}
{"timestamp": "2025-12-02T08:51:21.229084+00:00", "level": "WARNING", "module": "logger", "funcName": "_log", "lineno": 188, "event_type": "streaming_indicator_engine.data_anomalies_detected", "data": {"symbol": "ARIA_USDT", "timestamp": 1762076713.309999, "anomalies": ["stale_timestamp: 1762076713.309999 vs 1764665481.2290845"], "data_sample": {"price": 0.16735, "volume": 4.0}}}
{"timestamp": "2025-12-02T08:51:21.233547+00:00", "level": "INFO", "module": "logger", "funcName": "_log", "lineno": 188, "event_type": "strategy_manager.indicator_update_received", "data": {"symbol": "ARIA_USDT", "indicator_name": "611fad91-045d-408b-8822-f43428935033_20", "indicator_type": "", "value": -0.003693917514412383, "active_strategies_for_symbol": true, "active_count": 3}}
{"timestamp": "2025-12-02T08:51:21.235725+00:00", "level": "WARNING", "module": "logger", "funcName": "_log", "lineno": 188, "event_type": "streaming_indicator_engine.data_anomalies_detected", "data": {"symbol": "ARIA_USDT", "timestamp": 1762076728.311, "anomalies": ["stale_timestamp: 1762076728.311 vs 1764665481.2345476"], "data_sample": {"price": 0.16739, "volume": 9.0}}}
{"timestamp": "2025-12-02T08:51:21.236748+00:00", "level": "WARNING", "module": "logger", "funcName": "_log", "lineno": 188, "event_type": "streaming_indicator_engine.data_anomalies_detected", "data": {"symbol": "ARIA_USDT", "timestamp": 1762076734.308999, "anomalies": ["stale_timestamp: 1762076734.308999 vs 1764665481.2357252"], "data_sample": {"price": 0.16744, "volume": 9.0}}}
{"timestamp": "2025-12-02T08:51:21.237794+00:00", "level": "WARNING", "module": "logger", "funcName": "_log", "lineno": 188, "event_type": "streaming_indicator_engine.data_anomalies_detected", "data": {"symbol": "ARIA_USDT", "timestamp": 1762076750.309999, "anomalies": ["stale_timestamp: 1762076750.309999 vs 1764665481.2367482"], "data_sample": {"price": 0.16747, "volume": 10.0}}}
{"timestamp": "2025-12-02T08:51:21.237794+00:00", "level": "WARNING", "module": "logger", "funcName": "_log", "lineno": 188, "event_type": "streaming_indicator_engine.data_anomalies_detected", "data": {"symbol": "ARIA_USDT", "timestamp": 1762076759.311, "anomalies": ["stale_timestamp: 1762076759.311 vs 1764665481.2377944"], "data_sample": {"price": 0.16746, "volume": 10.0}}}
{"timestamp": "2025-12-02T08:51:21.238808+00:00", "level": "WARNING", "module": "logger", "funcName": "_log", "lineno": 188, "event_type": "streaming_indicator_engine.data_anomalies_detected", "data": {"symbol": "ARIA_USDT", "timestamp": 1762076767.309999, "anomalies": ["stale_timestamp: 1762076767.309999 vs 1764665481.2388082"], "data_sample": {"price": 0.16742, "volume": 8.0}}}
{"timestamp": "2025-12-02T08:51:21.239818+00:00", "level": "INFO", "module": "logger", "funcName": "_log", "lineno": 188, "event_type": "strategy_manager.indicator_update_received", "data": {"symbol": "ARIA_USDT", "indicator_name": "611fad91-045d-408b-8822-f43428935033_20", "indicator_type": "", "value": -0.003693917514412383, "active_strategies_for_symbol": true, "active_count": 3}}
{"timestamp": "2025-12-02T08:51:21.239818+00:00", "level": "WARNING", "module": "logger", "funcName": "_log", "lineno": 188, "event_type": "streaming_indicator_engine.data_anomalies_detected", "data": {"symbol": "ARIA_USDT", "timestamp": 1762076783.312, "anomalies": ["stale_timestamp: 1762076783.312 vs 1764665481.2398183"], "data_sample": {"price": 0.16745, "volume": 8.0}}}
{"timestamp": "2025-12-02T08:51:21.240817+00:00", "level": "WARNING", "module": "logger", "funcName": "_log", "lineno": 188, "event_type": "streaming_indicator_engine.data_anomalies_detected", "data": {"symbol": "ARIA_USDT", "timestamp": 1762076789.309999, "anomalies": ["stale_timestamp: 1762076789.309999 vs 1764665481.240818"], "data_sample": {"price": 0.16755, "volume": 9.0}}}
{"timestamp": "2025-12-02T08:51:21.240817+00:00", "level": "WARNING", "module": "logger", "funcName": "_log", "lineno": 188, "event_type": "streaming_indicator_engine.data_anomalies_detected", "data": {"symbol": "ARIA_USDT", "timestamp": 1762076803.311, "anomalies": ["stale_timestamp: 1762076803.311 vs 1764665481.240818"], "data_sample": {"price": 0.16758, "volume": 10.0}}}
{"timestamp": "2025-12-02T08:51:21.241820+00:00", "level": "WARNING", "module": "logger", "funcName": "_log", "lineno": 188, "event_type": "streaming_indicator_engine.data_anomalies_detected", "data": {"symbol": "ARIA_USDT", "timestamp": 1762076816.308999, "anomalies": ["stale_timestamp: 1762076816.308999 vs 1764665481.24182"], "data_sample": {"price": 0.16762, "volume": 9.0}}}
{"timestamp": "2025-12-02T08:51:21.241820+00:00", "level": "WARNING", "module": "logger", "funcName": "_log", "lineno": 188, "event_type": "streaming_indicator_engine.data_anomalies_detected", "data": {"symbol": "ARIA_USDT", "timestamp": 1762076825.312999, "anomalies": ["stale_timestamp: 1762076825.312999 vs 1764665481.24182"], "data_sample": {"price": 0.16751, "volume": 10.0}}}
{"timestamp": "2025-12-02T08:51:21.242817+00:00", "level": "WARNING", "module": "logger", "funcName": "_log", "lineno": 188, "event_type": "streaming_indicator_engine.data_anomalies_detected", "data": {"symbol": "ARIA_USDT", "timestamp": 1762076831.316999, "anomalies": ["stale_timestamp: 1762076831.316999 vs 1764665481.2428172"], "data_sample": {"price": 0.1674, "volume": 6.0}}}
{"timestamp": "2025-12-02T08:51:21.244837+00:00", "level": "INFO", "module": "logger", "funcName": "_log", "lineno": 188, "event_type": "strategy_manager.indicator_update_received", "data": {"symbol": "ARIA_USDT", "indicator_name": "5fc82998-9270-4b44-8312-f74ddd20a93d_20", "indicator_type": "", "value": 102.82364013619348, "active_strategies_for_symbol": true, "active_count": 3}}
{"timestamp": "2025-12-02T08:51:21.244837+00:00", "level": "WARNING", "module": "logger", "funcName": "_log", "lineno": 188, "event_type": "streaming_indicator_engine.data_anomalies_detected", "data": {"symbol": "ARIA_USDT", "timestamp": 1762076839.311, "anomalies": ["stale_timestamp: 1762076839.311 vs 1764665481.2448373"], "data_sample": {"price": 0.16741, "volume": 8.0}}}
{"timestamp": "2025-12-02T08:51:21.245827+00:00", "level": "WARNING", "module": "logger", "funcName": "_log", "lineno": 188, "event_type": "streaming_indicator_engine.data_anomalies_detected", "data": {"symbol": "ARIA_USDT", "timestamp": 1762076846.312, "anomalies": ["stale_timestamp: 1762076846.312 vs 1764665481.245827"], "data_sample": {"price": 0.1674, "volume": 6.0}}}
{"timestamp": "2025-12-02T08:51:21.247891+00:00", "level": "WARNING", "module": "logger", "funcName": "_log", "lineno": 188, "event_type": "streaming_indicator_engine.data_anomalies_detected", "data": {"symbol": "ARIA_USDT", "timestamp": 1762076859.309999, "anomalies": ["stale_timestamp: 1762076859.309999 vs 1764665481.2468183"], "data_sample": {"price": 0.16723, "volume": 5.0}}}
{"timestamp": "2025-12-02T08:51:21.252292+00:00", "level": "WARNING", "module": "logger", "funcName": "_log", "lineno": 188, "event_type": "streaming_indicator_engine.data_anomalies_detected", "data": {"symbol": "ARIA_USDT", "timestamp": 1762076870.309999, "anomalies": ["stale_timestamp: 1762076870.309999 vs 1764665481.2522924"], "data_sample": {"price": 0.16724, "volume": 9.0}}}
{"timestamp": "2025-12-02T08:51:21.253320+00:00", "level": "WARNING", "module": "logger", "funcName": "_log", "lineno": 188, "event_type": "streaming_indicator_engine.data_anomalies_detected", "data": {"symbol": "ARIA_USDT", "timestamp": 1762076878.309999, "anomalies": ["stale_timestamp: 1762076878.309999 vs 1764665481.253321"], "data_sample": {"price": 0.16731, "volume": 4.0}}}
{"timestamp": "2025-12-02T08:51:21.254291+00:00", "level": "WARNING", "module": "logger", "funcName": "_log", "lineno": 188, "event_type": "streaming_indicator_engine.data_anomalies_detected", "data": {"symbol": "ARIA_USDT", "timestamp": 1762076892.311, "anomalies": ["stale_timestamp: 1762076892.311 vs 1764665481.254292"], "data_sample": {"price": 0.16728, "volume": 9.0}}}
{"timestamp": "2025-12-02T08:51:21.256293+00:00", "level": "INFO", "module": "logger", "funcName": "_log", "lineno": 188, "event_type": "strategy_manager.indicator_update_received", "data": {"symbol": "ARIA_USDT", "indicator_name": "5fc82998-9270-4b44-8312-f74ddd20a93d_20", "indicator_type": "", "value": 102.82364013619348, "active_strategies_for_symbol": true, "active_count": 3}}
{"timestamp": "2025-12-02T08:51:21.257291+00:00", "level": "WARNING", "module": "logger", "funcName": "_log", "lineno": 188, "event_type": "streaming_indicator_engine.data_anomalies_detected", "data": {"symbol": "ARIA_USDT", "timestamp": 1762076900.309999, "anomalies": ["stale_timestamp: 1762076900.309999 vs 1764665481.256293"], "data_sample": {"price": 0.16731, "volume": 7.0}}}
{"timestamp": "2025-12-02T08:51:21.257291+00:00", "level": "WARNING", "module": "logger", "funcName": "_log", "lineno": 188, "event_type": "streaming_indicator_engine.data_anomalies_detected", "data": {"symbol": "ARIA_USDT", "timestamp": 1762076915.308999, "anomalies": ["stale_timestamp: 1762076915.308999 vs 1764665481.257291"], "data_sample": {"price": 0.16729, "volume": 4.0}}}
{"timestamp": "2025-12-02T08:51:21.258802+00:00", "level": "WARNING", "module": "logger", "funcName": "_log", "lineno": 188, "event_type": "streaming_indicator_engine.data_anomalies_detected", "data": {"symbol": "ARIA_USDT", "timestamp": 1762076929.309999, "anomalies": ["stale_timestamp: 1762076929.309999 vs 1764665481.257291"], "data_sample": {"price": 0.16725, "volume": 11.0}}}
{"timestamp": "2025-12-02T08:51:21.258802+00:00", "level": "WARNING", "module": "logger", "funcName": "_log", "lineno": 188, "event_type": "streaming_indicator_engine.data_anomalies_detected", "data": {"symbol": "ARIA_USDT", "timestamp": 1762076940.312999, "anomalies": ["stale_timestamp: 1762076940.312999 vs 1764665481.2588027"], "data_sample": {"price": 0.16733, "volume": 8.0}}}
{"timestamp": "2025-12-02T08:51:21.259812+00:00", "level": "WARNING", "module": "logger", "funcName": "_log", "lineno": 188, "event_type": "streaming_indicator_engine.data_anomalies_detected", "data": {"symbol": "ARIA_USDT", "timestamp": 1762076949.324999, "anomalies": ["stale_timestamp: 1762076949.324999 vs 1764665481.2588027"], "data_sample": {"price": 0.1673, "volume": 8.0}}}
{"timestamp": "2025-12-02T08:51:21.261814+00:00", "level": "INFO", "module": "logger", "funcName": "_log", "lineno": 188, "event_type": "strategy_manager.indicator_update_received", "data": {"symbol": "ARIA_USDT", "indicator_name": "790d8eed-dc95-43ff-b625-1205d256154b_20", "indicator_type": "", "value": 0.00034029326012036327, "active_strategies_for_symbol": true, "active_count": 3}}
{"timestamp": "2025-12-02T08:51:21.261814+00:00", "level": "WARNING", "module": "logger", "funcName": "_log", "lineno": 188, "event_type": "streaming_indicator_engine.data_anomalies_detected", "data": {"symbol": "ARIA_USDT", "timestamp": 1762076965.316, "anomalies": ["stale_timestamp: 1762076965.316 vs 1764665481.2618148"], "data_sample": {"price": 0.16729, "volume": 4.0}}}
{"timestamp": "2025-12-02T08:51:21.262810+00:00", "level": "WARNING", "module": "logger", "funcName": "_log", "lineno": 188, "event_type": "streaming_indicator_engine.data_anomalies_detected", "data": {"symbol": "ARIA_USDT", "timestamp": 1762076978.312, "anomalies": ["stale_timestamp: 1762076978.312 vs 1764665481.2628102"], "data_sample": {"price": 0.1673, "volume": 9.0}}}
{"timestamp": "2025-12-02T08:51:21.265870+00:00", "level": "WARNING", "module": "logger", "funcName": "_log", "lineno": 188, "event_type": "streaming_indicator_engine.data_anomalies_detected", "data": {"symbol": "ARIA_USDT", "timestamp": 1762076990.315, "anomalies": ["stale_timestamp: 1762076990.315 vs 1764665481.2648501"], "data_sample": {"price": 0.16733, "volume": 10.0}}}
{"timestamp": "2025-12-02T08:51:21.266861+00:00", "level": "WARNING", "module": "logger", "funcName": "_log", "lineno": 188, "event_type": "streaming_indicator_engine.data_anomalies_detected", "data": {"symbol": "ARIA_USDT", "timestamp": 1762076997.315, "anomalies": ["stale_timestamp: 1762076997.315 vs 1764665481.266862"], "data_sample": {"price": 0.16726, "volume": 12.0}}}
{"timestamp": "2025-12-02T08:51:21.267886+00:00", "level": "WARNING", "module": "logger", "funcName": "_log", "lineno": 188, "event_type": "streaming_indicator_engine.data_anomalies_detected", "data": {"symbol": "ARIA_USDT", "timestamp": 1762077007.309999, "anomalies": ["stale_timestamp: 1762077007.309999 vs 1764665481.2678862"], "data_sample": {"price": 0.16719, "volume": 4.0}}}
{"timestamp": "2025-12-02T08:51:21.268878+00:00", "level": "WARNING", "module": "logger", "funcName": "_log", "lineno": 188, "event_type": "streaming_indicator_engine.data_anomalies_detected", "data": {"symbol": "ARIA_USDT", "timestamp": 1762077018.309999, "anomalies": ["stale_timestamp: 1762077018.309999 vs 1764665481.268878"], "data_sample": {"price": 0.16722, "volume": 8.0}}}
{"timestamp": "2025-12-02T08:51:21.268878+00:00", "level": "INFO", "module": "logger", "funcName": "_log", "lineno": 188, "event_type": "strategy_manager.indicator_update_received", "data": {"symbol": "ARIA_USDT", "indicator_name": "790d8eed-dc95-43ff-b625-1205d256154b_20", "indicator_type": "", "value": 0.00034029326012036327, "active_strategies_for_symbol": true, "active_count": 3}}
{"timestamp": "2025-12-02T08:51:21.268878+00:00", "level": "WARNING", "module": "logger", "funcName": "_log", "lineno": 188, "event_type": "streaming_indicator_engine.data_anomalies_detected", "data": {"symbol": "ARIA_USDT", "timestamp": 1762077025.309999, "anomalies": ["stale_timestamp: 1762077025.309999 vs 1764665481.268878"], "data_sample": {"price": 0.16726, "volume": 5.0}}}
{"timestamp": "2025-12-02T08:51:21.270075+00:00", "level": "WARNING", "module": "logger", "funcName": "_log", "lineno": 188, "event_type": "streaming_indicator_engine.data_anomalies_detected", "data": {"symbol": "ARIA_USDT", "timestamp": 1762077033.311, "anomalies": ["stale_timestamp: 1762077033.311 vs 1764665481.2700753"], "data_sample": {"price": 0.16725, "volume": 4.0}}}
{"timestamp": "2025-12-02T08:51:21.270580+00:00", "level": "WARNING", "module": "logger", "funcName": "_log", "lineno": 188, "event_type": "streaming_indicator_engine.data_anomalies_detected", "data": {"symbol": "ARIA_USDT", "timestamp": 1762077042.309999, "anomalies": ["stale_timestamp: 1762077042.309999 vs 1764665481.2705805"], "data_sample": {"price": 0.16724, "volume": 4.0}}}
{"timestamp": "2025-12-02T08:51:21.270580+00:00", "level": "WARNING", "module": "logger", "funcName": "_log", "lineno": 188, "event_type": "streaming_indicator_engine.data_anomalies_detected", "data": {"symbol": "ARIA_USDT", "timestamp": 1762077051.309999, "anomalies": ["stale_timestamp: 1762077051.309999 vs 1764665481.2705805"], "data_sample": {"price": 0.16725, "volume": 4.0}}}
{"timestamp": "2025-12-02T08:51:21.271588+00:00", "level": "WARNING", "module": "logger", "funcName": "_log", "lineno": 188, "event_type": "streaming_indicator_engine.data_anomalies_detected", "data": {"symbol": "ARIA_USDT", "timestamp": 1762077057.312999, "anomalies": ["stale_timestamp: 1762077057.312999 vs 1764665481.2715888"], "data_sample": {"price": 0.16726, "volume": 3.0}}}
{"timestamp": "2025-12-02T08:51:21.271588+00:00", "level": "WARNING", "module": "logger", "funcName": "_log", "lineno": 188, "event_type": "streaming_indicator_engine.data_anomalies_detected", "data": {"symbol": "ARIA_USDT", "timestamp": 1762077067.316999, "anomalies": ["stale_timestamp: 1762077067.316999 vs 1764665481.2715888"], "data_sample": {"price": 0.16725, "volume": 8.0}}}
{"timestamp": "2025-12-02T08:51:21.271588+00:00", "level": "WARNING", "module": "logger", "funcName": "_log", "lineno": 188, "event_type": "streaming_indicator_engine.data_anomalies_detected", "data": {"symbol": "ARIA_USDT", "timestamp": 1762077081.308, "anomalies": ["stale_timestamp: 1762077081.308 vs 1764665481.2715888"], "data_sample": {"price": 0.16714, "volume": 6.0}}}
{"timestamp": "2025-12-02T08:51:21.291110+00:00", "level": "WARNING", "module": "logger", "funcName": "_log", "lineno": 188, "event_type": "streaming_indicator_engine.data_anomalies_detected", "data": {"symbol": "ARIA_USDT", "timestamp": 1762077089.311, "anomalies": ["stale_timestamp: 1762077089.311 vs 1764665481.2911108"], "data_sample": {"price": 0.16711, "volume": 4.0}}}
{"timestamp": "2025-12-02T08:51:21.306178+00:00", "level": "WARNING", "module": "logger", "funcName": "_log", "lineno": 188, "event_type": "streaming_indicator_engine.data_anomalies_detected", "data": {"symbol": "ARIA_USDT", "timestamp": 1762077098.311, "anomalies": ["stale_timestamp: 1762077098.311 vs 1764665481.3061788"], "data_sample": {"price": 0.16702, "volume": 4.0}}}
{"timestamp": "2025-12-02T08:51:21.321263+00:00", "level": "WARNING", "module": "logger", "funcName": "_log", "lineno": 188, "event_type": "streaming_indicator_engine.data_anomalies_detected", "data": {"symbol": "ARIA_USDT", "timestamp": 1762077107.335, "anomalies": ["stale_timestamp: 1762077107.335 vs 1764665481.3212638"], "data_sample": {"price": 0.167, "volume": 26.0}}}
{"timestamp": "2025-12-02T08:51:21.336155+00:00", "level": "WARNING", "module": "logger", "funcName": "_log", "lineno": 188, "event_type": "streaming_indicator_engine.data_anomalies_detected", "data": {"symbol": "ARIA_USDT", "timestamp": 1762077121.309999, "anomalies": ["stale_timestamp: 1762077121.309999 vs 1764665481.3361554"], "data_sample": {"price": 0.16704, "volume": 8.0}}}
{"timestamp": "2025-12-02T08:51:21.351213+00:00", "level": "WARNING", "module": "logger", "funcName": "_log", "lineno": 188, "event_type": "streaming_indicator_engine.data_anomalies_detected", "data": {"symbol": "ARIA_USDT", "timestamp": 1762077123.420999, "anomalies": ["stale_timestamp: 1762077123.420999 vs 1764665481.3512135"], "data_sample": {"price": 0.167, "volume": 59.0}}}
{"timestamp": "2025-12-02T08:51:21.366305+00:00", "level": "WARNING", "module": "logger", "funcName": "_log", "lineno": 188, "event_type": "streaming_indicator_engine.data_anomalies_detected", "data": {"symbol": "ARIA_USDT", "timestamp": 1762077139.311, "anomalies": ["stale_timestamp: 1762077139.311 vs 1764665481.3663056"], "data_sample": {"price": 0.16703, "volume": 5.0}}}
{"timestamp": "2025-12-02T08:51:21.383271+00:00", "level": "WARNING", "module": "logger", "funcName": "_log", "lineno": 188, "event_type": "streaming_indicator_engine.data_anomalies_detected", "data": {"symbol": "ARIA_USDT", "timestamp": 1762077152.308999, "anomalies": ["stale_timestamp: 1762077152.308999 vs 1764665481.3832712"], "data_sample": {"price": 0.16708, "volume": 9.0}}}
{"timestamp": "2025-12-02T08:51:21.399898+00:00", "level": "WARNING", "module": "logger", "funcName": "_log", "lineno": 188, "event_type": "streaming_indicator_engine.data_anomalies_detected", "data": {"symbol": "ARIA_USDT", "timestamp": 1762077163.309999, "anomalies": ["stale_timestamp: 1762077163.309999 vs 1764665481.3998983"], "data_sample": {"price": 0.16713, "volume": 11.0}}}
{"timestamp": "2025-12-02T08:51:21.416837+00:00", "level": "WARNING", "module": "logger", "funcName": "_log", "lineno": 188, "event_type": "streaming_indicator_engine.data_anomalies_detected", "data": {"symbol": "ARIA_USDT", "timestamp": 1762077172.309999, "anomalies": ["stale_timestamp: 1762077172.309999 vs 1764665481.4168377"], "data_sample": {"price": 0.16706, "volume": 12.0}}}
{"timestamp": "2025-12-02T08:51:21.430998+00:00", "level": "WARNING", "module": "logger", "funcName": "_log", "lineno": 188, "event_type": "streaming_indicator_engine.data_anomalies_detected", "data": {"symbol": "ARIA_USDT", "timestamp": 1762077187.312999, "anomalies": ["stale_timestamp: 1762077187.312999 vs 1764665481.4299972"], "data_sample": {"price": 0.16705, "volume": 4.0}}}
{"timestamp": "2025-12-02T08:51:21.445504+00:00", "level": "WARNING", "module": "logger", "funcName": "_log", "lineno": 188, "event_type": "streaming_indicator_engine.data_anomalies_detected", "data": {"symbol": "ARIA_USDT", "timestamp": 1762077203.309999, "anomalies": ["stale_timestamp: 1762077203.309999 vs 1764665481.445504"], "data_sample": {"price": 0.16703, "volume": 6.0}}}
{"timestamp": "2025-12-02T08:51:21.460921+00:00", "level": "WARNING", "module": "logger", "funcName": "_log", "lineno": 188, "event_type": "streaming_indicator_engine.data_anomalies_detected", "data": {"symbol": "ARIA_USDT", "timestamp": 1762077211.312, "anomalies": ["stale_timestamp: 1762077211.312 vs 1764665481.4609215"], "data_sample": {"price": 0.16707, "volume": 9.0}}}
{"timestamp": "2025-12-02T08:51:21.476094+00:00", "level": "WARNING", "module": "logger", "funcName": "_log", "lineno": 188, "event_type": "streaming_indicator_engine.data_anomalies_detected", "data": {"symbol": "ARIA_USDT", "timestamp": 1762077227.312999, "anomalies": ["stale_timestamp: 1762077227.312999 vs 1764665481.4760942"], "data_sample": {"price": 0.16704, "volume": 4.0}}}
{"timestamp": "2025-12-02T08:51:21.491867+00:00", "level": "WARNING", "module": "logger", "funcName": "_log", "lineno": 188, "event_type": "streaming_indicator_engine.data_anomalies_detected", "data": {"symbol": "ARIA_USDT", "timestamp": 1762077234.308999, "anomalies": ["stale_timestamp: 1762077234.308999 vs 1764665481.491867"], "data_sample": {"price": 0.16708, "volume": 8.0}}}
{"timestamp": "2025-12-02T08:51:21.506932+00:00", "level": "WARNING", "module": "logger", "funcName": "_log", "lineno": 188, "event_type": "streaming_indicator_engine.data_anomalies_detected", "data": {"symbol": "ARIA_USDT", "timestamp": 1762077247.312999, "anomalies": ["stale_timestamp: 1762077247.312999 vs 1764665481.5069323"], "data_sample": {"price": 0.16705, "volume": 7.0}}}
{"timestamp": "2025-12-02T08:51:21.521898+00:00", "level": "WARNING", "module": "logger", "funcName": "_log", "lineno": 188, "event_type": "streaming_indicator_engine.data_anomalies_detected", "data": {"symbol": "ARIA_USDT", "timestamp": 1762077263.309999, "anomalies": ["stale_timestamp: 1762077263.309999 vs 1764665481.521898"], "data_sample": {"price": 0.16704, "volume": 7.0}}}
{"timestamp": "2025-12-02T08:51:21.537235+00:00", "level": "WARNING", "module": "logger", "funcName": "_log", "lineno": 188, "event_type": "streaming_indicator_engine.data_anomalies_detected", "data": {"symbol": "ARIA_USDT", "timestamp": 1762077274.309999, "anomalies": ["stale_timestamp: 1762077274.309999 vs 1764665481.537236"], "data_sample": {"price": 0.16709, "volume": 4.0}}}
{"timestamp": "2025-12-02T08:51:21.552576+00:00", "level": "WARNING", "module": "logger", "funcName": "_log", "lineno": 188, "event_type": "streaming_indicator_engine.data_anomalies_detected", "data": {"symbol": "ARIA_USDT", "timestamp": 1762077281.311, "anomalies": ["stale_timestamp: 1762077281.311 vs 1764665481.5525768"], "data_sample": {"price": 0.16713, "volume": 12.0}}}
{"timestamp": "2025-12-02T08:51:21.568846+00:00", "level": "WARNING", "module": "logger", "funcName": "_log", "lineno": 188, "event_type": "streaming_indicator_engine.data_anomalies_detected", "data": {"symbol": "ARIA_USDT", "timestamp": 1762077290.312, "anomalies": ["stale_timestamp: 1762077290.312 vs 1764665481.5688462"], "data_sample": {"price": 0.16709, "volume": 8.0}}}
{"timestamp": "2025-12-02T08:51:21.583797+00:00", "level": "WARNING", "module": "logger", "funcName": "_log", "lineno": 188, "event_type": "streaming_indicator_engine.data_anomalies_detected", "data": {"symbol": "ARIA_USDT", "timestamp": 1762077299.312, "anomalies": ["stale_timestamp: 1762077299.312 vs 1764665481.5837977"], "data_sample": {"price": 0.16706, "volume": 8.0}}}
{"timestamp": "2025-12-02T08:51:21.600650+00:00", "level": "WARNING", "module": "logger", "funcName": "_log", "lineno": 188, "event_type": "streaming_indicator_engine.data_anomalies_detected", "data": {"symbol": "ARIA_USDT", "timestamp": 1762077309.309999, "anomalies": ["stale_timestamp: 1762077309.309999 vs 1764665481.6006503"], "data_sample": {"price": 0.16705, "volume": 6.0}}}
      Status: running, Ticks: 0, Signals: 0
{"timestamp": "2025-12-02T08:51:21.602929+00:00", "level": "WARNING", "module": "logger", "funcName": "_log", "lineno": 188, "event_type": "streaming_indicator_engine.data_anomalies_detected", "data": {"symbol": "ARIA_USDT", "timestamp": 1762077318.312, "anomalies": ["stale_timestamp: 1762077318.312 vs 1764665481.6029294"], "data_sample": {"price": 0.16706, "volume": 9.0}}}
{"timestamp": "2025-12-02T08:51:21.629552+00:00", "level": "WARNING", "module": "logger", "funcName": "_log", "lineno": 188, "event_type": "streaming_indicator_engine.data_anomalies_detected", "data": {"symbol": "ARIA_USDT", "timestamp": 1762077324.309999, "anomalies": ["stale_timestamp: 1762077324.309999 vs 1764665481.6295521"], "data_sample": {"price": 0.1671, "volume": 5.0}}}
{"timestamp": "2025-12-02T08:51:21.644258+00:00", "level": "WARNING", "module": "logger", "funcName": "_log", "lineno": 188, "event_type": "streaming_indicator_engine.data_anomalies_detected", "data": {"symbol": "ARIA_USDT", "timestamp": 1762077335.309999, "anomalies": ["stale_timestamp: 1762077335.309999 vs 1764665481.6442587"], "data_sample": {"price": 0.16709, "volume": 4.0}}}
{"timestamp": "2025-12-02T08:51:21.659417+00:00", "level": "WARNING", "module": "logger", "funcName": "_log", "lineno": 188, "event_type": "streaming_indicator_engine.data_anomalies_detected", "data": {"symbol": "ARIA_USDT", "timestamp": 1762077351.309999, "anomalies": ["stale_timestamp: 1762077351.309999 vs 1764665481.6594176"], "data_sample": {"price": 0.1671, "volume": 3.0}}}
{"timestamp": "2025-12-02T08:51:21.675003+00:00", "level": "WARNING", "module": "logger", "funcName": "_log", "lineno": 188, "event_type": "streaming_indicator_engine.data_anomalies_detected", "data": {"symbol": "ARIA_USDT", "timestamp": 1762077362.309999, "anomalies": ["stale_timestamp: 1762077362.309999 vs 1764665481.675004"], "data_sample": {"price": 0.16716, "volume": 5.0}}}
{"timestamp": "2025-12-02T08:51:21.690187+00:00", "level": "WARNING", "module": "logger", "funcName": "_log", "lineno": 188, "event_type": "streaming_indicator_engine.data_anomalies_detected", "data": {"symbol": "ARIA_USDT", "timestamp": 1762077376.309999, "anomalies": ["stale_timestamp: 1762077376.309999 vs 1764665481.6901875"], "data_sample": {"price": 0.16724, "volume": 11.0}}}
{"timestamp": "2025-12-02T08:51:21.705191+00:00", "level": "WARNING", "module": "logger", "funcName": "_log", "lineno": 188, "event_type": "streaming_indicator_engine.data_anomalies_detected", "data": {"symbol": "ARIA_USDT", "timestamp": 1762077387.309999, "anomalies": ["stale_timestamp: 1762077387.309999 vs 1764665481.7051914"], "data_sample": {"price": 0.16726, "volume": 11.0}}}
{"timestamp": "2025-12-02T08:51:21.721324+00:00", "level": "WARNING", "module": "logger", "funcName": "_log", "lineno": 188, "event_type": "streaming_indicator_engine.data_anomalies_detected", "data": {"symbol": "ARIA_USDT", "timestamp": 1762077395.309999, "anomalies": ["stale_timestamp: 1762077395.309999 vs 1764665481.7213242"], "data_sample": {"price": 0.16728, "volume": 3.0}}}
{"timestamp": "2025-12-02T08:51:21.737038+00:00", "level": "WARNING", "module": "logger", "funcName": "_log", "lineno": 188, "event_type": "streaming_indicator_engine.data_anomalies_detected", "data": {"symbol": "ARIA_USDT", "timestamp": 1762077402.309999, "anomalies": ["stale_timestamp: 1762077402.309999 vs 1764665481.7370386"], "data_sample": {"price": 0.1673, "volume": 10.0}}}
{"timestamp": "2025-12-02T08:51:21.752794+00:00", "level": "WARNING", "module": "logger", "funcName": "_log", "lineno": 188, "event_type": "streaming_indicator_engine.data_anomalies_detected", "data": {"symbol": "ARIA_USDT", "timestamp": 1762077412.311, "anomalies": ["stale_timestamp: 1762077412.311 vs 1764665481.7527947"], "data_sample": {"price": 0.16729, "volume": 7.0}}}
{"timestamp": "2025-12-02T08:51:21.768947+00:00", "level": "WARNING", "module": "logger", "funcName": "_log", "lineno": 188, "event_type": "streaming_indicator_engine.data_anomalies_detected", "data": {"symbol": "ARIA_USDT", "timestamp": 1762077421.309999, "anomalies": ["stale_timestamp: 1762077421.309999 vs 1764665481.7689471"], "data_sample": {"price": 0.16727, "volume": 4.0}}}
{"timestamp": "2025-12-02T08:51:21.772030+00:00", "level": "INFO", "module": "logger", "funcName": "_log", "lineno": 188, "event_type": "strategy_manager.indicator_update_received", "data": {"symbol": "ARIA_USDT", "indicator_name": "11b8be00-eed3-48fe-b359-df47b297226c_20", "indicator_type": "", "value": 0.0013506874143189638, "active_strategies_for_symbol": true, "active_count": 3}}
{"timestamp": "2025-12-02T08:51:21.774945+00:00", "level": "INFO", "module": "logger", "funcName": "_log", "lineno": 188, "event_type": "strategy_manager.indicator_update_received", "data": {"symbol": "ARIA_USDT", "indicator_name": "11b8be00-eed3-48fe-b359-df47b297226c_20", "indicator_type": "", "value": 0.0013506874143189638, "active_strategies_for_symbol": true, "active_count": 3}}
{"timestamp": "2025-12-02T08:51:21.892085+00:00", "level": "WARNING", "module": "logger", "funcName": "_log", "lineno": 188, "event_type": "streaming_indicator_engine.data_anomalies_detected", "data": {"symbol": "ARIA_USDT", "timestamp": 1762076372.312999, "anomalies": ["stale_timestamp: 1762076372.312999 vs 1764665481.8920858"], "data_sample": {"price": 0.1671, "volume": 3.0}}}
{"timestamp": "2025-12-02T08:51:21.907270+00:00", "level": "WARNING", "module": "logger", "funcName": "_log", "lineno": 188, "event_type": "streaming_indicator_engine.data_anomalies_detected", "data": {"symbol": "ARIA_USDT", "timestamp": 1762076381.309999, "anomalies": ["stale_timestamp: 1762076381.309999 vs 1764665481.9072704"], "data_sample": {"price": 0.16715, "volume": 8.0}}}
{"timestamp": "2025-12-02T08:51:21.922791+00:00", "level": "WARNING", "module": "logger", "funcName": "_log", "lineno": 188, "event_type": "streaming_indicator_engine.data_anomalies_detected", "data": {"symbol": "ARIA_USDT", "timestamp": 1762076388.311, "anomalies": ["stale_timestamp: 1762076388.311 vs 1764665481.9227917"], "data_sample": {"price": 0.16714, "volume": 9.0}}}
{"timestamp": "2025-12-02T08:51:21.939224+00:00", "level": "WARNING", "module": "logger", "funcName": "_log", "lineno": 188, "event_type": "streaming_indicator_engine.data_anomalies_detected", "data": {"symbol": "ARIA_USDT", "timestamp": 1762076401.309999, "anomalies": ["stale_timestamp: 1762076401.309999 vs 1764665481.939224"], "data_sample": {"price": 0.16717, "volume": 7.0}}}
{"timestamp": "2025-12-02T08:51:21.954866+00:00", "level": "WARNING", "module": "logger", "funcName": "_log", "lineno": 188, "event_type": "streaming_indicator_engine.data_anomalies_detected", "data": {"symbol": "ARIA_USDT", "timestamp": 1762076408.312, "anomalies": ["stale_timestamp: 1762076408.312 vs 1764665481.9548662"], "data_sample": {"price": 0.16713, "volume": 3.0}}}
{"timestamp": "2025-12-02T08:51:21.970199+00:00", "level": "WARNING", "module": "logger", "funcName": "_log", "lineno": 188, "event_type": "streaming_indicator_engine.data_anomalies_detected", "data": {"symbol": "ARIA_USDT", "timestamp": 1762076417.311, "anomalies": ["stale_timestamp: 1762076417.311 vs 1764665481.9701998"], "data_sample": {"price": 0.16708, "volume": 3.0}}}
{"timestamp": "2025-12-02T08:51:21.985783+00:00", "level": "WARNING", "module": "logger", "funcName": "_log", "lineno": 188, "event_type": "streaming_indicator_engine.data_anomalies_detected", "data": {"symbol": "ARIA_USDT", "timestamp": 1762076427.308999, "anomalies": ["stale_timestamp: 1762076427.308999 vs 1764665481.9857836"], "data_sample": {"price": 0.16707, "volume": 12.0}}}
{"timestamp": "2025-12-02T08:51:22.001762+00:00", "level": "WARNING", "module": "logger", "funcName": "_log", "lineno": 188, "event_type": "streaming_indicator_engine.data_anomalies_detected", "data": {"symbol": "ARIA_USDT", "timestamp": 1762076435.309999, "anomalies": ["stale_timestamp: 1762076435.309999 vs 1764665482.0017626"], "data_sample": {"price": 0.1671, "volume": 4.0}}}
{"timestamp": "2025-12-02T08:51:22.017983+00:00", "level": "WARNING", "module": "logger", "funcName": "_log", "lineno": 188, "event_type": "streaming_indicator_engine.data_anomalies_detected", "data": {"symbol": "ARIA_USDT", "timestamp": 1762076447.309999, "anomalies": ["stale_timestamp: 1762076447.309999 vs 1764665482.0179834"], "data_sample": {"price": 0.16708, "volume": 9.0}}}
{"timestamp": "2025-12-02T08:51:22.034107+00:00", "level": "WARNING", "module": "logger", "funcName": "_log", "lineno": 188, "event_type": "streaming_indicator_engine.data_anomalies_detected", "data": {"symbol": "ARIA_USDT", "timestamp": 1762076462.309999, "anomalies": ["stale_timestamp: 1762076462.309999 vs 1764665482.0330932"], "data_sample": {"price": 0.16726, "volume": 10.0}}}
{"timestamp": "2025-12-02T08:51:22.050342+00:00", "level": "WARNING", "module": "logger", "funcName": "_log", "lineno": 188, "event_type": "streaming_indicator_engine.data_anomalies_detected", "data": {"symbol": "ARIA_USDT", "timestamp": 1762076476.308999, "anomalies": ["stale_timestamp: 1762076476.308999 vs 1764665482.0503426"], "data_sample": {"price": 0.16745, "volume": 9.0}}}
{"timestamp": "2025-12-02T08:51:22.078045+00:00", "level": "WARNING", "module": "logger", "funcName": "_log", "lineno": 188, "event_type": "streaming_indicator_engine.data_anomalies_detected", "data": {"symbol": "ARIA_USDT", "timestamp": 1762076490.311, "anomalies": ["stale_timestamp: 1762076490.311 vs 1764665482.0780451"], "data_sample": {"price": 0.16766, "volume": 7.0}}}
{"timestamp": "2025-12-02T08:51:22.079564+00:00", "level": "WARNING", "module": "logger", "funcName": "_log", "lineno": 188, "event_type": "streaming_indicator_engine.data_anomalies_detected", "data": {"symbol": "ARIA_USDT", "timestamp": 1762076501.311, "anomalies": ["stale_timestamp: 1762076501.311 vs 1764665482.0795643"], "data_sample": {"price": 0.16763, "volume": 5.0}}}
{"timestamp": "2025-12-02T08:51:22.093370+00:00", "level": "WARNING", "module": "logger", "funcName": "_log", "lineno": 188, "event_type": "streaming_indicator_engine.data_anomalies_detected", "data": {"symbol": "ARIA_USDT", "timestamp": 1762076514.408999, "anomalies": ["stale_timestamp: 1762076514.408999 vs 1764665482.0933702"], "data_sample": {"price": 0.16766, "volume": 10.0}}}
{"timestamp": "2025-12-02T08:51:22.109541+00:00", "level": "WARNING", "module": "logger", "funcName": "_log", "lineno": 188, "event_type": "streaming_indicator_engine.data_anomalies_detected", "data": {"symbol": "ARIA_USDT", "timestamp": 1762076520.311, "anomalies": ["stale_timestamp: 1762076520.311 vs 1764665482.109542"], "data_sample": {"price": 0.1677, "volume": 9.0}}}
{"timestamp": "2025-12-02T08:51:22.124862+00:00", "level": "WARNING", "module": "logger", "funcName": "_log", "lineno": 188, "event_type": "streaming_indicator_engine.data_anomalies_detected", "data": {"symbol": "ARIA_USDT", "timestamp": 1762076531.311, "anomalies": ["stale_timestamp: 1762076531.311 vs 1764665482.1248622"], "data_sample": {"price": 0.16778, "volume": 10.0}}}
{"timestamp": "2025-12-02T08:51:22.140871+00:00", "level": "WARNING", "module": "logger", "funcName": "_log", "lineno": 188, "event_type": "streaming_indicator_engine.data_anomalies_detected", "data": {"symbol": "ARIA_USDT", "timestamp": 1762076537.311, "anomalies": ["stale_timestamp: 1762076537.311 vs 1764665482.1408708"], "data_sample": {"price": 0.16777, "volume": 10.0}}}
{"timestamp": "2025-12-02T08:51:22.156356+00:00", "level": "WARNING", "module": "logger", "funcName": "_log", "lineno": 188, "event_type": "streaming_indicator_engine.data_anomalies_detected", "data": {"symbol": "ARIA_USDT", "timestamp": 1762076543.312, "anomalies": ["stale_timestamp: 1762076543.312 vs 1764665482.1563566"], "data_sample": {"price": 0.16765, "volume": 8.0}}}
{"timestamp": "2025-12-02T08:51:22.171776+00:00", "level": "WARNING", "module": "logger", "funcName": "_log", "lineno": 188, "event_type": "streaming_indicator_engine.data_anomalies_detected", "data": {"symbol": "ARIA_USDT", "timestamp": 1762076551.311, "anomalies": ["stale_timestamp: 1762076551.311 vs 1764665482.1717765"], "data_sample": {"price": 0.16776, "volume": 7.0}}}
{"timestamp": "2025-12-02T08:51:22.186982+00:00", "level": "WARNING", "module": "logger", "funcName": "_log", "lineno": 188, "event_type": "streaming_indicator_engine.data_anomalies_detected", "data": {"symbol": "ARIA_USDT", "timestamp": 1762076567.313999, "anomalies": ["stale_timestamp: 1762076567.313999 vs 1764665482.186982"], "data_sample": {"price": 0.16779, "volume": 4.0}}}
{"timestamp": "2025-12-02T08:51:22.201912+00:00", "level": "WARNING", "module": "logger", "funcName": "_log", "lineno": 188, "event_type": "streaming_indicator_engine.data_anomalies_detected", "data": {"symbol": "ARIA_USDT", "timestamp": 1762076582.312999, "anomalies": ["stale_timestamp: 1762076582.312999 vs 1764665482.2019122"], "data_sample": {"price": 0.16774, "volume": 4.0}}}
{"timestamp": "2025-12-02T08:51:22.219014+00:00", "level": "WARNING", "module": "logger", "funcName": "_log", "lineno": 188, "event_type": "streaming_indicator_engine.data_anomalies_detected", "data": {"symbol": "ARIA_USDT", "timestamp": 1762076595.309999, "anomalies": ["stale_timestamp: 1762076595.309999 vs 1764665482.2175"], "data_sample": {"price": 0.16776, "volume": 10.0}}}
{"timestamp": "2025-12-02T08:51:22.234454+00:00", "level": "WARNING", "module": "logger", "funcName": "_log", "lineno": 188, "event_type": "streaming_indicator_engine.data_anomalies_detected", "data": {"symbol": "ARIA_USDT", "timestamp": 1762076606.309999, "anomalies": ["stale_timestamp: 1762076606.309999 vs 1764665482.2334273"], "data_sample": {"price": 0.16772, "volume": 9.0}}}
{"timestamp": "2025-12-02T08:51:22.249991+00:00", "level": "WARNING", "module": "logger", "funcName": "_log", "lineno": 188, "event_type": "streaming_indicator_engine.data_anomalies_detected", "data": {"symbol": "ARIA_USDT", "timestamp": 1762076620.309999, "anomalies": ["stale_timestamp: 1762076620.309999 vs 1764665482.2499917"], "data_sample": {"price": 0.16764, "volume": 5.0}}}
{"timestamp": "2025-12-02T08:51:22.264917+00:00", "level": "WARNING", "module": "logger", "funcName": "_log", "lineno": 188, "event_type": "streaming_indicator_engine.data_anomalies_detected", "data": {"symbol": "ARIA_USDT", "timestamp": 1762076628.311, "anomalies": ["stale_timestamp: 1762076628.311 vs 1764665482.2649176"], "data_sample": {"price": 0.16761, "volume": 7.0}}}
{"timestamp": "2025-12-02T08:51:22.267930+00:00", "level": "INFO", "module": "logger", "funcName": "_log", "lineno": 188, "event_type": "strategy_manager.indicator_update_received", "data": {"symbol": "ARIA_USDT", "indicator_name": "611fad91-045d-408b-8822-f43428935033_20", "indicator_type": "", "value": -0.001629438818297473, "active_strategies_for_symbol": true, "active_count": 3}}
{"timestamp": "2025-12-02T08:51:22.268914+00:00", "level": "WARNING", "module": "logger", "funcName": "_log", "lineno": 188, "event_type": "streaming_indicator_engine.data_anomalies_detected", "data": {"symbol": "ARIA_USDT", "timestamp": 1762076638.312999, "anomalies": ["stale_timestamp: 1762076638.312999 vs 1764665482.2689147"], "data_sample": {"price": 0.16763, "volume": 10.0}}}
{"timestamp": "2025-12-02T08:51:22.269960+00:00", "level": "WARNING", "module": "logger", "funcName": "_log", "lineno": 188, "event_type": "streaming_indicator_engine.data_anomalies_detected", "data": {"symbol": "ARIA_USDT", "timestamp": 1762076647.309999, "anomalies": ["stale_timestamp: 1762076647.309999 vs 1764665482.2699609"], "data_sample": {"price": 0.16762, "volume": 4.0}}}
{"timestamp": "2025-12-02T08:51:22.269960+00:00", "level": "WARNING", "module": "logger", "funcName": "_log", "lineno": 188, "event_type": "streaming_indicator_engine.data_anomalies_detected", "data": {"symbol": "ARIA_USDT", "timestamp": 1762076653.309999, "anomalies": ["stale_timestamp: 1762076653.309999 vs 1764665482.2699609"], "data_sample": {"price": 0.16761, "volume": 9.0}}}
{"timestamp": "2025-12-02T08:51:22.269960+00:00", "level": "WARNING", "module": "logger", "funcName": "_log", "lineno": 188, "event_type": "streaming_indicator_engine.data_anomalies_detected", "data": {"symbol": "ARIA_USDT", "timestamp": 1762076666.309999, "anomalies": ["stale_timestamp: 1762076666.309999 vs 1764665482.2699609"], "data_sample": {"price": 0.16763, "volume": 9.0}}}
{"timestamp": "2025-12-02T08:51:22.271467+00:00", "level": "WARNING", "module": "logger", "funcName": "_log", "lineno": 188, "event_type": "streaming_indicator_engine.data_anomalies_detected", "data": {"symbol": "ARIA_USDT", "timestamp": 1762076672.308999, "anomalies": ["stale_timestamp: 1762076672.308999 vs 1764665482.2714674"], "data_sample": {"price": 0.16762, "volume": 9.0}}}
{"timestamp": "2025-12-02T08:51:22.271467+00:00", "level": "INFO", "module": "logger", "funcName": "_log", "lineno": 188, "event_type": "strategy_manager.indicator_update_received", "data": {"symbol": "ARIA_USDT", "indicator_name": "611fad91-045d-408b-8822-f43428935033_20", "indicator_type": "", "value": -0.001629438818297473, "active_strategies_for_symbol": true, "active_count": 3}}
{"timestamp": "2025-12-02T08:51:22.271467+00:00", "level": "WARNING", "module": "logger", "funcName": "_log", "lineno": 188, "event_type": "streaming_indicator_engine.data_anomalies_detected", "data": {"symbol": "ARIA_USDT", "timestamp": 1762076685.309999, "anomalies": ["stale_timestamp: 1762076685.309999 vs 1764665482.2714674"], "data_sample": {"price": 0.16732, "volume": 9.0}}}
{"timestamp": "2025-12-02T08:51:22.272476+00:00", "level": "WARNING", "module": "logger", "funcName": "_log", "lineno": 188, "event_type": "streaming_indicator_engine.data_anomalies_detected", "data": {"symbol": "ARIA_USDT", "timestamp": 1762076699.311, "anomalies": ["stale_timestamp: 1762076699.311 vs 1764665482.2724764"], "data_sample": {"price": 0.16737, "volume": 11.0}}}
{"timestamp": "2025-12-02T08:51:22.272476+00:00", "level": "WARNING", "module": "logger", "funcName": "_log", "lineno": 188, "event_type": "streaming_indicator_engine.data_anomalies_detected", "data": {"symbol": "ARIA_USDT", "timestamp": 1762076713.309999, "anomalies": ["stale_timestamp: 1762076713.309999 vs 1764665482.2724764"], "data_sample": {"price": 0.16735, "volume": 4.0}}}
{"timestamp": "2025-12-02T08:51:22.273472+00:00", "level": "WARNING", "module": "logger", "funcName": "_log", "lineno": 188, "event_type": "streaming_indicator_engine.data_anomalies_detected", "data": {"symbol": "ARIA_USDT", "timestamp": 1762076728.311, "anomalies": ["stale_timestamp: 1762076728.311 vs 1764665482.2734728"], "data_sample": {"price": 0.16739, "volume": 9.0}}}
{"timestamp": "2025-12-02T08:51:22.273472+00:00", "level": "WARNING", "module": "logger", "funcName": "_log", "lineno": 188, "event_type": "streaming_indicator_engine.data_anomalies_detected", "data": {"symbol": "ARIA_USDT", "timestamp": 1762076734.308999, "anomalies": ["stale_timestamp: 1762076734.308999 vs 1764665482.2734728"], "data_sample": {"price": 0.16744, "volume": 9.0}}}
{"timestamp": "2025-12-02T08:51:22.274476+00:00", "level": "WARNING", "module": "logger", "funcName": "_log", "lineno": 188, "event_type": "streaming_indicator_engine.data_anomalies_detected", "data": {"symbol": "ARIA_USDT", "timestamp": 1762076750.309999, "anomalies": ["stale_timestamp: 1762076750.309999 vs 1764665482.2744768"], "data_sample": {"price": 0.16747, "volume": 10.0}}}
{"timestamp": "2025-12-02T08:51:22.276472+00:00", "level": "INFO", "module": "logger", "funcName": "_log", "lineno": 188, "event_type": "strategy_manager.indicator_update_received", "data": {"symbol": "ARIA_USDT", "indicator_name": "5fc82998-9270-4b44-8312-f74ddd20a93d_20", "indicator_type": "", "value": 5.053873660757609, "active_strategies_for_symbol": true, "active_count": 3}}
{"timestamp": "2025-12-02T08:51:22.277480+00:00", "level": "WARNING", "module": "logger", "funcName": "_log", "lineno": 188, "event_type": "streaming_indicator_engine.data_anomalies_detected", "data": {"symbol": "ARIA_USDT", "timestamp": 1762076759.311, "anomalies": ["stale_timestamp: 1762076759.311 vs 1764665482.2774804"], "data_sample": {"price": 0.16746, "volume": 10.0}}}
{"timestamp": "2025-12-02T08:51:22.278991+00:00", "level": "WARNING", "module": "logger", "funcName": "_log", "lineno": 188, "event_type": "streaming_indicator_engine.data_anomalies_detected", "data": {"symbol": "ARIA_USDT", "timestamp": 1762076767.309999, "anomalies": ["stale_timestamp: 1762076767.309999 vs 1764665482.2789915"], "data_sample": {"price": 0.16742, "volume": 8.0}}}
{"timestamp": "2025-12-02T08:51:22.280002+00:00", "level": "WARNING", "module": "logger", "funcName": "_log", "lineno": 188, "event_type": "streaming_indicator_engine.data_anomalies_detected", "data": {"symbol": "ARIA_USDT", "timestamp": 1762076783.312, "anomalies": ["stale_timestamp: 1762076783.312 vs 1764665482.280002"], "data_sample": {"price": 0.16745, "volume": 8.0}}}
{"timestamp": "2025-12-02T08:51:22.280002+00:00", "level": "WARNING", "module": "logger", "funcName": "_log", "lineno": 188, "event_type": "streaming_indicator_engine.data_anomalies_detected", "data": {"symbol": "ARIA_USDT", "timestamp": 1762076789.309999, "anomalies": ["stale_timestamp: 1762076789.309999 vs 1764665482.280002"], "data_sample": {"price": 0.16755, "volume": 9.0}}}
{"timestamp": "2025-12-02T08:51:22.281013+00:00", "level": "WARNING", "module": "logger", "funcName": "_log", "lineno": 188, "event_type": "streaming_indicator_engine.data_anomalies_detected", "data": {"symbol": "ARIA_USDT", "timestamp": 1762076803.311, "anomalies": ["stale_timestamp: 1762076803.311 vs 1764665482.2810137"], "data_sample": {"price": 0.16758, "volume": 10.0}}}
{"timestamp": "2025-12-02T08:51:22.281013+00:00", "level": "WARNING", "module": "logger", "funcName": "_log", "lineno": 188, "event_type": "streaming_indicator_engine.data_anomalies_detected", "data": {"symbol": "ARIA_USDT", "timestamp": 1762076816.308999, "anomalies": ["stale_timestamp: 1762076816.308999 vs 1764665482.2810137"], "data_sample": {"price": 0.16762, "volume": 9.0}}}
{"timestamp": "2025-12-02T08:51:22.282009+00:00", "level": "INFO", "module": "logger", "funcName": "_log", "lineno": 188, "event_type": "strategy_manager.indicator_update_received", "data": {"symbol": "ARIA_USDT", "indicator_name": "5fc82998-9270-4b44-8312-f74ddd20a93d_20", "indicator_type": "", "value": 5.053873660757609, "active_strategies_for_symbol": true, "active_count": 3}}
{"timestamp": "2025-12-02T08:51:22.282009+00:00", "level": "WARNING", "module": "logger", "funcName": "_log", "lineno": 188, "event_type": "streaming_indicator_engine.data_anomalies_detected", "data": {"symbol": "ARIA_USDT", "timestamp": 1762076825.312999, "anomalies": ["stale_timestamp: 1762076825.312999 vs 1764665482.2820098"], "data_sample": {"price": 0.16751, "volume": 10.0}}}
{"timestamp": "2025-12-02T08:51:22.283009+00:00", "level": "WARNING", "module": "logger", "funcName": "_log", "lineno": 188, "event_type": "streaming_indicator_engine.data_anomalies_detected", "data": {"symbol": "ARIA_USDT", "timestamp": 1762076831.316999, "anomalies": ["stale_timestamp: 1762076831.316999 vs 1764665482.2820098"], "data_sample": {"price": 0.1674, "volume": 6.0}}}
{"timestamp": "2025-12-02T08:51:22.283009+00:00", "level": "WARNING", "module": "logger", "funcName": "_log", "lineno": 188, "event_type": "streaming_indicator_engine.data_anomalies_detected", "data": {"symbol": "ARIA_USDT", "timestamp": 1762076839.311, "anomalies": ["stale_timestamp: 1762076839.311 vs 1764665482.2830098"], "data_sample": {"price": 0.16741, "volume": 8.0}}}
{"timestamp": "2025-12-02T08:51:22.285032+00:00", "level": "WARNING", "module": "logger", "funcName": "_log", "lineno": 188, "event_type": "streaming_indicator_engine.data_anomalies_detected", "data": {"symbol": "ARIA_USDT", "timestamp": 1762076846.312, "anomalies": ["stale_timestamp: 1762076846.312 vs 1764665482.284044"], "data_sample": {"price": 0.1674, "volume": 6.0}}}
{"timestamp": "2025-12-02T08:51:22.285032+00:00", "level": "WARNING", "module": "logger", "funcName": "_log", "lineno": 188, "event_type": "streaming_indicator_engine.data_anomalies_detected", "data": {"symbol": "ARIA_USDT", "timestamp": 1762076859.309999, "anomalies": ["stale_timestamp: 1762076859.309999 vs 1764665482.2850323"], "data_sample": {"price": 0.16723, "volume": 5.0}}}
{"timestamp": "2025-12-02T08:51:22.286010+00:00", "level": "WARNING", "module": "logger", "funcName": "_log", "lineno": 188, "event_type": "streaming_indicator_engine.data_anomalies_detected", "data": {"symbol": "ARIA_USDT", "timestamp": 1762076870.309999, "anomalies": ["stale_timestamp: 1762076870.309999 vs 1764665482.2860103"], "data_sample": {"price": 0.16724, "volume": 9.0}}}
{"timestamp": "2025-12-02T08:51:22.287025+00:00", "level": "INFO", "module": "logger", "funcName": "_log", "lineno": 188, "event_type": "strategy_manager.indicator_update_received", "data": {"symbol": "ARIA_USDT", "indicator_name": "790d8eed-dc95-43ff-b625-1205d256154b_20", "indicator_type": "", "value": -0.004392957838595378, "active_strategies_for_symbol": true, "active_count": 3}}
{"timestamp": "2025-12-02T08:51:22.287025+00:00", "level": "WARNING", "module": "logger", "funcName": "_log", "lineno": 188, "event_type": "streaming_indicator_engine.data_anomalies_detected", "data": {"symbol": "ARIA_USDT", "timestamp": 1762076878.309999, "anomalies": ["stale_timestamp: 1762076878.309999 vs 1764665482.2870255"], "data_sample": {"price": 0.16731, "volume": 4.0}}}
{"timestamp": "2025-12-02T08:51:22.288007+00:00", "level": "WARNING", "module": "logger", "funcName": "_log", "lineno": 188, "event_type": "streaming_indicator_engine.data_anomalies_detected", "data": {"symbol": "ARIA_USDT", "timestamp": 1762076892.311, "anomalies": ["stale_timestamp: 1762076892.311 vs 1764665482.2880075"], "data_sample": {"price": 0.16728, "volume": 9.0}}}
{"timestamp": "2025-12-02T08:51:22.288007+00:00", "level": "WARNING", "module": "logger", "funcName": "_log", "lineno": 188, "event_type": "streaming_indicator_engine.data_anomalies_detected", "data": {"symbol": "ARIA_USDT", "timestamp": 1762076900.309999, "anomalies": ["stale_timestamp: 1762076900.309999 vs 1764665482.2880075"], "data_sample": {"price": 0.16731, "volume": 7.0}}}
{"timestamp": "2025-12-02T08:51:22.289007+00:00", "level": "WARNING", "module": "logger", "funcName": "_log", "lineno": 188, "event_type": "streaming_indicator_engine.data_anomalies_detected", "data": {"symbol": "ARIA_USDT", "timestamp": 1762076915.308999, "anomalies": ["stale_timestamp: 1762076915.308999 vs 1764665482.2890074"], "data_sample": {"price": 0.16729, "volume": 4.0}}}
{"timestamp": "2025-12-02T08:51:22.289513+00:00", "level": "WARNING", "module": "logger", "funcName": "_log", "lineno": 188, "event_type": "streaming_indicator_engine.data_anomalies_detected", "data": {"symbol": "ARIA_USDT", "timestamp": 1762076929.309999, "anomalies": ["stale_timestamp: 1762076929.309999 vs 1764665482.2895136"], "data_sample": {"price": 0.16725, "volume": 11.0}}}
{"timestamp": "2025-12-02T08:51:22.289513+00:00", "level": "INFO", "module": "logger", "funcName": "_log", "lineno": 188, "event_type": "strategy_manager.indicator_update_received", "data": {"symbol": "ARIA_USDT", "indicator_name": "790d8eed-dc95-43ff-b625-1205d256154b_20", "indicator_type": "", "value": -0.004392957838595378, "active_strategies_for_symbol": true, "active_count": 3}}
{"timestamp": "2025-12-02T08:51:22.290515+00:00", "level": "WARNING", "module": "logger", "funcName": "_log", "lineno": 188, "event_type": "streaming_indicator_engine.data_anomalies_detected", "data": {"symbol": "ARIA_USDT", "timestamp": 1762076940.312999, "anomalies": ["stale_timestamp: 1762076940.312999 vs 1764665482.2895136"], "data_sample": {"price": 0.16733, "volume": 8.0}}}
{"timestamp": "2025-12-02T08:51:22.290515+00:00", "level": "WARNING", "module": "logger", "funcName": "_log", "lineno": 188, "event_type": "streaming_indicator_engine.data_anomalies_detected", "data": {"symbol": "ARIA_USDT", "timestamp": 1762076949.324999, "anomalies": ["stale_timestamp: 1762076949.324999 vs 1764665482.290516"], "data_sample": {"price": 0.1673, "volume": 8.0}}}
{"timestamp": "2025-12-02T08:51:22.290515+00:00", "level": "WARNING", "module": "logger", "funcName": "_log", "lineno": 188, "event_type": "streaming_indicator_engine.data_anomalies_detected", "data": {"symbol": "ARIA_USDT", "timestamp": 1762076965.316, "anomalies": ["stale_timestamp: 1762076965.316 vs 1764665482.290516"], "data_sample": {"price": 0.16729, "volume": 4.0}}}
{"timestamp": "2025-12-02T08:51:22.291516+00:00", "level": "WARNING", "module": "logger", "funcName": "_log", "lineno": 188, "event_type": "streaming_indicator_engine.data_anomalies_detected", "data": {"symbol": "ARIA_USDT", "timestamp": 1762076978.312, "anomalies": ["stale_timestamp: 1762076978.312 vs 1764665482.2915163"], "data_sample": {"price": 0.1673, "volume": 9.0}}}
{"timestamp": "2025-12-02T08:51:22.291516+00:00", "level": "WARNING", "module": "logger", "funcName": "_log", "lineno": 188, "event_type": "streaming_indicator_engine.data_anomalies_detected", "data": {"symbol": "ARIA_USDT", "timestamp": 1762076990.315, "anomalies": ["stale_timestamp: 1762076990.315 vs 1764665482.2915163"], "data_sample": {"price": 0.16733, "volume": 10.0}}}
{"timestamp": "2025-12-02T08:51:22.292521+00:00", "level": "WARNING", "module": "logger", "funcName": "_log", "lineno": 188, "event_type": "streaming_indicator_engine.data_anomalies_detected", "data": {"symbol": "ARIA_USDT", "timestamp": 1762076997.315, "anomalies": ["stale_timestamp: 1762076997.315 vs 1764665482.292522"], "data_sample": {"price": 0.16726, "volume": 12.0}}}
{"timestamp": "2025-12-02T08:51:22.292521+00:00", "level": "WARNING", "module": "logger", "funcName": "_log", "lineno": 188, "event_type": "streaming_indicator_engine.data_anomalies_detected", "data": {"symbol": "ARIA_USDT", "timestamp": 1762077007.309999, "anomalies": ["stale_timestamp: 1762077007.309999 vs 1764665482.292522"], "data_sample": {"price": 0.16719, "volume": 4.0}}}
{"timestamp": "2025-12-02T08:51:22.311127+00:00", "level": "WARNING", "module": "logger", "funcName": "_log", "lineno": 188, "event_type": "streaming_indicator_engine.data_anomalies_detected", "data": {"symbol": "ARIA_USDT", "timestamp": 1762077018.309999, "anomalies": ["stale_timestamp: 1762077018.309999 vs 1764665482.3111277"], "data_sample": {"price": 0.16722, "volume": 8.0}}}
{"timestamp": "2025-12-02T08:51:22.326361+00:00", "level": "WARNING", "module": "logger", "funcName": "_log", "lineno": 188, "event_type": "streaming_indicator_engine.data_anomalies_detected", "data": {"symbol": "ARIA_USDT", "timestamp": 1762077025.309999, "anomalies": ["stale_timestamp: 1762077025.309999 vs 1764665482.3263614"], "data_sample": {"price": 0.16726, "volume": 5.0}}}
{"timestamp": "2025-12-02T08:51:22.341432+00:00", "level": "WARNING", "module": "logger", "funcName": "_log", "lineno": 188, "event_type": "streaming_indicator_engine.data_anomalies_detected", "data": {"symbol": "ARIA_USDT", "timestamp": 1762077033.311, "anomalies": ["stale_timestamp: 1762077033.311 vs 1764665482.3414326"], "data_sample": {"price": 0.16725, "volume": 4.0}}}
{"timestamp": "2025-12-02T08:51:22.357169+00:00", "level": "WARNING", "module": "logger", "funcName": "_log", "lineno": 188, "event_type": "streaming_indicator_engine.data_anomalies_detected", "data": {"symbol": "ARIA_USDT", "timestamp": 1762077042.309999, "anomalies": ["stale_timestamp: 1762077042.309999 vs 1764665482.3571692"], "data_sample": {"price": 0.16724, "volume": 4.0}}}
{"timestamp": "2025-12-02T08:51:22.372419+00:00", "level": "WARNING", "module": "logger", "funcName": "_log", "lineno": 188, "event_type": "streaming_indicator_engine.data_anomalies_detected", "data": {"symbol": "ARIA_USDT", "timestamp": 1762077051.309999, "anomalies": ["stale_timestamp: 1762077051.309999 vs 1764665482.3724196"], "data_sample": {"price": 0.16725, "volume": 4.0}}}
{"timestamp": "2025-12-02T08:51:22.387511+00:00", "level": "WARNING", "module": "logger", "funcName": "_log", "lineno": 188, "event_type": "streaming_indicator_engine.data_anomalies_detected", "data": {"symbol": "ARIA_USDT", "timestamp": 1762077057.312999, "anomalies": ["stale_timestamp: 1762077057.312999 vs 1764665482.3875115"], "data_sample": {"price": 0.16726, "volume": 3.0}}}
{"timestamp": "2025-12-02T08:51:22.402284+00:00", "level": "WARNING", "module": "logger", "funcName": "_log", "lineno": 188, "event_type": "streaming_indicator_engine.data_anomalies_detected", "data": {"symbol": "ARIA_USDT", "timestamp": 1762077067.316999, "anomalies": ["stale_timestamp: 1762077067.316999 vs 1764665482.4022849"], "data_sample": {"price": 0.16725, "volume": 8.0}}}
{"timestamp": "2025-12-02T08:51:22.419440+00:00", "level": "WARNING", "module": "logger", "funcName": "_log", "lineno": 188, "event_type": "streaming_indicator_engine.data_anomalies_detected", "data": {"symbol": "ARIA_USDT", "timestamp": 1762077081.308, "anomalies": ["stale_timestamp: 1762077081.308 vs 1764665482.41944"], "data_sample": {"price": 0.16714, "volume": 6.0}}}
{"timestamp": "2025-12-02T08:51:22.435578+00:00", "level": "WARNING", "module": "logger", "funcName": "_log", "lineno": 188, "event_type": "streaming_indicator_engine.data_anomalies_detected", "data": {"symbol": "ARIA_USDT", "timestamp": 1762077089.311, "anomalies": ["stale_timestamp: 1762077089.311 vs 1764665482.434173"], "data_sample": {"price": 0.16711, "volume": 4.0}}}
{"timestamp": "2025-12-02T08:51:22.448838+00:00", "level": "WARNING", "module": "logger", "funcName": "_log", "lineno": 188, "event_type": "streaming_indicator_engine.data_anomalies_detected", "data": {"symbol": "ARIA_USDT", "timestamp": 1762077098.311, "anomalies": ["stale_timestamp: 1762077098.311 vs 1764665482.4488385"], "data_sample": {"price": 0.16702, "volume": 4.0}}}
{"timestamp": "2025-12-02T08:51:22.464713+00:00", "level": "WARNING", "module": "logger", "funcName": "_log", "lineno": 188, "event_type": "streaming_indicator_engine.data_anomalies_detected", "data": {"symbol": "ARIA_USDT", "timestamp": 1762077107.335, "anomalies": ["stale_timestamp: 1762077107.335 vs 1764665482.4638195"], "data_sample": {"price": 0.167, "volume": 26.0}}}
{"timestamp": "2025-12-02T08:51:22.478777+00:00", "level": "WARNING", "module": "logger", "funcName": "_log", "lineno": 188, "event_type": "streaming_indicator_engine.data_anomalies_detected", "data": {"symbol": "ARIA_USDT", "timestamp": 1762077121.309999, "anomalies": ["stale_timestamp: 1762077121.309999 vs 1764665482.4787776"], "data_sample": {"price": 0.16704, "volume": 8.0}}}
{"timestamp": "2025-12-02T08:51:22.493989+00:00", "level": "WARNING", "module": "logger", "funcName": "_log", "lineno": 188, "event_type": "streaming_indicator_engine.data_anomalies_detected", "data": {"symbol": "ARIA_USDT", "timestamp": 1762077123.420999, "anomalies": ["stale_timestamp: 1762077123.420999 vs 1764665482.4939897"], "data_sample": {"price": 0.167, "volume": 59.0}}}
{"timestamp": "2025-12-02T08:51:22.509010+00:00", "level": "WARNING", "module": "logger", "funcName": "_log", "lineno": 188, "event_type": "streaming_indicator_engine.data_anomalies_detected", "data": {"symbol": "ARIA_USDT", "timestamp": 1762077139.311, "anomalies": ["stale_timestamp: 1762077139.311 vs 1764665482.5090103"], "data_sample": {"price": 0.16703, "volume": 5.0}}}
{"timestamp": "2025-12-02T08:51:22.524351+00:00", "level": "WARNING", "module": "logger", "funcName": "_log", "lineno": 188, "event_type": "streaming_indicator_engine.data_anomalies_detected", "data": {"symbol": "ARIA_USDT", "timestamp": 1762077152.308999, "anomalies": ["stale_timestamp: 1762077152.308999 vs 1764665482.5243518"], "data_sample": {"price": 0.16708, "volume": 9.0}}}
{"timestamp": "2025-12-02T08:51:22.539882+00:00", "level": "WARNING", "module": "logger", "funcName": "_log", "lineno": 188, "event_type": "streaming_indicator_engine.data_anomalies_detected", "data": {"symbol": "ARIA_USDT", "timestamp": 1762077163.309999, "anomalies": ["stale_timestamp: 1762077163.309999 vs 1764665482.5398824"], "data_sample": {"price": 0.16713, "volume": 11.0}}}
{"timestamp": "2025-12-02T08:51:22.555588+00:00", "level": "WARNING", "module": "logger", "funcName": "_log", "lineno": 188, "event_type": "streaming_indicator_engine.data_anomalies_detected", "data": {"symbol": "ARIA_USDT", "timestamp": 1762077172.309999, "anomalies": ["stale_timestamp: 1762077172.309999 vs 1764665482.555589"], "data_sample": {"price": 0.16706, "volume": 12.0}}}
{"timestamp": "2025-12-02T08:51:22.571600+00:00", "level": "WARNING", "module": "logger", "funcName": "_log", "lineno": 188, "event_type": "streaming_indicator_engine.data_anomalies_detected", "data": {"symbol": "ARIA_USDT", "timestamp": 1762077187.312999, "anomalies": ["stale_timestamp: 1762077187.312999 vs 1764665482.5716"], "data_sample": {"price": 0.16705, "volume": 4.0}}}
{"timestamp": "2025-12-02T08:51:22.586479+00:00", "level": "WARNING", "module": "logger", "funcName": "_log", "lineno": 188, "event_type": "streaming_indicator_engine.data_anomalies_detected", "data": {"symbol": "ARIA_USDT", "timestamp": 1762077203.309999, "anomalies": ["stale_timestamp: 1762077203.309999 vs 1764665482.58648"], "data_sample": {"price": 0.16703, "volume": 6.0}}}
{"timestamp": "2025-12-02T08:51:22.604659+00:00", "level": "WARNING", "module": "logger", "funcName": "_log", "lineno": 188, "event_type": "streaming_indicator_engine.data_anomalies_detected", "data": {"symbol": "ARIA_USDT", "timestamp": 1762077211.312, "anomalies": ["stale_timestamp: 1762077211.312 vs 1764665482.6022837"], "data_sample": {"price": 0.16707, "volume": 9.0}}}
{"timestamp": "2025-12-02T08:51:22.617666+00:00", "level": "WARNING", "module": "logger", "funcName": "_log", "lineno": 188, "event_type": "streaming_indicator_engine.data_anomalies_detected", "data": {"symbol": "ARIA_USDT", "timestamp": 1762077227.312999, "anomalies": ["stale_timestamp: 1762077227.312999 vs 1764665482.6176665"], "data_sample": {"price": 0.16704, "volume": 4.0}}}
{"timestamp": "2025-12-02T08:51:22.633164+00:00", "level": "WARNING", "module": "logger", "funcName": "_log", "lineno": 188, "event_type": "streaming_indicator_engine.data_anomalies_detected", "data": {"symbol": "ARIA_USDT", "timestamp": 1762077234.308999, "anomalies": ["stale_timestamp: 1762077234.308999 vs 1764665482.633164"], "data_sample": {"price": 0.16708, "volume": 8.0}}}
{"timestamp": "2025-12-02T08:51:22.652243+00:00", "level": "WARNING", "module": "logger", "funcName": "_log", "lineno": 188, "event_type": "streaming_indicator_engine.data_anomalies_detected", "data": {"symbol": "ARIA_USDT", "timestamp": 1762077247.312999, "anomalies": ["stale_timestamp: 1762077247.312999 vs 1764665482.6522436"], "data_sample": {"price": 0.16705, "volume": 7.0}}}
{"timestamp": "2025-12-02T08:51:22.680816+00:00", "level": "WARNING", "module": "logger", "funcName": "_log", "lineno": 188, "event_type": "streaming_indicator_engine.data_anomalies_detected", "data": {"symbol": "ARIA_USDT", "timestamp": 1762077263.309999, "anomalies": ["stale_timestamp: 1762077263.309999 vs 1764665482.6808162"], "data_sample": {"price": 0.16704, "volume": 7.0}}}
{"timestamp": "2025-12-02T08:51:22.696162+00:00", "level": "WARNING", "module": "logger", "funcName": "_log", "lineno": 188, "event_type": "streaming_indicator_engine.data_anomalies_detected", "data": {"symbol": "ARIA_USDT", "timestamp": 1762077274.309999, "anomalies": ["stale_timestamp: 1762077274.309999 vs 1764665482.6961627"], "data_sample": {"price": 0.16709, "volume": 4.0}}}
{"timestamp": "2025-12-02T08:51:22.716785+00:00", "level": "WARNING", "module": "logger", "funcName": "_log", "lineno": 188, "event_type": "streaming_indicator_engine.data_anomalies_detected", "data": {"symbol": "ARIA_USDT", "timestamp": 1762077281.311, "anomalies": ["stale_timestamp: 1762077281.311 vs 1764665482.7157521"], "data_sample": {"price": 0.16713, "volume": 12.0}}}
{"timestamp": "2025-12-02T08:51:22.742340+00:00", "level": "WARNING", "module": "logger", "funcName": "_log", "lineno": 188, "event_type": "streaming_indicator_engine.data_anomalies_detected", "data": {"symbol": "ARIA_USDT", "timestamp": 1762077290.312, "anomalies": ["stale_timestamp: 1762077290.312 vs 1764665482.7423406"], "data_sample": {"price": 0.16709, "volume": 8.0}}}
{"timestamp": "2025-12-02T08:51:22.757399+00:00", "level": "WARNING", "module": "logger", "funcName": "_log", "lineno": 188, "event_type": "streaming_indicator_engine.data_anomalies_detected", "data": {"symbol": "ARIA_USDT", "timestamp": 1762077299.312, "anomalies": ["stale_timestamp: 1762077299.312 vs 1764665482.7573993"], "data_sample": {"price": 0.16706, "volume": 8.0}}}
{"timestamp": "2025-12-02T08:51:22.773405+00:00", "level": "WARNING", "module": "logger", "funcName": "_log", "lineno": 188, "event_type": "streaming_indicator_engine.data_anomalies_detected", "data": {"symbol": "ARIA_USDT", "timestamp": 1762077309.309999, "anomalies": ["stale_timestamp: 1762077309.309999 vs 1764665482.7734056"], "data_sample": {"price": 0.16705, "volume": 6.0}}}
{"timestamp": "2025-12-02T08:51:22.789596+00:00", "level": "WARNING", "module": "logger", "funcName": "_log", "lineno": 188, "event_type": "streaming_indicator_engine.data_anomalies_detected", "data": {"symbol": "ARIA_USDT", "timestamp": 1762077318.312, "anomalies": ["stale_timestamp: 1762077318.312 vs 1764665482.7890847"], "data_sample": {"price": 0.16706, "volume": 9.0}}}
{"timestamp": "2025-12-02T08:51:22.790603+00:00", "level": "INFO", "module": "logger", "funcName": "_log", "lineno": 188, "event_type": "strategy_manager.indicator_update_received", "data": {"symbol": "ARIA_USDT", "indicator_name": "11b8be00-eed3-48fe-b359-df47b297226c_20", "indicator_type": "", "value": -0.00034923579605879797, "active_strategies_for_symbol": true, "active_count": 3}}
{"timestamp": "2025-12-02T08:51:22.791605+00:00", "level": "WARNING", "module": "logger", "funcName": "_log", "lineno": 188, "event_type": "streaming_indicator_engine.data_anomalies_detected", "data": {"symbol": "ARIA_USDT", "timestamp": 1762077324.309999, "anomalies": ["stale_timestamp: 1762077324.309999 vs 1764665482.7916055"], "data_sample": {"price": 0.1671, "volume": 5.0}}}
{"timestamp": "2025-12-02T08:51:22.791605+00:00", "level": "WARNING", "module": "logger", "funcName": "_log", "lineno": 188, "event_type": "streaming_indicator_engine.data_anomalies_detected", "data": {"symbol": "ARIA_USDT", "timestamp": 1762077335.309999, "anomalies": ["stale_timestamp: 1762077335.309999 vs 1764665482.7916055"], "data_sample": {"price": 0.16709, "volume": 4.0}}}
{"timestamp": "2025-12-02T08:51:22.792599+00:00", "level": "WARNING", "module": "logger", "funcName": "_log", "lineno": 188, "event_type": "streaming_indicator_engine.data_anomalies_detected", "data": {"symbol": "ARIA_USDT", "timestamp": 1762077351.309999, "anomalies": ["stale_timestamp: 1762077351.309999 vs 1764665482.7925992"], "data_sample": {"price": 0.1671, "volume": 3.0}}}
{"timestamp": "2025-12-02T08:51:22.792599+00:00", "level": "WARNING", "module": "logger", "funcName": "_log", "lineno": 188, "event_type": "streaming_indicator_engine.data_anomalies_detected", "data": {"symbol": "ARIA_USDT", "timestamp": 1762077362.309999, "anomalies": ["stale_timestamp: 1762077362.309999 vs 1764665482.7925992"], "data_sample": {"price": 0.16716, "volume": 5.0}}}
{"timestamp": "2025-12-02T08:51:22.792599+00:00", "level": "WARNING", "module": "logger", "funcName": "_log", "lineno": 188, "event_type": "streaming_indicator_engine.data_anomalies_detected", "data": {"symbol": "ARIA_USDT", "timestamp": 1762077376.309999, "anomalies": ["stale_timestamp: 1762077376.309999 vs 1764665482.7925992"], "data_sample": {"price": 0.16724, "volume": 11.0}}}
{"timestamp": "2025-12-02T08:51:22.792599+00:00", "level": "WARNING", "module": "logger", "funcName": "_log", "lineno": 188, "event_type": "streaming_indicator_engine.data_anomalies_detected", "data": {"symbol": "ARIA_USDT", "timestamp": 1762077387.309999, "anomalies": ["stale_timestamp: 1762077387.309999 vs 1764665482.7925992"], "data_sample": {"price": 0.16726, "volume": 11.0}}}
{"timestamp": "2025-12-02T08:51:22.794108+00:00", "level": "INFO", "module": "logger", "funcName": "_log", "lineno": 188, "event_type": "strategy_manager.indicator_update_received", "data": {"symbol": "ARIA_USDT", "indicator_name": "11b8be00-eed3-48fe-b359-df47b297226c_20", "indicator_type": "", "value": -0.00034923579605879797, "active_strategies_for_symbol": true, "active_count": 3}}
{"timestamp": "2025-12-02T08:51:22.794108+00:00", "level": "WARNING", "module": "logger", "funcName": "_log", "lineno": 188, "event_type": "streaming_indicator_engine.data_anomalies_detected", "data": {"symbol": "ARIA_USDT", "timestamp": 1762077395.309999, "anomalies": ["stale_timestamp: 1762077395.309999 vs 1764665482.7941089"], "data_sample": {"price": 0.16728, "volume": 3.0}}}
{"timestamp": "2025-12-02T08:51:22.794108+00:00", "level": "WARNING", "module": "logger", "funcName": "_log", "lineno": 188, "event_type": "streaming_indicator_engine.data_anomalies_detected", "data": {"symbol": "ARIA_USDT", "timestamp": 1762077402.309999, "anomalies": ["stale_timestamp: 1762077402.309999 vs 1764665482.7941089"], "data_sample": {"price": 0.1673, "volume": 10.0}}}
{"timestamp": "2025-12-02T08:51:22.795119+00:00", "level": "WARNING", "module": "logger", "funcName": "_log", "lineno": 188, "event_type": "streaming_indicator_engine.data_anomalies_detected", "data": {"symbol": "ARIA_USDT", "timestamp": 1762077412.311, "anomalies": ["stale_timestamp: 1762077412.311 vs 1764665482.795119"], "data_sample": {"price": 0.16729, "volume": 7.0}}}
{"timestamp": "2025-12-02T08:51:22.795119+00:00", "level": "WARNING", "module": "logger", "funcName": "_log", "lineno": 188, "event_type": "streaming_indicator_engine.data_anomalies_detected", "data": {"symbol": "ARIA_USDT", "timestamp": 1762077421.309999, "anomalies": ["stale_timestamp: 1762077421.309999 vs 1764665482.795119"], "data_sample": {"price": 0.16727, "volume": 4.0}}}
{"timestamp": "2025-12-02T08:51:22.807633+00:00", "level": "WARNING", "module": "logger", "funcName": "_log", "lineno": 188, "event_type": "streaming_indicator_engine.data_anomalies_detected", "data": {"symbol": "ARIA_USDT", "timestamp": 1762076372.312999, "anomalies": ["stale_timestamp: 1762076372.312999 vs 1764665482.807633"], "data_sample": {"price": 0.1671, "volume": 3.0}}}
{"timestamp": "2025-12-02T08:51:22.820679+00:00", "level": "WARNING", "module": "logger", "funcName": "_log", "lineno": 188, "event_type": "streaming_indicator_engine.data_anomalies_detected", "data": {"symbol": "ARIA_USDT", "timestamp": 1762076381.309999, "anomalies": ["stale_timestamp: 1762076381.309999 vs 1764665482.8206794"], "data_sample": {"price": 0.16715, "volume": 8.0}}}
{"timestamp": "2025-12-02T08:51:22.836632+00:00", "level": "WARNING", "module": "logger", "funcName": "_log", "lineno": 188, "event_type": "streaming_indicator_engine.data_anomalies_detected", "data": {"symbol": "ARIA_USDT", "timestamp": 1762076388.311, "anomalies": ["stale_timestamp: 1762076388.311 vs 1764665482.8366327"], "data_sample": {"price": 0.16714, "volume": 9.0}}}
{"timestamp": "2025-12-02T08:51:22.852665+00:00", "level": "WARNING", "module": "logger", "funcName": "_log", "lineno": 188, "event_type": "streaming_indicator_engine.data_anomalies_detected", "data": {"symbol": "ARIA_USDT", "timestamp": 1762076401.309999, "anomalies": ["stale_timestamp: 1762076401.309999 vs 1764665482.8516564"], "data_sample": {"price": 0.16717, "volume": 7.0}}}
{"timestamp": "2025-12-02T08:51:22.867165+00:00", "level": "WARNING", "module": "logger", "funcName": "_log", "lineno": 188, "event_type": "streaming_indicator_engine.data_anomalies_detected", "data": {"symbol": "ARIA_USDT", "timestamp": 1762076408.312, "anomalies": ["stale_timestamp: 1762076408.312 vs 1764665482.8671653"], "data_sample": {"price": 0.16713, "volume": 3.0}}}
{"timestamp": "2025-12-02T08:51:22.883209+00:00", "level": "WARNING", "module": "logger", "funcName": "_log", "lineno": 188, "event_type": "streaming_indicator_engine.data_anomalies_detected", "data": {"symbol": "ARIA_USDT", "timestamp": 1762076417.311, "anomalies": ["stale_timestamp: 1762076417.311 vs 1764665482.883209"], "data_sample": {"price": 0.16708, "volume": 3.0}}}
{"timestamp": "2025-12-02T08:51:22.899069+00:00", "level": "WARNING", "module": "logger", "funcName": "_log", "lineno": 188, "event_type": "streaming_indicator_engine.data_anomalies_detected", "data": {"symbol": "ARIA_USDT", "timestamp": 1762076427.308999, "anomalies": ["stale_timestamp: 1762076427.308999 vs 1764665482.899069"], "data_sample": {"price": 0.16707, "volume": 12.0}}}
{"timestamp": "2025-12-02T08:51:22.913895+00:00", "level": "WARNING", "module": "logger", "funcName": "_log", "lineno": 188, "event_type": "streaming_indicator_engine.data_anomalies_detected", "data": {"symbol": "ARIA_USDT", "timestamp": 1762076435.309999, "anomalies": ["stale_timestamp: 1762076435.309999 vs 1764665482.9138954"], "data_sample": {"price": 0.1671, "volume": 4.0}}}
{"timestamp": "2025-12-02T08:51:22.929884+00:00", "level": "WARNING", "module": "logger", "funcName": "_log", "lineno": 188, "event_type": "streaming_indicator_engine.data_anomalies_detected", "data": {"symbol": "ARIA_USDT", "timestamp": 1762076447.309999, "anomalies": ["stale_timestamp: 1762076447.309999 vs 1764665482.9298844"], "data_sample": {"price": 0.16708, "volume": 9.0}}}
{"timestamp": "2025-12-02T08:51:22.945005+00:00", "level": "WARNING", "module": "logger", "funcName": "_log", "lineno": 188, "event_type": "streaming_indicator_engine.data_anomalies_detected", "data": {"symbol": "ARIA_USDT", "timestamp": 1762076462.309999, "anomalies": ["stale_timestamp: 1762076462.309999 vs 1764665482.9450054"], "data_sample": {"price": 0.16726, "volume": 10.0}}}
{"timestamp": "2025-12-02T08:51:22.960151+00:00", "level": "WARNING", "module": "logger", "funcName": "_log", "lineno": 188, "event_type": "streaming_indicator_engine.data_anomalies_detected", "data": {"symbol": "ARIA_USDT", "timestamp": 1762076476.308999, "anomalies": ["stale_timestamp: 1762076476.308999 vs 1764665482.9601512"], "data_sample": {"price": 0.16745, "volume": 9.0}}}
{"timestamp": "2025-12-02T08:51:22.975300+00:00", "level": "WARNING", "module": "logger", "funcName": "_log", "lineno": 188, "event_type": "streaming_indicator_engine.data_anomalies_detected", "data": {"symbol": "ARIA_USDT", "timestamp": 1762076490.311, "anomalies": ["stale_timestamp: 1762076490.311 vs 1764665482.9753006"], "data_sample": {"price": 0.16766, "volume": 7.0}}}
{"timestamp": "2025-12-02T08:51:22.990581+00:00", "level": "WARNING", "module": "logger", "funcName": "_log", "lineno": 188, "event_type": "streaming_indicator_engine.data_anomalies_detected", "data": {"symbol": "ARIA_USDT", "timestamp": 1762076501.311, "anomalies": ["stale_timestamp: 1762076501.311 vs 1764665482.9905813"], "data_sample": {"price": 0.16763, "volume": 5.0}}}
{"timestamp": "2025-12-02T08:51:23.006114+00:00", "level": "WARNING", "module": "logger", "funcName": "_log", "lineno": 188, "event_type": "streaming_indicator_engine.data_anomalies_detected", "data": {"symbol": "ARIA_USDT", "timestamp": 1762076514.408999, "anomalies": ["stale_timestamp: 1762076514.408999 vs 1764665483.0061142"], "data_sample": {"price": 0.16766, "volume": 10.0}}}
{"timestamp": "2025-12-02T08:51:23.021366+00:00", "level": "WARNING", "module": "logger", "funcName": "_log", "lineno": 188, "event_type": "streaming_indicator_engine.data_anomalies_detected", "data": {"symbol": "ARIA_USDT", "timestamp": 1762076520.311, "anomalies": ["stale_timestamp: 1762076520.311 vs 1764665483.0213666"], "data_sample": {"price": 0.1677, "volume": 9.0}}}
{"timestamp": "2025-12-02T08:51:23.037057+00:00", "level": "WARNING", "module": "logger", "funcName": "_log", "lineno": 188, "event_type": "streaming_indicator_engine.data_anomalies_detected", "data": {"symbol": "ARIA_USDT", "timestamp": 1762076531.311, "anomalies": ["stale_timestamp: 1762076531.311 vs 1764665483.0370579"], "data_sample": {"price": 0.16778, "volume": 10.0}}}
{"timestamp": "2025-12-02T08:51:23.051819+00:00", "level": "WARNING", "module": "logger", "funcName": "_log", "lineno": 188, "event_type": "streaming_indicator_engine.data_anomalies_detected", "data": {"symbol": "ARIA_USDT", "timestamp": 1762076537.311, "anomalies": ["stale_timestamp: 1762076537.311 vs 1764665483.051819"], "data_sample": {"price": 0.16777, "volume": 10.0}}}
{"timestamp": "2025-12-02T08:51:23.067566+00:00", "level": "WARNING", "module": "logger", "funcName": "_log", "lineno": 188, "event_type": "streaming_indicator_engine.data_anomalies_detected", "data": {"symbol": "ARIA_USDT", "timestamp": 1762076543.312, "anomalies": ["stale_timestamp: 1762076543.312 vs 1764665483.0675662"], "data_sample": {"price": 0.16765, "volume": 8.0}}}
{"timestamp": "2025-12-02T08:51:23.071474+00:00", "level": "WARNING", "module": "logger", "funcName": "_log", "lineno": 188, "event_type": "streaming_indicator_engine.data_anomalies_detected", "data": {"symbol": "ARIA_USDT", "timestamp": 1762076551.311, "anomalies": ["stale_timestamp: 1762076551.311 vs 1764665483.0714743"], "data_sample": {"price": 0.16776, "volume": 7.0}}}
{"timestamp": "2025-12-02T08:51:23.071474+00:00", "level": "WARNING", "module": "logger", "funcName": "_log", "lineno": 188, "event_type": "streaming_indicator_engine.data_anomalies_detected", "data": {"symbol": "ARIA_USDT", "timestamp": 1762076567.313999, "anomalies": ["stale_timestamp: 1762076567.313999 vs 1764665483.0714743"], "data_sample": {"price": 0.16779, "volume": 4.0}}}
{"timestamp": "2025-12-02T08:51:23.082714+00:00", "level": "WARNING", "module": "logger", "funcName": "_log", "lineno": 188, "event_type": "streaming_indicator_engine.data_anomalies_detected", "data": {"symbol": "ARIA_USDT", "timestamp": 1762076582.312999, "anomalies": ["stale_timestamp: 1762076582.312999 vs 1764665483.0827146"], "data_sample": {"price": 0.16774, "volume": 4.0}}}
{"timestamp": "2025-12-02T08:51:23.097380+00:00", "level": "WARNING", "module": "logger", "funcName": "_log", "lineno": 188, "event_type": "streaming_indicator_engine.data_anomalies_detected", "data": {"symbol": "ARIA_USDT", "timestamp": 1762076595.309999, "anomalies": ["stale_timestamp: 1762076595.309999 vs 1764665483.0973804"], "data_sample": {"price": 0.16776, "volume": 10.0}}}
{"timestamp": "2025-12-02T08:51:23.113002+00:00", "level": "WARNING", "module": "logger", "funcName": "_log", "lineno": 188, "event_type": "streaming_indicator_engine.data_anomalies_detected", "data": {"symbol": "ARIA_USDT", "timestamp": 1762076606.309999, "anomalies": ["stale_timestamp: 1762076606.309999 vs 1764665483.113002"], "data_sample": {"price": 0.16772, "volume": 9.0}}}
{"timestamp": "2025-12-02T08:51:23.128980+00:00", "level": "WARNING", "module": "logger", "funcName": "_log", "lineno": 188, "event_type": "streaming_indicator_engine.data_anomalies_detected", "data": {"symbol": "ARIA_USDT", "timestamp": 1762076620.309999, "anomalies": ["stale_timestamp: 1762076620.309999 vs 1764665483.1289809"], "data_sample": {"price": 0.16764, "volume": 5.0}}}
{"timestamp": "2025-12-02T08:51:23.144482+00:00", "level": "WARNING", "module": "logger", "funcName": "_log", "lineno": 188, "event_type": "streaming_indicator_engine.data_anomalies_detected", "data": {"symbol": "ARIA_USDT", "timestamp": 1762076628.311, "anomalies": ["stale_timestamp: 1762076628.311 vs 1764665483.1444824"], "data_sample": {"price": 0.16761, "volume": 7.0}}}
{"timestamp": "2025-12-02T08:51:23.159858+00:00", "level": "WARNING", "module": "logger", "funcName": "_log", "lineno": 188, "event_type": "streaming_indicator_engine.data_anomalies_detected", "data": {"symbol": "ARIA_USDT", "timestamp": 1762076638.312999, "anomalies": ["stale_timestamp: 1762076638.312999 vs 1764665483.1598587"], "data_sample": {"price": 0.16763, "volume": 10.0}}}
{"timestamp": "2025-12-02T08:51:23.174905+00:00", "level": "WARNING", "module": "logger", "funcName": "_log", "lineno": 188, "event_type": "streaming_indicator_engine.data_anomalies_detected", "data": {"symbol": "ARIA_USDT", "timestamp": 1762076647.309999, "anomalies": ["stale_timestamp: 1762076647.309999 vs 1764665483.1749053"], "data_sample": {"price": 0.16762, "volume": 4.0}}}
{"timestamp": "2025-12-02T08:51:23.189532+00:00", "level": "WARNING", "module": "logger", "funcName": "_log", "lineno": 188, "event_type": "streaming_indicator_engine.data_anomalies_detected", "data": {"symbol": "ARIA_USDT", "timestamp": 1762076653.309999, "anomalies": ["stale_timestamp: 1762076653.309999 vs 1764665483.1895325"], "data_sample": {"price": 0.16761, "volume": 9.0}}}
{"timestamp": "2025-12-02T08:51:23.205121+00:00", "level": "WARNING", "module": "logger", "funcName": "_log", "lineno": 188, "event_type": "streaming_indicator_engine.data_anomalies_detected", "data": {"symbol": "ARIA_USDT", "timestamp": 1762076666.309999, "anomalies": ["stale_timestamp: 1762076666.309999 vs 1764665483.2051213"], "data_sample": {"price": 0.16763, "volume": 9.0}}}
{"timestamp": "2025-12-02T08:51:23.221174+00:00", "level": "WARNING", "module": "logger", "funcName": "_log", "lineno": 188, "event_type": "streaming_indicator_engine.data_anomalies_detected", "data": {"symbol": "ARIA_USDT", "timestamp": 1762076672.308999, "anomalies": ["stale_timestamp: 1762076672.308999 vs 1764665483.2211747"], "data_sample": {"price": 0.16762, "volume": 9.0}}}
{"timestamp": "2025-12-02T08:51:23.235880+00:00", "level": "WARNING", "module": "logger", "funcName": "_log", "lineno": 188, "event_type": "streaming_indicator_engine.data_anomalies_detected", "data": {"symbol": "ARIA_USDT", "timestamp": 1762076685.309999, "anomalies": ["stale_timestamp: 1762076685.309999 vs 1764665483.2358801"], "data_sample": {"price": 0.16732, "volume": 9.0}}}
{"timestamp": "2025-12-02T08:51:23.251109+00:00", "level": "WARNING", "module": "logger", "funcName": "_log", "lineno": 188, "event_type": "streaming_indicator_engine.data_anomalies_detected", "data": {"symbol": "ARIA_USDT", "timestamp": 1762076699.311, "anomalies": ["stale_timestamp: 1762076699.311 vs 1764665483.2511094"], "data_sample": {"price": 0.16737, "volume": 11.0}}}
{"timestamp": "2025-12-02T08:51:23.266968+00:00", "level": "WARNING", "module": "logger", "funcName": "_log", "lineno": 188, "event_type": "streaming_indicator_engine.data_anomalies_detected", "data": {"symbol": "ARIA_USDT", "timestamp": 1762076713.309999, "anomalies": ["stale_timestamp: 1762076713.309999 vs 1764665483.2669687"], "data_sample": {"price": 0.16735, "volume": 4.0}}}
{"timestamp": "2025-12-02T08:51:23.282697+00:00", "level": "WARNING", "module": "logger", "funcName": "_log", "lineno": 188, "event_type": "streaming_indicator_engine.data_anomalies_detected", "data": {"symbol": "ARIA_USDT", "timestamp": 1762076728.311, "anomalies": ["stale_timestamp: 1762076728.311 vs 1764665483.2826977"], "data_sample": {"price": 0.16739, "volume": 9.0}}}
{"timestamp": "2025-12-02T08:51:23.298081+00:00", "level": "WARNING", "module": "logger", "funcName": "_log", "lineno": 188, "event_type": "streaming_indicator_engine.data_anomalies_detected", "data": {"symbol": "ARIA_USDT", "timestamp": 1762076734.308999, "anomalies": ["stale_timestamp: 1762076734.308999 vs 1764665483.2980819"], "data_sample": {"price": 0.16744, "volume": 9.0}}}
{"timestamp": "2025-12-02T08:51:23.300173+00:00", "level": "INFO", "module": "logger", "funcName": "_log", "lineno": 188, "event_type": "strategy_manager.indicator_update_received", "data": {"symbol": "ARIA_USDT", "indicator_name": "611fad91-045d-408b-8822-f43428935033_20", "indicator_type": "", "value": -0.000960771614784513, "active_strategies_for_symbol": true, "active_count": 3}}
{"timestamp": "2025-12-02T08:51:23.300173+00:00", "level": "WARNING", "module": "logger", "funcName": "_log", "lineno": 188, "event_type": "streaming_indicator_engine.data_anomalies_detected", "data": {"symbol": "ARIA_USDT", "timestamp": 1762076750.309999, "anomalies": ["stale_timestamp: 1762076750.309999 vs 1764665483.3001735"], "data_sample": {"price": 0.16747, "volume": 10.0}}}
{"timestamp": "2025-12-02T08:51:23.302181+00:00", "level": "WARNING", "module": "logger", "funcName": "_log", "lineno": 188, "event_type": "streaming_indicator_engine.data_anomalies_detected", "data": {"symbol": "ARIA_USDT", "timestamp": 1762076759.311, "anomalies": ["stale_timestamp: 1762076759.311 vs 1764665483.301183"], "data_sample": {"price": 0.16746, "volume": 10.0}}}
{"timestamp": "2025-12-02T08:51:23.302181+00:00", "level": "WARNING", "module": "logger", "funcName": "_log", "lineno": 188, "event_type": "streaming_indicator_engine.data_anomalies_detected", "data": {"symbol": "ARIA_USDT", "timestamp": 1762076767.309999, "anomalies": ["stale_timestamp: 1762076767.309999 vs 1764665483.302181"], "data_sample": {"price": 0.16742, "volume": 8.0}}}
{"timestamp": "2025-12-02T08:51:23.304411+00:00", "level": "WARNING", "module": "logger", "funcName": "_log", "lineno": 188, "event_type": "streaming_indicator_engine.data_anomalies_detected", "data": {"symbol": "ARIA_USDT", "timestamp": 1762076783.312, "anomalies": ["stale_timestamp: 1762076783.312 vs 1764665483.3044116"], "data_sample": {"price": 0.16745, "volume": 8.0}}}
{"timestamp": "2025-12-02T08:51:23.305413+00:00", "level": "WARNING", "module": "logger", "funcName": "_log", "lineno": 188, "event_type": "streaming_indicator_engine.data_anomalies_detected", "data": {"symbol": "ARIA_USDT", "timestamp": 1762076789.309999, "anomalies": ["stale_timestamp: 1762076789.309999 vs 1764665483.305413"], "data_sample": {"price": 0.16755, "volume": 9.0}}}
{"timestamp": "2025-12-02T08:51:23.305413+00:00", "level": "INFO", "module": "logger", "funcName": "_log", "lineno": 188, "event_type": "strategy_manager.indicator_update_received", "data": {"symbol": "ARIA_USDT", "indicator_name": "611fad91-045d-408b-8822-f43428935033_20", "indicator_type": "", "value": -0.000960771614784513, "active_strategies_for_symbol": true, "active_count": 3}}
{"timestamp": "2025-12-02T08:51:23.306409+00:00", "level": "WARNING", "module": "logger", "funcName": "_log", "lineno": 188, "event_type": "streaming_indicator_engine.data_anomalies_detected", "data": {"symbol": "ARIA_USDT", "timestamp": 1762076803.311, "anomalies": ["stale_timestamp: 1762076803.311 vs 1764665483.3064091"], "data_sample": {"price": 0.16758, "volume": 10.0}}}
{"timestamp": "2025-12-02T08:51:23.306409+00:00", "level": "WARNING", "module": "logger", "funcName": "_log", "lineno": 188, "event_type": "streaming_indicator_engine.data_anomalies_detected", "data": {"symbol": "ARIA_USDT", "timestamp": 1762076816.308999, "anomalies": ["stale_timestamp: 1762076816.308999 vs 1764665483.3064091"], "data_sample": {"price": 0.16762, "volume": 9.0}}}
{"timestamp": "2025-12-02T08:51:23.307409+00:00", "level": "WARNING", "module": "logger", "funcName": "_log", "lineno": 188, "event_type": "streaming_indicator_engine.data_anomalies_detected", "data": {"symbol": "ARIA_USDT", "timestamp": 1762076825.312999, "anomalies": ["stale_timestamp: 1762076825.312999 vs 1764665483.3074088"], "data_sample": {"price": 0.16751, "volume": 10.0}}}
{"timestamp": "2025-12-02T08:51:23.307409+00:00", "level": "WARNING", "module": "logger", "funcName": "_log", "lineno": 188, "event_type": "streaming_indicator_engine.data_anomalies_detected", "data": {"symbol": "ARIA_USDT", "timestamp": 1762076831.316999, "anomalies": ["stale_timestamp: 1762076831.316999 vs 1764665483.3074088"], "data_sample": {"price": 0.1674, "volume": 6.0}}}
{"timestamp": "2025-12-02T08:51:23.307409+00:00", "level": "WARNING", "module": "logger", "funcName": "_log", "lineno": 188, "event_type": "streaming_indicator_engine.data_anomalies_detected", "data": {"symbol": "ARIA_USDT", "timestamp": 1762076839.311, "anomalies": ["stale_timestamp: 1762076839.311 vs 1764665483.3074088"], "data_sample": {"price": 0.16741, "volume": 8.0}}}
{"timestamp": "2025-12-02T08:51:23.308914+00:00", "level": "WARNING", "module": "logger", "funcName": "_log", "lineno": 188, "event_type": "streaming_indicator_engine.data_anomalies_detected", "data": {"symbol": "ARIA_USDT", "timestamp": 1762076846.312, "anomalies": ["stale_timestamp: 1762076846.312 vs 1764665483.308915"], "data_sample": {"price": 0.1674, "volume": 6.0}}}
{"timestamp": "2025-12-02T08:51:23.311428+00:00", "level": "INFO", "module": "logger", "funcName": "_log", "lineno": 188, "event_type": "strategy_manager.indicator_update_received", "data": {"symbol": "ARIA_USDT", "indicator_name": "5fc82998-9270-4b44-8312-f74ddd20a93d_20", "indicator_type": "", "value": 13.530638503197789, "active_strategies_for_symbol": true, "active_count": 3}}
{"timestamp": "2025-12-02T08:51:23.312457+00:00", "level": "WARNING", "module": "logger", "funcName": "_log", "lineno": 188, "event_type": "streaming_indicator_engine.data_anomalies_detected", "data": {"symbol": "ARIA_USDT", "timestamp": 1762076859.309999, "anomalies": ["stale_timestamp: 1762076859.309999 vs 1764665483.3124576"], "data_sample": {"price": 0.16723, "volume": 5.0}}}
{"timestamp": "2025-12-02T08:51:23.312457+00:00", "level": "WARNING", "module": "logger", "funcName": "_log", "lineno": 188, "event_type": "streaming_indicator_engine.data_anomalies_detected", "data": {"symbol": "ARIA_USDT", "timestamp": 1762076870.309999, "anomalies": ["stale_timestamp: 1762076870.309999 vs 1764665483.3124576"], "data_sample": {"price": 0.16724, "volume": 9.0}}}
{"timestamp": "2025-12-02T08:51:23.313410+00:00", "level": "WARNING", "module": "logger", "funcName": "_log", "lineno": 188, "event_type": "streaming_indicator_engine.data_anomalies_detected", "data": {"symbol": "ARIA_USDT", "timestamp": 1762076878.309999, "anomalies": ["stale_timestamp: 1762076878.309999 vs 1764665483.3134103"], "data_sample": {"price": 0.16731, "volume": 4.0}}}
{"timestamp": "2025-12-02T08:51:23.314387+00:00", "level": "WARNING", "module": "logger", "funcName": "_log", "lineno": 188, "event_type": "streaming_indicator_engine.data_anomalies_detected", "data": {"symbol": "ARIA_USDT", "timestamp": 1762076892.311, "anomalies": ["stale_timestamp: 1762076892.311 vs 1764665483.314388"], "data_sample": {"price": 0.16728, "volume": 9.0}}}
{"timestamp": "2025-12-02T08:51:23.314387+00:00", "level": "WARNING", "module": "logger", "funcName": "_log", "lineno": 188, "event_type": "streaming_indicator_engine.data_anomalies_detected", "data": {"symbol": "ARIA_USDT", "timestamp": 1762076900.309999, "anomalies": ["stale_timestamp: 1762076900.309999 vs 1764665483.314388"], "data_sample": {"price": 0.16731, "volume": 7.0}}}
{"timestamp": "2025-12-02T08:51:23.315434+00:00", "level": "INFO", "module": "logger", "funcName": "_log", "lineno": 188, "event_type": "strategy_manager.indicator_update_received", "data": {"symbol": "ARIA_USDT", "indicator_name": "5fc82998-9270-4b44-8312-f74ddd20a93d_20", "indicator_type": "", "value": 13.530638503197789, "active_strategies_for_symbol": true, "active_count": 3}}
{"timestamp": "2025-12-02T08:51:23.315434+00:00", "level": "WARNING", "module": "logger", "funcName": "_log", "lineno": 188, "event_type": "streaming_indicator_engine.data_anomalies_detected", "data": {"symbol": "ARIA_USDT", "timestamp": 1762076915.308999, "anomalies": ["stale_timestamp: 1762076915.308999 vs 1764665483.3154345"], "data_sample": {"price": 0.16729, "volume": 4.0}}}
{"timestamp": "2025-12-02T08:51:23.316344+00:00", "level": "WARNING", "module": "logger", "funcName": "_log", "lineno": 188, "event_type": "streaming_indicator_engine.data_anomalies_detected", "data": {"symbol": "ARIA_USDT", "timestamp": 1762076929.309999, "anomalies": ["stale_timestamp: 1762076929.309999 vs 1764665483.3163445"], "data_sample": {"price": 0.16725, "volume": 11.0}}}
{"timestamp": "2025-12-02T08:51:23.316344+00:00", "level": "WARNING", "module": "logger", "funcName": "_log", "lineno": 188, "event_type": "streaming_indicator_engine.data_anomalies_detected", "data": {"symbol": "ARIA_USDT", "timestamp": 1762076940.312999, "anomalies": ["stale_timestamp: 1762076940.312999 vs 1764665483.3163445"], "data_sample": {"price": 0.16733, "volume": 8.0}}}
{"timestamp": "2025-12-02T08:51:23.317458+00:00", "level": "WARNING", "module": "logger", "funcName": "_log", "lineno": 188, "event_type": "streaming_indicator_engine.data_anomalies_detected", "data": {"symbol": "ARIA_USDT", "timestamp": 1762076949.324999, "anomalies": ["stale_timestamp: 1762076949.324999 vs 1764665483.3174584"], "data_sample": {"price": 0.1673, "volume": 8.0}}}
{"timestamp": "2025-12-02T08:51:23.317458+00:00", "level": "WARNING", "module": "logger", "funcName": "_log", "lineno": 188, "event_type": "streaming_indicator_engine.data_anomalies_detected", "data": {"symbol": "ARIA_USDT", "timestamp": 1762076965.316, "anomalies": ["stale_timestamp: 1762076965.316 vs 1764665483.3174584"], "data_sample": {"price": 0.16729, "volume": 4.0}}}
{"timestamp": "2025-12-02T08:51:23.317458+00:00", "level": "WARNING", "module": "logger", "funcName": "_log", "lineno": 188, "event_type": "streaming_indicator_engine.data_anomalies_detected", "data": {"symbol": "ARIA_USDT", "timestamp": 1762076978.312, "anomalies": ["stale_timestamp: 1762076978.312 vs 1764665483.3174584"], "data_sample": {"price": 0.1673, "volume": 9.0}}}
{"timestamp": "2025-12-02T08:51:23.321019+00:00", "level": "INFO", "module": "logger", "funcName": "_log", "lineno": 188, "event_type": "strategy_manager.indicator_update_received", "data": {"symbol": "ARIA_USDT", "indicator_name": "790d8eed-dc95-43ff-b625-1205d256154b_20", "indicator_type": "", "value": 5.9857551151397416e-05, "active_strategies_for_symbol": true, "active_count": 3}}
{"timestamp": "2025-12-02T08:51:23.322072+00:00", "level": "WARNING", "module": "logger", "funcName": "_log", "lineno": 188, "event_type": "streaming_indicator_engine.data_anomalies_detected", "data": {"symbol": "ARIA_USDT", "timestamp": 1762076990.315, "anomalies": ["stale_timestamp: 1762076990.315 vs 1764665483.322072"], "data_sample": {"price": 0.16733, "volume": 10.0}}}
{"timestamp": "2025-12-02T08:51:23.322072+00:00", "level": "WARNING", "module": "logger", "funcName": "_log", "lineno": 188, "event_type": "streaming_indicator_engine.data_anomalies_detected", "data": {"symbol": "ARIA_USDT", "timestamp": 1762076997.315, "anomalies": ["stale_timestamp: 1762076997.315 vs 1764665483.322072"], "data_sample": {"price": 0.16726, "volume": 12.0}}}
{"timestamp": "2025-12-02T08:51:23.323064+00:00", "level": "WARNING", "module": "logger", "funcName": "_log", "lineno": 188, "event_type": "streaming_indicator_engine.data_anomalies_detected", "data": {"symbol": "ARIA_USDT", "timestamp": 1762077007.309999, "anomalies": ["stale_timestamp: 1762077007.309999 vs 1764665483.3230648"], "data_sample": {"price": 0.16719, "volume": 4.0}}}
{"timestamp": "2025-12-02T08:51:23.323064+00:00", "level": "WARNING", "module": "logger", "funcName": "_log", "lineno": 188, "event_type": "streaming_indicator_engine.data_anomalies_detected", "data": {"symbol": "ARIA_USDT", "timestamp": 1762077018.309999, "anomalies": ["stale_timestamp: 1762077018.309999 vs 1764665483.3230648"], "data_sample": {"price": 0.16722, "volume": 8.0}}}
{"timestamp": "2025-12-02T08:51:23.323969+00:00", "level": "WARNING", "module": "logger", "funcName": "_log", "lineno": 188, "event_type": "streaming_indicator_engine.data_anomalies_detected", "data": {"symbol": "ARIA_USDT", "timestamp": 1762077025.309999, "anomalies": ["stale_timestamp: 1762077025.309999 vs 1764665483.3239691"], "data_sample": {"price": 0.16726, "volume": 5.0}}}
{"timestamp": "2025-12-02T08:51:23.323969+00:00", "level": "WARNING", "module": "logger", "funcName": "_log", "lineno": 188, "event_type": "streaming_indicator_engine.data_anomalies_detected", "data": {"symbol": "ARIA_USDT", "timestamp": 1762077033.311, "anomalies": ["stale_timestamp: 1762077033.311 vs 1764665483.3239691"], "data_sample": {"price": 0.16725, "volume": 4.0}}}
{"timestamp": "2025-12-02T08:51:23.324973+00:00", "level": "INFO", "module": "logger", "funcName": "_log", "lineno": 188, "event_type": "strategy_manager.indicator_update_received", "data": {"symbol": "ARIA_USDT", "indicator_name": "790d8eed-dc95-43ff-b625-1205d256154b_20", "indicator_type": "", "value": 5.9857551151397416e-05, "active_strategies_for_symbol": true, "active_count": 3}}
{"timestamp": "2025-12-02T08:51:23.324973+00:00", "level": "WARNING", "module": "logger", "funcName": "_log", "lineno": 188, "event_type": "streaming_indicator_engine.data_anomalies_detected", "data": {"symbol": "ARIA_USDT", "timestamp": 1762077042.309999, "anomalies": ["stale_timestamp: 1762077042.309999 vs 1764665483.324973"], "data_sample": {"price": 0.16724, "volume": 4.0}}}
{"timestamp": "2025-12-02T08:51:23.324973+00:00", "level": "WARNING", "module": "logger", "funcName": "_log", "lineno": 188, "event_type": "streaming_indicator_engine.data_anomalies_detected", "data": {"symbol": "ARIA_USDT", "timestamp": 1762077051.309999, "anomalies": ["stale_timestamp: 1762077051.309999 vs 1764665483.324973"], "data_sample": {"price": 0.16725, "volume": 4.0}}}
{"timestamp": "2025-12-02T08:51:23.324973+00:00", "level": "WARNING", "module": "logger", "funcName": "_log", "lineno": 188, "event_type": "streaming_indicator_engine.data_anomalies_detected", "data": {"symbol": "ARIA_USDT", "timestamp": 1762077057.312999, "anomalies": ["stale_timestamp: 1762077057.312999 vs 1764665483.324973"], "data_sample": {"price": 0.16726, "volume": 3.0}}}
{"timestamp": "2025-12-02T08:51:23.326078+00:00", "level": "WARNING", "module": "logger", "funcName": "_log", "lineno": 188, "event_type": "streaming_indicator_engine.data_anomalies_detected", "data": {"symbol": "ARIA_USDT", "timestamp": 1762077067.316999, "anomalies": ["stale_timestamp: 1762077067.316999 vs 1764665483.3260782"], "data_sample": {"price": 0.16725, "volume": 8.0}}}
{"timestamp": "2025-12-02T08:51:23.326078+00:00", "level": "WARNING", "module": "logger", "funcName": "_log", "lineno": 188, "event_type": "streaming_indicator_engine.data_anomalies_detected", "data": {"symbol": "ARIA_USDT", "timestamp": 1762077081.308, "anomalies": ["stale_timestamp: 1762077081.308 vs 1764665483.3260782"], "data_sample": {"price": 0.16714, "volume": 6.0}}}
{"timestamp": "2025-12-02T08:51:23.327137+00:00", "level": "WARNING", "module": "logger", "funcName": "_log", "lineno": 188, "event_type": "streaming_indicator_engine.data_anomalies_detected", "data": {"symbol": "ARIA_USDT", "timestamp": 1762077089.311, "anomalies": ["stale_timestamp: 1762077089.311 vs 1764665483.3271377"], "data_sample": {"price": 0.16711, "volume": 4.0}}}
{"timestamp": "2025-12-02T08:51:23.327137+00:00", "level": "WARNING", "module": "logger", "funcName": "_log", "lineno": 188, "event_type": "streaming_indicator_engine.data_anomalies_detected", "data": {"symbol": "ARIA_USDT", "timestamp": 1762077098.311, "anomalies": ["stale_timestamp: 1762077098.311 vs 1764665483.3271377"], "data_sample": {"price": 0.16702, "volume": 4.0}}}
{"timestamp": "2025-12-02T08:51:23.342804+00:00", "level": "WARNING", "module": "logger", "funcName": "_log", "lineno": 188, "event_type": "streaming_indicator_engine.data_anomalies_detected", "data": {"symbol": "ARIA_USDT", "timestamp": 1762077107.335, "anomalies": ["stale_timestamp: 1762077107.335 vs 1764665483.3428044"], "data_sample": {"price": 0.167, "volume": 26.0}}}
{"timestamp": "2025-12-02T08:51:23.358966+00:00", "level": "WARNING", "module": "logger", "funcName": "_log", "lineno": 188, "event_type": "streaming_indicator_engine.data_anomalies_detected", "data": {"symbol": "ARIA_USDT", "timestamp": 1762077121.309999, "anomalies": ["stale_timestamp: 1762077121.309999 vs 1764665483.3589664"], "data_sample": {"price": 0.16704, "volume": 8.0}}}
{"timestamp": "2025-12-02T08:51:23.374474+00:00", "level": "WARNING", "module": "logger", "funcName": "_log", "lineno": 188, "event_type": "streaming_indicator_engine.data_anomalies_detected", "data": {"symbol": "ARIA_USDT", "timestamp": 1762077123.420999, "anomalies": ["stale_timestamp: 1762077123.420999 vs 1764665483.3744745"], "data_sample": {"price": 0.167, "volume": 59.0}}}
{"timestamp": "2025-12-02T08:51:23.390899+00:00", "level": "WARNING", "module": "logger", "funcName": "_log", "lineno": 188, "event_type": "streaming_indicator_engine.data_anomalies_detected", "data": {"symbol": "ARIA_USDT", "timestamp": 1762077139.311, "anomalies": ["stale_timestamp: 1762077139.311 vs 1764665483.3902805"], "data_sample": {"price": 0.16703, "volume": 5.0}}}
{"timestamp": "2025-12-02T08:51:23.405783+00:00", "level": "WARNING", "module": "logger", "funcName": "_log", "lineno": 188, "event_type": "streaming_indicator_engine.data_anomalies_detected", "data": {"symbol": "ARIA_USDT", "timestamp": 1762077152.308999, "anomalies": ["stale_timestamp: 1762077152.308999 vs 1764665483.405784"], "data_sample": {"price": 0.16708, "volume": 9.0}}}
{"timestamp": "2025-12-02T08:51:23.422205+00:00", "level": "WARNING", "module": "logger", "funcName": "_log", "lineno": 188, "event_type": "streaming_indicator_engine.data_anomalies_detected", "data": {"symbol": "ARIA_USDT", "timestamp": 1762077163.309999, "anomalies": ["stale_timestamp: 1762077163.309999 vs 1764665483.4212923"], "data_sample": {"price": 0.16713, "volume": 11.0}}}
{"timestamp": "2025-12-02T08:51:23.438728+00:00", "level": "WARNING", "module": "logger", "funcName": "_log", "lineno": 188, "event_type": "streaming_indicator_engine.data_anomalies_detected", "data": {"symbol": "ARIA_USDT", "timestamp": 1762077172.309999, "anomalies": ["stale_timestamp: 1762077172.309999 vs 1764665483.4377396"], "data_sample": {"price": 0.16706, "volume": 12.0}}}
{"timestamp": "2025-12-02T08:51:23.459075+00:00", "level": "WARNING", "module": "logger", "funcName": "_log", "lineno": 188, "event_type": "streaming_indicator_engine.data_anomalies_detected", "data": {"symbol": "ARIA_USDT", "timestamp": 1762077187.312999, "anomalies": ["stale_timestamp: 1762077187.312999 vs 1764665483.4590757"], "data_sample": {"price": 0.16705, "volume": 4.0}}}
{"timestamp": "2025-12-02T08:51:23.486211+00:00", "level": "WARNING", "module": "logger", "funcName": "_log", "lineno": 188, "event_type": "streaming_indicator_engine.data_anomalies_detected", "data": {"symbol": "ARIA_USDT", "timestamp": 1762077203.309999, "anomalies": ["stale_timestamp: 1762077203.309999 vs 1764665483.486211"], "data_sample": {"price": 0.16703, "volume": 6.0}}}
{"timestamp": "2025-12-02T08:51:23.509781+00:00", "level": "WARNING", "module": "logger", "funcName": "_log", "lineno": 188, "event_type": "streaming_indicator_engine.data_anomalies_detected", "data": {"symbol": "ARIA_USDT", "timestamp": 1762077211.312, "anomalies": ["stale_timestamp: 1762077211.312 vs 1764665483.509781"], "data_sample": {"price": 0.16707, "volume": 9.0}}}
{"timestamp": "2025-12-02T08:51:23.524848+00:00", "level": "WARNING", "module": "logger", "funcName": "_log", "lineno": 188, "event_type": "streaming_indicator_engine.data_anomalies_detected", "data": {"symbol": "ARIA_USDT", "timestamp": 1762077227.312999, "anomalies": ["stale_timestamp: 1762077227.312999 vs 1764665483.5248485"], "data_sample": {"price": 0.16704, "volume": 4.0}}}
{"timestamp": "2025-12-02T08:51:23.539880+00:00", "level": "WARNING", "module": "logger", "funcName": "_log", "lineno": 188, "event_type": "streaming_indicator_engine.data_anomalies_detected", "data": {"symbol": "ARIA_USDT", "timestamp": 1762077234.308999, "anomalies": ["stale_timestamp: 1762077234.308999 vs 1764665483.5398805"], "data_sample": {"price": 0.16708, "volume": 8.0}}}
{"timestamp": "2025-12-02T08:51:23.555462+00:00", "level": "WARNING", "module": "logger", "funcName": "_log", "lineno": 188, "event_type": "streaming_indicator_engine.data_anomalies_detected", "data": {"symbol": "ARIA_USDT", "timestamp": 1762077247.312999, "anomalies": ["stale_timestamp: 1762077247.312999 vs 1764665483.5554628"], "data_sample": {"price": 0.16705, "volume": 7.0}}}
{"timestamp": "2025-12-02T08:51:23.571127+00:00", "level": "WARNING", "module": "logger", "funcName": "_log", "lineno": 188, "event_type": "streaming_indicator_engine.data_anomalies_detected", "data": {"symbol": "ARIA_USDT", "timestamp": 1762077263.309999, "anomalies": ["stale_timestamp: 1762077263.309999 vs 1764665483.5701263"], "data_sample": {"price": 0.16704, "volume": 7.0}}}
{"timestamp": "2025-12-02T08:51:23.586182+00:00", "level": "WARNING", "module": "logger", "funcName": "_log", "lineno": 188, "event_type": "streaming_indicator_engine.data_anomalies_detected", "data": {"symbol": "ARIA_USDT", "timestamp": 1762077274.309999, "anomalies": ["stale_timestamp: 1762077274.309999 vs 1764665483.5861828"], "data_sample": {"price": 0.16709, "volume": 4.0}}}
{"timestamp": "2025-12-02T08:51:23.601272+00:00", "level": "WARNING", "module": "logger", "funcName": "_log", "lineno": 188, "event_type": "streaming_indicator_engine.data_anomalies_detected", "data": {"symbol": "ARIA_USDT", "timestamp": 1762077281.311, "anomalies": ["stale_timestamp: 1762077281.311 vs 1764665483.6012728"], "data_sample": {"price": 0.16713, "volume": 12.0}}}
{"timestamp": "2025-12-02T08:51:23.603193+00:00", "level": "WARNING", "module": "logger", "funcName": "_log", "lineno": 188, "event_type": "streaming_indicator_engine.data_anomalies_detected", "data": {"symbol": "ARIA_USDT", "timestamp": 1762077290.312, "anomalies": ["stale_timestamp: 1762077290.312 vs 1764665483.6021981"], "data_sample": {"price": 0.16709, "volume": 8.0}}}
{"timestamp": "2025-12-02T08:51:23.616837+00:00", "level": "WARNING", "module": "logger", "funcName": "_log", "lineno": 188, "event_type": "streaming_indicator_engine.data_anomalies_detected", "data": {"symbol": "ARIA_USDT", "timestamp": 1762077299.312, "anomalies": ["stale_timestamp: 1762077299.312 vs 1764665483.6168373"], "data_sample": {"price": 0.16706, "volume": 8.0}}}
{"timestamp": "2025-12-02T08:51:23.631895+00:00", "level": "WARNING", "module": "logger", "funcName": "_log", "lineno": 188, "event_type": "streaming_indicator_engine.data_anomalies_detected", "data": {"symbol": "ARIA_USDT", "timestamp": 1762077309.309999, "anomalies": ["stale_timestamp: 1762077309.309999 vs 1764665483.6318955"], "data_sample": {"price": 0.16705, "volume": 6.0}}}
{"timestamp": "2025-12-02T08:51:23.647431+00:00", "level": "WARNING", "module": "logger", "funcName": "_log", "lineno": 188, "event_type": "streaming_indicator_engine.data_anomalies_detected", "data": {"symbol": "ARIA_USDT", "timestamp": 1762077318.312, "anomalies": ["stale_timestamp: 1762077318.312 vs 1764665483.6474314"], "data_sample": {"price": 0.16706, "volume": 9.0}}}
{"timestamp": "2025-12-02T08:51:23.662760+00:00", "level": "WARNING", "module": "logger", "funcName": "_log", "lineno": 188, "event_type": "streaming_indicator_engine.data_anomalies_detected", "data": {"symbol": "ARIA_USDT", "timestamp": 1762077324.309999, "anomalies": ["stale_timestamp: 1762077324.309999 vs 1764665483.66276"], "data_sample": {"price": 0.1671, "volume": 5.0}}}
{"timestamp": "2025-12-02T08:51:23.678863+00:00", "level": "WARNING", "module": "logger", "funcName": "_log", "lineno": 188, "event_type": "streaming_indicator_engine.data_anomalies_detected", "data": {"symbol": "ARIA_USDT", "timestamp": 1762077335.309999, "anomalies": ["stale_timestamp: 1762077335.309999 vs 1764665483.6788635"], "data_sample": {"price": 0.16709, "volume": 4.0}}}
{"timestamp": "2025-12-02T08:51:23.693558+00:00", "level": "WARNING", "module": "logger", "funcName": "_log", "lineno": 188, "event_type": "streaming_indicator_engine.data_anomalies_detected", "data": {"symbol": "ARIA_USDT", "timestamp": 1762077351.309999, "anomalies": ["stale_timestamp: 1762077351.309999 vs 1764665483.6935587"], "data_sample": {"price": 0.1671, "volume": 3.0}}}
{"timestamp": "2025-12-02T08:51:23.709284+00:00", "level": "WARNING", "module": "logger", "funcName": "_log", "lineno": 188, "event_type": "streaming_indicator_engine.data_anomalies_detected", "data": {"symbol": "ARIA_USDT", "timestamp": 1762077362.309999, "anomalies": ["stale_timestamp: 1762077362.309999 vs 1764665483.7087755"], "data_sample": {"price": 0.16716, "volume": 5.0}}}
{"timestamp": "2025-12-02T08:51:23.724861+00:00", "level": "WARNING", "module": "logger", "funcName": "_log", "lineno": 188, "event_type": "streaming_indicator_engine.data_anomalies_detected", "data": {"symbol": "ARIA_USDT", "timestamp": 1762077376.309999, "anomalies": ["stale_timestamp: 1762077376.309999 vs 1764665483.7248611"], "data_sample": {"price": 0.16724, "volume": 11.0}}}
{"timestamp": "2025-12-02T08:51:23.740883+00:00", "level": "WARNING", "module": "logger", "funcName": "_log", "lineno": 188, "event_type": "streaming_indicator_engine.data_anomalies_detected", "data": {"symbol": "ARIA_USDT", "timestamp": 1762077387.309999, "anomalies": ["stale_timestamp: 1762077387.309999 vs 1764665483.7408834"], "data_sample": {"price": 0.16726, "volume": 11.0}}}
{"timestamp": "2025-12-02T08:51:23.756770+00:00", "level": "WARNING", "module": "logger", "funcName": "_log", "lineno": 188, "event_type": "streaming_indicator_engine.data_anomalies_detected", "data": {"symbol": "ARIA_USDT", "timestamp": 1762077395.309999, "anomalies": ["stale_timestamp: 1762077395.309999 vs 1764665483.7567701"], "data_sample": {"price": 0.16728, "volume": 3.0}}}
{"timestamp": "2025-12-02T08:51:23.772323+00:00", "level": "WARNING", "module": "logger", "funcName": "_log", "lineno": 188, "event_type": "streaming_indicator_engine.data_anomalies_detected", "data": {"symbol": "ARIA_USDT", "timestamp": 1762077402.309999, "anomalies": ["stale_timestamp: 1762077402.309999 vs 1764665483.7723234"], "data_sample": {"price": 0.1673, "volume": 10.0}}}
{"timestamp": "2025-12-02T08:51:23.788826+00:00", "level": "WARNING", "module": "logger", "funcName": "_log", "lineno": 188, "event_type": "streaming_indicator_engine.data_anomalies_detected", "data": {"symbol": "ARIA_USDT", "timestamp": 1762077412.311, "anomalies": ["stale_timestamp: 1762077412.311 vs 1764665483.788827"], "data_sample": {"price": 0.16729, "volume": 7.0}}}
{"timestamp": "2025-12-02T08:51:23.803374+00:00", "level": "WARNING", "module": "logger", "funcName": "_log", "lineno": 188, "event_type": "streaming_indicator_engine.data_anomalies_detected", "data": {"symbol": "ARIA_USDT", "timestamp": 1762077421.309999, "anomalies": ["stale_timestamp: 1762077421.309999 vs 1764665483.8033748"], "data_sample": {"price": 0.16727, "volume": 4.0}}}
{"timestamp": "2025-12-02T08:51:23.807373+00:00", "level": "INFO", "module": "logger", "funcName": "_log", "lineno": 188, "event_type": "strategy_manager.indicator_update_received", "data": {"symbol": "ARIA_USDT", "indicator_name": "11b8be00-eed3-48fe-b359-df47b297226c_20", "indicator_type": "", "value": 0.0013506874143189638, "active_strategies_for_symbol": true, "active_count": 3}}
{"timestamp": "2025-12-02T08:51:23.808881+00:00", "level": "INFO", "module": "logger", "funcName": "_log", "lineno": 188, "event_type": "strategy_manager.indicator_update_received", "data": {"symbol": "ARIA_USDT", "indicator_name": "11b8be00-eed3-48fe-b359-df47b297226c_20", "indicator_type": "", "value": 0.0013506874143189638, "active_strategies_for_symbol": true, "active_count": 3}}
{"timestamp": "2025-12-02T08:51:23.825732+00:00", "level": "WARNING", "module": "logger", "funcName": "_log", "lineno": 188, "event_type": "streaming_indicator_engine.data_anomalies_detected", "data": {"symbol": "ARIA_USDT", "timestamp": 1762076372.312999, "anomalies": ["stale_timestamp: 1762076372.312999 vs 1764665483.8257325"], "data_sample": {"price": 0.1671, "volume": 3.0}}}
{"timestamp": "2025-12-02T08:51:23.851082+00:00", "level": "WARNING", "module": "logger", "funcName": "_log", "lineno": 188, "event_type": "streaming_indicator_engine.data_anomalies_detected", "data": {"symbol": "ARIA_USDT", "timestamp": 1762076381.309999, "anomalies": ["stale_timestamp: 1762076381.309999 vs 1764665483.8510826"], "data_sample": {"price": 0.16715, "volume": 8.0}}}
{"timestamp": "2025-12-02T08:51:23.866768+00:00", "level": "WARNING", "module": "logger", "funcName": "_log", "lineno": 188, "event_type": "streaming_indicator_engine.data_anomalies_detected", "data": {"symbol": "ARIA_USDT", "timestamp": 1762076388.311, "anomalies": ["stale_timestamp: 1762076388.311 vs 1764665483.8667686"], "data_sample": {"price": 0.16714, "volume": 9.0}}}
{"timestamp": "2025-12-02T08:51:23.881984+00:00", "level": "WARNING", "module": "logger", "funcName": "_log", "lineno": 188, "event_type": "streaming_indicator_engine.data_anomalies_detected", "data": {"symbol": "ARIA_USDT", "timestamp": 1762076401.309999, "anomalies": ["stale_timestamp: 1762076401.309999 vs 1764665483.8819847"], "data_sample": {"price": 0.16717, "volume": 7.0}}}
{"timestamp": "2025-12-02T08:51:23.897076+00:00", "level": "WARNING", "module": "logger", "funcName": "_log", "lineno": 188, "event_type": "streaming_indicator_engine.data_anomalies_detected", "data": {"symbol": "ARIA_USDT", "timestamp": 1762076408.312, "anomalies": ["stale_timestamp: 1762076408.312 vs 1764665483.897077"], "data_sample": {"price": 0.16713, "volume": 3.0}}}
{"timestamp": "2025-12-02T08:51:23.912008+00:00", "level": "WARNING", "module": "logger", "funcName": "_log", "lineno": 188, "event_type": "streaming_indicator_engine.data_anomalies_detected", "data": {"symbol": "ARIA_USDT", "timestamp": 1762076417.311, "anomalies": ["stale_timestamp: 1762076417.311 vs 1764665483.9120083"], "data_sample": {"price": 0.16708, "volume": 3.0}}}
{"timestamp": "2025-12-02T08:51:23.927011+00:00", "level": "WARNING", "module": "logger", "funcName": "_log", "lineno": 188, "event_type": "streaming_indicator_engine.data_anomalies_detected", "data": {"symbol": "ARIA_USDT", "timestamp": 1762076427.308999, "anomalies": ["stale_timestamp: 1762076427.308999 vs 1764665483.9270117"], "data_sample": {"price": 0.16707, "volume": 12.0}}}
{"timestamp": "2025-12-02T08:51:23.942330+00:00", "level": "WARNING", "module": "logger", "funcName": "_log", "lineno": 188, "event_type": "streaming_indicator_engine.data_anomalies_detected", "data": {"symbol": "ARIA_USDT", "timestamp": 1762076435.309999, "anomalies": ["stale_timestamp: 1762076435.309999 vs 1764665483.9423301"], "data_sample": {"price": 0.1671, "volume": 4.0}}}
{"timestamp": "2025-12-02T08:51:23.957431+00:00", "level": "WARNING", "module": "logger", "funcName": "_log", "lineno": 188, "event_type": "streaming_indicator_engine.data_anomalies_detected", "data": {"symbol": "ARIA_USDT", "timestamp": 1762076447.309999, "anomalies": ["stale_timestamp: 1762076447.309999 vs 1764665483.9574313"], "data_sample": {"price": 0.16708, "volume": 9.0}}}
{"timestamp": "2025-12-02T08:51:23.972892+00:00", "level": "WARNING", "module": "logger", "funcName": "_log", "lineno": 188, "event_type": "streaming_indicator_engine.data_anomalies_detected", "data": {"symbol": "ARIA_USDT", "timestamp": 1762076462.309999, "anomalies": ["stale_timestamp: 1762076462.309999 vs 1764665483.9728928"], "data_sample": {"price": 0.16726, "volume": 10.0}}}
{"timestamp": "2025-12-02T08:51:23.989218+00:00", "level": "WARNING", "module": "logger", "funcName": "_log", "lineno": 188, "event_type": "streaming_indicator_engine.data_anomalies_detected", "data": {"symbol": "ARIA_USDT", "timestamp": 1762076476.308999, "anomalies": ["stale_timestamp: 1762076476.308999 vs 1764665483.9892182"], "data_sample": {"price": 0.16745, "volume": 9.0}}}
{"timestamp": "2025-12-02T08:51:24.005196+00:00", "level": "WARNING", "module": "logger", "funcName": "_log", "lineno": 188, "event_type": "streaming_indicator_engine.data_anomalies_detected", "data": {"symbol": "ARIA_USDT", "timestamp": 1762076490.311, "anomalies": ["stale_timestamp: 1762076490.311 vs 1764665484.0042346"], "data_sample": {"price": 0.16766, "volume": 7.0}}}
{"timestamp": "2025-12-02T08:51:24.020364+00:00", "level": "WARNING", "module": "logger", "funcName": "_log", "lineno": 188, "event_type": "streaming_indicator_engine.data_anomalies_detected", "data": {"symbol": "ARIA_USDT", "timestamp": 1762076501.311, "anomalies": ["stale_timestamp: 1762076501.311 vs 1764665484.020364"], "data_sample": {"price": 0.16763, "volume": 5.0}}}
{"timestamp": "2025-12-02T08:51:24.035157+00:00", "level": "WARNING", "module": "logger", "funcName": "_log", "lineno": 188, "event_type": "streaming_indicator_engine.data_anomalies_detected", "data": {"symbol": "ARIA_USDT", "timestamp": 1762076514.408999, "anomalies": ["stale_timestamp: 1762076514.408999 vs 1764665484.0351577"], "data_sample": {"price": 0.16766, "volume": 10.0}}}
{"timestamp": "2025-12-02T08:51:24.050621+00:00", "level": "WARNING", "module": "logger", "funcName": "_log", "lineno": 188, "event_type": "streaming_indicator_engine.data_anomalies_detected", "data": {"symbol": "ARIA_USDT", "timestamp": 1762076520.311, "anomalies": ["stale_timestamp: 1762076520.311 vs 1764665484.0506213"], "data_sample": {"price": 0.1677, "volume": 9.0}}}
{"timestamp": "2025-12-02T08:51:24.066022+00:00", "level": "WARNING", "module": "logger", "funcName": "_log", "lineno": 188, "event_type": "streaming_indicator_engine.data_anomalies_detected", "data": {"symbol": "ARIA_USDT", "timestamp": 1762076531.311, "anomalies": ["stale_timestamp: 1762076531.311 vs 1764665484.0660226"], "data_sample": {"price": 0.16778, "volume": 10.0}}}
{"timestamp": "2025-12-02T08:51:24.066901+00:00", "level": "WARNING", "module": "logger", "funcName": "_log", "lineno": 188, "event_type": "streaming_indicator_engine.data_anomalies_detected", "data": {"symbol": "ARIA_USDT", "timestamp": 1762076537.311, "anomalies": ["stale_timestamp: 1762076537.311 vs 1764665484.0669017"], "data_sample": {"price": 0.16777, "volume": 10.0}}}
{"timestamp": "2025-12-02T08:51:24.068000+00:00", "level": "WARNING", "module": "logger", "funcName": "_log", "lineno": 188, "event_type": "streaming_indicator_engine.data_anomalies_detected", "data": {"symbol": "ARIA_USDT", "timestamp": 1762076543.312, "anomalies": ["stale_timestamp: 1762076543.312 vs 1764665484.0680008"], "data_sample": {"price": 0.16765, "volume": 8.0}}}
{"timestamp": "2025-12-02T08:51:24.081247+00:00", "level": "WARNING", "module": "logger", "funcName": "_log", "lineno": 188, "event_type": "streaming_indicator_engine.data_anomalies_detected", "data": {"symbol": "ARIA_USDT", "timestamp": 1762076551.311, "anomalies": ["stale_timestamp: 1762076551.311 vs 1764665484.081247"], "data_sample": {"price": 0.16776, "volume": 7.0}}}
{"timestamp": "2025-12-02T08:51:24.096768+00:00", "level": "WARNING", "module": "logger", "funcName": "_log", "lineno": 188, "event_type": "streaming_indicator_engine.data_anomalies_detected", "data": {"symbol": "ARIA_USDT", "timestamp": 1762076567.313999, "anomalies": ["stale_timestamp: 1762076567.313999 vs 1764665484.0967689"], "data_sample": {"price": 0.16779, "volume": 4.0}}}
{"timestamp": "2025-12-02T08:51:24.112310+00:00", "level": "WARNING", "module": "logger", "funcName": "_log", "lineno": 188, "event_type": "streaming_indicator_engine.data_anomalies_detected", "data": {"symbol": "ARIA_USDT", "timestamp": 1762076582.312999, "anomalies": ["stale_timestamp: 1762076582.312999 vs 1764665484.1123102"], "data_sample": {"price": 0.16774, "volume": 4.0}}}
{"timestamp": "2025-12-02T08:51:24.127734+00:00", "level": "WARNING", "module": "logger", "funcName": "_log", "lineno": 188, "event_type": "streaming_indicator_engine.data_anomalies_detected", "data": {"symbol": "ARIA_USDT", "timestamp": 1762076595.309999, "anomalies": ["stale_timestamp: 1762076595.309999 vs 1764665484.1277342"], "data_sample": {"price": 0.16776, "volume": 10.0}}}
{"timestamp": "2025-12-02T08:51:24.143025+00:00", "level": "WARNING", "module": "logger", "funcName": "_log", "lineno": 188, "event_type": "streaming_indicator_engine.data_anomalies_detected", "data": {"symbol": "ARIA_USDT", "timestamp": 1762076606.309999, "anomalies": ["stale_timestamp: 1762076606.309999 vs 1764665484.1430259"], "data_sample": {"price": 0.16772, "volume": 9.0}}}
{"timestamp": "2025-12-02T08:51:24.158791+00:00", "level": "WARNING", "module": "logger", "funcName": "_log", "lineno": 188, "event_type": "streaming_indicator_engine.data_anomalies_detected", "data": {"symbol": "ARIA_USDT", "timestamp": 1762076620.309999, "anomalies": ["stale_timestamp: 1762076620.309999 vs 1764665484.1587918"], "data_sample": {"price": 0.16764, "volume": 5.0}}}
{"timestamp": "2025-12-02T08:51:24.174318+00:00", "level": "WARNING", "module": "logger", "funcName": "_log", "lineno": 188, "event_type": "streaming_indicator_engine.data_anomalies_detected", "data": {"symbol": "ARIA_USDT", "timestamp": 1762076628.311, "anomalies": ["stale_timestamp: 1762076628.311 vs 1764665484.1743188"], "data_sample": {"price": 0.16761, "volume": 7.0}}}
{"timestamp": "2025-12-02T08:51:24.189528+00:00", "level": "WARNING", "module": "logger", "funcName": "_log", "lineno": 188, "event_type": "streaming_indicator_engine.data_anomalies_detected", "data": {"symbol": "ARIA_USDT", "timestamp": 1762076638.312999, "anomalies": ["stale_timestamp: 1762076638.312999 vs 1764665484.189528"], "data_sample": {"price": 0.16763, "volume": 10.0}}}
{"timestamp": "2025-12-02T08:51:24.206038+00:00", "level": "WARNING", "module": "logger", "funcName": "_log", "lineno": 188, "event_type": "streaming_indicator_engine.data_anomalies_detected", "data": {"symbol": "ARIA_USDT", "timestamp": 1762076647.309999, "anomalies": ["stale_timestamp: 1762076647.309999 vs 1764665484.2051485"], "data_sample": {"price": 0.16762, "volume": 4.0}}}
{"timestamp": "2025-12-02T08:51:24.220270+00:00", "level": "WARNING", "module": "logger", "funcName": "_log", "lineno": 188, "event_type": "streaming_indicator_engine.data_anomalies_detected", "data": {"symbol": "ARIA_USDT", "timestamp": 1762076653.309999, "anomalies": ["stale_timestamp: 1762076653.309999 vs 1764665484.2202702"], "data_sample": {"price": 0.16761, "volume": 9.0}}}
{"timestamp": "2025-12-02T08:51:24.235107+00:00", "level": "WARNING", "module": "logger", "funcName": "_log", "lineno": 188, "event_type": "streaming_indicator_engine.data_anomalies_detected", "data": {"symbol": "ARIA_USDT", "timestamp": 1762076666.309999, "anomalies": ["stale_timestamp: 1762076666.309999 vs 1764665484.2351077"], "data_sample": {"price": 0.16763, "volume": 9.0}}}
{"timestamp": "2025-12-02T08:51:24.250082+00:00", "level": "WARNING", "module": "logger", "funcName": "_log", "lineno": 188, "event_type": "streaming_indicator_engine.data_anomalies_detected", "data": {"symbol": "ARIA_USDT", "timestamp": 1762076672.308999, "anomalies": ["stale_timestamp: 1762076672.308999 vs 1764665484.2500827"], "data_sample": {"price": 0.16762, "volume": 9.0}}}
{"timestamp": "2025-12-02T08:51:24.264888+00:00", "level": "WARNING", "module": "logger", "funcName": "_log", "lineno": 188, "event_type": "streaming_indicator_engine.data_anomalies_detected", "data": {"symbol": "ARIA_USDT", "timestamp": 1762076685.309999, "anomalies": ["stale_timestamp: 1762076685.309999 vs 1764665484.2648888"], "data_sample": {"price": 0.16732, "volume": 9.0}}}
{"timestamp": "2025-12-02T08:51:24.281069+00:00", "level": "WARNING", "module": "logger", "funcName": "_log", "lineno": 188, "event_type": "streaming_indicator_engine.data_anomalies_detected", "data": {"symbol": "ARIA_USDT", "timestamp": 1762076699.311, "anomalies": ["stale_timestamp: 1762076699.311 vs 1764665484.281069"], "data_sample": {"price": 0.16737, "volume": 11.0}}}
{"timestamp": "2025-12-02T08:51:24.296415+00:00", "level": "WARNING", "module": "logger", "funcName": "_log", "lineno": 188, "event_type": "streaming_indicator_engine.data_anomalies_detected", "data": {"symbol": "ARIA_USDT", "timestamp": 1762076713.309999, "anomalies": ["stale_timestamp: 1762076713.309999 vs 1764665484.2964156"], "data_sample": {"price": 0.16735, "volume": 4.0}}}
{"timestamp": "2025-12-02T08:51:24.311386+00:00", "level": "WARNING", "module": "logger", "funcName": "_log", "lineno": 188, "event_type": "streaming_indicator_engine.data_anomalies_detected", "data": {"symbol": "ARIA_USDT", "timestamp": 1762076728.311, "anomalies": ["stale_timestamp: 1762076728.311 vs 1764665484.3113863"], "data_sample": {"price": 0.16739, "volume": 9.0}}}
{"timestamp": "2025-12-02T08:51:24.313768+00:00", "level": "INFO", "module": "logger", "funcName": "_log", "lineno": 188, "event_type": "strategy_manager.indicator_update_received", "data": {"symbol": "ARIA_USDT", "indicator_name": "611fad91-045d-408b-8822-f43428935033_20", "indicator_type": "", "value": -0.002109402637718305, "active_strategies_for_symbol": true, "active_count": 3}}
{"timestamp": "2025-12-02T08:51:24.314694+00:00", "level": "WARNING", "module": "logger", "funcName": "_log", "lineno": 188, "event_type": "streaming_indicator_engine.data_anomalies_detected", "data": {"symbol": "ARIA_USDT", "timestamp": 1762076734.308999, "anomalies": ["stale_timestamp: 1762076734.308999 vs 1764665484.3146946"], "data_sample": {"price": 0.16744, "volume": 9.0}}}
{"timestamp": "2025-12-02T08:51:24.314694+00:00", "level": "WARNING", "module": "logger", "funcName": "_log", "lineno": 188, "event_type": "streaming_indicator_engine.data_anomalies_detected", "data": {"symbol": "ARIA_USDT", "timestamp": 1762076750.309999, "anomalies": ["stale_timestamp: 1762076750.309999 vs 1764665484.3146946"], "data_sample": {"price": 0.16747, "volume": 10.0}}}
{"timestamp": "2025-12-02T08:51:24.315711+00:00", "level": "WARNING", "module": "logger", "funcName": "_log", "lineno": 188, "event_type": "streaming_indicator_engine.data_anomalies_detected", "data": {"symbol": "ARIA_USDT", "timestamp": 1762076759.311, "anomalies": ["stale_timestamp: 1762076759.311 vs 1764665484.3157113"], "data_sample": {"price": 0.16746, "volume": 10.0}}}
{"timestamp": "2025-12-02T08:51:24.316694+00:00", "level": "WARNING", "module": "logger", "funcName": "_log", "lineno": 188, "event_type": "streaming_indicator_engine.data_anomalies_detected", "data": {"symbol": "ARIA_USDT", "timestamp": 1762076767.309999, "anomalies": ["stale_timestamp: 1762076767.309999 vs 1764665484.316694"], "data_sample": {"price": 0.16742, "volume": 8.0}}}
{"timestamp": "2025-12-02T08:51:24.317694+00:00", "level": "WARNING", "module": "logger", "funcName": "_log", "lineno": 188, "event_type": "streaming_indicator_engine.data_anomalies_detected", "data": {"symbol": "ARIA_USDT", "timestamp": 1762076783.312, "anomalies": ["stale_timestamp: 1762076783.312 vs 1764665484.3176944"], "data_sample": {"price": 0.16745, "volume": 8.0}}}
{"timestamp": "2025-12-02T08:51:24.319206+00:00", "level": "INFO", "module": "logger", "funcName": "_log", "lineno": 188, "event_type": "strategy_manager.indicator_update_received", "data": {"symbol": "ARIA_USDT", "indicator_name": "611fad91-045d-408b-8822-f43428935033_20", "indicator_type": "", "value": -0.002109402637718305, "active_strategies_for_symbol": true, "active_count": 3}}
{"timestamp": "2025-12-02T08:51:24.320218+00:00", "level": "WARNING", "module": "logger", "funcName": "_log", "lineno": 188, "event_type": "streaming_indicator_engine.data_anomalies_detected", "data": {"symbol": "ARIA_USDT", "timestamp": 1762076789.309999, "anomalies": ["stale_timestamp: 1762076789.309999 vs 1764665484.3202188"], "data_sample": {"price": 0.16755, "volume": 9.0}}}
{"timestamp": "2025-12-02T08:51:24.321234+00:00", "level": "WARNING", "module": "logger", "funcName": "_log", "lineno": 188, "event_type": "streaming_indicator_engine.data_anomalies_detected", "data": {"symbol": "ARIA_USDT", "timestamp": 1762076803.311, "anomalies": ["stale_timestamp: 1762076803.311 vs 1764665484.3212347"], "data_sample": {"price": 0.16758, "volume": 10.0}}}
{"timestamp": "2025-12-02T08:51:24.321234+00:00", "level": "WARNING", "module": "logger", "funcName": "_log", "lineno": 188, "event_type": "streaming_indicator_engine.data_anomalies_detected", "data": {"symbol": "ARIA_USDT", "timestamp": 1762076816.308999, "anomalies": ["stale_timestamp: 1762076816.308999 vs 1764665484.3212347"], "data_sample": {"price": 0.16762, "volume": 9.0}}}
{"timestamp": "2025-12-02T08:51:24.322226+00:00", "level": "WARNING", "module": "logger", "funcName": "_log", "lineno": 188, "event_type": "streaming_indicator_engine.data_anomalies_detected", "data": {"symbol": "ARIA_USDT", "timestamp": 1762076825.312999, "anomalies": ["stale_timestamp: 1762076825.312999 vs 1764665484.3222268"], "data_sample": {"price": 0.16751, "volume": 10.0}}}
{"timestamp": "2025-12-02T08:51:24.323319+00:00", "level": "WARNING", "module": "logger", "funcName": "_log", "lineno": 188, "event_type": "streaming_indicator_engine.data_anomalies_detected", "data": {"symbol": "ARIA_USDT", "timestamp": 1762076831.316999, "anomalies": ["stale_timestamp: 1762076831.316999 vs 1764665484.3222268"], "data_sample": {"price": 0.1674, "volume": 6.0}}}
{"timestamp": "2025-12-02T08:51:24.323319+00:00", "level": "WARNING", "module": "logger", "funcName": "_log", "lineno": 188, "event_type": "streaming_indicator_engine.data_anomalies_detected", "data": {"symbol": "ARIA_USDT", "timestamp": 1762076839.311, "anomalies": ["stale_timestamp: 1762076839.311 vs 1764665484.3233192"], "data_sample": {"price": 0.16741, "volume": 8.0}}}
{"timestamp": "2025-12-02T08:51:24.327225+00:00", "level": "INFO", "module": "logger", "funcName": "_log", "lineno": 188, "event_type": "strategy_manager.indicator_update_received", "data": {"symbol": "ARIA_USDT", "indicator_name": "5fc82998-9270-4b44-8312-f74ddd20a93d_20", "indicator_type": "", "value": 66.8228865559171, "active_strategies_for_symbol": true, "active_count": 3}}
{"timestamp": "2025-12-02T08:51:24.327225+00:00", "level": "WARNING", "module": "logger", "funcName": "_log", "lineno": 188, "event_type": "streaming_indicator_engine.data_anomalies_detected", "data": {"symbol": "ARIA_USDT", "timestamp": 1762076846.312, "anomalies": ["stale_timestamp: 1762076846.312 vs 1764665484.3272257"], "data_sample": {"price": 0.1674, "volume": 6.0}}}
{"timestamp": "2025-12-02T08:51:24.327225+00:00", "level": "WARNING", "module": "logger", "funcName": "_log", "lineno": 188, "event_type": "streaming_indicator_engine.data_anomalies_detected", "data": {"symbol": "ARIA_USDT", "timestamp": 1762076859.309999, "anomalies": ["stale_timestamp: 1762076859.309999 vs 1764665484.3272257"], "data_sample": {"price": 0.16723, "volume": 5.0}}}
{"timestamp": "2025-12-02T08:51:24.328772+00:00", "level": "WARNING", "module": "logger", "funcName": "_log", "lineno": 188, "event_type": "streaming_indicator_engine.data_anomalies_detected", "data": {"symbol": "ARIA_USDT", "timestamp": 1762076870.309999, "anomalies": ["stale_timestamp: 1762076870.309999 vs 1764665484.3287723"], "data_sample": {"price": 0.16724, "volume": 9.0}}}
{"timestamp": "2025-12-02T08:51:24.328772+00:00", "level": "WARNING", "module": "logger", "funcName": "_log", "lineno": 188, "event_type": "streaming_indicator_engine.data_anomalies_detected", "data": {"symbol": "ARIA_USDT", "timestamp": 1762076878.309999, "anomalies": ["stale_timestamp: 1762076878.309999 vs 1764665484.3287723"], "data_sample": {"price": 0.16731, "volume": 4.0}}}
{"timestamp": "2025-12-02T08:51:24.329781+00:00", "level": "WARNING", "module": "logger", "funcName": "_log", "lineno": 188, "event_type": "streaming_indicator_engine.data_anomalies_detected", "data": {"symbol": "ARIA_USDT", "timestamp": 1762076892.311, "anomalies": ["stale_timestamp: 1762076892.311 vs 1764665484.329781"], "data_sample": {"price": 0.16728, "volume": 9.0}}}
{"timestamp": "2025-12-02T08:51:24.329781+00:00", "level": "INFO", "module": "logger", "funcName": "_log", "lineno": 188, "event_type": "strategy_manager.indicator_update_received", "data": {"symbol": "ARIA_USDT", "indicator_name": "5fc82998-9270-4b44-8312-f74ddd20a93d_20", "indicator_type": "", "value": 66.8228865559171, "active_strategies_for_symbol": true, "active_count": 3}}
{"timestamp": "2025-12-02T08:51:24.330823+00:00", "level": "WARNING", "module": "logger", "funcName": "_log", "lineno": 188, "event_type": "streaming_indicator_engine.data_anomalies_detected", "data": {"symbol": "ARIA_USDT", "timestamp": 1762076900.309999, "anomalies": ["stale_timestamp: 1762076900.309999 vs 1764665484.330824"], "data_sample": {"price": 0.16731, "volume": 7.0}}}
{"timestamp": "2025-12-02T08:51:24.331783+00:00", "level": "WARNING", "module": "logger", "funcName": "_log", "lineno": 188, "event_type": "streaming_indicator_engine.data_anomalies_detected", "data": {"symbol": "ARIA_USDT", "timestamp": 1762076915.308999, "anomalies": ["stale_timestamp: 1762076915.308999 vs 1764665484.331783"], "data_sample": {"price": 0.16729, "volume": 4.0}}}
{"timestamp": "2025-12-02T08:51:24.331783+00:00", "level": "WARNING", "module": "logger", "funcName": "_log", "lineno": 188, "event_type": "streaming_indicator_engine.data_anomalies_detected", "data": {"symbol": "ARIA_USDT", "timestamp": 1762076929.309999, "anomalies": ["stale_timestamp: 1762076929.309999 vs 1764665484.331783"], "data_sample": {"price": 0.16725, "volume": 11.0}}}
{"timestamp": "2025-12-02T08:51:24.332817+00:00", "level": "WARNING", "module": "logger", "funcName": "_log", "lineno": 188, "event_type": "streaming_indicator_engine.data_anomalies_detected", "data": {"symbol": "ARIA_USDT", "timestamp": 1762076940.312999, "anomalies": ["stale_timestamp: 1762076940.312999 vs 1764665484.3328176"], "data_sample": {"price": 0.16733, "volume": 8.0}}}
{"timestamp": "2025-12-02T08:51:24.332817+00:00", "level": "WARNING", "module": "logger", "funcName": "_log", "lineno": 188, "event_type": "streaming_indicator_engine.data_anomalies_detected", "data": {"symbol": "ARIA_USDT", "timestamp": 1762076949.324999, "anomalies": ["stale_timestamp: 1762076949.324999 vs 1764665484.3328176"], "data_sample": {"price": 0.1673, "volume": 8.0}}}
{"timestamp": "2025-12-02T08:51:24.333905+00:00", "level": "WARNING", "module": "logger", "funcName": "_log", "lineno": 188, "event_type": "streaming_indicator_engine.data_anomalies_detected", "data": {"symbol": "ARIA_USDT", "timestamp": 1762076965.316, "anomalies": ["stale_timestamp: 1762076965.316 vs 1764665484.3339055"], "data_sample": {"price": 0.16729, "volume": 4.0}}}
{"timestamp": "2025-12-02T08:51:24.333905+00:00", "level": "WARNING", "module": "logger", "funcName": "_log", "lineno": 188, "event_type": "streaming_indicator_engine.data_anomalies_detected", "data": {"symbol": "ARIA_USDT", "timestamp": 1762076978.312, "anomalies": ["stale_timestamp: 1762076978.312 vs 1764665484.3339055"], "data_sample": {"price": 0.1673, "volume": 9.0}}}
{"timestamp": "2025-12-02T08:51:24.359218+00:00", "level": "WARNING", "module": "logger", "funcName": "_log", "lineno": 188, "event_type": "streaming_indicator_engine.data_anomalies_detected", "data": {"symbol": "ARIA_USDT", "timestamp": 1762076990.315, "anomalies": ["stale_timestamp: 1762076990.315 vs 1764665484.3576543"], "data_sample": {"price": 0.16733, "volume": 10.0}}}
{"timestamp": "2025-12-02T08:51:24.372895+00:00", "level": "WARNING", "module": "logger", "funcName": "_log", "lineno": 188, "event_type": "streaming_indicator_engine.data_anomalies_detected", "data": {"symbol": "ARIA_USDT", "timestamp": 1762076997.315, "anomalies": ["stale_timestamp: 1762076997.315 vs 1764665484.3728952"], "data_sample": {"price": 0.16726, "volume": 12.0}}}
{"timestamp": "2025-12-02T08:51:24.388715+00:00", "level": "WARNING", "module": "logger", "funcName": "_log", "lineno": 188, "event_type": "streaming_indicator_engine.data_anomalies_detected", "data": {"symbol": "ARIA_USDT", "timestamp": 1762077007.309999, "anomalies": ["stale_timestamp: 1762077007.309999 vs 1764665484.3887155"], "data_sample": {"price": 0.16719, "volume": 4.0}}}
{"timestamp": "2025-12-02T08:51:24.403393+00:00", "level": "WARNING", "module": "logger", "funcName": "_log", "lineno": 188, "event_type": "streaming_indicator_engine.data_anomalies_detected", "data": {"symbol": "ARIA_USDT", "timestamp": 1762077018.309999, "anomalies": ["stale_timestamp: 1762077018.309999 vs 1764665484.4033933"], "data_sample": {"price": 0.16722, "volume": 8.0}}}
{"timestamp": "2025-12-02T08:51:24.418854+00:00", "level": "WARNING", "module": "logger", "funcName": "_log", "lineno": 188, "event_type": "streaming_indicator_engine.data_anomalies_detected", "data": {"symbol": "ARIA_USDT", "timestamp": 1762077025.309999, "anomalies": ["stale_timestamp: 1762077025.309999 vs 1764665484.4188545"], "data_sample": {"price": 0.16726, "volume": 5.0}}}
{"timestamp": "2025-12-02T08:51:24.433984+00:00", "level": "WARNING", "module": "logger", "funcName": "_log", "lineno": 188, "event_type": "streaming_indicator_engine.data_anomalies_detected", "data": {"symbol": "ARIA_USDT", "timestamp": 1762077033.311, "anomalies": ["stale_timestamp: 1762077033.311 vs 1764665484.433984"], "data_sample": {"price": 0.16725, "volume": 4.0}}}
{"timestamp": "2025-12-02T08:51:24.451582+00:00", "level": "WARNING", "module": "logger", "funcName": "_log", "lineno": 188, "event_type": "streaming_indicator_engine.data_anomalies_detected", "data": {"symbol": "ARIA_USDT", "timestamp": 1762077042.309999, "anomalies": ["stale_timestamp: 1762077042.309999 vs 1764665484.4500194"], "data_sample": {"price": 0.16724, "volume": 4.0}}}
{"timestamp": "2025-12-02T08:51:24.465259+00:00", "level": "WARNING", "module": "logger", "funcName": "_log", "lineno": 188, "event_type": "streaming_indicator_engine.data_anomalies_detected", "data": {"symbol": "ARIA_USDT", "timestamp": 1762077051.309999, "anomalies": ["stale_timestamp: 1762077051.309999 vs 1764665484.4652596"], "data_sample": {"price": 0.16725, "volume": 4.0}}}
{"timestamp": "2025-12-02T08:51:24.481414+00:00", "level": "WARNING", "module": "logger", "funcName": "_log", "lineno": 188, "event_type": "streaming_indicator_engine.data_anomalies_detected", "data": {"symbol": "ARIA_USDT", "timestamp": 1762077057.312999, "anomalies": ["stale_timestamp: 1762077057.312999 vs 1764665484.4814143"], "data_sample": {"price": 0.16726, "volume": 3.0}}}
{"timestamp": "2025-12-02T08:51:24.496658+00:00", "level": "WARNING", "module": "logger", "funcName": "_log", "lineno": 188, "event_type": "streaming_indicator_engine.data_anomalies_detected", "data": {"symbol": "ARIA_USDT", "timestamp": 1762077067.316999, "anomalies": ["stale_timestamp: 1762077067.316999 vs 1764665484.4966583"], "data_sample": {"price": 0.16725, "volume": 8.0}}}
{"timestamp": "2025-12-02T08:51:24.511386+00:00", "level": "WARNING", "module": "logger", "funcName": "_log", "lineno": 188, "event_type": "streaming_indicator_engine.data_anomalies_detected", "data": {"symbol": "ARIA_USDT", "timestamp": 1762077081.308, "anomalies": ["stale_timestamp: 1762077081.308 vs 1764665484.5113864"], "data_sample": {"price": 0.16714, "volume": 6.0}}}
{"timestamp": "2025-12-02T08:51:24.526797+00:00", "level": "WARNING", "module": "logger", "funcName": "_log", "lineno": 188, "event_type": "streaming_indicator_engine.data_anomalies_detected", "data": {"symbol": "ARIA_USDT", "timestamp": 1762077089.311, "anomalies": ["stale_timestamp: 1762077089.311 vs 1764665484.5267975"], "data_sample": {"price": 0.16711, "volume": 4.0}}}
{"timestamp": "2025-12-02T08:51:24.542124+00:00", "level": "WARNING", "module": "logger", "funcName": "_log", "lineno": 188, "event_type": "streaming_indicator_engine.data_anomalies_detected", "data": {"symbol": "ARIA_USDT", "timestamp": 1762077098.311, "anomalies": ["stale_timestamp: 1762077098.311 vs 1764665484.5421245"], "data_sample": {"price": 0.16702, "volume": 4.0}}}
{"timestamp": "2025-12-02T08:51:24.559089+00:00", "level": "WARNING", "module": "logger", "funcName": "_log", "lineno": 188, "event_type": "streaming_indicator_engine.data_anomalies_detected", "data": {"symbol": "ARIA_USDT", "timestamp": 1762077107.335, "anomalies": ["stale_timestamp: 1762077107.335 vs 1764665484.557575"], "data_sample": {"price": 0.167, "volume": 26.0}}}
{"timestamp": "2025-12-02T08:51:24.561196+00:00", "level": "INFO", "module": "logger", "funcName": "_log", "lineno": 188, "event_type": "strategy_manager.indicator_update_received", "data": {"symbol": "ARIA_USDT", "indicator_name": "790d8eed-dc95-43ff-b625-1205d256154b_20", "indicator_type": "", "value": -0.0033366664294271543, "active_strategies_for_symbol": true, "active_count": 3}}
{"timestamp": "2025-12-02T08:51:24.561196+00:00", "level": "WARNING", "module": "logger", "funcName": "_log", "lineno": 188, "event_type": "streaming_indicator_engine.data_anomalies_detected", "data": {"symbol": "ARIA_USDT", "timestamp": 1762077121.309999, "anomalies": ["stale_timestamp: 1762077121.309999 vs 1764665484.5611966"], "data_sample": {"price": 0.16704, "volume": 8.0}}}
{"timestamp": "2025-12-02T08:51:24.562107+00:00", "level": "WARNING", "module": "logger", "funcName": "_log", "lineno": 188, "event_type": "streaming_indicator_engine.data_anomalies_detected", "data": {"symbol": "ARIA_USDT", "timestamp": 1762077123.420999, "anomalies": ["stale_timestamp: 1762077123.420999 vs 1764665484.562107"], "data_sample": {"price": 0.167, "volume": 59.0}}}
{"timestamp": "2025-12-02T08:51:24.562107+00:00", "level": "WARNING", "module": "logger", "funcName": "_log", "lineno": 188, "event_type": "streaming_indicator_engine.data_anomalies_detected", "data": {"symbol": "ARIA_USDT", "timestamp": 1762077139.311, "anomalies": ["stale_timestamp: 1762077139.311 vs 1764665484.562107"], "data_sample": {"price": 0.16703, "volume": 5.0}}}
{"timestamp": "2025-12-02T08:51:24.563192+00:00", "level": "WARNING", "module": "logger", "funcName": "_log", "lineno": 188, "event_type": "streaming_indicator_engine.data_anomalies_detected", "data": {"symbol": "ARIA_USDT", "timestamp": 1762077152.308999, "anomalies": ["stale_timestamp: 1762077152.308999 vs 1764665484.5631921"], "data_sample": {"price": 0.16708, "volume": 9.0}}}
{"timestamp": "2025-12-02T08:51:24.564099+00:00", "level": "WARNING", "module": "logger", "funcName": "_log", "lineno": 188, "event_type": "streaming_indicator_engine.data_anomalies_detected", "data": {"symbol": "ARIA_USDT", "timestamp": 1762077163.309999, "anomalies": ["stale_timestamp: 1762077163.309999 vs 1764665484.5640996"], "data_sample": {"price": 0.16713, "volume": 11.0}}}
{"timestamp": "2025-12-02T08:51:24.564099+00:00", "level": "INFO", "module": "logger", "funcName": "_log", "lineno": 188, "event_type": "strategy_manager.indicator_update_received", "data": {"symbol": "ARIA_USDT", "indicator_name": "790d8eed-dc95-43ff-b625-1205d256154b_20", "indicator_type": "", "value": -0.0033366664294271543, "active_strategies_for_symbol": true, "active_count": 3}}
{"timestamp": "2025-12-02T08:51:24.565492+00:00", "level": "WARNING", "module": "logger", "funcName": "_log", "lineno": 188, "event_type": "streaming_indicator_engine.data_anomalies_detected", "data": {"symbol": "ARIA_USDT", "timestamp": 1762077172.309999, "anomalies": ["stale_timestamp: 1762077172.309999 vs 1764665484.5654926"], "data_sample": {"price": 0.16706, "volume": 12.0}}}
{"timestamp": "2025-12-02T08:51:24.566501+00:00", "level": "WARNING", "module": "logger", "funcName": "_log", "lineno": 188, "event_type": "streaming_indicator_engine.data_anomalies_detected", "data": {"symbol": "ARIA_USDT", "timestamp": 1762077187.312999, "anomalies": ["stale_timestamp: 1762077187.312999 vs 1764665484.5665011"], "data_sample": {"price": 0.16705, "volume": 4.0}}}
{"timestamp": "2025-12-02T08:51:24.566501+00:00", "level": "WARNING", "module": "logger", "funcName": "_log", "lineno": 188, "event_type": "streaming_indicator_engine.data_anomalies_detected", "data": {"symbol": "ARIA_USDT", "timestamp": 1762077203.309999, "anomalies": ["stale_timestamp: 1762077203.309999 vs 1764665484.5665011"], "data_sample": {"price": 0.16703, "volume": 6.0}}}
{"timestamp": "2025-12-02T08:51:24.567503+00:00", "level": "WARNING", "module": "logger", "funcName": "_log", "lineno": 188, "event_type": "streaming_indicator_engine.data_anomalies_detected", "data": {"symbol": "ARIA_USDT", "timestamp": 1762077211.312, "anomalies": ["stale_timestamp: 1762077211.312 vs 1764665484.5675032"], "data_sample": {"price": 0.16707, "volume": 9.0}}}
{"timestamp": "2025-12-02T08:51:24.567503+00:00", "level": "WARNING", "module": "logger", "funcName": "_log", "lineno": 188, "event_type": "streaming_indicator_engine.data_anomalies_detected", "data": {"symbol": "ARIA_USDT", "timestamp": 1762077227.312999, "anomalies": ["stale_timestamp: 1762077227.312999 vs 1764665484.5675032"], "data_sample": {"price": 0.16704, "volume": 4.0}}}
{"timestamp": "2025-12-02T08:51:24.567503+00:00", "level": "WARNING", "module": "logger", "funcName": "_log", "lineno": 188, "event_type": "streaming_indicator_engine.data_anomalies_detected", "data": {"symbol": "ARIA_USDT", "timestamp": 1762077234.308999, "anomalies": ["stale_timestamp: 1762077234.308999 vs 1764665484.5675032"], "data_sample": {"price": 0.16708, "volume": 8.0}}}
{"timestamp": "2025-12-02T08:51:24.569009+00:00", "level": "WARNING", "module": "logger", "funcName": "_log", "lineno": 188, "event_type": "streaming_indicator_engine.data_anomalies_detected", "data": {"symbol": "ARIA_USDT", "timestamp": 1762077247.312999, "anomalies": ["stale_timestamp: 1762077247.312999 vs 1764665484.5690098"], "data_sample": {"price": 0.16705, "volume": 7.0}}}
{"timestamp": "2025-12-02T08:51:24.587795+00:00", "level": "WARNING", "module": "logger", "funcName": "_log", "lineno": 188, "event_type": "streaming_indicator_engine.data_anomalies_detected", "data": {"symbol": "ARIA_USDT", "timestamp": 1762077263.309999, "anomalies": ["stale_timestamp: 1762077263.309999 vs 1764665484.5877953"], "data_sample": {"price": 0.16704, "volume": 7.0}}}
{"timestamp": "2025-12-02T08:51:24.603695+00:00", "level": "WARNING", "module": "logger", "funcName": "_log", "lineno": 188, "event_type": "streaming_indicator_engine.data_anomalies_detected", "data": {"symbol": "ARIA_USDT", "timestamp": 1762077274.309999, "anomalies": ["stale_timestamp: 1762077274.309999 vs 1764665484.6036956"], "data_sample": {"price": 0.16709, "volume": 4.0}}}
{"timestamp": "2025-12-02T08:51:24.619627+00:00", "level": "WARNING", "module": "logger", "funcName": "_log", "lineno": 188, "event_type": "streaming_indicator_engine.data_anomalies_detected", "data": {"symbol": "ARIA_USDT", "timestamp": 1762077281.311, "anomalies": ["stale_timestamp: 1762077281.311 vs 1764665484.6196275"], "data_sample": {"price": 0.16713, "volume": 12.0}}}
{"timestamp": "2025-12-02T08:51:24.634563+00:00", "level": "WARNING", "module": "logger", "funcName": "_log", "lineno": 188, "event_type": "streaming_indicator_engine.data_anomalies_detected", "data": {"symbol": "ARIA_USDT", "timestamp": 1762077290.312, "anomalies": ["stale_timestamp: 1762077290.312 vs 1764665484.6345637"], "data_sample": {"price": 0.16709, "volume": 8.0}}}
{"timestamp": "2025-12-02T08:51:24.649931+00:00", "level": "WARNING", "module": "logger", "funcName": "_log", "lineno": 188, "event_type": "streaming_indicator_engine.data_anomalies_detected", "data": {"symbol": "ARIA_USDT", "timestamp": 1762077299.312, "anomalies": ["stale_timestamp: 1762077299.312 vs 1764665484.6499314"], "data_sample": {"price": 0.16706, "volume": 8.0}}}
{"timestamp": "2025-12-02T08:51:24.665209+00:00", "level": "WARNING", "module": "logger", "funcName": "_log", "lineno": 188, "event_type": "streaming_indicator_engine.data_anomalies_detected", "data": {"symbol": "ARIA_USDT", "timestamp": 1762077309.309999, "anomalies": ["stale_timestamp: 1762077309.309999 vs 1764665484.665209"], "data_sample": {"price": 0.16705, "volume": 6.0}}}
{"timestamp": "2025-12-02T08:51:24.680514+00:00", "level": "WARNING", "module": "logger", "funcName": "_log", "lineno": 188, "event_type": "streaming_indicator_engine.data_anomalies_detected", "data": {"symbol": "ARIA_USDT", "timestamp": 1762077318.312, "anomalies": ["stale_timestamp: 1762077318.312 vs 1764665484.680514"], "data_sample": {"price": 0.16706, "volume": 9.0}}}
{"timestamp": "2025-12-02T08:51:24.695814+00:00", "level": "WARNING", "module": "logger", "funcName": "_log", "lineno": 188, "event_type": "streaming_indicator_engine.data_anomalies_detected", "data": {"symbol": "ARIA_USDT", "timestamp": 1762077324.309999, "anomalies": ["stale_timestamp: 1762077324.309999 vs 1764665484.6958141"], "data_sample": {"price": 0.1671, "volume": 5.0}}}
{"timestamp": "2025-12-02T08:51:24.711203+00:00", "level": "WARNING", "module": "logger", "funcName": "_log", "lineno": 188, "event_type": "streaming_indicator_engine.data_anomalies_detected", "data": {"symbol": "ARIA_USDT", "timestamp": 1762077335.309999, "anomalies": ["stale_timestamp: 1762077335.309999 vs 1764665484.7112038"], "data_sample": {"price": 0.16709, "volume": 4.0}}}
{"timestamp": "2025-12-02T08:51:24.726618+00:00", "level": "WARNING", "module": "logger", "funcName": "_log", "lineno": 188, "event_type": "streaming_indicator_engine.data_anomalies_detected", "data": {"symbol": "ARIA_USDT", "timestamp": 1762077351.309999, "anomalies": ["stale_timestamp: 1762077351.309999 vs 1764665484.7266183"], "data_sample": {"price": 0.1671, "volume": 3.0}}}
{"timestamp": "2025-12-02T08:51:24.741940+00:00", "level": "WARNING", "module": "logger", "funcName": "_log", "lineno": 188, "event_type": "streaming_indicator_engine.data_anomalies_detected", "data": {"symbol": "ARIA_USDT", "timestamp": 1762077362.309999, "anomalies": ["stale_timestamp: 1762077362.309999 vs 1764665484.7419405"], "data_sample": {"price": 0.16716, "volume": 5.0}}}
{"timestamp": "2025-12-02T08:51:24.756958+00:00", "level": "WARNING", "module": "logger", "funcName": "_log", "lineno": 188, "event_type": "streaming_indicator_engine.data_anomalies_detected", "data": {"symbol": "ARIA_USDT", "timestamp": 1762077376.309999, "anomalies": ["stale_timestamp: 1762077376.309999 vs 1764665484.7569585"], "data_sample": {"price": 0.16724, "volume": 11.0}}}
{"timestamp": "2025-12-02T08:51:24.772255+00:00", "level": "WARNING", "module": "logger", "funcName": "_log", "lineno": 188, "event_type": "streaming_indicator_engine.data_anomalies_detected", "data": {"symbol": "ARIA_USDT", "timestamp": 1762077387.309999, "anomalies": ["stale_timestamp: 1762077387.309999 vs 1764665484.7722554"], "data_sample": {"price": 0.16726, "volume": 11.0}}}
{"timestamp": "2025-12-02T08:51:24.787420+00:00", "level": "WARNING", "module": "logger", "funcName": "_log", "lineno": 188, "event_type": "streaming_indicator_engine.data_anomalies_detected", "data": {"symbol": "ARIA_USDT", "timestamp": 1762077395.309999, "anomalies": ["stale_timestamp: 1762077395.309999 vs 1764665484.7874207"], "data_sample": {"price": 0.16728, "volume": 3.0}}}
{"timestamp": "2025-12-02T08:51:24.802525+00:00", "level": "WARNING", "module": "logger", "funcName": "_log", "lineno": 188, "event_type": "streaming_indicator_engine.data_anomalies_detected", "data": {"symbol": "ARIA_USDT", "timestamp": 1762077402.309999, "anomalies": ["stale_timestamp: 1762077402.309999 vs 1764665484.8025253"], "data_sample": {"price": 0.1673, "volume": 10.0}}}
{"timestamp": "2025-12-02T08:51:24.817815+00:00", "level": "WARNING", "module": "logger", "funcName": "_log", "lineno": 188, "event_type": "streaming_indicator_engine.data_anomalies_detected", "data": {"symbol": "ARIA_USDT", "timestamp": 1762077412.311, "anomalies": ["stale_timestamp: 1762077412.311 vs 1764665484.8178158"], "data_sample": {"price": 0.16729, "volume": 7.0}}}
{"timestamp": "2025-12-02T08:51:24.822039+00:00", "level": "INFO", "module": "logger", "funcName": "_log", "lineno": 188, "event_type": "strategy_manager.indicator_update_received", "data": {"symbol": "ARIA_USDT", "indicator_name": "11b8be00-eed3-48fe-b359-df47b297226c_20", "indicator_type": "", "value": 0.002153606871483791, "active_strategies_for_symbol": true, "active_count": 3}}
{"timestamp": "2025-12-02T08:51:24.823949+00:00", "level": "WARNING", "module": "logger", "funcName": "_log", "lineno": 188, "event_type": "streaming_indicator_engine.data_anomalies_detected", "data": {"symbol": "ARIA_USDT", "timestamp": 1762077421.309999, "anomalies": ["stale_timestamp: 1762077421.309999 vs 1764665484.8229513"], "data_sample": {"price": 0.16727, "volume": 4.0}}}
{"timestamp": "2025-12-02T08:51:24.825947+00:00", "level": "INFO", "module": "logger", "funcName": "_log", "lineno": 188, "event_type": "strategy_manager.indicator_update_received", "data": {"symbol": "ARIA_USDT", "indicator_name": "11b8be00-eed3-48fe-b359-df47b297226c_20", "indicator_type": "", "value": 0.002153606871483791, "active_strategies_for_symbol": true, "active_count": 3}}
{"timestamp": "2025-12-02T08:51:24.837239+00:00", "level": "WARNING", "module": "logger", "funcName": "_log", "lineno": 188, "event_type": "streaming_indicator_engine.data_anomalies_detected", "data": {"symbol": "ARIA_USDT", "timestamp": 1762076372.312999, "anomalies": ["stale_timestamp: 1762076372.312999 vs 1764665484.8372393"], "data_sample": {"price": 0.1671, "volume": 3.0}}}
{"timestamp": "2025-12-02T08:51:24.863087+00:00", "level": "WARNING", "module": "logger", "funcName": "_log", "lineno": 188, "event_type": "streaming_indicator_engine.data_anomalies_detected", "data": {"symbol": "ARIA_USDT", "timestamp": 1762076381.309999, "anomalies": ["stale_timestamp: 1762076381.309999 vs 1764665484.8630872"], "data_sample": {"price": 0.16715, "volume": 8.0}}}
{"timestamp": "2025-12-02T08:51:24.877759+00:00", "level": "WARNING", "module": "logger", "funcName": "_log", "lineno": 188, "event_type": "streaming_indicator_engine.data_anomalies_detected", "data": {"symbol": "ARIA_USDT", "timestamp": 1762076388.311, "anomalies": ["stale_timestamp: 1762076388.311 vs 1764665484.877759"], "data_sample": {"price": 0.16714, "volume": 9.0}}}
{"timestamp": "2025-12-02T08:51:24.893753+00:00", "level": "WARNING", "module": "logger", "funcName": "_log", "lineno": 188, "event_type": "streaming_indicator_engine.data_anomalies_detected", "data": {"symbol": "ARIA_USDT", "timestamp": 1762076401.309999, "anomalies": ["stale_timestamp: 1762076401.309999 vs 1764665484.893753"], "data_sample": {"price": 0.16717, "volume": 7.0}}}
{"timestamp": "2025-12-02T08:51:24.909052+00:00", "level": "WARNING", "module": "logger", "funcName": "_log", "lineno": 188, "event_type": "streaming_indicator_engine.data_anomalies_detected", "data": {"symbol": "ARIA_USDT", "timestamp": 1762076408.312, "anomalies": ["stale_timestamp: 1762076408.312 vs 1764665484.9090526"], "data_sample": {"price": 0.16713, "volume": 3.0}}}
{"timestamp": "2025-12-02T08:51:24.925157+00:00", "level": "WARNING", "module": "logger", "funcName": "_log", "lineno": 188, "event_type": "streaming_indicator_engine.data_anomalies_detected", "data": {"symbol": "ARIA_USDT", "timestamp": 1762076417.311, "anomalies": ["stale_timestamp: 1762076417.311 vs 1764665484.924153"], "data_sample": {"price": 0.16708, "volume": 3.0}}}
{"timestamp": "2025-12-02T08:51:24.939499+00:00", "level": "WARNING", "module": "logger", "funcName": "_log", "lineno": 188, "event_type": "streaming_indicator_engine.data_anomalies_detected", "data": {"symbol": "ARIA_USDT", "timestamp": 1762076427.308999, "anomalies": ["stale_timestamp: 1762076427.308999 vs 1764665484.939499"], "data_sample": {"price": 0.16707, "volume": 12.0}}}
{"timestamp": "2025-12-02T08:51:24.955047+00:00", "level": "WARNING", "module": "logger", "funcName": "_log", "lineno": 188, "event_type": "streaming_indicator_engine.data_anomalies_detected", "data": {"symbol": "ARIA_USDT", "timestamp": 1762076435.309999, "anomalies": ["stale_timestamp: 1762076435.309999 vs 1764665484.9550474"], "data_sample": {"price": 0.1671, "volume": 4.0}}}
{"timestamp": "2025-12-02T08:51:24.969885+00:00", "level": "WARNING", "module": "logger", "funcName": "_log", "lineno": 188, "event_type": "streaming_indicator_engine.data_anomalies_detected", "data": {"symbol": "ARIA_USDT", "timestamp": 1762076447.309999, "anomalies": ["stale_timestamp: 1762076447.309999 vs 1764665484.9698856"], "data_sample": {"price": 0.16708, "volume": 9.0}}}
{"timestamp": "2025-12-02T08:51:24.985285+00:00", "level": "WARNING", "module": "logger", "funcName": "_log", "lineno": 188, "event_type": "streaming_indicator_engine.data_anomalies_detected", "data": {"symbol": "ARIA_USDT", "timestamp": 1762076462.309999, "anomalies": ["stale_timestamp: 1762076462.309999 vs 1764665484.9852853"], "data_sample": {"price": 0.16726, "volume": 10.0}}}
{"timestamp": "2025-12-02T08:51:25.000799+00:00", "level": "WARNING", "module": "logger", "funcName": "_log", "lineno": 188, "event_type": "streaming_indicator_engine.data_anomalies_detected", "data": {"symbol": "ARIA_USDT", "timestamp": 1762076476.308999, "anomalies": ["stale_timestamp: 1762076476.308999 vs 1764665485.0007994"], "data_sample": {"price": 0.16745, "volume": 9.0}}}
{"timestamp": "2025-12-02T08:51:25.015761+00:00", "level": "WARNING", "module": "logger", "funcName": "_log", "lineno": 188, "event_type": "streaming_indicator_engine.data_anomalies_detected", "data": {"symbol": "ARIA_USDT", "timestamp": 1762076490.311, "anomalies": ["stale_timestamp: 1762076490.311 vs 1764665485.0157619"], "data_sample": {"price": 0.16766, "volume": 7.0}}}
{"timestamp": "2025-12-02T08:51:25.031161+00:00", "level": "WARNING", "module": "logger", "funcName": "_log", "lineno": 188, "event_type": "streaming_indicator_engine.data_anomalies_detected", "data": {"symbol": "ARIA_USDT", "timestamp": 1762076501.311, "anomalies": ["stale_timestamp: 1762076501.311 vs 1764665485.0311615"], "data_sample": {"price": 0.16763, "volume": 5.0}}}
{"timestamp": "2025-12-02T08:51:25.046288+00:00", "level": "WARNING", "module": "logger", "funcName": "_log", "lineno": 188, "event_type": "streaming_indicator_engine.data_anomalies_detected", "data": {"symbol": "ARIA_USDT", "timestamp": 1762076514.408999, "anomalies": ["stale_timestamp: 1762076514.408999 vs 1764665485.0462885"], "data_sample": {"price": 0.16766, "volume": 10.0}}}
{"timestamp": "2025-12-02T08:51:25.061244+00:00", "level": "WARNING", "module": "logger", "funcName": "_log", "lineno": 188, "event_type": "streaming_indicator_engine.data_anomalies_detected", "data": {"symbol": "ARIA_USDT", "timestamp": 1762076520.311, "anomalies": ["stale_timestamp: 1762076520.311 vs 1764665485.0612445"], "data_sample": {"price": 0.1677, "volume": 9.0}}}
{"timestamp": "2025-12-02T08:51:25.063221+00:00", "level": "WARNING", "module": "logger", "funcName": "_log", "lineno": 188, "event_type": "streaming_indicator_engine.data_anomalies_detected", "data": {"symbol": "ARIA_USDT", "timestamp": 1762076531.311, "anomalies": ["stale_timestamp: 1762076531.311 vs 1764665485.0622218"], "data_sample": {"price": 0.16778, "volume": 10.0}}}
{"timestamp": "2025-12-02T08:51:25.063221+00:00", "level": "WARNING", "module": "logger", "funcName": "_log", "lineno": 188, "event_type": "streaming_indicator_engine.data_anomalies_detected", "data": {"symbol": "ARIA_USDT", "timestamp": 1762076537.311, "anomalies": ["stale_timestamp: 1762076537.311 vs 1764665485.0632217"], "data_sample": {"price": 0.16777, "volume": 10.0}}}
{"timestamp": "2025-12-02T08:51:25.076731+00:00", "level": "WARNING", "module": "logger", "funcName": "_log", "lineno": 188, "event_type": "streaming_indicator_engine.data_anomalies_detected", "data": {"symbol": "ARIA_USDT", "timestamp": 1762076543.312, "anomalies": ["stale_timestamp: 1762076543.312 vs 1764665485.0767312"], "data_sample": {"price": 0.16765, "volume": 8.0}}}
{"timestamp": "2025-12-02T08:51:25.092270+00:00", "level": "WARNING", "module": "logger", "funcName": "_log", "lineno": 188, "event_type": "streaming_indicator_engine.data_anomalies_detected", "data": {"symbol": "ARIA_USDT", "timestamp": 1762076551.311, "anomalies": ["stale_timestamp: 1762076551.311 vs 1764665485.0922701"], "data_sample": {"price": 0.16776, "volume": 7.0}}}
{"timestamp": "2025-12-02T08:51:25.109058+00:00", "level": "WARNING", "module": "logger", "funcName": "_log", "lineno": 188, "event_type": "streaming_indicator_engine.data_anomalies_detected", "data": {"symbol": "ARIA_USDT", "timestamp": 1762076567.313999, "anomalies": ["stale_timestamp: 1762076567.313999 vs 1764665485.1090586"], "data_sample": {"price": 0.16779, "volume": 4.0}}}
{"timestamp": "2025-12-02T08:51:25.123594+00:00", "level": "WARNING", "module": "logger", "funcName": "_log", "lineno": 188, "event_type": "streaming_indicator_engine.data_anomalies_detected", "data": {"symbol": "ARIA_USDT", "timestamp": 1762076582.312999, "anomalies": ["stale_timestamp: 1762076582.312999 vs 1764665485.1235945"], "data_sample": {"price": 0.16774, "volume": 4.0}}}
{"timestamp": "2025-12-02T08:51:25.139247+00:00", "level": "WARNING", "module": "logger", "funcName": "_log", "lineno": 188, "event_type": "streaming_indicator_engine.data_anomalies_detected", "data": {"symbol": "ARIA_USDT", "timestamp": 1762076595.309999, "anomalies": ["stale_timestamp: 1762076595.309999 vs 1764665485.1392474"], "data_sample": {"price": 0.16776, "volume": 10.0}}}
{"timestamp": "2025-12-02T08:51:25.154905+00:00", "level": "WARNING", "module": "logger", "funcName": "_log", "lineno": 188, "event_type": "streaming_indicator_engine.data_anomalies_detected", "data": {"symbol": "ARIA_USDT", "timestamp": 1762076606.309999, "anomalies": ["stale_timestamp: 1762076606.309999 vs 1764665485.154905"], "data_sample": {"price": 0.16772, "volume": 9.0}}}
{"timestamp": "2025-12-02T08:51:25.170462+00:00", "level": "WARNING", "module": "logger", "funcName": "_log", "lineno": 188, "event_type": "streaming_indicator_engine.data_anomalies_detected", "data": {"symbol": "ARIA_USDT", "timestamp": 1762076620.309999, "anomalies": ["stale_timestamp: 1762076620.309999 vs 1764665485.1704624"], "data_sample": {"price": 0.16764, "volume": 5.0}}}
{"timestamp": "2025-12-02T08:51:25.185986+00:00", "level": "WARNING", "module": "logger", "funcName": "_log", "lineno": 188, "event_type": "streaming_indicator_engine.data_anomalies_detected", "data": {"symbol": "ARIA_USDT", "timestamp": 1762076628.311, "anomalies": ["stale_timestamp: 1762076628.311 vs 1764665485.1859865"], "data_sample": {"price": 0.16761, "volume": 7.0}}}
{"timestamp": "2025-12-02T08:51:25.201187+00:00", "level": "WARNING", "module": "logger", "funcName": "_log", "lineno": 188, "event_type": "streaming_indicator_engine.data_anomalies_detected", "data": {"symbol": "ARIA_USDT", "timestamp": 1762076638.312999, "anomalies": ["stale_timestamp: 1762076638.312999 vs 1764665485.2011874"], "data_sample": {"price": 0.16763, "volume": 10.0}}}
{"timestamp": "2025-12-02T08:51:25.216707+00:00", "level": "WARNING", "module": "logger", "funcName": "_log", "lineno": 188, "event_type": "streaming_indicator_engine.data_anomalies_detected", "data": {"symbol": "ARIA_USDT", "timestamp": 1762076647.309999, "anomalies": ["stale_timestamp: 1762076647.309999 vs 1764665485.216707"], "data_sample": {"price": 0.16762, "volume": 4.0}}}
{"timestamp": "2025-12-02T08:51:25.232090+00:00", "level": "WARNING", "module": "logger", "funcName": "_log", "lineno": 188, "event_type": "streaming_indicator_engine.data_anomalies_detected", "data": {"symbol": "ARIA_USDT", "timestamp": 1762076653.309999, "anomalies": ["stale_timestamp: 1762076653.309999 vs 1764665485.2320907"], "data_sample": {"price": 0.16761, "volume": 9.0}}}
{"timestamp": "2025-12-02T08:51:25.246894+00:00", "level": "WARNING", "module": "logger", "funcName": "_log", "lineno": 188, "event_type": "streaming_indicator_engine.data_anomalies_detected", "data": {"symbol": "ARIA_USDT", "timestamp": 1762076666.309999, "anomalies": ["stale_timestamp: 1762076666.309999 vs 1764665485.2468944"], "data_sample": {"price": 0.16763, "volume": 9.0}}}
{"timestamp": "2025-12-02T08:51:25.262203+00:00", "level": "WARNING", "module": "logger", "funcName": "_log", "lineno": 188, "event_type": "streaming_indicator_engine.data_anomalies_detected", "data": {"symbol": "ARIA_USDT", "timestamp": 1762076672.308999, "anomalies": ["stale_timestamp: 1762076672.308999 vs 1764665485.2622032"], "data_sample": {"price": 0.16762, "volume": 9.0}}}
{"timestamp": "2025-12-02T08:51:25.277496+00:00", "level": "WARNING", "module": "logger", "funcName": "_log", "lineno": 188, "event_type": "streaming_indicator_engine.data_anomalies_detected", "data": {"symbol": "ARIA_USDT", "timestamp": 1762076685.309999, "anomalies": ["stale_timestamp: 1762076685.309999 vs 1764665485.2774966"], "data_sample": {"price": 0.16732, "volume": 9.0}}}
{"timestamp": "2025-12-02T08:51:25.292961+00:00", "level": "WARNING", "module": "logger", "funcName": "_log", "lineno": 188, "event_type": "streaming_indicator_engine.data_anomalies_detected", "data": {"symbol": "ARIA_USDT", "timestamp": 1762076699.311, "anomalies": ["stale_timestamp: 1762076699.311 vs 1764665485.2929611"], "data_sample": {"price": 0.16737, "volume": 11.0}}}
{"timestamp": "2025-12-02T08:51:25.309162+00:00", "level": "WARNING", "module": "logger", "funcName": "_log", "lineno": 188, "event_type": "streaming_indicator_engine.data_anomalies_detected", "data": {"symbol": "ARIA_USDT", "timestamp": 1762076713.309999, "anomalies": ["stale_timestamp: 1762076713.309999 vs 1764665485.3091624"], "data_sample": {"price": 0.16735, "volume": 4.0}}}
{"timestamp": "2025-12-02T08:51:25.325182+00:00", "level": "WARNING", "module": "logger", "funcName": "_log", "lineno": 188, "event_type": "streaming_indicator_engine.data_anomalies_detected", "data": {"symbol": "ARIA_USDT", "timestamp": 1762076728.311, "anomalies": ["stale_timestamp: 1762076728.311 vs 1764665485.3241851"], "data_sample": {"price": 0.16739, "volume": 9.0}}}
{"timestamp": "2025-12-02T08:51:25.339788+00:00", "level": "WARNING", "module": "logger", "funcName": "_log", "lineno": 188, "event_type": "streaming_indicator_engine.data_anomalies_detected", "data": {"symbol": "ARIA_USDT", "timestamp": 1762076734.308999, "anomalies": ["stale_timestamp: 1762076734.308999 vs 1764665485.339789"], "data_sample": {"price": 0.16744, "volume": 9.0}}}
{"timestamp": "2025-12-02T08:51:25.355222+00:00", "level": "WARNING", "module": "logger", "funcName": "_log", "lineno": 188, "event_type": "streaming_indicator_engine.data_anomalies_detected", "data": {"symbol": "ARIA_USDT", "timestamp": 1762076750.309999, "anomalies": ["stale_timestamp: 1762076750.309999 vs 1764665485.355222"], "data_sample": {"price": 0.16747, "volume": 10.0}}}
{"timestamp": "2025-12-02T08:51:25.370963+00:00", "level": "WARNING", "module": "logger", "funcName": "_log", "lineno": 188, "event_type": "streaming_indicator_engine.data_anomalies_detected", "data": {"symbol": "ARIA_USDT", "timestamp": 1762076759.311, "anomalies": ["stale_timestamp: 1762076759.311 vs 1764665485.370963"], "data_sample": {"price": 0.16746, "volume": 10.0}}}
{"timestamp": "2025-12-02T08:51:25.386164+00:00", "level": "WARNING", "module": "logger", "funcName": "_log", "lineno": 188, "event_type": "streaming_indicator_engine.data_anomalies_detected", "data": {"symbol": "ARIA_USDT", "timestamp": 1762076767.309999, "anomalies": ["stale_timestamp: 1762076767.309999 vs 1764665485.3861642"], "data_sample": {"price": 0.16742, "volume": 8.0}}}
{"timestamp": "2025-12-02T08:51:25.401154+00:00", "level": "WARNING", "module": "logger", "funcName": "_log", "lineno": 188, "event_type": "streaming_indicator_engine.data_anomalies_detected", "data": {"symbol": "ARIA_USDT", "timestamp": 1762076783.312, "anomalies": ["stale_timestamp: 1762076783.312 vs 1764665485.4011548"], "data_sample": {"price": 0.16745, "volume": 8.0}}}
{"timestamp": "2025-12-02T08:51:25.416452+00:00", "level": "WARNING", "module": "logger", "funcName": "_log", "lineno": 188, "event_type": "streaming_indicator_engine.data_anomalies_detected", "data": {"symbol": "ARIA_USDT", "timestamp": 1762076789.309999, "anomalies": ["stale_timestamp: 1762076789.309999 vs 1764665485.4164526"], "data_sample": {"price": 0.16755, "volume": 9.0}}}
{"timestamp": "2025-12-02T08:51:25.432172+00:00", "level": "WARNING", "module": "logger", "funcName": "_log", "lineno": 188, "event_type": "streaming_indicator_engine.data_anomalies_detected", "data": {"symbol": "ARIA_USDT", "timestamp": 1762076803.311, "anomalies": ["stale_timestamp: 1762076803.311 vs 1764665485.4321723"], "data_sample": {"price": 0.16758, "volume": 10.0}}}
{"timestamp": "2025-12-02T08:51:25.447235+00:00", "level": "WARNING", "module": "logger", "funcName": "_log", "lineno": 188, "event_type": "streaming_indicator_engine.data_anomalies_detected", "data": {"symbol": "ARIA_USDT", "timestamp": 1762076816.308999, "anomalies": ["stale_timestamp: 1762076816.308999 vs 1764665485.447235"], "data_sample": {"price": 0.16762, "volume": 9.0}}}
{"timestamp": "2025-12-02T08:51:25.462104+00:00", "level": "WARNING", "module": "logger", "funcName": "_log", "lineno": 188, "event_type": "streaming_indicator_engine.data_anomalies_detected", "data": {"symbol": "ARIA_USDT", "timestamp": 1762076825.312999, "anomalies": ["stale_timestamp: 1762076825.312999 vs 1764665485.4621046"], "data_sample": {"price": 0.16751, "volume": 10.0}}}
{"timestamp": "2025-12-02T08:51:25.478125+00:00", "level": "WARNING", "module": "logger", "funcName": "_log", "lineno": 188, "event_type": "streaming_indicator_engine.data_anomalies_detected", "data": {"symbol": "ARIA_USDT", "timestamp": 1762076831.316999, "anomalies": ["stale_timestamp: 1762076831.316999 vs 1764665485.4781258"], "data_sample": {"price": 0.1674, "volume": 6.0}}}
{"timestamp": "2025-12-02T08:51:25.493309+00:00", "level": "WARNING", "module": "logger", "funcName": "_log", "lineno": 188, "event_type": "streaming_indicator_engine.data_anomalies_detected", "data": {"symbol": "ARIA_USDT", "timestamp": 1762076839.311, "anomalies": ["stale_timestamp: 1762076839.311 vs 1764665485.493309"], "data_sample": {"price": 0.16741, "volume": 8.0}}}
{"timestamp": "2025-12-02T08:51:25.509751+00:00", "level": "WARNING", "module": "logger", "funcName": "_log", "lineno": 188, "event_type": "streaming_indicator_engine.data_anomalies_detected", "data": {"symbol": "ARIA_USDT", "timestamp": 1762076846.312, "anomalies": ["stale_timestamp: 1762076846.312 vs 1764665485.5091255"], "data_sample": {"price": 0.1674, "volume": 6.0}}}
{"timestamp": "2025-12-02T08:51:25.526469+00:00", "level": "WARNING", "module": "logger", "funcName": "_log", "lineno": 188, "event_type": "streaming_indicator_engine.data_anomalies_detected", "data": {"symbol": "ARIA_USDT", "timestamp": 1762076859.309999, "anomalies": ["stale_timestamp: 1762076859.309999 vs 1764665485.5254688"], "data_sample": {"price": 0.16723, "volume": 5.0}}}
{"timestamp": "2025-12-02T08:51:25.539090+00:00", "level": "WARNING", "module": "logger", "funcName": "_log", "lineno": 188, "event_type": "streaming_indicator_engine.data_anomalies_detected", "data": {"symbol": "ARIA_USDT", "timestamp": 1762076870.309999, "anomalies": ["stale_timestamp: 1762076870.309999 vs 1764665485.5390906"], "data_sample": {"price": 0.16724, "volume": 9.0}}}
{"timestamp": "2025-12-02T08:51:25.553808+00:00", "level": "WARNING", "module": "logger", "funcName": "_log", "lineno": 188, "event_type": "streaming_indicator_engine.data_anomalies_detected", "data": {"symbol": "ARIA_USDT", "timestamp": 1762076878.309999, "anomalies": ["stale_timestamp: 1762076878.309999 vs 1764665485.5538085"], "data_sample": {"price": 0.16731, "volume": 4.0}}}
{"timestamp": "2025-12-02T08:51:25.556984+00:00", "level": "INFO", "module": "logger", "funcName": "_log", "lineno": 188, "event_type": "strategy_manager.indicator_update_received", "data": {"symbol": "ARIA_USDT", "indicator_name": "611fad91-045d-408b-8822-f43428935033_20", "indicator_type": "", "value": -0.003548330614581558, "active_strategies_for_symbol": true, "active_count": 3}}
{"timestamp": "2025-12-02T08:51:25.556984+00:00", "level": "WARNING", "module": "logger", "funcName": "_log", "lineno": 188, "event_type": "streaming_indicator_engine.data_anomalies_detected", "data": {"symbol": "ARIA_USDT", "timestamp": 1762076892.311, "anomalies": ["stale_timestamp: 1762076892.311 vs 1764665485.556984"], "data_sample": {"price": 0.16728, "volume": 9.0}}}
{"timestamp": "2025-12-02T08:51:25.559481+00:00", "level": "WARNING", "module": "logger", "funcName": "_log", "lineno": 188, "event_type": "streaming_indicator_engine.data_anomalies_detected", "data": {"symbol": "ARIA_USDT", "timestamp": 1762076900.309999, "anomalies": ["stale_timestamp: 1762076900.309999 vs 1764665485.5594811"], "data_sample": {"price": 0.16731, "volume": 7.0}}}
{"timestamp": "2025-12-02T08:51:25.559481+00:00", "level": "WARNING", "module": "logger", "funcName": "_log", "lineno": 188, "event_type": "streaming_indicator_engine.data_anomalies_detected", "data": {"symbol": "ARIA_USDT", "timestamp": 1762076915.308999, "anomalies": ["stale_timestamp: 1762076915.308999 vs 1764665485.5594811"], "data_sample": {"price": 0.16729, "volume": 4.0}}}
{"timestamp": "2025-12-02T08:51:25.560914+00:00", "level": "WARNING", "module": "logger", "funcName": "_log", "lineno": 188, "event_type": "streaming_indicator_engine.data_anomalies_detected", "data": {"symbol": "ARIA_USDT", "timestamp": 1762076929.309999, "anomalies": ["stale_timestamp: 1762076929.309999 vs 1764665485.5609143"], "data_sample": {"price": 0.16725, "volume": 11.0}}}
{"timestamp": "2025-12-02T08:51:25.560914+00:00", "level": "WARNING", "module": "logger", "funcName": "_log", "lineno": 188, "event_type": "streaming_indicator_engine.data_anomalies_detected", "data": {"symbol": "ARIA_USDT", "timestamp": 1762076940.312999, "anomalies": ["stale_timestamp: 1762076940.312999 vs 1764665485.5609143"], "data_sample": {"price": 0.16733, "volume": 8.0}}}
{"timestamp": "2025-12-02T08:51:25.561941+00:00", "level": "INFO", "module": "logger", "funcName": "_log", "lineno": 188, "event_type": "strategy_manager.indicator_update_received", "data": {"symbol": "ARIA_USDT", "indicator_name": "611fad91-045d-408b-8822-f43428935033_20", "indicator_type": "", "value": -0.003548330614581558, "active_strategies_for_symbol": true, "active_count": 3}}
{"timestamp": "2025-12-02T08:51:25.561941+00:00", "level": "WARNING", "module": "logger", "funcName": "_log", "lineno": 188, "event_type": "streaming_indicator_engine.data_anomalies_detected", "data": {"symbol": "ARIA_USDT", "timestamp": 1762076949.324999, "anomalies": ["stale_timestamp: 1762076949.324999 vs 1764665485.5619411"], "data_sample": {"price": 0.1673, "volume": 8.0}}}
{"timestamp": "2025-12-02T08:51:25.563387+00:00", "level": "WARNING", "module": "logger", "funcName": "_log", "lineno": 188, "event_type": "streaming_indicator_engine.data_anomalies_detected", "data": {"symbol": "ARIA_USDT", "timestamp": 1762076965.316, "anomalies": ["stale_timestamp: 1762076965.316 vs 1764665485.5633872"], "data_sample": {"price": 0.16729, "volume": 4.0}}}
{"timestamp": "2025-12-02T08:51:25.563891+00:00", "level": "WARNING", "module": "logger", "funcName": "_log", "lineno": 188, "event_type": "streaming_indicator_engine.data_anomalies_detected", "data": {"symbol": "ARIA_USDT", "timestamp": 1762076978.312, "anomalies": ["stale_timestamp: 1762076978.312 vs 1764665485.5638912"], "data_sample": {"price": 0.1673, "volume": 9.0}}}
{"timestamp": "2025-12-02T08:51:25.563891+00:00", "level": "WARNING", "module": "logger", "funcName": "_log", "lineno": 188, "event_type": "streaming_indicator_engine.data_anomalies_detected", "data": {"symbol": "ARIA_USDT", "timestamp": 1762076990.315, "anomalies": ["stale_timestamp: 1762076990.315 vs 1764665485.5638912"], "data_sample": {"price": 0.16733, "volume": 10.0}}}
{"timestamp": "2025-12-02T08:51:25.564897+00:00", "level": "WARNING", "module": "logger", "funcName": "_log", "lineno": 188, "event_type": "streaming_indicator_engine.data_anomalies_detected", "data": {"symbol": "ARIA_USDT", "timestamp": 1762076997.315, "anomalies": ["stale_timestamp: 1762076997.315 vs 1764665485.5648973"], "data_sample": {"price": 0.16726, "volume": 12.0}}}
{"timestamp": "2025-12-02T08:51:25.564897+00:00", "level": "WARNING", "module": "logger", "funcName": "_log", "lineno": 188, "event_type": "streaming_indicator_engine.data_anomalies_detected", "data": {"symbol": "ARIA_USDT", "timestamp": 1762077007.309999, "anomalies": ["stale_timestamp: 1762077007.309999 vs 1764665485.5648973"], "data_sample": {"price": 0.16719, "volume": 4.0}}}
{"timestamp": "2025-12-02T08:51:25.567985+00:00", "level": "INFO", "module": "logger", "funcName": "_log", "lineno": 188, "event_type": "strategy_manager.indicator_update_received", "data": {"symbol": "ARIA_USDT", "indicator_name": "5fc82998-9270-4b44-8312-f74ddd20a93d_20", "indicator_type": "", "value": 71.1670853520404, "active_strategies_for_symbol": true, "active_count": 3}}
{"timestamp": "2025-12-02T08:51:25.568900+00:00", "level": "WARNING", "module": "logger", "funcName": "_log", "lineno": 188, "event_type": "streaming_indicator_engine.data_anomalies_detected", "data": {"symbol": "ARIA_USDT", "timestamp": 1762077018.309999, "anomalies": ["stale_timestamp: 1762077018.309999 vs 1764665485.5689"], "data_sample": {"price": 0.16722, "volume": 8.0}}}
{"timestamp": "2025-12-02T08:51:25.568900+00:00", "level": "WARNING", "module": "logger", "funcName": "_log", "lineno": 188, "event_type": "streaming_indicator_engine.data_anomalies_detected", "data": {"symbol": "ARIA_USDT", "timestamp": 1762077025.309999, "anomalies": ["stale_timestamp: 1762077025.309999 vs 1764665485.5689"], "data_sample": {"price": 0.16726, "volume": 5.0}}}
{"timestamp": "2025-12-02T08:51:25.570037+00:00", "level": "WARNING", "module": "logger", "funcName": "_log", "lineno": 188, "event_type": "streaming_indicator_engine.data_anomalies_detected", "data": {"symbol": "ARIA_USDT", "timestamp": 1762077033.311, "anomalies": ["stale_timestamp: 1762077033.311 vs 1764665485.5700376"], "data_sample": {"price": 0.16725, "volume": 4.0}}}
{"timestamp": "2025-12-02T08:51:25.570037+00:00", "level": "WARNING", "module": "logger", "funcName": "_log", "lineno": 188, "event_type": "streaming_indicator_engine.data_anomalies_detected", "data": {"symbol": "ARIA_USDT", "timestamp": 1762077042.309999, "anomalies": ["stale_timestamp: 1762077042.309999 vs 1764665485.5700376"], "data_sample": {"price": 0.16724, "volume": 4.0}}}
{"timestamp": "2025-12-02T08:51:25.571460+00:00", "level": "WARNING", "module": "logger", "funcName": "_log", "lineno": 188, "event_type": "streaming_indicator_engine.data_anomalies_detected", "data": {"symbol": "ARIA_USDT", "timestamp": 1762077051.309999, "anomalies": ["stale_timestamp: 1762077051.309999 vs 1764665485.571461"], "data_sample": {"price": 0.16725, "volume": 4.0}}}
{"timestamp": "2025-12-02T08:51:25.571460+00:00", "level": "WARNING", "module": "logger", "funcName": "_log", "lineno": 188, "event_type": "streaming_indicator_engine.data_anomalies_detected", "data": {"symbol": "ARIA_USDT", "timestamp": 1762077057.312999, "anomalies": ["stale_timestamp: 1762077057.312999 vs 1764665485.571461"], "data_sample": {"price": 0.16726, "volume": 3.0}}}
{"timestamp": "2025-12-02T08:51:25.571460+00:00", "level": "INFO", "module": "logger", "funcName": "_log", "lineno": 188, "event_type": "strategy_manager.indicator_update_received", "data": {"symbol": "ARIA_USDT", "indicator_name": "5fc82998-9270-4b44-8312-f74ddd20a93d_20", "indicator_type": "", "value": 71.1670853520404, "active_strategies_for_symbol": true, "active_count": 3}}
{"timestamp": "2025-12-02T08:51:25.572889+00:00", "level": "WARNING", "module": "logger", "funcName": "_log", "lineno": 188, "event_type": "streaming_indicator_engine.data_anomalies_detected", "data": {"symbol": "ARIA_USDT", "timestamp": 1762077067.316999, "anomalies": ["stale_timestamp: 1762077067.316999 vs 1764665485.5728893"], "data_sample": {"price": 0.16725, "volume": 8.0}}}
{"timestamp": "2025-12-02T08:51:25.572889+00:00", "level": "WARNING", "module": "logger", "funcName": "_log", "lineno": 188, "event_type": "streaming_indicator_engine.data_anomalies_detected", "data": {"symbol": "ARIA_USDT", "timestamp": 1762077081.308, "anomalies": ["stale_timestamp: 1762077081.308 vs 1764665485.5728893"], "data_sample": {"price": 0.16714, "volume": 6.0}}}
{"timestamp": "2025-12-02T08:51:25.574330+00:00", "level": "WARNING", "module": "logger", "funcName": "_log", "lineno": 188, "event_type": "streaming_indicator_engine.data_anomalies_detected", "data": {"symbol": "ARIA_USDT", "timestamp": 1762077089.311, "anomalies": ["stale_timestamp: 1762077089.311 vs 1764665485.57433"], "data_sample": {"price": 0.16711, "volume": 4.0}}}
{"timestamp": "2025-12-02T08:51:25.576349+00:00", "level": "WARNING", "module": "logger", "funcName": "_log", "lineno": 188, "event_type": "streaming_indicator_engine.data_anomalies_detected", "data": {"symbol": "ARIA_USDT", "timestamp": 1762077098.311, "anomalies": ["stale_timestamp: 1762077098.311 vs 1764665485.5763493"], "data_sample": {"price": 0.16702, "volume": 4.0}}}
{"timestamp": "2025-12-02T08:51:25.577340+00:00", "level": "WARNING", "module": "logger", "funcName": "_log", "lineno": 188, "event_type": "streaming_indicator_engine.data_anomalies_detected", "data": {"symbol": "ARIA_USDT", "timestamp": 1762077107.335, "anomalies": ["stale_timestamp: 1762077107.335 vs 1764665485.5773404"], "data_sample": {"price": 0.167, "volume": 26.0}}}
{"timestamp": "2025-12-02T08:51:25.577340+00:00", "level": "WARNING", "module": "logger", "funcName": "_log", "lineno": 188, "event_type": "streaming_indicator_engine.data_anomalies_detected", "data": {"symbol": "ARIA_USDT", "timestamp": 1762077121.309999, "anomalies": ["stale_timestamp: 1762077121.309999 vs 1764665485.5773404"], "data_sample": {"price": 0.16704, "volume": 8.0}}}
{"timestamp": "2025-12-02T08:51:25.578848+00:00", "level": "WARNING", "module": "logger", "funcName": "_log", "lineno": 188, "event_type": "streaming_indicator_engine.data_anomalies_detected", "data": {"symbol": "ARIA_USDT", "timestamp": 1762077123.420999, "anomalies": ["stale_timestamp: 1762077123.420999 vs 1764665485.578848"], "data_sample": {"price": 0.167, "volume": 59.0}}}
{"timestamp": "2025-12-02T08:51:25.600027+00:00", "level": "WARNING", "module": "logger", "funcName": "_log", "lineno": 188, "event_type": "streaming_indicator_engine.data_anomalies_detected", "data": {"symbol": "ARIA_USDT", "timestamp": 1762077139.311, "anomalies": ["stale_timestamp: 1762077139.311 vs 1764665485.600027"], "data_sample": {"price": 0.16703, "volume": 5.0}}}
{"timestamp": "2025-12-02T08:51:25.614838+00:00", "level": "WARNING", "module": "logger", "funcName": "_log", "lineno": 188, "event_type": "streaming_indicator_engine.data_anomalies_detected", "data": {"symbol": "ARIA_USDT", "timestamp": 1762077152.308999, "anomalies": ["stale_timestamp: 1762077152.308999 vs 1764665485.6148388"], "data_sample": {"price": 0.16708, "volume": 9.0}}}
{"timestamp": "2025-12-02T08:51:25.630251+00:00", "level": "WARNING", "module": "logger", "funcName": "_log", "lineno": 188, "event_type": "streaming_indicator_engine.data_anomalies_detected", "data": {"symbol": "ARIA_USDT", "timestamp": 1762077163.309999, "anomalies": ["stale_timestamp: 1762077163.309999 vs 1764665485.630251"], "data_sample": {"price": 0.16713, "volume": 11.0}}}
{"timestamp": "2025-12-02T08:51:25.645287+00:00", "level": "WARNING", "module": "logger", "funcName": "_log", "lineno": 188, "event_type": "streaming_indicator_engine.data_anomalies_detected", "data": {"symbol": "ARIA_USDT", "timestamp": 1762077172.309999, "anomalies": ["stale_timestamp: 1762077172.309999 vs 1764665485.6452873"], "data_sample": {"price": 0.16706, "volume": 12.0}}}
{"timestamp": "2025-12-02T08:51:25.660501+00:00", "level": "WARNING", "module": "logger", "funcName": "_log", "lineno": 188, "event_type": "streaming_indicator_engine.data_anomalies_detected", "data": {"symbol": "ARIA_USDT", "timestamp": 1762077187.312999, "anomalies": ["stale_timestamp: 1762077187.312999 vs 1764665485.6605015"], "data_sample": {"price": 0.16705, "volume": 4.0}}}
{"timestamp": "2025-12-02T08:51:25.677005+00:00", "level": "WARNING", "module": "logger", "funcName": "_log", "lineno": 188, "event_type": "streaming_indicator_engine.data_anomalies_detected", "data": {"symbol": "ARIA_USDT", "timestamp": 1762077203.309999, "anomalies": ["stale_timestamp: 1762077203.309999 vs 1764665485.675912"], "data_sample": {"price": 0.16703, "volume": 6.0}}}
{"timestamp": "2025-12-02T08:51:25.692532+00:00", "level": "WARNING", "module": "logger", "funcName": "_log", "lineno": 188, "event_type": "streaming_indicator_engine.data_anomalies_detected", "data": {"symbol": "ARIA_USDT", "timestamp": 1762077211.312, "anomalies": ["stale_timestamp: 1762077211.312 vs 1764665485.6914508"], "data_sample": {"price": 0.16707, "volume": 9.0}}}
{"timestamp": "2025-12-02T08:51:25.707467+00:00", "level": "WARNING", "module": "logger", "funcName": "_log", "lineno": 188, "event_type": "streaming_indicator_engine.data_anomalies_detected", "data": {"symbol": "ARIA_USDT", "timestamp": 1762077227.312999, "anomalies": ["stale_timestamp: 1762077227.312999 vs 1764665485.7074678"], "data_sample": {"price": 0.16704, "volume": 4.0}}}
{"timestamp": "2025-12-02T08:51:25.722564+00:00", "level": "WARNING", "module": "logger", "funcName": "_log", "lineno": 188, "event_type": "streaming_indicator_engine.data_anomalies_detected", "data": {"symbol": "ARIA_USDT", "timestamp": 1762077234.308999, "anomalies": ["stale_timestamp: 1762077234.308999 vs 1764665485.722564"], "data_sample": {"price": 0.16708, "volume": 8.0}}}
{"timestamp": "2025-12-02T08:51:25.738090+00:00", "level": "WARNING", "module": "logger", "funcName": "_log", "lineno": 188, "event_type": "streaming_indicator_engine.data_anomalies_detected", "data": {"symbol": "ARIA_USDT", "timestamp": 1762077247.312999, "anomalies": ["stale_timestamp: 1762077247.312999 vs 1764665485.738091"], "data_sample": {"price": 0.16705, "volume": 7.0}}}
{"timestamp": "2025-12-02T08:51:25.754193+00:00", "level": "WARNING", "module": "logger", "funcName": "_log", "lineno": 188, "event_type": "streaming_indicator_engine.data_anomalies_detected", "data": {"symbol": "ARIA_USDT", "timestamp": 1762077263.309999, "anomalies": ["stale_timestamp: 1762077263.309999 vs 1764665485.754194"], "data_sample": {"price": 0.16704, "volume": 7.0}}}
{"timestamp": "2025-12-02T08:51:25.769551+00:00", "level": "WARNING", "module": "logger", "funcName": "_log", "lineno": 188, "event_type": "streaming_indicator_engine.data_anomalies_detected", "data": {"symbol": "ARIA_USDT", "timestamp": 1762077274.309999, "anomalies": ["stale_timestamp: 1762077274.309999 vs 1764665485.769551"], "data_sample": {"price": 0.16709, "volume": 4.0}}}
{"timestamp": "2025-12-02T08:51:25.784424+00:00", "level": "WARNING", "module": "logger", "funcName": "_log", "lineno": 188, "event_type": "streaming_indicator_engine.data_anomalies_detected", "data": {"symbol": "ARIA_USDT", "timestamp": 1762077281.311, "anomalies": ["stale_timestamp: 1762077281.311 vs 1764665485.7844238"], "data_sample": {"price": 0.16713, "volume": 12.0}}}
{"timestamp": "2025-12-02T08:51:25.799708+00:00", "level": "WARNING", "module": "logger", "funcName": "_log", "lineno": 188, "event_type": "streaming_indicator_engine.data_anomalies_detected", "data": {"symbol": "ARIA_USDT", "timestamp": 1762077290.312, "anomalies": ["stale_timestamp: 1762077290.312 vs 1764665485.7997086"], "data_sample": {"price": 0.16709, "volume": 8.0}}}
{"timestamp": "2025-12-02T08:51:25.814762+00:00", "level": "WARNING", "module": "logger", "funcName": "_log", "lineno": 188, "event_type": "streaming_indicator_engine.data_anomalies_detected", "data": {"symbol": "ARIA_USDT", "timestamp": 1762077299.312, "anomalies": ["stale_timestamp: 1762077299.312 vs 1764665485.8147626"], "data_sample": {"price": 0.16706, "volume": 8.0}}}
{"timestamp": "2025-12-02T08:51:25.815682+00:00", "level": "INFO", "module": "logger", "funcName": "_log", "lineno": 188, "event_type": "strategy_manager.indicator_update_received", "data": {"symbol": "ARIA_USDT", "indicator_name": "790d8eed-dc95-43ff-b625-1205d256154b_20", "indicator_type": "", "value": 0.000568666614284629, "active_strategies_for_symbol": true, "active_count": 3}}
{"timestamp": "2025-12-02T08:51:25.816682+00:00", "level": "WARNING", "module": "logger", "funcName": "_log", "lineno": 188, "event_type": "streaming_indicator_engine.data_anomalies_detected", "data": {"symbol": "ARIA_USDT", "timestamp": 1762077309.309999, "anomalies": ["stale_timestamp: 1762077309.309999 vs 1764665485.8166823"], "data_sample": {"price": 0.16705, "volume": 6.0}}}
{"timestamp": "2025-12-02T08:51:25.816682+00:00", "level": "WARNING", "module": "logger", "funcName": "_log", "lineno": 188, "event_type": "streaming_indicator_engine.data_anomalies_detected", "data": {"symbol": "ARIA_USDT", "timestamp": 1762077318.312, "anomalies": ["stale_timestamp: 1762077318.312 vs 1764665485.8166823"], "data_sample": {"price": 0.16706, "volume": 9.0}}}
{"timestamp": "2025-12-02T08:51:25.817682+00:00", "level": "WARNING", "module": "logger", "funcName": "_log", "lineno": 188, "event_type": "streaming_indicator_engine.data_anomalies_detected", "data": {"symbol": "ARIA_USDT", "timestamp": 1762077324.309999, "anomalies": ["stale_timestamp: 1762077324.309999 vs 1764665485.8176827"], "data_sample": {"price": 0.1671, "volume": 5.0}}}
{"timestamp": "2025-12-02T08:51:25.817682+00:00", "level": "WARNING", "module": "logger", "funcName": "_log", "lineno": 188, "event_type": "streaming_indicator_engine.data_anomalies_detected", "data": {"symbol": "ARIA_USDT", "timestamp": 1762077335.309999, "anomalies": ["stale_timestamp: 1762077335.309999 vs 1764665485.8176827"], "data_sample": {"price": 0.16709, "volume": 4.0}}}
{"timestamp": "2025-12-02T08:51:25.817682+00:00", "level": "WARNING", "module": "logger", "funcName": "_log", "lineno": 188, "event_type": "streaming_indicator_engine.data_anomalies_detected", "data": {"symbol": "ARIA_USDT", "timestamp": 1762077351.309999, "anomalies": ["stale_timestamp: 1762077351.309999 vs 1764665485.8176827"], "data_sample": {"price": 0.1671, "volume": 3.0}}}
{"timestamp": "2025-12-02T08:51:25.818684+00:00", "level": "INFO", "module": "logger", "funcName": "_log", "lineno": 188, "event_type": "strategy_manager.indicator_update_received", "data": {"symbol": "ARIA_USDT", "indicator_name": "790d8eed-dc95-43ff-b625-1205d256154b_20", "indicator_type": "", "value": 0.000568666614284629, "active_strategies_for_symbol": true, "active_count": 3}}
{"timestamp": "2025-12-02T08:51:25.818684+00:00", "level": "WARNING", "module": "logger", "funcName": "_log", "lineno": 188, "event_type": "streaming_indicator_engine.data_anomalies_detected", "data": {"symbol": "ARIA_USDT", "timestamp": 1762077362.309999, "anomalies": ["stale_timestamp: 1762077362.309999 vs 1764665485.8186839"], "data_sample": {"price": 0.16716, "volume": 5.0}}}
{"timestamp": "2025-12-02T08:51:25.819801+00:00", "level": "WARNING", "module": "logger", "funcName": "_log", "lineno": 188, "event_type": "streaming_indicator_engine.data_anomalies_detected", "data": {"symbol": "ARIA_USDT", "timestamp": 1762077376.309999, "anomalies": ["stale_timestamp: 1762077376.309999 vs 1764665485.8198013"], "data_sample": {"price": 0.16724, "volume": 11.0}}}
{"timestamp": "2025-12-02T08:51:25.819801+00:00", "level": "WARNING", "module": "logger", "funcName": "_log", "lineno": 188, "event_type": "streaming_indicator_engine.data_anomalies_detected", "data": {"symbol": "ARIA_USDT", "timestamp": 1762077387.309999, "anomalies": ["stale_timestamp: 1762077387.309999 vs 1764665485.8198013"], "data_sample": {"price": 0.16726, "volume": 11.0}}}
{"timestamp": "2025-12-02T08:51:25.820881+00:00", "level": "WARNING", "module": "logger", "funcName": "_log", "lineno": 188, "event_type": "streaming_indicator_engine.data_anomalies_detected", "data": {"symbol": "ARIA_USDT", "timestamp": 1762077395.309999, "anomalies": ["stale_timestamp: 1762077395.309999 vs 1764665485.8208814"], "data_sample": {"price": 0.16728, "volume": 3.0}}}
{"timestamp": "2025-12-02T08:51:25.820881+00:00", "level": "WARNING", "module": "logger", "funcName": "_log", "lineno": 188, "event_type": "streaming_indicator_engine.data_anomalies_detected", "data": {"symbol": "ARIA_USDT", "timestamp": 1762077402.309999, "anomalies": ["stale_timestamp: 1762077402.309999 vs 1764665485.8208814"], "data_sample": {"price": 0.1673, "volume": 10.0}}}
{"timestamp": "2025-12-02T08:51:25.820881+00:00", "level": "WARNING", "module": "logger", "funcName": "_log", "lineno": 188, "event_type": "streaming_indicator_engine.data_anomalies_detected", "data": {"symbol": "ARIA_USDT", "timestamp": 1762077412.311, "anomalies": ["stale_timestamp: 1762077412.311 vs 1764665485.8208814"], "data_sample": {"price": 0.16729, "volume": 7.0}}}
{"timestamp": "2025-12-02T08:51:25.821792+00:00", "level": "WARNING", "module": "logger", "funcName": "_log", "lineno": 188, "event_type": "streaming_indicator_engine.data_anomalies_detected", "data": {"symbol": "ARIA_USDT", "timestamp": 1762077421.309999, "anomalies": ["stale_timestamp: 1762077421.309999 vs 1764665485.821793"], "data_sample": {"price": 0.16727, "volume": 4.0}}}
{"timestamp": "2025-12-02T08:51:25.865452+00:00", "level": "WARNING", "module": "logger", "funcName": "_log", "lineno": 188, "event_type": "streaming_indicator_engine.data_anomalies_detected", "data": {"symbol": "ARIA_USDT", "timestamp": 1762076372.312999, "anomalies": ["stale_timestamp: 1762076372.312999 vs 1764665485.8654525"], "data_sample": {"price": 0.1671, "volume": 3.0}}}
{"timestamp": "2025-12-02T08:51:25.893831+00:00", "level": "WARNING", "module": "logger", "funcName": "_log", "lineno": 188, "event_type": "streaming_indicator_engine.data_anomalies_detected", "data": {"symbol": "ARIA_USDT", "timestamp": 1762076381.309999, "anomalies": ["stale_timestamp: 1762076381.309999 vs 1764665485.8938313"], "data_sample": {"price": 0.16715, "volume": 8.0}}}
{"timestamp": "2025-12-02T08:51:25.910557+00:00", "level": "WARNING", "module": "logger", "funcName": "_log", "lineno": 188, "event_type": "streaming_indicator_engine.data_anomalies_detected", "data": {"symbol": "ARIA_USDT", "timestamp": 1762076388.311, "anomalies": ["stale_timestamp: 1762076388.311 vs 1764665485.9105577"], "data_sample": {"price": 0.16714, "volume": 9.0}}}
{"timestamp": "2025-12-02T08:51:25.924233+00:00", "level": "WARNING", "module": "logger", "funcName": "_log", "lineno": 188, "event_type": "streaming_indicator_engine.data_anomalies_detected", "data": {"symbol": "ARIA_USDT", "timestamp": 1762076401.309999, "anomalies": ["stale_timestamp: 1762076401.309999 vs 1764665485.9242334"], "data_sample": {"price": 0.16717, "volume": 7.0}}}
{"timestamp": "2025-12-02T08:51:25.938914+00:00", "level": "WARNING", "module": "logger", "funcName": "_log", "lineno": 188, "event_type": "streaming_indicator_engine.data_anomalies_detected", "data": {"symbol": "ARIA_USDT", "timestamp": 1762076408.312, "anomalies": ["stale_timestamp: 1762076408.312 vs 1764665485.9389143"], "data_sample": {"price": 0.16713, "volume": 3.0}}}
{"timestamp": "2025-12-02T08:51:25.954452+00:00", "level": "WARNING", "module": "logger", "funcName": "_log", "lineno": 188, "event_type": "streaming_indicator_engine.data_anomalies_detected", "data": {"symbol": "ARIA_USDT", "timestamp": 1762076417.311, "anomalies": ["stale_timestamp: 1762076417.311 vs 1764665485.9544523"], "data_sample": {"price": 0.16708, "volume": 3.0}}}
{"timestamp": "2025-12-02T08:51:25.970184+00:00", "level": "WARNING", "module": "logger", "funcName": "_log", "lineno": 188, "event_type": "streaming_indicator_engine.data_anomalies_detected", "data": {"symbol": "ARIA_USDT", "timestamp": 1762076427.308999, "anomalies": ["stale_timestamp: 1762076427.308999 vs 1764665485.970185"], "data_sample": {"price": 0.16707, "volume": 12.0}}}
{"timestamp": "2025-12-02T08:51:25.985499+00:00", "level": "WARNING", "module": "logger", "funcName": "_log", "lineno": 188, "event_type": "streaming_indicator_engine.data_anomalies_detected", "data": {"symbol": "ARIA_USDT", "timestamp": 1762076435.309999, "anomalies": ["stale_timestamp: 1762076435.309999 vs 1764665485.9854996"], "data_sample": {"price": 0.1671, "volume": 4.0}}}
{"timestamp": "2025-12-02T08:51:26.001050+00:00", "level": "WARNING", "module": "logger", "funcName": "_log", "lineno": 188, "event_type": "streaming_indicator_engine.data_anomalies_detected", "data": {"symbol": "ARIA_USDT", "timestamp": 1762076447.309999, "anomalies": ["stale_timestamp: 1762076447.309999 vs 1764665486.001051"], "data_sample": {"price": 0.16708, "volume": 9.0}}}
{"timestamp": "2025-12-02T08:51:26.016720+00:00", "level": "WARNING", "module": "logger", "funcName": "_log", "lineno": 188, "event_type": "streaming_indicator_engine.data_anomalies_detected", "data": {"symbol": "ARIA_USDT", "timestamp": 1762076462.309999, "anomalies": ["stale_timestamp: 1762076462.309999 vs 1764665486.01672"], "data_sample": {"price": 0.16726, "volume": 10.0}}}
{"timestamp": "2025-12-02T08:51:26.032170+00:00", "level": "WARNING", "module": "logger", "funcName": "_log", "lineno": 188, "event_type": "streaming_indicator_engine.data_anomalies_detected", "data": {"symbol": "ARIA_USDT", "timestamp": 1762076476.308999, "anomalies": ["stale_timestamp: 1762076476.308999 vs 1764665486.032171"], "data_sample": {"price": 0.16745, "volume": 9.0}}}
{"timestamp": "2025-12-02T08:51:26.047599+00:00", "level": "WARNING", "module": "logger", "funcName": "_log", "lineno": 188, "event_type": "streaming_indicator_engine.data_anomalies_detected", "data": {"symbol": "ARIA_USDT", "timestamp": 1762076490.311, "anomalies": ["stale_timestamp: 1762076490.311 vs 1764665486.047599"], "data_sample": {"price": 0.16766, "volume": 7.0}}}
{"timestamp": "2025-12-02T08:51:26.062424+00:00", "level": "WARNING", "module": "logger", "funcName": "_log", "lineno": 188, "event_type": "streaming_indicator_engine.data_anomalies_detected", "data": {"symbol": "ARIA_USDT", "timestamp": 1762076501.311, "anomalies": ["stale_timestamp: 1762076501.311 vs 1764665486.0624247"], "data_sample": {"price": 0.16763, "volume": 5.0}}}
{"timestamp": "2025-12-02T08:51:26.064422+00:00", "level": "INFO", "module": "logger", "funcName": "_log", "lineno": 188, "event_type": "strategy_manager.indicator_update_received", "data": {"symbol": "ARIA_USDT", "indicator_name": "11b8be00-eed3-48fe-b359-df47b297226c_20", "indicator_type": "", "value": 0.007807839091349851, "active_strategies_for_symbol": true, "active_count": 3}}
{"timestamp": "2025-12-02T08:51:26.065422+00:00", "level": "WARNING", "module": "logger", "funcName": "_log", "lineno": 188, "event_type": "streaming_indicator_engine.data_anomalies_detected", "data": {"symbol": "ARIA_USDT", "timestamp": 1762076514.408999, "anomalies": ["stale_timestamp: 1762076514.408999 vs 1764665486.0654225"], "data_sample": {"price": 0.16766, "volume": 10.0}}}
{"timestamp": "2025-12-02T08:51:26.066421+00:00", "level": "WARNING", "module": "logger", "funcName": "_log", "lineno": 188, "event_type": "streaming_indicator_engine.data_anomalies_detected", "data": {"symbol": "ARIA_USDT", "timestamp": 1762076520.311, "anomalies": ["stale_timestamp: 1762076520.311 vs 1764665486.0664215"], "data_sample": {"price": 0.1677, "volume": 9.0}}}
{"timestamp": "2025-12-02T08:51:26.067464+00:00", "level": "WARNING", "module": "logger", "funcName": "_log", "lineno": 188, "event_type": "streaming_indicator_engine.data_anomalies_detected", "data": {"symbol": "ARIA_USDT", "timestamp": 1762076531.311, "anomalies": ["stale_timestamp: 1762076531.311 vs 1764665486.067465"], "data_sample": {"price": 0.16778, "volume": 10.0}}}
{"timestamp": "2025-12-02T08:51:26.067464+00:00", "level": "WARNING", "module": "logger", "funcName": "_log", "lineno": 188, "event_type": "streaming_indicator_engine.data_anomalies_detected", "data": {"symbol": "ARIA_USDT", "timestamp": 1762076537.311, "anomalies": ["stale_timestamp: 1762076537.311 vs 1764665486.067465"], "data_sample": {"price": 0.16777, "volume": 10.0}}}
{"timestamp": "2025-12-02T08:51:26.067464+00:00", "level": "INFO", "module": "logger", "funcName": "_log", "lineno": 188, "event_type": "strategy_manager.indicator_update_received", "data": {"symbol": "ARIA_USDT", "indicator_name": "11b8be00-eed3-48fe-b359-df47b297226c_20", "indicator_type": "", "value": 0.007807839091349851, "active_strategies_for_symbol": true, "active_count": 3}}
{"timestamp": "2025-12-02T08:51:26.068969+00:00", "level": "WARNING", "module": "logger", "funcName": "_log", "lineno": 188, "event_type": "streaming_indicator_engine.data_anomalies_detected", "data": {"symbol": "ARIA_USDT", "timestamp": 1762076543.312, "anomalies": ["stale_timestamp: 1762076543.312 vs 1764665486.0689695"], "data_sample": {"price": 0.16765, "volume": 8.0}}}
{"timestamp": "2025-12-02T08:51:26.069977+00:00", "level": "WARNING", "module": "logger", "funcName": "_log", "lineno": 188, "event_type": "streaming_indicator_engine.data_anomalies_detected", "data": {"symbol": "ARIA_USDT", "timestamp": 1762076551.311, "anomalies": ["stale_timestamp: 1762076551.311 vs 1764665486.0699773"], "data_sample": {"price": 0.16776, "volume": 7.0}}}
{"timestamp": "2025-12-02T08:51:26.069977+00:00", "level": "WARNING", "module": "logger", "funcName": "_log", "lineno": 188, "event_type": "streaming_indicator_engine.data_anomalies_detected", "data": {"symbol": "ARIA_USDT", "timestamp": 1762076567.313999, "anomalies": ["stale_timestamp: 1762076567.313999 vs 1764665486.0699773"], "data_sample": {"price": 0.16779, "volume": 4.0}}}
{"timestamp": "2025-12-02T08:51:26.071080+00:00", "level": "WARNING", "module": "logger", "funcName": "_log", "lineno": 188, "event_type": "streaming_indicator_engine.data_anomalies_detected", "data": {"symbol": "ARIA_USDT", "timestamp": 1762076582.312999, "anomalies": ["stale_timestamp: 1762076582.312999 vs 1764665486.0710807"], "data_sample": {"price": 0.16774, "volume": 4.0}}}
{"timestamp": "2025-12-02T08:51:26.071080+00:00", "level": "WARNING", "module": "logger", "funcName": "_log", "lineno": 188, "event_type": "streaming_indicator_engine.data_anomalies_detected", "data": {"symbol": "ARIA_USDT", "timestamp": 1762076595.309999, "anomalies": ["stale_timestamp: 1762076595.309999 vs 1764665486.0710807"], "data_sample": {"price": 0.16776, "volume": 10.0}}}
{"timestamp": "2025-12-02T08:51:26.071080+00:00", "level": "WARNING", "module": "logger", "funcName": "_log", "lineno": 188, "event_type": "streaming_indicator_engine.data_anomalies_detected", "data": {"symbol": "ARIA_USDT", "timestamp": 1762076606.309999, "anomalies": ["stale_timestamp: 1762076606.309999 vs 1764665486.0710807"], "data_sample": {"price": 0.16772, "volume": 9.0}}}
{"timestamp": "2025-12-02T08:51:26.073067+00:00", "level": "WARNING", "module": "logger", "funcName": "_log", "lineno": 188, "event_type": "streaming_indicator_engine.data_anomalies_detected", "data": {"symbol": "ARIA_USDT", "timestamp": 1762076620.309999, "anomalies": ["stale_timestamp: 1762076620.309999 vs 1764665486.0730672"], "data_sample": {"price": 0.16764, "volume": 5.0}}}
{"timestamp": "2025-12-02T08:51:26.093656+00:00", "level": "WARNING", "module": "logger", "funcName": "_log", "lineno": 188, "event_type": "streaming_indicator_engine.data_anomalies_detected", "data": {"symbol": "ARIA_USDT", "timestamp": 1762076628.311, "anomalies": ["stale_timestamp: 1762076628.311 vs 1764665486.0926483"], "data_sample": {"price": 0.16761, "volume": 7.0}}}
{"timestamp": "2025-12-02T08:51:26.107632+00:00", "level": "WARNING", "module": "logger", "funcName": "_log", "lineno": 188, "event_type": "streaming_indicator_engine.data_anomalies_detected", "data": {"symbol": "ARIA_USDT", "timestamp": 1762076638.312999, "anomalies": ["stale_timestamp: 1762076638.312999 vs 1764665486.1076329"], "data_sample": {"price": 0.16763, "volume": 10.0}}}
{"timestamp": "2025-12-02T08:51:26.123201+00:00", "level": "WARNING", "module": "logger", "funcName": "_log", "lineno": 188, "event_type": "streaming_indicator_engine.data_anomalies_detected", "data": {"symbol": "ARIA_USDT", "timestamp": 1762076647.309999, "anomalies": ["stale_timestamp: 1762076647.309999 vs 1764665486.1232011"], "data_sample": {"price": 0.16762, "volume": 4.0}}}
{"timestamp": "2025-12-02T08:51:26.137888+00:00", "level": "WARNING", "module": "logger", "funcName": "_log", "lineno": 188, "event_type": "streaming_indicator_engine.data_anomalies_detected", "data": {"symbol": "ARIA_USDT", "timestamp": 1762076653.309999, "anomalies": ["stale_timestamp: 1762076653.309999 vs 1764665486.1378882"], "data_sample": {"price": 0.16761, "volume": 9.0}}}
{"timestamp": "2025-12-02T08:51:26.153110+00:00", "level": "WARNING", "module": "logger", "funcName": "_log", "lineno": 188, "event_type": "streaming_indicator_engine.data_anomalies_detected", "data": {"symbol": "ARIA_USDT", "timestamp": 1762076666.309999, "anomalies": ["stale_timestamp: 1762076666.309999 vs 1764665486.1531105"], "data_sample": {"price": 0.16763, "volume": 9.0}}}
{"timestamp": "2025-12-02T08:51:26.168664+00:00", "level": "WARNING", "module": "logger", "funcName": "_log", "lineno": 188, "event_type": "streaming_indicator_engine.data_anomalies_detected", "data": {"symbol": "ARIA_USDT", "timestamp": 1762076672.308999, "anomalies": ["stale_timestamp: 1762076672.308999 vs 1764665486.1686642"], "data_sample": {"price": 0.16762, "volume": 9.0}}}
{"timestamp": "2025-12-02T08:51:26.184215+00:00", "level": "WARNING", "module": "logger", "funcName": "_log", "lineno": 188, "event_type": "streaming_indicator_engine.data_anomalies_detected", "data": {"symbol": "ARIA_USDT", "timestamp": 1762076685.309999, "anomalies": ["stale_timestamp: 1762076685.309999 vs 1764665486.1842153"], "data_sample": {"price": 0.16732, "volume": 9.0}}}
{"timestamp": "2025-12-02T08:51:26.199959+00:00", "level": "WARNING", "module": "logger", "funcName": "_log", "lineno": 188, "event_type": "streaming_indicator_engine.data_anomalies_detected", "data": {"symbol": "ARIA_USDT", "timestamp": 1762076699.311, "anomalies": ["stale_timestamp: 1762076699.311 vs 1764665486.1999595"], "data_sample": {"price": 0.16737, "volume": 11.0}}}
{"timestamp": "2025-12-02T08:51:26.215108+00:00", "level": "WARNING", "module": "logger", "funcName": "_log", "lineno": 188, "event_type": "streaming_indicator_engine.data_anomalies_detected", "data": {"symbol": "ARIA_USDT", "timestamp": 1762076713.309999, "anomalies": ["stale_timestamp: 1762076713.309999 vs 1764665486.2151086"], "data_sample": {"price": 0.16735, "volume": 4.0}}}
{"timestamp": "2025-12-02T08:51:26.229939+00:00", "level": "WARNING", "module": "logger", "funcName": "_log", "lineno": 188, "event_type": "streaming_indicator_engine.data_anomalies_detected", "data": {"symbol": "ARIA_USDT", "timestamp": 1762076728.311, "anomalies": ["stale_timestamp: 1762076728.311 vs 1764665486.2299397"], "data_sample": {"price": 0.16739, "volume": 9.0}}}
{"timestamp": "2025-12-02T08:51:26.245362+00:00", "level": "WARNING", "module": "logger", "funcName": "_log", "lineno": 188, "event_type": "streaming_indicator_engine.data_anomalies_detected", "data": {"symbol": "ARIA_USDT", "timestamp": 1762076734.308999, "anomalies": ["stale_timestamp: 1762076734.308999 vs 1764665486.2453623"], "data_sample": {"price": 0.16744, "volume": 9.0}}}
{"timestamp": "2025-12-02T08:51:26.261976+00:00", "level": "WARNING", "module": "logger", "funcName": "_log", "lineno": 188, "event_type": "streaming_indicator_engine.data_anomalies_detected", "data": {"symbol": "ARIA_USDT", "timestamp": 1762076750.309999, "anomalies": ["stale_timestamp: 1762076750.309999 vs 1764665486.2619765"], "data_sample": {"price": 0.16747, "volume": 10.0}}}
{"timestamp": "2025-12-02T08:51:26.277228+00:00", "level": "WARNING", "module": "logger", "funcName": "_log", "lineno": 188, "event_type": "streaming_indicator_engine.data_anomalies_detected", "data": {"symbol": "ARIA_USDT", "timestamp": 1762076759.311, "anomalies": ["stale_timestamp: 1762076759.311 vs 1764665486.276223"], "data_sample": {"price": 0.16746, "volume": 10.0}}}
{"timestamp": "2025-12-02T08:51:26.291926+00:00", "level": "WARNING", "module": "logger", "funcName": "_log", "lineno": 188, "event_type": "streaming_indicator_engine.data_anomalies_detected", "data": {"symbol": "ARIA_USDT", "timestamp": 1762076767.309999, "anomalies": ["stale_timestamp: 1762076767.309999 vs 1764665486.2919269"], "data_sample": {"price": 0.16742, "volume": 8.0}}}
{"timestamp": "2025-12-02T08:51:26.307288+00:00", "level": "WARNING", "module": "logger", "funcName": "_log", "lineno": 188, "event_type": "streaming_indicator_engine.data_anomalies_detected", "data": {"symbol": "ARIA_USDT", "timestamp": 1762076783.312, "anomalies": ["stale_timestamp: 1762076783.312 vs 1764665486.307289"], "data_sample": {"price": 0.16745, "volume": 8.0}}}
{"timestamp": "2025-12-02T08:51:26.322892+00:00", "level": "WARNING", "module": "logger", "funcName": "_log", "lineno": 188, "event_type": "streaming_indicator_engine.data_anomalies_detected", "data": {"symbol": "ARIA_USDT", "timestamp": 1762076789.309999, "anomalies": ["stale_timestamp: 1762076789.309999 vs 1764665486.322893"], "data_sample": {"price": 0.16755, "volume": 9.0}}}
{"timestamp": "2025-12-02T08:51:26.339094+00:00", "level": "WARNING", "module": "logger", "funcName": "_log", "lineno": 188, "event_type": "streaming_indicator_engine.data_anomalies_detected", "data": {"symbol": "ARIA_USDT", "timestamp": 1762076803.311, "anomalies": ["stale_timestamp: 1762076803.311 vs 1764665486.3390946"], "data_sample": {"price": 0.16758, "volume": 10.0}}}
{"timestamp": "2025-12-02T08:51:26.354915+00:00", "level": "WARNING", "module": "logger", "funcName": "_log", "lineno": 188, "event_type": "streaming_indicator_engine.data_anomalies_detected", "data": {"symbol": "ARIA_USDT", "timestamp": 1762076816.308999, "anomalies": ["stale_timestamp: 1762076816.308999 vs 1764665486.3549156"], "data_sample": {"price": 0.16762, "volume": 9.0}}}
{"timestamp": "2025-12-02T08:51:26.370686+00:00", "level": "WARNING", "module": "logger", "funcName": "_log", "lineno": 188, "event_type": "streaming_indicator_engine.data_anomalies_detected", "data": {"symbol": "ARIA_USDT", "timestamp": 1762076825.312999, "anomalies": ["stale_timestamp: 1762076825.312999 vs 1764665486.370687"], "data_sample": {"price": 0.16751, "volume": 10.0}}}
{"timestamp": "2025-12-02T08:51:26.386133+00:00", "level": "WARNING", "module": "logger", "funcName": "_log", "lineno": 188, "event_type": "streaming_indicator_engine.data_anomalies_detected", "data": {"symbol": "ARIA_USDT", "timestamp": 1762076831.316999, "anomalies": ["stale_timestamp: 1762076831.316999 vs 1764665486.386134"], "data_sample": {"price": 0.1674, "volume": 6.0}}}
{"timestamp": "2025-12-02T08:51:26.402163+00:00", "level": "WARNING", "module": "logger", "funcName": "_log", "lineno": 188, "event_type": "streaming_indicator_engine.data_anomalies_detected", "data": {"symbol": "ARIA_USDT", "timestamp": 1762076839.311, "anomalies": ["stale_timestamp: 1762076839.311 vs 1764665486.4021635"], "data_sample": {"price": 0.16741, "volume": 8.0}}}
{"timestamp": "2025-12-02T08:51:26.416842+00:00", "level": "WARNING", "module": "logger", "funcName": "_log", "lineno": 188, "event_type": "streaming_indicator_engine.data_anomalies_detected", "data": {"symbol": "ARIA_USDT", "timestamp": 1762076846.312, "anomalies": ["stale_timestamp: 1762076846.312 vs 1764665486.4168422"], "data_sample": {"price": 0.1674, "volume": 6.0}}}
{"timestamp": "2025-12-02T08:51:26.432218+00:00", "level": "WARNING", "module": "logger", "funcName": "_log", "lineno": 188, "event_type": "streaming_indicator_engine.data_anomalies_detected", "data": {"symbol": "ARIA_USDT", "timestamp": 1762076859.309999, "anomalies": ["stale_timestamp: 1762076859.309999 vs 1764665486.432218"], "data_sample": {"price": 0.16723, "volume": 5.0}}}
{"timestamp": "2025-12-02T08:51:26.446911+00:00", "level": "WARNING", "module": "logger", "funcName": "_log", "lineno": 188, "event_type": "streaming_indicator_engine.data_anomalies_detected", "data": {"symbol": "ARIA_USDT", "timestamp": 1762076870.309999, "anomalies": ["stale_timestamp: 1762076870.309999 vs 1764665486.4469113"], "data_sample": {"price": 0.16724, "volume": 9.0}}}
{"timestamp": "2025-12-02T08:51:26.463985+00:00", "level": "WARNING", "module": "logger", "funcName": "_log", "lineno": 188, "event_type": "streaming_indicator_engine.data_anomalies_detected", "data": {"symbol": "ARIA_USDT", "timestamp": 1762076878.309999, "anomalies": ["stale_timestamp: 1762076878.309999 vs 1764665486.4629877"], "data_sample": {"price": 0.16731, "volume": 4.0}}}
{"timestamp": "2025-12-02T08:51:26.476998+00:00", "level": "WARNING", "module": "logger", "funcName": "_log", "lineno": 188, "event_type": "streaming_indicator_engine.data_anomalies_detected", "data": {"symbol": "ARIA_USDT", "timestamp": 1762076892.311, "anomalies": ["stale_timestamp: 1762076892.311 vs 1764665486.4769983"], "data_sample": {"price": 0.16728, "volume": 9.0}}}
{"timestamp": "2025-12-02T08:51:26.507803+00:00", "level": "WARNING", "module": "logger", "funcName": "_log", "lineno": 188, "event_type": "streaming_indicator_engine.data_anomalies_detected", "data": {"symbol": "ARIA_USDT", "timestamp": 1762076900.309999, "anomalies": ["stale_timestamp: 1762076900.309999 vs 1764665486.5078034"], "data_sample": {"price": 0.16731, "volume": 7.0}}}
{"timestamp": "2025-12-02T08:51:26.522942+00:00", "level": "WARNING", "module": "logger", "funcName": "_log", "lineno": 188, "event_type": "streaming_indicator_engine.data_anomalies_detected", "data": {"symbol": "ARIA_USDT", "timestamp": 1762076915.308999, "anomalies": ["stale_timestamp: 1762076915.308999 vs 1764665486.5229423"], "data_sample": {"price": 0.16729, "volume": 4.0}}}
{"timestamp": "2025-12-02T08:51:26.538975+00:00", "level": "WARNING", "module": "logger", "funcName": "_log", "lineno": 188, "event_type": "streaming_indicator_engine.data_anomalies_detected", "data": {"symbol": "ARIA_USDT", "timestamp": 1762076929.309999, "anomalies": ["stale_timestamp: 1762076929.309999 vs 1764665486.5389757"], "data_sample": {"price": 0.16725, "volume": 11.0}}}
{"timestamp": "2025-12-02T08:51:26.554088+00:00", "level": "WARNING", "module": "logger", "funcName": "_log", "lineno": 188, "event_type": "streaming_indicator_engine.data_anomalies_detected", "data": {"symbol": "ARIA_USDT", "timestamp": 1762076940.312999, "anomalies": ["stale_timestamp: 1762076940.312999 vs 1764665486.5540884"], "data_sample": {"price": 0.16733, "volume": 8.0}}}
{"timestamp": "2025-12-02T08:51:26.554983+00:00", "level": "WARNING", "module": "logger", "funcName": "_log", "lineno": 188, "event_type": "streaming_indicator_engine.data_anomalies_detected", "data": {"symbol": "ARIA_USDT", "timestamp": 1762076949.324999, "anomalies": ["stale_timestamp: 1762076949.324999 vs 1764665486.5549839"], "data_sample": {"price": 0.1673, "volume": 8.0}}}
{"timestamp": "2025-12-02T08:51:26.569937+00:00", "level": "WARNING", "module": "logger", "funcName": "_log", "lineno": 188, "event_type": "streaming_indicator_engine.data_anomalies_detected", "data": {"symbol": "ARIA_USDT", "timestamp": 1762076965.316, "anomalies": ["stale_timestamp: 1762076965.316 vs 1764665486.569937"], "data_sample": {"price": 0.16729, "volume": 4.0}}}
{"timestamp": "2025-12-02T08:51:26.586466+00:00", "level": "WARNING", "module": "logger", "funcName": "_log", "lineno": 188, "event_type": "streaming_indicator_engine.data_anomalies_detected", "data": {"symbol": "ARIA_USDT", "timestamp": 1762076978.312, "anomalies": ["stale_timestamp: 1762076978.312 vs 1764665486.5854676"], "data_sample": {"price": 0.1673, "volume": 9.0}}}
{"timestamp": "2025-12-02T08:51:26.600765+00:00", "level": "WARNING", "module": "logger", "funcName": "_log", "lineno": 188, "event_type": "streaming_indicator_engine.data_anomalies_detected", "data": {"symbol": "ARIA_USDT", "timestamp": 1762076990.315, "anomalies": ["stale_timestamp: 1762076990.315 vs 1764665486.6007657"], "data_sample": {"price": 0.16733, "volume": 10.0}}}
      Status: running, Ticks: 0, Signals: 0
{"timestamp": "2025-12-02T08:51:26.601686+00:00", "level": "WARNING", "module": "logger", "funcName": "_log", "lineno": 188, "event_type": "streaming_indicator_engine.data_anomalies_detected", "data": {"symbol": "ARIA_USDT", "timestamp": 1762076997.315, "anomalies": ["stale_timestamp: 1762076997.315 vs 1764665486.6016865"], "data_sample": {"price": 0.16726, "volume": 12.0}}}
{"timestamp": "2025-12-02T08:51:26.616454+00:00", "level": "WARNING", "module": "logger", "funcName": "_log", "lineno": 188, "event_type": "streaming_indicator_engine.data_anomalies_detected", "data": {"symbol": "ARIA_USDT", "timestamp": 1762077007.309999, "anomalies": ["stale_timestamp: 1762077007.309999 vs 1764665486.6164544"], "data_sample": {"price": 0.16719, "volume": 4.0}}}
{"timestamp": "2025-12-02T08:51:26.631232+00:00", "level": "WARNING", "module": "logger", "funcName": "_log", "lineno": 188, "event_type": "streaming_indicator_engine.data_anomalies_detected", "data": {"symbol": "ARIA_USDT", "timestamp": 1762077018.309999, "anomalies": ["stale_timestamp: 1762077018.309999 vs 1764665486.6312325"], "data_sample": {"price": 0.16722, "volume": 8.0}}}
{"timestamp": "2025-12-02T08:51:26.646538+00:00", "level": "WARNING", "module": "logger", "funcName": "_log", "lineno": 188, "event_type": "streaming_indicator_engine.data_anomalies_detected", "data": {"symbol": "ARIA_USDT", "timestamp": 1762077025.309999, "anomalies": ["stale_timestamp: 1762077025.309999 vs 1764665486.646538"], "data_sample": {"price": 0.16726, "volume": 5.0}}}
{"timestamp": "2025-12-02T08:51:26.662231+00:00", "level": "WARNING", "module": "logger", "funcName": "_log", "lineno": 188, "event_type": "streaming_indicator_engine.data_anomalies_detected", "data": {"symbol": "ARIA_USDT", "timestamp": 1762077033.311, "anomalies": ["stale_timestamp: 1762077033.311 vs 1764665486.662232"], "data_sample": {"price": 0.16725, "volume": 4.0}}}
{"timestamp": "2025-12-02T08:51:26.677148+00:00", "level": "WARNING", "module": "logger", "funcName": "_log", "lineno": 188, "event_type": "streaming_indicator_engine.data_anomalies_detected", "data": {"symbol": "ARIA_USDT", "timestamp": 1762077042.309999, "anomalies": ["stale_timestamp: 1762077042.309999 vs 1764665486.6771486"], "data_sample": {"price": 0.16724, "volume": 4.0}}}
{"timestamp": "2025-12-02T08:51:26.692210+00:00", "level": "WARNING", "module": "logger", "funcName": "_log", "lineno": 188, "event_type": "streaming_indicator_engine.data_anomalies_detected", "data": {"symbol": "ARIA_USDT", "timestamp": 1762077051.309999, "anomalies": ["stale_timestamp: 1762077051.309999 vs 1764665486.6922104"], "data_sample": {"price": 0.16725, "volume": 4.0}}}
{"timestamp": "2025-12-02T08:51:26.707721+00:00", "level": "WARNING", "module": "logger", "funcName": "_log", "lineno": 188, "event_type": "streaming_indicator_engine.data_anomalies_detected", "data": {"symbol": "ARIA_USDT", "timestamp": 1762077057.312999, "anomalies": ["stale_timestamp: 1762077057.312999 vs 1764665486.7077212"], "data_sample": {"price": 0.16726, "volume": 3.0}}}
{"timestamp": "2025-12-02T08:51:26.724571+00:00", "level": "WARNING", "module": "logger", "funcName": "_log", "lineno": 188, "event_type": "streaming_indicator_engine.data_anomalies_detected", "data": {"symbol": "ARIA_USDT", "timestamp": 1762077067.316999, "anomalies": ["stale_timestamp: 1762077067.316999 vs 1764665486.723082"], "data_sample": {"price": 0.16725, "volume": 8.0}}}
{"timestamp": "2025-12-02T08:51:26.739413+00:00", "level": "WARNING", "module": "logger", "funcName": "_log", "lineno": 188, "event_type": "streaming_indicator_engine.data_anomalies_detected", "data": {"symbol": "ARIA_USDT", "timestamp": 1762077081.308, "anomalies": ["stale_timestamp: 1762077081.308 vs 1764665486.7394137"], "data_sample": {"price": 0.16714, "volume": 6.0}}}
{"timestamp": "2025-12-02T08:51:26.755007+00:00", "level": "WARNING", "module": "logger", "funcName": "_log", "lineno": 188, "event_type": "streaming_indicator_engine.data_anomalies_detected", "data": {"symbol": "ARIA_USDT", "timestamp": 1762077089.311, "anomalies": ["stale_timestamp: 1762077089.311 vs 1764665486.7550075"], "data_sample": {"price": 0.16711, "volume": 4.0}}}
{"timestamp": "2025-12-02T08:51:26.770417+00:00", "level": "WARNING", "module": "logger", "funcName": "_log", "lineno": 188, "event_type": "streaming_indicator_engine.data_anomalies_detected", "data": {"symbol": "ARIA_USDT", "timestamp": 1762077098.311, "anomalies": ["stale_timestamp: 1762077098.311 vs 1764665486.770418"], "data_sample": {"price": 0.16702, "volume": 4.0}}}
{"timestamp": "2025-12-02T08:51:26.785510+00:00", "level": "WARNING", "module": "logger", "funcName": "_log", "lineno": 188, "event_type": "streaming_indicator_engine.data_anomalies_detected", "data": {"symbol": "ARIA_USDT", "timestamp": 1762077107.335, "anomalies": ["stale_timestamp: 1762077107.335 vs 1764665486.7855103"], "data_sample": {"price": 0.167, "volume": 26.0}}}
{"timestamp": "2025-12-02T08:51:26.801574+00:00", "level": "WARNING", "module": "logger", "funcName": "_log", "lineno": 188, "event_type": "streaming_indicator_engine.data_anomalies_detected", "data": {"symbol": "ARIA_USDT", "timestamp": 1762077121.309999, "anomalies": ["stale_timestamp: 1762077121.309999 vs 1764665486.801575"], "data_sample": {"price": 0.16704, "volume": 8.0}}}
{"timestamp": "2025-12-02T08:51:26.817690+00:00", "level": "WARNING", "module": "logger", "funcName": "_log", "lineno": 188, "event_type": "streaming_indicator_engine.data_anomalies_detected", "data": {"symbol": "ARIA_USDT", "timestamp": 1762077123.420999, "anomalies": ["stale_timestamp: 1762077123.420999 vs 1764665486.8166852"], "data_sample": {"price": 0.167, "volume": 59.0}}}
{"timestamp": "2025-12-02T08:51:26.822208+00:00", "level": "INFO", "module": "logger", "funcName": "_log", "lineno": 188, "event_type": "strategy_manager.indicator_update_received", "data": {"symbol": "ARIA_USDT", "indicator_name": "611fad91-045d-408b-8822-f43428935033_20", "indicator_type": "", "value": -0.002905608753967066, "active_strategies_for_symbol": true, "active_count": 3}}
{"timestamp": "2025-12-02T08:51:26.823213+00:00", "level": "WARNING", "module": "logger", "funcName": "_log", "lineno": 188, "event_type": "streaming_indicator_engine.data_anomalies_detected", "data": {"symbol": "ARIA_USDT", "timestamp": 1762077139.311, "anomalies": ["stale_timestamp: 1762077139.311 vs 1764665486.823213"], "data_sample": {"price": 0.16703, "volume": 5.0}}}
{"timestamp": "2025-12-02T08:51:26.823213+00:00", "level": "WARNING", "module": "logger", "funcName": "_log", "lineno": 188, "event_type": "streaming_indicator_engine.data_anomalies_detected", "data": {"symbol": "ARIA_USDT", "timestamp": 1762077152.308999, "anomalies": ["stale_timestamp: 1762077152.308999 vs 1764665486.823213"], "data_sample": {"price": 0.16708, "volume": 9.0}}}
{"timestamp": "2025-12-02T08:51:26.824209+00:00", "level": "WARNING", "module": "logger", "funcName": "_log", "lineno": 188, "event_type": "streaming_indicator_engine.data_anomalies_detected", "data": {"symbol": "ARIA_USDT", "timestamp": 1762077163.309999, "anomalies": ["stale_timestamp: 1762077163.309999 vs 1764665486.8242092"], "data_sample": {"price": 0.16713, "volume": 11.0}}}
{"timestamp": "2025-12-02T08:51:26.824209+00:00", "level": "WARNING", "module": "logger", "funcName": "_log", "lineno": 188, "event_type": "streaming_indicator_engine.data_anomalies_detected", "data": {"symbol": "ARIA_USDT", "timestamp": 1762077172.309999, "anomalies": ["stale_timestamp: 1762077172.309999 vs 1764665486.8242092"], "data_sample": {"price": 0.16706, "volume": 12.0}}}
{"timestamp": "2025-12-02T08:51:26.824209+00:00", "level": "WARNING", "module": "logger", "funcName": "_log", "lineno": 188, "event_type": "streaming_indicator_engine.data_anomalies_detected", "data": {"symbol": "ARIA_USDT", "timestamp": 1762077187.312999, "anomalies": ["stale_timestamp: 1762077187.312999 vs 1764665486.8242092"], "data_sample": {"price": 0.16705, "volume": 4.0}}}
{"timestamp": "2025-12-02T08:51:26.825210+00:00", "level": "INFO", "module": "logger", "funcName": "_log", "lineno": 188, "event_type": "strategy_manager.indicator_update_received", "data": {"symbol": "ARIA_USDT", "indicator_name": "611fad91-045d-408b-8822-f43428935033_20", "indicator_type": "", "value": -0.002905608753967066, "active_strategies_for_symbol": true, "active_count": 3}}
{"timestamp": "2025-12-02T08:51:26.825210+00:00", "level": "WARNING", "module": "logger", "funcName": "_log", "lineno": 188, "event_type": "streaming_indicator_engine.data_anomalies_detected", "data": {"symbol": "ARIA_USDT", "timestamp": 1762077203.309999, "anomalies": ["stale_timestamp: 1762077203.309999 vs 1764665486.82521"], "data_sample": {"price": 0.16703, "volume": 6.0}}}
{"timestamp": "2025-12-02T08:51:26.826209+00:00", "level": "WARNING", "module": "logger", "funcName": "_log", "lineno": 188, "event_type": "streaming_indicator_engine.data_anomalies_detected", "data": {"symbol": "ARIA_USDT", "timestamp": 1762077211.312, "anomalies": ["stale_timestamp: 1762077211.312 vs 1764665486.826209"], "data_sample": {"price": 0.16707, "volume": 9.0}}}
{"timestamp": "2025-12-02T08:51:26.826209+00:00", "level": "WARNING", "module": "logger", "funcName": "_log", "lineno": 188, "event_type": "streaming_indicator_engine.data_anomalies_detected", "data": {"symbol": "ARIA_USDT", "timestamp": 1762077227.312999, "anomalies": ["stale_timestamp: 1762077227.312999 vs 1764665486.826209"], "data_sample": {"price": 0.16704, "volume": 4.0}}}
{"timestamp": "2025-12-02T08:51:26.827210+00:00", "level": "WARNING", "module": "logger", "funcName": "_log", "lineno": 188, "event_type": "streaming_indicator_engine.data_anomalies_detected", "data": {"symbol": "ARIA_USDT", "timestamp": 1762077234.308999, "anomalies": ["stale_timestamp: 1762077234.308999 vs 1764665486.82721"], "data_sample": {"price": 0.16708, "volume": 8.0}}}
{"timestamp": "2025-12-02T08:51:26.827210+00:00", "level": "WARNING", "module": "logger", "funcName": "_log", "lineno": 188, "event_type": "streaming_indicator_engine.data_anomalies_detected", "data": {"symbol": "ARIA_USDT", "timestamp": 1762077247.312999, "anomalies": ["stale_timestamp: 1762077247.312999 vs 1764665486.82721"], "data_sample": {"price": 0.16705, "volume": 7.0}}}
{"timestamp": "2025-12-02T08:51:26.829747+00:00", "level": "WARNING", "module": "logger", "funcName": "_log", "lineno": 188, "event_type": "streaming_indicator_engine.data_anomalies_detected", "data": {"symbol": "ARIA_USDT", "timestamp": 1762077263.309999, "anomalies": ["stale_timestamp: 1762077263.309999 vs 1764665486.8287356"], "data_sample": {"price": 0.16704, "volume": 7.0}}}
{"timestamp": "2025-12-02T08:51:26.832754+00:00", "level": "INFO", "module": "logger", "funcName": "_log", "lineno": 188, "event_type": "strategy_manager.indicator_update_received", "data": {"symbol": "ARIA_USDT", "indicator_name": "790d8eed-dc95-43ff-b625-1205d256154b_20", "indicator_type": "", "value": -4.988923624437225e-05, "active_strategies_for_symbol": true, "active_count": 3}}
{"timestamp": "2025-12-02T08:51:26.833776+00:00", "level": "WARNING", "module": "logger", "funcName": "_log", "lineno": 188, "event_type": "streaming_indicator_engine.data_anomalies_detected", "data": {"symbol": "ARIA_USDT", "timestamp": 1762077274.309999, "anomalies": ["stale_timestamp: 1762077274.309999 vs 1764665486.8337765"], "data_sample": {"price": 0.16709, "volume": 4.0}}}
{"timestamp": "2025-12-02T08:51:26.835777+00:00", "level": "WARNING", "module": "logger", "funcName": "_log", "lineno": 188, "event_type": "streaming_indicator_engine.data_anomalies_detected", "data": {"symbol": "ARIA_USDT", "timestamp": 1762077281.311, "anomalies": ["stale_timestamp: 1762077281.311 vs 1764665486.8347883"], "data_sample": {"price": 0.16713, "volume": 12.0}}}
{"timestamp": "2025-12-02T08:51:26.836748+00:00", "level": "WARNING", "module": "logger", "funcName": "_log", "lineno": 188, "event_type": "streaming_indicator_engine.data_anomalies_detected", "data": {"symbol": "ARIA_USDT", "timestamp": 1762077290.312, "anomalies": ["stale_timestamp: 1762077290.312 vs 1764665486.8367481"], "data_sample": {"price": 0.16709, "volume": 8.0}}}
{"timestamp": "2025-12-02T08:51:26.837776+00:00", "level": "WARNING", "module": "logger", "funcName": "_log", "lineno": 188, "event_type": "streaming_indicator_engine.data_anomalies_detected", "data": {"symbol": "ARIA_USDT", "timestamp": 1762077299.312, "anomalies": ["stale_timestamp: 1762077299.312 vs 1764665486.8377767"], "data_sample": {"price": 0.16706, "volume": 8.0}}}
{"timestamp": "2025-12-02T08:51:26.838752+00:00", "level": "WARNING", "module": "logger", "funcName": "_log", "lineno": 188, "event_type": "streaming_indicator_engine.data_anomalies_detected", "data": {"symbol": "ARIA_USDT", "timestamp": 1762077309.309999, "anomalies": ["stale_timestamp: 1762077309.309999 vs 1764665486.8387525"], "data_sample": {"price": 0.16705, "volume": 6.0}}}
{"timestamp": "2025-12-02T08:51:26.838752+00:00", "level": "WARNING", "module": "logger", "funcName": "_log", "lineno": 188, "event_type": "streaming_indicator_engine.data_anomalies_detected", "data": {"symbol": "ARIA_USDT", "timestamp": 1762077318.312, "anomalies": ["stale_timestamp: 1762077318.312 vs 1764665486.8387525"], "data_sample": {"price": 0.16706, "volume": 9.0}}}
{"timestamp": "2025-12-02T08:51:26.838752+00:00", "level": "INFO", "module": "logger", "funcName": "_log", "lineno": 188, "event_type": "strategy_manager.indicator_update_received", "data": {"symbol": "ARIA_USDT", "indicator_name": "790d8eed-dc95-43ff-b625-1205d256154b_20", "indicator_type": "", "value": -4.988923624437225e-05, "active_strategies_for_symbol": true, "active_count": 3}}
{"timestamp": "2025-12-02T08:51:26.839995+00:00", "level": "WARNING", "module": "logger", "funcName": "_log", "lineno": 188, "event_type": "streaming_indicator_engine.data_anomalies_detected", "data": {"symbol": "ARIA_USDT", "timestamp": 1762077324.309999, "anomalies": ["stale_timestamp: 1762077324.309999 vs 1764665486.8399959"], "data_sample": {"price": 0.1671, "volume": 5.0}}}
{"timestamp": "2025-12-02T08:51:26.839995+00:00", "level": "WARNING", "module": "logger", "funcName": "_log", "lineno": 188, "event_type": "streaming_indicator_engine.data_anomalies_detected", "data": {"symbol": "ARIA_USDT", "timestamp": 1762077335.309999, "anomalies": ["stale_timestamp: 1762077335.309999 vs 1764665486.8399959"], "data_sample": {"price": 0.16709, "volume": 4.0}}}
{"timestamp": "2025-12-02T08:51:26.840994+00:00", "level": "WARNING", "module": "logger", "funcName": "_log", "lineno": 188, "event_type": "streaming_indicator_engine.data_anomalies_detected", "data": {"symbol": "ARIA_USDT", "timestamp": 1762077351.309999, "anomalies": ["stale_timestamp: 1762077351.309999 vs 1764665486.8399959"], "data_sample": {"price": 0.1671, "volume": 3.0}}}
{"timestamp": "2025-12-02T08:51:26.840994+00:00", "level": "WARNING", "module": "logger", "funcName": "_log", "lineno": 188, "event_type": "streaming_indicator_engine.data_anomalies_detected", "data": {"symbol": "ARIA_USDT", "timestamp": 1762077362.309999, "anomalies": ["stale_timestamp: 1762077362.309999 vs 1764665486.8409948"], "data_sample": {"price": 0.16716, "volume": 5.0}}}
{"timestamp": "2025-12-02T08:51:26.841995+00:00", "level": "WARNING", "module": "logger", "funcName": "_log", "lineno": 188, "event_type": "streaming_indicator_engine.data_anomalies_detected", "data": {"symbol": "ARIA_USDT", "timestamp": 1762077376.309999, "anomalies": ["stale_timestamp: 1762077376.309999 vs 1764665486.8419957"], "data_sample": {"price": 0.16724, "volume": 11.0}}}
{"timestamp": "2025-12-02T08:51:26.841995+00:00", "level": "WARNING", "module": "logger", "funcName": "_log", "lineno": 188, "event_type": "streaming_indicator_engine.data_anomalies_detected", "data": {"symbol": "ARIA_USDT", "timestamp": 1762077387.309999, "anomalies": ["stale_timestamp: 1762077387.309999 vs 1764665486.8419957"], "data_sample": {"price": 0.16726, "volume": 11.0}}}
{"timestamp": "2025-12-02T08:51:26.842994+00:00", "level": "WARNING", "module": "logger", "funcName": "_log", "lineno": 188, "event_type": "streaming_indicator_engine.data_anomalies_detected", "data": {"symbol": "ARIA_USDT", "timestamp": 1762077395.309999, "anomalies": ["stale_timestamp: 1762077395.309999 vs 1764665486.8429947"], "data_sample": {"price": 0.16728, "volume": 3.0}}}
{"timestamp": "2025-12-02T08:51:26.863254+00:00", "level": "WARNING", "module": "logger", "funcName": "_log", "lineno": 188, "event_type": "streaming_indicator_engine.data_anomalies_detected", "data": {"symbol": "ARIA_USDT", "timestamp": 1762077402.309999, "anomalies": ["stale_timestamp: 1762077402.309999 vs 1764665486.863254"], "data_sample": {"price": 0.1673, "volume": 10.0}}}
{"timestamp": "2025-12-02T08:51:26.879326+00:00", "level": "WARNING", "module": "logger", "funcName": "_log", "lineno": 188, "event_type": "streaming_indicator_engine.data_anomalies_detected", "data": {"symbol": "ARIA_USDT", "timestamp": 1762077412.311, "anomalies": ["stale_timestamp: 1762077412.311 vs 1764665486.879326"], "data_sample": {"price": 0.16729, "volume": 7.0}}}
{"timestamp": "2025-12-02T08:51:26.895095+00:00", "level": "WARNING", "module": "logger", "funcName": "_log", "lineno": 188, "event_type": "streaming_indicator_engine.data_anomalies_detected", "data": {"symbol": "ARIA_USDT", "timestamp": 1762077421.309999, "anomalies": ["stale_timestamp: 1762077421.309999 vs 1764665486.8940637"], "data_sample": {"price": 0.16727, "volume": 4.0}}}
{"timestamp": "2025-12-02T08:51:26.947389+00:00", "level": "WARNING", "module": "logger", "funcName": "_log", "lineno": 188, "event_type": "streaming_indicator_engine.data_anomalies_detected", "data": {"symbol": "ARIA_USDT", "timestamp": 1762076372.312999, "anomalies": ["stale_timestamp: 1762076372.312999 vs 1764665486.947389"], "data_sample": {"price": 0.1671, "volume": 3.0}}}
{"timestamp": "2025-12-02T08:51:26.972152+00:00", "level": "WARNING", "module": "logger", "funcName": "_log", "lineno": 188, "event_type": "streaming_indicator_engine.data_anomalies_detected", "data": {"symbol": "ARIA_USDT", "timestamp": 1762076381.309999, "anomalies": ["stale_timestamp: 1762076381.309999 vs 1764665486.972152"], "data_sample": {"price": 0.16715, "volume": 8.0}}}
{"timestamp": "2025-12-02T08:51:26.987704+00:00", "level": "WARNING", "module": "logger", "funcName": "_log", "lineno": 188, "event_type": "streaming_indicator_engine.data_anomalies_detected", "data": {"symbol": "ARIA_USDT", "timestamp": 1762076388.311, "anomalies": ["stale_timestamp: 1762076388.311 vs 1764665486.9877045"], "data_sample": {"price": 0.16714, "volume": 9.0}}}
{"timestamp": "2025-12-02T08:51:27.002702+00:00", "level": "WARNING", "module": "logger", "funcName": "_log", "lineno": 188, "event_type": "streaming_indicator_engine.data_anomalies_detected", "data": {"symbol": "ARIA_USDT", "timestamp": 1762076401.309999, "anomalies": ["stale_timestamp: 1762076401.309999 vs 1764665487.0027025"], "data_sample": {"price": 0.16717, "volume": 7.0}}}
{"timestamp": "2025-12-02T08:51:27.018743+00:00", "level": "WARNING", "module": "logger", "funcName": "_log", "lineno": 188, "event_type": "streaming_indicator_engine.data_anomalies_detected", "data": {"symbol": "ARIA_USDT", "timestamp": 1762076408.312, "anomalies": ["stale_timestamp: 1762076408.312 vs 1764665487.0187433"], "data_sample": {"price": 0.16713, "volume": 3.0}}}
{"timestamp": "2025-12-02T08:51:27.034877+00:00", "level": "WARNING", "module": "logger", "funcName": "_log", "lineno": 188, "event_type": "streaming_indicator_engine.data_anomalies_detected", "data": {"symbol": "ARIA_USDT", "timestamp": 1762076417.311, "anomalies": ["stale_timestamp: 1762076417.311 vs 1764665487.0339763"], "data_sample": {"price": 0.16708, "volume": 3.0}}}
{"timestamp": "2025-12-02T08:51:27.050291+00:00", "level": "WARNING", "module": "logger", "funcName": "_log", "lineno": 188, "event_type": "streaming_indicator_engine.data_anomalies_detected", "data": {"symbol": "ARIA_USDT", "timestamp": 1762076427.308999, "anomalies": ["stale_timestamp: 1762076427.308999 vs 1764665487.0502913"], "data_sample": {"price": 0.16707, "volume": 12.0}}}
{"timestamp": "2025-12-02T08:51:27.065270+00:00", "level": "WARNING", "module": "logger", "funcName": "_log", "lineno": 188, "event_type": "streaming_indicator_engine.data_anomalies_detected", "data": {"symbol": "ARIA_USDT", "timestamp": 1762076435.309999, "anomalies": ["stale_timestamp: 1762076435.309999 vs 1764665487.065271"], "data_sample": {"price": 0.1671, "volume": 4.0}}}
{"timestamp": "2025-12-02T08:51:27.067292+00:00", "level": "WARNING", "module": "logger", "funcName": "_log", "lineno": 188, "event_type": "streaming_indicator_engine.data_anomalies_detected", "data": {"symbol": "ARIA_USDT", "timestamp": 1762076447.309999, "anomalies": ["stale_timestamp: 1762076447.309999 vs 1764665487.0672927"], "data_sample": {"price": 0.16708, "volume": 9.0}}}
{"timestamp": "2025-12-02T08:51:27.080804+00:00", "level": "WARNING", "module": "logger", "funcName": "_log", "lineno": 188, "event_type": "streaming_indicator_engine.data_anomalies_detected", "data": {"symbol": "ARIA_USDT", "timestamp": 1762076462.309999, "anomalies": ["stale_timestamp: 1762076462.309999 vs 1764665487.080804"], "data_sample": {"price": 0.16726, "volume": 10.0}}}
{"timestamp": "2025-12-02T08:51:27.096930+00:00", "level": "WARNING", "module": "logger", "funcName": "_log", "lineno": 188, "event_type": "streaming_indicator_engine.data_anomalies_detected", "data": {"symbol": "ARIA_USDT", "timestamp": 1762076476.308999, "anomalies": ["stale_timestamp: 1762076476.308999 vs 1764665487.09693"], "data_sample": {"price": 0.16745, "volume": 9.0}}}
{"timestamp": "2025-12-02T08:51:27.097569+00:00", "level": "INFO", "module": "logger", "funcName": "_log", "lineno": 188, "event_type": "strategy_manager.indicator_update_received", "data": {"symbol": "ARIA_USDT", "indicator_name": "11b8be00-eed3-48fe-b359-df47b297226c_20", "indicator_type": "", "value": 0.0025984221094562986, "active_strategies_for_symbol": true, "active_count": 3}}
{"timestamp": "2025-12-02T08:51:27.099076+00:00", "level": "WARNING", "module": "logger", "funcName": "_log", "lineno": 188, "event_type": "streaming_indicator_engine.data_anomalies_detected", "data": {"symbol": "ARIA_USDT", "timestamp": 1762076490.311, "anomalies": ["stale_timestamp: 1762076490.311 vs 1764665487.0990765"], "data_sample": {"price": 0.16766, "volume": 7.0}}}
{"timestamp": "2025-12-02T08:51:27.100086+00:00", "level": "WARNING", "module": "logger", "funcName": "_log", "lineno": 188, "event_type": "streaming_indicator_engine.data_anomalies_detected", "data": {"symbol": "ARIA_USDT", "timestamp": 1762076501.311, "anomalies": ["stale_timestamp: 1762076501.311 vs 1764665487.1000867"], "data_sample": {"price": 0.16763, "volume": 5.0}}}
{"timestamp": "2025-12-02T08:51:27.100086+00:00", "level": "WARNING", "module": "logger", "funcName": "_log", "lineno": 188, "event_type": "streaming_indicator_engine.data_anomalies_detected", "data": {"symbol": "ARIA_USDT", "timestamp": 1762076514.408999, "anomalies": ["stale_timestamp: 1762076514.408999 vs 1764665487.1000867"], "data_sample": {"price": 0.16766, "volume": 10.0}}}
{"timestamp": "2025-12-02T08:51:27.101507+00:00", "level": "WARNING", "module": "logger", "funcName": "_log", "lineno": 188, "event_type": "streaming_indicator_engine.data_anomalies_detected", "data": {"symbol": "ARIA_USDT", "timestamp": 1762076520.311, "anomalies": ["stale_timestamp: 1762076520.311 vs 1764665487.101508"], "data_sample": {"price": 0.1677, "volume": 9.0}}}
{"timestamp": "2025-12-02T08:51:27.101507+00:00", "level": "WARNING", "module": "logger", "funcName": "_log", "lineno": 188, "event_type": "streaming_indicator_engine.data_anomalies_detected", "data": {"symbol": "ARIA_USDT", "timestamp": 1762076531.311, "anomalies": ["stale_timestamp: 1762076531.311 vs 1764665487.101508"], "data_sample": {"price": 0.16778, "volume": 10.0}}}
{"timestamp": "2025-12-02T08:51:27.102525+00:00", "level": "INFO", "module": "logger", "funcName": "_log", "lineno": 188, "event_type": "strategy_manager.indicator_update_received", "data": {"symbol": "ARIA_USDT", "indicator_name": "11b8be00-eed3-48fe-b359-df47b297226c_20", "indicator_type": "", "value": 0.0025984221094562986, "active_strategies_for_symbol": true, "active_count": 3}}
{"timestamp": "2025-12-02T08:51:27.102525+00:00", "level": "WARNING", "module": "logger", "funcName": "_log", "lineno": 188, "event_type": "streaming_indicator_engine.data_anomalies_detected", "data": {"symbol": "ARIA_USDT", "timestamp": 1762076537.311, "anomalies": ["stale_timestamp: 1762076537.311 vs 1764665487.1025257"], "data_sample": {"price": 0.16777, "volume": 10.0}}}
{"timestamp": "2025-12-02T08:51:27.103515+00:00", "level": "WARNING", "module": "logger", "funcName": "_log", "lineno": 188, "event_type": "streaming_indicator_engine.data_anomalies_detected", "data": {"symbol": "ARIA_USDT", "timestamp": 1762076543.312, "anomalies": ["stale_timestamp: 1762076543.312 vs 1764665487.1035156"], "data_sample": {"price": 0.16765, "volume": 8.0}}}
{"timestamp": "2025-12-02T08:51:27.103515+00:00", "level": "WARNING", "module": "logger", "funcName": "_log", "lineno": 188, "event_type": "streaming_indicator_engine.data_anomalies_detected", "data": {"symbol": "ARIA_USDT", "timestamp": 1762076551.311, "anomalies": ["stale_timestamp: 1762076551.311 vs 1764665487.1035156"], "data_sample": {"price": 0.16776, "volume": 7.0}}}
{"timestamp": "2025-12-02T08:51:27.104528+00:00", "level": "WARNING", "module": "logger", "funcName": "_log", "lineno": 188, "event_type": "streaming_indicator_engine.data_anomalies_detected", "data": {"symbol": "ARIA_USDT", "timestamp": 1762076567.313999, "anomalies": ["stale_timestamp: 1762076567.313999 vs 1764665487.1045287"], "data_sample": {"price": 0.16779, "volume": 4.0}}}
{"timestamp": "2025-12-02T08:51:27.105522+00:00", "level": "WARNING", "module": "logger", "funcName": "_log", "lineno": 188, "event_type": "streaming_indicator_engine.data_anomalies_detected", "data": {"symbol": "ARIA_USDT", "timestamp": 1762076582.312999, "anomalies": ["stale_timestamp: 1762076582.312999 vs 1764665487.1055224"], "data_sample": {"price": 0.16774, "volume": 4.0}}}
{"timestamp": "2025-12-02T08:51:27.105522+00:00", "level": "WARNING", "module": "logger", "funcName": "_log", "lineno": 188, "event_type": "streaming_indicator_engine.data_anomalies_detected", "data": {"symbol": "ARIA_USDT", "timestamp": 1762076595.309999, "anomalies": ["stale_timestamp: 1762076595.309999 vs 1764665487.1055224"], "data_sample": {"price": 0.16776, "volume": 10.0}}}
{"timestamp": "2025-12-02T08:51:27.107517+00:00", "level": "INFO", "module": "logger", "funcName": "_log", "lineno": 188, "event_type": "strategy_manager.indicator_update_received", "data": {"symbol": "ARIA_USDT", "indicator_name": "f1c5bf73-df7f-4889-b417-fc3fcd71a9f7_20", "indicator_type": "", "value": 79.99642346209426, "active_strategies_for_symbol": true, "active_count": 3}}
{"timestamp": "2025-12-02T08:51:27.107517+00:00", "level": "WARNING", "module": "logger", "funcName": "_log", "lineno": 188, "event_type": "streaming_indicator_engine.data_anomalies_detected", "data": {"symbol": "ARIA_USDT", "timestamp": 1762076606.309999, "anomalies": ["stale_timestamp: 1762076606.309999 vs 1764665487.107518"], "data_sample": {"price": 0.16772, "volume": 9.0}}}
{"timestamp": "2025-12-02T08:51:27.107517+00:00", "level": "WARNING", "module": "logger", "funcName": "_log", "lineno": 188, "event_type": "streaming_indicator_engine.data_anomalies_detected", "data": {"symbol": "ARIA_USDT", "timestamp": 1762076620.309999, "anomalies": ["stale_timestamp: 1762076620.309999 vs 1764665487.107518"], "data_sample": {"price": 0.16764, "volume": 5.0}}}
{"timestamp": "2025-12-02T08:51:27.107517+00:00", "level": "WARNING", "module": "logger", "funcName": "_log", "lineno": 188, "event_type": "streaming_indicator_engine.data_anomalies_detected", "data": {"symbol": "ARIA_USDT", "timestamp": 1762076628.311, "anomalies": ["stale_timestamp: 1762076628.311 vs 1764665487.107518"], "data_sample": {"price": 0.16761, "volume": 7.0}}}
{"timestamp": "2025-12-02T08:51:27.107517+00:00", "level": "WARNING", "module": "logger", "funcName": "_log", "lineno": 188, "event_type": "streaming_indicator_engine.data_anomalies_detected", "data": {"symbol": "ARIA_USDT", "timestamp": 1762076638.312999, "anomalies": ["stale_timestamp: 1762076638.312999 vs 1764665487.107518"], "data_sample": {"price": 0.16763, "volume": 10.0}}}
{"timestamp": "2025-12-02T08:51:27.109023+00:00", "level": "WARNING", "module": "logger", "funcName": "_log", "lineno": 188, "event_type": "streaming_indicator_engine.data_anomalies_detected", "data": {"symbol": "ARIA_USDT", "timestamp": 1762076647.309999, "anomalies": ["stale_timestamp: 1762076647.309999 vs 1764665487.109023"], "data_sample": {"price": 0.16762, "volume": 4.0}}}
{"timestamp": "2025-12-02T08:51:27.109023+00:00", "level": "WARNING", "module": "logger", "funcName": "_log", "lineno": 188, "event_type": "streaming_indicator_engine.data_anomalies_detected", "data": {"symbol": "ARIA_USDT", "timestamp": 1762076653.309999, "anomalies": ["stale_timestamp: 1762076653.309999 vs 1764665487.109023"], "data_sample": {"price": 0.16761, "volume": 9.0}}}
{"timestamp": "2025-12-02T08:51:27.109023+00:00", "level": "INFO", "module": "logger", "funcName": "_log", "lineno": 188, "event_type": "strategy_manager.indicator_update_received", "data": {"symbol": "ARIA_USDT", "indicator_name": "f1c5bf73-df7f-4889-b417-fc3fcd71a9f7_20", "indicator_type": "", "value": 79.99642346209426, "active_strategies_for_symbol": true, "active_count": 3}}
{"timestamp": "2025-12-02T08:51:27.110030+00:00", "level": "WARNING", "module": "logger", "funcName": "_log", "lineno": 188, "event_type": "streaming_indicator_engine.data_anomalies_detected", "data": {"symbol": "ARIA_USDT", "timestamp": 1762076666.309999, "anomalies": ["stale_timestamp: 1762076666.309999 vs 1764665487.1100302"], "data_sample": {"price": 0.16763, "volume": 9.0}}}
{"timestamp": "2025-12-02T08:51:27.110030+00:00", "level": "WARNING", "module": "logger", "funcName": "_log", "lineno": 188, "event_type": "streaming_indicator_engine.data_anomalies_detected", "data": {"symbol": "ARIA_USDT", "timestamp": 1762076672.308999, "anomalies": ["stale_timestamp: 1762076672.308999 vs 1764665487.1100302"], "data_sample": {"price": 0.16762, "volume": 9.0}}}
{"timestamp": "2025-12-02T08:51:27.111032+00:00", "level": "WARNING", "module": "logger", "funcName": "_log", "lineno": 188, "event_type": "streaming_indicator_engine.data_anomalies_detected", "data": {"symbol": "ARIA_USDT", "timestamp": 1762076685.309999, "anomalies": ["stale_timestamp: 1762076685.309999 vs 1764665487.1110327"], "data_sample": {"price": 0.16732, "volume": 9.0}}}
{"timestamp": "2025-12-02T08:51:27.113041+00:00", "level": "WARNING", "module": "logger", "funcName": "_log", "lineno": 188, "event_type": "streaming_indicator_engine.data_anomalies_detected", "data": {"symbol": "ARIA_USDT", "timestamp": 1762076699.311, "anomalies": ["stale_timestamp: 1762076699.311 vs 1764665487.112046"], "data_sample": {"price": 0.16737, "volume": 11.0}}}
{"timestamp": "2025-12-02T08:51:27.114369+00:00", "level": "WARNING", "module": "logger", "funcName": "_log", "lineno": 188, "event_type": "streaming_indicator_engine.data_anomalies_detected", "data": {"symbol": "ARIA_USDT", "timestamp": 1762076713.309999, "anomalies": ["stale_timestamp: 1762076713.309999 vs 1764665487.1143694"], "data_sample": {"price": 0.16735, "volume": 4.0}}}
{"timestamp": "2025-12-02T08:51:27.116397+00:00", "level": "WARNING", "module": "logger", "funcName": "_log", "lineno": 188, "event_type": "streaming_indicator_engine.data_anomalies_detected", "data": {"symbol": "ARIA_USDT", "timestamp": 1762076728.311, "anomalies": ["stale_timestamp: 1762076728.311 vs 1764665487.11539"], "data_sample": {"price": 0.16739, "volume": 9.0}}}
{"timestamp": "2025-12-02T08:51:27.117383+00:00", "level": "WARNING", "module": "logger", "funcName": "_log", "lineno": 188, "event_type": "streaming_indicator_engine.data_anomalies_detected", "data": {"symbol": "ARIA_USDT", "timestamp": 1762076734.308999, "anomalies": ["stale_timestamp: 1762076734.308999 vs 1764665487.1173837"], "data_sample": {"price": 0.16744, "volume": 9.0}}}
{"timestamp": "2025-12-02T08:51:27.142768+00:00", "level": "WARNING", "module": "logger", "funcName": "_log", "lineno": 188, "event_type": "streaming_indicator_engine.data_anomalies_detected", "data": {"symbol": "ARIA_USDT", "timestamp": 1762076750.309999, "anomalies": ["stale_timestamp: 1762076750.309999 vs 1764665487.1427681"], "data_sample": {"price": 0.16747, "volume": 10.0}}}
{"timestamp": "2025-12-02T08:51:27.157803+00:00", "level": "WARNING", "module": "logger", "funcName": "_log", "lineno": 188, "event_type": "streaming_indicator_engine.data_anomalies_detected", "data": {"symbol": "ARIA_USDT", "timestamp": 1762076759.311, "anomalies": ["stale_timestamp: 1762076759.311 vs 1764665487.1578038"], "data_sample": {"price": 0.16746, "volume": 10.0}}}
{"timestamp": "2025-12-02T08:51:27.172933+00:00", "level": "WARNING", "module": "logger", "funcName": "_log", "lineno": 188, "event_type": "streaming_indicator_engine.data_anomalies_detected", "data": {"symbol": "ARIA_USDT", "timestamp": 1762076767.309999, "anomalies": ["stale_timestamp: 1762076767.309999 vs 1764665487.1729338"], "data_sample": {"price": 0.16742, "volume": 8.0}}}
{"timestamp": "2025-12-02T08:51:27.189278+00:00", "level": "WARNING", "module": "logger", "funcName": "_log", "lineno": 188, "event_type": "streaming_indicator_engine.data_anomalies_detected", "data": {"symbol": "ARIA_USDT", "timestamp": 1762076783.312, "anomalies": ["stale_timestamp: 1762076783.312 vs 1764665487.1887681"], "data_sample": {"price": 0.16745, "volume": 8.0}}}
{"timestamp": "2025-12-02T08:51:27.204751+00:00", "level": "WARNING", "module": "logger", "funcName": "_log", "lineno": 188, "event_type": "streaming_indicator_engine.data_anomalies_detected", "data": {"symbol": "ARIA_USDT", "timestamp": 1762076789.309999, "anomalies": ["stale_timestamp: 1762076789.309999 vs 1764665487.204752"], "data_sample": {"price": 0.16755, "volume": 9.0}}}
{"timestamp": "2025-12-02T08:51:27.219584+00:00", "level": "WARNING", "module": "logger", "funcName": "_log", "lineno": 188, "event_type": "streaming_indicator_engine.data_anomalies_detected", "data": {"symbol": "ARIA_USDT", "timestamp": 1762076803.311, "anomalies": ["stale_timestamp: 1762076803.311 vs 1764665487.2195847"], "data_sample": {"price": 0.16758, "volume": 10.0}}}
{"timestamp": "2025-12-02T08:51:27.234399+00:00", "level": "WARNING", "module": "logger", "funcName": "_log", "lineno": 188, "event_type": "streaming_indicator_engine.data_anomalies_detected", "data": {"symbol": "ARIA_USDT", "timestamp": 1762076816.308999, "anomalies": ["stale_timestamp: 1762076816.308999 vs 1764665487.2343996"], "data_sample": {"price": 0.16762, "volume": 9.0}}}
{"timestamp": "2025-12-02T08:51:27.249582+00:00", "level": "WARNING", "module": "logger", "funcName": "_log", "lineno": 188, "event_type": "streaming_indicator_engine.data_anomalies_detected", "data": {"symbol": "ARIA_USDT", "timestamp": 1762076825.312999, "anomalies": ["stale_timestamp: 1762076825.312999 vs 1764665487.249582"], "data_sample": {"price": 0.16751, "volume": 10.0}}}
{"timestamp": "2025-12-02T08:51:27.265049+00:00", "level": "WARNING", "module": "logger", "funcName": "_log", "lineno": 188, "event_type": "streaming_indicator_engine.data_anomalies_detected", "data": {"symbol": "ARIA_USDT", "timestamp": 1762076831.316999, "anomalies": ["stale_timestamp: 1762076831.316999 vs 1764665487.2650495"], "data_sample": {"price": 0.1674, "volume": 6.0}}}
{"timestamp": "2025-12-02T08:51:27.280294+00:00", "level": "WARNING", "module": "logger", "funcName": "_log", "lineno": 188, "event_type": "streaming_indicator_engine.data_anomalies_detected", "data": {"symbol": "ARIA_USDT", "timestamp": 1762076839.311, "anomalies": ["stale_timestamp: 1762076839.311 vs 1764665487.2802942"], "data_sample": {"price": 0.16741, "volume": 8.0}}}
{"timestamp": "2025-12-02T08:51:27.297388+00:00", "level": "WARNING", "module": "logger", "funcName": "_log", "lineno": 188, "event_type": "streaming_indicator_engine.data_anomalies_detected", "data": {"symbol": "ARIA_USDT", "timestamp": 1762076846.312, "anomalies": ["stale_timestamp: 1762076846.312 vs 1764665487.296879"], "data_sample": {"price": 0.1674, "volume": 6.0}}}
{"timestamp": "2025-12-02T08:51:27.311462+00:00", "level": "WARNING", "module": "logger", "funcName": "_log", "lineno": 188, "event_type": "streaming_indicator_engine.data_anomalies_detected", "data": {"symbol": "ARIA_USDT", "timestamp": 1762076859.309999, "anomalies": ["stale_timestamp: 1762076859.309999 vs 1764665487.3114624"], "data_sample": {"price": 0.16723, "volume": 5.0}}}
{"timestamp": "2025-12-02T08:51:27.326984+00:00", "level": "WARNING", "module": "logger", "funcName": "_log", "lineno": 188, "event_type": "streaming_indicator_engine.data_anomalies_detected", "data": {"symbol": "ARIA_USDT", "timestamp": 1762076870.309999, "anomalies": ["stale_timestamp: 1762076870.309999 vs 1764665487.3269846"], "data_sample": {"price": 0.16724, "volume": 9.0}}}
{"timestamp": "2025-12-02T08:51:27.342097+00:00", "level": "WARNING", "module": "logger", "funcName": "_log", "lineno": 188, "event_type": "streaming_indicator_engine.data_anomalies_detected", "data": {"symbol": "ARIA_USDT", "timestamp": 1762076878.309999, "anomalies": ["stale_timestamp: 1762076878.309999 vs 1764665487.3420978"], "data_sample": {"price": 0.16731, "volume": 4.0}}}
{"timestamp": "2025-12-02T08:51:27.357636+00:00", "level": "WARNING", "module": "logger", "funcName": "_log", "lineno": 188, "event_type": "streaming_indicator_engine.data_anomalies_detected", "data": {"symbol": "ARIA_USDT", "timestamp": 1762076892.311, "anomalies": ["stale_timestamp: 1762076892.311 vs 1764665487.3576367"], "data_sample": {"price": 0.16728, "volume": 9.0}}}
{"timestamp": "2025-12-02T08:51:27.388036+00:00", "level": "WARNING", "module": "logger", "funcName": "_log", "lineno": 188, "event_type": "streaming_indicator_engine.data_anomalies_detected", "data": {"symbol": "ARIA_USDT", "timestamp": 1762076900.309999, "anomalies": ["stale_timestamp: 1762076900.309999 vs 1764665487.388036"], "data_sample": {"price": 0.16731, "volume": 7.0}}}
{"timestamp": "2025-12-02T08:51:27.403328+00:00", "level": "WARNING", "module": "logger", "funcName": "_log", "lineno": 188, "event_type": "streaming_indicator_engine.data_anomalies_detected", "data": {"symbol": "ARIA_USDT", "timestamp": 1762076915.308999, "anomalies": ["stale_timestamp: 1762076915.308999 vs 1764665487.4033284"], "data_sample": {"price": 0.16729, "volume": 4.0}}}
{"timestamp": "2025-12-02T08:51:27.419342+00:00", "level": "WARNING", "module": "logger", "funcName": "_log", "lineno": 188, "event_type": "streaming_indicator_engine.data_anomalies_detected", "data": {"symbol": "ARIA_USDT", "timestamp": 1762076929.309999, "anomalies": ["stale_timestamp: 1762076929.309999 vs 1764665487.418835"], "data_sample": {"price": 0.16725, "volume": 11.0}}}
{"timestamp": "2025-12-02T08:51:27.433962+00:00", "level": "WARNING", "module": "logger", "funcName": "_log", "lineno": 188, "event_type": "streaming_indicator_engine.data_anomalies_detected", "data": {"symbol": "ARIA_USDT", "timestamp": 1762076940.312999, "anomalies": ["stale_timestamp: 1762076940.312999 vs 1764665487.433963"], "data_sample": {"price": 0.16733, "volume": 8.0}}}
{"timestamp": "2025-12-02T08:51:27.449162+00:00", "level": "WARNING", "module": "logger", "funcName": "_log", "lineno": 188, "event_type": "streaming_indicator_engine.data_anomalies_detected", "data": {"symbol": "ARIA_USDT", "timestamp": 1762076949.324999, "anomalies": ["stale_timestamp: 1762076949.324999 vs 1764665487.4486568"], "data_sample": {"price": 0.1673, "volume": 8.0}}}
{"timestamp": "2025-12-02T08:51:27.464704+00:00", "level": "WARNING", "module": "logger", "funcName": "_log", "lineno": 188, "event_type": "streaming_indicator_engine.data_anomalies_detected", "data": {"symbol": "ARIA_USDT", "timestamp": 1762076965.316, "anomalies": ["stale_timestamp: 1762076965.316 vs 1764665487.4647045"], "data_sample": {"price": 0.16729, "volume": 4.0}}}
{"timestamp": "2025-12-02T08:51:27.479037+00:00", "level": "WARNING", "module": "logger", "funcName": "_log", "lineno": 188, "event_type": "streaming_indicator_engine.data_anomalies_detected", "data": {"symbol": "ARIA_USDT", "timestamp": 1762076978.312, "anomalies": ["stale_timestamp: 1762076978.312 vs 1764665487.4790378"], "data_sample": {"price": 0.1673, "volume": 9.0}}}
{"timestamp": "2025-12-02T08:51:27.495132+00:00", "level": "WARNING", "module": "logger", "funcName": "_log", "lineno": 188, "event_type": "streaming_indicator_engine.data_anomalies_detected", "data": {"symbol": "ARIA_USDT", "timestamp": 1762076990.315, "anomalies": ["stale_timestamp: 1762076990.315 vs 1764665487.4951327"], "data_sample": {"price": 0.16733, "volume": 10.0}}}
{"timestamp": "2025-12-02T08:51:27.509829+00:00", "level": "WARNING", "module": "logger", "funcName": "_log", "lineno": 188, "event_type": "streaming_indicator_engine.data_anomalies_detected", "data": {"symbol": "ARIA_USDT", "timestamp": 1762076997.315, "anomalies": ["stale_timestamp: 1762076997.315 vs 1764665487.5098295"], "data_sample": {"price": 0.16726, "volume": 12.0}}}
{"timestamp": "2025-12-02T08:51:27.524858+00:00", "level": "WARNING", "module": "logger", "funcName": "_log", "lineno": 188, "event_type": "streaming_indicator_engine.data_anomalies_detected", "data": {"symbol": "ARIA_USDT", "timestamp": 1762077007.309999, "anomalies": ["stale_timestamp: 1762077007.309999 vs 1764665487.524858"], "data_sample": {"price": 0.16719, "volume": 4.0}}}
{"timestamp": "2025-12-02T08:51:27.540051+00:00", "level": "WARNING", "module": "logger", "funcName": "_log", "lineno": 188, "event_type": "streaming_indicator_engine.data_anomalies_detected", "data": {"symbol": "ARIA_USDT", "timestamp": 1762077018.309999, "anomalies": ["stale_timestamp: 1762077018.309999 vs 1764665487.5400517"], "data_sample": {"price": 0.16722, "volume": 8.0}}}
{"timestamp": "2025-12-02T08:51:27.555702+00:00", "level": "WARNING", "module": "logger", "funcName": "_log", "lineno": 188, "event_type": "streaming_indicator_engine.data_anomalies_detected", "data": {"symbol": "ARIA_USDT", "timestamp": 1762077025.309999, "anomalies": ["stale_timestamp: 1762077025.309999 vs 1764665487.5557022"], "data_sample": {"price": 0.16726, "volume": 5.0}}}
{"timestamp": "2025-12-02T08:51:27.570423+00:00", "level": "WARNING", "module": "logger", "funcName": "_log", "lineno": 188, "event_type": "streaming_indicator_engine.data_anomalies_detected", "data": {"symbol": "ARIA_USDT", "timestamp": 1762077033.311, "anomalies": ["stale_timestamp: 1762077033.311 vs 1764665487.5704236"], "data_sample": {"price": 0.16725, "volume": 4.0}}}
{"timestamp": "2025-12-02T08:51:27.585481+00:00", "level": "WARNING", "module": "logger", "funcName": "_log", "lineno": 188, "event_type": "streaming_indicator_engine.data_anomalies_detected", "data": {"symbol": "ARIA_USDT", "timestamp": 1762077042.309999, "anomalies": ["stale_timestamp: 1762077042.309999 vs 1764665487.5854814"], "data_sample": {"price": 0.16724, "volume": 4.0}}}
{"timestamp": "2025-12-02T08:51:27.600114+00:00", "level": "WARNING", "module": "logger", "funcName": "_log", "lineno": 188, "event_type": "streaming_indicator_engine.data_anomalies_detected", "data": {"symbol": "ARIA_USDT", "timestamp": 1762077051.309999, "anomalies": ["stale_timestamp: 1762077051.309999 vs 1764665487.6001146"], "data_sample": {"price": 0.16725, "volume": 4.0}}}
{"timestamp": "2025-12-02T08:51:27.615648+00:00", "level": "WARNING", "module": "logger", "funcName": "_log", "lineno": 188, "event_type": "streaming_indicator_engine.data_anomalies_detected", "data": {"symbol": "ARIA_USDT", "timestamp": 1762077057.312999, "anomalies": ["stale_timestamp: 1762077057.312999 vs 1764665487.6156487"], "data_sample": {"price": 0.16726, "volume": 3.0}}}
{"timestamp": "2025-12-02T08:51:27.631690+00:00", "level": "WARNING", "module": "logger", "funcName": "_log", "lineno": 188, "event_type": "streaming_indicator_engine.data_anomalies_detected", "data": {"symbol": "ARIA_USDT", "timestamp": 1762077067.316999, "anomalies": ["stale_timestamp: 1762077067.316999 vs 1764665487.6316907"], "data_sample": {"price": 0.16725, "volume": 8.0}}}
{"timestamp": "2025-12-02T08:51:27.647332+00:00", "level": "WARNING", "module": "logger", "funcName": "_log", "lineno": 188, "event_type": "streaming_indicator_engine.data_anomalies_detected", "data": {"symbol": "ARIA_USDT", "timestamp": 1762077081.308, "anomalies": ["stale_timestamp: 1762077081.308 vs 1764665487.647333"], "data_sample": {"price": 0.16714, "volume": 6.0}}}
{"timestamp": "2025-12-02T08:51:27.661441+00:00", "level": "WARNING", "module": "logger", "funcName": "_log", "lineno": 188, "event_type": "streaming_indicator_engine.data_anomalies_detected", "data": {"symbol": "ARIA_USDT", "timestamp": 1762077089.311, "anomalies": ["stale_timestamp: 1762077089.311 vs 1764665487.6614416"], "data_sample": {"price": 0.16711, "volume": 4.0}}}
{"timestamp": "2025-12-02T08:51:27.677221+00:00", "level": "WARNING", "module": "logger", "funcName": "_log", "lineno": 188, "event_type": "streaming_indicator_engine.data_anomalies_detected", "data": {"symbol": "ARIA_USDT", "timestamp": 1762077098.311, "anomalies": ["stale_timestamp: 1762077098.311 vs 1764665487.6772213"], "data_sample": {"price": 0.16702, "volume": 4.0}}}
{"timestamp": "2025-12-02T08:51:27.692839+00:00", "level": "WARNING", "module": "logger", "funcName": "_log", "lineno": 188, "event_type": "streaming_indicator_engine.data_anomalies_detected", "data": {"symbol": "ARIA_USDT", "timestamp": 1762077107.335, "anomalies": ["stale_timestamp: 1762077107.335 vs 1764665487.6928394"], "data_sample": {"price": 0.167, "volume": 26.0}}}
{"timestamp": "2025-12-02T08:51:27.708789+00:00", "level": "WARNING", "module": "logger", "funcName": "_log", "lineno": 188, "event_type": "streaming_indicator_engine.data_anomalies_detected", "data": {"symbol": "ARIA_USDT", "timestamp": 1762077121.309999, "anomalies": ["stale_timestamp: 1762077121.309999 vs 1764665487.7087898"], "data_sample": {"price": 0.16704, "volume": 8.0}}}
{"timestamp": "2025-12-02T08:51:27.724329+00:00", "level": "WARNING", "module": "logger", "funcName": "_log", "lineno": 188, "event_type": "streaming_indicator_engine.data_anomalies_detected", "data": {"symbol": "ARIA_USDT", "timestamp": 1762077123.420999, "anomalies": ["stale_timestamp: 1762077123.420999 vs 1764665487.7243297"], "data_sample": {"price": 0.167, "volume": 59.0}}}
{"timestamp": "2025-12-02T08:51:27.739964+00:00", "level": "WARNING", "module": "logger", "funcName": "_log", "lineno": 188, "event_type": "streaming_indicator_engine.data_anomalies_detected", "data": {"symbol": "ARIA_USDT", "timestamp": 1762077139.311, "anomalies": ["stale_timestamp: 1762077139.311 vs 1764665487.7399647"], "data_sample": {"price": 0.16703, "volume": 5.0}}}
{"timestamp": "2025-12-02T08:51:27.755503+00:00", "level": "WARNING", "module": "logger", "funcName": "_log", "lineno": 188, "event_type": "streaming_indicator_engine.data_anomalies_detected", "data": {"symbol": "ARIA_USDT", "timestamp": 1762077152.308999, "anomalies": ["stale_timestamp: 1762077152.308999 vs 1764665487.7555032"], "data_sample": {"price": 0.16708, "volume": 9.0}}}
{"timestamp": "2025-12-02T08:51:27.771607+00:00", "level": "WARNING", "module": "logger", "funcName": "_log", "lineno": 188, "event_type": "streaming_indicator_engine.data_anomalies_detected", "data": {"symbol": "ARIA_USDT", "timestamp": 1762077163.309999, "anomalies": ["stale_timestamp: 1762077163.309999 vs 1764665487.7716074"], "data_sample": {"price": 0.16713, "volume": 11.0}}}
{"timestamp": "2025-12-02T08:51:27.787368+00:00", "level": "WARNING", "module": "logger", "funcName": "_log", "lineno": 188, "event_type": "streaming_indicator_engine.data_anomalies_detected", "data": {"symbol": "ARIA_USDT", "timestamp": 1762077172.309999, "anomalies": ["stale_timestamp: 1762077172.309999 vs 1764665487.7873688"], "data_sample": {"price": 0.16706, "volume": 12.0}}}
{"timestamp": "2025-12-02T08:51:27.802996+00:00", "level": "WARNING", "module": "logger", "funcName": "_log", "lineno": 188, "event_type": "streaming_indicator_engine.data_anomalies_detected", "data": {"symbol": "ARIA_USDT", "timestamp": 1762077187.312999, "anomalies": ["stale_timestamp: 1762077187.312999 vs 1764665487.8029966"], "data_sample": {"price": 0.16705, "volume": 4.0}}}
{"timestamp": "2025-12-02T08:51:27.819077+00:00", "level": "WARNING", "module": "logger", "funcName": "_log", "lineno": 188, "event_type": "streaming_indicator_engine.data_anomalies_detected", "data": {"symbol": "ARIA_USDT", "timestamp": 1762077203.309999, "anomalies": ["stale_timestamp: 1762077203.309999 vs 1764665487.8190775"], "data_sample": {"price": 0.16703, "volume": 6.0}}}
{"timestamp": "2025-12-02T08:51:27.834848+00:00", "level": "WARNING", "module": "logger", "funcName": "_log", "lineno": 188, "event_type": "streaming_indicator_engine.data_anomalies_detected", "data": {"symbol": "ARIA_USDT", "timestamp": 1762077211.312, "anomalies": ["stale_timestamp: 1762077211.312 vs 1764665487.8348484"], "data_sample": {"price": 0.16707, "volume": 9.0}}}
{"timestamp": "2025-12-02T08:51:27.850008+00:00", "level": "WARNING", "module": "logger", "funcName": "_log", "lineno": 188, "event_type": "streaming_indicator_engine.data_anomalies_detected", "data": {"symbol": "ARIA_USDT", "timestamp": 1762077227.312999, "anomalies": ["stale_timestamp: 1762077227.312999 vs 1764665487.8500087"], "data_sample": {"price": 0.16704, "volume": 4.0}}}
{"timestamp": "2025-12-02T08:51:27.866191+00:00", "level": "WARNING", "module": "logger", "funcName": "_log", "lineno": 188, "event_type": "streaming_indicator_engine.data_anomalies_detected", "data": {"symbol": "ARIA_USDT", "timestamp": 1762077234.308999, "anomalies": ["stale_timestamp: 1762077234.308999 vs 1764665487.8661919"], "data_sample": {"price": 0.16708, "volume": 8.0}}}
{"timestamp": "2025-12-02T08:51:27.881765+00:00", "level": "WARNING", "module": "logger", "funcName": "_log", "lineno": 188, "event_type": "streaming_indicator_engine.data_anomalies_detected", "data": {"symbol": "ARIA_USDT", "timestamp": 1762077247.312999, "anomalies": ["stale_timestamp: 1762077247.312999 vs 1764665487.8817651"], "data_sample": {"price": 0.16705, "volume": 7.0}}}
{"timestamp": "2025-12-02T08:51:27.899330+00:00", "level": "WARNING", "module": "logger", "funcName": "_log", "lineno": 188, "event_type": "streaming_indicator_engine.data_anomalies_detected", "data": {"symbol": "ARIA_USDT", "timestamp": 1762077263.309999, "anomalies": ["stale_timestamp: 1762077263.309999 vs 1764665487.8988194"], "data_sample": {"price": 0.16704, "volume": 7.0}}}
{"timestamp": "2025-12-02T08:51:27.912896+00:00", "level": "WARNING", "module": "logger", "funcName": "_log", "lineno": 188, "event_type": "streaming_indicator_engine.data_anomalies_detected", "data": {"symbol": "ARIA_USDT", "timestamp": 1762077274.309999, "anomalies": ["stale_timestamp: 1762077274.309999 vs 1764665487.9128964"], "data_sample": {"price": 0.16709, "volume": 4.0}}}
{"timestamp": "2025-12-02T08:51:27.930152+00:00", "level": "WARNING", "module": "logger", "funcName": "_log", "lineno": 188, "event_type": "streaming_indicator_engine.data_anomalies_detected", "data": {"symbol": "ARIA_USDT", "timestamp": 1762077281.311, "anomalies": ["stale_timestamp: 1762077281.311 vs 1764665487.9289567"], "data_sample": {"price": 0.16713, "volume": 12.0}}}
{"timestamp": "2025-12-02T08:51:27.943885+00:00", "level": "WARNING", "module": "logger", "funcName": "_log", "lineno": 188, "event_type": "streaming_indicator_engine.data_anomalies_detected", "data": {"symbol": "ARIA_USDT", "timestamp": 1762077290.312, "anomalies": ["stale_timestamp: 1762077290.312 vs 1764665487.9438856"], "data_sample": {"price": 0.16709, "volume": 8.0}}}
{"timestamp": "2025-12-02T08:51:27.958935+00:00", "level": "WARNING", "module": "logger", "funcName": "_log", "lineno": 188, "event_type": "streaming_indicator_engine.data_anomalies_detected", "data": {"symbol": "ARIA_USDT", "timestamp": 1762077299.312, "anomalies": ["stale_timestamp: 1762077299.312 vs 1764665487.9589357"], "data_sample": {"price": 0.16706, "volume": 8.0}}}
{"timestamp": "2025-12-02T08:51:27.974075+00:00", "level": "WARNING", "module": "logger", "funcName": "_log", "lineno": 188, "event_type": "streaming_indicator_engine.data_anomalies_detected", "data": {"symbol": "ARIA_USDT", "timestamp": 1762077309.309999, "anomalies": ["stale_timestamp: 1762077309.309999 vs 1764665487.9740753"], "data_sample": {"price": 0.16705, "volume": 6.0}}}
{"timestamp": "2025-12-02T08:51:27.989217+00:00", "level": "WARNING", "module": "logger", "funcName": "_log", "lineno": 188, "event_type": "streaming_indicator_engine.data_anomalies_detected", "data": {"symbol": "ARIA_USDT", "timestamp": 1762077318.312, "anomalies": ["stale_timestamp: 1762077318.312 vs 1764665487.9892175"], "data_sample": {"price": 0.16706, "volume": 9.0}}}
{"timestamp": "2025-12-02T08:51:28.004822+00:00", "level": "WARNING", "module": "logger", "funcName": "_log", "lineno": 188, "event_type": "streaming_indicator_engine.data_anomalies_detected", "data": {"symbol": "ARIA_USDT", "timestamp": 1762077324.309999, "anomalies": ["stale_timestamp: 1762077324.309999 vs 1764665488.0048227"], "data_sample": {"price": 0.1671, "volume": 5.0}}}
{"timestamp": "2025-12-02T08:51:28.019651+00:00", "level": "WARNING", "module": "logger", "funcName": "_log", "lineno": 188, "event_type": "streaming_indicator_engine.data_anomalies_detected", "data": {"symbol": "ARIA_USDT", "timestamp": 1762077335.309999, "anomalies": ["stale_timestamp: 1762077335.309999 vs 1764665488.019652"], "data_sample": {"price": 0.16709, "volume": 4.0}}}
{"timestamp": "2025-12-02T08:51:28.035358+00:00", "level": "WARNING", "module": "logger", "funcName": "_log", "lineno": 188, "event_type": "streaming_indicator_engine.data_anomalies_detected", "data": {"symbol": "ARIA_USDT", "timestamp": 1762077351.309999, "anomalies": ["stale_timestamp: 1762077351.309999 vs 1764665488.0353587"], "data_sample": {"price": 0.1671, "volume": 3.0}}}
{"timestamp": "2025-12-02T08:51:28.051913+00:00", "level": "WARNING", "module": "logger", "funcName": "_log", "lineno": 188, "event_type": "streaming_indicator_engine.data_anomalies_detected", "data": {"symbol": "ARIA_USDT", "timestamp": 1762077362.309999, "anomalies": ["stale_timestamp: 1762077362.309999 vs 1764665488.0509224"], "data_sample": {"price": 0.16716, "volume": 5.0}}}
{"timestamp": "2025-12-02T08:51:28.066037+00:00", "level": "WARNING", "module": "logger", "funcName": "_log", "lineno": 188, "event_type": "streaming_indicator_engine.data_anomalies_detected", "data": {"symbol": "ARIA_USDT", "timestamp": 1762077376.309999, "anomalies": ["stale_timestamp: 1762077376.309999 vs 1764665488.0660372"], "data_sample": {"price": 0.16724, "volume": 11.0}}}
{"timestamp": "2025-12-02T08:51:28.069561+00:00", "level": "INFO", "module": "logger", "funcName": "_log", "lineno": 188, "event_type": "strategy_manager.indicator_update_received", "data": {"symbol": "ARIA_USDT", "indicator_name": "611fad91-045d-408b-8822-f43428935033_20", "indicator_type": "", "value": 0.0011221933045324297, "active_strategies_for_symbol": true, "active_count": 3}}
{"timestamp": "2025-12-02T08:51:28.071564+00:00", "level": "WARNING", "module": "logger", "funcName": "_log", "lineno": 188, "event_type": "streaming_indicator_engine.data_anomalies_detected", "data": {"symbol": "ARIA_USDT", "timestamp": 1762077387.309999, "anomalies": ["stale_timestamp: 1762077387.309999 vs 1764665488.071564"], "data_sample": {"price": 0.16726, "volume": 11.0}}}
{"timestamp": "2025-12-02T08:51:28.071564+00:00", "level": "WARNING", "module": "logger", "funcName": "_log", "lineno": 188, "event_type": "streaming_indicator_engine.data_anomalies_detected", "data": {"symbol": "ARIA_USDT", "timestamp": 1762077395.309999, "anomalies": ["stale_timestamp: 1762077395.309999 vs 1764665488.071564"], "data_sample": {"price": 0.16728, "volume": 3.0}}}
{"timestamp": "2025-12-02T08:51:28.072642+00:00", "level": "WARNING", "module": "logger", "funcName": "_log", "lineno": 188, "event_type": "streaming_indicator_engine.data_anomalies_detected", "data": {"symbol": "ARIA_USDT", "timestamp": 1762077402.309999, "anomalies": ["stale_timestamp: 1762077402.309999 vs 1764665488.0726428"], "data_sample": {"price": 0.1673, "volume": 10.0}}}
{"timestamp": "2025-12-02T08:51:28.072642+00:00", "level": "WARNING", "module": "logger", "funcName": "_log", "lineno": 188, "event_type": "streaming_indicator_engine.data_anomalies_detected", "data": {"symbol": "ARIA_USDT", "timestamp": 1762077412.311, "anomalies": ["stale_timestamp: 1762077412.311 vs 1764665488.0726428"], "data_sample": {"price": 0.16729, "volume": 7.0}}}
{"timestamp": "2025-12-02T08:51:28.073655+00:00", "level": "INFO", "module": "logger", "funcName": "_log", "lineno": 188, "event_type": "strategy_manager.indicator_update_received", "data": {"symbol": "ARIA_USDT", "indicator_name": "611fad91-045d-408b-8822-f43428935033_20", "indicator_type": "", "value": 0.0011221933045324297, "active_strategies_for_symbol": true, "active_count": 3}}
{"timestamp": "2025-12-02T08:51:28.073655+00:00", "level": "WARNING", "module": "logger", "funcName": "_log", "lineno": 188, "event_type": "streaming_indicator_engine.data_anomalies_detected", "data": {"symbol": "ARIA_USDT", "timestamp": 1762077421.309999, "anomalies": ["stale_timestamp: 1762077421.309999 vs 1764665488.0736558"], "data_sample": {"price": 0.16727, "volume": 4.0}}}
{"timestamp": "2025-12-02T08:51:28.077643+00:00", "level": "INFO", "module": "logger", "funcName": "_log", "lineno": 188, "event_type": "strategy_manager.indicator_update_received", "data": {"symbol": "ARIA_USDT", "indicator_name": "790d8eed-dc95-43ff-b625-1205d256154b_20", "indicator_type": "", "value": 0.0013506874143189638, "active_strategies_for_symbol": true, "active_count": 3}}
{"timestamp": "2025-12-02T08:51:28.080259+00:00", "level": "INFO", "module": "logger", "funcName": "_log", "lineno": 188, "event_type": "strategy_manager.indicator_update_received", "data": {"symbol": "ARIA_USDT", "indicator_name": "790d8eed-dc95-43ff-b625-1205d256154b_20", "indicator_type": "", "value": 0.0013506874143189638, "active_strategies_for_symbol": true, "active_count": 3}}
{"timestamp": "2025-12-02T08:51:28.083431+00:00", "level": "WARNING", "module": "logger", "funcName": "_log", "lineno": 188, "event_type": "streaming_indicator_engine.data_anomalies_detected", "data": {"symbol": "ARIA_USDT", "timestamp": 1762076372.312999, "anomalies": ["stale_timestamp: 1762076372.312999 vs 1764665488.0834315"], "data_sample": {"price": 0.1671, "volume": 3.0}}}
{"timestamp": "2025-12-02T08:51:28.084881+00:00", "level": "WARNING", "module": "logger", "funcName": "_log", "lineno": 188, "event_type": "streaming_indicator_engine.data_anomalies_detected", "data": {"symbol": "ARIA_USDT", "timestamp": 1762076381.309999, "anomalies": ["stale_timestamp: 1762076381.309999 vs 1764665488.0834315"], "data_sample": {"price": 0.16715, "volume": 8.0}}}
{"timestamp": "2025-12-02T08:51:28.084881+00:00", "level": "WARNING", "module": "logger", "funcName": "_log", "lineno": 188, "event_type": "streaming_indicator_engine.data_anomalies_detected", "data": {"symbol": "ARIA_USDT", "timestamp": 1762076388.311, "anomalies": ["stale_timestamp: 1762076388.311 vs 1764665488.0848813"], "data_sample": {"price": 0.16714, "volume": 9.0}}}
{"timestamp": "2025-12-02T08:51:28.086893+00:00", "level": "WARNING", "module": "logger", "funcName": "_log", "lineno": 188, "event_type": "streaming_indicator_engine.data_anomalies_detected", "data": {"symbol": "ARIA_USDT", "timestamp": 1762076401.309999, "anomalies": ["stale_timestamp: 1762076401.309999 vs 1764665488.0858936"], "data_sample": {"price": 0.16717, "volume": 7.0}}}
{"timestamp": "2025-12-02T08:51:28.087895+00:00", "level": "WARNING", "module": "logger", "funcName": "_log", "lineno": 188, "event_type": "streaming_indicator_engine.data_anomalies_detected", "data": {"symbol": "ARIA_USDT", "timestamp": 1762076408.312, "anomalies": ["stale_timestamp: 1762076408.312 vs 1764665488.0878959"], "data_sample": {"price": 0.16713, "volume": 3.0}}}
{"timestamp": "2025-12-02T08:51:28.111838+00:00", "level": "WARNING", "module": "logger", "funcName": "_log", "lineno": 188, "event_type": "streaming_indicator_engine.data_anomalies_detected", "data": {"symbol": "ARIA_USDT", "timestamp": 1762076417.311, "anomalies": ["stale_timestamp: 1762076417.311 vs 1764665488.1118388"], "data_sample": {"price": 0.16708, "volume": 3.0}}}
{"timestamp": "2025-12-02T08:51:28.127450+00:00", "level": "WARNING", "module": "logger", "funcName": "_log", "lineno": 188, "event_type": "streaming_indicator_engine.data_anomalies_detected", "data": {"symbol": "ARIA_USDT", "timestamp": 1762076427.308999, "anomalies": ["stale_timestamp: 1762076427.308999 vs 1764665488.1274502"], "data_sample": {"price": 0.16707, "volume": 12.0}}}
{"timestamp": "2025-12-02T08:51:28.142330+00:00", "level": "WARNING", "module": "logger", "funcName": "_log", "lineno": 188, "event_type": "streaming_indicator_engine.data_anomalies_detected", "data": {"symbol": "ARIA_USDT", "timestamp": 1762076435.309999, "anomalies": ["stale_timestamp: 1762076435.309999 vs 1764665488.1423302"], "data_sample": {"price": 0.1671, "volume": 4.0}}}
{"timestamp": "2025-12-02T08:51:28.158787+00:00", "level": "WARNING", "module": "logger", "funcName": "_log", "lineno": 188, "event_type": "streaming_indicator_engine.data_anomalies_detected", "data": {"symbol": "ARIA_USDT", "timestamp": 1762076447.309999, "anomalies": ["stale_timestamp: 1762076447.309999 vs 1764665488.157783"], "data_sample": {"price": 0.16708, "volume": 9.0}}}
{"timestamp": "2025-12-02T08:51:28.172448+00:00", "level": "WARNING", "module": "logger", "funcName": "_log", "lineno": 188, "event_type": "streaming_indicator_engine.data_anomalies_detected", "data": {"symbol": "ARIA_USDT", "timestamp": 1762076462.309999, "anomalies": ["stale_timestamp: 1762076462.309999 vs 1764665488.1724489"], "data_sample": {"price": 0.16726, "volume": 10.0}}}
{"timestamp": "2025-12-02T08:51:28.189727+00:00", "level": "WARNING", "module": "logger", "funcName": "_log", "lineno": 188, "event_type": "streaming_indicator_engine.data_anomalies_detected", "data": {"symbol": "ARIA_USDT", "timestamp": 1762076476.308999, "anomalies": ["stale_timestamp: 1762076476.308999 vs 1764665488.1891873"], "data_sample": {"price": 0.16745, "volume": 9.0}}}
{"timestamp": "2025-12-02T08:51:28.204057+00:00", "level": "WARNING", "module": "logger", "funcName": "_log", "lineno": 188, "event_type": "streaming_indicator_engine.data_anomalies_detected", "data": {"symbol": "ARIA_USDT", "timestamp": 1762076490.311, "anomalies": ["stale_timestamp: 1762076490.311 vs 1764665488.204057"], "data_sample": {"price": 0.16766, "volume": 7.0}}}
{"timestamp": "2025-12-02T08:51:28.219199+00:00", "level": "WARNING", "module": "logger", "funcName": "_log", "lineno": 188, "event_type": "streaming_indicator_engine.data_anomalies_detected", "data": {"symbol": "ARIA_USDT", "timestamp": 1762076501.311, "anomalies": ["stale_timestamp: 1762076501.311 vs 1764665488.218691"], "data_sample": {"price": 0.16763, "volume": 5.0}}}
{"timestamp": "2025-12-02T08:51:28.233569+00:00", "level": "WARNING", "module": "logger", "funcName": "_log", "lineno": 188, "event_type": "streaming_indicator_engine.data_anomalies_detected", "data": {"symbol": "ARIA_USDT", "timestamp": 1762076514.408999, "anomalies": ["stale_timestamp: 1762076514.408999 vs 1764665488.2335694"], "data_sample": {"price": 0.16766, "volume": 10.0}}}
{"timestamp": "2025-12-02T08:51:28.249337+00:00", "level": "WARNING", "module": "logger", "funcName": "_log", "lineno": 188, "event_type": "streaming_indicator_engine.data_anomalies_detected", "data": {"symbol": "ARIA_USDT", "timestamp": 1762076520.311, "anomalies": ["stale_timestamp: 1762076520.311 vs 1764665488.2493372"], "data_sample": {"price": 0.1677, "volume": 9.0}}}
{"timestamp": "2025-12-02T08:51:28.265209+00:00", "level": "WARNING", "module": "logger", "funcName": "_log", "lineno": 188, "event_type": "streaming_indicator_engine.data_anomalies_detected", "data": {"symbol": "ARIA_USDT", "timestamp": 1762076531.311, "anomalies": ["stale_timestamp: 1762076531.311 vs 1764665488.2645447"], "data_sample": {"price": 0.16778, "volume": 10.0}}}
{"timestamp": "2025-12-02T08:51:28.279681+00:00", "level": "WARNING", "module": "logger", "funcName": "_log", "lineno": 188, "event_type": "streaming_indicator_engine.data_anomalies_detected", "data": {"symbol": "ARIA_USDT", "timestamp": 1762076537.311, "anomalies": ["stale_timestamp: 1762076537.311 vs 1764665488.2796812"], "data_sample": {"price": 0.16777, "volume": 10.0}}}
{"timestamp": "2025-12-02T08:51:28.295240+00:00", "level": "WARNING", "module": "logger", "funcName": "_log", "lineno": 188, "event_type": "streaming_indicator_engine.data_anomalies_detected", "data": {"symbol": "ARIA_USDT", "timestamp": 1762076543.312, "anomalies": ["stale_timestamp: 1762076543.312 vs 1764665488.29524"], "data_sample": {"price": 0.16765, "volume": 8.0}}}
{"timestamp": "2025-12-02T08:51:28.311274+00:00", "level": "WARNING", "module": "logger", "funcName": "_log", "lineno": 188, "event_type": "streaming_indicator_engine.data_anomalies_detected", "data": {"symbol": "ARIA_USDT", "timestamp": 1762076551.311, "anomalies": ["stale_timestamp: 1762076551.311 vs 1764665488.3112745"], "data_sample": {"price": 0.16776, "volume": 7.0}}}
{"timestamp": "2025-12-02T08:51:28.325934+00:00", "level": "WARNING", "module": "logger", "funcName": "_log", "lineno": 188, "event_type": "streaming_indicator_engine.data_anomalies_detected", "data": {"symbol": "ARIA_USDT", "timestamp": 1762076567.313999, "anomalies": ["stale_timestamp: 1762076567.313999 vs 1764665488.3259342"], "data_sample": {"price": 0.16779, "volume": 4.0}}}
{"timestamp": "2025-12-02T08:51:28.340696+00:00", "level": "WARNING", "module": "logger", "funcName": "_log", "lineno": 188, "event_type": "streaming_indicator_engine.data_anomalies_detected", "data": {"symbol": "ARIA_USDT", "timestamp": 1762076582.312999, "anomalies": ["stale_timestamp: 1762076582.312999 vs 1764665488.3406963"], "data_sample": {"price": 0.16774, "volume": 4.0}}}
{"timestamp": "2025-12-02T08:51:28.343700+00:00", "level": "INFO", "module": "logger", "funcName": "_log", "lineno": 188, "event_type": "strategy_manager.indicator_update_received", "data": {"symbol": "ARIA_USDT", "indicator_name": "11b8be00-eed3-48fe-b359-df47b297226c_20", "indicator_type": "", "value": 0.0010631692619103817, "active_strategies_for_symbol": true, "active_count": 3}}
{"timestamp": "2025-12-02T08:51:28.344704+00:00", "level": "WARNING", "module": "logger", "funcName": "_log", "lineno": 188, "event_type": "streaming_indicator_engine.data_anomalies_detected", "data": {"symbol": "ARIA_USDT", "timestamp": 1762076595.309999, "anomalies": ["stale_timestamp: 1762076595.309999 vs 1764665488.3447042"], "data_sample": {"price": 0.16776, "volume": 10.0}}}
{"timestamp": "2025-12-02T08:51:28.345773+00:00", "level": "WARNING", "module": "logger", "funcName": "_log", "lineno": 188, "event_type": "streaming_indicator_engine.data_anomalies_detected", "data": {"symbol": "ARIA_USDT", "timestamp": 1762076606.309999, "anomalies": ["stale_timestamp: 1762076606.309999 vs 1764665488.345774"], "data_sample": {"price": 0.16772, "volume": 9.0}}}
{"timestamp": "2025-12-02T08:51:28.346778+00:00", "level": "WARNING", "module": "logger", "funcName": "_log", "lineno": 188, "event_type": "streaming_indicator_engine.data_anomalies_detected", "data": {"symbol": "ARIA_USDT", "timestamp": 1762076620.309999, "anomalies": ["stale_timestamp: 1762076620.309999 vs 1764665488.3467784"], "data_sample": {"price": 0.16764, "volume": 5.0}}}
{"timestamp": "2025-12-02T08:51:28.347693+00:00", "level": "WARNING", "module": "logger", "funcName": "_log", "lineno": 188, "event_type": "streaming_indicator_engine.data_anomalies_detected", "data": {"symbol": "ARIA_USDT", "timestamp": 1762076628.311, "anomalies": ["stale_timestamp: 1762076628.311 vs 1764665488.347694"], "data_sample": {"price": 0.16761, "volume": 7.0}}}
{"timestamp": "2025-12-02T08:51:28.349998+00:00", "level": "WARNING", "module": "logger", "funcName": "_log", "lineno": 188, "event_type": "streaming_indicator_engine.data_anomalies_detected", "data": {"symbol": "ARIA_USDT", "timestamp": 1762076638.312999, "anomalies": ["stale_timestamp: 1762076638.312999 vs 1764665488.3499982"], "data_sample": {"price": 0.16763, "volume": 10.0}}}
{"timestamp": "2025-12-02T08:51:28.350994+00:00", "level": "INFO", "module": "logger", "funcName": "_log", "lineno": 188, "event_type": "strategy_manager.indicator_update_received", "data": {"symbol": "ARIA_USDT", "indicator_name": "11b8be00-eed3-48fe-b359-df47b297226c_20", "indicator_type": "", "value": 0.0010631692619103817, "active_strategies_for_symbol": true, "active_count": 3}}
{"timestamp": "2025-12-02T08:51:28.352034+00:00", "level": "WARNING", "module": "logger", "funcName": "_log", "lineno": 188, "event_type": "streaming_indicator_engine.data_anomalies_detected", "data": {"symbol": "ARIA_USDT", "timestamp": 1762076647.309999, "anomalies": ["stale_timestamp: 1762076647.309999 vs 1764665488.3520348"], "data_sample": {"price": 0.16762, "volume": 4.0}}}
{"timestamp": "2025-12-02T08:51:28.352993+00:00", "level": "WARNING", "module": "logger", "funcName": "_log", "lineno": 188, "event_type": "streaming_indicator_engine.data_anomalies_detected", "data": {"symbol": "ARIA_USDT", "timestamp": 1762076653.309999, "anomalies": ["stale_timestamp: 1762076653.309999 vs 1764665488.352993"], "data_sample": {"price": 0.16761, "volume": 9.0}}}
{"timestamp": "2025-12-02T08:51:28.352993+00:00", "level": "WARNING", "module": "logger", "funcName": "_log", "lineno": 188, "event_type": "streaming_indicator_engine.data_anomalies_detected", "data": {"symbol": "ARIA_USDT", "timestamp": 1762076666.309999, "anomalies": ["stale_timestamp: 1762076666.309999 vs 1764665488.352993"], "data_sample": {"price": 0.16763, "volume": 9.0}}}
{"timestamp": "2025-12-02T08:51:28.354997+00:00", "level": "WARNING", "module": "logger", "funcName": "_log", "lineno": 188, "event_type": "streaming_indicator_engine.data_anomalies_detected", "data": {"symbol": "ARIA_USDT", "timestamp": 1762076672.308999, "anomalies": ["stale_timestamp: 1762076672.308999 vs 1764665488.354082"], "data_sample": {"price": 0.16762, "volume": 9.0}}}
{"timestamp": "2025-12-02T08:51:28.355993+00:00", "level": "WARNING", "module": "logger", "funcName": "_log", "lineno": 188, "event_type": "streaming_indicator_engine.data_anomalies_detected", "data": {"symbol": "ARIA_USDT", "timestamp": 1762076685.309999, "anomalies": ["stale_timestamp: 1762076685.309999 vs 1764665488.355993"], "data_sample": {"price": 0.16732, "volume": 9.0}}}
{"timestamp": "2025-12-02T08:51:28.357002+00:00", "level": "WARNING", "module": "logger", "funcName": "_log", "lineno": 188, "event_type": "streaming_indicator_engine.data_anomalies_detected", "data": {"symbol": "ARIA_USDT", "timestamp": 1762076699.311, "anomalies": ["stale_timestamp: 1762076699.311 vs 1764665488.3570025"], "data_sample": {"price": 0.16737, "volume": 11.0}}}
{"timestamp": "2025-12-02T08:51:28.361257+00:00", "level": "INFO", "module": "logger", "funcName": "_log", "lineno": 188, "event_type": "strategy_manager.indicator_update_received", "data": {"symbol": "ARIA_USDT", "indicator_name": "f1c5bf73-df7f-4889-b417-fc3fcd71a9f7_20", "indicator_type": "", "value": 50.665156247351426, "active_strategies_for_symbol": true, "active_count": 3}}
{"timestamp": "2025-12-02T08:51:28.362256+00:00", "level": "WARNING", "module": "logger", "funcName": "_log", "lineno": 188, "event_type": "streaming_indicator_engine.data_anomalies_detected", "data": {"symbol": "ARIA_USDT", "timestamp": 1762076713.309999, "anomalies": ["stale_timestamp: 1762076713.309999 vs 1764665488.3622563"], "data_sample": {"price": 0.16735, "volume": 4.0}}}
{"timestamp": "2025-12-02T08:51:28.363263+00:00", "level": "WARNING", "module": "logger", "funcName": "_log", "lineno": 188, "event_type": "streaming_indicator_engine.data_anomalies_detected", "data": {"symbol": "ARIA_USDT", "timestamp": 1762076728.311, "anomalies": ["stale_timestamp: 1762076728.311 vs 1764665488.3632631"], "data_sample": {"price": 0.16739, "volume": 9.0}}}
{"timestamp": "2025-12-02T08:51:28.364569+00:00", "level": "WARNING", "module": "logger", "funcName": "_log", "lineno": 188, "event_type": "streaming_indicator_engine.data_anomalies_detected", "data": {"symbol": "ARIA_USDT", "timestamp": 1762076734.308999, "anomalies": ["stale_timestamp: 1762076734.308999 vs 1764665488.3645697"], "data_sample": {"price": 0.16744, "volume": 9.0}}}
{"timestamp": "2025-12-02T08:51:28.366582+00:00", "level": "WARNING", "module": "logger", "funcName": "_log", "lineno": 188, "event_type": "streaming_indicator_engine.data_anomalies_detected", "data": {"symbol": "ARIA_USDT", "timestamp": 1762076750.309999, "anomalies": ["stale_timestamp: 1762076750.309999 vs 1764665488.3665829"], "data_sample": {"price": 0.16747, "volume": 10.0}}}
{"timestamp": "2025-12-02T08:51:28.367581+00:00", "level": "WARNING", "module": "logger", "funcName": "_log", "lineno": 188, "event_type": "streaming_indicator_engine.data_anomalies_detected", "data": {"symbol": "ARIA_USDT", "timestamp": 1762076759.311, "anomalies": ["stale_timestamp: 1762076759.311 vs 1764665488.3675811"], "data_sample": {"price": 0.16746, "volume": 10.0}}}
{"timestamp": "2025-12-02T08:51:28.369083+00:00", "level": "WARNING", "module": "logger", "funcName": "_log", "lineno": 188, "event_type": "streaming_indicator_engine.data_anomalies_detected", "data": {"symbol": "ARIA_USDT", "timestamp": 1762076767.309999, "anomalies": ["stale_timestamp: 1762076767.309999 vs 1764665488.3685782"], "data_sample": {"price": 0.16742, "volume": 8.0}}}
{"timestamp": "2025-12-02T08:51:28.369083+00:00", "level": "INFO", "module": "logger", "funcName": "_log", "lineno": 188, "event_type": "strategy_manager.indicator_update_received", "data": {"symbol": "ARIA_USDT", "indicator_name": "f1c5bf73-df7f-4889-b417-fc3fcd71a9f7_20", "indicator_type": "", "value": 50.665156247351426, "active_strategies_for_symbol": true, "active_count": 3}}
{"timestamp": "2025-12-02T08:51:28.370090+00:00", "level": "WARNING", "module": "logger", "funcName": "_log", "lineno": 188, "event_type": "streaming_indicator_engine.data_anomalies_detected", "data": {"symbol": "ARIA_USDT", "timestamp": 1762076783.312, "anomalies": ["stale_timestamp: 1762076783.312 vs 1764665488.370091"], "data_sample": {"price": 0.16745, "volume": 8.0}}}
{"timestamp": "2025-12-02T08:51:28.371119+00:00", "level": "WARNING", "module": "logger", "funcName": "_log", "lineno": 188, "event_type": "streaming_indicator_engine.data_anomalies_detected", "data": {"symbol": "ARIA_USDT", "timestamp": 1762076789.309999, "anomalies": ["stale_timestamp: 1762076789.309999 vs 1764665488.371119"], "data_sample": {"price": 0.16755, "volume": 9.0}}}
{"timestamp": "2025-12-02T08:51:28.372098+00:00", "level": "WARNING", "module": "logger", "funcName": "_log", "lineno": 188, "event_type": "streaming_indicator_engine.data_anomalies_detected", "data": {"symbol": "ARIA_USDT", "timestamp": 1762076803.311, "anomalies": ["stale_timestamp: 1762076803.311 vs 1764665488.3720982"], "data_sample": {"price": 0.16758, "volume": 10.0}}}
{"timestamp": "2025-12-02T08:51:28.373097+00:00", "level": "WARNING", "module": "logger", "funcName": "_log", "lineno": 188, "event_type": "streaming_indicator_engine.data_anomalies_detected", "data": {"symbol": "ARIA_USDT", "timestamp": 1762076816.308999, "anomalies": ["stale_timestamp: 1762076816.308999 vs 1764665488.3720982"], "data_sample": {"price": 0.16762, "volume": 9.0}}}
{"timestamp": "2025-12-02T08:51:28.374098+00:00", "level": "WARNING", "module": "logger", "funcName": "_log", "lineno": 188, "event_type": "streaming_indicator_engine.data_anomalies_detected", "data": {"symbol": "ARIA_USDT", "timestamp": 1762076825.312999, "anomalies": ["stale_timestamp: 1762076825.312999 vs 1764665488.3740978"], "data_sample": {"price": 0.16751, "volume": 10.0}}}
{"timestamp": "2025-12-02T08:51:28.375169+00:00", "level": "WARNING", "module": "logger", "funcName": "_log", "lineno": 188, "event_type": "streaming_indicator_engine.data_anomalies_detected", "data": {"symbol": "ARIA_USDT", "timestamp": 1762076831.316999, "anomalies": ["stale_timestamp: 1762076831.316999 vs 1764665488.375169"], "data_sample": {"price": 0.1674, "volume": 6.0}}}
{"timestamp": "2025-12-02T08:51:28.376198+00:00", "level": "WARNING", "module": "logger", "funcName": "_log", "lineno": 188, "event_type": "streaming_indicator_engine.data_anomalies_detected", "data": {"symbol": "ARIA_USDT", "timestamp": 1762076839.311, "anomalies": ["stale_timestamp: 1762076839.311 vs 1764665488.376198"], "data_sample": {"price": 0.16741, "volume": 8.0}}}
{"timestamp": "2025-12-02T08:51:28.402467+00:00", "level": "WARNING", "module": "logger", "funcName": "_log", "lineno": 188, "event_type": "streaming_indicator_engine.data_anomalies_detected", "data": {"symbol": "ARIA_USDT", "timestamp": 1762076846.312, "anomalies": ["stale_timestamp: 1762076846.312 vs 1764665488.4024673"], "data_sample": {"price": 0.1674, "volume": 6.0}}}
{"timestamp": "2025-12-02T08:51:28.418809+00:00", "level": "WARNING", "module": "logger", "funcName": "_log", "lineno": 188, "event_type": "streaming_indicator_engine.data_anomalies_detected", "data": {"symbol": "ARIA_USDT", "timestamp": 1762076859.309999, "anomalies": ["stale_timestamp: 1762076859.309999 vs 1764665488.417819"], "data_sample": {"price": 0.16723, "volume": 5.0}}}
{"timestamp": "2025-12-02T08:51:28.433774+00:00", "level": "WARNING", "module": "logger", "funcName": "_log", "lineno": 188, "event_type": "streaming_indicator_engine.data_anomalies_detected", "data": {"symbol": "ARIA_USDT", "timestamp": 1762076870.309999, "anomalies": ["stale_timestamp: 1762076870.309999 vs 1764665488.4337747"], "data_sample": {"price": 0.16724, "volume": 9.0}}}
{"timestamp": "2025-12-02T08:51:28.450788+00:00", "level": "WARNING", "module": "logger", "funcName": "_log", "lineno": 188, "event_type": "streaming_indicator_engine.data_anomalies_detected", "data": {"symbol": "ARIA_USDT", "timestamp": 1762076878.309999, "anomalies": ["stale_timestamp: 1762076878.309999 vs 1764665488.450788"], "data_sample": {"price": 0.16731, "volume": 4.0}}}
{"timestamp": "2025-12-02T08:51:28.465154+00:00", "level": "WARNING", "module": "logger", "funcName": "_log", "lineno": 188, "event_type": "streaming_indicator_engine.data_anomalies_detected", "data": {"symbol": "ARIA_USDT", "timestamp": 1762076892.311, "anomalies": ["stale_timestamp: 1762076892.311 vs 1764665488.464142"], "data_sample": {"price": 0.16728, "volume": 9.0}}}
{"timestamp": "2025-12-02T08:51:28.494507+00:00", "level": "WARNING", "module": "logger", "funcName": "_log", "lineno": 188, "event_type": "streaming_indicator_engine.data_anomalies_detected", "data": {"symbol": "ARIA_USDT", "timestamp": 1762076900.309999, "anomalies": ["stale_timestamp: 1762076900.309999 vs 1764665488.4945076"], "data_sample": {"price": 0.16731, "volume": 7.0}}}
{"timestamp": "2025-12-02T08:51:28.509946+00:00", "level": "WARNING", "module": "logger", "funcName": "_log", "lineno": 188, "event_type": "streaming_indicator_engine.data_anomalies_detected", "data": {"symbol": "ARIA_USDT", "timestamp": 1762076915.308999, "anomalies": ["stale_timestamp: 1762076915.308999 vs 1764665488.5099463"], "data_sample": {"price": 0.16729, "volume": 4.0}}}
{"timestamp": "2025-12-02T08:51:28.524919+00:00", "level": "WARNING", "module": "logger", "funcName": "_log", "lineno": 188, "event_type": "streaming_indicator_engine.data_anomalies_detected", "data": {"symbol": "ARIA_USDT", "timestamp": 1762076929.309999, "anomalies": ["stale_timestamp: 1762076929.309999 vs 1764665488.5249193"], "data_sample": {"price": 0.16725, "volume": 11.0}}}
{"timestamp": "2025-12-02T08:51:28.541412+00:00", "level": "WARNING", "module": "logger", "funcName": "_log", "lineno": 188, "event_type": "streaming_indicator_engine.data_anomalies_detected", "data": {"symbol": "ARIA_USDT", "timestamp": 1762076940.312999, "anomalies": ["stale_timestamp: 1762076940.312999 vs 1764665488.5404003"], "data_sample": {"price": 0.16733, "volume": 8.0}}}
{"timestamp": "2025-12-02T08:51:28.555683+00:00", "level": "WARNING", "module": "logger", "funcName": "_log", "lineno": 188, "event_type": "streaming_indicator_engine.data_anomalies_detected", "data": {"symbol": "ARIA_USDT", "timestamp": 1762076949.324999, "anomalies": ["stale_timestamp: 1762076949.324999 vs 1764665488.5556834"], "data_sample": {"price": 0.1673, "volume": 8.0}}}
{"timestamp": "2025-12-02T08:51:28.570658+00:00", "level": "WARNING", "module": "logger", "funcName": "_log", "lineno": 188, "event_type": "streaming_indicator_engine.data_anomalies_detected", "data": {"symbol": "ARIA_USDT", "timestamp": 1762076965.316, "anomalies": ["stale_timestamp: 1762076965.316 vs 1764665488.5706582"], "data_sample": {"price": 0.16729, "volume": 4.0}}}
{"timestamp": "2025-12-02T08:51:28.585606+00:00", "level": "WARNING", "module": "logger", "funcName": "_log", "lineno": 188, "event_type": "streaming_indicator_engine.data_anomalies_detected", "data": {"symbol": "ARIA_USDT", "timestamp": 1762076978.312, "anomalies": ["stale_timestamp: 1762076978.312 vs 1764665488.5856066"], "data_sample": {"price": 0.1673, "volume": 9.0}}}
{"timestamp": "2025-12-02T08:51:28.601104+00:00", "level": "WARNING", "module": "logger", "funcName": "_log", "lineno": 188, "event_type": "streaming_indicator_engine.data_anomalies_detected", "data": {"symbol": "ARIA_USDT", "timestamp": 1762076990.315, "anomalies": ["stale_timestamp: 1762076990.315 vs 1764665488.6011045"], "data_sample": {"price": 0.16733, "volume": 10.0}}}
{"timestamp": "2025-12-02T08:51:28.603003+00:00", "level": "WARNING", "module": "logger", "funcName": "_log", "lineno": 188, "event_type": "streaming_indicator_engine.data_anomalies_detected", "data": {"symbol": "ARIA_USDT", "timestamp": 1762076997.315, "anomalies": ["stale_timestamp: 1762076997.315 vs 1764665488.6020048"], "data_sample": {"price": 0.16726, "volume": 12.0}}}
{"timestamp": "2025-12-02T08:51:28.616539+00:00", "level": "WARNING", "module": "logger", "funcName": "_log", "lineno": 188, "event_type": "streaming_indicator_engine.data_anomalies_detected", "data": {"symbol": "ARIA_USDT", "timestamp": 1762077007.309999, "anomalies": ["stale_timestamp: 1762077007.309999 vs 1764665488.6165388"], "data_sample": {"price": 0.16719, "volume": 4.0}}}
{"timestamp": "2025-12-02T08:51:28.631901+00:00", "level": "WARNING", "module": "logger", "funcName": "_log", "lineno": 188, "event_type": "streaming_indicator_engine.data_anomalies_detected", "data": {"symbol": "ARIA_USDT", "timestamp": 1762077018.309999, "anomalies": ["stale_timestamp: 1762077018.309999 vs 1764665488.6319015"], "data_sample": {"price": 0.16722, "volume": 8.0}}}
{"timestamp": "2025-12-02T08:51:28.648143+00:00", "level": "WARNING", "module": "logger", "funcName": "_log", "lineno": 188, "event_type": "streaming_indicator_engine.data_anomalies_detected", "data": {"symbol": "ARIA_USDT", "timestamp": 1762077025.309999, "anomalies": ["stale_timestamp: 1762077025.309999 vs 1764665488.6481438"], "data_sample": {"price": 0.16726, "volume": 5.0}}}
{"timestamp": "2025-12-02T08:51:28.664260+00:00", "level": "WARNING", "module": "logger", "funcName": "_log", "lineno": 188, "event_type": "streaming_indicator_engine.data_anomalies_detected", "data": {"symbol": "ARIA_USDT", "timestamp": 1762077033.311, "anomalies": ["stale_timestamp: 1762077033.311 vs 1764665488.663257"], "data_sample": {"price": 0.16725, "volume": 4.0}}}
{"timestamp": "2025-12-02T08:51:28.677976+00:00", "level": "WARNING", "module": "logger", "funcName": "_log", "lineno": 188, "event_type": "streaming_indicator_engine.data_anomalies_detected", "data": {"symbol": "ARIA_USDT", "timestamp": 1762077042.309999, "anomalies": ["stale_timestamp: 1762077042.309999 vs 1764665488.6779764"], "data_sample": {"price": 0.16724, "volume": 4.0}}}
{"timestamp": "2025-12-02T08:51:28.693722+00:00", "level": "WARNING", "module": "logger", "funcName": "_log", "lineno": 188, "event_type": "streaming_indicator_engine.data_anomalies_detected", "data": {"symbol": "ARIA_USDT", "timestamp": 1762077051.309999, "anomalies": ["stale_timestamp: 1762077051.309999 vs 1764665488.693723"], "data_sample": {"price": 0.16725, "volume": 4.0}}}
{"timestamp": "2025-12-02T08:51:28.708804+00:00", "level": "WARNING", "module": "logger", "funcName": "_log", "lineno": 188, "event_type": "streaming_indicator_engine.data_anomalies_detected", "data": {"symbol": "ARIA_USDT", "timestamp": 1762077057.312999, "anomalies": ["stale_timestamp: 1762077057.312999 vs 1764665488.7088048"], "data_sample": {"price": 0.16726, "volume": 3.0}}}
{"timestamp": "2025-12-02T08:51:28.724258+00:00", "level": "WARNING", "module": "logger", "funcName": "_log", "lineno": 188, "event_type": "streaming_indicator_engine.data_anomalies_detected", "data": {"symbol": "ARIA_USDT", "timestamp": 1762077067.316999, "anomalies": ["stale_timestamp: 1762077067.316999 vs 1764665488.724259"], "data_sample": {"price": 0.16725, "volume": 8.0}}}
{"timestamp": "2025-12-02T08:51:28.740328+00:00", "level": "WARNING", "module": "logger", "funcName": "_log", "lineno": 188, "event_type": "streaming_indicator_engine.data_anomalies_detected", "data": {"symbol": "ARIA_USDT", "timestamp": 1762077081.308, "anomalies": ["stale_timestamp: 1762077081.308 vs 1764665488.7403286"], "data_sample": {"price": 0.16714, "volume": 6.0}}}
{"timestamp": "2025-12-02T08:51:28.755903+00:00", "level": "WARNING", "module": "logger", "funcName": "_log", "lineno": 188, "event_type": "streaming_indicator_engine.data_anomalies_detected", "data": {"symbol": "ARIA_USDT", "timestamp": 1762077089.311, "anomalies": ["stale_timestamp: 1762077089.311 vs 1764665488.7559035"], "data_sample": {"price": 0.16711, "volume": 4.0}}}
{"timestamp": "2025-12-02T08:51:28.770938+00:00", "level": "WARNING", "module": "logger", "funcName": "_log", "lineno": 188, "event_type": "streaming_indicator_engine.data_anomalies_detected", "data": {"symbol": "ARIA_USDT", "timestamp": 1762077098.311, "anomalies": ["stale_timestamp: 1762077098.311 vs 1764665488.7709384"], "data_sample": {"price": 0.16702, "volume": 4.0}}}
{"timestamp": "2025-12-02T08:51:28.789762+00:00", "level": "WARNING", "module": "logger", "funcName": "_log", "lineno": 188, "event_type": "streaming_indicator_engine.data_anomalies_detected", "data": {"symbol": "ARIA_USDT", "timestamp": 1762077107.335, "anomalies": ["stale_timestamp: 1762077107.335 vs 1764665488.7897627"], "data_sample": {"price": 0.167, "volume": 26.0}}}
{"timestamp": "2025-12-02T08:51:28.821017+00:00", "level": "WARNING", "module": "logger", "funcName": "_log", "lineno": 188, "event_type": "streaming_indicator_engine.data_anomalies_detected", "data": {"symbol": "ARIA_USDT", "timestamp": 1762077121.309999, "anomalies": ["stale_timestamp: 1762077121.309999 vs 1764665488.8210173"], "data_sample": {"price": 0.16704, "volume": 8.0}}}
{"timestamp": "2025-12-02T08:51:28.834022+00:00", "level": "WARNING", "module": "logger", "funcName": "_log", "lineno": 188, "event_type": "streaming_indicator_engine.data_anomalies_detected", "data": {"symbol": "ARIA_USDT", "timestamp": 1762077123.420999, "anomalies": ["stale_timestamp: 1762077123.420999 vs 1764665488.8340223"], "data_sample": {"price": 0.167, "volume": 59.0}}}
{"timestamp": "2025-12-02T08:51:28.850081+00:00", "level": "WARNING", "module": "logger", "funcName": "_log", "lineno": 188, "event_type": "streaming_indicator_engine.data_anomalies_detected", "data": {"symbol": "ARIA_USDT", "timestamp": 1762077139.311, "anomalies": ["stale_timestamp: 1762077139.311 vs 1764665488.8490655"], "data_sample": {"price": 0.16703, "volume": 5.0}}}
{"timestamp": "2025-12-02T08:51:28.903756+00:00", "level": "WARNING", "module": "logger", "funcName": "_log", "lineno": 188, "event_type": "streaming_indicator_engine.data_anomalies_detected", "data": {"symbol": "ARIA_USDT", "timestamp": 1762077152.308999, "anomalies": ["stale_timestamp: 1762077152.308999 vs 1764665488.9037566"], "data_sample": {"price": 0.16708, "volume": 9.0}}}
{"timestamp": "2025-12-02T08:51:28.934615+00:00", "level": "WARNING", "module": "logger", "funcName": "_log", "lineno": 188, "event_type": "streaming_indicator_engine.data_anomalies_detected", "data": {"symbol": "ARIA_USDT", "timestamp": 1762077163.309999, "anomalies": ["stale_timestamp: 1762077163.309999 vs 1764665488.9346159"], "data_sample": {"price": 0.16713, "volume": 11.0}}}
{"timestamp": "2025-12-02T08:51:28.954161+00:00", "level": "WARNING", "module": "logger", "funcName": "_log", "lineno": 188, "event_type": "streaming_indicator_engine.data_anomalies_detected", "data": {"symbol": "ARIA_USDT", "timestamp": 1762077172.309999, "anomalies": ["stale_timestamp: 1762077172.309999 vs 1764665488.9541614"], "data_sample": {"price": 0.16706, "volume": 12.0}}}
{"timestamp": "2025-12-02T08:51:28.983186+00:00", "level": "WARNING", "module": "logger", "funcName": "_log", "lineno": 188, "event_type": "streaming_indicator_engine.data_anomalies_detected", "data": {"symbol": "ARIA_USDT", "timestamp": 1762077187.312999, "anomalies": ["stale_timestamp: 1762077187.312999 vs 1764665488.9821599"], "data_sample": {"price": 0.16705, "volume": 4.0}}}
{"timestamp": "2025-12-02T08:51:28.997211+00:00", "level": "WARNING", "module": "logger", "funcName": "_log", "lineno": 188, "event_type": "streaming_indicator_engine.data_anomalies_detected", "data": {"symbol": "ARIA_USDT", "timestamp": 1762077203.309999, "anomalies": ["stale_timestamp: 1762077203.309999 vs 1764665488.997211"], "data_sample": {"price": 0.16703, "volume": 6.0}}}
{"timestamp": "2025-12-02T08:51:29.043611+00:00", "level": "WARNING", "module": "logger", "funcName": "_log", "lineno": 188, "event_type": "streaming_indicator_engine.data_anomalies_detected", "data": {"symbol": "ARIA_USDT", "timestamp": 1762077211.312, "anomalies": ["stale_timestamp: 1762077211.312 vs 1764665489.043612"], "data_sample": {"price": 0.16707, "volume": 9.0}}}
{"timestamp": "2025-12-02T08:51:29.058940+00:00", "level": "WARNING", "module": "logger", "funcName": "_log", "lineno": 188, "event_type": "streaming_indicator_engine.data_anomalies_detected", "data": {"symbol": "ARIA_USDT", "timestamp": 1762077227.312999, "anomalies": ["stale_timestamp: 1762077227.312999 vs 1764665489.0589404"], "data_sample": {"price": 0.16704, "volume": 4.0}}}
{"timestamp": "2025-12-02T08:51:29.060957+00:00", "level": "WARNING", "module": "logger", "funcName": "_log", "lineno": 188, "event_type": "streaming_indicator_engine.data_anomalies_detected", "data": {"symbol": "ARIA_USDT", "timestamp": 1762077234.308999, "anomalies": ["stale_timestamp: 1762077234.308999 vs 1764665489.0609574"], "data_sample": {"price": 0.16708, "volume": 8.0}}}
{"timestamp": "2025-12-02T08:51:29.060957+00:00", "level": "WARNING", "module": "logger", "funcName": "_log", "lineno": 188, "event_type": "streaming_indicator_engine.data_anomalies_detected", "data": {"symbol": "ARIA_USDT", "timestamp": 1762077247.312999, "anomalies": ["stale_timestamp: 1762077247.312999 vs 1764665489.0609574"], "data_sample": {"price": 0.16705, "volume": 7.0}}}
{"timestamp": "2025-12-02T08:51:29.074945+00:00", "level": "WARNING", "module": "logger", "funcName": "_log", "lineno": 188, "event_type": "streaming_indicator_engine.data_anomalies_detected", "data": {"symbol": "ARIA_USDT", "timestamp": 1762077263.309999, "anomalies": ["stale_timestamp: 1762077263.309999 vs 1764665489.0749452"], "data_sample": {"price": 0.16704, "volume": 7.0}}}
{"timestamp": "2025-12-02T08:51:29.089772+00:00", "level": "WARNING", "module": "logger", "funcName": "_log", "lineno": 188, "event_type": "streaming_indicator_engine.data_anomalies_detected", "data": {"symbol": "ARIA_USDT", "timestamp": 1762077274.309999, "anomalies": ["stale_timestamp: 1762077274.309999 vs 1764665489.0897722"], "data_sample": {"price": 0.16709, "volume": 4.0}}}
{"timestamp": "2025-12-02T08:51:29.105521+00:00", "level": "WARNING", "module": "logger", "funcName": "_log", "lineno": 188, "event_type": "streaming_indicator_engine.data_anomalies_detected", "data": {"symbol": "ARIA_USDT", "timestamp": 1762077281.311, "anomalies": ["stale_timestamp: 1762077281.311 vs 1764665489.1055214"], "data_sample": {"price": 0.16713, "volume": 12.0}}}
{"timestamp": "2025-12-02T08:51:29.120915+00:00", "level": "WARNING", "module": "logger", "funcName": "_log", "lineno": 188, "event_type": "streaming_indicator_engine.data_anomalies_detected", "data": {"symbol": "ARIA_USDT", "timestamp": 1762077290.312, "anomalies": ["stale_timestamp: 1762077290.312 vs 1764665489.120915"], "data_sample": {"price": 0.16709, "volume": 8.0}}}
{"timestamp": "2025-12-02T08:51:29.136121+00:00", "level": "WARNING", "module": "logger", "funcName": "_log", "lineno": 188, "event_type": "streaming_indicator_engine.data_anomalies_detected", "data": {"symbol": "ARIA_USDT", "timestamp": 1762077299.312, "anomalies": ["stale_timestamp: 1762077299.312 vs 1764665489.1361217"], "data_sample": {"price": 0.16706, "volume": 8.0}}}
{"timestamp": "2025-12-02T08:51:29.151672+00:00", "level": "WARNING", "module": "logger", "funcName": "_log", "lineno": 188, "event_type": "streaming_indicator_engine.data_anomalies_detected", "data": {"symbol": "ARIA_USDT", "timestamp": 1762077309.309999, "anomalies": ["stale_timestamp: 1762077309.309999 vs 1764665489.1516728"], "data_sample": {"price": 0.16705, "volume": 6.0}}}
{"timestamp": "2025-12-02T08:51:29.168963+00:00", "level": "WARNING", "module": "logger", "funcName": "_log", "lineno": 188, "event_type": "streaming_indicator_engine.data_anomalies_detected", "data": {"symbol": "ARIA_USDT", "timestamp": 1762077318.312, "anomalies": ["stale_timestamp: 1762077318.312 vs 1764665489.168964"], "data_sample": {"price": 0.16706, "volume": 9.0}}}
{"timestamp": "2025-12-02T08:51:29.184413+00:00", "level": "WARNING", "module": "logger", "funcName": "_log", "lineno": 188, "event_type": "streaming_indicator_engine.data_anomalies_detected", "data": {"symbol": "ARIA_USDT", "timestamp": 1762077324.309999, "anomalies": ["stale_timestamp: 1762077324.309999 vs 1764665489.1844134"], "data_sample": {"price": 0.1671, "volume": 5.0}}}
{"timestamp": "2025-12-02T08:51:29.201940+00:00", "level": "WARNING", "module": "logger", "funcName": "_log", "lineno": 188, "event_type": "streaming_indicator_engine.data_anomalies_detected", "data": {"symbol": "ARIA_USDT", "timestamp": 1762077335.309999, "anomalies": ["stale_timestamp: 1762077335.309999 vs 1764665489.2009478"], "data_sample": {"price": 0.16709, "volume": 4.0}}}
{"timestamp": "2025-12-02T08:51:29.228825+00:00", "level": "WARNING", "module": "logger", "funcName": "_log", "lineno": 188, "event_type": "streaming_indicator_engine.data_anomalies_detected", "data": {"symbol": "ARIA_USDT", "timestamp": 1762077351.309999, "anomalies": ["stale_timestamp: 1762077351.309999 vs 1764665489.2288256"], "data_sample": {"price": 0.1671, "volume": 3.0}}}
{"timestamp": "2025-12-02T08:51:29.244494+00:00", "level": "WARNING", "module": "logger", "funcName": "_log", "lineno": 188, "event_type": "streaming_indicator_engine.data_anomalies_detected", "data": {"symbol": "ARIA_USDT", "timestamp": 1762077362.309999, "anomalies": ["stale_timestamp: 1762077362.309999 vs 1764665489.244495"], "data_sample": {"price": 0.16716, "volume": 5.0}}}
{"timestamp": "2025-12-02T08:51:29.259289+00:00", "level": "WARNING", "module": "logger", "funcName": "_log", "lineno": 188, "event_type": "streaming_indicator_engine.data_anomalies_detected", "data": {"symbol": "ARIA_USDT", "timestamp": 1762077376.309999, "anomalies": ["stale_timestamp: 1762077376.309999 vs 1764665489.2592897"], "data_sample": {"price": 0.16724, "volume": 11.0}}}
{"timestamp": "2025-12-02T08:51:29.274497+00:00", "level": "WARNING", "module": "logger", "funcName": "_log", "lineno": 188, "event_type": "streaming_indicator_engine.data_anomalies_detected", "data": {"symbol": "ARIA_USDT", "timestamp": 1762077387.309999, "anomalies": ["stale_timestamp: 1762077387.309999 vs 1764665489.2744977"], "data_sample": {"price": 0.16726, "volume": 11.0}}}
{"timestamp": "2025-12-02T08:51:29.289586+00:00", "level": "WARNING", "module": "logger", "funcName": "_log", "lineno": 188, "event_type": "streaming_indicator_engine.data_anomalies_detected", "data": {"symbol": "ARIA_USDT", "timestamp": 1762077395.309999, "anomalies": ["stale_timestamp: 1762077395.309999 vs 1764665489.289587"], "data_sample": {"price": 0.16728, "volume": 3.0}}}
{"timestamp": "2025-12-02T08:51:29.305138+00:00", "level": "WARNING", "module": "logger", "funcName": "_log", "lineno": 188, "event_type": "streaming_indicator_engine.data_anomalies_detected", "data": {"symbol": "ARIA_USDT", "timestamp": 1762077402.309999, "anomalies": ["stale_timestamp: 1762077402.309999 vs 1764665489.3051386"], "data_sample": {"price": 0.1673, "volume": 10.0}}}
{"timestamp": "2025-12-02T08:51:29.310708+00:00", "level": "INFO", "module": "logger", "funcName": "_log", "lineno": 188, "event_type": "strategy_manager.indicator_update_received", "data": {"symbol": "ARIA_USDT", "indicator_name": "611fad91-045d-408b-8822-f43428935033_20", "indicator_type": "", "value": 0.002348653937061916, "active_strategies_for_symbol": true, "active_count": 3}}
{"timestamp": "2025-12-02T08:51:29.311704+00:00", "level": "WARNING", "module": "logger", "funcName": "_log", "lineno": 188, "event_type": "streaming_indicator_engine.data_anomalies_detected", "data": {"symbol": "ARIA_USDT", "timestamp": 1762077412.311, "anomalies": ["stale_timestamp: 1762077412.311 vs 1764665489.3117044"], "data_sample": {"price": 0.16729, "volume": 7.0}}}
{"timestamp": "2025-12-02T08:51:29.312704+00:00", "level": "WARNING", "module": "logger", "funcName": "_log", "lineno": 188, "event_type": "streaming_indicator_engine.data_anomalies_detected", "data": {"symbol": "ARIA_USDT", "timestamp": 1762077421.309999, "anomalies": ["stale_timestamp: 1762077421.309999 vs 1764665489.3127048"], "data_sample": {"price": 0.16727, "volume": 4.0}}}
{"timestamp": "2025-12-02T08:51:29.314709+00:00", "level": "INFO", "module": "logger", "funcName": "_log", "lineno": 188, "event_type": "strategy_manager.indicator_update_received", "data": {"symbol": "ARIA_USDT", "indicator_name": "611fad91-045d-408b-8822-f43428935033_20", "indicator_type": "", "value": 0.002348653937061916, "active_strategies_for_symbol": true, "active_count": 3}}
{"timestamp": "2025-12-02T08:51:29.323217+00:00", "level": "INFO", "module": "logger", "funcName": "_log", "lineno": 188, "event_type": "strategy_manager.indicator_update_received", "data": {"symbol": "ARIA_USDT", "indicator_name": "790d8eed-dc95-43ff-b625-1205d256154b_20", "indicator_type": "", "value": 0.0013506874143189638, "active_strategies_for_symbol": true, "active_count": 3}}
{"timestamp": "2025-12-02T08:51:29.325201+00:00", "level": "INFO", "module": "logger", "funcName": "_log", "lineno": 188, "event_type": "strategy_manager.indicator_update_received", "data": {"symbol": "ARIA_USDT", "indicator_name": "790d8eed-dc95-43ff-b625-1205d256154b_20", "indicator_type": "", "value": 0.0013506874143189638, "active_strategies_for_symbol": true, "active_count": 3}}
{"timestamp": "2025-12-02T08:51:29.328735+00:00", "level": "WARNING", "module": "logger", "funcName": "_log", "lineno": 188, "event_type": "streaming_indicator_engine.data_anomalies_detected", "data": {"symbol": "ARIA_USDT", "timestamp": 1762076372.312999, "anomalies": ["stale_timestamp: 1762076372.312999 vs 1764665489.3287356"], "data_sample": {"price": 0.1671, "volume": 3.0}}}
{"timestamp": "2025-12-02T08:51:29.352196+00:00", "level": "WARNING", "module": "logger", "funcName": "_log", "lineno": 188, "event_type": "streaming_indicator_engine.data_anomalies_detected", "data": {"symbol": "ARIA_USDT", "timestamp": 1762076381.309999, "anomalies": ["stale_timestamp: 1762076381.309999 vs 1764665489.3521967"], "data_sample": {"price": 0.16715, "volume": 8.0}}}
{"timestamp": "2025-12-02T08:51:29.367148+00:00", "level": "WARNING", "module": "logger", "funcName": "_log", "lineno": 188, "event_type": "streaming_indicator_engine.data_anomalies_detected", "data": {"symbol": "ARIA_USDT", "timestamp": 1762076388.311, "anomalies": ["stale_timestamp: 1762076388.311 vs 1764665489.3671489"], "data_sample": {"price": 0.16714, "volume": 9.0}}}
{"timestamp": "2025-12-02T08:51:29.382129+00:00", "level": "WARNING", "module": "logger", "funcName": "_log", "lineno": 188, "event_type": "streaming_indicator_engine.data_anomalies_detected", "data": {"symbol": "ARIA_USDT", "timestamp": 1762076401.309999, "anomalies": ["stale_timestamp: 1762076401.309999 vs 1764665489.38213"], "data_sample": {"price": 0.16717, "volume": 7.0}}}
{"timestamp": "2025-12-02T08:51:29.396809+00:00", "level": "WARNING", "module": "logger", "funcName": "_log", "lineno": 188, "event_type": "streaming_indicator_engine.data_anomalies_detected", "data": {"symbol": "ARIA_USDT", "timestamp": 1762076408.312, "anomalies": ["stale_timestamp: 1762076408.312 vs 1764665489.3968098"], "data_sample": {"price": 0.16713, "volume": 3.0}}}
{"timestamp": "2025-12-02T08:51:29.411566+00:00", "level": "WARNING", "module": "logger", "funcName": "_log", "lineno": 188, "event_type": "streaming_indicator_engine.data_anomalies_detected", "data": {"symbol": "ARIA_USDT", "timestamp": 1762076417.311, "anomalies": ["stale_timestamp: 1762076417.311 vs 1764665489.411566"], "data_sample": {"price": 0.16708, "volume": 3.0}}}
{"timestamp": "2025-12-02T08:51:29.427069+00:00", "level": "WARNING", "module": "logger", "funcName": "_log", "lineno": 188, "event_type": "streaming_indicator_engine.data_anomalies_detected", "data": {"symbol": "ARIA_USDT", "timestamp": 1762076427.308999, "anomalies": ["stale_timestamp: 1762076427.308999 vs 1764665489.4270692"], "data_sample": {"price": 0.16707, "volume": 12.0}}}
{"timestamp": "2025-12-02T08:51:29.442664+00:00", "level": "WARNING", "module": "logger", "funcName": "_log", "lineno": 188, "event_type": "streaming_indicator_engine.data_anomalies_detected", "data": {"symbol": "ARIA_USDT", "timestamp": 1762076435.309999, "anomalies": ["stale_timestamp: 1762076435.309999 vs 1764665489.4426644"], "data_sample": {"price": 0.1671, "volume": 4.0}}}
{"timestamp": "2025-12-02T08:51:29.459068+00:00", "level": "WARNING", "module": "logger", "funcName": "_log", "lineno": 188, "event_type": "streaming_indicator_engine.data_anomalies_detected", "data": {"symbol": "ARIA_USDT", "timestamp": 1762076447.309999, "anomalies": ["stale_timestamp: 1762076447.309999 vs 1764665489.4585447"], "data_sample": {"price": 0.16708, "volume": 9.0}}}
{"timestamp": "2025-12-02T08:51:29.473862+00:00", "level": "WARNING", "module": "logger", "funcName": "_log", "lineno": 188, "event_type": "streaming_indicator_engine.data_anomalies_detected", "data": {"symbol": "ARIA_USDT", "timestamp": 1762076462.309999, "anomalies": ["stale_timestamp: 1762076462.309999 vs 1764665489.4738626"], "data_sample": {"price": 0.16726, "volume": 10.0}}}
{"timestamp": "2025-12-02T08:51:29.489308+00:00", "level": "WARNING", "module": "logger", "funcName": "_log", "lineno": 188, "event_type": "streaming_indicator_engine.data_anomalies_detected", "data": {"symbol": "ARIA_USDT", "timestamp": 1762076476.308999, "anomalies": ["stale_timestamp: 1762076476.308999 vs 1764665489.489308"], "data_sample": {"price": 0.16745, "volume": 9.0}}}
{"timestamp": "2025-12-02T08:51:29.505411+00:00", "level": "WARNING", "module": "logger", "funcName": "_log", "lineno": 188, "event_type": "streaming_indicator_engine.data_anomalies_detected", "data": {"symbol": "ARIA_USDT", "timestamp": 1762076490.311, "anomalies": ["stale_timestamp: 1762076490.311 vs 1764665489.5054114"], "data_sample": {"price": 0.16766, "volume": 7.0}}}
{"timestamp": "2025-12-02T08:51:29.520963+00:00", "level": "WARNING", "module": "logger", "funcName": "_log", "lineno": 188, "event_type": "streaming_indicator_engine.data_anomalies_detected", "data": {"symbol": "ARIA_USDT", "timestamp": 1762076501.311, "anomalies": ["stale_timestamp: 1762076501.311 vs 1764665489.5209634"], "data_sample": {"price": 0.16763, "volume": 5.0}}}
{"timestamp": "2025-12-02T08:51:29.536486+00:00", "level": "WARNING", "module": "logger", "funcName": "_log", "lineno": 188, "event_type": "streaming_indicator_engine.data_anomalies_detected", "data": {"symbol": "ARIA_USDT", "timestamp": 1762076514.408999, "anomalies": ["stale_timestamp: 1762076514.408999 vs 1764665489.5364866"], "data_sample": {"price": 0.16766, "volume": 10.0}}}
{"timestamp": "2025-12-02T08:51:29.552422+00:00", "level": "WARNING", "module": "logger", "funcName": "_log", "lineno": 188, "event_type": "streaming_indicator_engine.data_anomalies_detected", "data": {"symbol": "ARIA_USDT", "timestamp": 1762076520.311, "anomalies": ["stale_timestamp: 1762076520.311 vs 1764665489.552423"], "data_sample": {"price": 0.1677, "volume": 9.0}}}
{"timestamp": "2025-12-02T08:51:29.568497+00:00", "level": "WARNING", "module": "logger", "funcName": "_log", "lineno": 188, "event_type": "streaming_indicator_engine.data_anomalies_detected", "data": {"symbol": "ARIA_USDT", "timestamp": 1762076531.311, "anomalies": ["stale_timestamp: 1762076531.311 vs 1764665489.5674849"], "data_sample": {"price": 0.16778, "volume": 10.0}}}
{"timestamp": "2025-12-02T08:51:29.573781+00:00", "level": "INFO", "module": "logger", "funcName": "_log", "lineno": 188, "event_type": "strategy_manager.indicator_update_received", "data": {"symbol": "ARIA_USDT", "indicator_name": "11b8be00-eed3-48fe-b359-df47b297226c_20", "indicator_type": "", "value": 0.003054622087231512, "active_strategies_for_symbol": true, "active_count": 3}}
{"timestamp": "2025-12-02T08:51:29.575781+00:00", "level": "WARNING", "module": "logger", "funcName": "_log", "lineno": 188, "event_type": "streaming_indicator_engine.data_anomalies_detected", "data": {"symbol": "ARIA_USDT", "timestamp": 1762076537.311, "anomalies": ["stale_timestamp: 1762076537.311 vs 1764665489.5757818"], "data_sample": {"price": 0.16777, "volume": 10.0}}}
{"timestamp": "2025-12-02T08:51:29.577803+00:00", "level": "WARNING", "module": "logger", "funcName": "_log", "lineno": 188, "event_type": "streaming_indicator_engine.data_anomalies_detected", "data": {"symbol": "ARIA_USDT", "timestamp": 1762076543.312, "anomalies": ["stale_timestamp: 1762076543.312 vs 1764665489.5767791"], "data_sample": {"price": 0.16765, "volume": 8.0}}}
{"timestamp": "2025-12-02T08:51:29.577803+00:00", "level": "WARNING", "module": "logger", "funcName": "_log", "lineno": 188, "event_type": "streaming_indicator_engine.data_anomalies_detected", "data": {"symbol": "ARIA_USDT", "timestamp": 1762076551.311, "anomalies": ["stale_timestamp: 1762076551.311 vs 1764665489.5778039"], "data_sample": {"price": 0.16776, "volume": 7.0}}}
{"timestamp": "2025-12-02T08:51:29.579308+00:00", "level": "WARNING", "module": "logger", "funcName": "_log", "lineno": 188, "event_type": "streaming_indicator_engine.data_anomalies_detected", "data": {"symbol": "ARIA_USDT", "timestamp": 1762076567.313999, "anomalies": ["stale_timestamp: 1762076567.313999 vs 1764665489.579308"], "data_sample": {"price": 0.16779, "volume": 4.0}}}
{"timestamp": "2025-12-02T08:51:29.580309+00:00", "level": "WARNING", "module": "logger", "funcName": "_log", "lineno": 188, "event_type": "streaming_indicator_engine.data_anomalies_detected", "data": {"symbol": "ARIA_USDT", "timestamp": 1762076582.312999, "anomalies": ["stale_timestamp: 1762076582.312999 vs 1764665489.579308"], "data_sample": {"price": 0.16774, "volume": 4.0}}}
{"timestamp": "2025-12-02T08:51:29.581335+00:00", "level": "INFO", "module": "logger", "funcName": "_log", "lineno": 188, "event_type": "strategy_manager.indicator_update_received", "data": {"symbol": "ARIA_USDT", "indicator_name": "11b8be00-eed3-48fe-b359-df47b297226c_20", "indicator_type": "", "value": 0.003054622087231512, "active_strategies_for_symbol": true, "active_count": 3}}
{"timestamp": "2025-12-02T08:51:29.582309+00:00", "level": "WARNING", "module": "logger", "funcName": "_log", "lineno": 188, "event_type": "streaming_indicator_engine.data_anomalies_detected", "data": {"symbol": "ARIA_USDT", "timestamp": 1762076595.309999, "anomalies": ["stale_timestamp: 1762076595.309999 vs 1764665489.5823095"], "data_sample": {"price": 0.16776, "volume": 10.0}}}
{"timestamp": "2025-12-02T08:51:29.583309+00:00", "level": "WARNING", "module": "logger", "funcName": "_log", "lineno": 188, "event_type": "streaming_indicator_engine.data_anomalies_detected", "data": {"symbol": "ARIA_USDT", "timestamp": 1762076606.309999, "anomalies": ["stale_timestamp: 1762076606.309999 vs 1764665489.5833092"], "data_sample": {"price": 0.16772, "volume": 9.0}}}
{"timestamp": "2025-12-02T08:51:29.586309+00:00", "level": "WARNING", "module": "logger", "funcName": "_log", "lineno": 188, "event_type": "streaming_indicator_engine.data_anomalies_detected", "data": {"symbol": "ARIA_USDT", "timestamp": 1762076620.309999, "anomalies": ["stale_timestamp: 1762076620.309999 vs 1764665489.5853107"], "data_sample": {"price": 0.16764, "volume": 5.0}}}
{"timestamp": "2025-12-02T08:51:29.587311+00:00", "level": "WARNING", "module": "logger", "funcName": "_log", "lineno": 188, "event_type": "streaming_indicator_engine.data_anomalies_detected", "data": {"symbol": "ARIA_USDT", "timestamp": 1762076628.311, "anomalies": ["stale_timestamp: 1762076628.311 vs 1764665489.587311"], "data_sample": {"price": 0.16761, "volume": 7.0}}}
{"timestamp": "2025-12-02T08:51:29.588814+00:00", "level": "WARNING", "module": "logger", "funcName": "_log", "lineno": 188, "event_type": "streaming_indicator_engine.data_anomalies_detected", "data": {"symbol": "ARIA_USDT", "timestamp": 1762076638.312999, "anomalies": ["stale_timestamp: 1762076638.312999 vs 1764665489.588814"], "data_sample": {"price": 0.16763, "volume": 10.0}}}
{"timestamp": "2025-12-02T08:51:29.589818+00:00", "level": "WARNING", "module": "logger", "funcName": "_log", "lineno": 188, "event_type": "streaming_indicator_engine.data_anomalies_detected", "data": {"symbol": "ARIA_USDT", "timestamp": 1762076647.309999, "anomalies": ["stale_timestamp: 1762076647.309999 vs 1764665489.589819"], "data_sample": {"price": 0.16762, "volume": 4.0}}}
{"timestamp": "2025-12-02T08:51:29.596834+00:00", "level": "WARNING", "module": "logger", "funcName": "_log", "lineno": 188, "event_type": "streaming_indicator_engine.data_anomalies_detected", "data": {"symbol": "ARIA_USDT", "timestamp": 1762076653.309999, "anomalies": ["stale_timestamp: 1762076653.309999 vs 1764665489.5968344"], "data_sample": {"price": 0.16761, "volume": 9.0}}}
{"timestamp": "2025-12-02T08:51:29.614620+00:00", "level": "WARNING", "module": "logger", "funcName": "_log", "lineno": 188, "event_type": "streaming_indicator_engine.data_anomalies_detected", "data": {"symbol": "ARIA_USDT", "timestamp": 1762076666.309999, "anomalies": ["stale_timestamp: 1762076666.309999 vs 1764665489.6146207"], "data_sample": {"price": 0.16763, "volume": 9.0}}}
{"timestamp": "2025-12-02T08:51:29.630300+00:00", "level": "WARNING", "module": "logger", "funcName": "_log", "lineno": 188, "event_type": "streaming_indicator_engine.data_anomalies_detected", "data": {"symbol": "ARIA_USDT", "timestamp": 1762076672.308999, "anomalies": ["stale_timestamp: 1762076672.308999 vs 1764665489.6303008"], "data_sample": {"price": 0.16762, "volume": 9.0}}}
{"timestamp": "2025-12-02T08:51:29.645131+00:00", "level": "WARNING", "module": "logger", "funcName": "_log", "lineno": 188, "event_type": "streaming_indicator_engine.data_anomalies_detected", "data": {"symbol": "ARIA_USDT", "timestamp": 1762076685.309999, "anomalies": ["stale_timestamp: 1762076685.309999 vs 1764665489.645131"], "data_sample": {"price": 0.16732, "volume": 9.0}}}
{"timestamp": "2025-12-02T08:51:29.660458+00:00", "level": "WARNING", "module": "logger", "funcName": "_log", "lineno": 188, "event_type": "streaming_indicator_engine.data_anomalies_detected", "data": {"symbol": "ARIA_USDT", "timestamp": 1762076699.311, "anomalies": ["stale_timestamp: 1762076699.311 vs 1764665489.660459"], "data_sample": {"price": 0.16737, "volume": 11.0}}}
{"timestamp": "2025-12-02T08:51:29.675164+00:00", "level": "WARNING", "module": "logger", "funcName": "_log", "lineno": 188, "event_type": "streaming_indicator_engine.data_anomalies_detected", "data": {"symbol": "ARIA_USDT", "timestamp": 1762076713.309999, "anomalies": ["stale_timestamp: 1762076713.309999 vs 1764665489.6751642"], "data_sample": {"price": 0.16735, "volume": 4.0}}}
{"timestamp": "2025-12-02T08:51:29.690323+00:00", "level": "WARNING", "module": "logger", "funcName": "_log", "lineno": 188, "event_type": "streaming_indicator_engine.data_anomalies_detected", "data": {"symbol": "ARIA_USDT", "timestamp": 1762076728.311, "anomalies": ["stale_timestamp: 1762076728.311 vs 1764665489.6903238"], "data_sample": {"price": 0.16739, "volume": 9.0}}}
{"timestamp": "2025-12-02T08:51:29.705711+00:00", "level": "WARNING", "module": "logger", "funcName": "_log", "lineno": 188, "event_type": "streaming_indicator_engine.data_anomalies_detected", "data": {"symbol": "ARIA_USDT", "timestamp": 1762076734.308999, "anomalies": ["stale_timestamp: 1762076734.308999 vs 1764665489.7057111"], "data_sample": {"price": 0.16744, "volume": 9.0}}}
{"timestamp": "2025-12-02T08:51:29.721512+00:00", "level": "WARNING", "module": "logger", "funcName": "_log", "lineno": 188, "event_type": "streaming_indicator_engine.data_anomalies_detected", "data": {"symbol": "ARIA_USDT", "timestamp": 1762076750.309999, "anomalies": ["stale_timestamp: 1762076750.309999 vs 1764665489.721512"], "data_sample": {"price": 0.16747, "volume": 10.0}}}
{"timestamp": "2025-12-02T08:51:29.736411+00:00", "level": "WARNING", "module": "logger", "funcName": "_log", "lineno": 188, "event_type": "streaming_indicator_engine.data_anomalies_detected", "data": {"symbol": "ARIA_USDT", "timestamp": 1762076759.311, "anomalies": ["stale_timestamp: 1762076759.311 vs 1764665489.736411"], "data_sample": {"price": 0.16746, "volume": 10.0}}}
{"timestamp": "2025-12-02T08:51:29.753568+00:00", "level": "WARNING", "module": "logger", "funcName": "_log", "lineno": 188, "event_type": "streaming_indicator_engine.data_anomalies_detected", "data": {"symbol": "ARIA_USDT", "timestamp": 1762076767.309999, "anomalies": ["stale_timestamp: 1762076767.309999 vs 1764665489.7535682"], "data_sample": {"price": 0.16742, "volume": 8.0}}}
{"timestamp": "2025-12-02T08:51:29.767817+00:00", "level": "WARNING", "module": "logger", "funcName": "_log", "lineno": 188, "event_type": "streaming_indicator_engine.data_anomalies_detected", "data": {"symbol": "ARIA_USDT", "timestamp": 1762076783.312, "anomalies": ["stale_timestamp: 1762076783.312 vs 1764665489.766998"], "data_sample": {"price": 0.16745, "volume": 8.0}}}
{"timestamp": "2025-12-02T08:51:29.782862+00:00", "level": "WARNING", "module": "logger", "funcName": "_log", "lineno": 188, "event_type": "streaming_indicator_engine.data_anomalies_detected", "data": {"symbol": "ARIA_USDT", "timestamp": 1762076789.309999, "anomalies": ["stale_timestamp: 1762076789.309999 vs 1764665489.782863"], "data_sample": {"price": 0.16755, "volume": 9.0}}}
{"timestamp": "2025-12-02T08:51:29.798216+00:00", "level": "WARNING", "module": "logger", "funcName": "_log", "lineno": 188, "event_type": "streaming_indicator_engine.data_anomalies_detected", "data": {"symbol": "ARIA_USDT", "timestamp": 1762076803.311, "anomalies": ["stale_timestamp: 1762076803.311 vs 1764665489.7982163"], "data_sample": {"price": 0.16758, "volume": 10.0}}}
{"timestamp": "2025-12-02T08:51:29.813961+00:00", "level": "WARNING", "module": "logger", "funcName": "_log", "lineno": 188, "event_type": "streaming_indicator_engine.data_anomalies_detected", "data": {"symbol": "ARIA_USDT", "timestamp": 1762076816.308999, "anomalies": ["stale_timestamp: 1762076816.308999 vs 1764665489.813962"], "data_sample": {"price": 0.16762, "volume": 9.0}}}
{"timestamp": "2025-12-02T08:51:29.828597+00:00", "level": "WARNING", "module": "logger", "funcName": "_log", "lineno": 188, "event_type": "streaming_indicator_engine.data_anomalies_detected", "data": {"symbol": "ARIA_USDT", "timestamp": 1762076825.312999, "anomalies": ["stale_timestamp: 1762076825.312999 vs 1764665489.8285973"], "data_sample": {"price": 0.16751, "volume": 10.0}}}
{"timestamp": "2025-12-02T08:51:29.844171+00:00", "level": "WARNING", "module": "logger", "funcName": "_log", "lineno": 188, "event_type": "streaming_indicator_engine.data_anomalies_detected", "data": {"symbol": "ARIA_USDT", "timestamp": 1762076831.316999, "anomalies": ["stale_timestamp: 1762076831.316999 vs 1764665489.8441718"], "data_sample": {"price": 0.1674, "volume": 6.0}}}
{"timestamp": "2025-12-02T08:51:29.859824+00:00", "level": "WARNING", "module": "logger", "funcName": "_log", "lineno": 188, "event_type": "streaming_indicator_engine.data_anomalies_detected", "data": {"symbol": "ARIA_USDT", "timestamp": 1762076839.311, "anomalies": ["stale_timestamp: 1762076839.311 vs 1764665489.8598244"], "data_sample": {"price": 0.16741, "volume": 8.0}}}
{"timestamp": "2025-12-02T08:51:29.874620+00:00", "level": "WARNING", "module": "logger", "funcName": "_log", "lineno": 188, "event_type": "streaming_indicator_engine.data_anomalies_detected", "data": {"symbol": "ARIA_USDT", "timestamp": 1762076846.312, "anomalies": ["stale_timestamp: 1762076846.312 vs 1764665489.8746202"], "data_sample": {"price": 0.1674, "volume": 6.0}}}
{"timestamp": "2025-12-02T08:51:29.889650+00:00", "level": "WARNING", "module": "logger", "funcName": "_log", "lineno": 188, "event_type": "streaming_indicator_engine.data_anomalies_detected", "data": {"symbol": "ARIA_USDT", "timestamp": 1762076859.309999, "anomalies": ["stale_timestamp: 1762076859.309999 vs 1764665489.8896506"], "data_sample": {"price": 0.16723, "volume": 5.0}}}
{"timestamp": "2025-12-02T08:51:29.905596+00:00", "level": "WARNING", "module": "logger", "funcName": "_log", "lineno": 188, "event_type": "streaming_indicator_engine.data_anomalies_detected", "data": {"symbol": "ARIA_USDT", "timestamp": 1762076870.309999, "anomalies": ["stale_timestamp: 1762076870.309999 vs 1764665489.9055963"], "data_sample": {"price": 0.16724, "volume": 9.0}}}
{"timestamp": "2025-12-02T08:51:29.920660+00:00", "level": "WARNING", "module": "logger", "funcName": "_log", "lineno": 188, "event_type": "streaming_indicator_engine.data_anomalies_detected", "data": {"symbol": "ARIA_USDT", "timestamp": 1762076878.309999, "anomalies": ["stale_timestamp: 1762076878.309999 vs 1764665489.9206603"], "data_sample": {"price": 0.16731, "volume": 4.0}}}
{"timestamp": "2025-12-02T08:51:29.937708+00:00", "level": "WARNING", "module": "logger", "funcName": "_log", "lineno": 188, "event_type": "streaming_indicator_engine.data_anomalies_detected", "data": {"symbol": "ARIA_USDT", "timestamp": 1762076892.311, "anomalies": ["stale_timestamp: 1762076892.311 vs 1764665489.936711"], "data_sample": {"price": 0.16728, "volume": 9.0}}}
{"timestamp": "2025-12-02T08:51:29.970767+00:00", "level": "WARNING", "module": "logger", "funcName": "_log", "lineno": 188, "event_type": "streaming_indicator_engine.data_anomalies_detected", "data": {"symbol": "ARIA_USDT", "timestamp": 1762076900.309999, "anomalies": ["stale_timestamp: 1762076900.309999 vs 1764665489.969757"], "data_sample": {"price": 0.16731, "volume": 7.0}}}
{"timestamp": "2025-12-02T08:51:29.983948+00:00", "level": "WARNING", "module": "logger", "funcName": "_log", "lineno": 188, "event_type": "streaming_indicator_engine.data_anomalies_detected", "data": {"symbol": "ARIA_USDT", "timestamp": 1762076915.308999, "anomalies": ["stale_timestamp: 1762076915.308999 vs 1764665489.9839487"], "data_sample": {"price": 0.16729, "volume": 4.0}}}
{"timestamp": "2025-12-02T08:51:29.999800+00:00", "level": "WARNING", "module": "logger", "funcName": "_log", "lineno": 188, "event_type": "streaming_indicator_engine.data_anomalies_detected", "data": {"symbol": "ARIA_USDT", "timestamp": 1762076929.309999, "anomalies": ["stale_timestamp: 1762076929.309999 vs 1764665489.9998002"], "data_sample": {"price": 0.16725, "volume": 11.0}}}
{"timestamp": "2025-12-02T08:51:30.015444+00:00", "level": "WARNING", "module": "logger", "funcName": "_log", "lineno": 188, "event_type": "streaming_indicator_engine.data_anomalies_detected", "data": {"symbol": "ARIA_USDT", "timestamp": 1762076940.312999, "anomalies": ["stale_timestamp: 1762076940.312999 vs 1764665490.0154443"], "data_sample": {"price": 0.16733, "volume": 8.0}}}
{"timestamp": "2025-12-02T08:51:30.030599+00:00", "level": "WARNING", "module": "logger", "funcName": "_log", "lineno": 188, "event_type": "streaming_indicator_engine.data_anomalies_detected", "data": {"symbol": "ARIA_USDT", "timestamp": 1762076949.324999, "anomalies": ["stale_timestamp: 1762076949.324999 vs 1764665490.0305996"], "data_sample": {"price": 0.1673, "volume": 8.0}}}
{"timestamp": "2025-12-02T08:51:30.048684+00:00", "level": "WARNING", "module": "logger", "funcName": "_log", "lineno": 188, "event_type": "streaming_indicator_engine.data_anomalies_detected", "data": {"symbol": "ARIA_USDT", "timestamp": 1762076965.316, "anomalies": ["stale_timestamp: 1762076965.316 vs 1764665490.047679"], "data_sample": {"price": 0.16729, "volume": 4.0}}}
{"timestamp": "2025-12-02T08:51:30.062501+00:00", "level": "WARNING", "module": "logger", "funcName": "_log", "lineno": 188, "event_type": "streaming_indicator_engine.data_anomalies_detected", "data": {"symbol": "ARIA_USDT", "timestamp": 1762076978.312, "anomalies": ["stale_timestamp: 1762076978.312 vs 1764665490.0625017"], "data_sample": {"price": 0.1673, "volume": 9.0}}}
{"timestamp": "2025-12-02T08:51:30.063504+00:00", "level": "WARNING", "module": "logger", "funcName": "_log", "lineno": 188, "event_type": "streaming_indicator_engine.data_anomalies_detected", "data": {"symbol": "ARIA_USDT", "timestamp": 1762076990.315, "anomalies": ["stale_timestamp: 1762076990.315 vs 1764665490.0635045"], "data_sample": {"price": 0.16733, "volume": 10.0}}}
{"timestamp": "2025-12-02T08:51:30.077464+00:00", "level": "WARNING", "module": "logger", "funcName": "_log", "lineno": 188, "event_type": "streaming_indicator_engine.data_anomalies_detected", "data": {"symbol": "ARIA_USDT", "timestamp": 1762076997.315, "anomalies": ["stale_timestamp: 1762076997.315 vs 1764665490.0774646"], "data_sample": {"price": 0.16726, "volume": 12.0}}}
{"timestamp": "2025-12-02T08:51:30.093013+00:00", "level": "WARNING", "module": "logger", "funcName": "_log", "lineno": 188, "event_type": "streaming_indicator_engine.data_anomalies_detected", "data": {"symbol": "ARIA_USDT", "timestamp": 1762077007.309999, "anomalies": ["stale_timestamp: 1762077007.309999 vs 1764665490.0930133"], "data_sample": {"price": 0.16719, "volume": 4.0}}}
{"timestamp": "2025-12-02T08:51:30.109063+00:00", "level": "WARNING", "module": "logger", "funcName": "_log", "lineno": 188, "event_type": "streaming_indicator_engine.data_anomalies_detected", "data": {"symbol": "ARIA_USDT", "timestamp": 1762077018.309999, "anomalies": ["stale_timestamp: 1762077018.309999 vs 1764665490.1085584"], "data_sample": {"price": 0.16722, "volume": 8.0}}}
{"timestamp": "2025-12-02T08:51:30.125646+00:00", "level": "WARNING", "module": "logger", "funcName": "_log", "lineno": 188, "event_type": "streaming_indicator_engine.data_anomalies_detected", "data": {"symbol": "ARIA_USDT", "timestamp": 1762077025.309999, "anomalies": ["stale_timestamp: 1762077025.309999 vs 1764665490.124647"], "data_sample": {"price": 0.16726, "volume": 5.0}}}
{"timestamp": "2025-12-02T08:51:30.140673+00:00", "level": "WARNING", "module": "logger", "funcName": "_log", "lineno": 188, "event_type": "streaming_indicator_engine.data_anomalies_detected", "data": {"symbol": "ARIA_USDT", "timestamp": 1762077033.311, "anomalies": ["stale_timestamp: 1762077033.311 vs 1764665490.1406739"], "data_sample": {"price": 0.16725, "volume": 4.0}}}
{"timestamp": "2025-12-02T08:51:30.156352+00:00", "level": "WARNING", "module": "logger", "funcName": "_log", "lineno": 188, "event_type": "streaming_indicator_engine.data_anomalies_detected", "data": {"symbol": "ARIA_USDT", "timestamp": 1762077042.309999, "anomalies": ["stale_timestamp: 1762077042.309999 vs 1764665490.156352"], "data_sample": {"price": 0.16724, "volume": 4.0}}}
{"timestamp": "2025-12-02T08:51:30.171956+00:00", "level": "WARNING", "module": "logger", "funcName": "_log", "lineno": 188, "event_type": "streaming_indicator_engine.data_anomalies_detected", "data": {"symbol": "ARIA_USDT", "timestamp": 1762077051.309999, "anomalies": ["stale_timestamp: 1762077051.309999 vs 1764665490.1719565"], "data_sample": {"price": 0.16725, "volume": 4.0}}}
{"timestamp": "2025-12-02T08:51:30.187207+00:00", "level": "WARNING", "module": "logger", "funcName": "_log", "lineno": 188, "event_type": "streaming_indicator_engine.data_anomalies_detected", "data": {"symbol": "ARIA_USDT", "timestamp": 1762077057.312999, "anomalies": ["stale_timestamp: 1762077057.312999 vs 1764665490.1872075"], "data_sample": {"price": 0.16726, "volume": 3.0}}}
{"timestamp": "2025-12-02T08:51:30.203809+00:00", "level": "WARNING", "module": "logger", "funcName": "_log", "lineno": 188, "event_type": "streaming_indicator_engine.data_anomalies_detected", "data": {"symbol": "ARIA_USDT", "timestamp": 1762077067.316999, "anomalies": ["stale_timestamp: 1762077067.316999 vs 1764665490.2038095"], "data_sample": {"price": 0.16725, "volume": 8.0}}}
{"timestamp": "2025-12-02T08:51:30.220842+00:00", "level": "WARNING", "module": "logger", "funcName": "_log", "lineno": 188, "event_type": "streaming_indicator_engine.data_anomalies_detected", "data": {"symbol": "ARIA_USDT", "timestamp": 1762077081.308, "anomalies": ["stale_timestamp: 1762077081.308 vs 1764665490.220843"], "data_sample": {"price": 0.16714, "volume": 6.0}}}
{"timestamp": "2025-12-02T08:51:30.237374+00:00", "level": "WARNING", "module": "logger", "funcName": "_log", "lineno": 188, "event_type": "streaming_indicator_engine.data_anomalies_detected", "data": {"symbol": "ARIA_USDT", "timestamp": 1762077089.311, "anomalies": ["stale_timestamp: 1762077089.311 vs 1764665490.2373743"], "data_sample": {"price": 0.16711, "volume": 4.0}}}
{"timestamp": "2025-12-02T08:51:30.264319+00:00", "level": "WARNING", "module": "logger", "funcName": "_log", "lineno": 188, "event_type": "streaming_indicator_engine.data_anomalies_detected", "data": {"symbol": "ARIA_USDT", "timestamp": 1762077098.311, "anomalies": ["stale_timestamp: 1762077098.311 vs 1764665490.2643194"], "data_sample": {"price": 0.16702, "volume": 4.0}}}
{"timestamp": "2025-12-02T08:51:30.279342+00:00", "level": "WARNING", "module": "logger", "funcName": "_log", "lineno": 188, "event_type": "streaming_indicator_engine.data_anomalies_detected", "data": {"symbol": "ARIA_USDT", "timestamp": 1762077107.335, "anomalies": ["stale_timestamp: 1762077107.335 vs 1764665490.2793422"], "data_sample": {"price": 0.167, "volume": 26.0}}}
{"timestamp": "2025-12-02T08:51:30.295402+00:00", "level": "WARNING", "module": "logger", "funcName": "_log", "lineno": 188, "event_type": "streaming_indicator_engine.data_anomalies_detected", "data": {"symbol": "ARIA_USDT", "timestamp": 1762077121.309999, "anomalies": ["stale_timestamp: 1762077121.309999 vs 1764665490.2954028"], "data_sample": {"price": 0.16704, "volume": 8.0}}}
{"timestamp": "2025-12-02T08:51:30.310810+00:00", "level": "WARNING", "module": "logger", "funcName": "_log", "lineno": 188, "event_type": "streaming_indicator_engine.data_anomalies_detected", "data": {"symbol": "ARIA_USDT", "timestamp": 1762077123.420999, "anomalies": ["stale_timestamp: 1762077123.420999 vs 1764665490.31081"], "data_sample": {"price": 0.167, "volume": 59.0}}}
{"timestamp": "2025-12-02T08:51:30.325637+00:00", "level": "WARNING", "module": "logger", "funcName": "_log", "lineno": 188, "event_type": "streaming_indicator_engine.data_anomalies_detected", "data": {"symbol": "ARIA_USDT", "timestamp": 1762077139.311, "anomalies": ["stale_timestamp: 1762077139.311 vs 1764665490.3256378"], "data_sample": {"price": 0.16703, "volume": 5.0}}}
{"timestamp": "2025-12-02T08:51:30.341110+00:00", "level": "WARNING", "module": "logger", "funcName": "_log", "lineno": 188, "event_type": "streaming_indicator_engine.data_anomalies_detected", "data": {"symbol": "ARIA_USDT", "timestamp": 1762077152.308999, "anomalies": ["stale_timestamp: 1762077152.308999 vs 1764665490.34111"], "data_sample": {"price": 0.16708, "volume": 9.0}}}
{"timestamp": "2025-12-02T08:51:30.356777+00:00", "level": "WARNING", "module": "logger", "funcName": "_log", "lineno": 188, "event_type": "streaming_indicator_engine.data_anomalies_detected", "data": {"symbol": "ARIA_USDT", "timestamp": 1762077163.309999, "anomalies": ["stale_timestamp: 1762077163.309999 vs 1764665490.3567772"], "data_sample": {"price": 0.16713, "volume": 11.0}}}
{"timestamp": "2025-12-02T08:51:30.372085+00:00", "level": "WARNING", "module": "logger", "funcName": "_log", "lineno": 188, "event_type": "streaming_indicator_engine.data_anomalies_detected", "data": {"symbol": "ARIA_USDT", "timestamp": 1762077172.309999, "anomalies": ["stale_timestamp: 1762077172.309999 vs 1764665490.3720853"], "data_sample": {"price": 0.16706, "volume": 12.0}}}
{"timestamp": "2025-12-02T08:51:30.387248+00:00", "level": "WARNING", "module": "logger", "funcName": "_log", "lineno": 188, "event_type": "streaming_indicator_engine.data_anomalies_detected", "data": {"symbol": "ARIA_USDT", "timestamp": 1762077187.312999, "anomalies": ["stale_timestamp: 1762077187.312999 vs 1764665490.3872488"], "data_sample": {"price": 0.16705, "volume": 4.0}}}
{"timestamp": "2025-12-02T08:51:30.401908+00:00", "level": "WARNING", "module": "logger", "funcName": "_log", "lineno": 188, "event_type": "streaming_indicator_engine.data_anomalies_detected", "data": {"symbol": "ARIA_USDT", "timestamp": 1762077203.309999, "anomalies": ["stale_timestamp: 1762077203.309999 vs 1764665490.4019084"], "data_sample": {"price": 0.16703, "volume": 6.0}}}
{"timestamp": "2025-12-02T08:51:30.417117+00:00", "level": "WARNING", "module": "logger", "funcName": "_log", "lineno": 188, "event_type": "streaming_indicator_engine.data_anomalies_detected", "data": {"symbol": "ARIA_USDT", "timestamp": 1762077211.312, "anomalies": ["stale_timestamp: 1762077211.312 vs 1764665490.4171176"], "data_sample": {"price": 0.16707, "volume": 9.0}}}
{"timestamp": "2025-12-02T08:51:30.432163+00:00", "level": "WARNING", "module": "logger", "funcName": "_log", "lineno": 188, "event_type": "streaming_indicator_engine.data_anomalies_detected", "data": {"symbol": "ARIA_USDT", "timestamp": 1762077227.312999, "anomalies": ["stale_timestamp: 1762077227.312999 vs 1764665490.432163"], "data_sample": {"price": 0.16704, "volume": 4.0}}}
{"timestamp": "2025-12-02T08:51:30.447715+00:00", "level": "WARNING", "module": "logger", "funcName": "_log", "lineno": 188, "event_type": "streaming_indicator_engine.data_anomalies_detected", "data": {"symbol": "ARIA_USDT", "timestamp": 1762077234.308999, "anomalies": ["stale_timestamp: 1762077234.308999 vs 1764665490.4477155"], "data_sample": {"price": 0.16708, "volume": 8.0}}}
{"timestamp": "2025-12-02T08:51:30.462563+00:00", "level": "WARNING", "module": "logger", "funcName": "_log", "lineno": 188, "event_type": "streaming_indicator_engine.data_anomalies_detected", "data": {"symbol": "ARIA_USDT", "timestamp": 1762077247.312999, "anomalies": ["stale_timestamp: 1762077247.312999 vs 1764665490.4625633"], "data_sample": {"price": 0.16705, "volume": 7.0}}}
{"timestamp": "2025-12-02T08:51:30.478572+00:00", "level": "WARNING", "module": "logger", "funcName": "_log", "lineno": 188, "event_type": "streaming_indicator_engine.data_anomalies_detected", "data": {"symbol": "ARIA_USDT", "timestamp": 1762077263.309999, "anomalies": ["stale_timestamp: 1762077263.309999 vs 1764665490.4785728"], "data_sample": {"price": 0.16704, "volume": 7.0}}}
{"timestamp": "2025-12-02T08:51:30.494481+00:00", "level": "WARNING", "module": "logger", "funcName": "_log", "lineno": 188, "event_type": "streaming_indicator_engine.data_anomalies_detected", "data": {"symbol": "ARIA_USDT", "timestamp": 1762077274.309999, "anomalies": ["stale_timestamp: 1762077274.309999 vs 1764665490.4944816"], "data_sample": {"price": 0.16709, "volume": 4.0}}}
{"timestamp": "2025-12-02T08:51:30.509950+00:00", "level": "WARNING", "module": "logger", "funcName": "_log", "lineno": 188, "event_type": "streaming_indicator_engine.data_anomalies_detected", "data": {"symbol": "ARIA_USDT", "timestamp": 1762077281.311, "anomalies": ["stale_timestamp: 1762077281.311 vs 1764665490.5099502"], "data_sample": {"price": 0.16713, "volume": 12.0}}}
{"timestamp": "2025-12-02T08:51:30.526020+00:00", "level": "WARNING", "module": "logger", "funcName": "_log", "lineno": 188, "event_type": "streaming_indicator_engine.data_anomalies_detected", "data": {"symbol": "ARIA_USDT", "timestamp": 1762077290.312, "anomalies": ["stale_timestamp: 1762077290.312 vs 1764665490.52602"], "data_sample": {"price": 0.16709, "volume": 8.0}}}
{"timestamp": "2025-12-02T08:51:30.541542+00:00", "level": "WARNING", "module": "logger", "funcName": "_log", "lineno": 188, "event_type": "streaming_indicator_engine.data_anomalies_detected", "data": {"symbol": "ARIA_USDT", "timestamp": 1762077299.312, "anomalies": ["stale_timestamp: 1762077299.312 vs 1764665490.5415428"], "data_sample": {"price": 0.16706, "volume": 8.0}}}
{"timestamp": "2025-12-02T08:51:30.543540+00:00", "level": "INFO", "module": "logger", "funcName": "_log", "lineno": 188, "event_type": "strategy_manager.indicator_update_received", "data": {"symbol": "ARIA_USDT", "indicator_name": "611fad91-045d-408b-8822-f43428935033_20", "indicator_type": "", "value": 0.000568666614284629, "active_strategies_for_symbol": true, "active_count": 3}}
{"timestamp": "2025-12-02T08:51:30.544543+00:00", "level": "WARNING", "module": "logger", "funcName": "_log", "lineno": 188, "event_type": "streaming_indicator_engine.data_anomalies_detected", "data": {"symbol": "ARIA_USDT", "timestamp": 1762077309.309999, "anomalies": ["stale_timestamp: 1762077309.309999 vs 1764665490.544543"], "data_sample": {"price": 0.16705, "volume": 6.0}}}
{"timestamp": "2025-12-02T08:51:30.544543+00:00", "level": "WARNING", "module": "logger", "funcName": "_log", "lineno": 188, "event_type": "streaming_indicator_engine.data_anomalies_detected", "data": {"symbol": "ARIA_USDT", "timestamp": 1762077318.312, "anomalies": ["stale_timestamp: 1762077318.312 vs 1764665490.544543"], "data_sample": {"price": 0.16706, "volume": 9.0}}}
{"timestamp": "2025-12-02T08:51:30.546049+00:00", "level": "WARNING", "module": "logger", "funcName": "_log", "lineno": 188, "event_type": "streaming_indicator_engine.data_anomalies_detected", "data": {"symbol": "ARIA_USDT", "timestamp": 1762077324.309999, "anomalies": ["stale_timestamp: 1762077324.309999 vs 1764665490.5460498"], "data_sample": {"price": 0.1671, "volume": 5.0}}}
{"timestamp": "2025-12-02T08:51:30.547072+00:00", "level": "WARNING", "module": "logger", "funcName": "_log", "lineno": 188, "event_type": "streaming_indicator_engine.data_anomalies_detected", "data": {"symbol": "ARIA_USDT", "timestamp": 1762077335.309999, "anomalies": ["stale_timestamp: 1762077335.309999 vs 1764665490.5470722"], "data_sample": {"price": 0.16709, "volume": 4.0}}}
{"timestamp": "2025-12-02T08:51:30.548581+00:00", "level": "WARNING", "module": "logger", "funcName": "_log", "lineno": 188, "event_type": "streaming_indicator_engine.data_anomalies_detected", "data": {"symbol": "ARIA_USDT", "timestamp": 1762077351.309999, "anomalies": ["stale_timestamp: 1762077351.309999 vs 1764665490.5485818"], "data_sample": {"price": 0.1671, "volume": 3.0}}}
{"timestamp": "2025-12-02T08:51:30.548581+00:00", "level": "INFO", "module": "logger", "funcName": "_log", "lineno": 188, "event_type": "strategy_manager.indicator_update_received", "data": {"symbol": "ARIA_USDT", "indicator_name": "611fad91-045d-408b-8822-f43428935033_20", "indicator_type": "", "value": 0.000568666614284629, "active_strategies_for_symbol": true, "active_count": 3}}
{"timestamp": "2025-12-02T08:51:30.549595+00:00", "level": "WARNING", "module": "logger", "funcName": "_log", "lineno": 188, "event_type": "streaming_indicator_engine.data_anomalies_detected", "data": {"symbol": "ARIA_USDT", "timestamp": 1762077362.309999, "anomalies": ["stale_timestamp: 1762077362.309999 vs 1764665490.5495954"], "data_sample": {"price": 0.16716, "volume": 5.0}}}
{"timestamp": "2025-12-02T08:51:30.549595+00:00", "level": "WARNING", "module": "logger", "funcName": "_log", "lineno": 188, "event_type": "streaming_indicator_engine.data_anomalies_detected", "data": {"symbol": "ARIA_USDT", "timestamp": 1762077376.309999, "anomalies": ["stale_timestamp: 1762077376.309999 vs 1764665490.5495954"], "data_sample": {"price": 0.16724, "volume": 11.0}}}
{"timestamp": "2025-12-02T08:51:30.550590+00:00", "level": "WARNING", "module": "logger", "funcName": "_log", "lineno": 188, "event_type": "streaming_indicator_engine.data_anomalies_detected", "data": {"symbol": "ARIA_USDT", "timestamp": 1762077387.309999, "anomalies": ["stale_timestamp: 1762077387.309999 vs 1764665490.5505905"], "data_sample": {"price": 0.16726, "volume": 11.0}}}
{"timestamp": "2025-12-02T08:51:30.551592+00:00", "level": "WARNING", "module": "logger", "funcName": "_log", "lineno": 188, "event_type": "streaming_indicator_engine.data_anomalies_detected", "data": {"symbol": "ARIA_USDT", "timestamp": 1762077395.309999, "anomalies": ["stale_timestamp: 1762077395.309999 vs 1764665490.5505905"], "data_sample": {"price": 0.16728, "volume": 3.0}}}
{"timestamp": "2025-12-02T08:51:30.552589+00:00", "level": "WARNING", "module": "logger", "funcName": "_log", "lineno": 188, "event_type": "streaming_indicator_engine.data_anomalies_detected", "data": {"symbol": "ARIA_USDT", "timestamp": 1762077402.309999, "anomalies": ["stale_timestamp: 1762077402.309999 vs 1764665490.551592"], "data_sample": {"price": 0.1673, "volume": 10.0}}}
{"timestamp": "2025-12-02T08:51:30.553746+00:00", "level": "WARNING", "module": "logger", "funcName": "_log", "lineno": 188, "event_type": "streaming_indicator_engine.data_anomalies_detected", "data": {"symbol": "ARIA_USDT", "timestamp": 1762077412.311, "anomalies": ["stale_timestamp: 1762077412.311 vs 1764665490.55259"], "data_sample": {"price": 0.16729, "volume": 7.0}}}
{"timestamp": "2025-12-02T08:51:30.556779+00:00", "level": "INFO", "module": "logger", "funcName": "_log", "lineno": 188, "event_type": "strategy_manager.indicator_update_received", "data": {"symbol": "ARIA_USDT", "indicator_name": "5fc82998-9270-4b44-8312-f74ddd20a93d_20", "indicator_type": "", "value": 43.80705653773989, "active_strategies_for_symbol": true, "active_count": 3}}
{"timestamp": "2025-12-02T08:51:30.558517+00:00", "level": "WARNING", "module": "logger", "funcName": "_log", "lineno": 188, "event_type": "streaming_indicator_engine.data_anomalies_detected", "data": {"symbol": "ARIA_USDT", "timestamp": 1762077421.309999, "anomalies": ["stale_timestamp: 1762077421.309999 vs 1764665490.558517"], "data_sample": {"price": 0.16727, "volume": 4.0}}}
{"timestamp": "2025-12-02T08:51:30.559946+00:00", "level": "INFO", "module": "logger", "funcName": "_log", "lineno": 188, "event_type": "strategy_manager.indicator_update_received", "data": {"symbol": "ARIA_USDT", "indicator_name": "5fc82998-9270-4b44-8312-f74ddd20a93d_20", "indicator_type": "", "value": 43.80705653773989, "active_strategies_for_symbol": true, "active_count": 3}}
{"timestamp": "2025-12-02T08:51:30.563098+00:00", "level": "INFO", "module": "logger", "funcName": "_log", "lineno": 188, "event_type": "strategy_manager.indicator_update_received", "data": {"symbol": "ARIA_USDT", "indicator_name": "790d8eed-dc95-43ff-b625-1205d256154b_20", "indicator_type": "", "value": 0.0013506874143189638, "active_strategies_for_symbol": true, "active_count": 3}}
{"timestamp": "2025-12-02T08:51:30.565094+00:00", "level": "WARNING", "module": "logger", "funcName": "_log", "lineno": 188, "event_type": "streaming_indicator_engine.data_anomalies_detected", "data": {"symbol": "ARIA_USDT", "timestamp": 1762076372.312999, "anomalies": ["stale_timestamp: 1762076372.312999 vs 1764665490.5650945"], "data_sample": {"price": 0.1671, "volume": 3.0}}}
{"timestamp": "2025-12-02T08:51:30.566094+00:00", "level": "INFO", "module": "logger", "funcName": "_log", "lineno": 188, "event_type": "strategy_manager.indicator_update_received", "data": {"symbol": "ARIA_USDT", "indicator_name": "790d8eed-dc95-43ff-b625-1205d256154b_20", "indicator_type": "", "value": 0.0013506874143189638, "active_strategies_for_symbol": true, "active_count": 3}}
{"timestamp": "2025-12-02T08:51:30.567104+00:00", "level": "WARNING", "module": "logger", "funcName": "_log", "lineno": 188, "event_type": "streaming_indicator_engine.data_anomalies_detected", "data": {"symbol": "ARIA_USDT", "timestamp": 1762076381.309999, "anomalies": ["stale_timestamp: 1762076381.309999 vs 1764665490.5671048"], "data_sample": {"price": 0.16715, "volume": 8.0}}}
{"timestamp": "2025-12-02T08:51:30.567104+00:00", "level": "WARNING", "module": "logger", "funcName": "_log", "lineno": 188, "event_type": "streaming_indicator_engine.data_anomalies_detected", "data": {"symbol": "ARIA_USDT", "timestamp": 1762076388.311, "anomalies": ["stale_timestamp: 1762076388.311 vs 1764665490.5671048"], "data_sample": {"price": 0.16714, "volume": 9.0}}}
{"timestamp": "2025-12-02T08:51:30.569634+00:00", "level": "WARNING", "module": "logger", "funcName": "_log", "lineno": 188, "event_type": "streaming_indicator_engine.data_anomalies_detected", "data": {"symbol": "ARIA_USDT", "timestamp": 1762076401.309999, "anomalies": ["stale_timestamp: 1762076401.309999 vs 1764665490.5696347"], "data_sample": {"price": 0.16717, "volume": 7.0}}}
{"timestamp": "2025-12-02T08:51:30.571635+00:00", "level": "WARNING", "module": "logger", "funcName": "_log", "lineno": 188, "event_type": "streaming_indicator_engine.data_anomalies_detected", "data": {"symbol": "ARIA_USDT", "timestamp": 1762076408.312, "anomalies": ["stale_timestamp: 1762076408.312 vs 1764665490.5706546"], "data_sample": {"price": 0.16713, "volume": 3.0}}}
{"timestamp": "2025-12-02T08:51:30.572751+00:00", "level": "WARNING", "module": "logger", "funcName": "_log", "lineno": 188, "event_type": "streaming_indicator_engine.data_anomalies_detected", "data": {"symbol": "ARIA_USDT", "timestamp": 1762076417.311, "anomalies": ["stale_timestamp: 1762076417.311 vs 1764665490.5727513"], "data_sample": {"price": 0.16708, "volume": 3.0}}}
{"timestamp": "2025-12-02T08:51:30.572751+00:00", "level": "WARNING", "module": "logger", "funcName": "_log", "lineno": 188, "event_type": "streaming_indicator_engine.data_anomalies_detected", "data": {"symbol": "ARIA_USDT", "timestamp": 1762076427.308999, "anomalies": ["stale_timestamp: 1762076427.308999 vs 1764665490.5727513"], "data_sample": {"price": 0.16707, "volume": 12.0}}}
{"timestamp": "2025-12-02T08:51:30.573758+00:00", "level": "WARNING", "module": "logger", "funcName": "_log", "lineno": 188, "event_type": "streaming_indicator_engine.data_anomalies_detected", "data": {"symbol": "ARIA_USDT", "timestamp": 1762076435.309999, "anomalies": ["stale_timestamp: 1762076435.309999 vs 1764665490.573759"], "data_sample": {"price": 0.1671, "volume": 4.0}}}
{"timestamp": "2025-12-02T08:51:30.589289+00:00", "level": "WARNING", "module": "logger", "funcName": "_log", "lineno": 188, "event_type": "streaming_indicator_engine.data_anomalies_detected", "data": {"symbol": "ARIA_USDT", "timestamp": 1762076447.309999, "anomalies": ["stale_timestamp: 1762076447.309999 vs 1764665490.5887842"], "data_sample": {"price": 0.16708, "volume": 9.0}}}
{"timestamp": "2025-12-02T08:51:30.603000+00:00", "level": "WARNING", "module": "logger", "funcName": "_log", "lineno": 188, "event_type": "streaming_indicator_engine.data_anomalies_detected", "data": {"symbol": "ARIA_USDT", "timestamp": 1762076462.309999, "anomalies": ["stale_timestamp: 1762076462.309999 vs 1764665490.6020005"], "data_sample": {"price": 0.16726, "volume": 10.0}}}
{"timestamp": "2025-12-02T08:51:30.617842+00:00", "level": "WARNING", "module": "logger", "funcName": "_log", "lineno": 188, "event_type": "streaming_indicator_engine.data_anomalies_detected", "data": {"symbol": "ARIA_USDT", "timestamp": 1762076476.308999, "anomalies": ["stale_timestamp: 1762076476.308999 vs 1764665490.6178422"], "data_sample": {"price": 0.16745, "volume": 9.0}}}
{"timestamp": "2025-12-02T08:51:30.632870+00:00", "level": "WARNING", "module": "logger", "funcName": "_log", "lineno": 188, "event_type": "streaming_indicator_engine.data_anomalies_detected", "data": {"symbol": "ARIA_USDT", "timestamp": 1762076490.311, "anomalies": ["stale_timestamp: 1762076490.311 vs 1764665490.6328702"], "data_sample": {"price": 0.16766, "volume": 7.0}}}
{"timestamp": "2025-12-02T08:51:30.648722+00:00", "level": "WARNING", "module": "logger", "funcName": "_log", "lineno": 188, "event_type": "streaming_indicator_engine.data_anomalies_detected", "data": {"symbol": "ARIA_USDT", "timestamp": 1762076501.311, "anomalies": ["stale_timestamp: 1762076501.311 vs 1764665490.6477218"], "data_sample": {"price": 0.16763, "volume": 5.0}}}
{"timestamp": "2025-12-02T08:51:30.662832+00:00", "level": "WARNING", "module": "logger", "funcName": "_log", "lineno": 188, "event_type": "streaming_indicator_engine.data_anomalies_detected", "data": {"symbol": "ARIA_USDT", "timestamp": 1762076514.408999, "anomalies": ["stale_timestamp: 1762076514.408999 vs 1764665490.6628327"], "data_sample": {"price": 0.16766, "volume": 10.0}}}
{"timestamp": "2025-12-02T08:51:30.680415+00:00", "level": "WARNING", "module": "logger", "funcName": "_log", "lineno": 188, "event_type": "streaming_indicator_engine.data_anomalies_detected", "data": {"symbol": "ARIA_USDT", "timestamp": 1762076520.311, "anomalies": ["stale_timestamp: 1762076520.311 vs 1764665490.6793864"], "data_sample": {"price": 0.1677, "volume": 9.0}}}
{"timestamp": "2025-12-02T08:51:30.694937+00:00", "level": "WARNING", "module": "logger", "funcName": "_log", "lineno": 188, "event_type": "streaming_indicator_engine.data_anomalies_detected", "data": {"symbol": "ARIA_USDT", "timestamp": 1762076531.311, "anomalies": ["stale_timestamp: 1762076531.311 vs 1764665490.694938"], "data_sample": {"price": 0.16778, "volume": 10.0}}}
{"timestamp": "2025-12-02T08:51:30.710811+00:00", "level": "WARNING", "module": "logger", "funcName": "_log", "lineno": 188, "event_type": "streaming_indicator_engine.data_anomalies_detected", "data": {"symbol": "ARIA_USDT", "timestamp": 1762076537.311, "anomalies": ["stale_timestamp: 1762076537.311 vs 1764665490.7108119"], "data_sample": {"price": 0.16777, "volume": 10.0}}}
{"timestamp": "2025-12-02T08:51:30.725988+00:00", "level": "WARNING", "module": "logger", "funcName": "_log", "lineno": 188, "event_type": "streaming_indicator_engine.data_anomalies_detected", "data": {"symbol": "ARIA_USDT", "timestamp": 1762076543.312, "anomalies": ["stale_timestamp: 1762076543.312 vs 1764665490.7259881"], "data_sample": {"price": 0.16765, "volume": 8.0}}}
{"timestamp": "2025-12-02T08:51:30.740798+00:00", "level": "WARNING", "module": "logger", "funcName": "_log", "lineno": 188, "event_type": "streaming_indicator_engine.data_anomalies_detected", "data": {"symbol": "ARIA_USDT", "timestamp": 1762076551.311, "anomalies": ["stale_timestamp: 1762076551.311 vs 1764665490.7407987"], "data_sample": {"price": 0.16776, "volume": 7.0}}}
{"timestamp": "2025-12-02T08:51:30.756419+00:00", "level": "WARNING", "module": "logger", "funcName": "_log", "lineno": 188, "event_type": "streaming_indicator_engine.data_anomalies_detected", "data": {"symbol": "ARIA_USDT", "timestamp": 1762076567.313999, "anomalies": ["stale_timestamp: 1762076567.313999 vs 1764665490.7564194"], "data_sample": {"price": 0.16779, "volume": 4.0}}}
{"timestamp": "2025-12-02T08:51:30.772869+00:00", "level": "WARNING", "module": "logger", "funcName": "_log", "lineno": 188, "event_type": "streaming_indicator_engine.data_anomalies_detected", "data": {"symbol": "ARIA_USDT", "timestamp": 1762076582.312999, "anomalies": ["stale_timestamp: 1762076582.312999 vs 1764665490.7728698"], "data_sample": {"price": 0.16774, "volume": 4.0}}}
{"timestamp": "2025-12-02T08:51:30.789329+00:00", "level": "WARNING", "module": "logger", "funcName": "_log", "lineno": 188, "event_type": "streaming_indicator_engine.data_anomalies_detected", "data": {"symbol": "ARIA_USDT", "timestamp": 1762076595.309999, "anomalies": ["stale_timestamp: 1762076595.309999 vs 1764665490.7893298"], "data_sample": {"price": 0.16776, "volume": 10.0}}}
{"timestamp": "2025-12-02T08:51:30.803820+00:00", "level": "WARNING", "module": "logger", "funcName": "_log", "lineno": 188, "event_type": "streaming_indicator_engine.data_anomalies_detected", "data": {"symbol": "ARIA_USDT", "timestamp": 1762076606.309999, "anomalies": ["stale_timestamp: 1762076606.309999 vs 1764665490.8038201"], "data_sample": {"price": 0.16772, "volume": 9.0}}}
{"timestamp": "2025-12-02T08:51:30.818968+00:00", "level": "WARNING", "module": "logger", "funcName": "_log", "lineno": 188, "event_type": "streaming_indicator_engine.data_anomalies_detected", "data": {"symbol": "ARIA_USDT", "timestamp": 1762076620.309999, "anomalies": ["stale_timestamp: 1762076620.309999 vs 1764665490.8189685"], "data_sample": {"price": 0.16764, "volume": 5.0}}}
{"timestamp": "2025-12-02T08:51:30.824045+00:00", "level": "INFO", "module": "logger", "funcName": "_log", "lineno": 188, "event_type": "strategy_manager.indicator_update_received", "data": {"symbol": "ARIA_USDT", "indicator_name": "11b8be00-eed3-48fe-b359-df47b297226c_20", "indicator_type": "", "value": -0.0007401169031905222, "active_strategies_for_symbol": true, "active_count": 3}}
{"timestamp": "2025-12-02T08:51:30.825044+00:00", "level": "WARNING", "module": "logger", "funcName": "_log", "lineno": 188, "event_type": "streaming_indicator_engine.data_anomalies_detected", "data": {"symbol": "ARIA_USDT", "timestamp": 1762076628.311, "anomalies": ["stale_timestamp: 1762076628.311 vs 1764665490.8250444"], "data_sample": {"price": 0.16761, "volume": 7.0}}}
{"timestamp": "2025-12-02T08:51:30.826045+00:00", "level": "WARNING", "module": "logger", "funcName": "_log", "lineno": 188, "event_type": "streaming_indicator_engine.data_anomalies_detected", "data": {"symbol": "ARIA_USDT", "timestamp": 1762076638.312999, "anomalies": ["stale_timestamp: 1762076638.312999 vs 1764665490.8260458"], "data_sample": {"price": 0.16763, "volume": 10.0}}}
{"timestamp": "2025-12-02T08:51:30.827048+00:00", "level": "WARNING", "module": "logger", "funcName": "_log", "lineno": 188, "event_type": "streaming_indicator_engine.data_anomalies_detected", "data": {"symbol": "ARIA_USDT", "timestamp": 1762076647.309999, "anomalies": ["stale_timestamp: 1762076647.309999 vs 1764665490.8270483"], "data_sample": {"price": 0.16762, "volume": 4.0}}}
{"timestamp": "2025-12-02T08:51:30.827048+00:00", "level": "WARNING", "module": "logger", "funcName": "_log", "lineno": 188, "event_type": "streaming_indicator_engine.data_anomalies_detected", "data": {"symbol": "ARIA_USDT", "timestamp": 1762076653.309999, "anomalies": ["stale_timestamp: 1762076653.309999 vs 1764665490.8270483"], "data_sample": {"price": 0.16761, "volume": 9.0}}}
{"timestamp": "2025-12-02T08:51:30.828573+00:00", "level": "WARNING", "module": "logger", "funcName": "_log", "lineno": 188, "event_type": "streaming_indicator_engine.data_anomalies_detected", "data": {"symbol": "ARIA_USDT", "timestamp": 1762076666.309999, "anomalies": ["stale_timestamp: 1762076666.309999 vs 1764665490.8285732"], "data_sample": {"price": 0.16763, "volume": 9.0}}}
{"timestamp": "2025-12-02T08:51:30.829581+00:00", "level": "INFO", "module": "logger", "funcName": "_log", "lineno": 188, "event_type": "strategy_manager.indicator_update_received", "data": {"symbol": "ARIA_USDT", "indicator_name": "11b8be00-eed3-48fe-b359-df47b297226c_20", "indicator_type": "", "value": -0.0007401169031905222, "active_strategies_for_symbol": true, "active_count": 3}}
{"timestamp": "2025-12-02T08:51:30.830595+00:00", "level": "WARNING", "module": "logger", "funcName": "_log", "lineno": 188, "event_type": "streaming_indicator_engine.data_anomalies_detected", "data": {"symbol": "ARIA_USDT", "timestamp": 1762076672.308999, "anomalies": ["stale_timestamp: 1762076672.308999 vs 1764665490.8305957"], "data_sample": {"price": 0.16762, "volume": 9.0}}}
{"timestamp": "2025-12-02T08:51:30.831582+00:00", "level": "WARNING", "module": "logger", "funcName": "_log", "lineno": 188, "event_type": "streaming_indicator_engine.data_anomalies_detected", "data": {"symbol": "ARIA_USDT", "timestamp": 1762076685.309999, "anomalies": ["stale_timestamp: 1762076685.309999 vs 1764665490.8315825"], "data_sample": {"price": 0.16732, "volume": 9.0}}}
{"timestamp": "2025-12-02T08:51:30.832582+00:00", "level": "WARNING", "module": "logger", "funcName": "_log", "lineno": 188, "event_type": "streaming_indicator_engine.data_anomalies_detected", "data": {"symbol": "ARIA_USDT", "timestamp": 1762076699.311, "anomalies": ["stale_timestamp: 1762076699.311 vs 1764665490.8325825"], "data_sample": {"price": 0.16737, "volume": 11.0}}}
{"timestamp": "2025-12-02T08:51:30.833582+00:00", "level": "WARNING", "module": "logger", "funcName": "_log", "lineno": 188, "event_type": "streaming_indicator_engine.data_anomalies_detected", "data": {"symbol": "ARIA_USDT", "timestamp": 1762076713.309999, "anomalies": ["stale_timestamp: 1762076713.309999 vs 1764665490.8325825"], "data_sample": {"price": 0.16735, "volume": 4.0}}}
{"timestamp": "2025-12-02T08:51:30.833582+00:00", "level": "WARNING", "module": "logger", "funcName": "_log", "lineno": 188, "event_type": "streaming_indicator_engine.data_anomalies_detected", "data": {"symbol": "ARIA_USDT", "timestamp": 1762076728.311, "anomalies": ["stale_timestamp: 1762076728.311 vs 1764665490.8335824"], "data_sample": {"price": 0.16739, "volume": 9.0}}}
{"timestamp": "2025-12-02T08:51:30.834599+00:00", "level": "WARNING", "module": "logger", "funcName": "_log", "lineno": 188, "event_type": "streaming_indicator_engine.data_anomalies_detected", "data": {"symbol": "ARIA_USDT", "timestamp": 1762076734.308999, "anomalies": ["stale_timestamp: 1762076734.308999 vs 1764665490.8345993"], "data_sample": {"price": 0.16744, "volume": 9.0}}}
{"timestamp": "2025-12-02T08:51:30.839103+00:00", "level": "INFO", "module": "logger", "funcName": "_log", "lineno": 188, "event_type": "strategy_manager.indicator_update_received", "data": {"symbol": "ARIA_USDT", "indicator_name": "f1c5bf73-df7f-4889-b417-fc3fcd71a9f7_20", "indicator_type": "", "value": -63.74641335700899, "active_strategies_for_symbol": true, "active_count": 3}}
{"timestamp": "2025-12-02T08:51:30.840107+00:00", "level": "WARNING", "module": "logger", "funcName": "_log", "lineno": 188, "event_type": "streaming_indicator_engine.data_anomalies_detected", "data": {"symbol": "ARIA_USDT", "timestamp": 1762076750.309999, "anomalies": ["stale_timestamp: 1762076750.309999 vs 1764665490.8401077"], "data_sample": {"price": 0.16747, "volume": 10.0}}}
{"timestamp": "2025-12-02T08:51:30.841105+00:00", "level": "WARNING", "module": "logger", "funcName": "_log", "lineno": 188, "event_type": "streaming_indicator_engine.data_anomalies_detected", "data": {"symbol": "ARIA_USDT", "timestamp": 1762076759.311, "anomalies": ["stale_timestamp: 1762076759.311 vs 1764665490.8401077"], "data_sample": {"price": 0.16746, "volume": 10.0}}}
{"timestamp": "2025-12-02T08:51:30.841105+00:00", "level": "WARNING", "module": "logger", "funcName": "_log", "lineno": 188, "event_type": "streaming_indicator_engine.data_anomalies_detected", "data": {"symbol": "ARIA_USDT", "timestamp": 1762076767.309999, "anomalies": ["stale_timestamp: 1762076767.309999 vs 1764665490.8411055"], "data_sample": {"price": 0.16742, "volume": 8.0}}}
{"timestamp": "2025-12-02T08:51:30.842104+00:00", "level": "WARNING", "module": "logger", "funcName": "_log", "lineno": 188, "event_type": "streaming_indicator_engine.data_anomalies_detected", "data": {"symbol": "ARIA_USDT", "timestamp": 1762076783.312, "anomalies": ["stale_timestamp: 1762076783.312 vs 1764665490.8421047"], "data_sample": {"price": 0.16745, "volume": 8.0}}}
{"timestamp": "2025-12-02T08:51:30.843108+00:00", "level": "WARNING", "module": "logger", "funcName": "_log", "lineno": 188, "event_type": "streaming_indicator_engine.data_anomalies_detected", "data": {"symbol": "ARIA_USDT", "timestamp": 1762076789.309999, "anomalies": ["stale_timestamp: 1762076789.309999 vs 1764665490.843109"], "data_sample": {"price": 0.16755, "volume": 9.0}}}
{"timestamp": "2025-12-02T08:51:30.844345+00:00", "level": "WARNING", "module": "logger", "funcName": "_log", "lineno": 188, "event_type": "streaming_indicator_engine.data_anomalies_detected", "data": {"symbol": "ARIA_USDT", "timestamp": 1762076803.311, "anomalies": ["stale_timestamp: 1762076803.311 vs 1764665490.8443458"], "data_sample": {"price": 0.16758, "volume": 10.0}}}
{"timestamp": "2025-12-02T08:51:30.844345+00:00", "level": "INFO", "module": "logger", "funcName": "_log", "lineno": 188, "event_type": "strategy_manager.indicator_update_received", "data": {"symbol": "ARIA_USDT", "indicator_name": "f1c5bf73-df7f-4889-b417-fc3fcd71a9f7_20", "indicator_type": "", "value": -63.74641335700899, "active_strategies_for_symbol": true, "active_count": 3}}
{"timestamp": "2025-12-02T08:51:30.845354+00:00", "level": "WARNING", "module": "logger", "funcName": "_log", "lineno": 188, "event_type": "streaming_indicator_engine.data_anomalies_detected", "data": {"symbol": "ARIA_USDT", "timestamp": 1762076816.308999, "anomalies": ["stale_timestamp: 1762076816.308999 vs 1764665490.8453548"], "data_sample": {"price": 0.16762, "volume": 9.0}}}
{"timestamp": "2025-12-02T08:51:30.845354+00:00", "level": "WARNING", "module": "logger", "funcName": "_log", "lineno": 188, "event_type": "streaming_indicator_engine.data_anomalies_detected", "data": {"symbol": "ARIA_USDT", "timestamp": 1762076825.312999, "anomalies": ["stale_timestamp: 1762076825.312999 vs 1764665490.8453548"], "data_sample": {"price": 0.16751, "volume": 10.0}}}
{"timestamp": "2025-12-02T08:51:30.846369+00:00", "level": "WARNING", "module": "logger", "funcName": "_log", "lineno": 188, "event_type": "streaming_indicator_engine.data_anomalies_detected", "data": {"symbol": "ARIA_USDT", "timestamp": 1762076831.316999, "anomalies": ["stale_timestamp: 1762076831.316999 vs 1764665490.846369"], "data_sample": {"price": 0.1674, "volume": 6.0}}}
{"timestamp": "2025-12-02T08:51:30.846369+00:00", "level": "WARNING", "module": "logger", "funcName": "_log", "lineno": 188, "event_type": "streaming_indicator_engine.data_anomalies_detected", "data": {"symbol": "ARIA_USDT", "timestamp": 1762076839.311, "anomalies": ["stale_timestamp: 1762076839.311 vs 1764665490.846369"], "data_sample": {"price": 0.16741, "volume": 8.0}}}
{"timestamp": "2025-12-02T08:51:30.847384+00:00", "level": "WARNING", "module": "logger", "funcName": "_log", "lineno": 188, "event_type": "streaming_indicator_engine.data_anomalies_detected", "data": {"symbol": "ARIA_USDT", "timestamp": 1762076846.312, "anomalies": ["stale_timestamp: 1762076846.312 vs 1764665490.8473847"], "data_sample": {"price": 0.1674, "volume": 6.0}}}
{"timestamp": "2025-12-02T08:51:30.847384+00:00", "level": "WARNING", "module": "logger", "funcName": "_log", "lineno": 188, "event_type": "streaming_indicator_engine.data_anomalies_detected", "data": {"symbol": "ARIA_USDT", "timestamp": 1762076859.309999, "anomalies": ["stale_timestamp: 1762076859.309999 vs 1764665490.8473847"], "data_sample": {"price": 0.16723, "volume": 5.0}}}
{"timestamp": "2025-12-02T08:51:30.848891+00:00", "level": "WARNING", "module": "logger", "funcName": "_log", "lineno": 188, "event_type": "streaming_indicator_engine.data_anomalies_detected", "data": {"symbol": "ARIA_USDT", "timestamp": 1762076870.309999, "anomalies": ["stale_timestamp: 1762076870.309999 vs 1764665490.8488915"], "data_sample": {"price": 0.16724, "volume": 9.0}}}
{"timestamp": "2025-12-02T08:51:30.865488+00:00", "level": "WARNING", "module": "logger", "funcName": "_log", "lineno": 188, "event_type": "streaming_indicator_engine.data_anomalies_detected", "data": {"symbol": "ARIA_USDT", "timestamp": 1762076878.309999, "anomalies": ["stale_timestamp: 1762076878.309999 vs 1764665490.865488"], "data_sample": {"price": 0.16731, "volume": 4.0}}}
{"timestamp": "2025-12-02T08:51:30.881594+00:00", "level": "WARNING", "module": "logger", "funcName": "_log", "lineno": 188, "event_type": "streaming_indicator_engine.data_anomalies_detected", "data": {"symbol": "ARIA_USDT", "timestamp": 1762076892.311, "anomalies": ["stale_timestamp: 1762076892.311 vs 1764665490.881595"], "data_sample": {"price": 0.16728, "volume": 9.0}}}
{"timestamp": "2025-12-02T08:51:30.912617+00:00", "level": "WARNING", "module": "logger", "funcName": "_log", "lineno": 188, "event_type": "streaming_indicator_engine.data_anomalies_detected", "data": {"symbol": "ARIA_USDT", "timestamp": 1762076900.309999, "anomalies": ["stale_timestamp: 1762076900.309999 vs 1764665490.9126172"], "data_sample": {"price": 0.16731, "volume": 7.0}}}
{"timestamp": "2025-12-02T08:51:30.928713+00:00", "level": "WARNING", "module": "logger", "funcName": "_log", "lineno": 188, "event_type": "streaming_indicator_engine.data_anomalies_detected", "data": {"symbol": "ARIA_USDT", "timestamp": 1762076915.308999, "anomalies": ["stale_timestamp: 1762076915.308999 vs 1764665490.9287133"], "data_sample": {"price": 0.16729, "volume": 4.0}}}
{"timestamp": "2025-12-02T08:51:30.944294+00:00", "level": "WARNING", "module": "logger", "funcName": "_log", "lineno": 188, "event_type": "streaming_indicator_engine.data_anomalies_detected", "data": {"symbol": "ARIA_USDT", "timestamp": 1762076929.309999, "anomalies": ["stale_timestamp: 1762076929.309999 vs 1764665490.9442947"], "data_sample": {"price": 0.16725, "volume": 11.0}}}
{"timestamp": "2025-12-02T08:51:30.959818+00:00", "level": "WARNING", "module": "logger", "funcName": "_log", "lineno": 188, "event_type": "streaming_indicator_engine.data_anomalies_detected", "data": {"symbol": "ARIA_USDT", "timestamp": 1762076940.312999, "anomalies": ["stale_timestamp: 1762076940.312999 vs 1764665490.9598186"], "data_sample": {"price": 0.16733, "volume": 8.0}}}
{"timestamp": "2025-12-02T08:51:30.975058+00:00", "level": "WARNING", "module": "logger", "funcName": "_log", "lineno": 188, "event_type": "streaming_indicator_engine.data_anomalies_detected", "data": {"symbol": "ARIA_USDT", "timestamp": 1762076949.324999, "anomalies": ["stale_timestamp: 1762076949.324999 vs 1764665490.9750583"], "data_sample": {"price": 0.1673, "volume": 8.0}}}
{"timestamp": "2025-12-02T08:51:30.990432+00:00", "level": "WARNING", "module": "logger", "funcName": "_log", "lineno": 188, "event_type": "streaming_indicator_engine.data_anomalies_detected", "data": {"symbol": "ARIA_USDT", "timestamp": 1762076965.316, "anomalies": ["stale_timestamp: 1762076965.316 vs 1764665490.9904323"], "data_sample": {"price": 0.16729, "volume": 4.0}}}
{"timestamp": "2025-12-02T08:51:31.006638+00:00", "level": "WARNING", "module": "logger", "funcName": "_log", "lineno": 188, "event_type": "streaming_indicator_engine.data_anomalies_detected", "data": {"symbol": "ARIA_USDT", "timestamp": 1762076978.312, "anomalies": ["stale_timestamp: 1762076978.312 vs 1764665491.0056398"], "data_sample": {"price": 0.1673, "volume": 9.0}}}
{"timestamp": "2025-12-02T08:51:31.023070+00:00", "level": "WARNING", "module": "logger", "funcName": "_log", "lineno": 188, "event_type": "streaming_indicator_engine.data_anomalies_detected", "data": {"symbol": "ARIA_USDT", "timestamp": 1762076990.315, "anomalies": ["stale_timestamp: 1762076990.315 vs 1764665491.0230708"], "data_sample": {"price": 0.16733, "volume": 10.0}}}
{"timestamp": "2025-12-02T08:51:31.036581+00:00", "level": "WARNING", "module": "logger", "funcName": "_log", "lineno": 188, "event_type": "streaming_indicator_engine.data_anomalies_detected", "data": {"symbol": "ARIA_USDT", "timestamp": 1762076997.315, "anomalies": ["stale_timestamp: 1762076997.315 vs 1764665491.036581"], "data_sample": {"price": 0.16726, "volume": 12.0}}}
{"timestamp": "2025-12-02T08:51:31.039724+00:00", "level": "WARNING", "module": "logger", "funcName": "_log", "lineno": 188, "event_type": "streaming_indicator_engine.data_anomalies_detected", "data": {"symbol": "ARIA_USDT", "timestamp": 1762077007.309999, "anomalies": ["stale_timestamp: 1762077007.309999 vs 1764665491.0397243"], "data_sample": {"price": 0.16719, "volume": 4.0}}}
{"timestamp": "2025-12-02T08:51:31.052120+00:00", "level": "WARNING", "module": "logger", "funcName": "_log", "lineno": 188, "event_type": "streaming_indicator_engine.data_anomalies_detected", "data": {"symbol": "ARIA_USDT", "timestamp": 1762077018.309999, "anomalies": ["stale_timestamp: 1762077018.309999 vs 1764665491.0521207"], "data_sample": {"price": 0.16722, "volume": 8.0}}}
{"timestamp": "2025-12-02T08:51:31.067839+00:00", "level": "WARNING", "module": "logger", "funcName": "_log", "lineno": 188, "event_type": "streaming_indicator_engine.data_anomalies_detected", "data": {"symbol": "ARIA_USDT", "timestamp": 1762077025.309999, "anomalies": ["stale_timestamp: 1762077025.309999 vs 1764665491.067839"], "data_sample": {"price": 0.16726, "volume": 5.0}}}
{"timestamp": "2025-12-02T08:51:31.073474+00:00", "level": "WARNING", "module": "logger", "funcName": "_log", "lineno": 188, "event_type": "streaming_indicator_engine.data_anomalies_detected", "data": {"symbol": "ARIA_USDT", "timestamp": 1762077033.311, "anomalies": ["stale_timestamp: 1762077033.311 vs 1764665491.0724852"], "data_sample": {"price": 0.16725, "volume": 4.0}}}
{"timestamp": "2025-12-02T08:51:31.099184+00:00", "level": "WARNING", "module": "logger", "funcName": "_log", "lineno": 188, "event_type": "streaming_indicator_engine.data_anomalies_detected", "data": {"symbol": "ARIA_USDT", "timestamp": 1762077042.309999, "anomalies": ["stale_timestamp: 1762077042.309999 vs 1764665491.098435"], "data_sample": {"price": 0.16724, "volume": 4.0}}}
{"timestamp": "2025-12-02T08:51:31.114491+00:00", "level": "WARNING", "module": "logger", "funcName": "_log", "lineno": 188, "event_type": "streaming_indicator_engine.data_anomalies_detected", "data": {"symbol": "ARIA_USDT", "timestamp": 1762077051.309999, "anomalies": ["stale_timestamp: 1762077051.309999 vs 1764665491.1144912"], "data_sample": {"price": 0.16725, "volume": 4.0}}}
{"timestamp": "2025-12-02T08:51:31.129721+00:00", "level": "WARNING", "module": "logger", "funcName": "_log", "lineno": 188, "event_type": "streaming_indicator_engine.data_anomalies_detected", "data": {"symbol": "ARIA_USDT", "timestamp": 1762077057.312999, "anomalies": ["stale_timestamp: 1762077057.312999 vs 1764665491.1297212"], "data_sample": {"price": 0.16726, "volume": 3.0}}}
{"timestamp": "2025-12-02T08:51:31.145553+00:00", "level": "WARNING", "module": "logger", "funcName": "_log", "lineno": 188, "event_type": "streaming_indicator_engine.data_anomalies_detected", "data": {"symbol": "ARIA_USDT", "timestamp": 1762077067.316999, "anomalies": ["stale_timestamp: 1762077067.316999 vs 1764665491.1455538"], "data_sample": {"price": 0.16725, "volume": 8.0}}}
{"timestamp": "2025-12-02T08:51:31.160190+00:00", "level": "WARNING", "module": "logger", "funcName": "_log", "lineno": 188, "event_type": "streaming_indicator_engine.data_anomalies_detected", "data": {"symbol": "ARIA_USDT", "timestamp": 1762077081.308, "anomalies": ["stale_timestamp: 1762077081.308 vs 1764665491.16019"], "data_sample": {"price": 0.16714, "volume": 6.0}}}
{"timestamp": "2025-12-02T08:51:31.175591+00:00", "level": "WARNING", "module": "logger", "funcName": "_log", "lineno": 188, "event_type": "streaming_indicator_engine.data_anomalies_detected", "data": {"symbol": "ARIA_USDT", "timestamp": 1762077089.311, "anomalies": ["stale_timestamp: 1762077089.311 vs 1764665491.175592"], "data_sample": {"price": 0.16711, "volume": 4.0}}}
{"timestamp": "2025-12-02T08:51:31.191073+00:00", "level": "WARNING", "module": "logger", "funcName": "_log", "lineno": 188, "event_type": "streaming_indicator_engine.data_anomalies_detected", "data": {"symbol": "ARIA_USDT", "timestamp": 1762077098.311, "anomalies": ["stale_timestamp: 1762077098.311 vs 1764665491.191073"], "data_sample": {"price": 0.16702, "volume": 4.0}}}
{"timestamp": "2025-12-02T08:51:31.206215+00:00", "level": "WARNING", "module": "logger", "funcName": "_log", "lineno": 188, "event_type": "streaming_indicator_engine.data_anomalies_detected", "data": {"symbol": "ARIA_USDT", "timestamp": 1762077107.335, "anomalies": ["stale_timestamp: 1762077107.335 vs 1764665491.2062151"], "data_sample": {"price": 0.167, "volume": 26.0}}}
{"timestamp": "2025-12-02T08:51:31.223124+00:00", "level": "WARNING", "module": "logger", "funcName": "_log", "lineno": 188, "event_type": "streaming_indicator_engine.data_anomalies_detected", "data": {"symbol": "ARIA_USDT", "timestamp": 1762077121.309999, "anomalies": ["stale_timestamp: 1762077121.309999 vs 1764665491.2231245"], "data_sample": {"price": 0.16704, "volume": 8.0}}}
{"timestamp": "2025-12-02T08:51:31.238915+00:00", "level": "WARNING", "module": "logger", "funcName": "_log", "lineno": 188, "event_type": "streaming_indicator_engine.data_anomalies_detected", "data": {"symbol": "ARIA_USDT", "timestamp": 1762077123.420999, "anomalies": ["stale_timestamp: 1762077123.420999 vs 1764665491.2378986"], "data_sample": {"price": 0.167, "volume": 59.0}}}
{"timestamp": "2025-12-02T08:51:31.253482+00:00", "level": "WARNING", "module": "logger", "funcName": "_log", "lineno": 188, "event_type": "streaming_indicator_engine.data_anomalies_detected", "data": {"symbol": "ARIA_USDT", "timestamp": 1762077139.311, "anomalies": ["stale_timestamp: 1762077139.311 vs 1764665491.253483"], "data_sample": {"price": 0.16703, "volume": 5.0}}}
{"timestamp": "2025-12-02T08:51:31.268912+00:00", "level": "WARNING", "module": "logger", "funcName": "_log", "lineno": 188, "event_type": "streaming_indicator_engine.data_anomalies_detected", "data": {"symbol": "ARIA_USDT", "timestamp": 1762077152.308999, "anomalies": ["stale_timestamp: 1762077152.308999 vs 1764665491.2689128"], "data_sample": {"price": 0.16708, "volume": 9.0}}}
{"timestamp": "2025-12-02T08:51:31.284635+00:00", "level": "WARNING", "module": "logger", "funcName": "_log", "lineno": 188, "event_type": "streaming_indicator_engine.data_anomalies_detected", "data": {"symbol": "ARIA_USDT", "timestamp": 1762077163.309999, "anomalies": ["stale_timestamp: 1762077163.309999 vs 1764665491.284635"], "data_sample": {"price": 0.16713, "volume": 11.0}}}
{"timestamp": "2025-12-02T08:51:31.300584+00:00", "level": "WARNING", "module": "logger", "funcName": "_log", "lineno": 188, "event_type": "streaming_indicator_engine.data_anomalies_detected", "data": {"symbol": "ARIA_USDT", "timestamp": 1762077172.309999, "anomalies": ["stale_timestamp: 1762077172.309999 vs 1764665491.3005848"], "data_sample": {"price": 0.16706, "volume": 12.0}}}
{"timestamp": "2025-12-02T08:51:31.316068+00:00", "level": "WARNING", "module": "logger", "funcName": "_log", "lineno": 188, "event_type": "streaming_indicator_engine.data_anomalies_detected", "data": {"symbol": "ARIA_USDT", "timestamp": 1762077187.312999, "anomalies": ["stale_timestamp: 1762077187.312999 vs 1764665491.3160686"], "data_sample": {"price": 0.16705, "volume": 4.0}}}
{"timestamp": "2025-12-02T08:51:31.331070+00:00", "level": "WARNING", "module": "logger", "funcName": "_log", "lineno": 188, "event_type": "streaming_indicator_engine.data_anomalies_detected", "data": {"symbol": "ARIA_USDT", "timestamp": 1762077203.309999, "anomalies": ["stale_timestamp: 1762077203.309999 vs 1764665491.3310704"], "data_sample": {"price": 0.16703, "volume": 6.0}}}
{"timestamp": "2025-12-02T08:51:31.346372+00:00", "level": "WARNING", "module": "logger", "funcName": "_log", "lineno": 188, "event_type": "streaming_indicator_engine.data_anomalies_detected", "data": {"symbol": "ARIA_USDT", "timestamp": 1762077211.312, "anomalies": ["stale_timestamp: 1762077211.312 vs 1764665491.3463728"], "data_sample": {"price": 0.16707, "volume": 9.0}}}
{"timestamp": "2025-12-02T08:51:31.361263+00:00", "level": "WARNING", "module": "logger", "funcName": "_log", "lineno": 188, "event_type": "streaming_indicator_engine.data_anomalies_detected", "data": {"symbol": "ARIA_USDT", "timestamp": 1762077227.312999, "anomalies": ["stale_timestamp: 1762077227.312999 vs 1764665491.361263"], "data_sample": {"price": 0.16704, "volume": 4.0}}}
{"timestamp": "2025-12-02T08:51:31.376797+00:00", "level": "WARNING", "module": "logger", "funcName": "_log", "lineno": 188, "event_type": "streaming_indicator_engine.data_anomalies_detected", "data": {"symbol": "ARIA_USDT", "timestamp": 1762077234.308999, "anomalies": ["stale_timestamp: 1762077234.308999 vs 1764665491.3767977"], "data_sample": {"price": 0.16708, "volume": 8.0}}}
{"timestamp": "2025-12-02T08:51:31.392755+00:00", "level": "WARNING", "module": "logger", "funcName": "_log", "lineno": 188, "event_type": "streaming_indicator_engine.data_anomalies_detected", "data": {"symbol": "ARIA_USDT", "timestamp": 1762077247.312999, "anomalies": ["stale_timestamp: 1762077247.312999 vs 1764665491.391778"], "data_sample": {"price": 0.16705, "volume": 7.0}}}
{"timestamp": "2025-12-02T08:51:31.408815+00:00", "level": "WARNING", "module": "logger", "funcName": "_log", "lineno": 188, "event_type": "streaming_indicator_engine.data_anomalies_detected", "data": {"symbol": "ARIA_USDT", "timestamp": 1762077263.309999, "anomalies": ["stale_timestamp: 1762077263.309999 vs 1764665491.4072983"], "data_sample": {"price": 0.16704, "volume": 7.0}}}
{"timestamp": "2025-12-02T08:51:31.422793+00:00", "level": "WARNING", "module": "logger", "funcName": "_log", "lineno": 188, "event_type": "streaming_indicator_engine.data_anomalies_detected", "data": {"symbol": "ARIA_USDT", "timestamp": 1762077274.309999, "anomalies": ["stale_timestamp: 1762077274.309999 vs 1764665491.4227931"], "data_sample": {"price": 0.16709, "volume": 4.0}}}
{"timestamp": "2025-12-02T08:51:31.438577+00:00", "level": "WARNING", "module": "logger", "funcName": "_log", "lineno": 188, "event_type": "streaming_indicator_engine.data_anomalies_detected", "data": {"symbol": "ARIA_USDT", "timestamp": 1762077281.311, "anomalies": ["stale_timestamp: 1762077281.311 vs 1764665491.4385777"], "data_sample": {"price": 0.16713, "volume": 12.0}}}
{"timestamp": "2025-12-02T08:51:31.454966+00:00", "level": "WARNING", "module": "logger", "funcName": "_log", "lineno": 188, "event_type": "streaming_indicator_engine.data_anomalies_detected", "data": {"symbol": "ARIA_USDT", "timestamp": 1762077290.312, "anomalies": ["stale_timestamp: 1762077290.312 vs 1764665491.4549668"], "data_sample": {"price": 0.16709, "volume": 8.0}}}
{"timestamp": "2025-12-02T08:51:31.470284+00:00", "level": "WARNING", "module": "logger", "funcName": "_log", "lineno": 188, "event_type": "streaming_indicator_engine.data_anomalies_detected", "data": {"symbol": "ARIA_USDT", "timestamp": 1762077299.312, "anomalies": ["stale_timestamp: 1762077299.312 vs 1764665491.4702845"], "data_sample": {"price": 0.16706, "volume": 8.0}}}
{"timestamp": "2025-12-02T08:51:31.485907+00:00", "level": "WARNING", "module": "logger", "funcName": "_log", "lineno": 188, "event_type": "streaming_indicator_engine.data_anomalies_detected", "data": {"symbol": "ARIA_USDT", "timestamp": 1762077309.309999, "anomalies": ["stale_timestamp: 1762077309.309999 vs 1764665491.485908"], "data_sample": {"price": 0.16705, "volume": 6.0}}}
{"timestamp": "2025-12-02T08:51:31.501155+00:00", "level": "WARNING", "module": "logger", "funcName": "_log", "lineno": 188, "event_type": "streaming_indicator_engine.data_anomalies_detected", "data": {"symbol": "ARIA_USDT", "timestamp": 1762077318.312, "anomalies": ["stale_timestamp: 1762077318.312 vs 1764665491.5011556"], "data_sample": {"price": 0.16706, "volume": 9.0}}}
{"timestamp": "2025-12-02T08:51:31.516299+00:00", "level": "WARNING", "module": "logger", "funcName": "_log", "lineno": 188, "event_type": "streaming_indicator_engine.data_anomalies_detected", "data": {"symbol": "ARIA_USDT", "timestamp": 1762077324.309999, "anomalies": ["stale_timestamp: 1762077324.309999 vs 1764665491.5162992"], "data_sample": {"price": 0.1671, "volume": 5.0}}}
{"timestamp": "2025-12-02T08:51:31.532175+00:00", "level": "WARNING", "module": "logger", "funcName": "_log", "lineno": 188, "event_type": "streaming_indicator_engine.data_anomalies_detected", "data": {"symbol": "ARIA_USDT", "timestamp": 1762077335.309999, "anomalies": ["stale_timestamp: 1762077335.309999 vs 1764665491.5321753"], "data_sample": {"price": 0.16709, "volume": 4.0}}}
{"timestamp": "2025-12-02T08:51:31.547747+00:00", "level": "WARNING", "module": "logger", "funcName": "_log", "lineno": 188, "event_type": "streaming_indicator_engine.data_anomalies_detected", "data": {"symbol": "ARIA_USDT", "timestamp": 1762077351.309999, "anomalies": ["stale_timestamp: 1762077351.309999 vs 1764665491.5477471"], "data_sample": {"price": 0.1671, "volume": 3.0}}}
{"timestamp": "2025-12-02T08:51:31.563402+00:00", "level": "WARNING", "module": "logger", "funcName": "_log", "lineno": 188, "event_type": "streaming_indicator_engine.data_anomalies_detected", "data": {"symbol": "ARIA_USDT", "timestamp": 1762077362.309999, "anomalies": ["stale_timestamp: 1762077362.309999 vs 1764665491.5634027"], "data_sample": {"price": 0.16716, "volume": 5.0}}}
{"timestamp": "2025-12-02T08:51:31.578869+00:00", "level": "WARNING", "module": "logger", "funcName": "_log", "lineno": 188, "event_type": "streaming_indicator_engine.data_anomalies_detected", "data": {"symbol": "ARIA_USDT", "timestamp": 1762077376.309999, "anomalies": ["stale_timestamp: 1762077376.309999 vs 1764665491.57887"], "data_sample": {"price": 0.16724, "volume": 11.0}}}
{"timestamp": "2025-12-02T08:51:31.594177+00:00", "level": "WARNING", "module": "logger", "funcName": "_log", "lineno": 188, "event_type": "streaming_indicator_engine.data_anomalies_detected", "data": {"symbol": "ARIA_USDT", "timestamp": 1762077387.309999, "anomalies": ["stale_timestamp: 1762077387.309999 vs 1764665491.5941772"], "data_sample": {"price": 0.16726, "volume": 11.0}}}
{"timestamp": "2025-12-02T08:51:31.609901+00:00", "level": "WARNING", "module": "logger", "funcName": "_log", "lineno": 188, "event_type": "streaming_indicator_engine.data_anomalies_detected", "data": {"symbol": "ARIA_USDT", "timestamp": 1762077395.309999, "anomalies": ["stale_timestamp: 1762077395.309999 vs 1764665491.6099014"], "data_sample": {"price": 0.16728, "volume": 3.0}}}
      Status: running, Ticks: 0, Signals: 0
{"timestamp": "2025-12-02T08:51:31.625054+00:00", "level": "WARNING", "module": "logger", "funcName": "_log", "lineno": 188, "event_type": "streaming_indicator_engine.data_anomalies_detected", "data": {"symbol": "ARIA_USDT", "timestamp": 1762077402.309999, "anomalies": ["stale_timestamp: 1762077402.309999 vs 1764665491.625054"], "data_sample": {"price": 0.1673, "volume": 10.0}}}
{"timestamp": "2025-12-02T08:51:31.641614+00:00", "level": "WARNING", "module": "logger", "funcName": "_log", "lineno": 188, "event_type": "streaming_indicator_engine.data_anomalies_detected", "data": {"symbol": "ARIA_USDT", "timestamp": 1762077412.311, "anomalies": ["stale_timestamp: 1762077412.311 vs 1764665491.6405897"], "data_sample": {"price": 0.16729, "volume": 7.0}}}
{"timestamp": "2025-12-02T08:51:31.655744+00:00", "level": "WARNING", "module": "logger", "funcName": "_log", "lineno": 188, "event_type": "streaming_indicator_engine.data_anomalies_detected", "data": {"symbol": "ARIA_USDT", "timestamp": 1762077421.309999, "anomalies": ["stale_timestamp: 1762077421.309999 vs 1764665491.6557446"], "data_sample": {"price": 0.16727, "volume": 4.0}}}
{"timestamp": "2025-12-02T08:51:31.782095+00:00", "level": "INFO", "module": "logger", "funcName": "_log", "lineno": 188, "event_type": "strategy_manager.indicator_update_received", "data": {"symbol": "ARIA_USDT", "indicator_name": "611fad91-045d-408b-8822-f43428935033_20", "indicator_type": "", "value": 0.0013506874143189638, "active_strategies_for_symbol": true, "active_count": 3}}
{"timestamp": "2025-12-02T08:51:31.784366+00:00", "level": "INFO", "module": "logger", "funcName": "_log", "lineno": 188, "event_type": "strategy_manager.indicator_update_received", "data": {"symbol": "ARIA_USDT", "indicator_name": "611fad91-045d-408b-8822-f43428935033_20", "indicator_type": "", "value": 0.0013506874143189638, "active_strategies_for_symbol": true, "active_count": 3}}
{"timestamp": "2025-12-02T08:51:31.785400+00:00", "level": "WARNING", "module": "logger", "funcName": "_log", "lineno": 188, "event_type": "streaming_indicator_engine.data_anomalies_detected", "data": {"symbol": "ARIA_USDT", "timestamp": 1762076372.312999, "anomalies": ["stale_timestamp: 1762076372.312999 vs 1764665491.7854004"], "data_sample": {"price": 0.1671, "volume": 3.0}}}
{"timestamp": "2025-12-02T08:51:31.786415+00:00", "level": "WARNING", "module": "logger", "funcName": "_log", "lineno": 188, "event_type": "streaming_indicator_engine.data_anomalies_detected", "data": {"symbol": "ARIA_USDT", "timestamp": 1762076381.309999, "anomalies": ["stale_timestamp: 1762076381.309999 vs 1764665491.786415"], "data_sample": {"price": 0.16715, "volume": 8.0}}}
{"timestamp": "2025-12-02T08:51:31.787467+00:00", "level": "WARNING", "module": "logger", "funcName": "_log", "lineno": 188, "event_type": "streaming_indicator_engine.data_anomalies_detected", "data": {"symbol": "ARIA_USDT", "timestamp": 1762076388.311, "anomalies": ["stale_timestamp: 1762076388.311 vs 1764665491.7874677"], "data_sample": {"price": 0.16714, "volume": 9.0}}}
{"timestamp": "2025-12-02T08:51:31.788475+00:00", "level": "WARNING", "module": "logger", "funcName": "_log", "lineno": 188, "event_type": "streaming_indicator_engine.data_anomalies_detected", "data": {"symbol": "ARIA_USDT", "timestamp": 1762076401.309999, "anomalies": ["stale_timestamp: 1762076401.309999 vs 1764665491.788476"], "data_sample": {"price": 0.16717, "volume": 7.0}}}
{"timestamp": "2025-12-02T08:51:31.789486+00:00", "level": "WARNING", "module": "logger", "funcName": "_log", "lineno": 188, "event_type": "streaming_indicator_engine.data_anomalies_detected", "data": {"symbol": "ARIA_USDT", "timestamp": 1762076408.312, "anomalies": ["stale_timestamp: 1762076408.312 vs 1764665491.7894866"], "data_sample": {"price": 0.16713, "volume": 3.0}}}
{"timestamp": "2025-12-02T08:51:31.794485+00:00", "level": "INFO", "module": "logger", "funcName": "_log", "lineno": 188, "event_type": "strategy_manager.indicator_update_received", "data": {"symbol": "ARIA_USDT", "indicator_name": "5fc82998-9270-4b44-8312-f74ddd20a93d_20", "indicator_type": "", "value": 1.701011021974266, "active_strategies_for_symbol": true, "active_count": 3}}
{"timestamp": "2025-12-02T08:51:31.796492+00:00", "level": "WARNING", "module": "logger", "funcName": "_log", "lineno": 188, "event_type": "streaming_indicator_engine.data_anomalies_detected", "data": {"symbol": "ARIA_USDT", "timestamp": 1762076417.311, "anomalies": ["stale_timestamp: 1762076417.311 vs 1764665491.796492"], "data_sample": {"price": 0.16708, "volume": 3.0}}}
{"timestamp": "2025-12-02T08:51:31.797992+00:00", "level": "WARNING", "module": "logger", "funcName": "_log", "lineno": 188, "event_type": "streaming_indicator_engine.data_anomalies_detected", "data": {"symbol": "ARIA_USDT", "timestamp": 1762076427.308999, "anomalies": ["stale_timestamp: 1762076427.308999 vs 1764665491.7979927"], "data_sample": {"price": 0.16707, "volume": 12.0}}}
{"timestamp": "2025-12-02T08:51:31.798499+00:00", "level": "WARNING", "module": "logger", "funcName": "_log", "lineno": 188, "event_type": "streaming_indicator_engine.data_anomalies_detected", "data": {"symbol": "ARIA_USDT", "timestamp": 1762076435.309999, "anomalies": ["stale_timestamp: 1762076435.309999 vs 1764665491.7984993"], "data_sample": {"price": 0.1671, "volume": 4.0}}}
{"timestamp": "2025-12-02T08:51:31.800523+00:00", "level": "WARNING", "module": "logger", "funcName": "_log", "lineno": 188, "event_type": "streaming_indicator_engine.data_anomalies_detected", "data": {"symbol": "ARIA_USDT", "timestamp": 1762076447.309999, "anomalies": ["stale_timestamp: 1762076447.309999 vs 1764665491.8005233"], "data_sample": {"price": 0.16708, "volume": 9.0}}}
{"timestamp": "2025-12-02T08:51:31.802540+00:00", "level": "WARNING", "module": "logger", "funcName": "_log", "lineno": 188, "event_type": "streaming_indicator_engine.data_anomalies_detected", "data": {"symbol": "ARIA_USDT", "timestamp": 1762076462.309999, "anomalies": ["stale_timestamp: 1762076462.309999 vs 1764665491.8015351"], "data_sample": {"price": 0.16726, "volume": 10.0}}}
{"timestamp": "2025-12-02T08:51:31.803534+00:00", "level": "WARNING", "module": "logger", "funcName": "_log", "lineno": 188, "event_type": "streaming_indicator_engine.data_anomalies_detected", "data": {"symbol": "ARIA_USDT", "timestamp": 1762076476.308999, "anomalies": ["stale_timestamp: 1762076476.308999 vs 1764665491.803534"], "data_sample": {"price": 0.16745, "volume": 9.0}}}
{"timestamp": "2025-12-02T08:51:31.804606+00:00", "level": "INFO", "module": "logger", "funcName": "_log", "lineno": 188, "event_type": "strategy_manager.indicator_update_received", "data": {"symbol": "ARIA_USDT", "indicator_name": "5fc82998-9270-4b44-8312-f74ddd20a93d_20", "indicator_type": "", "value": 1.701011021974266, "active_strategies_for_symbol": true, "active_count": 3}}
{"timestamp": "2025-12-02T08:51:31.804606+00:00", "level": "WARNING", "module": "logger", "funcName": "_log", "lineno": 188, "event_type": "streaming_indicator_engine.data_anomalies_detected", "data": {"symbol": "ARIA_USDT", "timestamp": 1762076490.311, "anomalies": ["stale_timestamp: 1762076490.311 vs 1764665491.8046067"], "data_sample": {"price": 0.16766, "volume": 7.0}}}
{"timestamp": "2025-12-02T08:51:31.805999+00:00", "level": "WARNING", "module": "logger", "funcName": "_log", "lineno": 188, "event_type": "streaming_indicator_engine.data_anomalies_detected", "data": {"symbol": "ARIA_USDT", "timestamp": 1762076501.311, "anomalies": ["stale_timestamp: 1762076501.311 vs 1764665491.8059998"], "data_sample": {"price": 0.16763, "volume": 5.0}}}
{"timestamp": "2025-12-02T08:51:31.807431+00:00", "level": "WARNING", "module": "logger", "funcName": "_log", "lineno": 188, "event_type": "streaming_indicator_engine.data_anomalies_detected", "data": {"symbol": "ARIA_USDT", "timestamp": 1762076514.408999, "anomalies": ["stale_timestamp: 1762076514.408999 vs 1764665491.8074315"], "data_sample": {"price": 0.16766, "volume": 10.0}}}
{"timestamp": "2025-12-02T08:51:31.809972+00:00", "level": "WARNING", "module": "logger", "funcName": "_log", "lineno": 188, "event_type": "streaming_indicator_engine.data_anomalies_detected", "data": {"symbol": "ARIA_USDT", "timestamp": 1762076520.311, "anomalies": ["stale_timestamp: 1762076520.311 vs 1764665491.8089585"], "data_sample": {"price": 0.1677, "volume": 9.0}}}
{"timestamp": "2025-12-02T08:51:31.810988+00:00", "level": "WARNING", "module": "logger", "funcName": "_log", "lineno": 188, "event_type": "streaming_indicator_engine.data_anomalies_detected", "data": {"symbol": "ARIA_USDT", "timestamp": 1762076531.311, "anomalies": ["stale_timestamp: 1762076531.311 vs 1764665491.8109884"], "data_sample": {"price": 0.16778, "volume": 10.0}}}
{"timestamp": "2025-12-02T08:51:31.811983+00:00", "level": "WARNING", "module": "logger", "funcName": "_log", "lineno": 188, "event_type": "streaming_indicator_engine.data_anomalies_detected", "data": {"symbol": "ARIA_USDT", "timestamp": 1762076537.311, "anomalies": ["stale_timestamp: 1762076537.311 vs 1764665491.8119833"], "data_sample": {"price": 0.16777, "volume": 10.0}}}
{"timestamp": "2025-12-02T08:51:31.814982+00:00", "level": "INFO", "module": "logger", "funcName": "_log", "lineno": 188, "event_type": "strategy_manager.indicator_update_received", "data": {"symbol": "ARIA_USDT", "indicator_name": "790d8eed-dc95-43ff-b625-1205d256154b_20", "indicator_type": "", "value": 0.0027601558816686632, "active_strategies_for_symbol": true, "active_count": 3}}
{"timestamp": "2025-12-02T08:51:31.816979+00:00", "level": "WARNING", "module": "logger", "funcName": "_log", "lineno": 188, "event_type": "streaming_indicator_engine.data_anomalies_detected", "data": {"symbol": "ARIA_USDT", "timestamp": 1762076543.312, "anomalies": ["stale_timestamp: 1762076543.312 vs 1764665491.815982"], "data_sample": {"price": 0.16765, "volume": 8.0}}}
{"timestamp": "2025-12-02T08:51:31.816979+00:00", "level": "WARNING", "module": "logger", "funcName": "_log", "lineno": 188, "event_type": "streaming_indicator_engine.data_anomalies_detected", "data": {"symbol": "ARIA_USDT", "timestamp": 1762076551.311, "anomalies": ["stale_timestamp: 1762076551.311 vs 1764665491.81698"], "data_sample": {"price": 0.16776, "volume": 7.0}}}
{"timestamp": "2025-12-02T08:51:31.818490+00:00", "level": "WARNING", "module": "logger", "funcName": "_log", "lineno": 188, "event_type": "streaming_indicator_engine.data_anomalies_detected", "data": {"symbol": "ARIA_USDT", "timestamp": 1762076567.313999, "anomalies": ["stale_timestamp: 1762076567.313999 vs 1764665491.81849"], "data_sample": {"price": 0.16779, "volume": 4.0}}}
{"timestamp": "2025-12-02T08:51:31.818490+00:00", "level": "WARNING", "module": "logger", "funcName": "_log", "lineno": 188, "event_type": "streaming_indicator_engine.data_anomalies_detected", "data": {"symbol": "ARIA_USDT", "timestamp": 1762076582.312999, "anomalies": ["stale_timestamp: 1762076582.312999 vs 1764665491.81849"], "data_sample": {"price": 0.16774, "volume": 4.0}}}
{"timestamp": "2025-12-02T08:51:31.819502+00:00", "level": "WARNING", "module": "logger", "funcName": "_log", "lineno": 188, "event_type": "streaming_indicator_engine.data_anomalies_detected", "data": {"symbol": "ARIA_USDT", "timestamp": 1762076595.309999, "anomalies": ["stale_timestamp: 1762076595.309999 vs 1764665491.8195028"], "data_sample": {"price": 0.16776, "volume": 10.0}}}
{"timestamp": "2025-12-02T08:51:31.820508+00:00", "level": "WARNING", "module": "logger", "funcName": "_log", "lineno": 188, "event_type": "streaming_indicator_engine.data_anomalies_detected", "data": {"symbol": "ARIA_USDT", "timestamp": 1762076606.309999, "anomalies": ["stale_timestamp: 1762076606.309999 vs 1764665491.8205085"], "data_sample": {"price": 0.16772, "volume": 9.0}}}
{"timestamp": "2025-12-02T08:51:31.821525+00:00", "level": "INFO", "module": "logger", "funcName": "_log", "lineno": 188, "event_type": "strategy_manager.indicator_update_received", "data": {"symbol": "ARIA_USDT", "indicator_name": "790d8eed-dc95-43ff-b625-1205d256154b_20", "indicator_type": "", "value": 0.0027601558816686632, "active_strategies_for_symbol": true, "active_count": 3}}
{"timestamp": "2025-12-02T08:51:31.822491+00:00", "level": "WARNING", "module": "logger", "funcName": "_log", "lineno": 188, "event_type": "streaming_indicator_engine.data_anomalies_detected", "data": {"symbol": "ARIA_USDT", "timestamp": 1762076620.309999, "anomalies": ["stale_timestamp: 1762076620.309999 vs 1764665491.822492"], "data_sample": {"price": 0.16764, "volume": 5.0}}}
{"timestamp": "2025-12-02T08:51:31.824951+00:00", "level": "WARNING", "module": "logger", "funcName": "_log", "lineno": 188, "event_type": "streaming_indicator_engine.data_anomalies_detected", "data": {"symbol": "ARIA_USDT", "timestamp": 1762076628.311, "anomalies": ["stale_timestamp: 1762076628.311 vs 1764665491.8239315"], "data_sample": {"price": 0.16761, "volume": 7.0}}}
{"timestamp": "2025-12-02T08:51:31.826941+00:00", "level": "WARNING", "module": "logger", "funcName": "_log", "lineno": 188, "event_type": "streaming_indicator_engine.data_anomalies_detected", "data": {"symbol": "ARIA_USDT", "timestamp": 1762076638.312999, "anomalies": ["stale_timestamp: 1762076638.312999 vs 1764665491.826941"], "data_sample": {"price": 0.16763, "volume": 10.0}}}
{"timestamp": "2025-12-02T08:51:31.828461+00:00", "level": "WARNING", "module": "logger", "funcName": "_log", "lineno": 188, "event_type": "streaming_indicator_engine.data_anomalies_detected", "data": {"symbol": "ARIA_USDT", "timestamp": 1762076647.309999, "anomalies": ["stale_timestamp: 1762076647.309999 vs 1764665491.8284614"], "data_sample": {"price": 0.16762, "volume": 4.0}}}
{"timestamp": "2025-12-02T08:51:31.829477+00:00", "level": "WARNING", "module": "logger", "funcName": "_log", "lineno": 188, "event_type": "streaming_indicator_engine.data_anomalies_detected", "data": {"symbol": "ARIA_USDT", "timestamp": 1762076653.309999, "anomalies": ["stale_timestamp: 1762076653.309999 vs 1764665491.8294773"], "data_sample": {"price": 0.16761, "volume": 9.0}}}
{"timestamp": "2025-12-02T08:51:31.831501+00:00", "level": "WARNING", "module": "logger", "funcName": "_log", "lineno": 188, "event_type": "streaming_indicator_engine.data_anomalies_detected", "data": {"symbol": "ARIA_USDT", "timestamp": 1762076666.309999, "anomalies": ["stale_timestamp: 1762076666.309999 vs 1764665491.8315015"], "data_sample": {"price": 0.16763, "volume": 9.0}}}
{"timestamp": "2025-12-02T08:51:31.832508+00:00", "level": "WARNING", "module": "logger", "funcName": "_log", "lineno": 188, "event_type": "streaming_indicator_engine.data_anomalies_detected", "data": {"symbol": "ARIA_USDT", "timestamp": 1762076672.308999, "anomalies": ["stale_timestamp: 1762076672.308999 vs 1764665491.832508"], "data_sample": {"price": 0.16762, "volume": 9.0}}}
{"timestamp": "2025-12-02T08:51:31.855561+00:00", "level": "WARNING", "module": "logger", "funcName": "_log", "lineno": 188, "event_type": "streaming_indicator_engine.data_anomalies_detected", "data": {"symbol": "ARIA_USDT", "timestamp": 1762076685.309999, "anomalies": ["stale_timestamp: 1762076685.309999 vs 1764665491.8555617"], "data_sample": {"price": 0.16732, "volume": 9.0}}}
{"timestamp": "2025-12-02T08:51:31.871627+00:00", "level": "WARNING", "module": "logger", "funcName": "_log", "lineno": 188, "event_type": "streaming_indicator_engine.data_anomalies_detected", "data": {"symbol": "ARIA_USDT", "timestamp": 1762076699.311, "anomalies": ["stale_timestamp: 1762076699.311 vs 1764665491.8716273"], "data_sample": {"price": 0.16737, "volume": 11.0}}}
{"timestamp": "2025-12-02T08:51:31.887182+00:00", "level": "WARNING", "module": "logger", "funcName": "_log", "lineno": 188, "event_type": "streaming_indicator_engine.data_anomalies_detected", "data": {"symbol": "ARIA_USDT", "timestamp": 1762076713.309999, "anomalies": ["stale_timestamp: 1762076713.309999 vs 1764665491.8871822"], "data_sample": {"price": 0.16735, "volume": 4.0}}}
{"timestamp": "2025-12-02T08:51:31.902291+00:00", "level": "WARNING", "module": "logger", "funcName": "_log", "lineno": 188, "event_type": "streaming_indicator_engine.data_anomalies_detected", "data": {"symbol": "ARIA_USDT", "timestamp": 1762076728.311, "anomalies": ["stale_timestamp: 1762076728.311 vs 1764665491.902292"], "data_sample": {"price": 0.16739, "volume": 9.0}}}
{"timestamp": "2025-12-02T08:51:31.917454+00:00", "level": "WARNING", "module": "logger", "funcName": "_log", "lineno": 188, "event_type": "streaming_indicator_engine.data_anomalies_detected", "data": {"symbol": "ARIA_USDT", "timestamp": 1762076734.308999, "anomalies": ["stale_timestamp: 1762076734.308999 vs 1764665491.917454"], "data_sample": {"price": 0.16744, "volume": 9.0}}}
{"timestamp": "2025-12-02T08:51:31.933020+00:00", "level": "WARNING", "module": "logger", "funcName": "_log", "lineno": 188, "event_type": "streaming_indicator_engine.data_anomalies_detected", "data": {"symbol": "ARIA_USDT", "timestamp": 1762076750.309999, "anomalies": ["stale_timestamp: 1762076750.309999 vs 1764665491.9330206"], "data_sample": {"price": 0.16747, "volume": 10.0}}}
{"timestamp": "2025-12-02T08:51:31.948470+00:00", "level": "WARNING", "module": "logger", "funcName": "_log", "lineno": 188, "event_type": "streaming_indicator_engine.data_anomalies_detected", "data": {"symbol": "ARIA_USDT", "timestamp": 1762076759.311, "anomalies": ["stale_timestamp: 1762076759.311 vs 1764665491.94796"], "data_sample": {"price": 0.16746, "volume": 10.0}}}
{"timestamp": "2025-12-02T08:51:31.964044+00:00", "level": "WARNING", "module": "logger", "funcName": "_log", "lineno": 188, "event_type": "streaming_indicator_engine.data_anomalies_detected", "data": {"symbol": "ARIA_USDT", "timestamp": 1762076767.309999, "anomalies": ["stale_timestamp: 1762076767.309999 vs 1764665491.9640443"], "data_sample": {"price": 0.16742, "volume": 8.0}}}
{"timestamp": "2025-12-02T08:51:31.978876+00:00", "level": "WARNING", "module": "logger", "funcName": "_log", "lineno": 188, "event_type": "streaming_indicator_engine.data_anomalies_detected", "data": {"symbol": "ARIA_USDT", "timestamp": 1762076783.312, "anomalies": ["stale_timestamp: 1762076783.312 vs 1764665491.9788766"], "data_sample": {"price": 0.16745, "volume": 8.0}}}
{"timestamp": "2025-12-02T08:51:31.994914+00:00", "level": "WARNING", "module": "logger", "funcName": "_log", "lineno": 188, "event_type": "streaming_indicator_engine.data_anomalies_detected", "data": {"symbol": "ARIA_USDT", "timestamp": 1762076789.309999, "anomalies": ["stale_timestamp: 1762076789.309999 vs 1764665491.9949143"], "data_sample": {"price": 0.16755, "volume": 9.0}}}
{"timestamp": "2025-12-02T08:51:32.011005+00:00", "level": "WARNING", "module": "logger", "funcName": "_log", "lineno": 188, "event_type": "streaming_indicator_engine.data_anomalies_detected", "data": {"symbol": "ARIA_USDT", "timestamp": 1762076803.311, "anomalies": ["stale_timestamp: 1762076803.311 vs 1764665492.0110052"], "data_sample": {"price": 0.16758, "volume": 10.0}}}
{"timestamp": "2025-12-02T08:51:32.026055+00:00", "level": "WARNING", "module": "logger", "funcName": "_log", "lineno": 188, "event_type": "streaming_indicator_engine.data_anomalies_detected", "data": {"symbol": "ARIA_USDT", "timestamp": 1762076816.308999, "anomalies": ["stale_timestamp: 1762076816.308999 vs 1764665492.0260553"], "data_sample": {"price": 0.16762, "volume": 9.0}}}
{"timestamp": "2025-12-02T08:51:32.042159+00:00", "level": "WARNING", "module": "logger", "funcName": "_log", "lineno": 188, "event_type": "streaming_indicator_engine.data_anomalies_detected", "data": {"symbol": "ARIA_USDT", "timestamp": 1762076825.312999, "anomalies": ["stale_timestamp: 1762076825.312999 vs 1764665492.0421596"], "data_sample": {"price": 0.16751, "volume": 10.0}}}
{"timestamp": "2025-12-02T08:51:32.057887+00:00", "level": "WARNING", "module": "logger", "funcName": "_log", "lineno": 188, "event_type": "streaming_indicator_engine.data_anomalies_detected", "data": {"symbol": "ARIA_USDT", "timestamp": 1762076831.316999, "anomalies": ["stale_timestamp: 1762076831.316999 vs 1764665492.0566406"], "data_sample": {"price": 0.1674, "volume": 6.0}}}
{"timestamp": "2025-12-02T08:51:32.061575+00:00", "level": "INFO", "module": "logger", "funcName": "_log", "lineno": 188, "event_type": "strategy_manager.indicator_update_received", "data": {"symbol": "ARIA_USDT", "indicator_name": "11b8be00-eed3-48fe-b359-df47b297226c_20", "indicator_type": "", "value": 0.0011333974547087784, "active_strategies_for_symbol": true, "active_count": 3}}
{"timestamp": "2025-12-02T08:51:32.063575+00:00", "level": "WARNING", "module": "logger", "funcName": "_log", "lineno": 188, "event_type": "streaming_indicator_engine.data_anomalies_detected", "data": {"symbol": "ARIA_USDT", "timestamp": 1762076839.311, "anomalies": ["stale_timestamp: 1762076839.311 vs 1764665492.0635753"], "data_sample": {"price": 0.16741, "volume": 8.0}}}
{"timestamp": "2025-12-02T08:51:32.064580+00:00", "level": "WARNING", "module": "logger", "funcName": "_log", "lineno": 188, "event_type": "streaming_indicator_engine.data_anomalies_detected", "data": {"symbol": "ARIA_USDT", "timestamp": 1762076846.312, "anomalies": ["stale_timestamp: 1762076846.312 vs 1764665492.0645807"], "data_sample": {"price": 0.1674, "volume": 6.0}}}
{"timestamp": "2025-12-02T08:51:32.065590+00:00", "level": "WARNING", "module": "logger", "funcName": "_log", "lineno": 188, "event_type": "streaming_indicator_engine.data_anomalies_detected", "data": {"symbol": "ARIA_USDT", "timestamp": 1762076859.309999, "anomalies": ["stale_timestamp: 1762076859.309999 vs 1764665492.0655904"], "data_sample": {"price": 0.16723, "volume": 5.0}}}
{"timestamp": "2025-12-02T08:51:32.066589+00:00", "level": "WARNING", "module": "logger", "funcName": "_log", "lineno": 188, "event_type": "streaming_indicator_engine.data_anomalies_detected", "data": {"symbol": "ARIA_USDT", "timestamp": 1762076870.309999, "anomalies": ["stale_timestamp: 1762076870.309999 vs 1764665492.066589"], "data_sample": {"price": 0.16724, "volume": 9.0}}}
{"timestamp": "2025-12-02T08:51:32.067569+00:00", "level": "WARNING", "module": "logger", "funcName": "_log", "lineno": 188, "event_type": "streaming_indicator_engine.data_anomalies_detected", "data": {"symbol": "ARIA_USDT", "timestamp": 1762076878.309999, "anomalies": ["stale_timestamp: 1762076878.309999 vs 1764665492.0675695"], "data_sample": {"price": 0.16731, "volume": 4.0}}}
{"timestamp": "2025-12-02T08:51:32.068590+00:00", "level": "INFO", "module": "logger", "funcName": "_log", "lineno": 188, "event_type": "strategy_manager.indicator_update_received", "data": {"symbol": "ARIA_USDT", "indicator_name": "11b8be00-eed3-48fe-b359-df47b297226c_20", "indicator_type": "", "value": 0.0011333974547087784, "active_strategies_for_symbol": true, "active_count": 3}}
{"timestamp": "2025-12-02T08:51:32.069890+00:00", "level": "WARNING", "module": "logger", "funcName": "_log", "lineno": 188, "event_type": "streaming_indicator_engine.data_anomalies_detected", "data": {"symbol": "ARIA_USDT", "timestamp": 1762076892.311, "anomalies": ["stale_timestamp: 1762076892.311 vs 1764665492.0698903"], "data_sample": {"price": 0.16728, "volume": 9.0}}}
{"timestamp": "2025-12-02T08:51:32.070889+00:00", "level": "WARNING", "module": "logger", "funcName": "_log", "lineno": 188, "event_type": "streaming_indicator_engine.data_anomalies_detected", "data": {"symbol": "ARIA_USDT", "timestamp": 1762076900.309999, "anomalies": ["stale_timestamp: 1762076900.309999 vs 1764665492.070889"], "data_sample": {"price": 0.16731, "volume": 7.0}}}
{"timestamp": "2025-12-02T08:51:32.071907+00:00", "level": "WARNING", "module": "logger", "funcName": "_log", "lineno": 188, "event_type": "streaming_indicator_engine.data_anomalies_detected", "data": {"symbol": "ARIA_USDT", "timestamp": 1762076915.308999, "anomalies": ["stale_timestamp: 1762076915.308999 vs 1764665492.071907"], "data_sample": {"price": 0.16729, "volume": 4.0}}}
{"timestamp": "2025-12-02T08:51:32.075556+00:00", "level": "WARNING", "module": "logger", "funcName": "_log", "lineno": 188, "event_type": "streaming_indicator_engine.data_anomalies_detected", "data": {"symbol": "ARIA_USDT", "timestamp": 1762076929.309999, "anomalies": ["stale_timestamp: 1762076929.309999 vs 1764665492.075556"], "data_sample": {"price": 0.16725, "volume": 11.0}}}
{"timestamp": "2025-12-02T08:51:32.076554+00:00", "level": "WARNING", "module": "logger", "funcName": "_log", "lineno": 188, "event_type": "streaming_indicator_engine.data_anomalies_detected", "data": {"symbol": "ARIA_USDT", "timestamp": 1762076940.312999, "anomalies": ["stale_timestamp: 1762076940.312999 vs 1764665492.076555"], "data_sample": {"price": 0.16733, "volume": 8.0}}}
{"timestamp": "2025-12-02T08:51:32.082897+00:00", "level": "INFO", "module": "logger", "funcName": "_log", "lineno": 188, "event_type": "strategy_manager.indicator_update_received", "data": {"symbol": "ARIA_USDT", "indicator_name": "f1c5bf73-df7f-4889-b417-fc3fcd71a9f7_20", "indicator_type": "", "value": 25.008965393580773, "active_strategies_for_symbol": true, "active_count": 3}}
{"timestamp": "2025-12-02T08:51:32.084884+00:00", "level": "WARNING", "module": "logger", "funcName": "_log", "lineno": 188, "event_type": "streaming_indicator_engine.data_anomalies_detected", "data": {"symbol": "ARIA_USDT", "timestamp": 1762076949.324999, "anomalies": ["stale_timestamp: 1762076949.324999 vs 1764665492.0848846"], "data_sample": {"price": 0.1673, "volume": 8.0}}}
{"timestamp": "2025-12-02T08:51:32.085883+00:00", "level": "WARNING", "module": "logger", "funcName": "_log", "lineno": 188, "event_type": "streaming_indicator_engine.data_anomalies_detected", "data": {"symbol": "ARIA_USDT", "timestamp": 1762076965.316, "anomalies": ["stale_timestamp: 1762076965.316 vs 1764665492.0858834"], "data_sample": {"price": 0.16729, "volume": 4.0}}}
{"timestamp": "2025-12-02T08:51:32.086903+00:00", "level": "WARNING", "module": "logger", "funcName": "_log", "lineno": 188, "event_type": "streaming_indicator_engine.data_anomalies_detected", "data": {"symbol": "ARIA_USDT", "timestamp": 1762076978.312, "anomalies": ["stale_timestamp: 1762076978.312 vs 1764665492.086903"], "data_sample": {"price": 0.1673, "volume": 9.0}}}
{"timestamp": "2025-12-02T08:51:32.089419+00:00", "level": "WARNING", "module": "logger", "funcName": "_log", "lineno": 188, "event_type": "streaming_indicator_engine.data_anomalies_detected", "data": {"symbol": "ARIA_USDT", "timestamp": 1762076990.315, "anomalies": ["stale_timestamp: 1762076990.315 vs 1764665492.0894191"], "data_sample": {"price": 0.16733, "volume": 10.0}}}
{"timestamp": "2025-12-02T08:51:32.091869+00:00", "level": "WARNING", "module": "logger", "funcName": "_log", "lineno": 188, "event_type": "streaming_indicator_engine.data_anomalies_detected", "data": {"symbol": "ARIA_USDT", "timestamp": 1762076997.315, "anomalies": ["stale_timestamp: 1762076997.315 vs 1764665492.0908523"], "data_sample": {"price": 0.16726, "volume": 12.0}}}
{"timestamp": "2025-12-02T08:51:32.092868+00:00", "level": "WARNING", "module": "logger", "funcName": "_log", "lineno": 188, "event_type": "streaming_indicator_engine.data_anomalies_detected", "data": {"symbol": "ARIA_USDT", "timestamp": 1762077007.309999, "anomalies": ["stale_timestamp: 1762077007.309999 vs 1764665492.0928683"], "data_sample": {"price": 0.16719, "volume": 4.0}}}
{"timestamp": "2025-12-02T08:51:32.092868+00:00", "level": "INFO", "module": "logger", "funcName": "_log", "lineno": 188, "event_type": "strategy_manager.indicator_update_received", "data": {"symbol": "ARIA_USDT", "indicator_name": "f1c5bf73-df7f-4889-b417-fc3fcd71a9f7_20", "indicator_type": "", "value": 25.008965393580773, "active_strategies_for_symbol": true, "active_count": 3}}
{"timestamp": "2025-12-02T08:51:32.093862+00:00", "level": "WARNING", "module": "logger", "funcName": "_log", "lineno": 188, "event_type": "streaming_indicator_engine.data_anomalies_detected", "data": {"symbol": "ARIA_USDT", "timestamp": 1762077018.309999, "anomalies": ["stale_timestamp: 1762077018.309999 vs 1764665492.0938628"], "data_sample": {"price": 0.16722, "volume": 8.0}}}
{"timestamp": "2025-12-02T08:51:32.094865+00:00", "level": "WARNING", "module": "logger", "funcName": "_log", "lineno": 188, "event_type": "streaming_indicator_engine.data_anomalies_detected", "data": {"symbol": "ARIA_USDT", "timestamp": 1762077025.309999, "anomalies": ["stale_timestamp: 1762077025.309999 vs 1764665492.0948656"], "data_sample": {"price": 0.16726, "volume": 5.0}}}
{"timestamp": "2025-12-02T08:51:32.095865+00:00", "level": "WARNING", "module": "logger", "funcName": "_log", "lineno": 188, "event_type": "streaming_indicator_engine.data_anomalies_detected", "data": {"symbol": "ARIA_USDT", "timestamp": 1762077033.311, "anomalies": ["stale_timestamp: 1762077033.311 vs 1764665492.095865"], "data_sample": {"price": 0.16725, "volume": 4.0}}}
{"timestamp": "2025-12-02T08:51:32.096865+00:00", "level": "WARNING", "module": "logger", "funcName": "_log", "lineno": 188, "event_type": "streaming_indicator_engine.data_anomalies_detected", "data": {"symbol": "ARIA_USDT", "timestamp": 1762077042.309999, "anomalies": ["stale_timestamp: 1762077042.309999 vs 1764665492.0968652"], "data_sample": {"price": 0.16724, "volume": 4.0}}}
{"timestamp": "2025-12-02T08:51:32.097864+00:00", "level": "WARNING", "module": "logger", "funcName": "_log", "lineno": 188, "event_type": "streaming_indicator_engine.data_anomalies_detected", "data": {"symbol": "ARIA_USDT", "timestamp": 1762077051.309999, "anomalies": ["stale_timestamp: 1762077051.309999 vs 1764665492.0978649"], "data_sample": {"price": 0.16725, "volume": 4.0}}}
{"timestamp": "2025-12-02T08:51:32.099376+00:00", "level": "WARNING", "module": "logger", "funcName": "_log", "lineno": 188, "event_type": "streaming_indicator_engine.data_anomalies_detected", "data": {"symbol": "ARIA_USDT", "timestamp": 1762077057.312999, "anomalies": ["stale_timestamp: 1762077057.312999 vs 1764665492.0993762"], "data_sample": {"price": 0.16726, "volume": 3.0}}}
{"timestamp": "2025-12-02T08:51:32.100832+00:00", "level": "WARNING", "module": "logger", "funcName": "_log", "lineno": 188, "event_type": "streaming_indicator_engine.data_anomalies_detected", "data": {"symbol": "ARIA_USDT", "timestamp": 1762077067.316999, "anomalies": ["stale_timestamp: 1762077067.316999 vs 1764665492.100832"], "data_sample": {"price": 0.16725, "volume": 8.0}}}
{"timestamp": "2025-12-02T08:51:32.101859+00:00", "level": "WARNING", "module": "logger", "funcName": "_log", "lineno": 188, "event_type": "streaming_indicator_engine.data_anomalies_detected", "data": {"symbol": "ARIA_USDT", "timestamp": 1762077081.308, "anomalies": ["stale_timestamp: 1762077081.308 vs 1764665492.1018598"], "data_sample": {"price": 0.16714, "volume": 6.0}}}
{"timestamp": "2025-12-02T08:51:32.118692+00:00", "level": "WARNING", "module": "logger", "funcName": "_log", "lineno": 188, "event_type": "streaming_indicator_engine.data_anomalies_detected", "data": {"symbol": "ARIA_USDT", "timestamp": 1762077089.311, "anomalies": ["stale_timestamp: 1762077089.311 vs 1764665492.1186922"], "data_sample": {"price": 0.16711, "volume": 4.0}}}
{"timestamp": "2025-12-02T08:51:32.133510+00:00", "level": "WARNING", "module": "logger", "funcName": "_log", "lineno": 188, "event_type": "streaming_indicator_engine.data_anomalies_detected", "data": {"symbol": "ARIA_USDT", "timestamp": 1762077098.311, "anomalies": ["stale_timestamp: 1762077098.311 vs 1764665492.13351"], "data_sample": {"price": 0.16702, "volume": 4.0}}}
{"timestamp": "2025-12-02T08:51:32.149791+00:00", "level": "WARNING", "module": "logger", "funcName": "_log", "lineno": 188, "event_type": "streaming_indicator_engine.data_anomalies_detected", "data": {"symbol": "ARIA_USDT", "timestamp": 1762077107.335, "anomalies": ["stale_timestamp: 1762077107.335 vs 1764665492.1487792"], "data_sample": {"price": 0.167, "volume": 26.0}}}
{"timestamp": "2025-12-02T08:51:32.163807+00:00", "level": "WARNING", "module": "logger", "funcName": "_log", "lineno": 188, "event_type": "streaming_indicator_engine.data_anomalies_detected", "data": {"symbol": "ARIA_USDT", "timestamp": 1762077121.309999, "anomalies": ["stale_timestamp: 1762077121.309999 vs 1764665492.1638072"], "data_sample": {"price": 0.16704, "volume": 8.0}}}
{"timestamp": "2025-12-02T08:51:32.179850+00:00", "level": "WARNING", "module": "logger", "funcName": "_log", "lineno": 188, "event_type": "streaming_indicator_engine.data_anomalies_detected", "data": {"symbol": "ARIA_USDT", "timestamp": 1762077123.420999, "anomalies": ["stale_timestamp: 1762077123.420999 vs 1764665492.1788375"], "data_sample": {"price": 0.167, "volume": 59.0}}}
{"timestamp": "2025-12-02T08:51:32.199311+00:00", "level": "WARNING", "module": "logger", "funcName": "_log", "lineno": 188, "event_type": "streaming_indicator_engine.data_anomalies_detected", "data": {"symbol": "ARIA_USDT", "timestamp": 1762077139.311, "anomalies": ["stale_timestamp: 1762077139.311 vs 1764665492.198802"], "data_sample": {"price": 0.16703, "volume": 5.0}}}
{"timestamp": "2025-12-02T08:51:32.216378+00:00", "level": "WARNING", "module": "logger", "funcName": "_log", "lineno": 188, "event_type": "streaming_indicator_engine.data_anomalies_detected", "data": {"symbol": "ARIA_USDT", "timestamp": 1762077152.308999, "anomalies": ["stale_timestamp: 1762077152.308999 vs 1764665492.2163785"], "data_sample": {"price": 0.16708, "volume": 9.0}}}
{"timestamp": "2025-12-02T08:51:32.231833+00:00", "level": "WARNING", "module": "logger", "funcName": "_log", "lineno": 188, "event_type": "streaming_indicator_engine.data_anomalies_detected", "data": {"symbol": "ARIA_USDT", "timestamp": 1762077163.309999, "anomalies": ["stale_timestamp: 1762077163.309999 vs 1764665492.231834"], "data_sample": {"price": 0.16713, "volume": 11.0}}}
{"timestamp": "2025-12-02T08:51:32.246993+00:00", "level": "WARNING", "module": "logger", "funcName": "_log", "lineno": 188, "event_type": "streaming_indicator_engine.data_anomalies_detected", "data": {"symbol": "ARIA_USDT", "timestamp": 1762077172.309999, "anomalies": ["stale_timestamp: 1762077172.309999 vs 1764665492.2469933"], "data_sample": {"price": 0.16706, "volume": 12.0}}}
{"timestamp": "2025-12-02T08:51:32.266419+00:00", "level": "WARNING", "module": "logger", "funcName": "_log", "lineno": 188, "event_type": "streaming_indicator_engine.data_anomalies_detected", "data": {"symbol": "ARIA_USDT", "timestamp": 1762077187.312999, "anomalies": ["stale_timestamp: 1762077187.312999 vs 1764665492.265417"], "data_sample": {"price": 0.16705, "volume": 4.0}}}
{"timestamp": "2025-12-02T08:51:32.294377+00:00", "level": "WARNING", "module": "logger", "funcName": "_log", "lineno": 188, "event_type": "streaming_indicator_engine.data_anomalies_detected", "data": {"symbol": "ARIA_USDT", "timestamp": 1762077203.309999, "anomalies": ["stale_timestamp: 1762077203.309999 vs 1764665492.2943773"], "data_sample": {"price": 0.16703, "volume": 6.0}}}
{"timestamp": "2025-12-02T08:51:32.310298+00:00", "level": "WARNING", "module": "logger", "funcName": "_log", "lineno": 188, "event_type": "streaming_indicator_engine.data_anomalies_detected", "data": {"symbol": "ARIA_USDT", "timestamp": 1762077211.312, "anomalies": ["stale_timestamp: 1762077211.312 vs 1764665492.309286"], "data_sample": {"price": 0.16707, "volume": 9.0}}}
{"timestamp": "2025-12-02T08:51:32.325996+00:00", "level": "WARNING", "module": "logger", "funcName": "_log", "lineno": 188, "event_type": "streaming_indicator_engine.data_anomalies_detected", "data": {"symbol": "ARIA_USDT", "timestamp": 1762077227.312999, "anomalies": ["stale_timestamp: 1762077227.312999 vs 1764665492.3249595"], "data_sample": {"price": 0.16704, "volume": 4.0}}}
{"timestamp": "2025-12-02T08:51:32.353590+00:00", "level": "WARNING", "module": "logger", "funcName": "_log", "lineno": 188, "event_type": "streaming_indicator_engine.data_anomalies_detected", "data": {"symbol": "ARIA_USDT", "timestamp": 1762077234.308999, "anomalies": ["stale_timestamp: 1762077234.308999 vs 1764665492.3535905"], "data_sample": {"price": 0.16708, "volume": 8.0}}}
{"timestamp": "2025-12-02T08:51:32.369680+00:00", "level": "WARNING", "module": "logger", "funcName": "_log", "lineno": 188, "event_type": "streaming_indicator_engine.data_anomalies_detected", "data": {"symbol": "ARIA_USDT", "timestamp": 1762077247.312999, "anomalies": ["stale_timestamp: 1762077247.312999 vs 1764665492.369681"], "data_sample": {"price": 0.16705, "volume": 7.0}}}
{"timestamp": "2025-12-02T08:51:32.383484+00:00", "level": "WARNING", "module": "logger", "funcName": "_log", "lineno": 188, "event_type": "streaming_indicator_engine.data_anomalies_detected", "data": {"symbol": "ARIA_USDT", "timestamp": 1762077263.309999, "anomalies": ["stale_timestamp: 1762077263.309999 vs 1764665492.3834846"], "data_sample": {"price": 0.16704, "volume": 7.0}}}
{"timestamp": "2025-12-02T08:51:32.398761+00:00", "level": "WARNING", "module": "logger", "funcName": "_log", "lineno": 188, "event_type": "streaming_indicator_engine.data_anomalies_detected", "data": {"symbol": "ARIA_USDT", "timestamp": 1762077274.309999, "anomalies": ["stale_timestamp: 1762077274.309999 vs 1764665492.3987617"], "data_sample": {"price": 0.16709, "volume": 4.0}}}
{"timestamp": "2025-12-02T08:51:32.413891+00:00", "level": "WARNING", "module": "logger", "funcName": "_log", "lineno": 188, "event_type": "streaming_indicator_engine.data_anomalies_detected", "data": {"symbol": "ARIA_USDT", "timestamp": 1762077281.311, "anomalies": ["stale_timestamp: 1762077281.311 vs 1764665492.4138918"], "data_sample": {"price": 0.16713, "volume": 12.0}}}
{"timestamp": "2025-12-02T08:51:32.429228+00:00", "level": "WARNING", "module": "logger", "funcName": "_log", "lineno": 188, "event_type": "streaming_indicator_engine.data_anomalies_detected", "data": {"symbol": "ARIA_USDT", "timestamp": 1762077290.312, "anomalies": ["stale_timestamp: 1762077290.312 vs 1764665492.429228"], "data_sample": {"price": 0.16709, "volume": 8.0}}}
{"timestamp": "2025-12-02T08:51:32.444803+00:00", "level": "WARNING", "module": "logger", "funcName": "_log", "lineno": 188, "event_type": "streaming_indicator_engine.data_anomalies_detected", "data": {"symbol": "ARIA_USDT", "timestamp": 1762077299.312, "anomalies": ["stale_timestamp: 1762077299.312 vs 1764665492.4448035"], "data_sample": {"price": 0.16706, "volume": 8.0}}}
{"timestamp": "2025-12-02T08:51:32.460893+00:00", "level": "WARNING", "module": "logger", "funcName": "_log", "lineno": 188, "event_type": "streaming_indicator_engine.data_anomalies_detected", "data": {"symbol": "ARIA_USDT", "timestamp": 1762077309.309999, "anomalies": ["stale_timestamp: 1762077309.309999 vs 1764665492.4608934"], "data_sample": {"price": 0.16705, "volume": 6.0}}}
{"timestamp": "2025-12-02T08:51:32.477693+00:00", "level": "WARNING", "module": "logger", "funcName": "_log", "lineno": 188, "event_type": "streaming_indicator_engine.data_anomalies_detected", "data": {"symbol": "ARIA_USDT", "timestamp": 1762077318.312, "anomalies": ["stale_timestamp: 1762077318.312 vs 1764665492.4776938"], "data_sample": {"price": 0.16706, "volume": 9.0}}}
{"timestamp": "2025-12-02T08:51:32.492860+00:00", "level": "WARNING", "module": "logger", "funcName": "_log", "lineno": 188, "event_type": "streaming_indicator_engine.data_anomalies_detected", "data": {"symbol": "ARIA_USDT", "timestamp": 1762077324.309999, "anomalies": ["stale_timestamp: 1762077324.309999 vs 1764665492.4928606"], "data_sample": {"price": 0.1671, "volume": 5.0}}}
{"timestamp": "2025-12-02T08:51:32.507654+00:00", "level": "WARNING", "module": "logger", "funcName": "_log", "lineno": 188, "event_type": "streaming_indicator_engine.data_anomalies_detected", "data": {"symbol": "ARIA_USDT", "timestamp": 1762077335.309999, "anomalies": ["stale_timestamp: 1762077335.309999 vs 1764665492.5076547"], "data_sample": {"price": 0.16709, "volume": 4.0}}}
{"timestamp": "2025-12-02T08:51:32.523917+00:00", "level": "WARNING", "module": "logger", "funcName": "_log", "lineno": 188, "event_type": "streaming_indicator_engine.data_anomalies_detected", "data": {"symbol": "ARIA_USDT", "timestamp": 1762077351.309999, "anomalies": ["stale_timestamp: 1762077351.309999 vs 1764665492.522714"], "data_sample": {"price": 0.1671, "volume": 3.0}}}
{"timestamp": "2025-12-02T08:51:32.552681+00:00", "level": "WARNING", "module": "logger", "funcName": "_log", "lineno": 188, "event_type": "streaming_indicator_engine.data_anomalies_detected", "data": {"symbol": "ARIA_USDT", "timestamp": 1762077362.309999, "anomalies": ["stale_timestamp: 1762077362.309999 vs 1764665492.5526814"], "data_sample": {"price": 0.16716, "volume": 5.0}}}
{"timestamp": "2025-12-02T08:51:32.567622+00:00", "level": "WARNING", "module": "logger", "funcName": "_log", "lineno": 188, "event_type": "streaming_indicator_engine.data_anomalies_detected", "data": {"symbol": "ARIA_USDT", "timestamp": 1762077376.309999, "anomalies": ["stale_timestamp: 1762077376.309999 vs 1764665492.5676222"], "data_sample": {"price": 0.16724, "volume": 11.0}}}
{"timestamp": "2025-12-02T08:51:32.582810+00:00", "level": "WARNING", "module": "logger", "funcName": "_log", "lineno": 188, "event_type": "streaming_indicator_engine.data_anomalies_detected", "data": {"symbol": "ARIA_USDT", "timestamp": 1762077387.309999, "anomalies": ["stale_timestamp: 1762077387.309999 vs 1764665492.5828102"], "data_sample": {"price": 0.16726, "volume": 11.0}}}
{"timestamp": "2025-12-02T08:51:32.598598+00:00", "level": "WARNING", "module": "logger", "funcName": "_log", "lineno": 188, "event_type": "streaming_indicator_engine.data_anomalies_detected", "data": {"symbol": "ARIA_USDT", "timestamp": 1762077395.309999, "anomalies": ["stale_timestamp: 1762077395.309999 vs 1764665492.5985985"], "data_sample": {"price": 0.16728, "volume": 3.0}}}
{"timestamp": "2025-12-02T08:51:32.613942+00:00", "level": "WARNING", "module": "logger", "funcName": "_log", "lineno": 188, "event_type": "streaming_indicator_engine.data_anomalies_detected", "data": {"symbol": "ARIA_USDT", "timestamp": 1762077402.309999, "anomalies": ["stale_timestamp: 1762077402.309999 vs 1764665492.6139426"], "data_sample": {"price": 0.1673, "volume": 10.0}}}
{"timestamp": "2025-12-02T08:51:32.628958+00:00", "level": "WARNING", "module": "logger", "funcName": "_log", "lineno": 188, "event_type": "streaming_indicator_engine.data_anomalies_detected", "data": {"symbol": "ARIA_USDT", "timestamp": 1762077412.311, "anomalies": ["stale_timestamp: 1762077412.311 vs 1764665492.628958"], "data_sample": {"price": 0.16729, "volume": 7.0}}}
{"timestamp": "2025-12-02T08:51:32.645847+00:00", "level": "WARNING", "module": "logger", "funcName": "_log", "lineno": 188, "event_type": "streaming_indicator_engine.data_anomalies_detected", "data": {"symbol": "ARIA_USDT", "timestamp": 1762077421.309999, "anomalies": ["stale_timestamp: 1762077421.309999 vs 1764665492.6448553"], "data_sample": {"price": 0.16727, "volume": 4.0}}}
{"timestamp": "2025-12-02T08:51:32.787828+00:00", "level": "INFO", "module": "logger", "funcName": "_log", "lineno": 188, "event_type": "strategy_manager.indicator_update_received", "data": {"symbol": "ARIA_USDT", "indicator_name": "611fad91-045d-408b-8822-f43428935033_20", "indicator_type": "", "value": 0.0013506874143189638, "active_strategies_for_symbol": true, "active_count": 3}}
{"timestamp": "2025-12-02T08:51:32.789335+00:00", "level": "WARNING", "module": "logger", "funcName": "_log", "lineno": 188, "event_type": "streaming_indicator_engine.data_anomalies_detected", "data": {"symbol": "ARIA_USDT", "timestamp": 1762076372.312999, "anomalies": ["stale_timestamp: 1762076372.312999 vs 1764665492.7893357"], "data_sample": {"price": 0.1671, "volume": 3.0}}}
{"timestamp": "2025-12-02T08:51:32.790346+00:00", "level": "WARNING", "module": "logger", "funcName": "_log", "lineno": 188, "event_type": "streaming_indicator_engine.data_anomalies_detected", "data": {"symbol": "ARIA_USDT", "timestamp": 1762076381.309999, "anomalies": ["stale_timestamp: 1762076381.309999 vs 1764665492.790346"], "data_sample": {"price": 0.16715, "volume": 8.0}}}
{"timestamp": "2025-12-02T08:51:32.793354+00:00", "level": "WARNING", "module": "logger", "funcName": "_log", "lineno": 188, "event_type": "streaming_indicator_engine.data_anomalies_detected", "data": {"symbol": "ARIA_USDT", "timestamp": 1762076388.311, "anomalies": ["stale_timestamp: 1762076388.311 vs 1764665492.792362"], "data_sample": {"price": 0.16714, "volume": 9.0}}}
{"timestamp": "2025-12-02T08:51:32.794680+00:00", "level": "WARNING", "module": "logger", "funcName": "_log", "lineno": 188, "event_type": "streaming_indicator_engine.data_anomalies_detected", "data": {"symbol": "ARIA_USDT", "timestamp": 1762076401.309999, "anomalies": ["stale_timestamp: 1762076401.309999 vs 1764665492.7946808"], "data_sample": {"price": 0.16717, "volume": 7.0}}}
{"timestamp": "2025-12-02T08:51:32.796037+00:00", "level": "WARNING", "module": "logger", "funcName": "_log", "lineno": 188, "event_type": "streaming_indicator_engine.data_anomalies_detected", "data": {"symbol": "ARIA_USDT", "timestamp": 1762076408.312, "anomalies": ["stale_timestamp: 1762076408.312 vs 1764665492.7946808"], "data_sample": {"price": 0.16713, "volume": 3.0}}}
{"timestamp": "2025-12-02T08:51:32.797049+00:00", "level": "WARNING", "module": "logger", "funcName": "_log", "lineno": 188, "event_type": "streaming_indicator_engine.data_anomalies_detected", "data": {"symbol": "ARIA_USDT", "timestamp": 1762076417.311, "anomalies": ["stale_timestamp: 1762076417.311 vs 1764665492.796038"], "data_sample": {"price": 0.16708, "volume": 3.0}}}
{"timestamp": "2025-12-02T08:51:32.798558+00:00", "level": "INFO", "module": "logger", "funcName": "_log", "lineno": 188, "event_type": "strategy_manager.indicator_update_received", "data": {"symbol": "ARIA_USDT", "indicator_name": "611fad91-045d-408b-8822-f43428935033_20", "indicator_type": "", "value": 0.0013506874143189638, "active_strategies_for_symbol": true, "active_count": 3}}
{"timestamp": "2025-12-02T08:51:32.800078+00:00", "level": "WARNING", "module": "logger", "funcName": "_log", "lineno": 188, "event_type": "streaming_indicator_engine.data_anomalies_detected", "data": {"symbol": "ARIA_USDT", "timestamp": 1762076427.308999, "anomalies": ["stale_timestamp: 1762076427.308999 vs 1764665492.8000784"], "data_sample": {"price": 0.16707, "volume": 12.0}}}
{"timestamp": "2025-12-02T08:51:32.801087+00:00", "level": "WARNING", "module": "logger", "funcName": "_log", "lineno": 188, "event_type": "streaming_indicator_engine.data_anomalies_detected", "data": {"symbol": "ARIA_USDT", "timestamp": 1762076435.309999, "anomalies": ["stale_timestamp: 1762076435.309999 vs 1764665492.8010874"], "data_sample": {"price": 0.1671, "volume": 4.0}}}
{"timestamp": "2025-12-02T08:51:32.802533+00:00", "level": "WARNING", "module": "logger", "funcName": "_log", "lineno": 188, "event_type": "streaming_indicator_engine.data_anomalies_detected", "data": {"symbol": "ARIA_USDT", "timestamp": 1762076447.309999, "anomalies": ["stale_timestamp: 1762076447.309999 vs 1764665492.8025334"], "data_sample": {"price": 0.16708, "volume": 9.0}}}
{"timestamp": "2025-12-02T08:51:32.803970+00:00", "level": "WARNING", "module": "logger", "funcName": "_log", "lineno": 188, "event_type": "streaming_indicator_engine.data_anomalies_detected", "data": {"symbol": "ARIA_USDT", "timestamp": 1762076462.309999, "anomalies": ["stale_timestamp: 1762076462.309999 vs 1764665492.8039708"], "data_sample": {"price": 0.16726, "volume": 10.0}}}
{"timestamp": "2025-12-02T08:51:32.804984+00:00", "level": "WARNING", "module": "logger", "funcName": "_log", "lineno": 188, "event_type": "streaming_indicator_engine.data_anomalies_detected", "data": {"symbol": "ARIA_USDT", "timestamp": 1762076476.308999, "anomalies": ["stale_timestamp: 1762076476.308999 vs 1764665492.8049846"], "data_sample": {"price": 0.16745, "volume": 9.0}}}
{"timestamp": "2025-12-02T08:51:32.806003+00:00", "level": "WARNING", "module": "logger", "funcName": "_log", "lineno": 188, "event_type": "streaming_indicator_engine.data_anomalies_detected", "data": {"symbol": "ARIA_USDT", "timestamp": 1762076490.311, "anomalies": ["stale_timestamp: 1762076490.311 vs 1764665492.8060036"], "data_sample": {"price": 0.16766, "volume": 7.0}}}
{"timestamp": "2025-12-02T08:51:32.812514+00:00", "level": "WARNING", "module": "logger", "funcName": "_log", "lineno": 188, "event_type": "streaming_indicator_engine.data_anomalies_detected", "data": {"symbol": "ARIA_USDT", "timestamp": 1762076501.311, "anomalies": ["stale_timestamp: 1762076501.311 vs 1764665492.8115177"], "data_sample": {"price": 0.16763, "volume": 5.0}}}
{"timestamp": "2025-12-02T08:51:32.831834+00:00", "level": "WARNING", "module": "logger", "funcName": "_log", "lineno": 188, "event_type": "streaming_indicator_engine.data_anomalies_detected", "data": {"symbol": "ARIA_USDT", "timestamp": 1762076514.408999, "anomalies": ["stale_timestamp: 1762076514.408999 vs 1764665492.831834"], "data_sample": {"price": 0.16766, "volume": 10.0}}}
{"timestamp": "2025-12-02T08:51:32.847371+00:00", "level": "WARNING", "module": "logger", "funcName": "_log", "lineno": 188, "event_type": "streaming_indicator_engine.data_anomalies_detected", "data": {"symbol": "ARIA_USDT", "timestamp": 1762076520.311, "anomalies": ["stale_timestamp: 1762076520.311 vs 1764665492.847371"], "data_sample": {"price": 0.1677, "volume": 9.0}}}
{"timestamp": "2025-12-02T08:51:32.862563+00:00", "level": "WARNING", "module": "logger", "funcName": "_log", "lineno": 188, "event_type": "streaming_indicator_engine.data_anomalies_detected", "data": {"symbol": "ARIA_USDT", "timestamp": 1762076531.311, "anomalies": ["stale_timestamp: 1762076531.311 vs 1764665492.8625634"], "data_sample": {"price": 0.16778, "volume": 10.0}}}
{"timestamp": "2025-12-02T08:51:32.878597+00:00", "level": "WARNING", "module": "logger", "funcName": "_log", "lineno": 188, "event_type": "streaming_indicator_engine.data_anomalies_detected", "data": {"symbol": "ARIA_USDT", "timestamp": 1762076537.311, "anomalies": ["stale_timestamp: 1762076537.311 vs 1764665492.8785973"], "data_sample": {"price": 0.16777, "volume": 10.0}}}
{"timestamp": "2025-12-02T08:51:32.893461+00:00", "level": "WARNING", "module": "logger", "funcName": "_log", "lineno": 188, "event_type": "streaming_indicator_engine.data_anomalies_detected", "data": {"symbol": "ARIA_USDT", "timestamp": 1762076543.312, "anomalies": ["stale_timestamp: 1762076543.312 vs 1764665492.8934615"], "data_sample": {"price": 0.16765, "volume": 8.0}}}
{"timestamp": "2025-12-02T08:51:32.910192+00:00", "level": "WARNING", "module": "logger", "funcName": "_log", "lineno": 188, "event_type": "streaming_indicator_engine.data_anomalies_detected", "data": {"symbol": "ARIA_USDT", "timestamp": 1762076551.311, "anomalies": ["stale_timestamp: 1762076551.311 vs 1764665492.9092143"], "data_sample": {"price": 0.16776, "volume": 7.0}}}
{"timestamp": "2025-12-02T08:51:32.924738+00:00", "level": "WARNING", "module": "logger", "funcName": "_log", "lineno": 188, "event_type": "streaming_indicator_engine.data_anomalies_detected", "data": {"symbol": "ARIA_USDT", "timestamp": 1762076567.313999, "anomalies": ["stale_timestamp: 1762076567.313999 vs 1764665492.9247384"], "data_sample": {"price": 0.16779, "volume": 4.0}}}
{"timestamp": "2025-12-02T08:51:32.939782+00:00", "level": "WARNING", "module": "logger", "funcName": "_log", "lineno": 188, "event_type": "streaming_indicator_engine.data_anomalies_detected", "data": {"symbol": "ARIA_USDT", "timestamp": 1762076582.312999, "anomalies": ["stale_timestamp: 1762076582.312999 vs 1764665492.9397826"], "data_sample": {"price": 0.16774, "volume": 4.0}}}
{"timestamp": "2025-12-02T08:51:32.954621+00:00", "level": "WARNING", "module": "logger", "funcName": "_log", "lineno": 188, "event_type": "streaming_indicator_engine.data_anomalies_detected", "data": {"symbol": "ARIA_USDT", "timestamp": 1762076595.309999, "anomalies": ["stale_timestamp: 1762076595.309999 vs 1764665492.954621"], "data_sample": {"price": 0.16776, "volume": 10.0}}}
{"timestamp": "2025-12-02T08:51:32.970069+00:00", "level": "WARNING", "module": "logger", "funcName": "_log", "lineno": 188, "event_type": "streaming_indicator_engine.data_anomalies_detected", "data": {"symbol": "ARIA_USDT", "timestamp": 1762076606.309999, "anomalies": ["stale_timestamp: 1762076606.309999 vs 1764665492.9700692"], "data_sample": {"price": 0.16772, "volume": 9.0}}}
{"timestamp": "2025-12-02T08:51:32.986026+00:00", "level": "WARNING", "module": "logger", "funcName": "_log", "lineno": 188, "event_type": "streaming_indicator_engine.data_anomalies_detected", "data": {"symbol": "ARIA_USDT", "timestamp": 1762076620.309999, "anomalies": ["stale_timestamp: 1762076620.309999 vs 1764665492.9860265"], "data_sample": {"price": 0.16764, "volume": 5.0}}}
{"timestamp": "2025-12-02T08:51:33.000737+00:00", "level": "WARNING", "module": "logger", "funcName": "_log", "lineno": 188, "event_type": "streaming_indicator_engine.data_anomalies_detected", "data": {"symbol": "ARIA_USDT", "timestamp": 1762076628.311, "anomalies": ["stale_timestamp: 1762076628.311 vs 1764665493.000737"], "data_sample": {"price": 0.16761, "volume": 7.0}}}
{"timestamp": "2025-12-02T08:51:33.015865+00:00", "level": "WARNING", "module": "logger", "funcName": "_log", "lineno": 188, "event_type": "streaming_indicator_engine.data_anomalies_detected", "data": {"symbol": "ARIA_USDT", "timestamp": 1762076638.312999, "anomalies": ["stale_timestamp: 1762076638.312999 vs 1764665493.0158653"], "data_sample": {"price": 0.16763, "volume": 10.0}}}
{"timestamp": "2025-12-02T08:51:33.031907+00:00", "level": "WARNING", "module": "logger", "funcName": "_log", "lineno": 188, "event_type": "streaming_indicator_engine.data_anomalies_detected", "data": {"symbol": "ARIA_USDT", "timestamp": 1762076647.309999, "anomalies": ["stale_timestamp: 1762076647.309999 vs 1764665493.0319078"], "data_sample": {"price": 0.16762, "volume": 4.0}}}
{"timestamp": "2025-12-02T08:51:33.048950+00:00", "level": "WARNING", "module": "logger", "funcName": "_log", "lineno": 188, "event_type": "streaming_indicator_engine.data_anomalies_detected", "data": {"symbol": "ARIA_USDT", "timestamp": 1762076653.309999, "anomalies": ["stale_timestamp: 1762076653.309999 vs 1764665493.0474455"], "data_sample": {"price": 0.16761, "volume": 9.0}}}
{"timestamp": "2025-12-02T08:51:33.064017+00:00", "level": "WARNING", "module": "logger", "funcName": "_log", "lineno": 188, "event_type": "streaming_indicator_engine.data_anomalies_detected", "data": {"symbol": "ARIA_USDT", "timestamp": 1762076666.309999, "anomalies": ["stale_timestamp: 1762076666.309999 vs 1764665493.0640173"], "data_sample": {"price": 0.16763, "volume": 9.0}}}
{"timestamp": "2025-12-02T08:51:33.072890+00:00", "level": "INFO", "module": "logger", "funcName": "_log", "lineno": 188, "event_type": "strategy_manager.indicator_update_received", "data": {"symbol": "ARIA_USDT", "indicator_name": "11b8be00-eed3-48fe-b359-df47b297226c_20", "indicator_type": "", "value": -0.0008846927001959152, "active_strategies_for_symbol": true, "active_count": 3}}
{"timestamp": "2025-12-02T08:51:33.078717+00:00", "level": "WARNING", "module": "logger", "funcName": "_log", "lineno": 188, "event_type": "streaming_indicator_engine.data_anomalies_detected", "data": {"symbol": "ARIA_USDT", "timestamp": 1762076672.308999, "anomalies": ["stale_timestamp: 1762076672.308999 vs 1764665493.0787177"], "data_sample": {"price": 0.16762, "volume": 9.0}}}
{"timestamp": "2025-12-02T08:51:33.080725+00:00", "level": "WARNING", "module": "logger", "funcName": "_log", "lineno": 188, "event_type": "streaming_indicator_engine.data_anomalies_detected", "data": {"symbol": "ARIA_USDT", "timestamp": 1762076685.309999, "anomalies": ["stale_timestamp: 1762076685.309999 vs 1764665493.080726"], "data_sample": {"price": 0.16732, "volume": 9.0}}}
{"timestamp": "2025-12-02T08:51:33.081733+00:00", "level": "WARNING", "module": "logger", "funcName": "_log", "lineno": 188, "event_type": "streaming_indicator_engine.data_anomalies_detected", "data": {"symbol": "ARIA_USDT", "timestamp": 1762076699.311, "anomalies": ["stale_timestamp: 1762076699.311 vs 1764665493.0817337"], "data_sample": {"price": 0.16737, "volume": 11.0}}}
{"timestamp": "2025-12-02T08:51:33.082998+00:00", "level": "WARNING", "module": "logger", "funcName": "_log", "lineno": 188, "event_type": "streaming_indicator_engine.data_anomalies_detected", "data": {"symbol": "ARIA_USDT", "timestamp": 1762076713.309999, "anomalies": ["stale_timestamp: 1762076713.309999 vs 1764665493.082998"], "data_sample": {"price": 0.16735, "volume": 4.0}}}
{"timestamp": "2025-12-02T08:51:33.084006+00:00", "level": "INFO", "module": "logger", "funcName": "_log", "lineno": 188, "event_type": "strategy_manager.indicator_update_received", "data": {"symbol": "ARIA_USDT", "indicator_name": "11b8be00-eed3-48fe-b359-df47b297226c_20", "indicator_type": "", "value": -0.0008846927001959152, "active_strategies_for_symbol": true, "active_count": 3}}
{"timestamp": "2025-12-02T08:51:33.085007+00:00", "level": "WARNING", "module": "logger", "funcName": "_log", "lineno": 188, "event_type": "streaming_indicator_engine.data_anomalies_detected", "data": {"symbol": "ARIA_USDT", "timestamp": 1762076728.311, "anomalies": ["stale_timestamp: 1762076728.311 vs 1764665493.0840065"], "data_sample": {"price": 0.16739, "volume": 9.0}}}
{"timestamp": "2025-12-02T08:51:33.086010+00:00", "level": "WARNING", "module": "logger", "funcName": "_log", "lineno": 188, "event_type": "streaming_indicator_engine.data_anomalies_detected", "data": {"symbol": "ARIA_USDT", "timestamp": 1762076734.308999, "anomalies": ["stale_timestamp: 1762076734.308999 vs 1764665493.0860107"], "data_sample": {"price": 0.16744, "volume": 9.0}}}
{"timestamp": "2025-12-02T08:51:33.087007+00:00", "level": "WARNING", "module": "logger", "funcName": "_log", "lineno": 188, "event_type": "streaming_indicator_engine.data_anomalies_detected", "data": {"symbol": "ARIA_USDT", "timestamp": 1762076750.309999, "anomalies": ["stale_timestamp: 1762076750.309999 vs 1764665493.087008"], "data_sample": {"price": 0.16747, "volume": 10.0}}}
{"timestamp": "2025-12-02T08:51:33.087007+00:00", "level": "WARNING", "module": "logger", "funcName": "_log", "lineno": 188, "event_type": "streaming_indicator_engine.data_anomalies_detected", "data": {"symbol": "ARIA_USDT", "timestamp": 1762076759.311, "anomalies": ["stale_timestamp: 1762076759.311 vs 1764665493.087008"], "data_sample": {"price": 0.16746, "volume": 10.0}}}
{"timestamp": "2025-12-02T08:51:33.088517+00:00", "level": "WARNING", "module": "logger", "funcName": "_log", "lineno": 188, "event_type": "streaming_indicator_engine.data_anomalies_detected", "data": {"symbol": "ARIA_USDT", "timestamp": 1762076767.309999, "anomalies": ["stale_timestamp: 1762076767.309999 vs 1764665493.0885172"], "data_sample": {"price": 0.16742, "volume": 8.0}}}
{"timestamp": "2025-12-02T08:51:33.089617+00:00", "level": "WARNING", "module": "logger", "funcName": "_log", "lineno": 188, "event_type": "streaming_indicator_engine.data_anomalies_detected", "data": {"symbol": "ARIA_USDT", "timestamp": 1762076783.312, "anomalies": ["stale_timestamp: 1762076783.312 vs 1764665493.0885172"], "data_sample": {"price": 0.16745, "volume": 8.0}}}
{"timestamp": "2025-12-02T08:51:33.095294+00:00", "level": "INFO", "module": "logger", "funcName": "_log", "lineno": 188, "event_type": "strategy_manager.indicator_update_received", "data": {"symbol": "ARIA_USDT", "indicator_name": "790d8eed-dc95-43ff-b625-1205d256154b_20", "indicator_type": "", "value": 2.9740887965539348e-05, "active_strategies_for_symbol": true, "active_count": 3}}
{"timestamp": "2025-12-02T08:51:33.096082+00:00", "level": "WARNING", "module": "logger", "funcName": "_log", "lineno": 188, "event_type": "streaming_indicator_engine.data_anomalies_detected", "data": {"symbol": "ARIA_USDT", "timestamp": 1762076789.309999, "anomalies": ["stale_timestamp: 1762076789.309999 vs 1764665493.0960824"], "data_sample": {"price": 0.16755, "volume": 9.0}}}
{"timestamp": "2025-12-02T08:51:33.097095+00:00", "level": "WARNING", "module": "logger", "funcName": "_log", "lineno": 188, "event_type": "streaming_indicator_engine.data_anomalies_detected", "data": {"symbol": "ARIA_USDT", "timestamp": 1762076803.311, "anomalies": ["stale_timestamp: 1762076803.311 vs 1764665493.0970955"], "data_sample": {"price": 0.16758, "volume": 10.0}}}
{"timestamp": "2025-12-02T08:51:33.097095+00:00", "level": "WARNING", "module": "logger", "funcName": "_log", "lineno": 188, "event_type": "streaming_indicator_engine.data_anomalies_detected", "data": {"symbol": "ARIA_USDT", "timestamp": 1762076816.308999, "anomalies": ["stale_timestamp: 1762076816.308999 vs 1764665493.0970955"], "data_sample": {"price": 0.16762, "volume": 9.0}}}
{"timestamp": "2025-12-02T08:51:33.099633+00:00", "level": "WARNING", "module": "logger", "funcName": "_log", "lineno": 188, "event_type": "streaming_indicator_engine.data_anomalies_detected", "data": {"symbol": "ARIA_USDT", "timestamp": 1762076825.312999, "anomalies": ["stale_timestamp: 1762076825.312999 vs 1764665493.0996335"], "data_sample": {"price": 0.16751, "volume": 10.0}}}
{"timestamp": "2025-12-02T08:51:33.099633+00:00", "level": "WARNING", "module": "logger", "funcName": "_log", "lineno": 188, "event_type": "streaming_indicator_engine.data_anomalies_detected", "data": {"symbol": "ARIA_USDT", "timestamp": 1762076831.316999, "anomalies": ["stale_timestamp: 1762076831.316999 vs 1764665493.0996335"], "data_sample": {"price": 0.1674, "volume": 6.0}}}
{"timestamp": "2025-12-02T08:51:33.100838+00:00", "level": "WARNING", "module": "logger", "funcName": "_log", "lineno": 188, "event_type": "streaming_indicator_engine.data_anomalies_detected", "data": {"symbol": "ARIA_USDT", "timestamp": 1762076839.311, "anomalies": ["stale_timestamp: 1762076839.311 vs 1764665493.100838"], "data_sample": {"price": 0.16741, "volume": 8.0}}}
{"timestamp": "2025-12-02T08:51:33.102871+00:00", "level": "INFO", "module": "logger", "funcName": "_log", "lineno": 188, "event_type": "strategy_manager.indicator_update_received", "data": {"symbol": "ARIA_USDT", "indicator_name": "790d8eed-dc95-43ff-b625-1205d256154b_20", "indicator_type": "", "value": 2.9740887965539348e-05, "active_strategies_for_symbol": true, "active_count": 3}}
{"timestamp": "2025-12-02T08:51:33.104846+00:00", "level": "WARNING", "module": "logger", "funcName": "_log", "lineno": 188, "event_type": "streaming_indicator_engine.data_anomalies_detected", "data": {"symbol": "ARIA_USDT", "timestamp": 1762076846.312, "anomalies": ["stale_timestamp: 1762076846.312 vs 1764665493.104847"], "data_sample": {"price": 0.1674, "volume": 6.0}}}
{"timestamp": "2025-12-02T08:51:33.106827+00:00", "level": "WARNING", "module": "logger", "funcName": "_log", "lineno": 188, "event_type": "streaming_indicator_engine.data_anomalies_detected", "data": {"symbol": "ARIA_USDT", "timestamp": 1762076859.309999, "anomalies": ["stale_timestamp: 1762076859.309999 vs 1764665493.1058261"], "data_sample": {"price": 0.16723, "volume": 5.0}}}
{"timestamp": "2025-12-02T08:51:33.107823+00:00", "level": "WARNING", "module": "logger", "funcName": "_log", "lineno": 188, "event_type": "streaming_indicator_engine.data_anomalies_detected", "data": {"symbol": "ARIA_USDT", "timestamp": 1762076870.309999, "anomalies": ["stale_timestamp: 1762076870.309999 vs 1764665493.1078236"], "data_sample": {"price": 0.16724, "volume": 9.0}}}
{"timestamp": "2025-12-02T08:51:33.111355+00:00", "level": "WARNING", "module": "logger", "funcName": "_log", "lineno": 188, "event_type": "streaming_indicator_engine.data_anomalies_detected", "data": {"symbol": "ARIA_USDT", "timestamp": 1762076878.309999, "anomalies": ["stale_timestamp: 1762076878.309999 vs 1764665493.111355"], "data_sample": {"price": 0.16731, "volume": 4.0}}}
{"timestamp": "2025-12-02T08:51:33.112766+00:00", "level": "WARNING", "module": "logger", "funcName": "_log", "lineno": 188, "event_type": "streaming_indicator_engine.data_anomalies_detected", "data": {"symbol": "ARIA_USDT", "timestamp": 1762076892.311, "anomalies": ["stale_timestamp: 1762076892.311 vs 1764665493.1127667"], "data_sample": {"price": 0.16728, "volume": 9.0}}}
{"timestamp": "2025-12-02T08:51:33.113778+00:00", "level": "WARNING", "module": "logger", "funcName": "_log", "lineno": 188, "event_type": "streaming_indicator_engine.data_anomalies_detected", "data": {"symbol": "ARIA_USDT", "timestamp": 1762076900.309999, "anomalies": ["stale_timestamp: 1762076900.309999 vs 1764665493.1137784"], "data_sample": {"price": 0.16731, "volume": 7.0}}}
{"timestamp": "2025-12-02T08:51:33.127600+00:00", "level": "WARNING", "module": "logger", "funcName": "_log", "lineno": 188, "event_type": "streaming_indicator_engine.data_anomalies_detected", "data": {"symbol": "ARIA_USDT", "timestamp": 1762076915.308999, "anomalies": ["stale_timestamp: 1762076915.308999 vs 1764665493.1276002"], "data_sample": {"price": 0.16729, "volume": 4.0}}}
{"timestamp": "2025-12-02T08:51:33.143033+00:00", "level": "WARNING", "module": "logger", "funcName": "_log", "lineno": 188, "event_type": "streaming_indicator_engine.data_anomalies_detected", "data": {"symbol": "ARIA_USDT", "timestamp": 1762076929.309999, "anomalies": ["stale_timestamp: 1762076929.309999 vs 1764665493.1416812"], "data_sample": {"price": 0.16725, "volume": 11.0}}}
{"timestamp": "2025-12-02T08:51:33.156571+00:00", "level": "WARNING", "module": "logger", "funcName": "_log", "lineno": 188, "event_type": "streaming_indicator_engine.data_anomalies_detected", "data": {"symbol": "ARIA_USDT", "timestamp": 1762076940.312999, "anomalies": ["stale_timestamp: 1762076940.312999 vs 1764665493.1565719"], "data_sample": {"price": 0.16733, "volume": 8.0}}}
{"timestamp": "2025-12-02T08:51:33.171685+00:00", "level": "WARNING", "module": "logger", "funcName": "_log", "lineno": 188, "event_type": "streaming_indicator_engine.data_anomalies_detected", "data": {"symbol": "ARIA_USDT", "timestamp": 1762076949.324999, "anomalies": ["stale_timestamp: 1762076949.324999 vs 1764665493.1716855"], "data_sample": {"price": 0.1673, "volume": 8.0}}}
{"timestamp": "2025-12-02T08:51:33.187207+00:00", "level": "WARNING", "module": "logger", "funcName": "_log", "lineno": 188, "event_type": "streaming_indicator_engine.data_anomalies_detected", "data": {"symbol": "ARIA_USDT", "timestamp": 1762076965.316, "anomalies": ["stale_timestamp: 1762076965.316 vs 1764665493.1872077"], "data_sample": {"price": 0.16729, "volume": 4.0}}}
{"timestamp": "2025-12-02T08:51:33.202855+00:00", "level": "WARNING", "module": "logger", "funcName": "_log", "lineno": 188, "event_type": "streaming_indicator_engine.data_anomalies_detected", "data": {"symbol": "ARIA_USDT", "timestamp": 1762076978.312, "anomalies": ["stale_timestamp: 1762076978.312 vs 1764665493.201857"], "data_sample": {"price": 0.1673, "volume": 9.0}}}
{"timestamp": "2025-12-02T08:51:33.217387+00:00", "level": "WARNING", "module": "logger", "funcName": "_log", "lineno": 188, "event_type": "streaming_indicator_engine.data_anomalies_detected", "data": {"symbol": "ARIA_USDT", "timestamp": 1762076990.315, "anomalies": ["stale_timestamp: 1762076990.315 vs 1764665493.2173874"], "data_sample": {"price": 0.16733, "volume": 10.0}}}
{"timestamp": "2025-12-02T08:51:33.232745+00:00", "level": "WARNING", "module": "logger", "funcName": "_log", "lineno": 188, "event_type": "streaming_indicator_engine.data_anomalies_detected", "data": {"symbol": "ARIA_USDT", "timestamp": 1762076997.315, "anomalies": ["stale_timestamp: 1762076997.315 vs 1764665493.2327452"], "data_sample": {"price": 0.16726, "volume": 12.0}}}
{"timestamp": "2025-12-02T08:51:33.249475+00:00", "level": "WARNING", "module": "logger", "funcName": "_log", "lineno": 188, "event_type": "streaming_indicator_engine.data_anomalies_detected", "data": {"symbol": "ARIA_USDT", "timestamp": 1762077007.309999, "anomalies": ["stale_timestamp: 1762077007.309999 vs 1764665493.2494752"], "data_sample": {"price": 0.16719, "volume": 4.0}}}
{"timestamp": "2025-12-02T08:51:33.268533+00:00", "level": "WARNING", "module": "logger", "funcName": "_log", "lineno": 188, "event_type": "streaming_indicator_engine.data_anomalies_detected", "data": {"symbol": "ARIA_USDT", "timestamp": 1762077018.309999, "anomalies": ["stale_timestamp: 1762077018.309999 vs 1764665493.2685335"], "data_sample": {"price": 0.16722, "volume": 8.0}}}
{"timestamp": "2025-12-02T08:51:33.284496+00:00", "level": "WARNING", "module": "logger", "funcName": "_log", "lineno": 188, "event_type": "streaming_indicator_engine.data_anomalies_detected", "data": {"symbol": "ARIA_USDT", "timestamp": 1762077025.309999, "anomalies": ["stale_timestamp: 1762077025.309999 vs 1764665493.2839875"], "data_sample": {"price": 0.16726, "volume": 5.0}}}
{"timestamp": "2025-12-02T08:51:33.299935+00:00", "level": "WARNING", "module": "logger", "funcName": "_log", "lineno": 188, "event_type": "streaming_indicator_engine.data_anomalies_detected", "data": {"symbol": "ARIA_USDT", "timestamp": 1762077033.311, "anomalies": ["stale_timestamp: 1762077033.311 vs 1764665493.299428"], "data_sample": {"price": 0.16725, "volume": 4.0}}}
{"timestamp": "2025-12-02T08:51:33.314824+00:00", "level": "WARNING", "module": "logger", "funcName": "_log", "lineno": 188, "event_type": "streaming_indicator_engine.data_anomalies_detected", "data": {"symbol": "ARIA_USDT", "timestamp": 1762077042.309999, "anomalies": ["stale_timestamp: 1762077042.309999 vs 1764665493.3148248"], "data_sample": {"price": 0.16724, "volume": 4.0}}}
{"timestamp": "2025-12-02T08:51:33.329985+00:00", "level": "WARNING", "module": "logger", "funcName": "_log", "lineno": 188, "event_type": "streaming_indicator_engine.data_anomalies_detected", "data": {"symbol": "ARIA_USDT", "timestamp": 1762077051.309999, "anomalies": ["stale_timestamp: 1762077051.309999 vs 1764665493.3299859"], "data_sample": {"price": 0.16725, "volume": 4.0}}}
{"timestamp": "2025-12-02T08:51:33.345707+00:00", "level": "WARNING", "module": "logger", "funcName": "_log", "lineno": 188, "event_type": "streaming_indicator_engine.data_anomalies_detected", "data": {"symbol": "ARIA_USDT", "timestamp": 1762077057.312999, "anomalies": ["stale_timestamp: 1762077057.312999 vs 1764665493.345708"], "data_sample": {"price": 0.16726, "volume": 3.0}}}
{"timestamp": "2025-12-02T08:51:33.362424+00:00", "level": "WARNING", "module": "logger", "funcName": "_log", "lineno": 188, "event_type": "streaming_indicator_engine.data_anomalies_detected", "data": {"symbol": "ARIA_USDT", "timestamp": 1762077067.316999, "anomalies": ["stale_timestamp: 1762077067.316999 vs 1764665493.3614252"], "data_sample": {"price": 0.16725, "volume": 8.0}}}
{"timestamp": "2025-12-02T08:51:33.368397+00:00", "level": "WARNING", "module": "logger", "funcName": "_log", "lineno": 188, "event_type": "streaming_indicator_engine.data_anomalies_detected", "data": {"symbol": "ARIA_USDT", "timestamp": 1762077081.308, "anomalies": ["stale_timestamp: 1762077081.308 vs 1764665493.3683975"], "data_sample": {"price": 0.16714, "volume": 6.0}}}
{"timestamp": "2025-12-02T08:51:33.391507+00:00", "level": "WARNING", "module": "logger", "funcName": "_log", "lineno": 188, "event_type": "streaming_indicator_engine.data_anomalies_detected", "data": {"symbol": "ARIA_USDT", "timestamp": 1762077089.311, "anomalies": ["stale_timestamp: 1762077089.311 vs 1764665493.3915079"], "data_sample": {"price": 0.16711, "volume": 4.0}}}
{"timestamp": "2025-12-02T08:51:33.413686+00:00", "level": "WARNING", "module": "logger", "funcName": "_log", "lineno": 188, "event_type": "streaming_indicator_engine.data_anomalies_detected", "data": {"symbol": "ARIA_USDT", "timestamp": 1762077098.311, "anomalies": ["stale_timestamp: 1762077098.311 vs 1764665493.4136868"], "data_sample": {"price": 0.16702, "volume": 4.0}}}
{"timestamp": "2025-12-02T08:51:33.437939+00:00", "level": "WARNING", "module": "logger", "funcName": "_log", "lineno": 188, "event_type": "streaming_indicator_engine.data_anomalies_detected", "data": {"symbol": "ARIA_USDT", "timestamp": 1762077107.335, "anomalies": ["stale_timestamp: 1762077107.335 vs 1764665493.4379396"], "data_sample": {"price": 0.167, "volume": 26.0}}}
{"timestamp": "2025-12-02T08:51:33.456537+00:00", "level": "WARNING", "module": "logger", "funcName": "_log", "lineno": 188, "event_type": "streaming_indicator_engine.data_anomalies_detected", "data": {"symbol": "ARIA_USDT", "timestamp": 1762077121.309999, "anomalies": ["stale_timestamp: 1762077121.309999 vs 1764665493.455482"], "data_sample": {"price": 0.16704, "volume": 8.0}}}
{"timestamp": "2025-12-02T08:51:33.484614+00:00", "level": "WARNING", "module": "logger", "funcName": "_log", "lineno": 188, "event_type": "streaming_indicator_engine.data_anomalies_detected", "data": {"symbol": "ARIA_USDT", "timestamp": 1762077123.420999, "anomalies": ["stale_timestamp: 1762077123.420999 vs 1764665493.4846148"], "data_sample": {"price": 0.167, "volume": 59.0}}}
{"timestamp": "2025-12-02T08:51:33.500141+00:00", "level": "WARNING", "module": "logger", "funcName": "_log", "lineno": 188, "event_type": "streaming_indicator_engine.data_anomalies_detected", "data": {"symbol": "ARIA_USDT", "timestamp": 1762077139.311, "anomalies": ["stale_timestamp: 1762077139.311 vs 1764665493.5001414"], "data_sample": {"price": 0.16703, "volume": 5.0}}}
{"timestamp": "2025-12-02T08:51:33.515766+00:00", "level": "WARNING", "module": "logger", "funcName": "_log", "lineno": 188, "event_type": "streaming_indicator_engine.data_anomalies_detected", "data": {"symbol": "ARIA_USDT", "timestamp": 1762077152.308999, "anomalies": ["stale_timestamp: 1762077152.308999 vs 1764665493.5157669"], "data_sample": {"price": 0.16708, "volume": 9.0}}}
{"timestamp": "2025-12-02T08:51:33.532877+00:00", "level": "WARNING", "module": "logger", "funcName": "_log", "lineno": 188, "event_type": "streaming_indicator_engine.data_anomalies_detected", "data": {"symbol": "ARIA_USDT", "timestamp": 1762077163.309999, "anomalies": ["stale_timestamp: 1762077163.309999 vs 1764665493.532878"], "data_sample": {"price": 0.16713, "volume": 11.0}}}
{"timestamp": "2025-12-02T08:51:33.548930+00:00", "level": "WARNING", "module": "logger", "funcName": "_log", "lineno": 188, "event_type": "streaming_indicator_engine.data_anomalies_detected", "data": {"symbol": "ARIA_USDT", "timestamp": 1762077172.309999, "anomalies": ["stale_timestamp: 1762077172.309999 vs 1764665493.5489304"], "data_sample": {"price": 0.16706, "volume": 12.0}}}
{"timestamp": "2025-12-02T08:51:33.563488+00:00", "level": "WARNING", "module": "logger", "funcName": "_log", "lineno": 188, "event_type": "streaming_indicator_engine.data_anomalies_detected", "data": {"symbol": "ARIA_USDT", "timestamp": 1762077187.312999, "anomalies": ["stale_timestamp: 1762077187.312999 vs 1764665493.563489"], "data_sample": {"price": 0.16705, "volume": 4.0}}}
{"timestamp": "2025-12-02T08:51:33.582338+00:00", "level": "WARNING", "module": "logger", "funcName": "_log", "lineno": 188, "event_type": "streaming_indicator_engine.data_anomalies_detected", "data": {"symbol": "ARIA_USDT", "timestamp": 1762077203.309999, "anomalies": ["stale_timestamp: 1762077203.309999 vs 1764665493.581328"], "data_sample": {"price": 0.16703, "volume": 6.0}}}
{"timestamp": "2025-12-02T08:51:33.596620+00:00", "level": "WARNING", "module": "logger", "funcName": "_log", "lineno": 188, "event_type": "streaming_indicator_engine.data_anomalies_detected", "data": {"symbol": "ARIA_USDT", "timestamp": 1762077211.312, "anomalies": ["stale_timestamp: 1762077211.312 vs 1764665493.5966206"], "data_sample": {"price": 0.16707, "volume": 9.0}}}
{"timestamp": "2025-12-02T08:51:33.611060+00:00", "level": "WARNING", "module": "logger", "funcName": "_log", "lineno": 188, "event_type": "streaming_indicator_engine.data_anomalies_detected", "data": {"symbol": "ARIA_USDT", "timestamp": 1762077227.312999, "anomalies": ["stale_timestamp: 1762077227.312999 vs 1764665493.6100388"], "data_sample": {"price": 0.16704, "volume": 4.0}}}
{"timestamp": "2025-12-02T08:51:33.627052+00:00", "level": "WARNING", "module": "logger", "funcName": "_log", "lineno": 188, "event_type": "streaming_indicator_engine.data_anomalies_detected", "data": {"symbol": "ARIA_USDT", "timestamp": 1762077234.308999, "anomalies": ["stale_timestamp: 1762077234.308999 vs 1764665493.6270528"], "data_sample": {"price": 0.16708, "volume": 8.0}}}
{"timestamp": "2025-12-02T08:51:33.641764+00:00", "level": "WARNING", "module": "logger", "funcName": "_log", "lineno": 188, "event_type": "streaming_indicator_engine.data_anomalies_detected", "data": {"symbol": "ARIA_USDT", "timestamp": 1762077247.312999, "anomalies": ["stale_timestamp: 1762077247.312999 vs 1764665493.6417642"], "data_sample": {"price": 0.16705, "volume": 7.0}}}
{"timestamp": "2025-12-02T08:51:33.657202+00:00", "level": "WARNING", "module": "logger", "funcName": "_log", "lineno": 188, "event_type": "streaming_indicator_engine.data_anomalies_detected", "data": {"symbol": "ARIA_USDT", "timestamp": 1762077263.309999, "anomalies": ["stale_timestamp: 1762077263.309999 vs 1764665493.6572027"], "data_sample": {"price": 0.16704, "volume": 7.0}}}
{"timestamp": "2025-12-02T08:51:33.673106+00:00", "level": "WARNING", "module": "logger", "funcName": "_log", "lineno": 188, "event_type": "streaming_indicator_engine.data_anomalies_detected", "data": {"symbol": "ARIA_USDT", "timestamp": 1762077274.309999, "anomalies": ["stale_timestamp: 1762077274.309999 vs 1764665493.6731064"], "data_sample": {"price": 0.16709, "volume": 4.0}}}
{"timestamp": "2025-12-02T08:51:33.689132+00:00", "level": "WARNING", "module": "logger", "funcName": "_log", "lineno": 188, "event_type": "streaming_indicator_engine.data_anomalies_detected", "data": {"symbol": "ARIA_USDT", "timestamp": 1762077281.311, "anomalies": ["stale_timestamp: 1762077281.311 vs 1764665493.6886225"], "data_sample": {"price": 0.16713, "volume": 12.0}}}
{"timestamp": "2025-12-02T08:51:33.705485+00:00", "level": "WARNING", "module": "logger", "funcName": "_log", "lineno": 188, "event_type": "streaming_indicator_engine.data_anomalies_detected", "data": {"symbol": "ARIA_USDT", "timestamp": 1762077290.312, "anomalies": ["stale_timestamp: 1762077290.312 vs 1764665493.7054853"], "data_sample": {"price": 0.16709, "volume": 8.0}}}
{"timestamp": "2025-12-02T08:51:33.719636+00:00", "level": "WARNING", "module": "logger", "funcName": "_log", "lineno": 188, "event_type": "streaming_indicator_engine.data_anomalies_detected", "data": {"symbol": "ARIA_USDT", "timestamp": 1762077299.312, "anomalies": ["stale_timestamp: 1762077299.312 vs 1764665493.7196364"], "data_sample": {"price": 0.16706, "volume": 8.0}}}
{"timestamp": "2025-12-02T08:51:33.735531+00:00", "level": "WARNING", "module": "logger", "funcName": "_log", "lineno": 188, "event_type": "streaming_indicator_engine.data_anomalies_detected", "data": {"symbol": "ARIA_USDT", "timestamp": 1762077309.309999, "anomalies": ["stale_timestamp: 1762077309.309999 vs 1764665493.7345326"], "data_sample": {"price": 0.16705, "volume": 6.0}}}
{"timestamp": "2025-12-02T08:51:33.751575+00:00", "level": "WARNING", "module": "logger", "funcName": "_log", "lineno": 188, "event_type": "streaming_indicator_engine.data_anomalies_detected", "data": {"symbol": "ARIA_USDT", "timestamp": 1762077318.312, "anomalies": ["stale_timestamp: 1762077318.312 vs 1764665493.7515757"], "data_sample": {"price": 0.16706, "volume": 9.0}}}
{"timestamp": "2025-12-02T08:51:33.765095+00:00", "level": "WARNING", "module": "logger", "funcName": "_log", "lineno": 188, "event_type": "streaming_indicator_engine.data_anomalies_detected", "data": {"symbol": "ARIA_USDT", "timestamp": 1762077324.309999, "anomalies": ["stale_timestamp: 1762077324.309999 vs 1764665493.7650952"], "data_sample": {"price": 0.1671, "volume": 5.0}}}
{"timestamp": "2025-12-02T08:51:33.780142+00:00", "level": "WARNING", "module": "logger", "funcName": "_log", "lineno": 188, "event_type": "streaming_indicator_engine.data_anomalies_detected", "data": {"symbol": "ARIA_USDT", "timestamp": 1762077335.309999, "anomalies": ["stale_timestamp: 1762077335.309999 vs 1764665493.7801428"], "data_sample": {"price": 0.16709, "volume": 4.0}}}
{"timestamp": "2025-12-02T08:51:33.796876+00:00", "level": "WARNING", "module": "logger", "funcName": "_log", "lineno": 188, "event_type": "streaming_indicator_engine.data_anomalies_detected", "data": {"symbol": "ARIA_USDT", "timestamp": 1762077351.309999, "anomalies": ["stale_timestamp: 1762077351.309999 vs 1764665493.7958772"], "data_sample": {"price": 0.1671, "volume": 3.0}}}
{"timestamp": "2025-12-02T08:51:33.812239+00:00", "level": "WARNING", "module": "logger", "funcName": "_log", "lineno": 188, "event_type": "streaming_indicator_engine.data_anomalies_detected", "data": {"symbol": "ARIA_USDT", "timestamp": 1762077362.309999, "anomalies": ["stale_timestamp: 1762077362.309999 vs 1764665493.8112144"], "data_sample": {"price": 0.16716, "volume": 5.0}}}
{"timestamp": "2025-12-02T08:51:33.826855+00:00", "level": "WARNING", "module": "logger", "funcName": "_log", "lineno": 188, "event_type": "streaming_indicator_engine.data_anomalies_detected", "data": {"symbol": "ARIA_USDT", "timestamp": 1762077376.309999, "anomalies": ["stale_timestamp: 1762077376.309999 vs 1764665493.8268557"], "data_sample": {"price": 0.16724, "volume": 11.0}}}
{"timestamp": "2025-12-02T08:51:33.842184+00:00", "level": "WARNING", "module": "logger", "funcName": "_log", "lineno": 188, "event_type": "streaming_indicator_engine.data_anomalies_detected", "data": {"symbol": "ARIA_USDT", "timestamp": 1762077387.309999, "anomalies": ["stale_timestamp: 1762077387.309999 vs 1764665493.8421848"], "data_sample": {"price": 0.16726, "volume": 11.0}}}
{"timestamp": "2025-12-02T08:51:33.857715+00:00", "level": "WARNING", "module": "logger", "funcName": "_log", "lineno": 188, "event_type": "streaming_indicator_engine.data_anomalies_detected", "data": {"symbol": "ARIA_USDT", "timestamp": 1762077395.309999, "anomalies": ["stale_timestamp: 1762077395.309999 vs 1764665493.857715"], "data_sample": {"price": 0.16728, "volume": 3.0}}}
{"timestamp": "2025-12-02T08:51:33.862291+00:00", "level": "INFO", "module": "logger", "funcName": "_log", "lineno": 188, "event_type": "strategy_manager.indicator_update_received", "data": {"symbol": "ARIA_USDT", "indicator_name": "611fad91-045d-408b-8822-f43428935033_20", "indicator_type": "", "value": 0.0023239484382664476, "active_strategies_for_symbol": true, "active_count": 3}}
{"timestamp": "2025-12-02T08:51:33.863250+00:00", "level": "WARNING", "module": "logger", "funcName": "_log", "lineno": 188, "event_type": "streaming_indicator_engine.data_anomalies_detected", "data": {"symbol": "ARIA_USDT", "timestamp": 1762077402.309999, "anomalies": ["stale_timestamp: 1762077402.309999 vs 1764665493.8632503"], "data_sample": {"price": 0.1673, "volume": 10.0}}}
{"timestamp": "2025-12-02T08:51:33.865732+00:00", "level": "WARNING", "module": "logger", "funcName": "_log", "lineno": 188, "event_type": "streaming_indicator_engine.data_anomalies_detected", "data": {"symbol": "ARIA_USDT", "timestamp": 1762077412.311, "anomalies": ["stale_timestamp: 1762077412.311 vs 1764665493.8647013"], "data_sample": {"price": 0.16729, "volume": 7.0}}}
{"timestamp": "2025-12-02T08:51:33.866715+00:00", "level": "WARNING", "module": "logger", "funcName": "_log", "lineno": 188, "event_type": "streaming_indicator_engine.data_anomalies_detected", "data": {"symbol": "ARIA_USDT", "timestamp": 1762077421.309999, "anomalies": ["stale_timestamp: 1762077421.309999 vs 1764665493.8667152"], "data_sample": {"price": 0.16727, "volume": 4.0}}}
{"timestamp": "2025-12-02T08:51:33.867732+00:00", "level": "INFO", "module": "logger", "funcName": "_log", "lineno": 188, "event_type": "strategy_manager.indicator_update_received", "data": {"symbol": "ARIA_USDT", "indicator_name": "611fad91-045d-408b-8822-f43428935033_20", "indicator_type": "", "value": 0.0023239484382664476, "active_strategies_for_symbol": true, "active_count": 3}}
{"timestamp": "2025-12-02T08:51:33.883365+00:00", "level": "WARNING", "module": "logger", "funcName": "_log", "lineno": 188, "event_type": "streaming_indicator_engine.data_anomalies_detected", "data": {"symbol": "ARIA_USDT", "timestamp": 1762076372.312999, "anomalies": ["stale_timestamp: 1762076372.312999 vs 1764665493.8833656"], "data_sample": {"price": 0.1671, "volume": 3.0}}}
{"timestamp": "2025-12-02T08:51:33.904017+00:00", "level": "WARNING", "module": "logger", "funcName": "_log", "lineno": 188, "event_type": "streaming_indicator_engine.data_anomalies_detected", "data": {"symbol": "ARIA_USDT", "timestamp": 1762076381.309999, "anomalies": ["stale_timestamp: 1762076381.309999 vs 1764665493.904018"], "data_sample": {"price": 0.16715, "volume": 8.0}}}
{"timestamp": "2025-12-02T08:51:33.916760+00:00", "level": "WARNING", "module": "logger", "funcName": "_log", "lineno": 188, "event_type": "streaming_indicator_engine.data_anomalies_detected", "data": {"symbol": "ARIA_USDT", "timestamp": 1762076388.311, "anomalies": ["stale_timestamp: 1762076388.311 vs 1764665493.9167607"], "data_sample": {"price": 0.16714, "volume": 9.0}}}
{"timestamp": "2025-12-02T08:51:33.931598+00:00", "level": "WARNING", "module": "logger", "funcName": "_log", "lineno": 188, "event_type": "streaming_indicator_engine.data_anomalies_detected", "data": {"symbol": "ARIA_USDT", "timestamp": 1762076401.309999, "anomalies": ["stale_timestamp: 1762076401.309999 vs 1764665493.9315984"], "data_sample": {"price": 0.16717, "volume": 7.0}}}
{"timestamp": "2025-12-02T08:51:33.947131+00:00", "level": "WARNING", "module": "logger", "funcName": "_log", "lineno": 188, "event_type": "streaming_indicator_engine.data_anomalies_detected", "data": {"symbol": "ARIA_USDT", "timestamp": 1762076408.312, "anomalies": ["stale_timestamp: 1762076408.312 vs 1764665493.947131"], "data_sample": {"price": 0.16713, "volume": 3.0}}}
{"timestamp": "2025-12-02T08:51:33.963764+00:00", "level": "WARNING", "module": "logger", "funcName": "_log", "lineno": 188, "event_type": "streaming_indicator_engine.data_anomalies_detected", "data": {"symbol": "ARIA_USDT", "timestamp": 1762076417.311, "anomalies": ["stale_timestamp: 1762076417.311 vs 1764665493.9637647"], "data_sample": {"price": 0.16708, "volume": 3.0}}}
{"timestamp": "2025-12-02T08:51:33.979196+00:00", "level": "WARNING", "module": "logger", "funcName": "_log", "lineno": 188, "event_type": "streaming_indicator_engine.data_anomalies_detected", "data": {"symbol": "ARIA_USDT", "timestamp": 1762076427.308999, "anomalies": ["stale_timestamp: 1762076427.308999 vs 1764665493.9791968"], "data_sample": {"price": 0.16707, "volume": 12.0}}}
{"timestamp": "2025-12-02T08:51:34.001165+00:00", "level": "WARNING", "module": "logger", "funcName": "_log", "lineno": 188, "event_type": "streaming_indicator_engine.data_anomalies_detected", "data": {"symbol": "ARIA_USDT", "timestamp": 1762076435.309999, "anomalies": ["stale_timestamp: 1762076435.309999 vs 1764665494.0006583"], "data_sample": {"price": 0.1671, "volume": 4.0}}}
{"timestamp": "2025-12-02T08:51:34.016678+00:00", "level": "WARNING", "module": "logger", "funcName": "_log", "lineno": 188, "event_type": "streaming_indicator_engine.data_anomalies_detected", "data": {"symbol": "ARIA_USDT", "timestamp": 1762076447.309999, "anomalies": ["stale_timestamp: 1762076447.309999 vs 1764665494.0166786"], "data_sample": {"price": 0.16708, "volume": 9.0}}}
{"timestamp": "2025-12-02T08:51:34.032118+00:00", "level": "WARNING", "module": "logger", "funcName": "_log", "lineno": 188, "event_type": "streaming_indicator_engine.data_anomalies_detected", "data": {"symbol": "ARIA_USDT", "timestamp": 1762076462.309999, "anomalies": ["stale_timestamp: 1762076462.309999 vs 1764665494.0321183"], "data_sample": {"price": 0.16726, "volume": 10.0}}}
{"timestamp": "2025-12-02T08:51:34.046796+00:00", "level": "WARNING", "module": "logger", "funcName": "_log", "lineno": 188, "event_type": "streaming_indicator_engine.data_anomalies_detected", "data": {"symbol": "ARIA_USDT", "timestamp": 1762076476.308999, "anomalies": ["stale_timestamp: 1762076476.308999 vs 1764665494.0467968"], "data_sample": {"price": 0.16745, "volume": 9.0}}}
{"timestamp": "2025-12-02T08:51:34.063153+00:00", "level": "WARNING", "module": "logger", "funcName": "_log", "lineno": 188, "event_type": "streaming_indicator_engine.data_anomalies_detected", "data": {"symbol": "ARIA_USDT", "timestamp": 1762076490.311, "anomalies": ["stale_timestamp: 1762076490.311 vs 1764665494.0631537"], "data_sample": {"price": 0.16766, "volume": 7.0}}}
{"timestamp": "2025-12-02T08:51:34.066488+00:00", "level": "WARNING", "module": "logger", "funcName": "_log", "lineno": 188, "event_type": "streaming_indicator_engine.data_anomalies_detected", "data": {"symbol": "ARIA_USDT", "timestamp": 1762076501.311, "anomalies": ["stale_timestamp: 1762076501.311 vs 1764665494.066488"], "data_sample": {"price": 0.16763, "volume": 5.0}}}
{"timestamp": "2025-12-02T08:51:34.068488+00:00", "level": "WARNING", "module": "logger", "funcName": "_log", "lineno": 188, "event_type": "streaming_indicator_engine.data_anomalies_detected", "data": {"symbol": "ARIA_USDT", "timestamp": 1762076514.408999, "anomalies": ["stale_timestamp: 1762076514.408999 vs 1764665494.0684881"], "data_sample": {"price": 0.16766, "volume": 10.0}}}
{"timestamp": "2025-12-02T08:51:34.107072+00:00", "level": "WARNING", "module": "logger", "funcName": "_log", "lineno": 188, "event_type": "streaming_indicator_engine.data_anomalies_detected", "data": {"symbol": "ARIA_USDT", "timestamp": 1762076520.311, "anomalies": ["stale_timestamp: 1762076520.311 vs 1764665494.1070726"], "data_sample": {"price": 0.1677, "volume": 9.0}}}
{"timestamp": "2025-12-02T08:51:34.115930+00:00", "level": "INFO", "module": "logger", "funcName": "_log", "lineno": 188, "event_type": "strategy_manager.indicator_update_received", "data": {"symbol": "ARIA_USDT", "indicator_name": "11b8be00-eed3-48fe-b359-df47b297226c_20", "indicator_type": "", "value": 0.004646629878264456, "active_strategies_for_symbol": true, "active_count": 3}}
{"timestamp": "2025-12-02T08:51:34.116932+00:00", "level": "WARNING", "module": "logger", "funcName": "_log", "lineno": 188, "event_type": "streaming_indicator_engine.data_anomalies_detected", "data": {"symbol": "ARIA_USDT", "timestamp": 1762076531.311, "anomalies": ["stale_timestamp: 1762076531.311 vs 1764665494.1169324"], "data_sample": {"price": 0.16778, "volume": 10.0}}}
{"timestamp": "2025-12-02T08:51:34.119483+00:00", "level": "WARNING", "module": "logger", "funcName": "_log", "lineno": 188, "event_type": "streaming_indicator_engine.data_anomalies_detected", "data": {"symbol": "ARIA_USDT", "timestamp": 1762076537.311, "anomalies": ["stale_timestamp: 1762076537.311 vs 1764665494.119484"], "data_sample": {"price": 0.16777, "volume": 10.0}}}
{"timestamp": "2025-12-02T08:51:34.122474+00:00", "level": "WARNING", "module": "logger", "funcName": "_log", "lineno": 188, "event_type": "streaming_indicator_engine.data_anomalies_detected", "data": {"symbol": "ARIA_USDT", "timestamp": 1762076543.312, "anomalies": ["stale_timestamp: 1762076543.312 vs 1764665494.1224744"], "data_sample": {"price": 0.16765, "volume": 8.0}}}
{"timestamp": "2025-12-02T08:51:34.132344+00:00", "level": "WARNING", "module": "logger", "funcName": "_log", "lineno": 188, "event_type": "streaming_indicator_engine.data_anomalies_detected", "data": {"symbol": "ARIA_USDT", "timestamp": 1762076551.311, "anomalies": ["stale_timestamp: 1762076551.311 vs 1764665494.1278028"], "data_sample": {"price": 0.16776, "volume": 7.0}}}
{"timestamp": "2025-12-02T08:51:34.133351+00:00", "level": "WARNING", "module": "logger", "funcName": "_log", "lineno": 188, "event_type": "streaming_indicator_engine.data_anomalies_detected", "data": {"symbol": "ARIA_USDT", "timestamp": 1762076567.313999, "anomalies": ["stale_timestamp: 1762076567.313999 vs 1764665494.133352"], "data_sample": {"price": 0.16779, "volume": 4.0}}}
{"timestamp": "2025-12-02T08:51:34.134351+00:00", "level": "INFO", "module": "logger", "funcName": "_log", "lineno": 188, "event_type": "strategy_manager.indicator_update_received", "data": {"symbol": "ARIA_USDT", "indicator_name": "11b8be00-eed3-48fe-b359-df47b297226c_20", "indicator_type": "", "value": 0.004646629878264456, "active_strategies_for_symbol": true, "active_count": 3}}
{"timestamp": "2025-12-02T08:51:34.135348+00:00", "level": "WARNING", "module": "logger", "funcName": "_log", "lineno": 188, "event_type": "streaming_indicator_engine.data_anomalies_detected", "data": {"symbol": "ARIA_USDT", "timestamp": 1762076582.312999, "anomalies": ["stale_timestamp: 1762076582.312999 vs 1764665494.135349"], "data_sample": {"price": 0.16774, "volume": 4.0}}}
{"timestamp": "2025-12-02T08:51:34.136348+00:00", "level": "WARNING", "module": "logger", "funcName": "_log", "lineno": 188, "event_type": "streaming_indicator_engine.data_anomalies_detected", "data": {"symbol": "ARIA_USDT", "timestamp": 1762076595.309999, "anomalies": ["stale_timestamp: 1762076595.309999 vs 1764665494.136349"], "data_sample": {"price": 0.16776, "volume": 10.0}}}
{"timestamp": "2025-12-02T08:51:34.138862+00:00", "level": "WARNING", "module": "logger", "funcName": "_log", "lineno": 188, "event_type": "streaming_indicator_engine.data_anomalies_detected", "data": {"symbol": "ARIA_USDT", "timestamp": 1762076606.309999, "anomalies": ["stale_timestamp: 1762076606.309999 vs 1764665494.1373518"], "data_sample": {"price": 0.16772, "volume": 9.0}}}
{"timestamp": "2025-12-02T08:51:34.139875+00:00", "level": "WARNING", "module": "logger", "funcName": "_log", "lineno": 188, "event_type": "streaming_indicator_engine.data_anomalies_detected", "data": {"symbol": "ARIA_USDT", "timestamp": 1762076620.309999, "anomalies": ["stale_timestamp: 1762076620.309999 vs 1764665494.1398757"], "data_sample": {"price": 0.16764, "volume": 5.0}}}
{"timestamp": "2025-12-02T08:51:34.140884+00:00", "level": "WARNING", "module": "logger", "funcName": "_log", "lineno": 188, "event_type": "streaming_indicator_engine.data_anomalies_detected", "data": {"symbol": "ARIA_USDT", "timestamp": 1762076628.311, "anomalies": ["stale_timestamp: 1762076628.311 vs 1764665494.1408849"], "data_sample": {"price": 0.16761, "volume": 7.0}}}
{"timestamp": "2025-12-02T08:51:34.148394+00:00", "level": "WARNING", "module": "logger", "funcName": "_log", "lineno": 188, "event_type": "streaming_indicator_engine.data_anomalies_detected", "data": {"symbol": "ARIA_USDT", "timestamp": 1762076638.312999, "anomalies": ["stale_timestamp: 1762076638.312999 vs 1764665494.1483939"], "data_sample": {"price": 0.16763, "volume": 10.0}}}
{"timestamp": "2025-12-02T08:51:34.153416+00:00", "level": "INFO", "module": "logger", "funcName": "_log", "lineno": 188, "event_type": "strategy_manager.indicator_update_received", "data": {"symbol": "ARIA_USDT", "indicator_name": "790d8eed-dc95-43ff-b625-1205d256154b_20", "indicator_type": "", "value": -0.002126116251806765, "active_strategies_for_symbol": true, "active_count": 3}}
{"timestamp": "2025-12-02T08:51:34.154414+00:00", "level": "WARNING", "module": "logger", "funcName": "_log", "lineno": 188, "event_type": "streaming_indicator_engine.data_anomalies_detected", "data": {"symbol": "ARIA_USDT", "timestamp": 1762076647.309999, "anomalies": ["stale_timestamp: 1762076647.309999 vs 1764665494.1544144"], "data_sample": {"price": 0.16762, "volume": 4.0}}}
{"timestamp": "2025-12-02T08:51:34.155414+00:00", "level": "WARNING", "module": "logger", "funcName": "_log", "lineno": 188, "event_type": "streaming_indicator_engine.data_anomalies_detected", "data": {"symbol": "ARIA_USDT", "timestamp": 1762076653.309999, "anomalies": ["stale_timestamp: 1762076653.309999 vs 1764665494.155414"], "data_sample": {"price": 0.16761, "volume": 9.0}}}
{"timestamp": "2025-12-02T08:51:34.158480+00:00", "level": "WARNING", "module": "logger", "funcName": "_log", "lineno": 188, "event_type": "streaming_indicator_engine.data_anomalies_detected", "data": {"symbol": "ARIA_USDT", "timestamp": 1762076666.309999, "anomalies": ["stale_timestamp: 1762076666.309999 vs 1764665494.1584802"], "data_sample": {"price": 0.16763, "volume": 9.0}}}
{"timestamp": "2025-12-02T08:51:34.159490+00:00", "level": "WARNING", "module": "logger", "funcName": "_log", "lineno": 188, "event_type": "streaming_indicator_engine.data_anomalies_detected", "data": {"symbol": "ARIA_USDT", "timestamp": 1762076672.308999, "anomalies": ["stale_timestamp: 1762076672.308999 vs 1764665494.1594903"], "data_sample": {"price": 0.16762, "volume": 9.0}}}
{"timestamp": "2025-12-02T08:51:34.161507+00:00", "level": "WARNING", "module": "logger", "funcName": "_log", "lineno": 188, "event_type": "streaming_indicator_engine.data_anomalies_detected", "data": {"symbol": "ARIA_USDT", "timestamp": 1762076685.309999, "anomalies": ["stale_timestamp: 1762076685.309999 vs 1764665494.1615076"], "data_sample": {"price": 0.16732, "volume": 9.0}}}
{"timestamp": "2025-12-02T08:51:34.164514+00:00", "level": "WARNING", "module": "logger", "funcName": "_log", "lineno": 188, "event_type": "streaming_indicator_engine.data_anomalies_detected", "data": {"symbol": "ARIA_USDT", "timestamp": 1762076699.311, "anomalies": ["stale_timestamp: 1762076699.311 vs 1764665494.1645145"], "data_sample": {"price": 0.16737, "volume": 11.0}}}
{"timestamp": "2025-12-02T08:51:34.165527+00:00", "level": "INFO", "module": "logger", "funcName": "_log", "lineno": 188, "event_type": "strategy_manager.indicator_update_received", "data": {"symbol": "ARIA_USDT", "indicator_name": "790d8eed-dc95-43ff-b625-1205d256154b_20", "indicator_type": "", "value": -0.002126116251806765, "active_strategies_for_symbol": true, "active_count": 3}}
{"timestamp": "2025-12-02T08:51:34.165527+00:00", "level": "WARNING", "module": "logger", "funcName": "_log", "lineno": 188, "event_type": "streaming_indicator_engine.data_anomalies_detected", "data": {"symbol": "ARIA_USDT", "timestamp": 1762076713.309999, "anomalies": ["stale_timestamp: 1762076713.309999 vs 1764665494.1655276"], "data_sample": {"price": 0.16735, "volume": 4.0}}}
{"timestamp": "2025-12-02T08:51:34.166526+00:00", "level": "WARNING", "module": "logger", "funcName": "_log", "lineno": 188, "event_type": "streaming_indicator_engine.data_anomalies_detected", "data": {"symbol": "ARIA_USDT", "timestamp": 1762076728.311, "anomalies": ["stale_timestamp: 1762076728.311 vs 1764665494.1665263"], "data_sample": {"price": 0.16739, "volume": 9.0}}}
{"timestamp": "2025-12-02T08:51:34.167524+00:00", "level": "WARNING", "module": "logger", "funcName": "_log", "lineno": 188, "event_type": "streaming_indicator_engine.data_anomalies_detected", "data": {"symbol": "ARIA_USDT", "timestamp": 1762076734.308999, "anomalies": ["stale_timestamp: 1762076734.308999 vs 1764665494.1675246"], "data_sample": {"price": 0.16744, "volume": 9.0}}}
{"timestamp": "2025-12-02T08:51:34.169035+00:00", "level": "WARNING", "module": "logger", "funcName": "_log", "lineno": 188, "event_type": "streaming_indicator_engine.data_anomalies_detected", "data": {"symbol": "ARIA_USDT", "timestamp": 1762076750.309999, "anomalies": ["stale_timestamp: 1762076750.309999 vs 1764665494.1690352"], "data_sample": {"price": 0.16747, "volume": 10.0}}}
{"timestamp": "2025-12-02T08:51:34.170045+00:00", "level": "WARNING", "module": "logger", "funcName": "_log", "lineno": 188, "event_type": "streaming_indicator_engine.data_anomalies_detected", "data": {"symbol": "ARIA_USDT", "timestamp": 1762076759.311, "anomalies": ["stale_timestamp: 1762076759.311 vs 1764665494.1690352"], "data_sample": {"price": 0.16746, "volume": 10.0}}}
{"timestamp": "2025-12-02T08:51:34.184197+00:00", "level": "WARNING", "module": "logger", "funcName": "_log", "lineno": 188, "event_type": "streaming_indicator_engine.data_anomalies_detected", "data": {"symbol": "ARIA_USDT", "timestamp": 1762076767.309999, "anomalies": ["stale_timestamp: 1762076767.309999 vs 1764665494.1841974"], "data_sample": {"price": 0.16742, "volume": 8.0}}}
{"timestamp": "2025-12-02T08:51:34.186285+00:00", "level": "WARNING", "module": "logger", "funcName": "_log", "lineno": 188, "event_type": "streaming_indicator_engine.data_anomalies_detected", "data": {"symbol": "ARIA_USDT", "timestamp": 1762076783.312, "anomalies": ["stale_timestamp: 1762076783.312 vs 1764665494.1862855"], "data_sample": {"price": 0.16745, "volume": 8.0}}}
{"timestamp": "2025-12-02T08:51:34.218667+00:00", "level": "WARNING", "module": "logger", "funcName": "_log", "lineno": 188, "event_type": "streaming_indicator_engine.data_anomalies_detected", "data": {"symbol": "ARIA_USDT", "timestamp": 1762076789.309999, "anomalies": ["stale_timestamp: 1762076789.309999 vs 1764665494.2186677"], "data_sample": {"price": 0.16755, "volume": 9.0}}}
{"timestamp": "2025-12-02T08:51:34.237795+00:00", "level": "WARNING", "module": "logger", "funcName": "_log", "lineno": 188, "event_type": "streaming_indicator_engine.data_anomalies_detected", "data": {"symbol": "ARIA_USDT", "timestamp": 1762076803.311, "anomalies": ["stale_timestamp: 1762076803.311 vs 1764665494.2367947"], "data_sample": {"price": 0.16758, "volume": 10.0}}}
{"timestamp": "2025-12-02T08:51:34.250095+00:00", "level": "WARNING", "module": "logger", "funcName": "_log", "lineno": 188, "event_type": "streaming_indicator_engine.data_anomalies_detected", "data": {"symbol": "ARIA_USDT", "timestamp": 1762076816.308999, "anomalies": ["stale_timestamp: 1762076816.308999 vs 1764665494.2500956"], "data_sample": {"price": 0.16762, "volume": 9.0}}}
{"timestamp": "2025-12-02T08:51:34.265542+00:00", "level": "WARNING", "module": "logger", "funcName": "_log", "lineno": 188, "event_type": "streaming_indicator_engine.data_anomalies_detected", "data": {"symbol": "ARIA_USDT", "timestamp": 1762076825.312999, "anomalies": ["stale_timestamp: 1762076825.312999 vs 1764665494.265543"], "data_sample": {"price": 0.16751, "volume": 10.0}}}
{"timestamp": "2025-12-02T08:51:34.281537+00:00", "level": "WARNING", "module": "logger", "funcName": "_log", "lineno": 188, "event_type": "streaming_indicator_engine.data_anomalies_detected", "data": {"symbol": "ARIA_USDT", "timestamp": 1762076831.316999, "anomalies": ["stale_timestamp: 1762076831.316999 vs 1764665494.2815378"], "data_sample": {"price": 0.1674, "volume": 6.0}}}
{"timestamp": "2025-12-02T08:51:34.297632+00:00", "level": "WARNING", "module": "logger", "funcName": "_log", "lineno": 188, "event_type": "streaming_indicator_engine.data_anomalies_detected", "data": {"symbol": "ARIA_USDT", "timestamp": 1762076839.311, "anomalies": ["stale_timestamp: 1762076839.311 vs 1764665494.297632"], "data_sample": {"price": 0.16741, "volume": 8.0}}}
{"timestamp": "2025-12-02T08:51:34.314364+00:00", "level": "WARNING", "module": "logger", "funcName": "_log", "lineno": 188, "event_type": "streaming_indicator_engine.data_anomalies_detected", "data": {"symbol": "ARIA_USDT", "timestamp": 1762076846.312, "anomalies": ["stale_timestamp: 1762076846.312 vs 1764665494.3143644"], "data_sample": {"price": 0.1674, "volume": 6.0}}}
{"timestamp": "2025-12-02T08:51:34.334662+00:00", "level": "WARNING", "module": "logger", "funcName": "_log", "lineno": 188, "event_type": "streaming_indicator_engine.data_anomalies_detected", "data": {"symbol": "ARIA_USDT", "timestamp": 1762076859.309999, "anomalies": ["stale_timestamp: 1762076859.309999 vs 1764665494.334662"], "data_sample": {"price": 0.16723, "volume": 5.0}}}
{"timestamp": "2025-12-02T08:51:34.360486+00:00", "level": "WARNING", "module": "logger", "funcName": "_log", "lineno": 188, "event_type": "streaming_indicator_engine.data_anomalies_detected", "data": {"symbol": "ARIA_USDT", "timestamp": 1762076870.309999, "anomalies": ["stale_timestamp: 1762076870.309999 vs 1764665494.3586144"], "data_sample": {"price": 0.16724, "volume": 9.0}}}
{"timestamp": "2025-12-02T08:51:34.390131+00:00", "level": "WARNING", "module": "logger", "funcName": "_log", "lineno": 188, "event_type": "streaming_indicator_engine.data_anomalies_detected", "data": {"symbol": "ARIA_USDT", "timestamp": 1762076878.309999, "anomalies": ["stale_timestamp: 1762076878.309999 vs 1764665494.3901315"], "data_sample": {"price": 0.16731, "volume": 4.0}}}
{"timestamp": "2025-12-02T08:51:34.405258+00:00", "level": "WARNING", "module": "logger", "funcName": "_log", "lineno": 188, "event_type": "streaming_indicator_engine.data_anomalies_detected", "data": {"symbol": "ARIA_USDT", "timestamp": 1762076892.311, "anomalies": ["stale_timestamp: 1762076892.311 vs 1764665494.4052582"], "data_sample": {"price": 0.16728, "volume": 9.0}}}
{"timestamp": "2025-12-02T08:51:34.435931+00:00", "level": "WARNING", "module": "logger", "funcName": "_log", "lineno": 188, "event_type": "streaming_indicator_engine.data_anomalies_detected", "data": {"symbol": "ARIA_USDT", "timestamp": 1762076900.309999, "anomalies": ["stale_timestamp: 1762076900.309999 vs 1764665494.435932"], "data_sample": {"price": 0.16731, "volume": 7.0}}}
{"timestamp": "2025-12-02T08:51:34.444904+00:00", "level": "INFO", "module": "logger", "funcName": "_log", "lineno": 188, "event_type": "strategy_manager.indicator_update_received", "data": {"symbol": "ARIA_USDT", "indicator_name": "f1c5bf73-df7f-4889-b417-fc3fcd71a9f7_20", "indicator_type": "", "value": 193.38299041220785, "active_strategies_for_symbol": true, "active_count": 3}}
{"timestamp": "2025-12-02T08:51:34.448420+00:00", "level": "WARNING", "module": "logger", "funcName": "_log", "lineno": 188, "event_type": "streaming_indicator_engine.data_anomalies_detected", "data": {"symbol": "ARIA_USDT", "timestamp": 1762076915.308999, "anomalies": ["stale_timestamp: 1762076915.308999 vs 1764665494.4484205"], "data_sample": {"price": 0.16729, "volume": 4.0}}}
{"timestamp": "2025-12-02T08:51:34.450439+00:00", "level": "WARNING", "module": "logger", "funcName": "_log", "lineno": 188, "event_type": "streaming_indicator_engine.data_anomalies_detected", "data": {"symbol": "ARIA_USDT", "timestamp": 1762076929.309999, "anomalies": ["stale_timestamp: 1762076929.309999 vs 1764665494.4494412"], "data_sample": {"price": 0.16725, "volume": 11.0}}}
{"timestamp": "2025-12-02T08:51:34.452451+00:00", "level": "WARNING", "module": "logger", "funcName": "_log", "lineno": 188, "event_type": "streaming_indicator_engine.data_anomalies_detected", "data": {"symbol": "ARIA_USDT", "timestamp": 1762076940.312999, "anomalies": ["stale_timestamp: 1762076940.312999 vs 1764665494.4524512"], "data_sample": {"price": 0.16733, "volume": 8.0}}}
{"timestamp": "2025-12-02T08:51:34.454449+00:00", "level": "WARNING", "module": "logger", "funcName": "_log", "lineno": 188, "event_type": "streaming_indicator_engine.data_anomalies_detected", "data": {"symbol": "ARIA_USDT", "timestamp": 1762076949.324999, "anomalies": ["stale_timestamp: 1762076949.324999 vs 1764665494.4544497"], "data_sample": {"price": 0.1673, "volume": 8.0}}}
{"timestamp": "2025-12-02T08:51:34.455451+00:00", "level": "WARNING", "module": "logger", "funcName": "_log", "lineno": 188, "event_type": "streaming_indicator_engine.data_anomalies_detected", "data": {"symbol": "ARIA_USDT", "timestamp": 1762076965.316, "anomalies": ["stale_timestamp: 1762076965.316 vs 1764665494.4554513"], "data_sample": {"price": 0.16729, "volume": 4.0}}}
{"timestamp": "2025-12-02T08:51:34.456452+00:00", "level": "INFO", "module": "logger", "funcName": "_log", "lineno": 188, "event_type": "strategy_manager.indicator_update_received", "data": {"symbol": "ARIA_USDT", "indicator_name": "f1c5bf73-df7f-4889-b417-fc3fcd71a9f7_20", "indicator_type": "", "value": 193.38299041220785, "active_strategies_for_symbol": true, "active_count": 3}}
{"timestamp": "2025-12-02T08:51:34.457453+00:00", "level": "WARNING", "module": "logger", "funcName": "_log", "lineno": 188, "event_type": "streaming_indicator_engine.data_anomalies_detected", "data": {"symbol": "ARIA_USDT", "timestamp": 1762076978.312, "anomalies": ["stale_timestamp: 1762076978.312 vs 1764665494.4574535"], "data_sample": {"price": 0.1673, "volume": 9.0}}}
{"timestamp": "2025-12-02T08:51:34.458963+00:00", "level": "WARNING", "module": "logger", "funcName": "_log", "lineno": 188, "event_type": "streaming_indicator_engine.data_anomalies_detected", "data": {"symbol": "ARIA_USDT", "timestamp": 1762076990.315, "anomalies": ["stale_timestamp: 1762076990.315 vs 1764665494.4589634"], "data_sample": {"price": 0.16733, "volume": 10.0}}}
{"timestamp": "2025-12-02T08:51:34.459977+00:00", "level": "WARNING", "module": "logger", "funcName": "_log", "lineno": 188, "event_type": "streaming_indicator_engine.data_anomalies_detected", "data": {"symbol": "ARIA_USDT", "timestamp": 1762076997.315, "anomalies": ["stale_timestamp: 1762076997.315 vs 1764665494.4599771"], "data_sample": {"price": 0.16726, "volume": 12.0}}}
{"timestamp": "2025-12-02T08:51:34.461987+00:00", "level": "WARNING", "module": "logger", "funcName": "_log", "lineno": 188, "event_type": "streaming_indicator_engine.data_anomalies_detected", "data": {"symbol": "ARIA_USDT", "timestamp": 1762077007.309999, "anomalies": ["stale_timestamp: 1762077007.309999 vs 1764665494.4619875"], "data_sample": {"price": 0.16719, "volume": 4.0}}}
{"timestamp": "2025-12-02T08:51:34.464989+00:00", "level": "WARNING", "module": "logger", "funcName": "_log", "lineno": 188, "event_type": "streaming_indicator_engine.data_anomalies_detected", "data": {"symbol": "ARIA_USDT", "timestamp": 1762077018.309999, "anomalies": ["stale_timestamp: 1762077018.309999 vs 1764665494.4649892"], "data_sample": {"price": 0.16722, "volume": 8.0}}}
{"timestamp": "2025-12-02T08:51:34.465987+00:00", "level": "WARNING", "module": "logger", "funcName": "_log", "lineno": 188, "event_type": "streaming_indicator_engine.data_anomalies_detected", "data": {"symbol": "ARIA_USDT", "timestamp": 1762077025.309999, "anomalies": ["stale_timestamp: 1762077025.309999 vs 1764665494.465988"], "data_sample": {"price": 0.16726, "volume": 5.0}}}
{"timestamp": "2025-12-02T08:51:34.467623+00:00", "level": "WARNING", "module": "logger", "funcName": "_log", "lineno": 188, "event_type": "streaming_indicator_engine.data_anomalies_detected", "data": {"symbol": "ARIA_USDT", "timestamp": 1762077033.311, "anomalies": ["stale_timestamp: 1762077033.311 vs 1764665494.4676235"], "data_sample": {"price": 0.16725, "volume": 4.0}}}
{"timestamp": "2025-12-02T08:51:34.482196+00:00", "level": "WARNING", "module": "logger", "funcName": "_log", "lineno": 188, "event_type": "streaming_indicator_engine.data_anomalies_detected", "data": {"symbol": "ARIA_USDT", "timestamp": 1762077042.309999, "anomalies": ["stale_timestamp: 1762077042.309999 vs 1764665494.4821966"], "data_sample": {"price": 0.16724, "volume": 4.0}}}
{"timestamp": "2025-12-02T08:51:34.497241+00:00", "level": "WARNING", "module": "logger", "funcName": "_log", "lineno": 188, "event_type": "streaming_indicator_engine.data_anomalies_detected", "data": {"symbol": "ARIA_USDT", "timestamp": 1762077051.309999, "anomalies": ["stale_timestamp: 1762077051.309999 vs 1764665494.497242"], "data_sample": {"price": 0.16725, "volume": 4.0}}}
{"timestamp": "2025-12-02T08:51:34.514086+00:00", "level": "WARNING", "module": "logger", "funcName": "_log", "lineno": 188, "event_type": "streaming_indicator_engine.data_anomalies_detected", "data": {"symbol": "ARIA_USDT", "timestamp": 1762077057.312999, "anomalies": ["stale_timestamp: 1762077057.312999 vs 1764665494.5140858"], "data_sample": {"price": 0.16726, "volume": 3.0}}}
{"timestamp": "2025-12-02T08:51:34.529242+00:00", "level": "WARNING", "module": "logger", "funcName": "_log", "lineno": 188, "event_type": "streaming_indicator_engine.data_anomalies_detected", "data": {"symbol": "ARIA_USDT", "timestamp": 1762077067.316999, "anomalies": ["stale_timestamp: 1762077067.316999 vs 1764665494.5287318"], "data_sample": {"price": 0.16725, "volume": 8.0}}}
{"timestamp": "2025-12-02T08:51:34.546678+00:00", "level": "WARNING", "module": "logger", "funcName": "_log", "lineno": 188, "event_type": "streaming_indicator_engine.data_anomalies_detected", "data": {"symbol": "ARIA_USDT", "timestamp": 1762077081.308, "anomalies": ["stale_timestamp: 1762077081.308 vs 1764665494.5456796"], "data_sample": {"price": 0.16714, "volume": 6.0}}}
{"timestamp": "2025-12-02T08:51:34.575744+00:00", "level": "WARNING", "module": "logger", "funcName": "_log", "lineno": 188, "event_type": "streaming_indicator_engine.data_anomalies_detected", "data": {"symbol": "ARIA_USDT", "timestamp": 1762077089.311, "anomalies": ["stale_timestamp: 1762077089.311 vs 1764665494.575744"], "data_sample": {"price": 0.16711, "volume": 4.0}}}
{"timestamp": "2025-12-02T08:51:34.595837+00:00", "level": "WARNING", "module": "logger", "funcName": "_log", "lineno": 188, "event_type": "streaming_indicator_engine.data_anomalies_detected", "data": {"symbol": "ARIA_USDT", "timestamp": 1762077098.311, "anomalies": ["stale_timestamp: 1762077098.311 vs 1764665494.5938363"], "data_sample": {"price": 0.16702, "volume": 4.0}}}
{"timestamp": "2025-12-02T08:51:34.622863+00:00", "level": "WARNING", "module": "logger", "funcName": "_log", "lineno": 188, "event_type": "streaming_indicator_engine.data_anomalies_detected", "data": {"symbol": "ARIA_USDT", "timestamp": 1762077107.335, "anomalies": ["stale_timestamp: 1762077107.335 vs 1764665494.6214366"], "data_sample": {"price": 0.167, "volume": 26.0}}}
{"timestamp": "2025-12-02T08:51:34.643339+00:00", "level": "WARNING", "module": "logger", "funcName": "_log", "lineno": 188, "event_type": "streaming_indicator_engine.data_anomalies_detected", "data": {"symbol": "ARIA_USDT", "timestamp": 1762077121.309999, "anomalies": ["stale_timestamp: 1762077121.309999 vs 1764665494.6423342"], "data_sample": {"price": 0.16704, "volume": 8.0}}}
{"timestamp": "2025-12-02T08:51:34.659428+00:00", "level": "WARNING", "module": "logger", "funcName": "_log", "lineno": 188, "event_type": "streaming_indicator_engine.data_anomalies_detected", "data": {"symbol": "ARIA_USDT", "timestamp": 1762077123.420999, "anomalies": ["stale_timestamp: 1762077123.420999 vs 1764665494.6594286"], "data_sample": {"price": 0.167, "volume": 59.0}}}
{"timestamp": "2025-12-02T08:51:34.674842+00:00", "level": "WARNING", "module": "logger", "funcName": "_log", "lineno": 188, "event_type": "streaming_indicator_engine.data_anomalies_detected", "data": {"symbol": "ARIA_USDT", "timestamp": 1762077139.311, "anomalies": ["stale_timestamp: 1762077139.311 vs 1764665494.6748421"], "data_sample": {"price": 0.16703, "volume": 5.0}}}
{"timestamp": "2025-12-02T08:51:34.689275+00:00", "level": "WARNING", "module": "logger", "funcName": "_log", "lineno": 188, "event_type": "streaming_indicator_engine.data_anomalies_detected", "data": {"symbol": "ARIA_USDT", "timestamp": 1762077152.308999, "anomalies": ["stale_timestamp: 1762077152.308999 vs 1764665494.6892757"], "data_sample": {"price": 0.16708, "volume": 9.0}}}
{"timestamp": "2025-12-02T08:51:34.705103+00:00", "level": "WARNING", "module": "logger", "funcName": "_log", "lineno": 188, "event_type": "streaming_indicator_engine.data_anomalies_detected", "data": {"symbol": "ARIA_USDT", "timestamp": 1762077163.309999, "anomalies": ["stale_timestamp: 1762077163.309999 vs 1764665494.7051032"], "data_sample": {"price": 0.16713, "volume": 11.0}}}
{"timestamp": "2025-12-02T08:51:34.722185+00:00", "level": "WARNING", "module": "logger", "funcName": "_log", "lineno": 188, "event_type": "streaming_indicator_engine.data_anomalies_detected", "data": {"symbol": "ARIA_USDT", "timestamp": 1762077172.309999, "anomalies": ["stale_timestamp: 1762077172.309999 vs 1764665494.7211797"], "data_sample": {"price": 0.16706, "volume": 12.0}}}
{"timestamp": "2025-12-02T08:51:34.737734+00:00", "level": "WARNING", "module": "logger", "funcName": "_log", "lineno": 188, "event_type": "streaming_indicator_engine.data_anomalies_detected", "data": {"symbol": "ARIA_USDT", "timestamp": 1762077187.312999, "anomalies": ["stale_timestamp: 1762077187.312999 vs 1764665494.7367308"], "data_sample": {"price": 0.16705, "volume": 4.0}}}
{"timestamp": "2025-12-02T08:51:34.752025+00:00", "level": "WARNING", "module": "logger", "funcName": "_log", "lineno": 188, "event_type": "streaming_indicator_engine.data_anomalies_detected", "data": {"symbol": "ARIA_USDT", "timestamp": 1762077203.309999, "anomalies": ["stale_timestamp: 1762077203.309999 vs 1764665494.7520258"], "data_sample": {"price": 0.16703, "volume": 6.0}}}
{"timestamp": "2025-12-02T08:51:34.767573+00:00", "level": "WARNING", "module": "logger", "funcName": "_log", "lineno": 188, "event_type": "streaming_indicator_engine.data_anomalies_detected", "data": {"symbol": "ARIA_USDT", "timestamp": 1762077211.312, "anomalies": ["stale_timestamp: 1762077211.312 vs 1764665494.767574"], "data_sample": {"price": 0.16707, "volume": 9.0}}}
{"timestamp": "2025-12-02T08:51:34.783638+00:00", "level": "WARNING", "module": "logger", "funcName": "_log", "lineno": 188, "event_type": "streaming_indicator_engine.data_anomalies_detected", "data": {"symbol": "ARIA_USDT", "timestamp": 1762077227.312999, "anomalies": ["stale_timestamp: 1762077227.312999 vs 1764665494.7836387"], "data_sample": {"price": 0.16704, "volume": 4.0}}}
{"timestamp": "2025-12-02T08:51:34.799703+00:00", "level": "WARNING", "module": "logger", "funcName": "_log", "lineno": 188, "event_type": "streaming_indicator_engine.data_anomalies_detected", "data": {"symbol": "ARIA_USDT", "timestamp": 1762077234.308999, "anomalies": ["stale_timestamp: 1762077234.308999 vs 1764665494.7997036"], "data_sample": {"price": 0.16708, "volume": 8.0}}}
{"timestamp": "2025-12-02T08:51:34.814791+00:00", "level": "WARNING", "module": "logger", "funcName": "_log", "lineno": 188, "event_type": "streaming_indicator_engine.data_anomalies_detected", "data": {"symbol": "ARIA_USDT", "timestamp": 1762077247.312999, "anomalies": ["stale_timestamp: 1762077247.312999 vs 1764665494.8147912"], "data_sample": {"price": 0.16705, "volume": 7.0}}}
{"timestamp": "2025-12-02T08:51:34.831755+00:00", "level": "WARNING", "module": "logger", "funcName": "_log", "lineno": 188, "event_type": "streaming_indicator_engine.data_anomalies_detected", "data": {"symbol": "ARIA_USDT", "timestamp": 1762077263.309999, "anomalies": ["stale_timestamp: 1762077263.309999 vs 1764665494.8312418"], "data_sample": {"price": 0.16704, "volume": 7.0}}}
{"timestamp": "2025-12-02T08:51:34.845631+00:00", "level": "WARNING", "module": "logger", "funcName": "_log", "lineno": 188, "event_type": "streaming_indicator_engine.data_anomalies_detected", "data": {"symbol": "ARIA_USDT", "timestamp": 1762077274.309999, "anomalies": ["stale_timestamp: 1762077274.309999 vs 1764665494.8456316"], "data_sample": {"price": 0.16709, "volume": 4.0}}}
{"timestamp": "2025-12-02T08:51:34.861193+00:00", "level": "WARNING", "module": "logger", "funcName": "_log", "lineno": 188, "event_type": "streaming_indicator_engine.data_anomalies_detected", "data": {"symbol": "ARIA_USDT", "timestamp": 1762077281.311, "anomalies": ["stale_timestamp: 1762077281.311 vs 1764665494.861194"], "data_sample": {"price": 0.16713, "volume": 12.0}}}
{"timestamp": "2025-12-02T08:51:34.876828+00:00", "level": "WARNING", "module": "logger", "funcName": "_log", "lineno": 188, "event_type": "streaming_indicator_engine.data_anomalies_detected", "data": {"symbol": "ARIA_USDT", "timestamp": 1762077290.312, "anomalies": ["stale_timestamp: 1762077290.312 vs 1764665494.876829"], "data_sample": {"price": 0.16709, "volume": 8.0}}}
{"timestamp": "2025-12-02T08:51:34.893094+00:00", "level": "WARNING", "module": "logger", "funcName": "_log", "lineno": 188, "event_type": "streaming_indicator_engine.data_anomalies_detected", "data": {"symbol": "ARIA_USDT", "timestamp": 1762077299.312, "anomalies": ["stale_timestamp: 1762077299.312 vs 1764665494.8930943"], "data_sample": {"price": 0.16706, "volume": 8.0}}}
{"timestamp": "2025-12-02T08:51:34.909249+00:00", "level": "WARNING", "module": "logger", "funcName": "_log", "lineno": 188, "event_type": "streaming_indicator_engine.data_anomalies_detected", "data": {"symbol": "ARIA_USDT", "timestamp": 1762077309.309999, "anomalies": ["stale_timestamp: 1762077309.309999 vs 1764665494.909249"], "data_sample": {"price": 0.16705, "volume": 6.0}}}
{"timestamp": "2025-12-02T08:51:34.923631+00:00", "level": "WARNING", "module": "logger", "funcName": "_log", "lineno": 188, "event_type": "streaming_indicator_engine.data_anomalies_detected", "data": {"symbol": "ARIA_USDT", "timestamp": 1762077318.312, "anomalies": ["stale_timestamp: 1762077318.312 vs 1764665494.923632"], "data_sample": {"price": 0.16706, "volume": 9.0}}}
{"timestamp": "2025-12-02T08:51:34.939630+00:00", "level": "WARNING", "module": "logger", "funcName": "_log", "lineno": 188, "event_type": "streaming_indicator_engine.data_anomalies_detected", "data": {"symbol": "ARIA_USDT", "timestamp": 1762077324.309999, "anomalies": ["stale_timestamp: 1762077324.309999 vs 1764665494.9390159"], "data_sample": {"price": 0.1671, "volume": 5.0}}}
{"timestamp": "2025-12-02T08:51:34.954366+00:00", "level": "WARNING", "module": "logger", "funcName": "_log", "lineno": 188, "event_type": "streaming_indicator_engine.data_anomalies_detected", "data": {"symbol": "ARIA_USDT", "timestamp": 1762077335.309999, "anomalies": ["stale_timestamp: 1762077335.309999 vs 1764665494.9543664"], "data_sample": {"price": 0.16709, "volume": 4.0}}}
{"timestamp": "2025-12-02T08:51:34.969600+00:00", "level": "WARNING", "module": "logger", "funcName": "_log", "lineno": 188, "event_type": "streaming_indicator_engine.data_anomalies_detected", "data": {"symbol": "ARIA_USDT", "timestamp": 1762077351.309999, "anomalies": ["stale_timestamp: 1762077351.309999 vs 1764665494.9696004"], "data_sample": {"price": 0.1671, "volume": 3.0}}}
{"timestamp": "2025-12-02T08:51:34.977668+00:00", "level": "INFO", "module": "logger", "funcName": "_log", "lineno": 188, "event_type": "strategy_manager.indicator_update_received", "data": {"symbol": "ARIA_USDT", "indicator_name": "611fad91-045d-408b-8822-f43428935033_20", "indicator_type": "", "value": 0.0003740859211824653, "active_strategies_for_symbol": true, "active_count": 3}}
{"timestamp": "2025-12-02T08:51:34.979775+00:00", "level": "WARNING", "module": "logger", "funcName": "_log", "lineno": 188, "event_type": "streaming_indicator_engine.data_anomalies_detected", "data": {"symbol": "ARIA_USDT", "timestamp": 1762077362.309999, "anomalies": ["stale_timestamp: 1762077362.309999 vs 1764665494.9786935"], "data_sample": {"price": 0.16716, "volume": 5.0}}}
{"timestamp": "2025-12-02T08:51:34.981797+00:00", "level": "WARNING", "module": "logger", "funcName": "_log", "lineno": 188, "event_type": "streaming_indicator_engine.data_anomalies_detected", "data": {"symbol": "ARIA_USDT", "timestamp": 1762077376.309999, "anomalies": ["stale_timestamp: 1762077376.309999 vs 1764665494.98089"], "data_sample": {"price": 0.16724, "volume": 11.0}}}
{"timestamp": "2025-12-02T08:51:34.983791+00:00", "level": "WARNING", "module": "logger", "funcName": "_log", "lineno": 188, "event_type": "streaming_indicator_engine.data_anomalies_detected", "data": {"symbol": "ARIA_USDT", "timestamp": 1762077387.309999, "anomalies": ["stale_timestamp: 1762077387.309999 vs 1764665494.9827895"], "data_sample": {"price": 0.16726, "volume": 11.0}}}
{"timestamp": "2025-12-02T08:51:34.984790+00:00", "level": "WARNING", "module": "logger", "funcName": "_log", "lineno": 188, "event_type": "streaming_indicator_engine.data_anomalies_detected", "data": {"symbol": "ARIA_USDT", "timestamp": 1762077395.309999, "anomalies": ["stale_timestamp: 1762077395.309999 vs 1764665494.9847906"], "data_sample": {"price": 0.16728, "volume": 3.0}}}
{"timestamp": "2025-12-02T08:51:34.986785+00:00", "level": "WARNING", "module": "logger", "funcName": "_log", "lineno": 188, "event_type": "streaming_indicator_engine.data_anomalies_detected", "data": {"symbol": "ARIA_USDT", "timestamp": 1762077402.309999, "anomalies": ["stale_timestamp: 1762077402.309999 vs 1764665494.986786"], "data_sample": {"price": 0.1673, "volume": 10.0}}}
{"timestamp": "2025-12-02T08:51:34.987790+00:00", "level": "INFO", "module": "logger", "funcName": "_log", "lineno": 188, "event_type": "strategy_manager.indicator_update_received", "data": {"symbol": "ARIA_USDT", "indicator_name": "611fad91-045d-408b-8822-f43428935033_20", "indicator_type": "", "value": 0.0003740859211824653, "active_strategies_for_symbol": true, "active_count": 3}}
{"timestamp": "2025-12-02T08:51:34.990455+00:00", "level": "WARNING", "module": "logger", "funcName": "_log", "lineno": 188, "event_type": "streaming_indicator_engine.data_anomalies_detected", "data": {"symbol": "ARIA_USDT", "timestamp": 1762077412.311, "anomalies": ["stale_timestamp: 1762077412.311 vs 1764665494.9904559"], "data_sample": {"price": 0.16729, "volume": 7.0}}}
{"timestamp": "2025-12-02T08:51:34.994343+00:00", "level": "WARNING", "module": "logger", "funcName": "_log", "lineno": 188, "event_type": "streaming_indicator_engine.data_anomalies_detected", "data": {"symbol": "ARIA_USDT", "timestamp": 1762077421.309999, "anomalies": ["stale_timestamp: 1762077421.309999 vs 1764665494.9934082"], "data_sample": {"price": 0.16727, "volume": 4.0}}}
{"timestamp": "2025-12-02T08:51:35.010230+00:00", "level": "WARNING", "module": "logger", "funcName": "_log", "lineno": 188, "event_type": "streaming_indicator_engine.data_anomalies_detected", "data": {"symbol": "ARIA_USDT", "timestamp": 1762076372.312999, "anomalies": ["stale_timestamp: 1762076372.312999 vs 1764665495.0092094"], "data_sample": {"price": 0.1671, "volume": 3.0}}}
{"timestamp": "2025-12-02T08:51:35.031140+00:00", "level": "WARNING", "module": "logger", "funcName": "_log", "lineno": 188, "event_type": "streaming_indicator_engine.data_anomalies_detected", "data": {"symbol": "ARIA_USDT", "timestamp": 1762076381.309999, "anomalies": ["stale_timestamp: 1762076381.309999 vs 1764665495.0306325"], "data_sample": {"price": 0.16715, "volume": 8.0}}}
{"timestamp": "2025-12-02T08:51:35.047105+00:00", "level": "WARNING", "module": "logger", "funcName": "_log", "lineno": 188, "event_type": "streaming_indicator_engine.data_anomalies_detected", "data": {"symbol": "ARIA_USDT", "timestamp": 1762076388.311, "anomalies": ["stale_timestamp: 1762076388.311 vs 1764665495.0471056"], "data_sample": {"price": 0.16714, "volume": 9.0}}}
{"timestamp": "2025-12-02T08:51:35.061461+00:00", "level": "WARNING", "module": "logger", "funcName": "_log", "lineno": 188, "event_type": "streaming_indicator_engine.data_anomalies_detected", "data": {"symbol": "ARIA_USDT", "timestamp": 1762076401.309999, "anomalies": ["stale_timestamp: 1762076401.309999 vs 1764665495.0614617"], "data_sample": {"price": 0.16717, "volume": 7.0}}}
{"timestamp": "2025-12-02T08:51:35.065677+00:00", "level": "WARNING", "module": "logger", "funcName": "_log", "lineno": 188, "event_type": "streaming_indicator_engine.data_anomalies_detected", "data": {"symbol": "ARIA_USDT", "timestamp": 1762076408.312, "anomalies": ["stale_timestamp: 1762076408.312 vs 1764665495.0656774"], "data_sample": {"price": 0.16713, "volume": 3.0}}}
{"timestamp": "2025-12-02T08:51:35.067668+00:00", "level": "WARNING", "module": "logger", "funcName": "_log", "lineno": 188, "event_type": "streaming_indicator_engine.data_anomalies_detected", "data": {"symbol": "ARIA_USDT", "timestamp": 1762076417.311, "anomalies": ["stale_timestamp: 1762076417.311 vs 1764665495.0666692"], "data_sample": {"price": 0.16708, "volume": 3.0}}}
{"timestamp": "2025-12-02T08:51:35.091258+00:00", "level": "WARNING", "module": "logger", "funcName": "_log", "lineno": 188, "event_type": "streaming_indicator_engine.data_anomalies_detected", "data": {"symbol": "ARIA_USDT", "timestamp": 1762076427.308999, "anomalies": ["stale_timestamp: 1762076427.308999 vs 1764665495.0912585"], "data_sample": {"price": 0.16707, "volume": 12.0}}}
{"timestamp": "2025-12-02T08:51:35.106410+00:00", "level": "WARNING", "module": "logger", "funcName": "_log", "lineno": 188, "event_type": "streaming_indicator_engine.data_anomalies_detected", "data": {"symbol": "ARIA_USDT", "timestamp": 1762076435.309999, "anomalies": ["stale_timestamp: 1762076435.309999 vs 1764665495.1064103"], "data_sample": {"price": 0.1671, "volume": 4.0}}}
{"timestamp": "2025-12-02T08:51:35.121449+00:00", "level": "WARNING", "module": "logger", "funcName": "_log", "lineno": 188, "event_type": "streaming_indicator_engine.data_anomalies_detected", "data": {"symbol": "ARIA_USDT", "timestamp": 1762076447.309999, "anomalies": ["stale_timestamp: 1762076447.309999 vs 1764665495.1214492"], "data_sample": {"price": 0.16708, "volume": 9.0}}}
{"timestamp": "2025-12-02T08:51:35.136647+00:00", "level": "WARNING", "module": "logger", "funcName": "_log", "lineno": 188, "event_type": "streaming_indicator_engine.data_anomalies_detected", "data": {"symbol": "ARIA_USDT", "timestamp": 1762076462.309999, "anomalies": ["stale_timestamp: 1762076462.309999 vs 1764665495.1366472"], "data_sample": {"price": 0.16726, "volume": 10.0}}}
{"timestamp": "2025-12-02T08:51:35.153698+00:00", "level": "WARNING", "module": "logger", "funcName": "_log", "lineno": 188, "event_type": "streaming_indicator_engine.data_anomalies_detected", "data": {"symbol": "ARIA_USDT", "timestamp": 1762076476.308999, "anomalies": ["stale_timestamp: 1762076476.308999 vs 1764665495.153698"], "data_sample": {"price": 0.16745, "volume": 9.0}}}
{"timestamp": "2025-12-02T08:51:35.168527+00:00", "level": "WARNING", "module": "logger", "funcName": "_log", "lineno": 188, "event_type": "streaming_indicator_engine.data_anomalies_detected", "data": {"symbol": "ARIA_USDT", "timestamp": 1762076490.311, "anomalies": ["stale_timestamp: 1762076490.311 vs 1764665495.1685274"], "data_sample": {"price": 0.16766, "volume": 7.0}}}
{"timestamp": "2025-12-02T08:51:35.184286+00:00", "level": "WARNING", "module": "logger", "funcName": "_log", "lineno": 188, "event_type": "streaming_indicator_engine.data_anomalies_detected", "data": {"symbol": "ARIA_USDT", "timestamp": 1762076501.311, "anomalies": ["stale_timestamp: 1762076501.311 vs 1764665495.1842868"], "data_sample": {"price": 0.16763, "volume": 5.0}}}
{"timestamp": "2025-12-02T08:51:35.200539+00:00", "level": "WARNING", "module": "logger", "funcName": "_log", "lineno": 188, "event_type": "streaming_indicator_engine.data_anomalies_detected", "data": {"symbol": "ARIA_USDT", "timestamp": 1762076514.408999, "anomalies": ["stale_timestamp: 1762076514.408999 vs 1764665495.199536"], "data_sample": {"price": 0.16766, "volume": 10.0}}}
{"timestamp": "2025-12-02T08:51:35.216631+00:00", "level": "WARNING", "module": "logger", "funcName": "_log", "lineno": 188, "event_type": "streaming_indicator_engine.data_anomalies_detected", "data": {"symbol": "ARIA_USDT", "timestamp": 1762076520.311, "anomalies": ["stale_timestamp: 1762076520.311 vs 1764665495.216632"], "data_sample": {"price": 0.1677, "volume": 9.0}}}
{"timestamp": "2025-12-02T08:51:35.232693+00:00", "level": "WARNING", "module": "logger", "funcName": "_log", "lineno": 188, "event_type": "streaming_indicator_engine.data_anomalies_detected", "data": {"symbol": "ARIA_USDT", "timestamp": 1762076531.311, "anomalies": ["stale_timestamp: 1762076531.311 vs 1764665495.2326937"], "data_sample": {"price": 0.16778, "volume": 10.0}}}
{"timestamp": "2025-12-02T08:51:35.239768+00:00", "level": "INFO", "module": "logger", "funcName": "_log", "lineno": 188, "event_type": "strategy_manager.indicator_update_received", "data": {"symbol": "ARIA_USDT", "indicator_name": "5fc82998-9270-4b44-8312-f74ddd20a93d_20", "indicator_type": "", "value": -65.86709736464694, "active_strategies_for_symbol": true, "active_count": 3}}
{"timestamp": "2025-12-02T08:51:35.241021+00:00", "level": "WARNING", "module": "logger", "funcName": "_log", "lineno": 188, "event_type": "streaming_indicator_engine.data_anomalies_detected", "data": {"symbol": "ARIA_USDT", "timestamp": 1762076537.311, "anomalies": ["stale_timestamp: 1762076537.311 vs 1764665495.2410216"], "data_sample": {"price": 0.16777, "volume": 10.0}}}
{"timestamp": "2025-12-02T08:51:35.242037+00:00", "level": "WARNING", "module": "logger", "funcName": "_log", "lineno": 188, "event_type": "streaming_indicator_engine.data_anomalies_detected", "data": {"symbol": "ARIA_USDT", "timestamp": 1762076543.312, "anomalies": ["stale_timestamp: 1762076543.312 vs 1764665495.2420375"], "data_sample": {"price": 0.16765, "volume": 8.0}}}
{"timestamp": "2025-12-02T08:51:35.243039+00:00", "level": "WARNING", "module": "logger", "funcName": "_log", "lineno": 188, "event_type": "streaming_indicator_engine.data_anomalies_detected", "data": {"symbol": "ARIA_USDT", "timestamp": 1762076551.311, "anomalies": ["stale_timestamp: 1762076551.311 vs 1764665495.2430391"], "data_sample": {"price": 0.16776, "volume": 7.0}}}
{"timestamp": "2025-12-02T08:51:35.244038+00:00", "level": "WARNING", "module": "logger", "funcName": "_log", "lineno": 188, "event_type": "streaming_indicator_engine.data_anomalies_detected", "data": {"symbol": "ARIA_USDT", "timestamp": 1762076567.313999, "anomalies": ["stale_timestamp: 1762076567.313999 vs 1764665495.2440379"], "data_sample": {"price": 0.16779, "volume": 4.0}}}
{"timestamp": "2025-12-02T08:51:35.245045+00:00", "level": "WARNING", "module": "logger", "funcName": "_log", "lineno": 188, "event_type": "streaming_indicator_engine.data_anomalies_detected", "data": {"symbol": "ARIA_USDT", "timestamp": 1762076582.312999, "anomalies": ["stale_timestamp: 1762076582.312999 vs 1764665495.2450457"], "data_sample": {"price": 0.16774, "volume": 4.0}}}
{"timestamp": "2025-12-02T08:51:35.246036+00:00", "level": "INFO", "module": "logger", "funcName": "_log", "lineno": 188, "event_type": "strategy_manager.indicator_update_received", "data": {"symbol": "ARIA_USDT", "indicator_name": "5fc82998-9270-4b44-8312-f74ddd20a93d_20", "indicator_type": "", "value": -65.86709736464694, "active_strategies_for_symbol": true, "active_count": 3}}
{"timestamp": "2025-12-02T08:51:35.247847+00:00", "level": "WARNING", "module": "logger", "funcName": "_log", "lineno": 188, "event_type": "streaming_indicator_engine.data_anomalies_detected", "data": {"symbol": "ARIA_USDT", "timestamp": 1762076595.309999, "anomalies": ["stale_timestamp: 1762076595.309999 vs 1764665495.2478473"], "data_sample": {"price": 0.16776, "volume": 10.0}}}
{"timestamp": "2025-12-02T08:51:35.250238+00:00", "level": "WARNING", "module": "logger", "funcName": "_log", "lineno": 188, "event_type": "streaming_indicator_engine.data_anomalies_detected", "data": {"symbol": "ARIA_USDT", "timestamp": 1762076606.309999, "anomalies": ["stale_timestamp: 1762076606.309999 vs 1764665495.2502387"], "data_sample": {"price": 0.16772, "volume": 9.0}}}
{"timestamp": "2025-12-02T08:51:35.250881+00:00", "level": "WARNING", "module": "logger", "funcName": "_log", "lineno": 188, "event_type": "streaming_indicator_engine.data_anomalies_detected", "data": {"symbol": "ARIA_USDT", "timestamp": 1762076620.309999, "anomalies": ["stale_timestamp: 1762076620.309999 vs 1764665495.2508812"], "data_sample": {"price": 0.16764, "volume": 5.0}}}
{"timestamp": "2025-12-02T08:51:35.251897+00:00", "level": "WARNING", "module": "logger", "funcName": "_log", "lineno": 188, "event_type": "streaming_indicator_engine.data_anomalies_detected", "data": {"symbol": "ARIA_USDT", "timestamp": 1762076628.311, "anomalies": ["stale_timestamp: 1762076628.311 vs 1764665495.2518973"], "data_sample": {"price": 0.16761, "volume": 7.0}}}
{"timestamp": "2025-12-02T08:51:35.253896+00:00", "level": "WARNING", "module": "logger", "funcName": "_log", "lineno": 188, "event_type": "streaming_indicator_engine.data_anomalies_detected", "data": {"symbol": "ARIA_USDT", "timestamp": 1762076638.312999, "anomalies": ["stale_timestamp: 1762076638.312999 vs 1764665495.2538967"], "data_sample": {"price": 0.16763, "volume": 10.0}}}
{"timestamp": "2025-12-02T08:51:35.254898+00:00", "level": "WARNING", "module": "logger", "funcName": "_log", "lineno": 188, "event_type": "streaming_indicator_engine.data_anomalies_detected", "data": {"symbol": "ARIA_USDT", "timestamp": 1762076647.309999, "anomalies": ["stale_timestamp: 1762076647.309999 vs 1764665495.2548985"], "data_sample": {"price": 0.16762, "volume": 4.0}}}
{"timestamp": "2025-12-02T08:51:35.256901+00:00", "level": "INFO", "module": "logger", "funcName": "_log", "lineno": 188, "event_type": "strategy_manager.indicator_update_received", "data": {"symbol": "ARIA_USDT", "indicator_name": "11b8be00-eed3-48fe-b359-df47b297226c_20", "indicator_type": "", "value": -0.0016693394545417985, "active_strategies_for_symbol": true, "active_count": 3}}
{"timestamp": "2025-12-02T08:51:35.258410+00:00", "level": "WARNING", "module": "logger", "funcName": "_log", "lineno": 188, "event_type": "streaming_indicator_engine.data_anomalies_detected", "data": {"symbol": "ARIA_USDT", "timestamp": 1762076653.309999, "anomalies": ["stale_timestamp: 1762076653.309999 vs 1764665495.258411"], "data_sample": {"price": 0.16761, "volume": 9.0}}}
{"timestamp": "2025-12-02T08:51:35.259423+00:00", "level": "WARNING", "module": "logger", "funcName": "_log", "lineno": 188, "event_type": "streaming_indicator_engine.data_anomalies_detected", "data": {"symbol": "ARIA_USDT", "timestamp": 1762076666.309999, "anomalies": ["stale_timestamp: 1762076666.309999 vs 1764665495.2594237"], "data_sample": {"price": 0.16763, "volume": 9.0}}}
{"timestamp": "2025-12-02T08:51:35.261438+00:00", "level": "WARNING", "module": "logger", "funcName": "_log", "lineno": 188, "event_type": "streaming_indicator_engine.data_anomalies_detected", "data": {"symbol": "ARIA_USDT", "timestamp": 1762076672.308999, "anomalies": ["stale_timestamp: 1762076672.308999 vs 1764665495.2614381"], "data_sample": {"price": 0.16762, "volume": 9.0}}}
{"timestamp": "2025-12-02T08:51:35.262439+00:00", "level": "WARNING", "module": "logger", "funcName": "_log", "lineno": 188, "event_type": "streaming_indicator_engine.data_anomalies_detected", "data": {"symbol": "ARIA_USDT", "timestamp": 1762076685.309999, "anomalies": ["stale_timestamp: 1762076685.309999 vs 1764665495.2624395"], "data_sample": {"price": 0.16732, "volume": 9.0}}}
{"timestamp": "2025-12-02T08:51:35.263725+00:00", "level": "WARNING", "module": "logger", "funcName": "_log", "lineno": 188, "event_type": "streaming_indicator_engine.data_anomalies_detected", "data": {"symbol": "ARIA_USDT", "timestamp": 1762076699.311, "anomalies": ["stale_timestamp: 1762076699.311 vs 1764665495.2637258"], "data_sample": {"price": 0.16737, "volume": 11.0}}}
{"timestamp": "2025-12-02T08:51:35.266206+00:00", "level": "WARNING", "module": "logger", "funcName": "_log", "lineno": 188, "event_type": "streaming_indicator_engine.data_anomalies_detected", "data": {"symbol": "ARIA_USDT", "timestamp": 1762076713.309999, "anomalies": ["stale_timestamp: 1762076713.309999 vs 1764665495.266206"], "data_sample": {"price": 0.16735, "volume": 4.0}}}
{"timestamp": "2025-12-02T08:51:35.267205+00:00", "level": "INFO", "module": "logger", "funcName": "_log", "lineno": 188, "event_type": "strategy_manager.indicator_update_received", "data": {"symbol": "ARIA_USDT", "indicator_name": "11b8be00-eed3-48fe-b359-df47b297226c_20", "indicator_type": "", "value": -0.0016693394545417985, "active_strategies_for_symbol": true, "active_count": 3}}
{"timestamp": "2025-12-02T08:51:35.268108+00:00", "level": "WARNING", "module": "logger", "funcName": "_log", "lineno": 188, "event_type": "streaming_indicator_engine.data_anomalies_detected", "data": {"symbol": "ARIA_USDT", "timestamp": 1762076728.311, "anomalies": ["stale_timestamp: 1762076728.311 vs 1764665495.2681084"], "data_sample": {"price": 0.16739, "volume": 9.0}}}
{"timestamp": "2025-12-02T08:51:35.269661+00:00", "level": "WARNING", "module": "logger", "funcName": "_log", "lineno": 188, "event_type": "streaming_indicator_engine.data_anomalies_detected", "data": {"symbol": "ARIA_USDT", "timestamp": 1762076734.308999, "anomalies": ["stale_timestamp: 1762076734.308999 vs 1764665495.269661"], "data_sample": {"price": 0.16744, "volume": 9.0}}}
{"timestamp": "2025-12-02T08:51:35.270923+00:00", "level": "WARNING", "module": "logger", "funcName": "_log", "lineno": 188, "event_type": "streaming_indicator_engine.data_anomalies_detected", "data": {"symbol": "ARIA_USDT", "timestamp": 1762076750.309999, "anomalies": ["stale_timestamp: 1762076750.309999 vs 1764665495.2709236"], "data_sample": {"price": 0.16747, "volume": 10.0}}}
{"timestamp": "2025-12-02T08:51:35.270923+00:00", "level": "WARNING", "module": "logger", "funcName": "_log", "lineno": 188, "event_type": "streaming_indicator_engine.data_anomalies_detected", "data": {"symbol": "ARIA_USDT", "timestamp": 1762076759.311, "anomalies": ["stale_timestamp: 1762076759.311 vs 1764665495.2709236"], "data_sample": {"price": 0.16746, "volume": 10.0}}}
{"timestamp": "2025-12-02T08:51:35.272390+00:00", "level": "WARNING", "module": "logger", "funcName": "_log", "lineno": 188, "event_type": "streaming_indicator_engine.data_anomalies_detected", "data": {"symbol": "ARIA_USDT", "timestamp": 1762076767.309999, "anomalies": ["stale_timestamp: 1762076767.309999 vs 1764665495.2723901"], "data_sample": {"price": 0.16742, "volume": 8.0}}}
{"timestamp": "2025-12-02T08:51:35.272390+00:00", "level": "WARNING", "module": "logger", "funcName": "_log", "lineno": 188, "event_type": "streaming_indicator_engine.data_anomalies_detected", "data": {"symbol": "ARIA_USDT", "timestamp": 1762076783.312, "anomalies": ["stale_timestamp: 1762076783.312 vs 1764665495.2723901"], "data_sample": {"price": 0.16745, "volume": 8.0}}}
{"timestamp": "2025-12-02T08:51:35.277286+00:00", "level": "INFO", "module": "logger", "funcName": "_log", "lineno": 188, "event_type": "strategy_manager.indicator_update_received", "data": {"symbol": "ARIA_USDT", "indicator_name": "790d8eed-dc95-43ff-b625-1205d256154b_20", "indicator_type": "", "value": 2.9740887965539348e-05, "active_strategies_for_symbol": true, "active_count": 3}}
{"timestamp": "2025-12-02T08:51:35.277286+00:00", "level": "WARNING", "module": "logger", "funcName": "_log", "lineno": 188, "event_type": "streaming_indicator_engine.data_anomalies_detected", "data": {"symbol": "ARIA_USDT", "timestamp": 1762076789.309999, "anomalies": ["stale_timestamp: 1762076789.309999 vs 1764665495.277286"], "data_sample": {"price": 0.16755, "volume": 9.0}}}
{"timestamp": "2025-12-02T08:51:35.279833+00:00", "level": "WARNING", "module": "logger", "funcName": "_log", "lineno": 188, "event_type": "streaming_indicator_engine.data_anomalies_detected", "data": {"symbol": "ARIA_USDT", "timestamp": 1762076803.311, "anomalies": ["stale_timestamp: 1762076803.311 vs 1764665495.279833"], "data_sample": {"price": 0.16758, "volume": 10.0}}}
{"timestamp": "2025-12-02T08:51:35.281879+00:00", "level": "WARNING", "module": "logger", "funcName": "_log", "lineno": 188, "event_type": "streaming_indicator_engine.data_anomalies_detected", "data": {"symbol": "ARIA_USDT", "timestamp": 1762076816.308999, "anomalies": ["stale_timestamp: 1762076816.308999 vs 1764665495.2808478"], "data_sample": {"price": 0.16762, "volume": 9.0}}}
{"timestamp": "2025-12-02T08:51:35.283848+00:00", "level": "WARNING", "module": "logger", "funcName": "_log", "lineno": 188, "event_type": "streaming_indicator_engine.data_anomalies_detected", "data": {"symbol": "ARIA_USDT", "timestamp": 1762076825.312999, "anomalies": ["stale_timestamp: 1762076825.312999 vs 1764665495.282858"], "data_sample": {"price": 0.16751, "volume": 10.0}}}
{"timestamp": "2025-12-02T08:51:35.284845+00:00", "level": "WARNING", "module": "logger", "funcName": "_log", "lineno": 188, "event_type": "streaming_indicator_engine.data_anomalies_detected", "data": {"symbol": "ARIA_USDT", "timestamp": 1762076831.316999, "anomalies": ["stale_timestamp: 1762076831.316999 vs 1764665495.2848458"], "data_sample": {"price": 0.1674, "volume": 6.0}}}
{"timestamp": "2025-12-02T08:51:35.285850+00:00", "level": "WARNING", "module": "logger", "funcName": "_log", "lineno": 188, "event_type": "streaming_indicator_engine.data_anomalies_detected", "data": {"symbol": "ARIA_USDT", "timestamp": 1762076839.311, "anomalies": ["stale_timestamp: 1762076839.311 vs 1764665495.2858503"], "data_sample": {"price": 0.16741, "volume": 8.0}}}
{"timestamp": "2025-12-02T08:51:35.287540+00:00", "level": "INFO", "module": "logger", "funcName": "_log", "lineno": 188, "event_type": "strategy_manager.indicator_update_received", "data": {"symbol": "ARIA_USDT", "indicator_name": "790d8eed-dc95-43ff-b625-1205d256154b_20", "indicator_type": "", "value": 2.9740887965539348e-05, "active_strategies_for_symbol": true, "active_count": 3}}
{"timestamp": "2025-12-02T08:51:35.287540+00:00", "level": "WARNING", "module": "logger", "funcName": "_log", "lineno": 188, "event_type": "streaming_indicator_engine.data_anomalies_detected", "data": {"symbol": "ARIA_USDT", "timestamp": 1762076846.312, "anomalies": ["stale_timestamp: 1762076846.312 vs 1764665495.2875407"], "data_sample": {"price": 0.1674, "volume": 6.0}}}
{"timestamp": "2025-12-02T08:51:35.288603+00:00", "level": "WARNING", "module": "logger", "funcName": "_log", "lineno": 188, "event_type": "streaming_indicator_engine.data_anomalies_detected", "data": {"symbol": "ARIA_USDT", "timestamp": 1762076859.309999, "anomalies": ["stale_timestamp: 1762076859.309999 vs 1764665495.2886033"], "data_sample": {"price": 0.16723, "volume": 5.0}}}
{"timestamp": "2025-12-02T08:51:35.289610+00:00", "level": "WARNING", "module": "logger", "funcName": "_log", "lineno": 188, "event_type": "streaming_indicator_engine.data_anomalies_detected", "data": {"symbol": "ARIA_USDT", "timestamp": 1762076870.309999, "anomalies": ["stale_timestamp: 1762076870.309999 vs 1764665495.2896104"], "data_sample": {"price": 0.16724, "volume": 9.0}}}
{"timestamp": "2025-12-02T08:51:35.290734+00:00", "level": "WARNING", "module": "logger", "funcName": "_log", "lineno": 188, "event_type": "streaming_indicator_engine.data_anomalies_detected", "data": {"symbol": "ARIA_USDT", "timestamp": 1762076878.309999, "anomalies": ["stale_timestamp: 1762076878.309999 vs 1764665495.2907343"], "data_sample": {"price": 0.16731, "volume": 4.0}}}
{"timestamp": "2025-12-02T08:51:35.290734+00:00", "level": "WARNING", "module": "logger", "funcName": "_log", "lineno": 188, "event_type": "streaming_indicator_engine.data_anomalies_detected", "data": {"symbol": "ARIA_USDT", "timestamp": 1762076892.311, "anomalies": ["stale_timestamp: 1762076892.311 vs 1764665495.2907343"], "data_sample": {"price": 0.16728, "volume": 9.0}}}
{"timestamp": "2025-12-02T08:51:35.291978+00:00", "level": "WARNING", "module": "logger", "funcName": "_log", "lineno": 188, "event_type": "streaming_indicator_engine.data_anomalies_detected", "data": {"symbol": "ARIA_USDT", "timestamp": 1762076900.309999, "anomalies": ["stale_timestamp: 1762076900.309999 vs 1764665495.2919786"], "data_sample": {"price": 0.16731, "volume": 7.0}}}
{"timestamp": "2025-12-02T08:51:35.309590+00:00", "level": "WARNING", "module": "logger", "funcName": "_log", "lineno": 188, "event_type": "streaming_indicator_engine.data_anomalies_detected", "data": {"symbol": "ARIA_USDT", "timestamp": 1762076915.308999, "anomalies": ["stale_timestamp: 1762076915.308999 vs 1764665495.3095906"], "data_sample": {"price": 0.16729, "volume": 4.0}}}
{"timestamp": "2025-12-02T08:51:35.325641+00:00", "level": "WARNING", "module": "logger", "funcName": "_log", "lineno": 188, "event_type": "streaming_indicator_engine.data_anomalies_detected", "data": {"symbol": "ARIA_USDT", "timestamp": 1762076929.309999, "anomalies": ["stale_timestamp: 1762076929.309999 vs 1764665495.3256412"], "data_sample": {"price": 0.16725, "volume": 11.0}}}
{"timestamp": "2025-12-02T08:51:35.340348+00:00", "level": "WARNING", "module": "logger", "funcName": "_log", "lineno": 188, "event_type": "streaming_indicator_engine.data_anomalies_detected", "data": {"symbol": "ARIA_USDT", "timestamp": 1762076940.312999, "anomalies": ["stale_timestamp: 1762076940.312999 vs 1764665495.340349"], "data_sample": {"price": 0.16733, "volume": 8.0}}}
{"timestamp": "2025-12-02T08:51:35.355662+00:00", "level": "WARNING", "module": "logger", "funcName": "_log", "lineno": 188, "event_type": "streaming_indicator_engine.data_anomalies_detected", "data": {"symbol": "ARIA_USDT", "timestamp": 1762076949.324999, "anomalies": ["stale_timestamp: 1762076949.324999 vs 1764665495.3556623"], "data_sample": {"price": 0.1673, "volume": 8.0}}}
{"timestamp": "2025-12-02T08:51:35.371028+00:00", "level": "WARNING", "module": "logger", "funcName": "_log", "lineno": 188, "event_type": "streaming_indicator_engine.data_anomalies_detected", "data": {"symbol": "ARIA_USDT", "timestamp": 1762076965.316, "anomalies": ["stale_timestamp: 1762076965.316 vs 1764665495.371029"], "data_sample": {"price": 0.16729, "volume": 4.0}}}
{"timestamp": "2025-12-02T08:51:35.387126+00:00", "level": "WARNING", "module": "logger", "funcName": "_log", "lineno": 188, "event_type": "streaming_indicator_engine.data_anomalies_detected", "data": {"symbol": "ARIA_USDT", "timestamp": 1762076978.312, "anomalies": ["stale_timestamp: 1762076978.312 vs 1764665495.3871262"], "data_sample": {"price": 0.1673, "volume": 9.0}}}
{"timestamp": "2025-12-02T08:51:35.402690+00:00", "level": "WARNING", "module": "logger", "funcName": "_log", "lineno": 188, "event_type": "streaming_indicator_engine.data_anomalies_detected", "data": {"symbol": "ARIA_USDT", "timestamp": 1762076990.315, "anomalies": ["stale_timestamp: 1762076990.315 vs 1764665495.402691"], "data_sample": {"price": 0.16733, "volume": 10.0}}}
{"timestamp": "2025-12-02T08:51:35.418926+00:00", "level": "WARNING", "module": "logger", "funcName": "_log", "lineno": 188, "event_type": "streaming_indicator_engine.data_anomalies_detected", "data": {"symbol": "ARIA_USDT", "timestamp": 1762076997.315, "anomalies": ["stale_timestamp: 1762076997.315 vs 1764665495.4184182"], "data_sample": {"price": 0.16726, "volume": 12.0}}}
{"timestamp": "2025-12-02T08:51:35.433969+00:00", "level": "WARNING", "module": "logger", "funcName": "_log", "lineno": 188, "event_type": "streaming_indicator_engine.data_anomalies_detected", "data": {"symbol": "ARIA_USDT", "timestamp": 1762077007.309999, "anomalies": ["stale_timestamp: 1762077007.309999 vs 1764665495.4339688"], "data_sample": {"price": 0.16719, "volume": 4.0}}}
{"timestamp": "2025-12-02T08:51:35.449767+00:00", "level": "WARNING", "module": "logger", "funcName": "_log", "lineno": 188, "event_type": "streaming_indicator_engine.data_anomalies_detected", "data": {"symbol": "ARIA_USDT", "timestamp": 1762077018.309999, "anomalies": ["stale_timestamp: 1762077018.309999 vs 1764665495.4497669"], "data_sample": {"price": 0.16722, "volume": 8.0}}}
{"timestamp": "2025-12-02T08:51:35.464331+00:00", "level": "WARNING", "module": "logger", "funcName": "_log", "lineno": 188, "event_type": "streaming_indicator_engine.data_anomalies_detected", "data": {"symbol": "ARIA_USDT", "timestamp": 1762077025.309999, "anomalies": ["stale_timestamp: 1762077025.309999 vs 1764665495.4643312"], "data_sample": {"price": 0.16726, "volume": 5.0}}}
{"timestamp": "2025-12-02T08:51:35.481777+00:00", "level": "WARNING", "module": "logger", "funcName": "_log", "lineno": 188, "event_type": "streaming_indicator_engine.data_anomalies_detected", "data": {"symbol": "ARIA_USDT", "timestamp": 1762077033.311, "anomalies": ["stale_timestamp: 1762077033.311 vs 1764665495.4807627"], "data_sample": {"price": 0.16725, "volume": 4.0}}}
{"timestamp": "2025-12-02T08:51:35.495535+00:00", "level": "WARNING", "module": "logger", "funcName": "_log", "lineno": 188, "event_type": "streaming_indicator_engine.data_anomalies_detected", "data": {"symbol": "ARIA_USDT", "timestamp": 1762077042.309999, "anomalies": ["stale_timestamp: 1762077042.309999 vs 1764665495.4955354"], "data_sample": {"price": 0.16724, "volume": 4.0}}}
{"timestamp": "2025-12-02T08:51:35.510954+00:00", "level": "WARNING", "module": "logger", "funcName": "_log", "lineno": 188, "event_type": "streaming_indicator_engine.data_anomalies_detected", "data": {"symbol": "ARIA_USDT", "timestamp": 1762077051.309999, "anomalies": ["stale_timestamp: 1762077051.309999 vs 1764665495.510955"], "data_sample": {"price": 0.16725, "volume": 4.0}}}
{"timestamp": "2025-12-02T08:51:35.525930+00:00", "level": "WARNING", "module": "logger", "funcName": "_log", "lineno": 188, "event_type": "streaming_indicator_engine.data_anomalies_detected", "data": {"symbol": "ARIA_USDT", "timestamp": 1762077057.312999, "anomalies": ["stale_timestamp: 1762077057.312999 vs 1764665495.5259302"], "data_sample": {"price": 0.16726, "volume": 3.0}}}
{"timestamp": "2025-12-02T08:51:35.541763+00:00", "level": "WARNING", "module": "logger", "funcName": "_log", "lineno": 188, "event_type": "streaming_indicator_engine.data_anomalies_detected", "data": {"symbol": "ARIA_USDT", "timestamp": 1762077067.316999, "anomalies": ["stale_timestamp: 1762077067.316999 vs 1764665495.5417635"], "data_sample": {"price": 0.16725, "volume": 8.0}}}
{"timestamp": "2025-12-02T08:51:35.557434+00:00", "level": "WARNING", "module": "logger", "funcName": "_log", "lineno": 188, "event_type": "streaming_indicator_engine.data_anomalies_detected", "data": {"symbol": "ARIA_USDT", "timestamp": 1762077081.308, "anomalies": ["stale_timestamp: 1762077081.308 vs 1764665495.557434"], "data_sample": {"price": 0.16714, "volume": 6.0}}}
{"timestamp": "2025-12-02T08:51:35.572525+00:00", "level": "WARNING", "module": "logger", "funcName": "_log", "lineno": 188, "event_type": "streaming_indicator_engine.data_anomalies_detected", "data": {"symbol": "ARIA_USDT", "timestamp": 1762077089.311, "anomalies": ["stale_timestamp: 1762077089.311 vs 1764665495.5725253"], "data_sample": {"price": 0.16711, "volume": 4.0}}}
{"timestamp": "2025-12-02T08:51:35.587186+00:00", "level": "WARNING", "module": "logger", "funcName": "_log", "lineno": 188, "event_type": "streaming_indicator_engine.data_anomalies_detected", "data": {"symbol": "ARIA_USDT", "timestamp": 1762077098.311, "anomalies": ["stale_timestamp: 1762077098.311 vs 1764665495.5871866"], "data_sample": {"price": 0.16702, "volume": 4.0}}}
{"timestamp": "2025-12-02T08:51:35.603053+00:00", "level": "WARNING", "module": "logger", "funcName": "_log", "lineno": 188, "event_type": "streaming_indicator_engine.data_anomalies_detected", "data": {"symbol": "ARIA_USDT", "timestamp": 1762077107.335, "anomalies": ["stale_timestamp: 1762077107.335 vs 1764665495.6030533"], "data_sample": {"price": 0.167, "volume": 26.0}}}
{"timestamp": "2025-12-02T08:51:35.619261+00:00", "level": "WARNING", "module": "logger", "funcName": "_log", "lineno": 188, "event_type": "streaming_indicator_engine.data_anomalies_detected", "data": {"symbol": "ARIA_USDT", "timestamp": 1762077121.309999, "anomalies": ["stale_timestamp: 1762077121.309999 vs 1764665495.6192613"], "data_sample": {"price": 0.16704, "volume": 8.0}}}
{"timestamp": "2025-12-02T08:51:35.634674+00:00", "level": "WARNING", "module": "logger", "funcName": "_log", "lineno": 188, "event_type": "streaming_indicator_engine.data_anomalies_detected", "data": {"symbol": "ARIA_USDT", "timestamp": 1762077123.420999, "anomalies": ["stale_timestamp: 1762077123.420999 vs 1764665495.6346745"], "data_sample": {"price": 0.167, "volume": 59.0}}}
{"timestamp": "2025-12-02T08:51:35.650210+00:00", "level": "WARNING", "module": "logger", "funcName": "_log", "lineno": 188, "event_type": "streaming_indicator_engine.data_anomalies_detected", "data": {"symbol": "ARIA_USDT", "timestamp": 1762077139.311, "anomalies": ["stale_timestamp: 1762077139.311 vs 1764665495.6502106"], "data_sample": {"price": 0.16703, "volume": 5.0}}}
{"timestamp": "2025-12-02T08:51:35.666586+00:00", "level": "WARNING", "module": "logger", "funcName": "_log", "lineno": 188, "event_type": "streaming_indicator_engine.data_anomalies_detected", "data": {"symbol": "ARIA_USDT", "timestamp": 1762077152.308999, "anomalies": ["stale_timestamp: 1762077152.308999 vs 1764665495.6665866"], "data_sample": {"price": 0.16708, "volume": 9.0}}}
{"timestamp": "2025-12-02T08:51:35.679760+00:00", "level": "WARNING", "module": "logger", "funcName": "_log", "lineno": 188, "event_type": "streaming_indicator_engine.data_anomalies_detected", "data": {"symbol": "ARIA_USDT", "timestamp": 1762077163.309999, "anomalies": ["stale_timestamp: 1762077163.309999 vs 1764665495.6797607"], "data_sample": {"price": 0.16713, "volume": 11.0}}}
{"timestamp": "2025-12-02T08:51:35.695556+00:00", "level": "WARNING", "module": "logger", "funcName": "_log", "lineno": 188, "event_type": "streaming_indicator_engine.data_anomalies_detected", "data": {"symbol": "ARIA_USDT", "timestamp": 1762077172.309999, "anomalies": ["stale_timestamp: 1762077172.309999 vs 1764665495.6955566"], "data_sample": {"price": 0.16706, "volume": 12.0}}}
{"timestamp": "2025-12-02T08:51:35.710722+00:00", "level": "WARNING", "module": "logger", "funcName": "_log", "lineno": 188, "event_type": "streaming_indicator_engine.data_anomalies_detected", "data": {"symbol": "ARIA_USDT", "timestamp": 1762077187.312999, "anomalies": ["stale_timestamp: 1762077187.312999 vs 1764665495.7107222"], "data_sample": {"price": 0.16705, "volume": 4.0}}}
{"timestamp": "2025-12-02T08:51:35.726493+00:00", "level": "WARNING", "module": "logger", "funcName": "_log", "lineno": 188, "event_type": "streaming_indicator_engine.data_anomalies_detected", "data": {"symbol": "ARIA_USDT", "timestamp": 1762077203.309999, "anomalies": ["stale_timestamp: 1762077203.309999 vs 1764665495.726493"], "data_sample": {"price": 0.16703, "volume": 6.0}}}
{"timestamp": "2025-12-02T08:51:35.742107+00:00", "level": "WARNING", "module": "logger", "funcName": "_log", "lineno": 188, "event_type": "streaming_indicator_engine.data_anomalies_detected", "data": {"symbol": "ARIA_USDT", "timestamp": 1762077211.312, "anomalies": ["stale_timestamp: 1762077211.312 vs 1764665495.7421074"], "data_sample": {"price": 0.16707, "volume": 9.0}}}
{"timestamp": "2025-12-02T08:51:35.756755+00:00", "level": "WARNING", "module": "logger", "funcName": "_log", "lineno": 188, "event_type": "streaming_indicator_engine.data_anomalies_detected", "data": {"symbol": "ARIA_USDT", "timestamp": 1762077227.312999, "anomalies": ["stale_timestamp: 1762077227.312999 vs 1764665495.7567554"], "data_sample": {"price": 0.16704, "volume": 4.0}}}
{"timestamp": "2025-12-02T08:51:35.772201+00:00", "level": "WARNING", "module": "logger", "funcName": "_log", "lineno": 188, "event_type": "streaming_indicator_engine.data_anomalies_detected", "data": {"symbol": "ARIA_USDT", "timestamp": 1762077234.308999, "anomalies": ["stale_timestamp: 1762077234.308999 vs 1764665495.7722015"], "data_sample": {"price": 0.16708, "volume": 8.0}}}
{"timestamp": "2025-12-02T08:51:35.787046+00:00", "level": "WARNING", "module": "logger", "funcName": "_log", "lineno": 188, "event_type": "streaming_indicator_engine.data_anomalies_detected", "data": {"symbol": "ARIA_USDT", "timestamp": 1762077247.312999, "anomalies": ["stale_timestamp: 1762077247.312999 vs 1764665495.787046"], "data_sample": {"price": 0.16705, "volume": 7.0}}}
{"timestamp": "2025-12-02T08:51:35.802291+00:00", "level": "WARNING", "module": "logger", "funcName": "_log", "lineno": 188, "event_type": "streaming_indicator_engine.data_anomalies_detected", "data": {"symbol": "ARIA_USDT", "timestamp": 1762077263.309999, "anomalies": ["stale_timestamp: 1762077263.309999 vs 1764665495.8022916"], "data_sample": {"price": 0.16704, "volume": 7.0}}}
{"timestamp": "2025-12-02T08:51:35.818821+00:00", "level": "WARNING", "module": "logger", "funcName": "_log", "lineno": 188, "event_type": "streaming_indicator_engine.data_anomalies_detected", "data": {"symbol": "ARIA_USDT", "timestamp": 1762077274.309999, "anomalies": ["stale_timestamp: 1762077274.309999 vs 1764665495.8188214"], "data_sample": {"price": 0.16709, "volume": 4.0}}}
{"timestamp": "2025-12-02T08:51:35.834395+00:00", "level": "WARNING", "module": "logger", "funcName": "_log", "lineno": 188, "event_type": "streaming_indicator_engine.data_anomalies_detected", "data": {"symbol": "ARIA_USDT", "timestamp": 1762077281.311, "anomalies": ["stale_timestamp: 1762077281.311 vs 1764665495.8343954"], "data_sample": {"price": 0.16713, "volume": 12.0}}}
{"timestamp": "2025-12-02T08:51:35.850663+00:00", "level": "WARNING", "module": "logger", "funcName": "_log", "lineno": 188, "event_type": "streaming_indicator_engine.data_anomalies_detected", "data": {"symbol": "ARIA_USDT", "timestamp": 1762077290.312, "anomalies": ["stale_timestamp: 1762077290.312 vs 1764665495.8506634"], "data_sample": {"price": 0.16709, "volume": 8.0}}}
{"timestamp": "2025-12-02T08:51:35.864488+00:00", "level": "WARNING", "module": "logger", "funcName": "_log", "lineno": 188, "event_type": "streaming_indicator_engine.data_anomalies_detected", "data": {"symbol": "ARIA_USDT", "timestamp": 1762077299.312, "anomalies": ["stale_timestamp: 1762077299.312 vs 1764665495.8644881"], "data_sample": {"price": 0.16706, "volume": 8.0}}}
{"timestamp": "2025-12-02T08:51:35.880374+00:00", "level": "WARNING", "module": "logger", "funcName": "_log", "lineno": 188, "event_type": "streaming_indicator_engine.data_anomalies_detected", "data": {"symbol": "ARIA_USDT", "timestamp": 1762077309.309999, "anomalies": ["stale_timestamp: 1762077309.309999 vs 1764665495.880374"], "data_sample": {"price": 0.16705, "volume": 6.0}}}
{"timestamp": "2025-12-02T08:51:35.896280+00:00", "level": "WARNING", "module": "logger", "funcName": "_log", "lineno": 188, "event_type": "streaming_indicator_engine.data_anomalies_detected", "data": {"symbol": "ARIA_USDT", "timestamp": 1762077318.312, "anomalies": ["stale_timestamp: 1762077318.312 vs 1764665495.8962808"], "data_sample": {"price": 0.16706, "volume": 9.0}}}
{"timestamp": "2025-12-02T08:51:35.912322+00:00", "level": "WARNING", "module": "logger", "funcName": "_log", "lineno": 188, "event_type": "streaming_indicator_engine.data_anomalies_detected", "data": {"symbol": "ARIA_USDT", "timestamp": 1762077324.309999, "anomalies": ["stale_timestamp: 1762077324.309999 vs 1764665495.9123225"], "data_sample": {"price": 0.1671, "volume": 5.0}}}
{"timestamp": "2025-12-02T08:51:35.928512+00:00", "level": "WARNING", "module": "logger", "funcName": "_log", "lineno": 188, "event_type": "streaming_indicator_engine.data_anomalies_detected", "data": {"symbol": "ARIA_USDT", "timestamp": 1762077335.309999, "anomalies": ["stale_timestamp: 1762077335.309999 vs 1764665495.9285126"], "data_sample": {"price": 0.16709, "volume": 4.0}}}
{"timestamp": "2025-12-02T08:51:35.944276+00:00", "level": "WARNING", "module": "logger", "funcName": "_log", "lineno": 188, "event_type": "streaming_indicator_engine.data_anomalies_detected", "data": {"symbol": "ARIA_USDT", "timestamp": 1762077351.309999, "anomalies": ["stale_timestamp: 1762077351.309999 vs 1764665495.944277"], "data_sample": {"price": 0.1671, "volume": 3.0}}}
{"timestamp": "2025-12-02T08:51:35.959316+00:00", "level": "WARNING", "module": "logger", "funcName": "_log", "lineno": 188, "event_type": "streaming_indicator_engine.data_anomalies_detected", "data": {"symbol": "ARIA_USDT", "timestamp": 1762077362.309999, "anomalies": ["stale_timestamp: 1762077362.309999 vs 1764665495.9593163"], "data_sample": {"price": 0.16716, "volume": 5.0}}}
{"timestamp": "2025-12-02T08:51:35.975059+00:00", "level": "WARNING", "module": "logger", "funcName": "_log", "lineno": 188, "event_type": "streaming_indicator_engine.data_anomalies_detected", "data": {"symbol": "ARIA_USDT", "timestamp": 1762077376.309999, "anomalies": ["stale_timestamp: 1762077376.309999 vs 1764665495.9750595"], "data_sample": {"price": 0.16724, "volume": 11.0}}}
{"timestamp": "2025-12-02T08:51:35.989698+00:00", "level": "WARNING", "module": "logger", "funcName": "_log", "lineno": 188, "event_type": "streaming_indicator_engine.data_anomalies_detected", "data": {"symbol": "ARIA_USDT", "timestamp": 1762077387.309999, "anomalies": ["stale_timestamp: 1762077387.309999 vs 1764665495.9896984"], "data_sample": {"price": 0.16726, "volume": 11.0}}}
{"timestamp": "2025-12-02T08:51:36.005120+00:00", "level": "WARNING", "module": "logger", "funcName": "_log", "lineno": 188, "event_type": "streaming_indicator_engine.data_anomalies_detected", "data": {"symbol": "ARIA_USDT", "timestamp": 1762077395.309999, "anomalies": ["stale_timestamp: 1762077395.309999 vs 1764665496.0051205"], "data_sample": {"price": 0.16728, "volume": 3.0}}}
{"timestamp": "2025-12-02T08:51:36.020930+00:00", "level": "WARNING", "module": "logger", "funcName": "_log", "lineno": 188, "event_type": "streaming_indicator_engine.data_anomalies_detected", "data": {"symbol": "ARIA_USDT", "timestamp": 1762077402.309999, "anomalies": ["stale_timestamp: 1762077402.309999 vs 1764665496.02093"], "data_sample": {"price": 0.1673, "volume": 10.0}}}
{"timestamp": "2025-12-02T08:51:36.036633+00:00", "level": "WARNING", "module": "logger", "funcName": "_log", "lineno": 188, "event_type": "streaming_indicator_engine.data_anomalies_detected", "data": {"symbol": "ARIA_USDT", "timestamp": 1762077412.311, "anomalies": ["stale_timestamp: 1762077412.311 vs 1764665496.0366335"], "data_sample": {"price": 0.16729, "volume": 7.0}}}
{"timestamp": "2025-12-02T08:51:36.051861+00:00", "level": "WARNING", "module": "logger", "funcName": "_log", "lineno": 188, "event_type": "streaming_indicator_engine.data_anomalies_detected", "data": {"symbol": "ARIA_USDT", "timestamp": 1762077421.309999, "anomalies": ["stale_timestamp: 1762077421.309999 vs 1764665496.0518613"], "data_sample": {"price": 0.16727, "volume": 4.0}}}
{"timestamp": "2025-12-02T08:51:36.056026+00:00", "level": "INFO", "module": "logger", "funcName": "_log", "lineno": 188, "event_type": "strategy_manager.indicator_update_received", "data": {"symbol": "ARIA_USDT", "indicator_name": "611fad91-045d-408b-8822-f43428935033_20", "indicator_type": "", "value": 0.0013506874143189638, "active_strategies_for_symbol": true, "active_count": 3}}
{"timestamp": "2025-12-02T08:51:36.058615+00:00", "level": "INFO", "module": "logger", "funcName": "_log", "lineno": 188, "event_type": "strategy_manager.indicator_update_received", "data": {"symbol": "ARIA_USDT", "indicator_name": "611fad91-045d-408b-8822-f43428935033_20", "indicator_type": "", "value": 0.0013506874143189638, "active_strategies_for_symbol": true, "active_count": 3}}
{"timestamp": "2025-12-02T08:51:36.062715+00:00", "level": "WARNING", "module": "logger", "funcName": "_log", "lineno": 188, "event_type": "streaming_indicator_engine.data_anomalies_detected", "data": {"symbol": "ARIA_USDT", "timestamp": 1762076372.312999, "anomalies": ["stale_timestamp: 1762076372.312999 vs 1764665496.062716"], "data_sample": {"price": 0.1671, "volume": 3.0}}}
{"timestamp": "2025-12-02T08:51:36.082019+00:00", "level": "WARNING", "module": "logger", "funcName": "_log", "lineno": 188, "event_type": "streaming_indicator_engine.data_anomalies_detected", "data": {"symbol": "ARIA_USDT", "timestamp": 1762076381.309999, "anomalies": ["stale_timestamp: 1762076381.309999 vs 1764665496.0820196"], "data_sample": {"price": 0.16715, "volume": 8.0}}}
{"timestamp": "2025-12-02T08:51:36.097831+00:00", "level": "WARNING", "module": "logger", "funcName": "_log", "lineno": 188, "event_type": "streaming_indicator_engine.data_anomalies_detected", "data": {"symbol": "ARIA_USDT", "timestamp": 1762076388.311, "anomalies": ["stale_timestamp: 1762076388.311 vs 1764665496.0978315"], "data_sample": {"price": 0.16714, "volume": 9.0}}}
{"timestamp": "2025-12-02T08:51:36.112774+00:00", "level": "WARNING", "module": "logger", "funcName": "_log", "lineno": 188, "event_type": "streaming_indicator_engine.data_anomalies_detected", "data": {"symbol": "ARIA_USDT", "timestamp": 1762076401.309999, "anomalies": ["stale_timestamp: 1762076401.309999 vs 1764665496.1127748"], "data_sample": {"price": 0.16717, "volume": 7.0}}}
{"timestamp": "2025-12-02T08:51:36.128716+00:00", "level": "WARNING", "module": "logger", "funcName": "_log", "lineno": 188, "event_type": "streaming_indicator_engine.data_anomalies_detected", "data": {"symbol": "ARIA_USDT", "timestamp": 1762076408.312, "anomalies": ["stale_timestamp: 1762076408.312 vs 1764665496.128716"], "data_sample": {"price": 0.16713, "volume": 3.0}}}
{"timestamp": "2025-12-02T08:51:36.143634+00:00", "level": "WARNING", "module": "logger", "funcName": "_log", "lineno": 188, "event_type": "streaming_indicator_engine.data_anomalies_detected", "data": {"symbol": "ARIA_USDT", "timestamp": 1762076417.311, "anomalies": ["stale_timestamp: 1762076417.311 vs 1764665496.1436343"], "data_sample": {"price": 0.16708, "volume": 3.0}}}
{"timestamp": "2025-12-02T08:51:36.159158+00:00", "level": "WARNING", "module": "logger", "funcName": "_log", "lineno": 188, "event_type": "streaming_indicator_engine.data_anomalies_detected", "data": {"symbol": "ARIA_USDT", "timestamp": 1762076427.308999, "anomalies": ["stale_timestamp: 1762076427.308999 vs 1764665496.158638"], "data_sample": {"price": 0.16707, "volume": 12.0}}}
{"timestamp": "2025-12-02T08:51:36.173723+00:00", "level": "WARNING", "module": "logger", "funcName": "_log", "lineno": 188, "event_type": "streaming_indicator_engine.data_anomalies_detected", "data": {"symbol": "ARIA_USDT", "timestamp": 1762076435.309999, "anomalies": ["stale_timestamp: 1762076435.309999 vs 1764665496.1737235"], "data_sample": {"price": 0.1671, "volume": 4.0}}}
{"timestamp": "2025-12-02T08:51:36.189165+00:00", "level": "WARNING", "module": "logger", "funcName": "_log", "lineno": 188, "event_type": "streaming_indicator_engine.data_anomalies_detected", "data": {"symbol": "ARIA_USDT", "timestamp": 1762076447.309999, "anomalies": ["stale_timestamp: 1762076447.309999 vs 1764665496.1886582"], "data_sample": {"price": 0.16708, "volume": 9.0}}}
{"timestamp": "2025-12-02T08:51:36.204288+00:00", "level": "WARNING", "module": "logger", "funcName": "_log", "lineno": 188, "event_type": "streaming_indicator_engine.data_anomalies_detected", "data": {"symbol": "ARIA_USDT", "timestamp": 1762076462.309999, "anomalies": ["stale_timestamp: 1762076462.309999 vs 1764665496.2037842"], "data_sample": {"price": 0.16726, "volume": 10.0}}}
{"timestamp": "2025-12-02T08:51:36.219744+00:00", "level": "WARNING", "module": "logger", "funcName": "_log", "lineno": 188, "event_type": "streaming_indicator_engine.data_anomalies_detected", "data": {"symbol": "ARIA_USDT", "timestamp": 1762076476.308999, "anomalies": ["stale_timestamp: 1762076476.308999 vs 1764665496.2197442"], "data_sample": {"price": 0.16745, "volume": 9.0}}}
{"timestamp": "2025-12-02T08:51:36.235429+00:00", "level": "WARNING", "module": "logger", "funcName": "_log", "lineno": 188, "event_type": "streaming_indicator_engine.data_anomalies_detected", "data": {"symbol": "ARIA_USDT", "timestamp": 1762076490.311, "anomalies": ["stale_timestamp: 1762076490.311 vs 1764665496.23543"], "data_sample": {"price": 0.16766, "volume": 7.0}}}
{"timestamp": "2025-12-02T08:51:36.250724+00:00", "level": "WARNING", "module": "logger", "funcName": "_log", "lineno": 188, "event_type": "streaming_indicator_engine.data_anomalies_detected", "data": {"symbol": "ARIA_USDT", "timestamp": 1762076501.311, "anomalies": ["stale_timestamp: 1762076501.311 vs 1764665496.250724"], "data_sample": {"price": 0.16763, "volume": 5.0}}}
{"timestamp": "2025-12-02T08:51:36.265881+00:00", "level": "WARNING", "module": "logger", "funcName": "_log", "lineno": 188, "event_type": "streaming_indicator_engine.data_anomalies_detected", "data": {"symbol": "ARIA_USDT", "timestamp": 1762076514.408999, "anomalies": ["stale_timestamp: 1762076514.408999 vs 1764665496.265881"], "data_sample": {"price": 0.16766, "volume": 10.0}}}
{"timestamp": "2025-12-02T08:51:36.281191+00:00", "level": "WARNING", "module": "logger", "funcName": "_log", "lineno": 188, "event_type": "streaming_indicator_engine.data_anomalies_detected", "data": {"symbol": "ARIA_USDT", "timestamp": 1762076520.311, "anomalies": ["stale_timestamp: 1762076520.311 vs 1764665496.2811916"], "data_sample": {"price": 0.1677, "volume": 9.0}}}
{"timestamp": "2025-12-02T08:51:36.297208+00:00", "level": "WARNING", "module": "logger", "funcName": "_log", "lineno": 188, "event_type": "streaming_indicator_engine.data_anomalies_detected", "data": {"symbol": "ARIA_USDT", "timestamp": 1762076531.311, "anomalies": ["stale_timestamp: 1762076531.311 vs 1764665496.2972085"], "data_sample": {"price": 0.16778, "volume": 10.0}}}
{"timestamp": "2025-12-02T08:51:36.312286+00:00", "level": "WARNING", "module": "logger", "funcName": "_log", "lineno": 188, "event_type": "streaming_indicator_engine.data_anomalies_detected", "data": {"symbol": "ARIA_USDT", "timestamp": 1762076537.311, "anomalies": ["stale_timestamp: 1762076537.311 vs 1764665496.3122864"], "data_sample": {"price": 0.16777, "volume": 10.0}}}
{"timestamp": "2025-12-02T08:51:36.317244+00:00", "level": "INFO", "module": "logger", "funcName": "_log", "lineno": 188, "event_type": "strategy_manager.indicator_update_received", "data": {"symbol": "ARIA_USDT", "indicator_name": "5fc82998-9270-4b44-8312-f74ddd20a93d_20", "indicator_type": "", "value": -49.02812586896593, "active_strategies_for_symbol": true, "active_count": 3}}
{"timestamp": "2025-12-02T08:51:36.318761+00:00", "level": "WARNING", "module": "logger", "funcName": "_log", "lineno": 188, "event_type": "streaming_indicator_engine.data_anomalies_detected", "data": {"symbol": "ARIA_USDT", "timestamp": 1762076543.312, "anomalies": ["stale_timestamp: 1762076543.312 vs 1764665496.3187618"], "data_sample": {"price": 0.16765, "volume": 8.0}}}
{"timestamp": "2025-12-02T08:51:36.319772+00:00", "level": "WARNING", "module": "logger", "funcName": "_log", "lineno": 188, "event_type": "streaming_indicator_engine.data_anomalies_detected", "data": {"symbol": "ARIA_USDT", "timestamp": 1762076551.311, "anomalies": ["stale_timestamp: 1762076551.311 vs 1764665496.3197727"], "data_sample": {"price": 0.16776, "volume": 7.0}}}
{"timestamp": "2025-12-02T08:51:36.320834+00:00", "level": "WARNING", "module": "logger", "funcName": "_log", "lineno": 188, "event_type": "streaming_indicator_engine.data_anomalies_detected", "data": {"symbol": "ARIA_USDT", "timestamp": 1762076567.313999, "anomalies": ["stale_timestamp: 1762076567.313999 vs 1764665496.3208349"], "data_sample": {"price": 0.16779, "volume": 4.0}}}
{"timestamp": "2025-12-02T08:51:36.321786+00:00", "level": "WARNING", "module": "logger", "funcName": "_log", "lineno": 188, "event_type": "streaming_indicator_engine.data_anomalies_detected", "data": {"symbol": "ARIA_USDT", "timestamp": 1762076582.312999, "anomalies": ["stale_timestamp: 1762076582.312999 vs 1764665496.3217862"], "data_sample": {"price": 0.16774, "volume": 4.0}}}
{"timestamp": "2025-12-02T08:51:36.321786+00:00", "level": "WARNING", "module": "logger", "funcName": "_log", "lineno": 188, "event_type": "streaming_indicator_engine.data_anomalies_detected", "data": {"symbol": "ARIA_USDT", "timestamp": 1762076595.309999, "anomalies": ["stale_timestamp: 1762076595.309999 vs 1764665496.3217862"], "data_sample": {"price": 0.16776, "volume": 10.0}}}
{"timestamp": "2025-12-02T08:51:36.322817+00:00", "level": "INFO", "module": "logger", "funcName": "_log", "lineno": 188, "event_type": "strategy_manager.indicator_update_received", "data": {"symbol": "ARIA_USDT", "indicator_name": "5fc82998-9270-4b44-8312-f74ddd20a93d_20", "indicator_type": "", "value": -49.02812586896593, "active_strategies_for_symbol": true, "active_count": 3}}
{"timestamp": "2025-12-02T08:51:36.322817+00:00", "level": "WARNING", "module": "logger", "funcName": "_log", "lineno": 188, "event_type": "streaming_indicator_engine.data_anomalies_detected", "data": {"symbol": "ARIA_USDT", "timestamp": 1762076606.309999, "anomalies": ["stale_timestamp: 1762076606.309999 vs 1764665496.3228173"], "data_sample": {"price": 0.16772, "volume": 9.0}}}
{"timestamp": "2025-12-02T08:51:36.322817+00:00", "level": "WARNING", "module": "logger", "funcName": "_log", "lineno": 188, "event_type": "streaming_indicator_engine.data_anomalies_detected", "data": {"symbol": "ARIA_USDT", "timestamp": 1762076620.309999, "anomalies": ["stale_timestamp: 1762076620.309999 vs 1764665496.3228173"], "data_sample": {"price": 0.16764, "volume": 5.0}}}
{"timestamp": "2025-12-02T08:51:36.323779+00:00", "level": "WARNING", "module": "logger", "funcName": "_log", "lineno": 188, "event_type": "streaming_indicator_engine.data_anomalies_detected", "data": {"symbol": "ARIA_USDT", "timestamp": 1762076628.311, "anomalies": ["stale_timestamp: 1762076628.311 vs 1764665496.3237796"], "data_sample": {"price": 0.16761, "volume": 7.0}}}
{"timestamp": "2025-12-02T08:51:36.323779+00:00", "level": "WARNING", "module": "logger", "funcName": "_log", "lineno": 188, "event_type": "streaming_indicator_engine.data_anomalies_detected", "data": {"symbol": "ARIA_USDT", "timestamp": 1762076638.312999, "anomalies": ["stale_timestamp: 1762076638.312999 vs 1764665496.3237796"], "data_sample": {"price": 0.16763, "volume": 10.0}}}
{"timestamp": "2025-12-02T08:51:36.324821+00:00", "level": "WARNING", "module": "logger", "funcName": "_log", "lineno": 188, "event_type": "streaming_indicator_engine.data_anomalies_detected", "data": {"symbol": "ARIA_USDT", "timestamp": 1762076647.309999, "anomalies": ["stale_timestamp: 1762076647.309999 vs 1764665496.3248212"], "data_sample": {"price": 0.16762, "volume": 4.0}}}
{"timestamp": "2025-12-02T08:51:36.325783+00:00", "level": "WARNING", "module": "logger", "funcName": "_log", "lineno": 188, "event_type": "streaming_indicator_engine.data_anomalies_detected", "data": {"symbol": "ARIA_USDT", "timestamp": 1762076653.309999, "anomalies": ["stale_timestamp: 1762076653.309999 vs 1764665496.3248212"], "data_sample": {"price": 0.16761, "volume": 9.0}}}
{"timestamp": "2025-12-02T08:51:36.327859+00:00", "level": "INFO", "module": "logger", "funcName": "_log", "lineno": 188, "event_type": "strategy_manager.indicator_update_received", "data": {"symbol": "ARIA_USDT", "indicator_name": "11b8be00-eed3-48fe-b359-df47b297226c_20", "indicator_type": "", "value": -0.0015501287799288917, "active_strategies_for_symbol": true, "active_count": 3}}
{"timestamp": "2025-12-02T08:51:36.327859+00:00", "level": "WARNING", "module": "logger", "funcName": "_log", "lineno": 188, "event_type": "streaming_indicator_engine.data_anomalies_detected", "data": {"symbol": "ARIA_USDT", "timestamp": 1762076666.309999, "anomalies": ["stale_timestamp: 1762076666.309999 vs 1764665496.3278596"], "data_sample": {"price": 0.16763, "volume": 9.0}}}
{"timestamp": "2025-12-02T08:51:36.328872+00:00", "level": "WARNING", "module": "logger", "funcName": "_log", "lineno": 188, "event_type": "streaming_indicator_engine.data_anomalies_detected", "data": {"symbol": "ARIA_USDT", "timestamp": 1762076672.308999, "anomalies": ["stale_timestamp: 1762076672.308999 vs 1764665496.3288722"], "data_sample": {"price": 0.16762, "volume": 9.0}}}
{"timestamp": "2025-12-02T08:51:36.328872+00:00", "level": "WARNING", "module": "logger", "funcName": "_log", "lineno": 188, "event_type": "streaming_indicator_engine.data_anomalies_detected", "data": {"symbol": "ARIA_USDT", "timestamp": 1762076685.309999, "anomalies": ["stale_timestamp: 1762076685.309999 vs 1764665496.3288722"], "data_sample": {"price": 0.16732, "volume": 9.0}}}
{"timestamp": "2025-12-02T08:51:36.330014+00:00", "level": "WARNING", "module": "logger", "funcName": "_log", "lineno": 188, "event_type": "streaming_indicator_engine.data_anomalies_detected", "data": {"symbol": "ARIA_USDT", "timestamp": 1762076699.311, "anomalies": ["stale_timestamp: 1762076699.311 vs 1764665496.3300145"], "data_sample": {"price": 0.16737, "volume": 11.0}}}
{"timestamp": "2025-12-02T08:51:36.330014+00:00", "level": "WARNING", "module": "logger", "funcName": "_log", "lineno": 188, "event_type": "streaming_indicator_engine.data_anomalies_detected", "data": {"symbol": "ARIA_USDT", "timestamp": 1762076713.309999, "anomalies": ["stale_timestamp: 1762076713.309999 vs 1764665496.3300145"], "data_sample": {"price": 0.16735, "volume": 4.0}}}
{"timestamp": "2025-12-02T08:51:36.330014+00:00", "level": "WARNING", "module": "logger", "funcName": "_log", "lineno": 188, "event_type": "streaming_indicator_engine.data_anomalies_detected", "data": {"symbol": "ARIA_USDT", "timestamp": 1762076728.311, "anomalies": ["stale_timestamp: 1762076728.311 vs 1764665496.3300145"], "data_sample": {"price": 0.16739, "volume": 9.0}}}
{"timestamp": "2025-12-02T08:51:36.331019+00:00", "level": "INFO", "module": "logger", "funcName": "_log", "lineno": 188, "event_type": "strategy_manager.indicator_update_received", "data": {"symbol": "ARIA_USDT", "indicator_name": "11b8be00-eed3-48fe-b359-df47b297226c_20", "indicator_type": "", "value": -0.0015501287799288917, "active_strategies_for_symbol": true, "active_count": 3}}
{"timestamp": "2025-12-02T08:51:36.331019+00:00", "level": "WARNING", "module": "logger", "funcName": "_log", "lineno": 188, "event_type": "streaming_indicator_engine.data_anomalies_detected", "data": {"symbol": "ARIA_USDT", "timestamp": 1762076734.308999, "anomalies": ["stale_timestamp: 1762076734.308999 vs 1764665496.3310199"], "data_sample": {"price": 0.16744, "volume": 9.0}}}
{"timestamp": "2025-12-02T08:51:36.331019+00:00", "level": "WARNING", "module": "logger", "funcName": "_log", "lineno": 188, "event_type": "streaming_indicator_engine.data_anomalies_detected", "data": {"symbol": "ARIA_USDT", "timestamp": 1762076750.309999, "anomalies": ["stale_timestamp: 1762076750.309999 vs 1764665496.3310199"], "data_sample": {"price": 0.16747, "volume": 10.0}}}
{"timestamp": "2025-12-02T08:51:36.332378+00:00", "level": "WARNING", "module": "logger", "funcName": "_log", "lineno": 188, "event_type": "streaming_indicator_engine.data_anomalies_detected", "data": {"symbol": "ARIA_USDT", "timestamp": 1762076759.311, "anomalies": ["stale_timestamp: 1762076759.311 vs 1764665496.3323786"], "data_sample": {"price": 0.16746, "volume": 10.0}}}
{"timestamp": "2025-12-02T08:51:36.332378+00:00", "level": "WARNING", "module": "logger", "funcName": "_log", "lineno": 188, "event_type": "streaming_indicator_engine.data_anomalies_detected", "data": {"symbol": "ARIA_USDT", "timestamp": 1762076767.309999, "anomalies": ["stale_timestamp: 1762076767.309999 vs 1764665496.3323786"], "data_sample": {"price": 0.16742, "volume": 8.0}}}
{"timestamp": "2025-12-02T08:51:36.334412+00:00", "level": "WARNING", "module": "logger", "funcName": "_log", "lineno": 188, "event_type": "streaming_indicator_engine.data_anomalies_detected", "data": {"symbol": "ARIA_USDT", "timestamp": 1762076783.312, "anomalies": ["stale_timestamp: 1762076783.312 vs 1764665496.3333926"], "data_sample": {"price": 0.16745, "volume": 8.0}}}
{"timestamp": "2025-12-02T08:51:36.335389+00:00", "level": "WARNING", "module": "logger", "funcName": "_log", "lineno": 188, "event_type": "streaming_indicator_engine.data_anomalies_detected", "data": {"symbol": "ARIA_USDT", "timestamp": 1762076789.309999, "anomalies": ["stale_timestamp: 1762076789.309999 vs 1764665496.334412"], "data_sample": {"price": 0.16755, "volume": 9.0}}}
{"timestamp": "2025-12-02T08:51:36.337391+00:00", "level": "INFO", "module": "logger", "funcName": "_log", "lineno": 188, "event_type": "strategy_manager.indicator_update_received", "data": {"symbol": "ARIA_USDT", "indicator_name": "790d8eed-dc95-43ff-b625-1205d256154b_20", "indicator_type": "", "value": -3.9929611792443715e-05, "active_strategies_for_symbol": true, "active_count": 3}}
{"timestamp": "2025-12-02T08:51:36.338466+00:00", "level": "WARNING", "module": "logger", "funcName": "_log", "lineno": 188, "event_type": "streaming_indicator_engine.data_anomalies_detected", "data": {"symbol": "ARIA_USDT", "timestamp": 1762076803.311, "anomalies": ["stale_timestamp: 1762076803.311 vs 1764665496.338467"], "data_sample": {"price": 0.16758, "volume": 10.0}}}
{"timestamp": "2025-12-02T08:51:36.339067+00:00", "level": "WARNING", "module": "logger", "funcName": "_log", "lineno": 188, "event_type": "streaming_indicator_engine.data_anomalies_detected", "data": {"symbol": "ARIA_USDT", "timestamp": 1762076816.308999, "anomalies": ["stale_timestamp: 1762076816.308999 vs 1764665496.3390677"], "data_sample": {"price": 0.16762, "volume": 9.0}}}
{"timestamp": "2025-12-02T08:51:36.340072+00:00", "level": "WARNING", "module": "logger", "funcName": "_log", "lineno": 188, "event_type": "streaming_indicator_engine.data_anomalies_detected", "data": {"symbol": "ARIA_USDT", "timestamp": 1762076825.312999, "anomalies": ["stale_timestamp: 1762076825.312999 vs 1764665496.3400726"], "data_sample": {"price": 0.16751, "volume": 10.0}}}
{"timestamp": "2025-12-02T08:51:36.341086+00:00", "level": "WARNING", "module": "logger", "funcName": "_log", "lineno": 188, "event_type": "streaming_indicator_engine.data_anomalies_detected", "data": {"symbol": "ARIA_USDT", "timestamp": 1762076831.316999, "anomalies": ["stale_timestamp: 1762076831.316999 vs 1764665496.3410869"], "data_sample": {"price": 0.1674, "volume": 6.0}}}
{"timestamp": "2025-12-02T08:51:36.341086+00:00", "level": "WARNING", "module": "logger", "funcName": "_log", "lineno": 188, "event_type": "streaming_indicator_engine.data_anomalies_detected", "data": {"symbol": "ARIA_USDT", "timestamp": 1762076839.311, "anomalies": ["stale_timestamp: 1762076839.311 vs 1764665496.3410869"], "data_sample": {"price": 0.16741, "volume": 8.0}}}
{"timestamp": "2025-12-02T08:51:36.342392+00:00", "level": "WARNING", "module": "logger", "funcName": "_log", "lineno": 188, "event_type": "streaming_indicator_engine.data_anomalies_detected", "data": {"symbol": "ARIA_USDT", "timestamp": 1762076846.312, "anomalies": ["stale_timestamp: 1762076846.312 vs 1764665496.342392"], "data_sample": {"price": 0.1674, "volume": 6.0}}}
{"timestamp": "2025-12-02T08:51:36.342392+00:00", "level": "INFO", "module": "logger", "funcName": "_log", "lineno": 188, "event_type": "strategy_manager.indicator_update_received", "data": {"symbol": "ARIA_USDT", "indicator_name": "790d8eed-dc95-43ff-b625-1205d256154b_20", "indicator_type": "", "value": -3.9929611792443715e-05, "active_strategies_for_symbol": true, "active_count": 3}}
{"timestamp": "2025-12-02T08:51:36.344291+00:00", "level": "WARNING", "module": "logger", "funcName": "_log", "lineno": 188, "event_type": "streaming_indicator_engine.data_anomalies_detected", "data": {"symbol": "ARIA_USDT", "timestamp": 1762076859.309999, "anomalies": ["stale_timestamp: 1762076859.309999 vs 1764665496.344291"], "data_sample": {"price": 0.16723, "volume": 5.0}}}
{"timestamp": "2025-12-02T08:51:36.344291+00:00", "level": "WARNING", "module": "logger", "funcName": "_log", "lineno": 188, "event_type": "streaming_indicator_engine.data_anomalies_detected", "data": {"symbol": "ARIA_USDT", "timestamp": 1762076870.309999, "anomalies": ["stale_timestamp: 1762076870.309999 vs 1764665496.344291"], "data_sample": {"price": 0.16724, "volume": 9.0}}}
{"timestamp": "2025-12-02T08:51:36.345302+00:00", "level": "WARNING", "module": "logger", "funcName": "_log", "lineno": 188, "event_type": "streaming_indicator_engine.data_anomalies_detected", "data": {"symbol": "ARIA_USDT", "timestamp": 1762076878.309999, "anomalies": ["stale_timestamp: 1762076878.309999 vs 1764665496.345302"], "data_sample": {"price": 0.16731, "volume": 4.0}}}
{"timestamp": "2025-12-02T08:51:36.346304+00:00", "level": "WARNING", "module": "logger", "funcName": "_log", "lineno": 188, "event_type": "streaming_indicator_engine.data_anomalies_detected", "data": {"symbol": "ARIA_USDT", "timestamp": 1762076892.311, "anomalies": ["stale_timestamp: 1762076892.311 vs 1764665496.3463042"], "data_sample": {"price": 0.16728, "volume": 9.0}}}
{"timestamp": "2025-12-02T08:51:36.347304+00:00", "level": "WARNING", "module": "logger", "funcName": "_log", "lineno": 188, "event_type": "streaming_indicator_engine.data_anomalies_detected", "data": {"symbol": "ARIA_USDT", "timestamp": 1762076900.309999, "anomalies": ["stale_timestamp: 1762076900.309999 vs 1764665496.3473043"], "data_sample": {"price": 0.16731, "volume": 7.0}}}
{"timestamp": "2025-12-02T08:51:36.349836+00:00", "level": "WARNING", "module": "logger", "funcName": "_log", "lineno": 188, "event_type": "streaming_indicator_engine.data_anomalies_detected", "data": {"symbol": "ARIA_USDT", "timestamp": 1762076915.308999, "anomalies": ["stale_timestamp: 1762076915.308999 vs 1764665496.3498363"], "data_sample": {"price": 0.16729, "volume": 4.0}}}
{"timestamp": "2025-12-02T08:51:36.373534+00:00", "level": "WARNING", "module": "logger", "funcName": "_log", "lineno": 188, "event_type": "streaming_indicator_engine.data_anomalies_detected", "data": {"symbol": "ARIA_USDT", "timestamp": 1762076929.309999, "anomalies": ["stale_timestamp: 1762076929.309999 vs 1764665496.3735347"], "data_sample": {"price": 0.16725, "volume": 11.0}}}
{"timestamp": "2025-12-02T08:51:36.388983+00:00", "level": "WARNING", "module": "logger", "funcName": "_log", "lineno": 188, "event_type": "streaming_indicator_engine.data_anomalies_detected", "data": {"symbol": "ARIA_USDT", "timestamp": 1762076940.312999, "anomalies": ["stale_timestamp: 1762076940.312999 vs 1764665496.388983"], "data_sample": {"price": 0.16733, "volume": 8.0}}}
{"timestamp": "2025-12-02T08:51:36.403743+00:00", "level": "WARNING", "module": "logger", "funcName": "_log", "lineno": 188, "event_type": "streaming_indicator_engine.data_anomalies_detected", "data": {"symbol": "ARIA_USDT", "timestamp": 1762076949.324999, "anomalies": ["stale_timestamp: 1762076949.324999 vs 1764665496.403743"], "data_sample": {"price": 0.1673, "volume": 8.0}}}
{"timestamp": "2025-12-02T08:51:36.419291+00:00", "level": "WARNING", "module": "logger", "funcName": "_log", "lineno": 188, "event_type": "streaming_indicator_engine.data_anomalies_detected", "data": {"symbol": "ARIA_USDT", "timestamp": 1762076965.316, "anomalies": ["stale_timestamp: 1762076965.316 vs 1764665496.4192915"], "data_sample": {"price": 0.16729, "volume": 4.0}}}
{"timestamp": "2025-12-02T08:51:36.435291+00:00", "level": "WARNING", "module": "logger", "funcName": "_log", "lineno": 188, "event_type": "streaming_indicator_engine.data_anomalies_detected", "data": {"symbol": "ARIA_USDT", "timestamp": 1762076978.312, "anomalies": ["stale_timestamp: 1762076978.312 vs 1764665496.4352913"], "data_sample": {"price": 0.1673, "volume": 9.0}}}
{"timestamp": "2025-12-02T08:51:36.451846+00:00", "level": "WARNING", "module": "logger", "funcName": "_log", "lineno": 188, "event_type": "streaming_indicator_engine.data_anomalies_detected", "data": {"symbol": "ARIA_USDT", "timestamp": 1762076990.315, "anomalies": ["stale_timestamp: 1762076990.315 vs 1764665496.4518468"], "data_sample": {"price": 0.16733, "volume": 10.0}}}
{"timestamp": "2025-12-02T08:51:36.466756+00:00", "level": "WARNING", "module": "logger", "funcName": "_log", "lineno": 188, "event_type": "streaming_indicator_engine.data_anomalies_detected", "data": {"symbol": "ARIA_USDT", "timestamp": 1762076997.315, "anomalies": ["stale_timestamp: 1762076997.315 vs 1764665496.4667568"], "data_sample": {"price": 0.16726, "volume": 12.0}}}
{"timestamp": "2025-12-02T08:51:36.482080+00:00", "level": "WARNING", "module": "logger", "funcName": "_log", "lineno": 188, "event_type": "streaming_indicator_engine.data_anomalies_detected", "data": {"symbol": "ARIA_USDT", "timestamp": 1762077007.309999, "anomalies": ["stale_timestamp: 1762077007.309999 vs 1764665496.4820802"], "data_sample": {"price": 0.16719, "volume": 4.0}}}
{"timestamp": "2025-12-02T08:51:36.497737+00:00", "level": "WARNING", "module": "logger", "funcName": "_log", "lineno": 188, "event_type": "streaming_indicator_engine.data_anomalies_detected", "data": {"symbol": "ARIA_USDT", "timestamp": 1762077018.309999, "anomalies": ["stale_timestamp: 1762077018.309999 vs 1764665496.4977372"], "data_sample": {"price": 0.16722, "volume": 8.0}}}
{"timestamp": "2025-12-02T08:51:36.512548+00:00", "level": "WARNING", "module": "logger", "funcName": "_log", "lineno": 188, "event_type": "streaming_indicator_engine.data_anomalies_detected", "data": {"symbol": "ARIA_USDT", "timestamp": 1762077025.309999, "anomalies": ["stale_timestamp: 1762077025.309999 vs 1764665496.5125484"], "data_sample": {"price": 0.16726, "volume": 5.0}}}
{"timestamp": "2025-12-02T08:51:36.528566+00:00", "level": "WARNING", "module": "logger", "funcName": "_log", "lineno": 188, "event_type": "streaming_indicator_engine.data_anomalies_detected", "data": {"symbol": "ARIA_USDT", "timestamp": 1762077033.311, "anomalies": ["stale_timestamp: 1762077033.311 vs 1764665496.5285668"], "data_sample": {"price": 0.16725, "volume": 4.0}}}
{"timestamp": "2025-12-02T08:51:36.544616+00:00", "level": "WARNING", "module": "logger", "funcName": "_log", "lineno": 188, "event_type": "streaming_indicator_engine.data_anomalies_detected", "data": {"symbol": "ARIA_USDT", "timestamp": 1762077042.309999, "anomalies": ["stale_timestamp: 1762077042.309999 vs 1764665496.5446165"], "data_sample": {"price": 0.16724, "volume": 4.0}}}
{"timestamp": "2025-12-02T08:51:36.559486+00:00", "level": "WARNING", "module": "logger", "funcName": "_log", "lineno": 188, "event_type": "streaming_indicator_engine.data_anomalies_detected", "data": {"symbol": "ARIA_USDT", "timestamp": 1762077051.309999, "anomalies": ["stale_timestamp: 1762077051.309999 vs 1764665496.5594869"], "data_sample": {"price": 0.16725, "volume": 4.0}}}
{"timestamp": "2025-12-02T08:51:36.574812+00:00", "level": "WARNING", "module": "logger", "funcName": "_log", "lineno": 188, "event_type": "streaming_indicator_engine.data_anomalies_detected", "data": {"symbol": "ARIA_USDT", "timestamp": 1762077057.312999, "anomalies": ["stale_timestamp: 1762077057.312999 vs 1764665496.574813"], "data_sample": {"price": 0.16726, "volume": 3.0}}}
{"timestamp": "2025-12-02T08:51:36.590840+00:00", "level": "WARNING", "module": "logger", "funcName": "_log", "lineno": 188, "event_type": "streaming_indicator_engine.data_anomalies_detected", "data": {"symbol": "ARIA_USDT", "timestamp": 1762077067.316999, "anomalies": ["stale_timestamp: 1762077067.316999 vs 1764665496.5908406"], "data_sample": {"price": 0.16725, "volume": 8.0}}}
{"timestamp": "2025-12-02T08:51:36.621155+00:00", "level": "WARNING", "module": "logger", "funcName": "_log", "lineno": 188, "event_type": "streaming_indicator_engine.data_anomalies_detected", "data": {"symbol": "ARIA_USDT", "timestamp": 1762077081.308, "anomalies": ["stale_timestamp: 1762077081.308 vs 1764665496.621155"], "data_sample": {"price": 0.16714, "volume": 6.0}}}
      Status: running, Ticks: 0, Signals: 0
{"timestamp": "2025-12-02T08:51:36.637044+00:00", "level": "WARNING", "module": "logger", "funcName": "_log", "lineno": 188, "event_type": "streaming_indicator_engine.data_anomalies_detected", "data": {"symbol": "ARIA_USDT", "timestamp": 1762077089.311, "anomalies": ["stale_timestamp: 1762077089.311 vs 1764665496.6370447"], "data_sample": {"price": 0.16711, "volume": 4.0}}}
{"timestamp": "2025-12-02T08:51:36.652438+00:00", "level": "WARNING", "module": "logger", "funcName": "_log", "lineno": 188, "event_type": "streaming_indicator_engine.data_anomalies_detected", "data": {"symbol": "ARIA_USDT", "timestamp": 1762077098.311, "anomalies": ["stale_timestamp: 1762077098.311 vs 1764665496.6524386"], "data_sample": {"price": 0.16702, "volume": 4.0}}}
{"timestamp": "2025-12-02T08:51:36.669589+00:00", "level": "WARNING", "module": "logger", "funcName": "_log", "lineno": 188, "event_type": "streaming_indicator_engine.data_anomalies_detected", "data": {"symbol": "ARIA_USDT", "timestamp": 1762077107.335, "anomalies": ["stale_timestamp: 1762077107.335 vs 1764665496.6684196"], "data_sample": {"price": 0.167, "volume": 26.0}}}
{"timestamp": "2025-12-02T08:51:36.683334+00:00", "level": "WARNING", "module": "logger", "funcName": "_log", "lineno": 188, "event_type": "streaming_indicator_engine.data_anomalies_detected", "data": {"symbol": "ARIA_USDT", "timestamp": 1762077121.309999, "anomalies": ["stale_timestamp: 1762077121.309999 vs 1764665496.6833344"], "data_sample": {"price": 0.16704, "volume": 8.0}}}
{"timestamp": "2025-12-02T08:51:36.698705+00:00", "level": "WARNING", "module": "logger", "funcName": "_log", "lineno": 188, "event_type": "streaming_indicator_engine.data_anomalies_detected", "data": {"symbol": "ARIA_USDT", "timestamp": 1762077123.420999, "anomalies": ["stale_timestamp: 1762077123.420999 vs 1764665496.6987052"], "data_sample": {"price": 0.167, "volume": 59.0}}}
{"timestamp": "2025-12-02T08:51:36.713420+00:00", "level": "WARNING", "module": "logger", "funcName": "_log", "lineno": 188, "event_type": "streaming_indicator_engine.data_anomalies_detected", "data": {"symbol": "ARIA_USDT", "timestamp": 1762077139.311, "anomalies": ["stale_timestamp: 1762077139.311 vs 1764665496.7134204"], "data_sample": {"price": 0.16703, "volume": 5.0}}}
{"timestamp": "2025-12-02T08:51:36.729367+00:00", "level": "WARNING", "module": "logger", "funcName": "_log", "lineno": 188, "event_type": "streaming_indicator_engine.data_anomalies_detected", "data": {"symbol": "ARIA_USDT", "timestamp": 1762077152.308999, "anomalies": ["stale_timestamp: 1762077152.308999 vs 1764665496.7288554"], "data_sample": {"price": 0.16708, "volume": 9.0}}}
{"timestamp": "2025-12-02T08:51:36.743841+00:00", "level": "WARNING", "module": "logger", "funcName": "_log", "lineno": 188, "event_type": "streaming_indicator_engine.data_anomalies_detected", "data": {"symbol": "ARIA_USDT", "timestamp": 1762077163.309999, "anomalies": ["stale_timestamp: 1762077163.309999 vs 1764665496.743841"], "data_sample": {"price": 0.16713, "volume": 11.0}}}
{"timestamp": "2025-12-02T08:51:36.758828+00:00", "level": "WARNING", "module": "logger", "funcName": "_log", "lineno": 188, "event_type": "streaming_indicator_engine.data_anomalies_detected", "data": {"symbol": "ARIA_USDT", "timestamp": 1762077172.309999, "anomalies": ["stale_timestamp: 1762077172.309999 vs 1764665496.758828"], "data_sample": {"price": 0.16706, "volume": 12.0}}}
{"timestamp": "2025-12-02T08:51:36.774873+00:00", "level": "WARNING", "module": "logger", "funcName": "_log", "lineno": 188, "event_type": "streaming_indicator_engine.data_anomalies_detected", "data": {"symbol": "ARIA_USDT", "timestamp": 1762077187.312999, "anomalies": ["stale_timestamp: 1762077187.312999 vs 1764665496.774873"], "data_sample": {"price": 0.16705, "volume": 4.0}}}
{"timestamp": "2025-12-02T08:51:36.790791+00:00", "level": "WARNING", "module": "logger", "funcName": "_log", "lineno": 188, "event_type": "streaming_indicator_engine.data_anomalies_detected", "data": {"symbol": "ARIA_USDT", "timestamp": 1762077203.309999, "anomalies": ["stale_timestamp: 1762077203.309999 vs 1764665496.7907915"], "data_sample": {"price": 0.16703, "volume": 6.0}}}
{"timestamp": "2025-12-02T08:51:36.806523+00:00", "level": "WARNING", "module": "logger", "funcName": "_log", "lineno": 188, "event_type": "streaming_indicator_engine.data_anomalies_detected", "data": {"symbol": "ARIA_USDT", "timestamp": 1762077211.312, "anomalies": ["stale_timestamp: 1762077211.312 vs 1764665496.8065233"], "data_sample": {"price": 0.16707, "volume": 9.0}}}
{"timestamp": "2025-12-02T08:51:36.821663+00:00", "level": "WARNING", "module": "logger", "funcName": "_log", "lineno": 188, "event_type": "streaming_indicator_engine.data_anomalies_detected", "data": {"symbol": "ARIA_USDT", "timestamp": 1762077227.312999, "anomalies": ["stale_timestamp: 1762077227.312999 vs 1764665496.8216634"], "data_sample": {"price": 0.16704, "volume": 4.0}}}
{"timestamp": "2025-12-02T08:51:36.837766+00:00", "level": "WARNING", "module": "logger", "funcName": "_log", "lineno": 188, "event_type": "streaming_indicator_engine.data_anomalies_detected", "data": {"symbol": "ARIA_USDT", "timestamp": 1762077234.308999, "anomalies": ["stale_timestamp: 1762077234.308999 vs 1764665496.8377664"], "data_sample": {"price": 0.16708, "volume": 8.0}}}
{"timestamp": "2025-12-02T08:51:36.852711+00:00", "level": "WARNING", "module": "logger", "funcName": "_log", "lineno": 188, "event_type": "streaming_indicator_engine.data_anomalies_detected", "data": {"symbol": "ARIA_USDT", "timestamp": 1762077247.312999, "anomalies": ["stale_timestamp: 1762077247.312999 vs 1764665496.8527112"], "data_sample": {"price": 0.16705, "volume": 7.0}}}
{"timestamp": "2025-12-02T08:51:36.868420+00:00", "level": "WARNING", "module": "logger", "funcName": "_log", "lineno": 188, "event_type": "streaming_indicator_engine.data_anomalies_detected", "data": {"symbol": "ARIA_USDT", "timestamp": 1762077263.309999, "anomalies": ["stale_timestamp: 1762077263.309999 vs 1764665496.8684206"], "data_sample": {"price": 0.16704, "volume": 7.0}}}
{"timestamp": "2025-12-02T08:51:36.884941+00:00", "level": "WARNING", "module": "logger", "funcName": "_log", "lineno": 188, "event_type": "streaming_indicator_engine.data_anomalies_detected", "data": {"symbol": "ARIA_USDT", "timestamp": 1762077274.309999, "anomalies": ["stale_timestamp: 1762077274.309999 vs 1764665496.8836355"], "data_sample": {"price": 0.16709, "volume": 4.0}}}
{"timestamp": "2025-12-02T08:51:36.898602+00:00", "level": "WARNING", "module": "logger", "funcName": "_log", "lineno": 188, "event_type": "streaming_indicator_engine.data_anomalies_detected", "data": {"symbol": "ARIA_USDT", "timestamp": 1762077281.311, "anomalies": ["stale_timestamp: 1762077281.311 vs 1764665496.898602"], "data_sample": {"price": 0.16713, "volume": 12.0}}}
{"timestamp": "2025-12-02T08:51:36.914354+00:00", "level": "WARNING", "module": "logger", "funcName": "_log", "lineno": 188, "event_type": "streaming_indicator_engine.data_anomalies_detected", "data": {"symbol": "ARIA_USDT", "timestamp": 1762077290.312, "anomalies": ["stale_timestamp: 1762077290.312 vs 1764665496.9134727"], "data_sample": {"price": 0.16709, "volume": 8.0}}}
{"timestamp": "2025-12-02T08:51:36.929472+00:00", "level": "WARNING", "module": "logger", "funcName": "_log", "lineno": 188, "event_type": "streaming_indicator_engine.data_anomalies_detected", "data": {"symbol": "ARIA_USDT", "timestamp": 1762077299.312, "anomalies": ["stale_timestamp: 1762077299.312 vs 1764665496.92896"], "data_sample": {"price": 0.16706, "volume": 8.0}}}
{"timestamp": "2025-12-02T08:51:36.944272+00:00", "level": "WARNING", "module": "logger", "funcName": "_log", "lineno": 188, "event_type": "streaming_indicator_engine.data_anomalies_detected", "data": {"symbol": "ARIA_USDT", "timestamp": 1762077309.309999, "anomalies": ["stale_timestamp: 1762077309.309999 vs 1764665496.9442728"], "data_sample": {"price": 0.16705, "volume": 6.0}}}
{"timestamp": "2025-12-02T08:51:36.959610+00:00", "level": "WARNING", "module": "logger", "funcName": "_log", "lineno": 188, "event_type": "streaming_indicator_engine.data_anomalies_detected", "data": {"symbol": "ARIA_USDT", "timestamp": 1762077318.312, "anomalies": ["stale_timestamp: 1762077318.312 vs 1764665496.9596107"], "data_sample": {"price": 0.16706, "volume": 9.0}}}
{"timestamp": "2025-12-02T08:51:36.974513+00:00", "level": "WARNING", "module": "logger", "funcName": "_log", "lineno": 188, "event_type": "streaming_indicator_engine.data_anomalies_detected", "data": {"symbol": "ARIA_USDT", "timestamp": 1762077324.309999, "anomalies": ["stale_timestamp: 1762077324.309999 vs 1764665496.9745133"], "data_sample": {"price": 0.1671, "volume": 5.0}}}
{"timestamp": "2025-12-02T08:51:36.989670+00:00", "level": "WARNING", "module": "logger", "funcName": "_log", "lineno": 188, "event_type": "streaming_indicator_engine.data_anomalies_detected", "data": {"symbol": "ARIA_USDT", "timestamp": 1762077335.309999, "anomalies": ["stale_timestamp: 1762077335.309999 vs 1764665496.98967"], "data_sample": {"price": 0.16709, "volume": 4.0}}}
{"timestamp": "2025-12-02T08:51:37.004849+00:00", "level": "WARNING", "module": "logger", "funcName": "_log", "lineno": 188, "event_type": "streaming_indicator_engine.data_anomalies_detected", "data": {"symbol": "ARIA_USDT", "timestamp": 1762077351.309999, "anomalies": ["stale_timestamp: 1762077351.309999 vs 1764665497.0043347"], "data_sample": {"price": 0.1671, "volume": 3.0}}}
{"timestamp": "2025-12-02T08:51:37.019885+00:00", "level": "WARNING", "module": "logger", "funcName": "_log", "lineno": 188, "event_type": "streaming_indicator_engine.data_anomalies_detected", "data": {"symbol": "ARIA_USDT", "timestamp": 1762077362.309999, "anomalies": ["stale_timestamp: 1762077362.309999 vs 1764665497.0198853"], "data_sample": {"price": 0.16716, "volume": 5.0}}}
{"timestamp": "2025-12-02T08:51:37.036464+00:00", "level": "WARNING", "module": "logger", "funcName": "_log", "lineno": 188, "event_type": "streaming_indicator_engine.data_anomalies_detected", "data": {"symbol": "ARIA_USDT", "timestamp": 1762077376.309999, "anomalies": ["stale_timestamp: 1762077376.309999 vs 1764665497.0364642"], "data_sample": {"price": 0.16724, "volume": 11.0}}}
{"timestamp": "2025-12-02T08:51:37.052486+00:00", "level": "WARNING", "module": "logger", "funcName": "_log", "lineno": 188, "event_type": "streaming_indicator_engine.data_anomalies_detected", "data": {"symbol": "ARIA_USDT", "timestamp": 1762077387.309999, "anomalies": ["stale_timestamp: 1762077387.309999 vs 1764665497.0524867"], "data_sample": {"price": 0.16726, "volume": 11.0}}}
{"timestamp": "2025-12-02T08:51:37.054482+00:00", "level": "WARNING", "module": "logger", "funcName": "_log", "lineno": 188, "event_type": "streaming_indicator_engine.data_anomalies_detected", "data": {"symbol": "ARIA_USDT", "timestamp": 1762077395.309999, "anomalies": ["stale_timestamp: 1762077395.309999 vs 1764665497.0544825"], "data_sample": {"price": 0.16728, "volume": 3.0}}}
{"timestamp": "2025-12-02T08:51:37.055564+00:00", "level": "WARNING", "module": "logger", "funcName": "_log", "lineno": 188, "event_type": "streaming_indicator_engine.data_anomalies_detected", "data": {"symbol": "ARIA_USDT", "timestamp": 1762077402.309999, "anomalies": ["stale_timestamp: 1762077402.309999 vs 1764665497.0555644"], "data_sample": {"price": 0.1673, "volume": 10.0}}}
{"timestamp": "2025-12-02T08:51:37.055564+00:00", "level": "WARNING", "module": "logger", "funcName": "_log", "lineno": 188, "event_type": "streaming_indicator_engine.data_anomalies_detected", "data": {"symbol": "ARIA_USDT", "timestamp": 1762077412.311, "anomalies": ["stale_timestamp: 1762077412.311 vs 1764665497.0555644"], "data_sample": {"price": 0.16729, "volume": 7.0}}}
{"timestamp": "2025-12-02T08:51:37.081291+00:00", "level": "WARNING", "module": "logger", "funcName": "_log", "lineno": 188, "event_type": "streaming_indicator_engine.data_anomalies_detected", "data": {"symbol": "ARIA_USDT", "timestamp": 1762077421.309999, "anomalies": ["stale_timestamp: 1762077421.309999 vs 1764665497.0812914"], "data_sample": {"price": 0.16727, "volume": 4.0}}}
{"timestamp": "2025-12-02T08:51:37.098918+00:00", "level": "INFO", "module": "logger", "funcName": "_log", "lineno": 188, "event_type": "strategy_manager.indicator_update_received", "data": {"symbol": "ARIA_USDT", "indicator_name": "611fad91-045d-408b-8822-f43428935033_20", "indicator_type": "", "value": 0.0013506874143189638, "active_strategies_for_symbol": true, "active_count": 3}}
{"timestamp": "2025-12-02T08:51:37.099512+00:00", "level": "INFO", "module": "logger", "funcName": "_log", "lineno": 188, "event_type": "strategy_manager.indicator_update_received", "data": {"symbol": "ARIA_USDT", "indicator_name": "611fad91-045d-408b-8822-f43428935033_20", "indicator_type": "", "value": 0.0013506874143189638, "active_strategies_for_symbol": true, "active_count": 3}}
{"timestamp": "2025-12-02T08:51:37.105382+00:00", "level": "WARNING", "module": "logger", "funcName": "_log", "lineno": 188, "event_type": "streaming_indicator_engine.data_anomalies_detected", "data": {"symbol": "ARIA_USDT", "timestamp": 1762076372.312999, "anomalies": ["stale_timestamp: 1762076372.312999 vs 1764665497.105383"], "data_sample": {"price": 0.1671, "volume": 3.0}}}
{"timestamp": "2025-12-02T08:51:37.127489+00:00", "level": "WARNING", "module": "logger", "funcName": "_log", "lineno": 188, "event_type": "streaming_indicator_engine.data_anomalies_detected", "data": {"symbol": "ARIA_USDT", "timestamp": 1762076381.309999, "anomalies": ["stale_timestamp: 1762076381.309999 vs 1764665497.1274898"], "data_sample": {"price": 0.16715, "volume": 8.0}}}
{"timestamp": "2025-12-02T08:51:37.142453+00:00", "level": "WARNING", "module": "logger", "funcName": "_log", "lineno": 188, "event_type": "streaming_indicator_engine.data_anomalies_detected", "data": {"symbol": "ARIA_USDT", "timestamp": 1762076388.311, "anomalies": ["stale_timestamp: 1762076388.311 vs 1764665497.1424537"], "data_sample": {"price": 0.16714, "volume": 9.0}}}
{"timestamp": "2025-12-02T08:51:37.157633+00:00", "level": "WARNING", "module": "logger", "funcName": "_log", "lineno": 188, "event_type": "streaming_indicator_engine.data_anomalies_detected", "data": {"symbol": "ARIA_USDT", "timestamp": 1762076401.309999, "anomalies": ["stale_timestamp: 1762076401.309999 vs 1764665497.1576338"], "data_sample": {"price": 0.16717, "volume": 7.0}}}
{"timestamp": "2025-12-02T08:51:37.173677+00:00", "level": "WARNING", "module": "logger", "funcName": "_log", "lineno": 188, "event_type": "streaming_indicator_engine.data_anomalies_detected", "data": {"symbol": "ARIA_USDT", "timestamp": 1762076408.312, "anomalies": ["stale_timestamp: 1762076408.312 vs 1764665497.173678"], "data_sample": {"price": 0.16713, "volume": 3.0}}}
{"timestamp": "2025-12-02T08:51:37.188459+00:00", "level": "WARNING", "module": "logger", "funcName": "_log", "lineno": 188, "event_type": "streaming_indicator_engine.data_anomalies_detected", "data": {"symbol": "ARIA_USDT", "timestamp": 1762076417.311, "anomalies": ["stale_timestamp: 1762076417.311 vs 1764665497.188459"], "data_sample": {"price": 0.16708, "volume": 3.0}}}
{"timestamp": "2025-12-02T08:51:37.204560+00:00", "level": "WARNING", "module": "logger", "funcName": "_log", "lineno": 188, "event_type": "streaming_indicator_engine.data_anomalies_detected", "data": {"symbol": "ARIA_USDT", "timestamp": 1762076427.308999, "anomalies": ["stale_timestamp: 1762076427.308999 vs 1764665497.20456"], "data_sample": {"price": 0.16707, "volume": 12.0}}}
{"timestamp": "2025-12-02T08:51:37.219990+00:00", "level": "WARNING", "module": "logger", "funcName": "_log", "lineno": 188, "event_type": "streaming_indicator_engine.data_anomalies_detected", "data": {"symbol": "ARIA_USDT", "timestamp": 1762076435.309999, "anomalies": ["stale_timestamp: 1762076435.309999 vs 1764665497.2199905"], "data_sample": {"price": 0.1671, "volume": 4.0}}}
{"timestamp": "2025-12-02T08:51:37.237018+00:00", "level": "WARNING", "module": "logger", "funcName": "_log", "lineno": 188, "event_type": "streaming_indicator_engine.data_anomalies_detected", "data": {"symbol": "ARIA_USDT", "timestamp": 1762076447.309999, "anomalies": ["stale_timestamp: 1762076447.309999 vs 1764665497.237018"], "data_sample": {"price": 0.16708, "volume": 9.0}}}
{"timestamp": "2025-12-02T08:51:37.251759+00:00", "level": "WARNING", "module": "logger", "funcName": "_log", "lineno": 188, "event_type": "streaming_indicator_engine.data_anomalies_detected", "data": {"symbol": "ARIA_USDT", "timestamp": 1762076462.309999, "anomalies": ["stale_timestamp: 1762076462.309999 vs 1764665497.2517598"], "data_sample": {"price": 0.16726, "volume": 10.0}}}
{"timestamp": "2025-12-02T08:51:37.266512+00:00", "level": "WARNING", "module": "logger", "funcName": "_log", "lineno": 188, "event_type": "streaming_indicator_engine.data_anomalies_detected", "data": {"symbol": "ARIA_USDT", "timestamp": 1762076476.308999, "anomalies": ["stale_timestamp: 1762076476.308999 vs 1764665497.2665126"], "data_sample": {"price": 0.16745, "volume": 9.0}}}
{"timestamp": "2025-12-02T08:51:37.282581+00:00", "level": "WARNING", "module": "logger", "funcName": "_log", "lineno": 188, "event_type": "streaming_indicator_engine.data_anomalies_detected", "data": {"symbol": "ARIA_USDT", "timestamp": 1762076490.311, "anomalies": ["stale_timestamp: 1762076490.311 vs 1764665497.2825818"], "data_sample": {"price": 0.16766, "volume": 7.0}}}
{"timestamp": "2025-12-02T08:51:37.298684+00:00", "level": "WARNING", "module": "logger", "funcName": "_log", "lineno": 188, "event_type": "streaming_indicator_engine.data_anomalies_detected", "data": {"symbol": "ARIA_USDT", "timestamp": 1762076501.311, "anomalies": ["stale_timestamp: 1762076501.311 vs 1764665497.2986846"], "data_sample": {"price": 0.16763, "volume": 5.0}}}
{"timestamp": "2025-12-02T08:51:37.314225+00:00", "level": "WARNING", "module": "logger", "funcName": "_log", "lineno": 188, "event_type": "streaming_indicator_engine.data_anomalies_detected", "data": {"symbol": "ARIA_USDT", "timestamp": 1762076514.408999, "anomalies": ["stale_timestamp: 1762076514.408999 vs 1764665497.3142254"], "data_sample": {"price": 0.16766, "volume": 10.0}}}
{"timestamp": "2025-12-02T08:51:37.329679+00:00", "level": "WARNING", "module": "logger", "funcName": "_log", "lineno": 188, "event_type": "streaming_indicator_engine.data_anomalies_detected", "data": {"symbol": "ARIA_USDT", "timestamp": 1762076520.311, "anomalies": ["stale_timestamp: 1762076520.311 vs 1764665497.3296797"], "data_sample": {"price": 0.1677, "volume": 9.0}}}
{"timestamp": "2025-12-02T08:51:37.344982+00:00", "level": "WARNING", "module": "logger", "funcName": "_log", "lineno": 188, "event_type": "streaming_indicator_engine.data_anomalies_detected", "data": {"symbol": "ARIA_USDT", "timestamp": 1762076531.311, "anomalies": ["stale_timestamp: 1762076531.311 vs 1764665497.3449824"], "data_sample": {"price": 0.16778, "volume": 10.0}}}
{"timestamp": "2025-12-02T08:51:37.349603+00:00", "level": "INFO", "module": "logger", "funcName": "_log", "lineno": 188, "event_type": "strategy_manager.indicator_update_received", "data": {"symbol": "ARIA_USDT", "indicator_name": "5fc82998-9270-4b44-8312-f74ddd20a93d_20", "indicator_type": "", "value": -65.86709736464694, "active_strategies_for_symbol": true, "active_count": 3}}
{"timestamp": "2025-12-02T08:51:37.350766+00:00", "level": "WARNING", "module": "logger", "funcName": "_log", "lineno": 188, "event_type": "streaming_indicator_engine.data_anomalies_detected", "data": {"symbol": "ARIA_USDT", "timestamp": 1762076537.311, "anomalies": ["stale_timestamp: 1762076537.311 vs 1764665497.3507662"], "data_sample": {"price": 0.16777, "volume": 10.0}}}
{"timestamp": "2025-12-02T08:51:37.351780+00:00", "level": "WARNING", "module": "logger", "funcName": "_log", "lineno": 188, "event_type": "streaming_indicator_engine.data_anomalies_detected", "data": {"symbol": "ARIA_USDT", "timestamp": 1762076543.312, "anomalies": ["stale_timestamp: 1762076543.312 vs 1764665497.3517807"], "data_sample": {"price": 0.16765, "volume": 8.0}}}
{"timestamp": "2025-12-02T08:51:37.354775+00:00", "level": "WARNING", "module": "logger", "funcName": "_log", "lineno": 188, "event_type": "streaming_indicator_engine.data_anomalies_detected", "data": {"symbol": "ARIA_USDT", "timestamp": 1762076551.311, "anomalies": ["stale_timestamp: 1762076551.311 vs 1764665497.353773"], "data_sample": {"price": 0.16776, "volume": 7.0}}}
{"timestamp": "2025-12-02T08:51:37.355773+00:00", "level": "WARNING", "module": "logger", "funcName": "_log", "lineno": 188, "event_type": "streaming_indicator_engine.data_anomalies_detected", "data": {"symbol": "ARIA_USDT", "timestamp": 1762076567.313999, "anomalies": ["stale_timestamp: 1762076567.313999 vs 1764665497.3557732"], "data_sample": {"price": 0.16779, "volume": 4.0}}}
{"timestamp": "2025-12-02T08:51:37.355773+00:00", "level": "WARNING", "module": "logger", "funcName": "_log", "lineno": 188, "event_type": "streaming_indicator_engine.data_anomalies_detected", "data": {"symbol": "ARIA_USDT", "timestamp": 1762076582.312999, "anomalies": ["stale_timestamp: 1762076582.312999 vs 1764665497.3557732"], "data_sample": {"price": 0.16774, "volume": 4.0}}}
{"timestamp": "2025-12-02T08:51:37.356774+00:00", "level": "INFO", "module": "logger", "funcName": "_log", "lineno": 188, "event_type": "strategy_manager.indicator_update_received", "data": {"symbol": "ARIA_USDT", "indicator_name": "5fc82998-9270-4b44-8312-f74ddd20a93d_20", "indicator_type": "", "value": -65.86709736464694, "active_strategies_for_symbol": true, "active_count": 3}}
{"timestamp": "2025-12-02T08:51:37.356774+00:00", "level": "WARNING", "module": "logger", "funcName": "_log", "lineno": 188, "event_type": "streaming_indicator_engine.data_anomalies_detected", "data": {"symbol": "ARIA_USDT", "timestamp": 1762076595.309999, "anomalies": ["stale_timestamp: 1762076595.309999 vs 1764665497.3567743"], "data_sample": {"price": 0.16776, "volume": 10.0}}}
{"timestamp": "2025-12-02T08:51:37.357772+00:00", "level": "WARNING", "module": "logger", "funcName": "_log", "lineno": 188, "event_type": "streaming_indicator_engine.data_anomalies_detected", "data": {"symbol": "ARIA_USDT", "timestamp": 1762076606.309999, "anomalies": ["stale_timestamp: 1762076606.309999 vs 1764665497.3577726"], "data_sample": {"price": 0.16772, "volume": 9.0}}}
{"timestamp": "2025-12-02T08:51:37.358859+00:00", "level": "WARNING", "module": "logger", "funcName": "_log", "lineno": 188, "event_type": "streaming_indicator_engine.data_anomalies_detected", "data": {"symbol": "ARIA_USDT", "timestamp": 1762076620.309999, "anomalies": ["stale_timestamp: 1762076620.309999 vs 1764665497.3577726"], "data_sample": {"price": 0.16764, "volume": 5.0}}}
{"timestamp": "2025-12-02T08:51:37.358859+00:00", "level": "WARNING", "module": "logger", "funcName": "_log", "lineno": 188, "event_type": "streaming_indicator_engine.data_anomalies_detected", "data": {"symbol": "ARIA_USDT", "timestamp": 1762076628.311, "anomalies": ["stale_timestamp: 1762076628.311 vs 1764665497.3588595"], "data_sample": {"price": 0.16761, "volume": 7.0}}}
{"timestamp": "2025-12-02T08:51:37.360213+00:00", "level": "WARNING", "module": "logger", "funcName": "_log", "lineno": 188, "event_type": "streaming_indicator_engine.data_anomalies_detected", "data": {"symbol": "ARIA_USDT", "timestamp": 1762076638.312999, "anomalies": ["stale_timestamp: 1762076638.312999 vs 1764665497.3602135"], "data_sample": {"price": 0.16763, "volume": 10.0}}}
{"timestamp": "2025-12-02T08:51:37.360213+00:00", "level": "WARNING", "module": "logger", "funcName": "_log", "lineno": 188, "event_type": "streaming_indicator_engine.data_anomalies_detected", "data": {"symbol": "ARIA_USDT", "timestamp": 1762076647.309999, "anomalies": ["stale_timestamp: 1762076647.309999 vs 1764665497.3602135"], "data_sample": {"price": 0.16762, "volume": 4.0}}}
{"timestamp": "2025-12-02T08:51:37.362183+00:00", "level": "INFO", "module": "logger", "funcName": "_log", "lineno": 188, "event_type": "strategy_manager.indicator_update_received", "data": {"symbol": "ARIA_USDT", "indicator_name": "11b8be00-eed3-48fe-b359-df47b297226c_20", "indicator_type": "", "value": -0.0016693394545417985, "active_strategies_for_symbol": true, "active_count": 3}}
{"timestamp": "2025-12-02T08:51:37.363182+00:00", "level": "WARNING", "module": "logger", "funcName": "_log", "lineno": 188, "event_type": "streaming_indicator_engine.data_anomalies_detected", "data": {"symbol": "ARIA_USDT", "timestamp": 1762076653.309999, "anomalies": ["stale_timestamp: 1762076653.309999 vs 1764665497.3631825"], "data_sample": {"price": 0.16761, "volume": 9.0}}}
{"timestamp": "2025-12-02T08:51:37.364183+00:00", "level": "WARNING", "module": "logger", "funcName": "_log", "lineno": 188, "event_type": "streaming_indicator_engine.data_anomalies_detected", "data": {"symbol": "ARIA_USDT", "timestamp": 1762076666.309999, "anomalies": ["stale_timestamp: 1762076666.309999 vs 1764665497.3641837"], "data_sample": {"price": 0.16763, "volume": 9.0}}}
{"timestamp": "2025-12-02T08:51:37.365183+00:00", "level": "WARNING", "module": "logger", "funcName": "_log", "lineno": 188, "event_type": "streaming_indicator_engine.data_anomalies_detected", "data": {"symbol": "ARIA_USDT", "timestamp": 1762076672.308999, "anomalies": ["stale_timestamp: 1762076672.308999 vs 1764665497.3651836"], "data_sample": {"price": 0.16762, "volume": 9.0}}}
{"timestamp": "2025-12-02T08:51:37.365183+00:00", "level": "WARNING", "module": "logger", "funcName": "_log", "lineno": 188, "event_type": "streaming_indicator_engine.data_anomalies_detected", "data": {"symbol": "ARIA_USDT", "timestamp": 1762076685.309999, "anomalies": ["stale_timestamp: 1762076685.309999 vs 1764665497.3651836"], "data_sample": {"price": 0.16732, "volume": 9.0}}}
{"timestamp": "2025-12-02T08:51:37.366181+00:00", "level": "WARNING", "module": "logger", "funcName": "_log", "lineno": 188, "event_type": "streaming_indicator_engine.data_anomalies_detected", "data": {"symbol": "ARIA_USDT", "timestamp": 1762076699.311, "anomalies": ["stale_timestamp: 1762076699.311 vs 1764665497.3661814"], "data_sample": {"price": 0.16737, "volume": 11.0}}}
{"timestamp": "2025-12-02T08:51:37.366181+00:00", "level": "WARNING", "module": "logger", "funcName": "_log", "lineno": 188, "event_type": "streaming_indicator_engine.data_anomalies_detected", "data": {"symbol": "ARIA_USDT", "timestamp": 1762076713.309999, "anomalies": ["stale_timestamp: 1762076713.309999 vs 1764665497.3661814"], "data_sample": {"price": 0.16735, "volume": 4.0}}}
{"timestamp": "2025-12-02T08:51:37.367181+00:00", "level": "INFO", "module": "logger", "funcName": "_log", "lineno": 188, "event_type": "strategy_manager.indicator_update_received", "data": {"symbol": "ARIA_USDT", "indicator_name": "11b8be00-eed3-48fe-b359-df47b297226c_20", "indicator_type": "", "value": -0.0016693394545417985, "active_strategies_for_symbol": true, "active_count": 3}}
{"timestamp": "2025-12-02T08:51:37.367181+00:00", "level": "WARNING", "module": "logger", "funcName": "_log", "lineno": 188, "event_type": "streaming_indicator_engine.data_anomalies_detected", "data": {"symbol": "ARIA_USDT", "timestamp": 1762076728.311, "anomalies": ["stale_timestamp: 1762076728.311 vs 1764665497.3671815"], "data_sample": {"price": 0.16739, "volume": 9.0}}}
{"timestamp": "2025-12-02T08:51:37.367181+00:00", "level": "WARNING", "module": "logger", "funcName": "_log", "lineno": 188, "event_type": "streaming_indicator_engine.data_anomalies_detected", "data": {"symbol": "ARIA_USDT", "timestamp": 1762076734.308999, "anomalies": ["stale_timestamp: 1762076734.308999 vs 1764665497.3671815"], "data_sample": {"price": 0.16744, "volume": 9.0}}}
{"timestamp": "2025-12-02T08:51:37.367181+00:00", "level": "WARNING", "module": "logger", "funcName": "_log", "lineno": 188, "event_type": "streaming_indicator_engine.data_anomalies_detected", "data": {"symbol": "ARIA_USDT", "timestamp": 1762076750.309999, "anomalies": ["stale_timestamp: 1762076750.309999 vs 1764665497.3671815"], "data_sample": {"price": 0.16747, "volume": 10.0}}}
{"timestamp": "2025-12-02T08:51:37.368690+00:00", "level": "WARNING", "module": "logger", "funcName": "_log", "lineno": 188, "event_type": "streaming_indicator_engine.data_anomalies_detected", "data": {"symbol": "ARIA_USDT", "timestamp": 1762076759.311, "anomalies": ["stale_timestamp: 1762076759.311 vs 1764665497.3686903"], "data_sample": {"price": 0.16746, "volume": 10.0}}}
{"timestamp": "2025-12-02T08:51:37.369701+00:00", "level": "WARNING", "module": "logger", "funcName": "_log", "lineno": 188, "event_type": "streaming_indicator_engine.data_anomalies_detected", "data": {"symbol": "ARIA_USDT", "timestamp": 1762076767.309999, "anomalies": ["stale_timestamp: 1762076767.309999 vs 1764665497.3697011"], "data_sample": {"price": 0.16742, "volume": 8.0}}}
{"timestamp": "2025-12-02T08:51:37.370761+00:00", "level": "WARNING", "module": "logger", "funcName": "_log", "lineno": 188, "event_type": "streaming_indicator_engine.data_anomalies_detected", "data": {"symbol": "ARIA_USDT", "timestamp": 1762076783.312, "anomalies": ["stale_timestamp: 1762076783.312 vs 1764665497.3707612"], "data_sample": {"price": 0.16745, "volume": 8.0}}}
{"timestamp": "2025-12-02T08:51:37.373799+00:00", "level": "INFO", "module": "logger", "funcName": "_log", "lineno": 188, "event_type": "strategy_manager.indicator_update_received", "data": {"symbol": "ARIA_USDT", "indicator_name": "790d8eed-dc95-43ff-b625-1205d256154b_20", "indicator_type": "", "value": 2.9740887965539348e-05, "active_strategies_for_symbol": true, "active_count": 3}}
{"timestamp": "2025-12-02T08:51:37.374698+00:00", "level": "WARNING", "module": "logger", "funcName": "_log", "lineno": 188, "event_type": "streaming_indicator_engine.data_anomalies_detected", "data": {"symbol": "ARIA_USDT", "timestamp": 1762076789.309999, "anomalies": ["stale_timestamp: 1762076789.309999 vs 1764665497.374698"], "data_sample": {"price": 0.16755, "volume": 9.0}}}
{"timestamp": "2025-12-02T08:51:37.375792+00:00", "level": "WARNING", "module": "logger", "funcName": "_log", "lineno": 188, "event_type": "streaming_indicator_engine.data_anomalies_detected", "data": {"symbol": "ARIA_USDT", "timestamp": 1762076803.311, "anomalies": ["stale_timestamp: 1762076803.311 vs 1764665497.3757923"], "data_sample": {"price": 0.16758, "volume": 10.0}}}
{"timestamp": "2025-12-02T08:51:37.377024+00:00", "level": "WARNING", "module": "logger", "funcName": "_log", "lineno": 188, "event_type": "streaming_indicator_engine.data_anomalies_detected", "data": {"symbol": "ARIA_USDT", "timestamp": 1762076816.308999, "anomalies": ["stale_timestamp: 1762076816.308999 vs 1764665497.3770244"], "data_sample": {"price": 0.16762, "volume": 9.0}}}
{"timestamp": "2025-12-02T08:51:37.377024+00:00", "level": "WARNING", "module": "logger", "funcName": "_log", "lineno": 188, "event_type": "streaming_indicator_engine.data_anomalies_detected", "data": {"symbol": "ARIA_USDT", "timestamp": 1762076825.312999, "anomalies": ["stale_timestamp: 1762076825.312999 vs 1764665497.3770244"], "data_sample": {"price": 0.16751, "volume": 10.0}}}
{"timestamp": "2025-12-02T08:51:37.377024+00:00", "level": "WARNING", "module": "logger", "funcName": "_log", "lineno": 188, "event_type": "streaming_indicator_engine.data_anomalies_detected", "data": {"symbol": "ARIA_USDT", "timestamp": 1762076831.316999, "anomalies": ["stale_timestamp: 1762076831.316999 vs 1764665497.3770244"], "data_sample": {"price": 0.1674, "volume": 6.0}}}
{"timestamp": "2025-12-02T08:51:37.378670+00:00", "level": "WARNING", "module": "logger", "funcName": "_log", "lineno": 188, "event_type": "streaming_indicator_engine.data_anomalies_detected", "data": {"symbol": "ARIA_USDT", "timestamp": 1762076839.311, "anomalies": ["stale_timestamp: 1762076839.311 vs 1764665497.37867"], "data_sample": {"price": 0.16741, "volume": 8.0}}}
{"timestamp": "2025-12-02T08:51:37.379680+00:00", "level": "INFO", "module": "logger", "funcName": "_log", "lineno": 188, "event_type": "strategy_manager.indicator_update_received", "data": {"symbol": "ARIA_USDT", "indicator_name": "790d8eed-dc95-43ff-b625-1205d256154b_20", "indicator_type": "", "value": 2.9740887965539348e-05, "active_strategies_for_symbol": true, "active_count": 3}}
{"timestamp": "2025-12-02T08:51:37.380785+00:00", "level": "WARNING", "module": "logger", "funcName": "_log", "lineno": 188, "event_type": "streaming_indicator_engine.data_anomalies_detected", "data": {"symbol": "ARIA_USDT", "timestamp": 1762076846.312, "anomalies": ["stale_timestamp: 1762076846.312 vs 1764665497.380786"], "data_sample": {"price": 0.1674, "volume": 6.0}}}
{"timestamp": "2025-12-02T08:51:37.381678+00:00", "level": "WARNING", "module": "logger", "funcName": "_log", "lineno": 188, "event_type": "streaming_indicator_engine.data_anomalies_detected", "data": {"symbol": "ARIA_USDT", "timestamp": 1762076859.309999, "anomalies": ["stale_timestamp: 1762076859.309999 vs 1764665497.3816786"], "data_sample": {"price": 0.16723, "volume": 5.0}}}
{"timestamp": "2025-12-02T08:51:37.382196+00:00", "level": "WARNING", "module": "logger", "funcName": "_log", "lineno": 188, "event_type": "streaming_indicator_engine.data_anomalies_detected", "data": {"symbol": "ARIA_USDT", "timestamp": 1762076870.309999, "anomalies": ["stale_timestamp: 1762076870.309999 vs 1764665497.3821964"], "data_sample": {"price": 0.16724, "volume": 9.0}}}
{"timestamp": "2025-12-02T08:51:37.382196+00:00", "level": "WARNING", "module": "logger", "funcName": "_log", "lineno": 188, "event_type": "streaming_indicator_engine.data_anomalies_detected", "data": {"symbol": "ARIA_USDT", "timestamp": 1762076878.309999, "anomalies": ["stale_timestamp: 1762076878.309999 vs 1764665497.3821964"], "data_sample": {"price": 0.16731, "volume": 4.0}}}
{"timestamp": "2025-12-02T08:51:37.383197+00:00", "level": "WARNING", "module": "logger", "funcName": "_log", "lineno": 188, "event_type": "streaming_indicator_engine.data_anomalies_detected", "data": {"symbol": "ARIA_USDT", "timestamp": 1762076892.311, "anomalies": ["stale_timestamp: 1762076892.311 vs 1764665497.3831975"], "data_sample": {"price": 0.16728, "volume": 9.0}}}
{"timestamp": "2025-12-02T08:51:37.383197+00:00", "level": "WARNING", "module": "logger", "funcName": "_log", "lineno": 188, "event_type": "streaming_indicator_engine.data_anomalies_detected", "data": {"symbol": "ARIA_USDT", "timestamp": 1762076900.309999, "anomalies": ["stale_timestamp: 1762076900.309999 vs 1764665497.3831975"], "data_sample": {"price": 0.16731, "volume": 7.0}}}
{"timestamp": "2025-12-02T08:51:37.406494+00:00", "level": "WARNING", "module": "logger", "funcName": "_log", "lineno": 188, "event_type": "streaming_indicator_engine.data_anomalies_detected", "data": {"symbol": "ARIA_USDT", "timestamp": 1762076915.308999, "anomalies": ["stale_timestamp: 1762076915.308999 vs 1764665497.4064944"], "data_sample": {"price": 0.16729, "volume": 4.0}}}
{"timestamp": "2025-12-02T08:51:37.421866+00:00", "level": "WARNING", "module": "logger", "funcName": "_log", "lineno": 188, "event_type": "streaming_indicator_engine.data_anomalies_detected", "data": {"symbol": "ARIA_USDT", "timestamp": 1762076929.309999, "anomalies": ["stale_timestamp: 1762076929.309999 vs 1764665497.4218664"], "data_sample": {"price": 0.16725, "volume": 11.0}}}
{"timestamp": "2025-12-02T08:51:37.437764+00:00", "level": "WARNING", "module": "logger", "funcName": "_log", "lineno": 188, "event_type": "streaming_indicator_engine.data_anomalies_detected", "data": {"symbol": "ARIA_USDT", "timestamp": 1762076940.312999, "anomalies": ["stale_timestamp: 1762076940.312999 vs 1764665497.4377644"], "data_sample": {"price": 0.16733, "volume": 8.0}}}
{"timestamp": "2025-12-02T08:51:37.453709+00:00", "level": "WARNING", "module": "logger", "funcName": "_log", "lineno": 188, "event_type": "streaming_indicator_engine.data_anomalies_detected", "data": {"symbol": "ARIA_USDT", "timestamp": 1762076949.324999, "anomalies": ["stale_timestamp: 1762076949.324999 vs 1764665497.4527144"], "data_sample": {"price": 0.1673, "volume": 8.0}}}
{"timestamp": "2025-12-02T08:51:37.468911+00:00", "level": "WARNING", "module": "logger", "funcName": "_log", "lineno": 188, "event_type": "streaming_indicator_engine.data_anomalies_detected", "data": {"symbol": "ARIA_USDT", "timestamp": 1762076965.316, "anomalies": ["stale_timestamp: 1762076965.316 vs 1764665497.4683995"], "data_sample": {"price": 0.16729, "volume": 4.0}}}
{"timestamp": "2025-12-02T08:51:37.483684+00:00", "level": "WARNING", "module": "logger", "funcName": "_log", "lineno": 188, "event_type": "streaming_indicator_engine.data_anomalies_detected", "data": {"symbol": "ARIA_USDT", "timestamp": 1762076978.312, "anomalies": ["stale_timestamp: 1762076978.312 vs 1764665497.4836845"], "data_sample": {"price": 0.1673, "volume": 9.0}}}
{"timestamp": "2025-12-02T08:51:37.498979+00:00", "level": "WARNING", "module": "logger", "funcName": "_log", "lineno": 188, "event_type": "streaming_indicator_engine.data_anomalies_detected", "data": {"symbol": "ARIA_USDT", "timestamp": 1762076990.315, "anomalies": ["stale_timestamp: 1762076990.315 vs 1764665497.4989798"], "data_sample": {"price": 0.16733, "volume": 10.0}}}
{"timestamp": "2025-12-02T08:51:37.513791+00:00", "level": "WARNING", "module": "logger", "funcName": "_log", "lineno": 188, "event_type": "streaming_indicator_engine.data_anomalies_detected", "data": {"symbol": "ARIA_USDT", "timestamp": 1762076997.315, "anomalies": ["stale_timestamp: 1762076997.315 vs 1764665497.5137916"], "data_sample": {"price": 0.16726, "volume": 12.0}}}
{"timestamp": "2025-12-02T08:51:37.528938+00:00", "level": "WARNING", "module": "logger", "funcName": "_log", "lineno": 188, "event_type": "streaming_indicator_engine.data_anomalies_detected", "data": {"symbol": "ARIA_USDT", "timestamp": 1762077007.309999, "anomalies": ["stale_timestamp: 1762077007.309999 vs 1764665497.528434"], "data_sample": {"price": 0.16719, "volume": 4.0}}}
{"timestamp": "2025-12-02T08:51:37.543678+00:00", "level": "WARNING", "module": "logger", "funcName": "_log", "lineno": 188, "event_type": "streaming_indicator_engine.data_anomalies_detected", "data": {"symbol": "ARIA_USDT", "timestamp": 1762077018.309999, "anomalies": ["stale_timestamp: 1762077018.309999 vs 1764665497.5436788"], "data_sample": {"price": 0.16722, "volume": 8.0}}}
{"timestamp": "2025-12-02T08:51:37.558916+00:00", "level": "WARNING", "module": "logger", "funcName": "_log", "lineno": 188, "event_type": "streaming_indicator_engine.data_anomalies_detected", "data": {"symbol": "ARIA_USDT", "timestamp": 1762077025.309999, "anomalies": ["stale_timestamp: 1762077025.309999 vs 1764665497.558916"], "data_sample": {"price": 0.16726, "volume": 5.0}}}
{"timestamp": "2025-12-02T08:51:37.574678+00:00", "level": "WARNING", "module": "logger", "funcName": "_log", "lineno": 188, "event_type": "streaming_indicator_engine.data_anomalies_detected", "data": {"symbol": "ARIA_USDT", "timestamp": 1762077033.311, "anomalies": ["stale_timestamp: 1762077033.311 vs 1764665497.5746782"], "data_sample": {"price": 0.16725, "volume": 4.0}}}
{"timestamp": "2025-12-02T08:51:37.589432+00:00", "level": "WARNING", "module": "logger", "funcName": "_log", "lineno": 188, "event_type": "streaming_indicator_engine.data_anomalies_detected", "data": {"symbol": "ARIA_USDT", "timestamp": 1762077042.309999, "anomalies": ["stale_timestamp: 1762077042.309999 vs 1764665497.5894325"], "data_sample": {"price": 0.16724, "volume": 4.0}}}
{"timestamp": "2025-12-02T08:51:37.604119+00:00", "level": "WARNING", "module": "logger", "funcName": "_log", "lineno": 188, "event_type": "streaming_indicator_engine.data_anomalies_detected", "data": {"symbol": "ARIA_USDT", "timestamp": 1762077051.309999, "anomalies": ["stale_timestamp: 1762077051.309999 vs 1764665497.6041195"], "data_sample": {"price": 0.16725, "volume": 4.0}}}
{"timestamp": "2025-12-02T08:51:37.621272+00:00", "level": "WARNING", "module": "logger", "funcName": "_log", "lineno": 188, "event_type": "streaming_indicator_engine.data_anomalies_detected", "data": {"symbol": "ARIA_USDT", "timestamp": 1762077057.312999, "anomalies": ["stale_timestamp: 1762077057.312999 vs 1764665497.6212723"], "data_sample": {"price": 0.16726, "volume": 3.0}}}
{"timestamp": "2025-12-02T08:51:37.635590+00:00", "level": "WARNING", "module": "logger", "funcName": "_log", "lineno": 188, "event_type": "streaming_indicator_engine.data_anomalies_detected", "data": {"symbol": "ARIA_USDT", "timestamp": 1762077067.316999, "anomalies": ["stale_timestamp: 1762077067.316999 vs 1764665497.63559"], "data_sample": {"price": 0.16725, "volume": 8.0}}}
{"timestamp": "2025-12-02T08:51:37.665896+00:00", "level": "WARNING", "module": "logger", "funcName": "_log", "lineno": 188, "event_type": "streaming_indicator_engine.data_anomalies_detected", "data": {"symbol": "ARIA_USDT", "timestamp": 1762077081.308, "anomalies": ["stale_timestamp: 1762077081.308 vs 1764665497.6658964"], "data_sample": {"price": 0.16714, "volume": 6.0}}}
{"timestamp": "2025-12-02T08:51:37.681296+00:00", "level": "WARNING", "module": "logger", "funcName": "_log", "lineno": 188, "event_type": "streaming_indicator_engine.data_anomalies_detected", "data": {"symbol": "ARIA_USDT", "timestamp": 1762077089.311, "anomalies": ["stale_timestamp: 1762077089.311 vs 1764665497.6812968"], "data_sample": {"price": 0.16711, "volume": 4.0}}}
{"timestamp": "2025-12-02T08:51:37.696827+00:00", "level": "WARNING", "module": "logger", "funcName": "_log", "lineno": 188, "event_type": "streaming_indicator_engine.data_anomalies_detected", "data": {"symbol": "ARIA_USDT", "timestamp": 1762077098.311, "anomalies": ["stale_timestamp: 1762077098.311 vs 1764665497.6968272"], "data_sample": {"price": 0.16702, "volume": 4.0}}}
{"timestamp": "2025-12-02T08:51:37.712306+00:00", "level": "WARNING", "module": "logger", "funcName": "_log", "lineno": 188, "event_type": "streaming_indicator_engine.data_anomalies_detected", "data": {"symbol": "ARIA_USDT", "timestamp": 1762077107.335, "anomalies": ["stale_timestamp: 1762077107.335 vs 1764665497.7123067"], "data_sample": {"price": 0.167, "volume": 26.0}}}
{"timestamp": "2025-12-02T08:51:37.728404+00:00", "level": "WARNING", "module": "logger", "funcName": "_log", "lineno": 188, "event_type": "streaming_indicator_engine.data_anomalies_detected", "data": {"symbol": "ARIA_USDT", "timestamp": 1762077121.309999, "anomalies": ["stale_timestamp: 1762077121.309999 vs 1764665497.7284045"], "data_sample": {"price": 0.16704, "volume": 8.0}}}
{"timestamp": "2025-12-02T08:51:37.745276+00:00", "level": "WARNING", "module": "logger", "funcName": "_log", "lineno": 188, "event_type": "streaming_indicator_engine.data_anomalies_detected", "data": {"symbol": "ARIA_USDT", "timestamp": 1762077123.420999, "anomalies": ["stale_timestamp: 1762077123.420999 vs 1764665497.744266"], "data_sample": {"price": 0.167, "volume": 59.0}}}
{"timestamp": "2025-12-02T08:51:37.759505+00:00", "level": "WARNING", "module": "logger", "funcName": "_log", "lineno": 188, "event_type": "streaming_indicator_engine.data_anomalies_detected", "data": {"symbol": "ARIA_USDT", "timestamp": 1762077139.311, "anomalies": ["stale_timestamp: 1762077139.311 vs 1764665497.7595048"], "data_sample": {"price": 0.16703, "volume": 5.0}}}
{"timestamp": "2025-12-02T08:51:37.775523+00:00", "level": "WARNING", "module": "logger", "funcName": "_log", "lineno": 188, "event_type": "streaming_indicator_engine.data_anomalies_detected", "data": {"symbol": "ARIA_USDT", "timestamp": 1762077152.308999, "anomalies": ["stale_timestamp: 1762077152.308999 vs 1764665497.7755234"], "data_sample": {"price": 0.16708, "volume": 9.0}}}
{"timestamp": "2025-12-02T08:51:37.790515+00:00", "level": "WARNING", "module": "logger", "funcName": "_log", "lineno": 188, "event_type": "streaming_indicator_engine.data_anomalies_detected", "data": {"symbol": "ARIA_USDT", "timestamp": 1762077163.309999, "anomalies": ["stale_timestamp: 1762077163.309999 vs 1764665497.790515"], "data_sample": {"price": 0.16713, "volume": 11.0}}}
{"timestamp": "2025-12-02T08:51:37.806130+00:00", "level": "WARNING", "module": "logger", "funcName": "_log", "lineno": 188, "event_type": "streaming_indicator_engine.data_anomalies_detected", "data": {"symbol": "ARIA_USDT", "timestamp": 1762077172.309999, "anomalies": ["stale_timestamp: 1762077172.309999 vs 1764665497.8061306"], "data_sample": {"price": 0.16706, "volume": 12.0}}}
{"timestamp": "2025-12-02T08:51:37.821466+00:00", "level": "WARNING", "module": "logger", "funcName": "_log", "lineno": 188, "event_type": "streaming_indicator_engine.data_anomalies_detected", "data": {"symbol": "ARIA_USDT", "timestamp": 1762077187.312999, "anomalies": ["stale_timestamp: 1762077187.312999 vs 1764665497.8214667"], "data_sample": {"price": 0.16705, "volume": 4.0}}}
{"timestamp": "2025-12-02T08:51:37.838515+00:00", "level": "WARNING", "module": "logger", "funcName": "_log", "lineno": 188, "event_type": "streaming_indicator_engine.data_anomalies_detected", "data": {"symbol": "ARIA_USDT", "timestamp": 1762077203.309999, "anomalies": ["stale_timestamp: 1762077203.309999 vs 1764665497.8385158"], "data_sample": {"price": 0.16703, "volume": 6.0}}}
{"timestamp": "2025-12-02T08:51:37.851960+00:00", "level": "WARNING", "module": "logger", "funcName": "_log", "lineno": 188, "event_type": "streaming_indicator_engine.data_anomalies_detected", "data": {"symbol": "ARIA_USDT", "timestamp": 1762077211.312, "anomalies": ["stale_timestamp: 1762077211.312 vs 1764665497.8519604"], "data_sample": {"price": 0.16707, "volume": 9.0}}}
{"timestamp": "2025-12-02T08:51:37.867665+00:00", "level": "WARNING", "module": "logger", "funcName": "_log", "lineno": 188, "event_type": "streaming_indicator_engine.data_anomalies_detected", "data": {"symbol": "ARIA_USDT", "timestamp": 1762077227.312999, "anomalies": ["stale_timestamp: 1762077227.312999 vs 1764665497.8676658"], "data_sample": {"price": 0.16704, "volume": 4.0}}}
{"timestamp": "2025-12-02T08:51:37.883351+00:00", "level": "WARNING", "module": "logger", "funcName": "_log", "lineno": 188, "event_type": "streaming_indicator_engine.data_anomalies_detected", "data": {"symbol": "ARIA_USDT", "timestamp": 1762077234.308999, "anomalies": ["stale_timestamp: 1762077234.308999 vs 1764665497.8833513"], "data_sample": {"price": 0.16708, "volume": 8.0}}}
{"timestamp": "2025-12-02T08:51:37.898931+00:00", "level": "WARNING", "module": "logger", "funcName": "_log", "lineno": 188, "event_type": "streaming_indicator_engine.data_anomalies_detected", "data": {"symbol": "ARIA_USDT", "timestamp": 1762077247.312999, "anomalies": ["stale_timestamp: 1762077247.312999 vs 1764665497.8989315"], "data_sample": {"price": 0.16705, "volume": 7.0}}}
{"timestamp": "2025-12-02T08:51:37.914253+00:00", "level": "WARNING", "module": "logger", "funcName": "_log", "lineno": 188, "event_type": "streaming_indicator_engine.data_anomalies_detected", "data": {"symbol": "ARIA_USDT", "timestamp": 1762077263.309999, "anomalies": ["stale_timestamp: 1762077263.309999 vs 1764665497.9142537"], "data_sample": {"price": 0.16704, "volume": 7.0}}}
{"timestamp": "2025-12-02T08:51:37.929380+00:00", "level": "WARNING", "module": "logger", "funcName": "_log", "lineno": 188, "event_type": "streaming_indicator_engine.data_anomalies_detected", "data": {"symbol": "ARIA_USDT", "timestamp": 1762077274.309999, "anomalies": ["stale_timestamp: 1762077274.309999 vs 1764665497.9293802"], "data_sample": {"price": 0.16709, "volume": 4.0}}}
{"timestamp": "2025-12-02T08:51:37.944709+00:00", "level": "WARNING", "module": "logger", "funcName": "_log", "lineno": 188, "event_type": "streaming_indicator_engine.data_anomalies_detected", "data": {"symbol": "ARIA_USDT", "timestamp": 1762077281.311, "anomalies": ["stale_timestamp: 1762077281.311 vs 1764665497.9447098"], "data_sample": {"price": 0.16713, "volume": 12.0}}}
{"timestamp": "2025-12-02T08:51:37.960658+00:00", "level": "WARNING", "module": "logger", "funcName": "_log", "lineno": 188, "event_type": "streaming_indicator_engine.data_anomalies_detected", "data": {"symbol": "ARIA_USDT", "timestamp": 1762077290.312, "anomalies": ["stale_timestamp: 1762077290.312 vs 1764665497.960659"], "data_sample": {"price": 0.16709, "volume": 8.0}}}
{"timestamp": "2025-12-02T08:51:37.976375+00:00", "level": "WARNING", "module": "logger", "funcName": "_log", "lineno": 188, "event_type": "streaming_indicator_engine.data_anomalies_detected", "data": {"symbol": "ARIA_USDT", "timestamp": 1762077299.312, "anomalies": ["stale_timestamp: 1762077299.312 vs 1764665497.976375"], "data_sample": {"price": 0.16706, "volume": 8.0}}}
{"timestamp": "2025-12-02T08:51:37.991628+00:00", "level": "WARNING", "module": "logger", "funcName": "_log", "lineno": 188, "event_type": "streaming_indicator_engine.data_anomalies_detected", "data": {"symbol": "ARIA_USDT", "timestamp": 1762077309.309999, "anomalies": ["stale_timestamp: 1762077309.309999 vs 1764665497.9916282"], "data_sample": {"price": 0.16705, "volume": 6.0}}}
{"timestamp": "2025-12-02T08:51:38.006830+00:00", "level": "WARNING", "module": "logger", "funcName": "_log", "lineno": 188, "event_type": "streaming_indicator_engine.data_anomalies_detected", "data": {"symbol": "ARIA_USDT", "timestamp": 1762077318.312, "anomalies": ["stale_timestamp: 1762077318.312 vs 1764665498.00683"], "data_sample": {"price": 0.16706, "volume": 9.0}}}
{"timestamp": "2025-12-02T08:51:38.022182+00:00", "level": "WARNING", "module": "logger", "funcName": "_log", "lineno": 188, "event_type": "streaming_indicator_engine.data_anomalies_detected", "data": {"symbol": "ARIA_USDT", "timestamp": 1762077324.309999, "anomalies": ["stale_timestamp: 1762077324.309999 vs 1764665498.022183"], "data_sample": {"price": 0.1671, "volume": 5.0}}}
{"timestamp": "2025-12-02T08:51:38.039544+00:00", "level": "WARNING", "module": "logger", "funcName": "_log", "lineno": 188, "event_type": "streaming_indicator_engine.data_anomalies_detected", "data": {"symbol": "ARIA_USDT", "timestamp": 1762077335.309999, "anomalies": ["stale_timestamp: 1762077335.309999 vs 1764665498.0389652"], "data_sample": {"price": 0.16709, "volume": 4.0}}}
{"timestamp": "2025-12-02T08:51:38.055295+00:00", "level": "WARNING", "module": "logger", "funcName": "_log", "lineno": 188, "event_type": "streaming_indicator_engine.data_anomalies_detected", "data": {"symbol": "ARIA_USDT", "timestamp": 1762077351.309999, "anomalies": ["stale_timestamp: 1762077351.309999 vs 1764665498.0552952"], "data_sample": {"price": 0.1671, "volume": 3.0}}}
{"timestamp": "2025-12-02T08:51:38.057297+00:00", "level": "WARNING", "module": "logger", "funcName": "_log", "lineno": 188, "event_type": "streaming_indicator_engine.data_anomalies_detected", "data": {"symbol": "ARIA_USDT", "timestamp": 1762077362.309999, "anomalies": ["stale_timestamp: 1762077362.309999 vs 1764665498.057298"], "data_sample": {"price": 0.16716, "volume": 5.0}}}
{"timestamp": "2025-12-02T08:51:38.069631+00:00", "level": "WARNING", "module": "logger", "funcName": "_log", "lineno": 188, "event_type": "streaming_indicator_engine.data_anomalies_detected", "data": {"symbol": "ARIA_USDT", "timestamp": 1762077376.309999, "anomalies": ["stale_timestamp: 1762077376.309999 vs 1764665498.0696309"], "data_sample": {"price": 0.16724, "volume": 11.0}}}
{"timestamp": "2025-12-02T08:51:38.085392+00:00", "level": "WARNING", "module": "logger", "funcName": "_log", "lineno": 188, "event_type": "streaming_indicator_engine.data_anomalies_detected", "data": {"symbol": "ARIA_USDT", "timestamp": 1762077387.309999, "anomalies": ["stale_timestamp: 1762077387.309999 vs 1764665498.0853925"], "data_sample": {"price": 0.16726, "volume": 11.0}}}
{"timestamp": "2025-12-02T08:51:38.101380+00:00", "level": "WARNING", "module": "logger", "funcName": "_log", "lineno": 188, "event_type": "streaming_indicator_engine.data_anomalies_detected", "data": {"symbol": "ARIA_USDT", "timestamp": 1762077395.309999, "anomalies": ["stale_timestamp: 1762077395.309999 vs 1764665498.1013806"], "data_sample": {"price": 0.16728, "volume": 3.0}}}
{"timestamp": "2025-12-02T08:51:38.116697+00:00", "level": "WARNING", "module": "logger", "funcName": "_log", "lineno": 188, "event_type": "streaming_indicator_engine.data_anomalies_detected", "data": {"symbol": "ARIA_USDT", "timestamp": 1762077402.309999, "anomalies": ["stale_timestamp: 1762077402.309999 vs 1764665498.1166975"], "data_sample": {"price": 0.1673, "volume": 10.0}}}
{"timestamp": "2025-12-02T08:51:38.132932+00:00", "level": "WARNING", "module": "logger", "funcName": "_log", "lineno": 188, "event_type": "streaming_indicator_engine.data_anomalies_detected", "data": {"symbol": "ARIA_USDT", "timestamp": 1762077412.311, "anomalies": ["stale_timestamp: 1762077412.311 vs 1764665498.132933"], "data_sample": {"price": 0.16729, "volume": 7.0}}}
{"timestamp": "2025-12-02T08:51:38.135943+00:00", "level": "INFO", "module": "logger", "funcName": "_log", "lineno": 188, "event_type": "strategy_manager.indicator_update_received", "data": {"symbol": "ARIA_USDT", "indicator_name": "611fad91-045d-408b-8822-f43428935033_20", "indicator_type": "", "value": 0.002153606871483791, "active_strategies_for_symbol": true, "active_count": 3}}
{"timestamp": "2025-12-02T08:51:38.136944+00:00", "level": "WARNING", "module": "logger", "funcName": "_log", "lineno": 188, "event_type": "streaming_indicator_engine.data_anomalies_detected", "data": {"symbol": "ARIA_USDT", "timestamp": 1762077421.309999, "anomalies": ["stale_timestamp: 1762077421.309999 vs 1764665498.1369443"], "data_sample": {"price": 0.16727, "volume": 4.0}}}
{"timestamp": "2025-12-02T08:51:38.139478+00:00", "level": "INFO", "module": "logger", "funcName": "_log", "lineno": 188, "event_type": "strategy_manager.indicator_update_received", "data": {"symbol": "ARIA_USDT", "indicator_name": "611fad91-045d-408b-8822-f43428935033_20", "indicator_type": "", "value": 0.002153606871483791, "active_strategies_for_symbol": true, "active_count": 3}}
{"timestamp": "2025-12-02T08:51:38.142648+00:00", "level": "WARNING", "module": "logger", "funcName": "_log", "lineno": 188, "event_type": "streaming_indicator_engine.data_anomalies_detected", "data": {"symbol": "ARIA_USDT", "timestamp": 1762076372.312999, "anomalies": ["stale_timestamp: 1762076372.312999 vs 1764665498.1426485"], "data_sample": {"price": 0.1671, "volume": 3.0}}}
{"timestamp": "2025-12-02T08:51:38.163678+00:00", "level": "WARNING", "module": "logger", "funcName": "_log", "lineno": 188, "event_type": "streaming_indicator_engine.data_anomalies_detected", "data": {"symbol": "ARIA_USDT", "timestamp": 1762076381.309999, "anomalies": ["stale_timestamp: 1762076381.309999 vs 1764665498.1636782"], "data_sample": {"price": 0.16715, "volume": 8.0}}}
{"timestamp": "2025-12-02T08:51:38.178586+00:00", "level": "WARNING", "module": "logger", "funcName": "_log", "lineno": 188, "event_type": "streaming_indicator_engine.data_anomalies_detected", "data": {"symbol": "ARIA_USDT", "timestamp": 1762076388.311, "anomalies": ["stale_timestamp: 1762076388.311 vs 1764665498.178586"], "data_sample": {"price": 0.16714, "volume": 9.0}}}
{"timestamp": "2025-12-02T08:51:38.194143+00:00", "level": "WARNING", "module": "logger", "funcName": "_log", "lineno": 188, "event_type": "streaming_indicator_engine.data_anomalies_detected", "data": {"symbol": "ARIA_USDT", "timestamp": 1762076401.309999, "anomalies": ["stale_timestamp: 1762076401.309999 vs 1764665498.1941433"], "data_sample": {"price": 0.16717, "volume": 7.0}}}
{"timestamp": "2025-12-02T08:51:38.209815+00:00", "level": "WARNING", "module": "logger", "funcName": "_log", "lineno": 188, "event_type": "streaming_indicator_engine.data_anomalies_detected", "data": {"symbol": "ARIA_USDT", "timestamp": 1762076408.312, "anomalies": ["stale_timestamp: 1762076408.312 vs 1764665498.2098153"], "data_sample": {"price": 0.16713, "volume": 3.0}}}
{"timestamp": "2025-12-02T08:51:38.225823+00:00", "level": "WARNING", "module": "logger", "funcName": "_log", "lineno": 188, "event_type": "streaming_indicator_engine.data_anomalies_detected", "data": {"symbol": "ARIA_USDT", "timestamp": 1762076417.311, "anomalies": ["stale_timestamp: 1762076417.311 vs 1764665498.2258236"], "data_sample": {"price": 0.16708, "volume": 3.0}}}
{"timestamp": "2025-12-02T08:51:38.241937+00:00", "level": "WARNING", "module": "logger", "funcName": "_log", "lineno": 188, "event_type": "streaming_indicator_engine.data_anomalies_detected", "data": {"symbol": "ARIA_USDT", "timestamp": 1762076427.308999, "anomalies": ["stale_timestamp: 1762076427.308999 vs 1764665498.2419372"], "data_sample": {"price": 0.16707, "volume": 12.0}}}
{"timestamp": "2025-12-02T08:51:38.257202+00:00", "level": "WARNING", "module": "logger", "funcName": "_log", "lineno": 188, "event_type": "streaming_indicator_engine.data_anomalies_detected", "data": {"symbol": "ARIA_USDT", "timestamp": 1762076435.309999, "anomalies": ["stale_timestamp: 1762076435.309999 vs 1764665498.2572026"], "data_sample": {"price": 0.1671, "volume": 4.0}}}
{"timestamp": "2025-12-02T08:51:38.273275+00:00", "level": "WARNING", "module": "logger", "funcName": "_log", "lineno": 188, "event_type": "streaming_indicator_engine.data_anomalies_detected", "data": {"symbol": "ARIA_USDT", "timestamp": 1762076447.309999, "anomalies": ["stale_timestamp: 1762076447.309999 vs 1764665498.2732756"], "data_sample": {"price": 0.16708, "volume": 9.0}}}
{"timestamp": "2025-12-02T08:51:38.287787+00:00", "level": "WARNING", "module": "logger", "funcName": "_log", "lineno": 188, "event_type": "streaming_indicator_engine.data_anomalies_detected", "data": {"symbol": "ARIA_USDT", "timestamp": 1762076462.309999, "anomalies": ["stale_timestamp: 1762076462.309999 vs 1764665498.287787"], "data_sample": {"price": 0.16726, "volume": 10.0}}}
{"timestamp": "2025-12-02T08:51:38.302925+00:00", "level": "WARNING", "module": "logger", "funcName": "_log", "lineno": 188, "event_type": "streaming_indicator_engine.data_anomalies_detected", "data": {"symbol": "ARIA_USDT", "timestamp": 1762076476.308999, "anomalies": ["stale_timestamp: 1762076476.308999 vs 1764665498.3029253"], "data_sample": {"price": 0.16745, "volume": 9.0}}}
{"timestamp": "2025-12-02T08:51:38.318651+00:00", "level": "WARNING", "module": "logger", "funcName": "_log", "lineno": 188, "event_type": "streaming_indicator_engine.data_anomalies_detected", "data": {"symbol": "ARIA_USDT", "timestamp": 1762076490.311, "anomalies": ["stale_timestamp: 1762076490.311 vs 1764665498.318652"], "data_sample": {"price": 0.16766, "volume": 7.0}}}
{"timestamp": "2025-12-02T08:51:38.333750+00:00", "level": "WARNING", "module": "logger", "funcName": "_log", "lineno": 188, "event_type": "streaming_indicator_engine.data_anomalies_detected", "data": {"symbol": "ARIA_USDT", "timestamp": 1762076501.311, "anomalies": ["stale_timestamp: 1762076501.311 vs 1764665498.3337502"], "data_sample": {"price": 0.16763, "volume": 5.0}}}
{"timestamp": "2025-12-02T08:51:38.348922+00:00", "level": "WARNING", "module": "logger", "funcName": "_log", "lineno": 188, "event_type": "streaming_indicator_engine.data_anomalies_detected", "data": {"symbol": "ARIA_USDT", "timestamp": 1762076514.408999, "anomalies": ["stale_timestamp: 1762076514.408999 vs 1764665498.348922"], "data_sample": {"price": 0.16766, "volume": 10.0}}}
{"timestamp": "2025-12-02T08:51:38.364337+00:00", "level": "WARNING", "module": "logger", "funcName": "_log", "lineno": 188, "event_type": "streaming_indicator_engine.data_anomalies_detected", "data": {"symbol": "ARIA_USDT", "timestamp": 1762076520.311, "anomalies": ["stale_timestamp: 1762076520.311 vs 1764665498.364338"], "data_sample": {"price": 0.1677, "volume": 9.0}}}
{"timestamp": "2025-12-02T08:51:38.379367+00:00", "level": "WARNING", "module": "logger", "funcName": "_log", "lineno": 188, "event_type": "streaming_indicator_engine.data_anomalies_detected", "data": {"symbol": "ARIA_USDT", "timestamp": 1762076531.311, "anomalies": ["stale_timestamp: 1762076531.311 vs 1764665498.3793676"], "data_sample": {"price": 0.16778, "volume": 10.0}}}
{"timestamp": "2025-12-02T08:51:38.394597+00:00", "level": "WARNING", "module": "logger", "funcName": "_log", "lineno": 188, "event_type": "streaming_indicator_engine.data_anomalies_detected", "data": {"symbol": "ARIA_USDT", "timestamp": 1762076537.311, "anomalies": ["stale_timestamp: 1762076537.311 vs 1764665498.3945975"], "data_sample": {"price": 0.16777, "volume": 10.0}}}
{"timestamp": "2025-12-02T08:51:38.403460+00:00", "level": "INFO", "module": "logger", "funcName": "_log", "lineno": 188, "event_type": "strategy_manager.indicator_update_received", "data": {"symbol": "ARIA_USDT", "indicator_name": "5fc82998-9270-4b44-8312-f74ddd20a93d_20", "indicator_type": "", "value": -49.02812586896593, "active_strategies_for_symbol": true, "active_count": 3}}
{"timestamp": "2025-12-02T08:51:38.405967+00:00", "level": "WARNING", "module": "logger", "funcName": "_log", "lineno": 188, "event_type": "streaming_indicator_engine.data_anomalies_detected", "data": {"symbol": "ARIA_USDT", "timestamp": 1762076543.312, "anomalies": ["stale_timestamp: 1762076543.312 vs 1764665498.4054518"], "data_sample": {"price": 0.16765, "volume": 8.0}}}
{"timestamp": "2025-12-02T08:51:38.406983+00:00", "level": "WARNING", "module": "logger", "funcName": "_log", "lineno": 188, "event_type": "streaming_indicator_engine.data_anomalies_detected", "data": {"symbol": "ARIA_USDT", "timestamp": 1762076551.311, "anomalies": ["stale_timestamp: 1762076551.311 vs 1764665498.4069834"], "data_sample": {"price": 0.16776, "volume": 7.0}}}
{"timestamp": "2025-12-02T08:51:38.409516+00:00", "level": "WARNING", "module": "logger", "funcName": "_log", "lineno": 188, "event_type": "streaming_indicator_engine.data_anomalies_detected", "data": {"symbol": "ARIA_USDT", "timestamp": 1762076567.313999, "anomalies": ["stale_timestamp: 1762076567.313999 vs 1764665498.409516"], "data_sample": {"price": 0.16779, "volume": 4.0}}}
{"timestamp": "2025-12-02T08:51:38.411678+00:00", "level": "WARNING", "module": "logger", "funcName": "_log", "lineno": 188, "event_type": "streaming_indicator_engine.data_anomalies_detected", "data": {"symbol": "ARIA_USDT", "timestamp": 1762076582.312999, "anomalies": ["stale_timestamp: 1762076582.312999 vs 1764665498.4105194"], "data_sample": {"price": 0.16774, "volume": 4.0}}}
{"timestamp": "2025-12-02T08:51:38.412695+00:00", "level": "WARNING", "module": "logger", "funcName": "_log", "lineno": 188, "event_type": "streaming_indicator_engine.data_anomalies_detected", "data": {"symbol": "ARIA_USDT", "timestamp": 1762076595.309999, "anomalies": ["stale_timestamp: 1762076595.309999 vs 1764665498.412696"], "data_sample": {"price": 0.16776, "volume": 10.0}}}
{"timestamp": "2025-12-02T08:51:38.413936+00:00", "level": "INFO", "module": "logger", "funcName": "_log", "lineno": 188, "event_type": "strategy_manager.indicator_update_received", "data": {"symbol": "ARIA_USDT", "indicator_name": "5fc82998-9270-4b44-8312-f74ddd20a93d_20", "indicator_type": "", "value": -49.02812586896593, "active_strategies_for_symbol": true, "active_count": 3}}
{"timestamp": "2025-12-02T08:51:38.414949+00:00", "level": "WARNING", "module": "logger", "funcName": "_log", "lineno": 188, "event_type": "streaming_indicator_engine.data_anomalies_detected", "data": {"symbol": "ARIA_USDT", "timestamp": 1762076606.309999, "anomalies": ["stale_timestamp: 1762076606.309999 vs 1764665498.4149494"], "data_sample": {"price": 0.16772, "volume": 9.0}}}
{"timestamp": "2025-12-02T08:51:38.416949+00:00", "level": "WARNING", "module": "logger", "funcName": "_log", "lineno": 188, "event_type": "streaming_indicator_engine.data_anomalies_detected", "data": {"symbol": "ARIA_USDT", "timestamp": 1762076620.309999, "anomalies": ["stale_timestamp: 1762076620.309999 vs 1764665498.4169497"], "data_sample": {"price": 0.16764, "volume": 5.0}}}
{"timestamp": "2025-12-02T08:51:38.418463+00:00", "level": "WARNING", "module": "logger", "funcName": "_log", "lineno": 188, "event_type": "streaming_indicator_engine.data_anomalies_detected", "data": {"symbol": "ARIA_USDT", "timestamp": 1762076628.311, "anomalies": ["stale_timestamp: 1762076628.311 vs 1764665498.4184632"], "data_sample": {"price": 0.16761, "volume": 7.0}}}
{"timestamp": "2025-12-02T08:51:38.419478+00:00", "level": "WARNING", "module": "logger", "funcName": "_log", "lineno": 188, "event_type": "streaming_indicator_engine.data_anomalies_detected", "data": {"symbol": "ARIA_USDT", "timestamp": 1762076638.312999, "anomalies": ["stale_timestamp: 1762076638.312999 vs 1764665498.419479"], "data_sample": {"price": 0.16763, "volume": 10.0}}}
{"timestamp": "2025-12-02T08:51:38.421477+00:00", "level": "WARNING", "module": "logger", "funcName": "_log", "lineno": 188, "event_type": "streaming_indicator_engine.data_anomalies_detected", "data": {"symbol": "ARIA_USDT", "timestamp": 1762076647.309999, "anomalies": ["stale_timestamp: 1762076647.309999 vs 1764665498.421477"], "data_sample": {"price": 0.16762, "volume": 4.0}}}
{"timestamp": "2025-12-02T08:51:38.422563+00:00", "level": "WARNING", "module": "logger", "funcName": "_log", "lineno": 188, "event_type": "streaming_indicator_engine.data_anomalies_detected", "data": {"symbol": "ARIA_USDT", "timestamp": 1762076653.309999, "anomalies": ["stale_timestamp: 1762076653.309999 vs 1764665498.4225636"], "data_sample": {"price": 0.16761, "volume": 9.0}}}
{"timestamp": "2025-12-02T08:51:38.426483+00:00", "level": "INFO", "module": "logger", "funcName": "_log", "lineno": 188, "event_type": "strategy_manager.indicator_update_received", "data": {"symbol": "ARIA_USDT", "indicator_name": "11b8be00-eed3-48fe-b359-df47b297226c_20", "indicator_type": "", "value": -0.0015501287799288917, "active_strategies_for_symbol": true, "active_count": 3}}
{"timestamp": "2025-12-02T08:51:38.428476+00:00", "level": "WARNING", "module": "logger", "funcName": "_log", "lineno": 188, "event_type": "streaming_indicator_engine.data_anomalies_detected", "data": {"symbol": "ARIA_USDT", "timestamp": 1762076666.309999, "anomalies": ["stale_timestamp: 1762076666.309999 vs 1764665498.4274795"], "data_sample": {"price": 0.16763, "volume": 9.0}}}
{"timestamp": "2025-12-02T08:51:38.429083+00:00", "level": "WARNING", "module": "logger", "funcName": "_log", "lineno": 188, "event_type": "streaming_indicator_engine.data_anomalies_detected", "data": {"symbol": "ARIA_USDT", "timestamp": 1762076672.308999, "anomalies": ["stale_timestamp: 1762076672.308999 vs 1764665498.4290829"], "data_sample": {"price": 0.16762, "volume": 9.0}}}
{"timestamp": "2025-12-02T08:51:38.431176+00:00", "level": "WARNING", "module": "logger", "funcName": "_log", "lineno": 188, "event_type": "streaming_indicator_engine.data_anomalies_detected", "data": {"symbol": "ARIA_USDT", "timestamp": 1762076685.309999, "anomalies": ["stale_timestamp: 1762076685.309999 vs 1764665498.4311762"], "data_sample": {"price": 0.16732, "volume": 9.0}}}
{"timestamp": "2025-12-02T08:51:38.432088+00:00", "level": "WARNING", "module": "logger", "funcName": "_log", "lineno": 188, "event_type": "streaming_indicator_engine.data_anomalies_detected", "data": {"symbol": "ARIA_USDT", "timestamp": 1762076699.311, "anomalies": ["stale_timestamp: 1762076699.311 vs 1764665498.4320881"], "data_sample": {"price": 0.16737, "volume": 11.0}}}
{"timestamp": "2025-12-02T08:51:38.433130+00:00", "level": "WARNING", "module": "logger", "funcName": "_log", "lineno": 188, "event_type": "streaming_indicator_engine.data_anomalies_detected", "data": {"symbol": "ARIA_USDT", "timestamp": 1762076713.309999, "anomalies": ["stale_timestamp: 1762076713.309999 vs 1764665498.4331305"], "data_sample": {"price": 0.16735, "volume": 4.0}}}
{"timestamp": "2025-12-02T08:51:38.435185+00:00", "level": "WARNING", "module": "logger", "funcName": "_log", "lineno": 188, "event_type": "streaming_indicator_engine.data_anomalies_detected", "data": {"symbol": "ARIA_USDT", "timestamp": 1762076728.311, "anomalies": ["stale_timestamp: 1762076728.311 vs 1764665498.435185"], "data_sample": {"price": 0.16739, "volume": 9.0}}}
{"timestamp": "2025-12-02T08:51:38.436175+00:00", "level": "INFO", "module": "logger", "funcName": "_log", "lineno": 188, "event_type": "strategy_manager.indicator_update_received", "data": {"symbol": "ARIA_USDT", "indicator_name": "11b8be00-eed3-48fe-b359-df47b297226c_20", "indicator_type": "", "value": -0.0015501287799288917, "active_strategies_for_symbol": true, "active_count": 3}}
{"timestamp": "2025-12-02T08:51:38.437170+00:00", "level": "WARNING", "module": "logger", "funcName": "_log", "lineno": 188, "event_type": "streaming_indicator_engine.data_anomalies_detected", "data": {"symbol": "ARIA_USDT", "timestamp": 1762076734.308999, "anomalies": ["stale_timestamp: 1762076734.308999 vs 1764665498.4361758"], "data_sample": {"price": 0.16744, "volume": 9.0}}}
{"timestamp": "2025-12-02T08:51:38.437170+00:00", "level": "WARNING", "module": "logger", "funcName": "_log", "lineno": 188, "event_type": "streaming_indicator_engine.data_anomalies_detected", "data": {"symbol": "ARIA_USDT", "timestamp": 1762076750.309999, "anomalies": ["stale_timestamp: 1762076750.309999 vs 1764665498.4371703"], "data_sample": {"price": 0.16747, "volume": 10.0}}}
{"timestamp": "2025-12-02T08:51:38.438739+00:00", "level": "WARNING", "module": "logger", "funcName": "_log", "lineno": 188, "event_type": "streaming_indicator_engine.data_anomalies_detected", "data": {"symbol": "ARIA_USDT", "timestamp": 1762076759.311, "anomalies": ["stale_timestamp: 1762076759.311 vs 1764665498.4387398"], "data_sample": {"price": 0.16746, "volume": 10.0}}}
{"timestamp": "2025-12-02T08:51:38.442007+00:00", "level": "WARNING", "module": "logger", "funcName": "_log", "lineno": 188, "event_type": "streaming_indicator_engine.data_anomalies_detected", "data": {"symbol": "ARIA_USDT", "timestamp": 1762076767.309999, "anomalies": ["stale_timestamp: 1762076767.309999 vs 1764665498.440762"], "data_sample": {"price": 0.16742, "volume": 8.0}}}
{"timestamp": "2025-12-02T08:51:38.443027+00:00", "level": "WARNING", "module": "logger", "funcName": "_log", "lineno": 188, "event_type": "streaming_indicator_engine.data_anomalies_detected", "data": {"symbol": "ARIA_USDT", "timestamp": 1762076783.312, "anomalies": ["stale_timestamp: 1762076783.312 vs 1764665498.4430273"], "data_sample": {"price": 0.16745, "volume": 8.0}}}
{"timestamp": "2025-12-02T08:51:38.444033+00:00", "level": "WARNING", "module": "logger", "funcName": "_log", "lineno": 188, "event_type": "streaming_indicator_engine.data_anomalies_detected", "data": {"symbol": "ARIA_USDT", "timestamp": 1762076789.309999, "anomalies": ["stale_timestamp: 1762076789.309999 vs 1764665498.444033"], "data_sample": {"price": 0.16755, "volume": 9.0}}}
{"timestamp": "2025-12-02T08:51:38.447106+00:00", "level": "INFO", "module": "logger", "funcName": "_log", "lineno": 188, "event_type": "strategy_manager.indicator_update_received", "data": {"symbol": "ARIA_USDT", "indicator_name": "790d8eed-dc95-43ff-b625-1205d256154b_20", "indicator_type": "", "value": -3.9929611792443715e-05, "active_strategies_for_symbol": true, "active_count": 3}}
{"timestamp": "2025-12-02T08:51:38.448703+00:00", "level": "WARNING", "module": "logger", "funcName": "_log", "lineno": 188, "event_type": "streaming_indicator_engine.data_anomalies_detected", "data": {"symbol": "ARIA_USDT", "timestamp": 1762076803.311, "anomalies": ["stale_timestamp: 1762076803.311 vs 1764665498.4487038"], "data_sample": {"price": 0.16758, "volume": 10.0}}}
{"timestamp": "2025-12-02T08:51:38.449731+00:00", "level": "WARNING", "module": "logger", "funcName": "_log", "lineno": 188, "event_type": "streaming_indicator_engine.data_anomalies_detected", "data": {"symbol": "ARIA_USDT", "timestamp": 1762076816.308999, "anomalies": ["stale_timestamp: 1762076816.308999 vs 1764665498.4497316"], "data_sample": {"price": 0.16762, "volume": 9.0}}}
{"timestamp": "2025-12-02T08:51:38.450802+00:00", "level": "WARNING", "module": "logger", "funcName": "_log", "lineno": 188, "event_type": "streaming_indicator_engine.data_anomalies_detected", "data": {"symbol": "ARIA_USDT", "timestamp": 1762076825.312999, "anomalies": ["stale_timestamp: 1762076825.312999 vs 1764665498.450802"], "data_sample": {"price": 0.16751, "volume": 10.0}}}
{"timestamp": "2025-12-02T08:51:38.451821+00:00", "level": "WARNING", "module": "logger", "funcName": "_log", "lineno": 188, "event_type": "streaming_indicator_engine.data_anomalies_detected", "data": {"symbol": "ARIA_USDT", "timestamp": 1762076831.316999, "anomalies": ["stale_timestamp: 1762076831.316999 vs 1764665498.4518213"], "data_sample": {"price": 0.1674, "volume": 6.0}}}
{"timestamp": "2025-12-02T08:51:38.452813+00:00", "level": "WARNING", "module": "logger", "funcName": "_log", "lineno": 188, "event_type": "streaming_indicator_engine.data_anomalies_detected", "data": {"symbol": "ARIA_USDT", "timestamp": 1762076839.311, "anomalies": ["stale_timestamp: 1762076839.311 vs 1764665498.4528139"], "data_sample": {"price": 0.16741, "volume": 8.0}}}
{"timestamp": "2025-12-02T08:51:38.453818+00:00", "level": "WARNING", "module": "logger", "funcName": "_log", "lineno": 188, "event_type": "streaming_indicator_engine.data_anomalies_detected", "data": {"symbol": "ARIA_USDT", "timestamp": 1762076846.312, "anomalies": ["stale_timestamp: 1762076846.312 vs 1764665498.4538186"], "data_sample": {"price": 0.1674, "volume": 6.0}}}
{"timestamp": "2025-12-02T08:51:38.454803+00:00", "level": "INFO", "module": "logger", "funcName": "_log", "lineno": 188, "event_type": "strategy_manager.indicator_update_received", "data": {"symbol": "ARIA_USDT", "indicator_name": "790d8eed-dc95-43ff-b625-1205d256154b_20", "indicator_type": "", "value": -3.9929611792443715e-05, "active_strategies_for_symbol": true, "active_count": 3}}
{"timestamp": "2025-12-02T08:51:38.455824+00:00", "level": "WARNING", "module": "logger", "funcName": "_log", "lineno": 188, "event_type": "streaming_indicator_engine.data_anomalies_detected", "data": {"symbol": "ARIA_USDT", "timestamp": 1762076859.309999, "anomalies": ["stale_timestamp: 1762076859.309999 vs 1764665498.4558249"], "data_sample": {"price": 0.16723, "volume": 5.0}}}
{"timestamp": "2025-12-02T08:51:38.457725+00:00", "level": "WARNING", "module": "logger", "funcName": "_log", "lineno": 188, "event_type": "streaming_indicator_engine.data_anomalies_detected", "data": {"symbol": "ARIA_USDT", "timestamp": 1762076870.309999, "anomalies": ["stale_timestamp: 1762076870.309999 vs 1764665498.4568117"], "data_sample": {"price": 0.16724, "volume": 9.0}}}
{"timestamp": "2025-12-02T08:51:38.458716+00:00", "level": "WARNING", "module": "logger", "funcName": "_log", "lineno": 188, "event_type": "streaming_indicator_engine.data_anomalies_detected", "data": {"symbol": "ARIA_USDT", "timestamp": 1762076878.309999, "anomalies": ["stale_timestamp: 1762076878.309999 vs 1764665498.4587166"], "data_sample": {"price": 0.16731, "volume": 4.0}}}
{"timestamp": "2025-12-02T08:51:38.460092+00:00", "level": "WARNING", "module": "logger", "funcName": "_log", "lineno": 188, "event_type": "streaming_indicator_engine.data_anomalies_detected", "data": {"symbol": "ARIA_USDT", "timestamp": 1762076892.311, "anomalies": ["stale_timestamp: 1762076892.311 vs 1764665498.460092"], "data_sample": {"price": 0.16728, "volume": 9.0}}}
{"timestamp": "2025-12-02T08:51:38.462175+00:00", "level": "WARNING", "module": "logger", "funcName": "_log", "lineno": 188, "event_type": "streaming_indicator_engine.data_anomalies_detected", "data": {"symbol": "ARIA_USDT", "timestamp": 1762076900.309999, "anomalies": ["stale_timestamp: 1762076900.309999 vs 1764665498.4621754"], "data_sample": {"price": 0.16731, "volume": 7.0}}}
{"timestamp": "2025-12-02T08:51:38.463099+00:00", "level": "WARNING", "module": "logger", "funcName": "_log", "lineno": 188, "event_type": "streaming_indicator_engine.data_anomalies_detected", "data": {"symbol": "ARIA_USDT", "timestamp": 1762076915.308999, "anomalies": ["stale_timestamp: 1762076915.308999 vs 1764665498.4630988"], "data_sample": {"price": 0.16729, "volume": 4.0}}}
{"timestamp": "2025-12-02T08:51:38.488700+00:00", "level": "WARNING", "module": "logger", "funcName": "_log", "lineno": 188, "event_type": "streaming_indicator_engine.data_anomalies_detected", "data": {"symbol": "ARIA_USDT", "timestamp": 1762076929.309999, "anomalies": ["stale_timestamp: 1762076929.309999 vs 1764665498.4887002"], "data_sample": {"price": 0.16725, "volume": 11.0}}}
{"timestamp": "2025-12-02T08:51:38.504239+00:00", "level": "WARNING", "module": "logger", "funcName": "_log", "lineno": 188, "event_type": "streaming_indicator_engine.data_anomalies_detected", "data": {"symbol": "ARIA_USDT", "timestamp": 1762076940.312999, "anomalies": ["stale_timestamp: 1762076940.312999 vs 1764665498.504239"], "data_sample": {"price": 0.16733, "volume": 8.0}}}
{"timestamp": "2025-12-02T08:51:38.519534+00:00", "level": "WARNING", "module": "logger", "funcName": "_log", "lineno": 188, "event_type": "streaming_indicator_engine.data_anomalies_detected", "data": {"symbol": "ARIA_USDT", "timestamp": 1762076949.324999, "anomalies": ["stale_timestamp: 1762076949.324999 vs 1764665498.5195346"], "data_sample": {"price": 0.1673, "volume": 8.0}}}
{"timestamp": "2025-12-02T08:51:38.534840+00:00", "level": "WARNING", "module": "logger", "funcName": "_log", "lineno": 188, "event_type": "streaming_indicator_engine.data_anomalies_detected", "data": {"symbol": "ARIA_USDT", "timestamp": 1762076965.316, "anomalies": ["stale_timestamp: 1762076965.316 vs 1764665498.5348408"], "data_sample": {"price": 0.16729, "volume": 4.0}}}
{"timestamp": "2025-12-02T08:51:38.550006+00:00", "level": "WARNING", "module": "logger", "funcName": "_log", "lineno": 188, "event_type": "streaming_indicator_engine.data_anomalies_detected", "data": {"symbol": "ARIA_USDT", "timestamp": 1762076978.312, "anomalies": ["stale_timestamp: 1762076978.312 vs 1764665498.550006"], "data_sample": {"price": 0.1673, "volume": 9.0}}}
{"timestamp": "2025-12-02T08:51:38.565344+00:00", "level": "WARNING", "module": "logger", "funcName": "_log", "lineno": 188, "event_type": "streaming_indicator_engine.data_anomalies_detected", "data": {"symbol": "ARIA_USDT", "timestamp": 1762076990.315, "anomalies": ["stale_timestamp: 1762076990.315 vs 1764665498.565345"], "data_sample": {"price": 0.16733, "volume": 10.0}}}
{"timestamp": "2025-12-02T08:51:38.580802+00:00", "level": "WARNING", "module": "logger", "funcName": "_log", "lineno": 188, "event_type": "streaming_indicator_engine.data_anomalies_detected", "data": {"symbol": "ARIA_USDT", "timestamp": 1762076997.315, "anomalies": ["stale_timestamp: 1762076997.315 vs 1764665498.580803"], "data_sample": {"price": 0.16726, "volume": 12.0}}}
{"timestamp": "2025-12-02T08:51:38.596409+00:00", "level": "WARNING", "module": "logger", "funcName": "_log", "lineno": 188, "event_type": "streaming_indicator_engine.data_anomalies_detected", "data": {"symbol": "ARIA_USDT", "timestamp": 1762077007.309999, "anomalies": ["stale_timestamp: 1762077007.309999 vs 1764665498.5964096"], "data_sample": {"price": 0.16719, "volume": 4.0}}}
{"timestamp": "2025-12-02T08:51:38.611576+00:00", "level": "WARNING", "module": "logger", "funcName": "_log", "lineno": 188, "event_type": "streaming_indicator_engine.data_anomalies_detected", "data": {"symbol": "ARIA_USDT", "timestamp": 1762077018.309999, "anomalies": ["stale_timestamp: 1762077018.309999 vs 1764665498.6115766"], "data_sample": {"price": 0.16722, "volume": 8.0}}}
{"timestamp": "2025-12-02T08:51:38.626214+00:00", "level": "WARNING", "module": "logger", "funcName": "_log", "lineno": 188, "event_type": "streaming_indicator_engine.data_anomalies_detected", "data": {"symbol": "ARIA_USDT", "timestamp": 1762077025.309999, "anomalies": ["stale_timestamp: 1762077025.309999 vs 1764665498.6262145"], "data_sample": {"price": 0.16726, "volume": 5.0}}}
{"timestamp": "2025-12-02T08:51:38.641689+00:00", "level": "WARNING", "module": "logger", "funcName": "_log", "lineno": 188, "event_type": "streaming_indicator_engine.data_anomalies_detected", "data": {"symbol": "ARIA_USDT", "timestamp": 1762077033.311, "anomalies": ["stale_timestamp: 1762077033.311 vs 1764665498.6416893"], "data_sample": {"price": 0.16725, "volume": 4.0}}}
{"timestamp": "2025-12-02T08:51:38.658418+00:00", "level": "WARNING", "module": "logger", "funcName": "_log", "lineno": 188, "event_type": "streaming_indicator_engine.data_anomalies_detected", "data": {"symbol": "ARIA_USDT", "timestamp": 1762077042.309999, "anomalies": ["stale_timestamp: 1762077042.309999 vs 1764665498.6579044"], "data_sample": {"price": 0.16724, "volume": 4.0}}}
{"timestamp": "2025-12-02T08:51:38.672501+00:00", "level": "WARNING", "module": "logger", "funcName": "_log", "lineno": 188, "event_type": "streaming_indicator_engine.data_anomalies_detected", "data": {"symbol": "ARIA_USDT", "timestamp": 1762077051.309999, "anomalies": ["stale_timestamp: 1762077051.309999 vs 1764665498.6725018"], "data_sample": {"price": 0.16725, "volume": 4.0}}}
{"timestamp": "2025-12-02T08:51:38.688569+00:00", "level": "WARNING", "module": "logger", "funcName": "_log", "lineno": 188, "event_type": "streaming_indicator_engine.data_anomalies_detected", "data": {"symbol": "ARIA_USDT", "timestamp": 1762077057.312999, "anomalies": ["stale_timestamp: 1762077057.312999 vs 1764665498.6885698"], "data_sample": {"price": 0.16726, "volume": 3.0}}}
{"timestamp": "2025-12-02T08:51:38.704676+00:00", "level": "WARNING", "module": "logger", "funcName": "_log", "lineno": 188, "event_type": "streaming_indicator_engine.data_anomalies_detected", "data": {"symbol": "ARIA_USDT", "timestamp": 1762077067.316999, "anomalies": ["stale_timestamp: 1762077067.316999 vs 1764665498.7046769"], "data_sample": {"price": 0.16725, "volume": 8.0}}}
{"timestamp": "2025-12-02T08:51:38.720653+00:00", "level": "WARNING", "module": "logger", "funcName": "_log", "lineno": 188, "event_type": "streaming_indicator_engine.data_anomalies_detected", "data": {"symbol": "ARIA_USDT", "timestamp": 1762077081.308, "anomalies": ["stale_timestamp: 1762077081.308 vs 1764665498.7206538"], "data_sample": {"price": 0.16714, "volume": 6.0}}}
{"timestamp": "2025-12-02T08:51:38.751737+00:00", "level": "WARNING", "module": "logger", "funcName": "_log", "lineno": 188, "event_type": "streaming_indicator_engine.data_anomalies_detected", "data": {"symbol": "ARIA_USDT", "timestamp": 1762077089.311, "anomalies": ["stale_timestamp: 1762077089.311 vs 1764665498.7517374"], "data_sample": {"price": 0.16711, "volume": 4.0}}}
{"timestamp": "2025-12-02T08:51:38.767263+00:00", "level": "WARNING", "module": "logger", "funcName": "_log", "lineno": 188, "event_type": "streaming_indicator_engine.data_anomalies_detected", "data": {"symbol": "ARIA_USDT", "timestamp": 1762077098.311, "anomalies": ["stale_timestamp: 1762077098.311 vs 1764665498.767263"], "data_sample": {"price": 0.16702, "volume": 4.0}}}
{"timestamp": "2025-12-02T08:51:38.782570+00:00", "level": "WARNING", "module": "logger", "funcName": "_log", "lineno": 188, "event_type": "streaming_indicator_engine.data_anomalies_detected", "data": {"symbol": "ARIA_USDT", "timestamp": 1762077107.335, "anomalies": ["stale_timestamp: 1762077107.335 vs 1764665498.78257"], "data_sample": {"price": 0.167, "volume": 26.0}}}
{"timestamp": "2025-12-02T08:51:38.798348+00:00", "level": "WARNING", "module": "logger", "funcName": "_log", "lineno": 188, "event_type": "streaming_indicator_engine.data_anomalies_detected", "data": {"symbol": "ARIA_USDT", "timestamp": 1762077121.309999, "anomalies": ["stale_timestamp: 1762077121.309999 vs 1764665498.798349"], "data_sample": {"price": 0.16704, "volume": 8.0}}}
{"timestamp": "2025-12-02T08:51:38.813491+00:00", "level": "WARNING", "module": "logger", "funcName": "_log", "lineno": 188, "event_type": "streaming_indicator_engine.data_anomalies_detected", "data": {"symbol": "ARIA_USDT", "timestamp": 1762077123.420999, "anomalies": ["stale_timestamp: 1762077123.420999 vs 1764665498.813491"], "data_sample": {"price": 0.167, "volume": 59.0}}}
{"timestamp": "2025-12-02T08:51:38.828529+00:00", "level": "WARNING", "module": "logger", "funcName": "_log", "lineno": 188, "event_type": "streaming_indicator_engine.data_anomalies_detected", "data": {"symbol": "ARIA_USDT", "timestamp": 1762077139.311, "anomalies": ["stale_timestamp: 1762077139.311 vs 1764665498.8285298"], "data_sample": {"price": 0.16703, "volume": 5.0}}}
{"timestamp": "2025-12-02T08:51:38.843180+00:00", "level": "WARNING", "module": "logger", "funcName": "_log", "lineno": 188, "event_type": "streaming_indicator_engine.data_anomalies_detected", "data": {"symbol": "ARIA_USDT", "timestamp": 1762077152.308999, "anomalies": ["stale_timestamp: 1762077152.308999 vs 1764665498.84318"], "data_sample": {"price": 0.16708, "volume": 9.0}}}
{"timestamp": "2025-12-02T08:51:38.858984+00:00", "level": "WARNING", "module": "logger", "funcName": "_log", "lineno": 188, "event_type": "streaming_indicator_engine.data_anomalies_detected", "data": {"symbol": "ARIA_USDT", "timestamp": 1762077163.309999, "anomalies": ["stale_timestamp: 1762077163.309999 vs 1764665498.8589842"], "data_sample": {"price": 0.16713, "volume": 11.0}}}
{"timestamp": "2025-12-02T08:51:38.873802+00:00", "level": "WARNING", "module": "logger", "funcName": "_log", "lineno": 188, "event_type": "streaming_indicator_engine.data_anomalies_detected", "data": {"symbol": "ARIA_USDT", "timestamp": 1762077172.309999, "anomalies": ["stale_timestamp: 1762077172.309999 vs 1764665498.8738022"], "data_sample": {"price": 0.16706, "volume": 12.0}}}
{"timestamp": "2025-12-02T08:51:38.889229+00:00", "level": "WARNING", "module": "logger", "funcName": "_log", "lineno": 188, "event_type": "streaming_indicator_engine.data_anomalies_detected", "data": {"symbol": "ARIA_USDT", "timestamp": 1762077187.312999, "anomalies": ["stale_timestamp: 1762077187.312999 vs 1764665498.8892298"], "data_sample": {"price": 0.16705, "volume": 4.0}}}
{"timestamp": "2025-12-02T08:51:38.904029+00:00", "level": "WARNING", "module": "logger", "funcName": "_log", "lineno": 188, "event_type": "streaming_indicator_engine.data_anomalies_detected", "data": {"symbol": "ARIA_USDT", "timestamp": 1762077203.309999, "anomalies": ["stale_timestamp: 1762077203.309999 vs 1764665498.904029"], "data_sample": {"price": 0.16703, "volume": 6.0}}}
{"timestamp": "2025-12-02T08:51:38.919793+00:00", "level": "WARNING", "module": "logger", "funcName": "_log", "lineno": 188, "event_type": "streaming_indicator_engine.data_anomalies_detected", "data": {"symbol": "ARIA_USDT", "timestamp": 1762077211.312, "anomalies": ["stale_timestamp: 1762077211.312 vs 1764665498.9197936"], "data_sample": {"price": 0.16707, "volume": 9.0}}}
{"timestamp": "2025-12-02T08:51:38.934779+00:00", "level": "WARNING", "module": "logger", "funcName": "_log", "lineno": 188, "event_type": "streaming_indicator_engine.data_anomalies_detected", "data": {"symbol": "ARIA_USDT", "timestamp": 1762077227.312999, "anomalies": ["stale_timestamp: 1762077227.312999 vs 1764665498.9347792"], "data_sample": {"price": 0.16704, "volume": 4.0}}}
{"timestamp": "2025-12-02T08:51:38.950240+00:00", "level": "WARNING", "module": "logger", "funcName": "_log", "lineno": 188, "event_type": "streaming_indicator_engine.data_anomalies_detected", "data": {"symbol": "ARIA_USDT", "timestamp": 1762077234.308999, "anomalies": ["stale_timestamp: 1762077234.308999 vs 1764665498.950241"], "data_sample": {"price": 0.16708, "volume": 8.0}}}
{"timestamp": "2025-12-02T08:51:38.966038+00:00", "level": "WARNING", "module": "logger", "funcName": "_log", "lineno": 188, "event_type": "streaming_indicator_engine.data_anomalies_detected", "data": {"symbol": "ARIA_USDT", "timestamp": 1762077247.312999, "anomalies": ["stale_timestamp: 1762077247.312999 vs 1764665498.9650455"], "data_sample": {"price": 0.16705, "volume": 7.0}}}
{"timestamp": "2025-12-02T08:51:38.980485+00:00", "level": "WARNING", "module": "logger", "funcName": "_log", "lineno": 188, "event_type": "streaming_indicator_engine.data_anomalies_detected", "data": {"symbol": "ARIA_USDT", "timestamp": 1762077263.309999, "anomalies": ["stale_timestamp: 1762077263.309999 vs 1764665498.980486"], "data_sample": {"price": 0.16704, "volume": 7.0}}}
{"timestamp": "2025-12-02T08:51:38.995125+00:00", "level": "WARNING", "module": "logger", "funcName": "_log", "lineno": 188, "event_type": "streaming_indicator_engine.data_anomalies_detected", "data": {"symbol": "ARIA_USDT", "timestamp": 1762077274.309999, "anomalies": ["stale_timestamp: 1762077274.309999 vs 1764665498.995125"], "data_sample": {"price": 0.16709, "volume": 4.0}}}
{"timestamp": "2025-12-02T08:51:39.010579+00:00", "level": "WARNING", "module": "logger", "funcName": "_log", "lineno": 188, "event_type": "streaming_indicator_engine.data_anomalies_detected", "data": {"symbol": "ARIA_USDT", "timestamp": 1762077281.311, "anomalies": ["stale_timestamp: 1762077281.311 vs 1764665499.0105793"], "data_sample": {"price": 0.16713, "volume": 12.0}}}
{"timestamp": "2025-12-02T08:51:39.026246+00:00", "level": "WARNING", "module": "logger", "funcName": "_log", "lineno": 188, "event_type": "streaming_indicator_engine.data_anomalies_detected", "data": {"symbol": "ARIA_USDT", "timestamp": 1762077290.312, "anomalies": ["stale_timestamp: 1762077290.312 vs 1764665499.0262463"], "data_sample": {"price": 0.16709, "volume": 8.0}}}
{"timestamp": "2025-12-02T08:51:39.042547+00:00", "level": "WARNING", "module": "logger", "funcName": "_log", "lineno": 188, "event_type": "streaming_indicator_engine.data_anomalies_detected", "data": {"symbol": "ARIA_USDT", "timestamp": 1762077299.312, "anomalies": ["stale_timestamp: 1762077299.312 vs 1764665499.0416303"], "data_sample": {"price": 0.16706, "volume": 8.0}}}
{"timestamp": "2025-12-02T08:51:39.057243+00:00", "level": "WARNING", "module": "logger", "funcName": "_log", "lineno": 188, "event_type": "streaming_indicator_engine.data_anomalies_detected", "data": {"symbol": "ARIA_USDT", "timestamp": 1762077309.309999, "anomalies": ["stale_timestamp: 1762077309.309999 vs 1764665499.0572433"], "data_sample": {"price": 0.16705, "volume": 6.0}}}
{"timestamp": "2025-12-02T08:51:39.060963+00:00", "level": "WARNING", "module": "logger", "funcName": "_log", "lineno": 188, "event_type": "streaming_indicator_engine.data_anomalies_detected", "data": {"symbol": "ARIA_USDT", "timestamp": 1762077318.312, "anomalies": ["stale_timestamp: 1762077318.312 vs 1764665499.0609632"], "data_sample": {"price": 0.16706, "volume": 9.0}}}
{"timestamp": "2025-12-02T08:51:39.088397+00:00", "level": "WARNING", "module": "logger", "funcName": "_log", "lineno": 188, "event_type": "streaming_indicator_engine.data_anomalies_detected", "data": {"symbol": "ARIA_USDT", "timestamp": 1762077324.309999, "anomalies": ["stale_timestamp: 1762077324.309999 vs 1764665499.0883977"], "data_sample": {"price": 0.1671, "volume": 5.0}}}
{"timestamp": "2025-12-02T08:51:39.103474+00:00", "level": "WARNING", "module": "logger", "funcName": "_log", "lineno": 188, "event_type": "streaming_indicator_engine.data_anomalies_detected", "data": {"symbol": "ARIA_USDT", "timestamp": 1762077335.309999, "anomalies": ["stale_timestamp: 1762077335.309999 vs 1764665499.1034744"], "data_sample": {"price": 0.16709, "volume": 4.0}}}
{"timestamp": "2025-12-02T08:51:39.118657+00:00", "level": "WARNING", "module": "logger", "funcName": "_log", "lineno": 188, "event_type": "streaming_indicator_engine.data_anomalies_detected", "data": {"symbol": "ARIA_USDT", "timestamp": 1762077351.309999, "anomalies": ["stale_timestamp: 1762077351.309999 vs 1764665499.1186574"], "data_sample": {"price": 0.1671, "volume": 3.0}}}
{"timestamp": "2025-12-02T08:51:39.133518+00:00", "level": "WARNING", "module": "logger", "funcName": "_log", "lineno": 188, "event_type": "streaming_indicator_engine.data_anomalies_detected", "data": {"symbol": "ARIA_USDT", "timestamp": 1762077362.309999, "anomalies": ["stale_timestamp: 1762077362.309999 vs 1764665499.133519"], "data_sample": {"price": 0.16716, "volume": 5.0}}}
{"timestamp": "2025-12-02T08:51:39.149517+00:00", "level": "WARNING", "module": "logger", "funcName": "_log", "lineno": 188, "event_type": "streaming_indicator_engine.data_anomalies_detected", "data": {"symbol": "ARIA_USDT", "timestamp": 1762077376.309999, "anomalies": ["stale_timestamp: 1762077376.309999 vs 1764665499.1495173"], "data_sample": {"price": 0.16724, "volume": 11.0}}}
{"timestamp": "2025-12-02T08:51:39.164815+00:00", "level": "WARNING", "module": "logger", "funcName": "_log", "lineno": 188, "event_type": "streaming_indicator_engine.data_anomalies_detected", "data": {"symbol": "ARIA_USDT", "timestamp": 1762077387.309999, "anomalies": ["stale_timestamp: 1762077387.309999 vs 1764665499.1648152"], "data_sample": {"price": 0.16726, "volume": 11.0}}}
{"timestamp": "2025-12-02T08:51:39.179643+00:00", "level": "WARNING", "module": "logger", "funcName": "_log", "lineno": 188, "event_type": "streaming_indicator_engine.data_anomalies_detected", "data": {"symbol": "ARIA_USDT", "timestamp": 1762077395.309999, "anomalies": ["stale_timestamp: 1762077395.309999 vs 1764665499.1796436"], "data_sample": {"price": 0.16728, "volume": 3.0}}}
{"timestamp": "2025-12-02T08:51:39.195683+00:00", "level": "WARNING", "module": "logger", "funcName": "_log", "lineno": 188, "event_type": "streaming_indicator_engine.data_anomalies_detected", "data": {"symbol": "ARIA_USDT", "timestamp": 1762077402.309999, "anomalies": ["stale_timestamp: 1762077402.309999 vs 1764665499.1956832"], "data_sample": {"price": 0.1673, "volume": 10.0}}}
{"timestamp": "2025-12-02T08:51:39.210975+00:00", "level": "WARNING", "module": "logger", "funcName": "_log", "lineno": 188, "event_type": "streaming_indicator_engine.data_anomalies_detected", "data": {"symbol": "ARIA_USDT", "timestamp": 1762077412.311, "anomalies": ["stale_timestamp: 1762077412.311 vs 1764665499.2109752"], "data_sample": {"price": 0.16729, "volume": 7.0}}}
{"timestamp": "2025-12-02T08:51:39.215976+00:00", "level": "INFO", "module": "logger", "funcName": "_log", "lineno": 188, "event_type": "strategy_manager.indicator_update_received", "data": {"symbol": "ARIA_USDT", "indicator_name": "611fad91-045d-408b-8822-f43428935033_20", "indicator_type": "", "value": 0.002153606871483791, "active_strategies_for_symbol": true, "active_count": 3}}
{"timestamp": "2025-12-02T08:51:39.216963+00:00", "level": "WARNING", "module": "logger", "funcName": "_log", "lineno": 188, "event_type": "streaming_indicator_engine.data_anomalies_detected", "data": {"symbol": "ARIA_USDT", "timestamp": 1762077421.309999, "anomalies": ["stale_timestamp: 1762077421.309999 vs 1764665499.2169635"], "data_sample": {"price": 0.16727, "volume": 4.0}}}
{"timestamp": "2025-12-02T08:51:39.218514+00:00", "level": "INFO", "module": "logger", "funcName": "_log", "lineno": 188, "event_type": "strategy_manager.indicator_update_received", "data": {"symbol": "ARIA_USDT", "indicator_name": "611fad91-045d-408b-8822-f43428935033_20", "indicator_type": "", "value": 0.002153606871483791, "active_strategies_for_symbol": true, "active_count": 3}}
{"timestamp": "2025-12-02T08:51:39.221623+00:00", "level": "WARNING", "module": "logger", "funcName": "_log", "lineno": 188, "event_type": "streaming_indicator_engine.data_anomalies_detected", "data": {"symbol": "ARIA_USDT", "timestamp": 1762076372.312999, "anomalies": ["stale_timestamp: 1762076372.312999 vs 1764665499.2216232"], "data_sample": {"price": 0.1671, "volume": 3.0}}}
{"timestamp": "2025-12-02T08:51:39.242606+00:00", "level": "WARNING", "module": "logger", "funcName": "_log", "lineno": 188, "event_type": "streaming_indicator_engine.data_anomalies_detected", "data": {"symbol": "ARIA_USDT", "timestamp": 1762076381.309999, "anomalies": ["stale_timestamp: 1762076381.309999 vs 1764665499.2416124"], "data_sample": {"price": 0.16715, "volume": 8.0}}}
{"timestamp": "2025-12-02T08:51:39.258814+00:00", "level": "WARNING", "module": "logger", "funcName": "_log", "lineno": 188, "event_type": "streaming_indicator_engine.data_anomalies_detected", "data": {"symbol": "ARIA_USDT", "timestamp": 1762076388.311, "anomalies": ["stale_timestamp: 1762076388.311 vs 1764665499.2583022"], "data_sample": {"price": 0.16714, "volume": 9.0}}}
{"timestamp": "2025-12-02T08:51:39.272459+00:00", "level": "WARNING", "module": "logger", "funcName": "_log", "lineno": 188, "event_type": "streaming_indicator_engine.data_anomalies_detected", "data": {"symbol": "ARIA_USDT", "timestamp": 1762076401.309999, "anomalies": ["stale_timestamp: 1762076401.309999 vs 1764665499.2724595"], "data_sample": {"price": 0.16717, "volume": 7.0}}}
{"timestamp": "2025-12-02T08:51:39.288832+00:00", "level": "WARNING", "module": "logger", "funcName": "_log", "lineno": 188, "event_type": "streaming_indicator_engine.data_anomalies_detected", "data": {"symbol": "ARIA_USDT", "timestamp": 1762076408.312, "anomalies": ["stale_timestamp: 1762076408.312 vs 1764665499.288322"], "data_sample": {"price": 0.16713, "volume": 3.0}}}
{"timestamp": "2025-12-02T08:51:39.303657+00:00", "level": "WARNING", "module": "logger", "funcName": "_log", "lineno": 188, "event_type": "streaming_indicator_engine.data_anomalies_detected", "data": {"symbol": "ARIA_USDT", "timestamp": 1762076417.311, "anomalies": ["stale_timestamp: 1762076417.311 vs 1764665499.3036573"], "data_sample": {"price": 0.16708, "volume": 3.0}}}
{"timestamp": "2025-12-02T08:51:39.318554+00:00", "level": "WARNING", "module": "logger", "funcName": "_log", "lineno": 188, "event_type": "streaming_indicator_engine.data_anomalies_detected", "data": {"symbol": "ARIA_USDT", "timestamp": 1762076427.308999, "anomalies": ["stale_timestamp: 1762076427.308999 vs 1764665499.3185546"], "data_sample": {"price": 0.16707, "volume": 12.0}}}
{"timestamp": "2025-12-02T08:51:39.334405+00:00", "level": "WARNING", "module": "logger", "funcName": "_log", "lineno": 188, "event_type": "streaming_indicator_engine.data_anomalies_detected", "data": {"symbol": "ARIA_USDT", "timestamp": 1762076435.309999, "anomalies": ["stale_timestamp: 1762076435.309999 vs 1764665499.3344054"], "data_sample": {"price": 0.1671, "volume": 4.0}}}
{"timestamp": "2025-12-02T08:51:39.349672+00:00", "level": "WARNING", "module": "logger", "funcName": "_log", "lineno": 188, "event_type": "streaming_indicator_engine.data_anomalies_detected", "data": {"symbol": "ARIA_USDT", "timestamp": 1762076447.309999, "anomalies": ["stale_timestamp: 1762076447.309999 vs 1764665499.3496728"], "data_sample": {"price": 0.16708, "volume": 9.0}}}
{"timestamp": "2025-12-02T08:51:39.365257+00:00", "level": "WARNING", "module": "logger", "funcName": "_log", "lineno": 188, "event_type": "streaming_indicator_engine.data_anomalies_detected", "data": {"symbol": "ARIA_USDT", "timestamp": 1762076462.309999, "anomalies": ["stale_timestamp: 1762076462.309999 vs 1764665499.3652573"], "data_sample": {"price": 0.16726, "volume": 10.0}}}
{"timestamp": "2025-12-02T08:51:39.380771+00:00", "level": "WARNING", "module": "logger", "funcName": "_log", "lineno": 188, "event_type": "streaming_indicator_engine.data_anomalies_detected", "data": {"symbol": "ARIA_USDT", "timestamp": 1762076476.308999, "anomalies": ["stale_timestamp: 1762076476.308999 vs 1764665499.3807716"], "data_sample": {"price": 0.16745, "volume": 9.0}}}
{"timestamp": "2025-12-02T08:51:39.396153+00:00", "level": "WARNING", "module": "logger", "funcName": "_log", "lineno": 188, "event_type": "streaming_indicator_engine.data_anomalies_detected", "data": {"symbol": "ARIA_USDT", "timestamp": 1762076490.311, "anomalies": ["stale_timestamp: 1762076490.311 vs 1764665499.396154"], "data_sample": {"price": 0.16766, "volume": 7.0}}}
{"timestamp": "2025-12-02T08:51:39.412018+00:00", "level": "WARNING", "module": "logger", "funcName": "_log", "lineno": 188, "event_type": "streaming_indicator_engine.data_anomalies_detected", "data": {"symbol": "ARIA_USDT", "timestamp": 1762076501.311, "anomalies": ["stale_timestamp: 1762076501.311 vs 1764665499.4120185"], "data_sample": {"price": 0.16763, "volume": 5.0}}}
{"timestamp": "2025-12-02T08:51:39.427162+00:00", "level": "WARNING", "module": "logger", "funcName": "_log", "lineno": 188, "event_type": "streaming_indicator_engine.data_anomalies_detected", "data": {"symbol": "ARIA_USDT", "timestamp": 1762076514.408999, "anomalies": ["stale_timestamp: 1762076514.408999 vs 1764665499.4271624"], "data_sample": {"price": 0.16766, "volume": 10.0}}}
{"timestamp": "2025-12-02T08:51:39.442442+00:00", "level": "WARNING", "module": "logger", "funcName": "_log", "lineno": 188, "event_type": "streaming_indicator_engine.data_anomalies_detected", "data": {"symbol": "ARIA_USDT", "timestamp": 1762076520.311, "anomalies": ["stale_timestamp: 1762076520.311 vs 1764665499.442442"], "data_sample": {"price": 0.1677, "volume": 9.0}}}
{"timestamp": "2025-12-02T08:51:39.458972+00:00", "level": "WARNING", "module": "logger", "funcName": "_log", "lineno": 188, "event_type": "streaming_indicator_engine.data_anomalies_detected", "data": {"symbol": "ARIA_USDT", "timestamp": 1762076531.311, "anomalies": ["stale_timestamp: 1762076531.311 vs 1764665499.4589727"], "data_sample": {"price": 0.16778, "volume": 10.0}}}
{"timestamp": "2025-12-02T08:51:39.474115+00:00", "level": "WARNING", "module": "logger", "funcName": "_log", "lineno": 188, "event_type": "streaming_indicator_engine.data_anomalies_detected", "data": {"symbol": "ARIA_USDT", "timestamp": 1762076537.311, "anomalies": ["stale_timestamp: 1762076537.311 vs 1764665499.4741151"], "data_sample": {"price": 0.16777, "volume": 10.0}}}
{"timestamp": "2025-12-02T08:51:39.478776+00:00", "level": "INFO", "module": "logger", "funcName": "_log", "lineno": 188, "event_type": "strategy_manager.indicator_update_received", "data": {"symbol": "ARIA_USDT", "indicator_name": "5fc82998-9270-4b44-8312-f74ddd20a93d_20", "indicator_type": "", "value": -49.02812586896593, "active_strategies_for_symbol": true, "active_count": 3}}
{"timestamp": "2025-12-02T08:51:39.478776+00:00", "level": "WARNING", "module": "logger", "funcName": "_log", "lineno": 188, "event_type": "streaming_indicator_engine.data_anomalies_detected", "data": {"symbol": "ARIA_USDT", "timestamp": 1762076543.312, "anomalies": ["stale_timestamp: 1762076543.312 vs 1764665499.4787762"], "data_sample": {"price": 0.16765, "volume": 8.0}}}
{"timestamp": "2025-12-02T08:51:39.479874+00:00", "level": "WARNING", "module": "logger", "funcName": "_log", "lineno": 188, "event_type": "streaming_indicator_engine.data_anomalies_detected", "data": {"symbol": "ARIA_USDT", "timestamp": 1762076551.311, "anomalies": ["stale_timestamp: 1762076551.311 vs 1764665499.4798741"], "data_sample": {"price": 0.16776, "volume": 7.0}}}
{"timestamp": "2025-12-02T08:51:39.480867+00:00", "level": "WARNING", "module": "logger", "funcName": "_log", "lineno": 188, "event_type": "streaming_indicator_engine.data_anomalies_detected", "data": {"symbol": "ARIA_USDT", "timestamp": 1762076567.313999, "anomalies": ["stale_timestamp: 1762076567.313999 vs 1764665499.4798741"], "data_sample": {"price": 0.16779, "volume": 4.0}}}
{"timestamp": "2025-12-02T08:51:39.480867+00:00", "level": "WARNING", "module": "logger", "funcName": "_log", "lineno": 188, "event_type": "streaming_indicator_engine.data_anomalies_detected", "data": {"symbol": "ARIA_USDT", "timestamp": 1762076582.312999, "anomalies": ["stale_timestamp: 1762076582.312999 vs 1764665499.4808676"], "data_sample": {"price": 0.16774, "volume": 4.0}}}
{"timestamp": "2025-12-02T08:51:39.480867+00:00", "level": "WARNING", "module": "logger", "funcName": "_log", "lineno": 188, "event_type": "streaming_indicator_engine.data_anomalies_detected", "data": {"symbol": "ARIA_USDT", "timestamp": 1762076595.309999, "anomalies": ["stale_timestamp: 1762076595.309999 vs 1764665499.4808676"], "data_sample": {"price": 0.16776, "volume": 10.0}}}
{"timestamp": "2025-12-02T08:51:39.481873+00:00", "level": "INFO", "module": "logger", "funcName": "_log", "lineno": 188, "event_type": "strategy_manager.indicator_update_received", "data": {"symbol": "ARIA_USDT", "indicator_name": "5fc82998-9270-4b44-8312-f74ddd20a93d_20", "indicator_type": "", "value": -49.02812586896593, "active_strategies_for_symbol": true, "active_count": 3}}
{"timestamp": "2025-12-02T08:51:39.481873+00:00", "level": "WARNING", "module": "logger", "funcName": "_log", "lineno": 188, "event_type": "streaming_indicator_engine.data_anomalies_detected", "data": {"symbol": "ARIA_USDT", "timestamp": 1762076606.309999, "anomalies": ["stale_timestamp: 1762076606.309999 vs 1764665499.481874"], "data_sample": {"price": 0.16772, "volume": 9.0}}}
{"timestamp": "2025-12-02T08:51:39.482802+00:00", "level": "WARNING", "module": "logger", "funcName": "_log", "lineno": 188, "event_type": "streaming_indicator_engine.data_anomalies_detected", "data": {"symbol": "ARIA_USDT", "timestamp": 1762076620.309999, "anomalies": ["stale_timestamp: 1762076620.309999 vs 1764665499.482802"], "data_sample": {"price": 0.16764, "volume": 5.0}}}
{"timestamp": "2025-12-02T08:51:39.482802+00:00", "level": "WARNING", "module": "logger", "funcName": "_log", "lineno": 188, "event_type": "streaming_indicator_engine.data_anomalies_detected", "data": {"symbol": "ARIA_USDT", "timestamp": 1762076628.311, "anomalies": ["stale_timestamp: 1762076628.311 vs 1764665499.482802"], "data_sample": {"price": 0.16761, "volume": 7.0}}}
{"timestamp": "2025-12-02T08:51:39.483790+00:00", "level": "WARNING", "module": "logger", "funcName": "_log", "lineno": 188, "event_type": "streaming_indicator_engine.data_anomalies_detected", "data": {"symbol": "ARIA_USDT", "timestamp": 1762076638.312999, "anomalies": ["stale_timestamp: 1762076638.312999 vs 1764665499.4837902"], "data_sample": {"price": 0.16763, "volume": 10.0}}}
{"timestamp": "2025-12-02T08:51:39.483790+00:00", "level": "WARNING", "module": "logger", "funcName": "_log", "lineno": 188, "event_type": "streaming_indicator_engine.data_anomalies_detected", "data": {"symbol": "ARIA_USDT", "timestamp": 1762076647.309999, "anomalies": ["stale_timestamp: 1762076647.309999 vs 1764665499.4837902"], "data_sample": {"price": 0.16762, "volume": 4.0}}}
{"timestamp": "2025-12-02T08:51:39.484784+00:00", "level": "WARNING", "module": "logger", "funcName": "_log", "lineno": 188, "event_type": "streaming_indicator_engine.data_anomalies_detected", "data": {"symbol": "ARIA_USDT", "timestamp": 1762076653.309999, "anomalies": ["stale_timestamp: 1762076653.309999 vs 1764665499.4847841"], "data_sample": {"price": 0.16761, "volume": 9.0}}}
{"timestamp": "2025-12-02T08:51:39.487022+00:00", "level": "INFO", "module": "logger", "funcName": "_log", "lineno": 188, "event_type": "strategy_manager.indicator_update_received", "data": {"symbol": "ARIA_USDT", "indicator_name": "11b8be00-eed3-48fe-b359-df47b297226c_20", "indicator_type": "", "value": -0.0015501287799288917, "active_strategies_for_symbol": true, "active_count": 3}}
{"timestamp": "2025-12-02T08:51:39.488544+00:00", "level": "WARNING", "module": "logger", "funcName": "_log", "lineno": 188, "event_type": "streaming_indicator_engine.data_anomalies_detected", "data": {"symbol": "ARIA_USDT", "timestamp": 1762076666.309999, "anomalies": ["stale_timestamp: 1762076666.309999 vs 1764665499.488544"], "data_sample": {"price": 0.16763, "volume": 9.0}}}
{"timestamp": "2025-12-02T08:51:39.490557+00:00", "level": "WARNING", "module": "logger", "funcName": "_log", "lineno": 188, "event_type": "streaming_indicator_engine.data_anomalies_detected", "data": {"symbol": "ARIA_USDT", "timestamp": 1762076672.308999, "anomalies": ["stale_timestamp: 1762076672.308999 vs 1764665499.4905572"], "data_sample": {"price": 0.16762, "volume": 9.0}}}
{"timestamp": "2025-12-02T08:51:39.492576+00:00", "level": "WARNING", "module": "logger", "funcName": "_log", "lineno": 188, "event_type": "streaming_indicator_engine.data_anomalies_detected", "data": {"symbol": "ARIA_USDT", "timestamp": 1762076685.309999, "anomalies": ["stale_timestamp: 1762076685.309999 vs 1764665499.4925768"], "data_sample": {"price": 0.16732, "volume": 9.0}}}
{"timestamp": "2025-12-02T08:51:39.493567+00:00", "level": "WARNING", "module": "logger", "funcName": "_log", "lineno": 188, "event_type": "streaming_indicator_engine.data_anomalies_detected", "data": {"symbol": "ARIA_USDT", "timestamp": 1762076699.311, "anomalies": ["stale_timestamp: 1762076699.311 vs 1764665499.493568"], "data_sample": {"price": 0.16737, "volume": 11.0}}}
{"timestamp": "2025-12-02T08:51:39.494567+00:00", "level": "WARNING", "module": "logger", "funcName": "_log", "lineno": 188, "event_type": "streaming_indicator_engine.data_anomalies_detected", "data": {"symbol": "ARIA_USDT", "timestamp": 1762076713.309999, "anomalies": ["stale_timestamp: 1762076713.309999 vs 1764665499.494567"], "data_sample": {"price": 0.16735, "volume": 4.0}}}
{"timestamp": "2025-12-02T08:51:39.494567+00:00", "level": "WARNING", "module": "logger", "funcName": "_log", "lineno": 188, "event_type": "streaming_indicator_engine.data_anomalies_detected", "data": {"symbol": "ARIA_USDT", "timestamp": 1762076728.311, "anomalies": ["stale_timestamp: 1762076728.311 vs 1764665499.494567"], "data_sample": {"price": 0.16739, "volume": 9.0}}}
{"timestamp": "2025-12-02T08:51:39.495566+00:00", "level": "INFO", "module": "logger", "funcName": "_log", "lineno": 188, "event_type": "strategy_manager.indicator_update_received", "data": {"symbol": "ARIA_USDT", "indicator_name": "11b8be00-eed3-48fe-b359-df47b297226c_20", "indicator_type": "", "value": -0.0015501287799288917, "active_strategies_for_symbol": true, "active_count": 3}}
{"timestamp": "2025-12-02T08:51:39.495566+00:00", "level": "WARNING", "module": "logger", "funcName": "_log", "lineno": 188, "event_type": "streaming_indicator_engine.data_anomalies_detected", "data": {"symbol": "ARIA_USDT", "timestamp": 1762076734.308999, "anomalies": ["stale_timestamp: 1762076734.308999 vs 1764665499.4955661"], "data_sample": {"price": 0.16744, "volume": 9.0}}}
{"timestamp": "2025-12-02T08:51:39.496565+00:00", "level": "WARNING", "module": "logger", "funcName": "_log", "lineno": 188, "event_type": "streaming_indicator_engine.data_anomalies_detected", "data": {"symbol": "ARIA_USDT", "timestamp": 1762076750.309999, "anomalies": ["stale_timestamp: 1762076750.309999 vs 1764665499.496566"], "data_sample": {"price": 0.16747, "volume": 10.0}}}
{"timestamp": "2025-12-02T08:51:39.496565+00:00", "level": "WARNING", "module": "logger", "funcName": "_log", "lineno": 188, "event_type": "streaming_indicator_engine.data_anomalies_detected", "data": {"symbol": "ARIA_USDT", "timestamp": 1762076759.311, "anomalies": ["stale_timestamp: 1762076759.311 vs 1764665499.496566"], "data_sample": {"price": 0.16746, "volume": 10.0}}}
{"timestamp": "2025-12-02T08:51:39.497566+00:00", "level": "WARNING", "module": "logger", "funcName": "_log", "lineno": 188, "event_type": "streaming_indicator_engine.data_anomalies_detected", "data": {"symbol": "ARIA_USDT", "timestamp": 1762076767.309999, "anomalies": ["stale_timestamp: 1762076767.309999 vs 1764665499.4975662"], "data_sample": {"price": 0.16742, "volume": 8.0}}}
{"timestamp": "2025-12-02T08:51:39.497566+00:00", "level": "WARNING", "module": "logger", "funcName": "_log", "lineno": 188, "event_type": "streaming_indicator_engine.data_anomalies_detected", "data": {"symbol": "ARIA_USDT", "timestamp": 1762076783.312, "anomalies": ["stale_timestamp: 1762076783.312 vs 1764665499.4975662"], "data_sample": {"price": 0.16745, "volume": 8.0}}}
{"timestamp": "2025-12-02T08:51:39.497566+00:00", "level": "WARNING", "module": "logger", "funcName": "_log", "lineno": 188, "event_type": "streaming_indicator_engine.data_anomalies_detected", "data": {"symbol": "ARIA_USDT", "timestamp": 1762076789.309999, "anomalies": ["stale_timestamp: 1762076789.309999 vs 1764665499.4975662"], "data_sample": {"price": 0.16755, "volume": 9.0}}}
{"timestamp": "2025-12-02T08:51:39.499070+00:00", "level": "INFO", "module": "logger", "funcName": "_log", "lineno": 188, "event_type": "strategy_manager.indicator_update_received", "data": {"symbol": "ARIA_USDT", "indicator_name": "790d8eed-dc95-43ff-b625-1205d256154b_20", "indicator_type": "", "value": -3.9929611792443715e-05, "active_strategies_for_symbol": true, "active_count": 3}}
{"timestamp": "2025-12-02T08:51:39.499070+00:00", "level": "WARNING", "module": "logger", "funcName": "_log", "lineno": 188, "event_type": "streaming_indicator_engine.data_anomalies_detected", "data": {"symbol": "ARIA_USDT", "timestamp": 1762076803.311, "anomalies": ["stale_timestamp: 1762076803.311 vs 1764665499.4990706"], "data_sample": {"price": 0.16758, "volume": 10.0}}}
{"timestamp": "2025-12-02T08:51:39.500077+00:00", "level": "WARNING", "module": "logger", "funcName": "_log", "lineno": 188, "event_type": "streaming_indicator_engine.data_anomalies_detected", "data": {"symbol": "ARIA_USDT", "timestamp": 1762076816.308999, "anomalies": ["stale_timestamp: 1762076816.308999 vs 1764665499.5000772"], "data_sample": {"price": 0.16762, "volume": 9.0}}}
{"timestamp": "2025-12-02T08:51:39.500077+00:00", "level": "WARNING", "module": "logger", "funcName": "_log", "lineno": 188, "event_type": "streaming_indicator_engine.data_anomalies_detected", "data": {"symbol": "ARIA_USDT", "timestamp": 1762076825.312999, "anomalies": ["stale_timestamp: 1762076825.312999 vs 1764665499.5000772"], "data_sample": {"price": 0.16751, "volume": 10.0}}}
{"timestamp": "2025-12-02T08:51:39.500077+00:00", "level": "WARNING", "module": "logger", "funcName": "_log", "lineno": 188, "event_type": "streaming_indicator_engine.data_anomalies_detected", "data": {"symbol": "ARIA_USDT", "timestamp": 1762076831.316999, "anomalies": ["stale_timestamp: 1762076831.316999 vs 1764665499.5000772"], "data_sample": {"price": 0.1674, "volume": 6.0}}}
{"timestamp": "2025-12-02T08:51:39.501083+00:00", "level": "WARNING", "module": "logger", "funcName": "_log", "lineno": 188, "event_type": "streaming_indicator_engine.data_anomalies_detected", "data": {"symbol": "ARIA_USDT", "timestamp": 1762076839.311, "anomalies": ["stale_timestamp: 1762076839.311 vs 1764665499.5010831"], "data_sample": {"price": 0.16741, "volume": 8.0}}}
{"timestamp": "2025-12-02T08:51:39.501083+00:00", "level": "WARNING", "module": "logger", "funcName": "_log", "lineno": 188, "event_type": "streaming_indicator_engine.data_anomalies_detected", "data": {"symbol": "ARIA_USDT", "timestamp": 1762076846.312, "anomalies": ["stale_timestamp: 1762076846.312 vs 1764665499.5010831"], "data_sample": {"price": 0.1674, "volume": 6.0}}}
{"timestamp": "2025-12-02T08:51:39.501083+00:00", "level": "INFO", "module": "logger", "funcName": "_log", "lineno": 188, "event_type": "strategy_manager.indicator_update_received", "data": {"symbol": "ARIA_USDT", "indicator_name": "790d8eed-dc95-43ff-b625-1205d256154b_20", "indicator_type": "", "value": -3.9929611792443715e-05, "active_strategies_for_symbol": true, "active_count": 3}}
{"timestamp": "2025-12-02T08:51:39.502260+00:00", "level": "WARNING", "module": "logger", "funcName": "_log", "lineno": 188, "event_type": "streaming_indicator_engine.data_anomalies_detected", "data": {"symbol": "ARIA_USDT", "timestamp": 1762076859.309999, "anomalies": ["stale_timestamp: 1762076859.309999 vs 1764665499.5010831"], "data_sample": {"price": 0.16723, "volume": 5.0}}}
{"timestamp": "2025-12-02T08:51:39.502260+00:00", "level": "WARNING", "module": "logger", "funcName": "_log", "lineno": 188, "event_type": "streaming_indicator_engine.data_anomalies_detected", "data": {"symbol": "ARIA_USDT", "timestamp": 1762076870.309999, "anomalies": ["stale_timestamp: 1762076870.309999 vs 1764665499.5022604"], "data_sample": {"price": 0.16724, "volume": 9.0}}}
{"timestamp": "2025-12-02T08:51:39.502260+00:00", "level": "WARNING", "module": "logger", "funcName": "_log", "lineno": 188, "event_type": "streaming_indicator_engine.data_anomalies_detected", "data": {"symbol": "ARIA_USDT", "timestamp": 1762076878.309999, "anomalies": ["stale_timestamp: 1762076878.309999 vs 1764665499.5022604"], "data_sample": {"price": 0.16731, "volume": 4.0}}}
{"timestamp": "2025-12-02T08:51:39.503270+00:00", "level": "WARNING", "module": "logger", "funcName": "_log", "lineno": 188, "event_type": "streaming_indicator_engine.data_anomalies_detected", "data": {"symbol": "ARIA_USDT", "timestamp": 1762076892.311, "anomalies": ["stale_timestamp: 1762076892.311 vs 1764665499.5032704"], "data_sample": {"price": 0.16728, "volume": 9.0}}}
{"timestamp": "2025-12-02T08:51:39.503270+00:00", "level": "WARNING", "module": "logger", "funcName": "_log", "lineno": 188, "event_type": "streaming_indicator_engine.data_anomalies_detected", "data": {"symbol": "ARIA_USDT", "timestamp": 1762076900.309999, "anomalies": ["stale_timestamp: 1762076900.309999 vs 1764665499.5032704"], "data_sample": {"price": 0.16731, "volume": 7.0}}}
{"timestamp": "2025-12-02T08:51:39.503270+00:00", "level": "WARNING", "module": "logger", "funcName": "_log", "lineno": 188, "event_type": "streaming_indicator_engine.data_anomalies_detected", "data": {"symbol": "ARIA_USDT", "timestamp": 1762076915.308999, "anomalies": ["stale_timestamp: 1762076915.308999 vs 1764665499.5032704"], "data_sample": {"price": 0.16729, "volume": 4.0}}}
{"timestamp": "2025-12-02T08:51:39.519898+00:00", "level": "WARNING", "module": "logger", "funcName": "_log", "lineno": 188, "event_type": "streaming_indicator_engine.data_anomalies_detected", "data": {"symbol": "ARIA_USDT", "timestamp": 1762076929.309999, "anomalies": ["stale_timestamp: 1762076929.309999 vs 1764665499.519899"], "data_sample": {"price": 0.16725, "volume": 11.0}}}
{"timestamp": "2025-12-02T08:51:39.535056+00:00", "level": "WARNING", "module": "logger", "funcName": "_log", "lineno": 188, "event_type": "streaming_indicator_engine.data_anomalies_detected", "data": {"symbol": "ARIA_USDT", "timestamp": 1762076940.312999, "anomalies": ["stale_timestamp: 1762076940.312999 vs 1764665499.5350566"], "data_sample": {"price": 0.16733, "volume": 8.0}}}
{"timestamp": "2025-12-02T08:51:39.550197+00:00", "level": "WARNING", "module": "logger", "funcName": "_log", "lineno": 188, "event_type": "streaming_indicator_engine.data_anomalies_detected", "data": {"symbol": "ARIA_USDT", "timestamp": 1762076949.324999, "anomalies": ["stale_timestamp: 1762076949.324999 vs 1764665499.550197"], "data_sample": {"price": 0.1673, "volume": 8.0}}}
{"timestamp": "2025-12-02T08:51:39.564915+00:00", "level": "WARNING", "module": "logger", "funcName": "_log", "lineno": 188, "event_type": "streaming_indicator_engine.data_anomalies_detected", "data": {"symbol": "ARIA_USDT", "timestamp": 1762076965.316, "anomalies": ["stale_timestamp: 1762076965.316 vs 1764665499.5649154"], "data_sample": {"price": 0.16729, "volume": 4.0}}}
{"timestamp": "2025-12-02T08:51:39.580298+00:00", "level": "WARNING", "module": "logger", "funcName": "_log", "lineno": 188, "event_type": "streaming_indicator_engine.data_anomalies_detected", "data": {"symbol": "ARIA_USDT", "timestamp": 1762076978.312, "anomalies": ["stale_timestamp: 1762076978.312 vs 1764665499.580298"], "data_sample": {"price": 0.1673, "volume": 9.0}}}
{"timestamp": "2025-12-02T08:51:39.595627+00:00", "level": "WARNING", "module": "logger", "funcName": "_log", "lineno": 188, "event_type": "streaming_indicator_engine.data_anomalies_detected", "data": {"symbol": "ARIA_USDT", "timestamp": 1762076990.315, "anomalies": ["stale_timestamp: 1762076990.315 vs 1764665499.595627"], "data_sample": {"price": 0.16733, "volume": 10.0}}}
{"timestamp": "2025-12-02T08:51:39.610599+00:00", "level": "WARNING", "module": "logger", "funcName": "_log", "lineno": 188, "event_type": "streaming_indicator_engine.data_anomalies_detected", "data": {"symbol": "ARIA_USDT", "timestamp": 1762076997.315, "anomalies": ["stale_timestamp: 1762076997.315 vs 1764665499.6105998"], "data_sample": {"price": 0.16726, "volume": 12.0}}}
{"timestamp": "2025-12-02T08:51:39.626328+00:00", "level": "WARNING", "module": "logger", "funcName": "_log", "lineno": 188, "event_type": "streaming_indicator_engine.data_anomalies_detected", "data": {"symbol": "ARIA_USDT", "timestamp": 1762077007.309999, "anomalies": ["stale_timestamp: 1762077007.309999 vs 1764665499.6253355"], "data_sample": {"price": 0.16719, "volume": 4.0}}}
{"timestamp": "2025-12-02T08:51:39.640733+00:00", "level": "WARNING", "module": "logger", "funcName": "_log", "lineno": 188, "event_type": "streaming_indicator_engine.data_anomalies_detected", "data": {"symbol": "ARIA_USDT", "timestamp": 1762077018.309999, "anomalies": ["stale_timestamp: 1762077018.309999 vs 1764665499.6407335"], "data_sample": {"price": 0.16722, "volume": 8.0}}}
{"timestamp": "2025-12-02T08:51:39.656283+00:00", "level": "WARNING", "module": "logger", "funcName": "_log", "lineno": 188, "event_type": "streaming_indicator_engine.data_anomalies_detected", "data": {"symbol": "ARIA_USDT", "timestamp": 1762077025.309999, "anomalies": ["stale_timestamp: 1762077025.309999 vs 1764665499.6562839"], "data_sample": {"price": 0.16726, "volume": 5.0}}}
{"timestamp": "2025-12-02T08:51:39.671523+00:00", "level": "WARNING", "module": "logger", "funcName": "_log", "lineno": 188, "event_type": "streaming_indicator_engine.data_anomalies_detected", "data": {"symbol": "ARIA_USDT", "timestamp": 1762077033.311, "anomalies": ["stale_timestamp: 1762077033.311 vs 1764665499.6715236"], "data_sample": {"price": 0.16725, "volume": 4.0}}}
{"timestamp": "2025-12-02T08:51:39.687211+00:00", "level": "WARNING", "module": "logger", "funcName": "_log", "lineno": 188, "event_type": "streaming_indicator_engine.data_anomalies_detected", "data": {"symbol": "ARIA_USDT", "timestamp": 1762077042.309999, "anomalies": ["stale_timestamp: 1762077042.309999 vs 1764665499.6872118"], "data_sample": {"price": 0.16724, "volume": 4.0}}}
{"timestamp": "2025-12-02T08:51:39.702537+00:00", "level": "WARNING", "module": "logger", "funcName": "_log", "lineno": 188, "event_type": "streaming_indicator_engine.data_anomalies_detected", "data": {"symbol": "ARIA_USDT", "timestamp": 1762077051.309999, "anomalies": ["stale_timestamp: 1762077051.309999 vs 1764665499.7025375"], "data_sample": {"price": 0.16725, "volume": 4.0}}}
{"timestamp": "2025-12-02T08:51:39.718741+00:00", "level": "WARNING", "module": "logger", "funcName": "_log", "lineno": 188, "event_type": "streaming_indicator_engine.data_anomalies_detected", "data": {"symbol": "ARIA_USDT", "timestamp": 1762077057.312999, "anomalies": ["stale_timestamp: 1762077057.312999 vs 1764665499.718741"], "data_sample": {"price": 0.16726, "volume": 3.0}}}
{"timestamp": "2025-12-02T08:51:39.733678+00:00", "level": "WARNING", "module": "logger", "funcName": "_log", "lineno": 188, "event_type": "streaming_indicator_engine.data_anomalies_detected", "data": {"symbol": "ARIA_USDT", "timestamp": 1762077067.316999, "anomalies": ["stale_timestamp: 1762077067.316999 vs 1764665499.7336786"], "data_sample": {"price": 0.16725, "volume": 8.0}}}
{"timestamp": "2025-12-02T08:51:39.763598+00:00", "level": "WARNING", "module": "logger", "funcName": "_log", "lineno": 188, "event_type": "streaming_indicator_engine.data_anomalies_detected", "data": {"symbol": "ARIA_USDT", "timestamp": 1762077081.308, "anomalies": ["stale_timestamp: 1762077081.308 vs 1764665499.763598"], "data_sample": {"price": 0.16714, "volume": 6.0}}}
{"timestamp": "2025-12-02T08:51:39.779669+00:00", "level": "WARNING", "module": "logger", "funcName": "_log", "lineno": 188, "event_type": "streaming_indicator_engine.data_anomalies_detected", "data": {"symbol": "ARIA_USDT", "timestamp": 1762077089.311, "anomalies": ["stale_timestamp: 1762077089.311 vs 1764665499.7796693"], "data_sample": {"price": 0.16711, "volume": 4.0}}}
{"timestamp": "2025-12-02T08:51:39.794358+00:00", "level": "WARNING", "module": "logger", "funcName": "_log", "lineno": 188, "event_type": "streaming_indicator_engine.data_anomalies_detected", "data": {"symbol": "ARIA_USDT", "timestamp": 1762077098.311, "anomalies": ["stale_timestamp: 1762077098.311 vs 1764665499.7943583"], "data_sample": {"price": 0.16702, "volume": 4.0}}}
{"timestamp": "2025-12-02T08:51:39.810482+00:00", "level": "WARNING", "module": "logger", "funcName": "_log", "lineno": 188, "event_type": "streaming_indicator_engine.data_anomalies_detected", "data": {"symbol": "ARIA_USDT", "timestamp": 1762077107.335, "anomalies": ["stale_timestamp: 1762077107.335 vs 1764665499.810483"], "data_sample": {"price": 0.167, "volume": 26.0}}}
{"timestamp": "2025-12-02T08:51:39.826903+00:00", "level": "WARNING", "module": "logger", "funcName": "_log", "lineno": 188, "event_type": "streaming_indicator_engine.data_anomalies_detected", "data": {"symbol": "ARIA_USDT", "timestamp": 1762077121.309999, "anomalies": ["stale_timestamp: 1762077121.309999 vs 1764665499.826903"], "data_sample": {"price": 0.16704, "volume": 8.0}}}
{"timestamp": "2025-12-02T08:51:39.841544+00:00", "level": "WARNING", "module": "logger", "funcName": "_log", "lineno": 188, "event_type": "streaming_indicator_engine.data_anomalies_detected", "data": {"symbol": "ARIA_USDT", "timestamp": 1762077123.420999, "anomalies": ["stale_timestamp: 1762077123.420999 vs 1764665499.8415442"], "data_sample": {"price": 0.167, "volume": 59.0}}}
{"timestamp": "2025-12-02T08:51:39.857525+00:00", "level": "WARNING", "module": "logger", "funcName": "_log", "lineno": 188, "event_type": "streaming_indicator_engine.data_anomalies_detected", "data": {"symbol": "ARIA_USDT", "timestamp": 1762077139.311, "anomalies": ["stale_timestamp: 1762077139.311 vs 1764665499.8575258"], "data_sample": {"price": 0.16703, "volume": 5.0}}}
{"timestamp": "2025-12-02T08:51:39.872934+00:00", "level": "WARNING", "module": "logger", "funcName": "_log", "lineno": 188, "event_type": "streaming_indicator_engine.data_anomalies_detected", "data": {"symbol": "ARIA_USDT", "timestamp": 1762077152.308999, "anomalies": ["stale_timestamp: 1762077152.308999 vs 1764665499.8729339"], "data_sample": {"price": 0.16708, "volume": 9.0}}}
{"timestamp": "2025-12-02T08:51:39.889299+00:00", "level": "WARNING", "module": "logger", "funcName": "_log", "lineno": 188, "event_type": "streaming_indicator_engine.data_anomalies_detected", "data": {"symbol": "ARIA_USDT", "timestamp": 1762077163.309999, "anomalies": ["stale_timestamp: 1762077163.309999 vs 1764665499.889299"], "data_sample": {"price": 0.16713, "volume": 11.0}}}
{"timestamp": "2025-12-02T08:51:39.903869+00:00", "level": "WARNING", "module": "logger", "funcName": "_log", "lineno": 188, "event_type": "streaming_indicator_engine.data_anomalies_detected", "data": {"symbol": "ARIA_USDT", "timestamp": 1762077172.309999, "anomalies": ["stale_timestamp: 1762077172.309999 vs 1764665499.9038694"], "data_sample": {"price": 0.16706, "volume": 12.0}}}
{"timestamp": "2025-12-02T08:51:39.919858+00:00", "level": "WARNING", "module": "logger", "funcName": "_log", "lineno": 188, "event_type": "streaming_indicator_engine.data_anomalies_detected", "data": {"symbol": "ARIA_USDT", "timestamp": 1762077187.312999, "anomalies": ["stale_timestamp: 1762077187.312999 vs 1764665499.9198582"], "data_sample": {"price": 0.16705, "volume": 4.0}}}
{"timestamp": "2025-12-02T08:51:39.934655+00:00", "level": "WARNING", "module": "logger", "funcName": "_log", "lineno": 188, "event_type": "streaming_indicator_engine.data_anomalies_detected", "data": {"symbol": "ARIA_USDT", "timestamp": 1762077203.309999, "anomalies": ["stale_timestamp: 1762077203.309999 vs 1764665499.9346554"], "data_sample": {"price": 0.16703, "volume": 6.0}}}
{"timestamp": "2025-12-02T08:51:39.950976+00:00", "level": "WARNING", "module": "logger", "funcName": "_log", "lineno": 188, "event_type": "streaming_indicator_engine.data_anomalies_detected", "data": {"symbol": "ARIA_USDT", "timestamp": 1762077211.312, "anomalies": ["stale_timestamp: 1762077211.312 vs 1764665499.9500644"], "data_sample": {"price": 0.16707, "volume": 9.0}}}
{"timestamp": "2025-12-02T08:51:39.964911+00:00", "level": "WARNING", "module": "logger", "funcName": "_log", "lineno": 188, "event_type": "streaming_indicator_engine.data_anomalies_detected", "data": {"symbol": "ARIA_USDT", "timestamp": 1762077227.312999, "anomalies": ["stale_timestamp: 1762077227.312999 vs 1764665499.964912"], "data_sample": {"price": 0.16704, "volume": 4.0}}}
{"timestamp": "2025-12-02T08:51:39.979683+00:00", "level": "WARNING", "module": "logger", "funcName": "_log", "lineno": 188, "event_type": "streaming_indicator_engine.data_anomalies_detected", "data": {"symbol": "ARIA_USDT", "timestamp": 1762077234.308999, "anomalies": ["stale_timestamp: 1762077234.308999 vs 1764665499.9796836"], "data_sample": {"price": 0.16708, "volume": 8.0}}}
{"timestamp": "2025-12-02T08:51:39.994437+00:00", "level": "WARNING", "module": "logger", "funcName": "_log", "lineno": 188, "event_type": "streaming_indicator_engine.data_anomalies_detected", "data": {"symbol": "ARIA_USDT", "timestamp": 1762077247.312999, "anomalies": ["stale_timestamp: 1762077247.312999 vs 1764665499.9944377"], "data_sample": {"price": 0.16705, "volume": 7.0}}}
{"timestamp": "2025-12-02T08:51:40.010756+00:00", "level": "WARNING", "module": "logger", "funcName": "_log", "lineno": 188, "event_type": "streaming_indicator_engine.data_anomalies_detected", "data": {"symbol": "ARIA_USDT", "timestamp": 1762077263.309999, "anomalies": ["stale_timestamp: 1762077263.309999 vs 1764665500.0097547"], "data_sample": {"price": 0.16704, "volume": 7.0}}}
{"timestamp": "2025-12-02T08:51:40.025263+00:00", "level": "WARNING", "module": "logger", "funcName": "_log", "lineno": 188, "event_type": "streaming_indicator_engine.data_anomalies_detected", "data": {"symbol": "ARIA_USDT", "timestamp": 1762077274.309999, "anomalies": ["stale_timestamp: 1762077274.309999 vs 1764665500.025263"], "data_sample": {"price": 0.16709, "volume": 4.0}}}
{"timestamp": "2025-12-02T08:51:40.041287+00:00", "level": "WARNING", "module": "logger", "funcName": "_log", "lineno": 188, "event_type": "streaming_indicator_engine.data_anomalies_detected", "data": {"symbol": "ARIA_USDT", "timestamp": 1762077281.311, "anomalies": ["stale_timestamp: 1762077281.311 vs 1764665500.0412877"], "data_sample": {"price": 0.16713, "volume": 12.0}}}
{"timestamp": "2025-12-02T08:51:40.056325+00:00", "level": "WARNING", "module": "logger", "funcName": "_log", "lineno": 188, "event_type": "streaming_indicator_engine.data_anomalies_detected", "data": {"symbol": "ARIA_USDT", "timestamp": 1762077290.312, "anomalies": ["stale_timestamp: 1762077290.312 vs 1764665500.056326"], "data_sample": {"price": 0.16709, "volume": 8.0}}}
{"timestamp": "2025-12-02T08:51:40.058331+00:00", "level": "WARNING", "module": "logger", "funcName": "_log", "lineno": 188, "event_type": "streaming_indicator_engine.data_anomalies_detected", "data": {"symbol": "ARIA_USDT", "timestamp": 1762077299.312, "anomalies": ["stale_timestamp: 1762077299.312 vs 1764665500.0583315"], "data_sample": {"price": 0.16706, "volume": 8.0}}}
{"timestamp": "2025-12-02T08:51:40.060653+00:00", "level": "WARNING", "module": "logger", "funcName": "_log", "lineno": 188, "event_type": "streaming_indicator_engine.data_anomalies_detected", "data": {"symbol": "ARIA_USDT", "timestamp": 1762077309.309999, "anomalies": ["stale_timestamp: 1762077309.309999 vs 1764665500.060653"], "data_sample": {"price": 0.16705, "volume": 6.0}}}
{"timestamp": "2025-12-02T08:51:40.087402+00:00", "level": "WARNING", "module": "logger", "funcName": "_log", "lineno": 188, "event_type": "streaming_indicator_engine.data_anomalies_detected", "data": {"symbol": "ARIA_USDT", "timestamp": 1762077318.312, "anomalies": ["stale_timestamp: 1762077318.312 vs 1764665500.0874023"], "data_sample": {"price": 0.16706, "volume": 9.0}}}
{"timestamp": "2025-12-02T08:51:40.102753+00:00", "level": "WARNING", "module": "logger", "funcName": "_log", "lineno": 188, "event_type": "streaming_indicator_engine.data_anomalies_detected", "data": {"symbol": "ARIA_USDT", "timestamp": 1762077324.309999, "anomalies": ["stale_timestamp: 1762077324.309999 vs 1764665500.102753"], "data_sample": {"price": 0.1671, "volume": 5.0}}}
{"timestamp": "2025-12-02T08:51:40.118419+00:00", "level": "WARNING", "module": "logger", "funcName": "_log", "lineno": 188, "event_type": "streaming_indicator_engine.data_anomalies_detected", "data": {"symbol": "ARIA_USDT", "timestamp": 1762077335.309999, "anomalies": ["stale_timestamp: 1762077335.309999 vs 1764665500.1184192"], "data_sample": {"price": 0.16709, "volume": 4.0}}}
{"timestamp": "2025-12-02T08:51:40.133782+00:00", "level": "WARNING", "module": "logger", "funcName": "_log", "lineno": 188, "event_type": "streaming_indicator_engine.data_anomalies_detected", "data": {"symbol": "ARIA_USDT", "timestamp": 1762077351.309999, "anomalies": ["stale_timestamp: 1762077351.309999 vs 1764665500.1337826"], "data_sample": {"price": 0.1671, "volume": 3.0}}}
{"timestamp": "2025-12-02T08:51:40.150542+00:00", "level": "WARNING", "module": "logger", "funcName": "_log", "lineno": 188, "event_type": "streaming_indicator_engine.data_anomalies_detected", "data": {"symbol": "ARIA_USDT", "timestamp": 1762077362.309999, "anomalies": ["stale_timestamp: 1762077362.309999 vs 1764665500.1505427"], "data_sample": {"price": 0.16716, "volume": 5.0}}}
{"timestamp": "2025-12-02T08:51:40.164863+00:00", "level": "WARNING", "module": "logger", "funcName": "_log", "lineno": 188, "event_type": "streaming_indicator_engine.data_anomalies_detected", "data": {"symbol": "ARIA_USDT", "timestamp": 1762077376.309999, "anomalies": ["stale_timestamp: 1762077376.309999 vs 1764665500.1648636"], "data_sample": {"price": 0.16724, "volume": 11.0}}}
{"timestamp": "2025-12-02T08:51:40.179645+00:00", "level": "WARNING", "module": "logger", "funcName": "_log", "lineno": 188, "event_type": "streaming_indicator_engine.data_anomalies_detected", "data": {"symbol": "ARIA_USDT", "timestamp": 1762077387.309999, "anomalies": ["stale_timestamp: 1762077387.309999 vs 1764665500.1796458"], "data_sample": {"price": 0.16726, "volume": 11.0}}}
{"timestamp": "2025-12-02T08:51:40.195236+00:00", "level": "WARNING", "module": "logger", "funcName": "_log", "lineno": 188, "event_type": "streaming_indicator_engine.data_anomalies_detected", "data": {"symbol": "ARIA_USDT", "timestamp": 1762077395.309999, "anomalies": ["stale_timestamp: 1762077395.309999 vs 1764665500.1952362"], "data_sample": {"price": 0.16728, "volume": 3.0}}}
{"timestamp": "2025-12-02T08:51:40.211159+00:00", "level": "WARNING", "module": "logger", "funcName": "_log", "lineno": 188, "event_type": "streaming_indicator_engine.data_anomalies_detected", "data": {"symbol": "ARIA_USDT", "timestamp": 1762077402.309999, "anomalies": ["stale_timestamp: 1762077402.309999 vs 1764665500.2111592"], "data_sample": {"price": 0.1673, "volume": 10.0}}}
{"timestamp": "2025-12-02T08:51:40.227538+00:00", "level": "WARNING", "module": "logger", "funcName": "_log", "lineno": 188, "event_type": "streaming_indicator_engine.data_anomalies_detected", "data": {"symbol": "ARIA_USDT", "timestamp": 1762077412.311, "anomalies": ["stale_timestamp: 1762077412.311 vs 1764665500.2275386"], "data_sample": {"price": 0.16729, "volume": 7.0}}}
{"timestamp": "2025-12-02T08:51:40.229060+00:00", "level": "INFO", "module": "logger", "funcName": "_log", "lineno": 188, "event_type": "strategy_manager.indicator_update_received", "data": {"symbol": "ARIA_USDT", "indicator_name": "611fad91-045d-408b-8822-f43428935033_20", "indicator_type": "", "value": 0.002153606871483791, "active_strategies_for_symbol": true, "active_count": 3}}
{"timestamp": "2025-12-02T08:51:40.230064+00:00", "level": "WARNING", "module": "logger", "funcName": "_log", "lineno": 188, "event_type": "streaming_indicator_engine.data_anomalies_detected", "data": {"symbol": "ARIA_USDT", "timestamp": 1762077421.309999, "anomalies": ["stale_timestamp: 1762077421.309999 vs 1764665500.2300642"], "data_sample": {"price": 0.16727, "volume": 4.0}}}
{"timestamp": "2025-12-02T08:51:40.231080+00:00", "level": "INFO", "module": "logger", "funcName": "_log", "lineno": 188, "event_type": "strategy_manager.indicator_update_received", "data": {"symbol": "ARIA_USDT", "indicator_name": "611fad91-045d-408b-8822-f43428935033_20", "indicator_type": "", "value": 0.002153606871483791, "active_strategies_for_symbol": true, "active_count": 3}}
{"timestamp": "2025-12-02T08:51:40.235710+00:00", "level": "WARNING", "module": "logger", "funcName": "_log", "lineno": 188, "event_type": "streaming_indicator_engine.data_anomalies_detected", "data": {"symbol": "ARIA_USDT", "timestamp": 1762076372.312999, "anomalies": ["stale_timestamp: 1762076372.312999 vs 1764665500.2357106"], "data_sample": {"price": 0.1671, "volume": 3.0}}}
{"timestamp": "2025-12-02T08:51:40.257775+00:00", "level": "WARNING", "module": "logger", "funcName": "_log", "lineno": 188, "event_type": "streaming_indicator_engine.data_anomalies_detected", "data": {"symbol": "ARIA_USDT", "timestamp": 1762076381.309999, "anomalies": ["stale_timestamp: 1762076381.309999 vs 1764665500.2577755"], "data_sample": {"price": 0.16715, "volume": 8.0}}}
{"timestamp": "2025-12-02T08:51:40.272786+00:00", "level": "WARNING", "module": "logger", "funcName": "_log", "lineno": 188, "event_type": "streaming_indicator_engine.data_anomalies_detected", "data": {"symbol": "ARIA_USDT", "timestamp": 1762076388.311, "anomalies": ["stale_timestamp: 1762076388.311 vs 1764665500.272786"], "data_sample": {"price": 0.16714, "volume": 9.0}}}
{"timestamp": "2025-12-02T08:51:40.288349+00:00", "level": "WARNING", "module": "logger", "funcName": "_log", "lineno": 188, "event_type": "streaming_indicator_engine.data_anomalies_detected", "data": {"symbol": "ARIA_USDT", "timestamp": 1762076401.309999, "anomalies": ["stale_timestamp: 1762076401.309999 vs 1764665500.2883492"], "data_sample": {"price": 0.16717, "volume": 7.0}}}
{"timestamp": "2025-12-02T08:51:40.303550+00:00", "level": "WARNING", "module": "logger", "funcName": "_log", "lineno": 188, "event_type": "streaming_indicator_engine.data_anomalies_detected", "data": {"symbol": "ARIA_USDT", "timestamp": 1762076408.312, "anomalies": ["stale_timestamp: 1762076408.312 vs 1764665500.3035507"], "data_sample": {"price": 0.16713, "volume": 3.0}}}
{"timestamp": "2025-12-02T08:51:40.319627+00:00", "level": "WARNING", "module": "logger", "funcName": "_log", "lineno": 188, "event_type": "streaming_indicator_engine.data_anomalies_detected", "data": {"symbol": "ARIA_USDT", "timestamp": 1762076417.311, "anomalies": ["stale_timestamp: 1762076417.311 vs 1764665500.3189504"], "data_sample": {"price": 0.16708, "volume": 3.0}}}
{"timestamp": "2025-12-02T08:51:40.334436+00:00", "level": "WARNING", "module": "logger", "funcName": "_log", "lineno": 188, "event_type": "streaming_indicator_engine.data_anomalies_detected", "data": {"symbol": "ARIA_USDT", "timestamp": 1762076427.308999, "anomalies": ["stale_timestamp: 1762076427.308999 vs 1764665500.3344362"], "data_sample": {"price": 0.16707, "volume": 12.0}}}
{"timestamp": "2025-12-02T08:51:40.350594+00:00", "level": "WARNING", "module": "logger", "funcName": "_log", "lineno": 188, "event_type": "streaming_indicator_engine.data_anomalies_detected", "data": {"symbol": "ARIA_USDT", "timestamp": 1762076435.309999, "anomalies": ["stale_timestamp: 1762076435.309999 vs 1764665500.3505943"], "data_sample": {"price": 0.1671, "volume": 4.0}}}
{"timestamp": "2025-12-02T08:51:40.365552+00:00", "level": "WARNING", "module": "logger", "funcName": "_log", "lineno": 188, "event_type": "streaming_indicator_engine.data_anomalies_detected", "data": {"symbol": "ARIA_USDT", "timestamp": 1762076447.309999, "anomalies": ["stale_timestamp: 1762076447.309999 vs 1764665500.3655524"], "data_sample": {"price": 0.16708, "volume": 9.0}}}
{"timestamp": "2025-12-02T08:51:40.381072+00:00", "level": "WARNING", "module": "logger", "funcName": "_log", "lineno": 188, "event_type": "streaming_indicator_engine.data_anomalies_detected", "data": {"symbol": "ARIA_USDT", "timestamp": 1762076462.309999, "anomalies": ["stale_timestamp: 1762076462.309999 vs 1764665500.381072"], "data_sample": {"price": 0.16726, "volume": 10.0}}}
{"timestamp": "2025-12-02T08:51:40.396197+00:00", "level": "WARNING", "module": "logger", "funcName": "_log", "lineno": 188, "event_type": "streaming_indicator_engine.data_anomalies_detected", "data": {"symbol": "ARIA_USDT", "timestamp": 1762076476.308999, "anomalies": ["stale_timestamp: 1762076476.308999 vs 1764665500.3961973"], "data_sample": {"price": 0.16745, "volume": 9.0}}}
{"timestamp": "2025-12-02T08:51:40.412205+00:00", "level": "WARNING", "module": "logger", "funcName": "_log", "lineno": 188, "event_type": "streaming_indicator_engine.data_anomalies_detected", "data": {"symbol": "ARIA_USDT", "timestamp": 1762076490.311, "anomalies": ["stale_timestamp: 1762076490.311 vs 1764665500.4122052"], "data_sample": {"price": 0.16766, "volume": 7.0}}}
{"timestamp": "2025-12-02T08:51:40.428431+00:00", "level": "WARNING", "module": "logger", "funcName": "_log", "lineno": 188, "event_type": "streaming_indicator_engine.data_anomalies_detected", "data": {"symbol": "ARIA_USDT", "timestamp": 1762076501.311, "anomalies": ["stale_timestamp: 1762076501.311 vs 1764665500.4275286"], "data_sample": {"price": 0.16763, "volume": 5.0}}}
{"timestamp": "2025-12-02T08:51:40.443122+00:00", "level": "WARNING", "module": "logger", "funcName": "_log", "lineno": 188, "event_type": "streaming_indicator_engine.data_anomalies_detected", "data": {"symbol": "ARIA_USDT", "timestamp": 1762076514.408999, "anomalies": ["stale_timestamp: 1762076514.408999 vs 1764665500.4431224"], "data_sample": {"price": 0.16766, "volume": 10.0}}}
{"timestamp": "2025-12-02T08:51:40.459725+00:00", "level": "WARNING", "module": "logger", "funcName": "_log", "lineno": 188, "event_type": "streaming_indicator_engine.data_anomalies_detected", "data": {"symbol": "ARIA_USDT", "timestamp": 1762076520.311, "anomalies": ["stale_timestamp: 1762076520.311 vs 1764665500.4597259"], "data_sample": {"price": 0.1677, "volume": 9.0}}}
{"timestamp": "2025-12-02T08:51:40.473910+00:00", "level": "WARNING", "module": "logger", "funcName": "_log", "lineno": 188, "event_type": "streaming_indicator_engine.data_anomalies_detected", "data": {"symbol": "ARIA_USDT", "timestamp": 1762076531.311, "anomalies": ["stale_timestamp: 1762076531.311 vs 1764665500.4739103"], "data_sample": {"price": 0.16778, "volume": 10.0}}}
{"timestamp": "2025-12-02T08:51:40.489751+00:00", "level": "WARNING", "module": "logger", "funcName": "_log", "lineno": 188, "event_type": "streaming_indicator_engine.data_anomalies_detected", "data": {"symbol": "ARIA_USDT", "timestamp": 1762076537.311, "anomalies": ["stale_timestamp: 1762076537.311 vs 1764665500.4897513"], "data_sample": {"price": 0.16777, "volume": 10.0}}}
{"timestamp": "2025-12-02T08:51:40.492803+00:00", "level": "INFO", "module": "logger", "funcName": "_log", "lineno": 188, "event_type": "strategy_manager.indicator_update_received", "data": {"symbol": "ARIA_USDT", "indicator_name": "5fc82998-9270-4b44-8312-f74ddd20a93d_20", "indicator_type": "", "value": -49.02812586896593, "active_strategies_for_symbol": true, "active_count": 3}}
{"timestamp": "2025-12-02T08:51:40.494992+00:00", "level": "WARNING", "module": "logger", "funcName": "_log", "lineno": 188, "event_type": "streaming_indicator_engine.data_anomalies_detected", "data": {"symbol": "ARIA_USDT", "timestamp": 1762076543.312, "anomalies": ["stale_timestamp: 1762076543.312 vs 1764665500.4949927"], "data_sample": {"price": 0.16765, "volume": 8.0}}}
{"timestamp": "2025-12-02T08:51:40.495988+00:00", "level": "WARNING", "module": "logger", "funcName": "_log", "lineno": 188, "event_type": "streaming_indicator_engine.data_anomalies_detected", "data": {"symbol": "ARIA_USDT", "timestamp": 1762076551.311, "anomalies": ["stale_timestamp: 1762076551.311 vs 1764665500.495989"], "data_sample": {"price": 0.16776, "volume": 7.0}}}
{"timestamp": "2025-12-02T08:51:40.495988+00:00", "level": "WARNING", "module": "logger", "funcName": "_log", "lineno": 188, "event_type": "streaming_indicator_engine.data_anomalies_detected", "data": {"symbol": "ARIA_USDT", "timestamp": 1762076567.313999, "anomalies": ["stale_timestamp: 1762076567.313999 vs 1764665500.495989"], "data_sample": {"price": 0.16779, "volume": 4.0}}}
{"timestamp": "2025-12-02T08:51:40.496987+00:00", "level": "WARNING", "module": "logger", "funcName": "_log", "lineno": 188, "event_type": "streaming_indicator_engine.data_anomalies_detected", "data": {"symbol": "ARIA_USDT", "timestamp": 1762076582.312999, "anomalies": ["stale_timestamp: 1762076582.312999 vs 1764665500.4969869"], "data_sample": {"price": 0.16774, "volume": 4.0}}}
{"timestamp": "2025-12-02T08:51:40.496987+00:00", "level": "WARNING", "module": "logger", "funcName": "_log", "lineno": 188, "event_type": "streaming_indicator_engine.data_anomalies_detected", "data": {"symbol": "ARIA_USDT", "timestamp": 1762076595.309999, "anomalies": ["stale_timestamp: 1762076595.309999 vs 1764665500.4969869"], "data_sample": {"price": 0.16776, "volume": 10.0}}}
{"timestamp": "2025-12-02T08:51:40.496987+00:00", "level": "INFO", "module": "logger", "funcName": "_log", "lineno": 188, "event_type": "strategy_manager.indicator_update_received", "data": {"symbol": "ARIA_USDT", "indicator_name": "5fc82998-9270-4b44-8312-f74ddd20a93d_20", "indicator_type": "", "value": -49.02812586896593, "active_strategies_for_symbol": true, "active_count": 3}}
{"timestamp": "2025-12-02T08:51:40.496987+00:00", "level": "WARNING", "module": "logger", "funcName": "_log", "lineno": 188, "event_type": "streaming_indicator_engine.data_anomalies_detected", "data": {"symbol": "ARIA_USDT", "timestamp": 1762076606.309999, "anomalies": ["stale_timestamp: 1762076606.309999 vs 1764665500.4969869"], "data_sample": {"price": 0.16772, "volume": 9.0}}}
{"timestamp": "2025-12-02T08:51:40.498572+00:00", "level": "WARNING", "module": "logger", "funcName": "_log", "lineno": 188, "event_type": "streaming_indicator_engine.data_anomalies_detected", "data": {"symbol": "ARIA_USDT", "timestamp": 1762076620.309999, "anomalies": ["stale_timestamp: 1762076620.309999 vs 1764665500.498572"], "data_sample": {"price": 0.16764, "volume": 5.0}}}
{"timestamp": "2025-12-02T08:51:40.498572+00:00", "level": "WARNING", "module": "logger", "funcName": "_log", "lineno": 188, "event_type": "streaming_indicator_engine.data_anomalies_detected", "data": {"symbol": "ARIA_USDT", "timestamp": 1762076628.311, "anomalies": ["stale_timestamp: 1762076628.311 vs 1764665500.498572"], "data_sample": {"price": 0.16761, "volume": 7.0}}}
{"timestamp": "2025-12-02T08:51:40.499594+00:00", "level": "WARNING", "module": "logger", "funcName": "_log", "lineno": 188, "event_type": "streaming_indicator_engine.data_anomalies_detected", "data": {"symbol": "ARIA_USDT", "timestamp": 1762076638.312999, "anomalies": ["stale_timestamp: 1762076638.312999 vs 1764665500.4995942"], "data_sample": {"price": 0.16763, "volume": 10.0}}}
{"timestamp": "2025-12-02T08:51:40.499594+00:00", "level": "WARNING", "module": "logger", "funcName": "_log", "lineno": 188, "event_type": "streaming_indicator_engine.data_anomalies_detected", "data": {"symbol": "ARIA_USDT", "timestamp": 1762076647.309999, "anomalies": ["stale_timestamp: 1762076647.309999 vs 1764665500.4995942"], "data_sample": {"price": 0.16762, "volume": 4.0}}}
{"timestamp": "2025-12-02T08:51:40.499594+00:00", "level": "WARNING", "module": "logger", "funcName": "_log", "lineno": 188, "event_type": "streaming_indicator_engine.data_anomalies_detected", "data": {"symbol": "ARIA_USDT", "timestamp": 1762076653.309999, "anomalies": ["stale_timestamp: 1762076653.309999 vs 1764665500.4995942"], "data_sample": {"price": 0.16761, "volume": 9.0}}}
{"timestamp": "2025-12-02T08:51:40.501107+00:00", "level": "INFO", "module": "logger", "funcName": "_log", "lineno": 188, "event_type": "strategy_manager.indicator_update_received", "data": {"symbol": "ARIA_USDT", "indicator_name": "11b8be00-eed3-48fe-b359-df47b297226c_20", "indicator_type": "", "value": -0.0015501287799288917, "active_strategies_for_symbol": true, "active_count": 3}}
{"timestamp": "2025-12-02T08:51:40.501107+00:00", "level": "WARNING", "module": "logger", "funcName": "_log", "lineno": 188, "event_type": "streaming_indicator_engine.data_anomalies_detected", "data": {"symbol": "ARIA_USDT", "timestamp": 1762076666.309999, "anomalies": ["stale_timestamp: 1762076666.309999 vs 1764665500.5011072"], "data_sample": {"price": 0.16763, "volume": 9.0}}}
{"timestamp": "2025-12-02T08:51:40.502165+00:00", "level": "WARNING", "module": "logger", "funcName": "_log", "lineno": 188, "event_type": "streaming_indicator_engine.data_anomalies_detected", "data": {"symbol": "ARIA_USDT", "timestamp": 1762076672.308999, "anomalies": ["stale_timestamp: 1762076672.308999 vs 1764665500.5021653"], "data_sample": {"price": 0.16762, "volume": 9.0}}}
{"timestamp": "2025-12-02T08:51:40.502165+00:00", "level": "WARNING", "module": "logger", "funcName": "_log", "lineno": 188, "event_type": "streaming_indicator_engine.data_anomalies_detected", "data": {"symbol": "ARIA_USDT", "timestamp": 1762076685.309999, "anomalies": ["stale_timestamp: 1762076685.309999 vs 1764665500.5021653"], "data_sample": {"price": 0.16732, "volume": 9.0}}}
{"timestamp": "2025-12-02T08:51:40.502165+00:00", "level": "WARNING", "module": "logger", "funcName": "_log", "lineno": 188, "event_type": "streaming_indicator_engine.data_anomalies_detected", "data": {"symbol": "ARIA_USDT", "timestamp": 1762076699.311, "anomalies": ["stale_timestamp: 1762076699.311 vs 1764665500.5021653"], "data_sample": {"price": 0.16737, "volume": 11.0}}}
{"timestamp": "2025-12-02T08:51:40.503127+00:00", "level": "WARNING", "module": "logger", "funcName": "_log", "lineno": 188, "event_type": "streaming_indicator_engine.data_anomalies_detected", "data": {"symbol": "ARIA_USDT", "timestamp": 1762076713.309999, "anomalies": ["stale_timestamp: 1762076713.309999 vs 1764665500.503127"], "data_sample": {"price": 0.16735, "volume": 4.0}}}
{"timestamp": "2025-12-02T08:51:40.503127+00:00", "level": "WARNING", "module": "logger", "funcName": "_log", "lineno": 188, "event_type": "streaming_indicator_engine.data_anomalies_detected", "data": {"symbol": "ARIA_USDT", "timestamp": 1762076728.311, "anomalies": ["stale_timestamp: 1762076728.311 vs 1764665500.503127"], "data_sample": {"price": 0.16739, "volume": 9.0}}}
{"timestamp": "2025-12-02T08:51:40.504119+00:00", "level": "INFO", "module": "logger", "funcName": "_log", "lineno": 188, "event_type": "strategy_manager.indicator_update_received", "data": {"symbol": "ARIA_USDT", "indicator_name": "11b8be00-eed3-48fe-b359-df47b297226c_20", "indicator_type": "", "value": -0.0015501287799288917, "active_strategies_for_symbol": true, "active_count": 3}}
{"timestamp": "2025-12-02T08:51:40.504119+00:00", "level": "WARNING", "module": "logger", "funcName": "_log", "lineno": 188, "event_type": "streaming_indicator_engine.data_anomalies_detected", "data": {"symbol": "ARIA_USDT", "timestamp": 1762076734.308999, "anomalies": ["stale_timestamp: 1762076734.308999 vs 1764665500.5041199"], "data_sample": {"price": 0.16744, "volume": 9.0}}}
{"timestamp": "2025-12-02T08:51:40.504119+00:00", "level": "WARNING", "module": "logger", "funcName": "_log", "lineno": 188, "event_type": "streaming_indicator_engine.data_anomalies_detected", "data": {"symbol": "ARIA_USDT", "timestamp": 1762076750.309999, "anomalies": ["stale_timestamp: 1762076750.309999 vs 1764665500.5041199"], "data_sample": {"price": 0.16747, "volume": 10.0}}}
{"timestamp": "2025-12-02T08:51:40.505352+00:00", "level": "WARNING", "module": "logger", "funcName": "_log", "lineno": 188, "event_type": "streaming_indicator_engine.data_anomalies_detected", "data": {"symbol": "ARIA_USDT", "timestamp": 1762076759.311, "anomalies": ["stale_timestamp: 1762076759.311 vs 1764665500.5053525"], "data_sample": {"price": 0.16746, "volume": 10.0}}}
{"timestamp": "2025-12-02T08:51:40.505352+00:00", "level": "WARNING", "module": "logger", "funcName": "_log", "lineno": 188, "event_type": "streaming_indicator_engine.data_anomalies_detected", "data": {"symbol": "ARIA_USDT", "timestamp": 1762076767.309999, "anomalies": ["stale_timestamp: 1762076767.309999 vs 1764665500.5053525"], "data_sample": {"price": 0.16742, "volume": 8.0}}}
{"timestamp": "2025-12-02T08:51:40.506360+00:00", "level": "WARNING", "module": "logger", "funcName": "_log", "lineno": 188, "event_type": "streaming_indicator_engine.data_anomalies_detected", "data": {"symbol": "ARIA_USDT", "timestamp": 1762076783.312, "anomalies": ["stale_timestamp: 1762076783.312 vs 1764665500.50636"], "data_sample": {"price": 0.16745, "volume": 8.0}}}
{"timestamp": "2025-12-02T08:51:40.507359+00:00", "level": "WARNING", "module": "logger", "funcName": "_log", "lineno": 188, "event_type": "streaming_indicator_engine.data_anomalies_detected", "data": {"symbol": "ARIA_USDT", "timestamp": 1762076789.309999, "anomalies": ["stale_timestamp: 1762076789.309999 vs 1764665500.5073595"], "data_sample": {"price": 0.16755, "volume": 9.0}}}
{"timestamp": "2025-12-02T08:51:40.507359+00:00", "level": "WARNING", "module": "logger", "funcName": "_log", "lineno": 188, "event_type": "streaming_indicator_engine.data_anomalies_detected", "data": {"symbol": "ARIA_USDT", "timestamp": 1762076803.311, "anomalies": ["stale_timestamp: 1762076803.311 vs 1764665500.5073595"], "data_sample": {"price": 0.16758, "volume": 10.0}}}
{"timestamp": "2025-12-02T08:51:40.520641+00:00", "level": "WARNING", "module": "logger", "funcName": "_log", "lineno": 188, "event_type": "streaming_indicator_engine.data_anomalies_detected", "data": {"symbol": "ARIA_USDT", "timestamp": 1762076816.308999, "anomalies": ["stale_timestamp: 1762076816.308999 vs 1764665500.5206416"], "data_sample": {"price": 0.16762, "volume": 9.0}}}
{"timestamp": "2025-12-02T08:51:40.535610+00:00", "level": "WARNING", "module": "logger", "funcName": "_log", "lineno": 188, "event_type": "streaming_indicator_engine.data_anomalies_detected", "data": {"symbol": "ARIA_USDT", "timestamp": 1762076825.312999, "anomalies": ["stale_timestamp: 1762076825.312999 vs 1764665500.5356104"], "data_sample": {"price": 0.16751, "volume": 10.0}}}
{"timestamp": "2025-12-02T08:51:40.550963+00:00", "level": "WARNING", "module": "logger", "funcName": "_log", "lineno": 188, "event_type": "streaming_indicator_engine.data_anomalies_detected", "data": {"symbol": "ARIA_USDT", "timestamp": 1762076831.316999, "anomalies": ["stale_timestamp: 1762076831.316999 vs 1764665500.5509639"], "data_sample": {"price": 0.1674, "volume": 6.0}}}
{"timestamp": "2025-12-02T08:51:40.565774+00:00", "level": "WARNING", "module": "logger", "funcName": "_log", "lineno": 188, "event_type": "streaming_indicator_engine.data_anomalies_detected", "data": {"symbol": "ARIA_USDT", "timestamp": 1762076839.311, "anomalies": ["stale_timestamp: 1762076839.311 vs 1764665500.5657747"], "data_sample": {"price": 0.16741, "volume": 8.0}}}
{"timestamp": "2025-12-02T08:51:40.581289+00:00", "level": "WARNING", "module": "logger", "funcName": "_log", "lineno": 188, "event_type": "streaming_indicator_engine.data_anomalies_detected", "data": {"symbol": "ARIA_USDT", "timestamp": 1762076846.312, "anomalies": ["stale_timestamp: 1762076846.312 vs 1764665500.58129"], "data_sample": {"price": 0.1674, "volume": 6.0}}}
{"timestamp": "2025-12-02T08:51:40.596365+00:00", "level": "WARNING", "module": "logger", "funcName": "_log", "lineno": 188, "event_type": "streaming_indicator_engine.data_anomalies_detected", "data": {"symbol": "ARIA_USDT", "timestamp": 1762076859.309999, "anomalies": ["stale_timestamp: 1762076859.309999 vs 1764665500.5963652"], "data_sample": {"price": 0.16723, "volume": 5.0}}}
{"timestamp": "2025-12-02T08:51:40.611627+00:00", "level": "WARNING", "module": "logger", "funcName": "_log", "lineno": 188, "event_type": "streaming_indicator_engine.data_anomalies_detected", "data": {"symbol": "ARIA_USDT", "timestamp": 1762076870.309999, "anomalies": ["stale_timestamp: 1762076870.309999 vs 1764665500.6116278"], "data_sample": {"price": 0.16724, "volume": 9.0}}}
{"timestamp": "2025-12-02T08:51:40.626507+00:00", "level": "WARNING", "module": "logger", "funcName": "_log", "lineno": 188, "event_type": "streaming_indicator_engine.data_anomalies_detected", "data": {"symbol": "ARIA_USDT", "timestamp": 1762076878.309999, "anomalies": ["stale_timestamp: 1762076878.309999 vs 1764665500.6265075"], "data_sample": {"price": 0.16731, "volume": 4.0}}}
{"timestamp": "2025-12-02T08:51:40.642071+00:00", "level": "WARNING", "module": "logger", "funcName": "_log", "lineno": 188, "event_type": "streaming_indicator_engine.data_anomalies_detected", "data": {"symbol": "ARIA_USDT", "timestamp": 1762076892.311, "anomalies": ["stale_timestamp: 1762076892.311 vs 1764665500.642071"], "data_sample": {"price": 0.16728, "volume": 9.0}}}
{"timestamp": "2025-12-02T08:51:40.672014+00:00", "level": "WARNING", "module": "logger", "funcName": "_log", "lineno": 188, "event_type": "streaming_indicator_engine.data_anomalies_detected", "data": {"symbol": "ARIA_USDT", "timestamp": 1762076900.309999, "anomalies": ["stale_timestamp: 1762076900.309999 vs 1764665500.672014"], "data_sample": {"price": 0.16731, "volume": 7.0}}}
{"timestamp": "2025-12-02T08:51:40.687300+00:00", "level": "WARNING", "module": "logger", "funcName": "_log", "lineno": 188, "event_type": "streaming_indicator_engine.data_anomalies_detected", "data": {"symbol": "ARIA_USDT", "timestamp": 1762076915.308999, "anomalies": ["stale_timestamp: 1762076915.308999 vs 1764665500.6873004"], "data_sample": {"price": 0.16729, "volume": 4.0}}}
{"timestamp": "2025-12-02T08:51:40.702699+00:00", "level": "WARNING", "module": "logger", "funcName": "_log", "lineno": 188, "event_type": "streaming_indicator_engine.data_anomalies_detected", "data": {"symbol": "ARIA_USDT", "timestamp": 1762076929.309999, "anomalies": ["stale_timestamp: 1762076929.309999 vs 1764665500.7026994"], "data_sample": {"price": 0.16725, "volume": 11.0}}}
{"timestamp": "2025-12-02T08:51:40.718306+00:00", "level": "WARNING", "module": "logger", "funcName": "_log", "lineno": 188, "event_type": "streaming_indicator_engine.data_anomalies_detected", "data": {"symbol": "ARIA_USDT", "timestamp": 1762076940.312999, "anomalies": ["stale_timestamp: 1762076940.312999 vs 1764665500.7183068"], "data_sample": {"price": 0.16733, "volume": 8.0}}}
{"timestamp": "2025-12-02T08:51:40.733411+00:00", "level": "WARNING", "module": "logger", "funcName": "_log", "lineno": 188, "event_type": "streaming_indicator_engine.data_anomalies_detected", "data": {"symbol": "ARIA_USDT", "timestamp": 1762076949.324999, "anomalies": ["stale_timestamp: 1762076949.324999 vs 1764665500.733411"], "data_sample": {"price": 0.1673, "volume": 8.0}}}
{"timestamp": "2025-12-02T08:51:40.736410+00:00", "level": "INFO", "module": "logger", "funcName": "_log", "lineno": 188, "event_type": "strategy_manager.indicator_update_received", "data": {"symbol": "ARIA_USDT", "indicator_name": "790d8eed-dc95-43ff-b625-1205d256154b_20", "indicator_type": "", "value": 0.00034029326012036327, "active_strategies_for_symbol": true, "active_count": 3}}
{"timestamp": "2025-12-02T08:51:40.737407+00:00", "level": "WARNING", "module": "logger", "funcName": "_log", "lineno": 188, "event_type": "streaming_indicator_engine.data_anomalies_detected", "data": {"symbol": "ARIA_USDT", "timestamp": 1762076965.316, "anomalies": ["stale_timestamp: 1762076965.316 vs 1764665500.7374074"], "data_sample": {"price": 0.16729, "volume": 4.0}}}
{"timestamp": "2025-12-02T08:51:40.738429+00:00", "level": "WARNING", "module": "logger", "funcName": "_log", "lineno": 188, "event_type": "streaming_indicator_engine.data_anomalies_detected", "data": {"symbol": "ARIA_USDT", "timestamp": 1762076978.312, "anomalies": ["stale_timestamp: 1762076978.312 vs 1764665500.738429"], "data_sample": {"price": 0.1673, "volume": 9.0}}}
{"timestamp": "2025-12-02T08:51:40.738960+00:00", "level": "WARNING", "module": "logger", "funcName": "_log", "lineno": 188, "event_type": "streaming_indicator_engine.data_anomalies_detected", "data": {"symbol": "ARIA_USDT", "timestamp": 1762076990.315, "anomalies": ["stale_timestamp: 1762076990.315 vs 1764665500.7389607"], "data_sample": {"price": 0.16733, "volume": 10.0}}}
{"timestamp": "2025-12-02T08:51:40.738960+00:00", "level": "WARNING", "module": "logger", "funcName": "_log", "lineno": 188, "event_type": "streaming_indicator_engine.data_anomalies_detected", "data": {"symbol": "ARIA_USDT", "timestamp": 1762076997.315, "anomalies": ["stale_timestamp: 1762076997.315 vs 1764665500.7389607"], "data_sample": {"price": 0.16726, "volume": 12.0}}}
{"timestamp": "2025-12-02T08:51:40.740017+00:00", "level": "WARNING", "module": "logger", "funcName": "_log", "lineno": 188, "event_type": "streaming_indicator_engine.data_anomalies_detected", "data": {"symbol": "ARIA_USDT", "timestamp": 1762077007.309999, "anomalies": ["stale_timestamp: 1762077007.309999 vs 1764665500.7400172"], "data_sample": {"price": 0.16719, "volume": 4.0}}}
{"timestamp": "2025-12-02T08:51:40.740017+00:00", "level": "INFO", "module": "logger", "funcName": "_log", "lineno": 188, "event_type": "strategy_manager.indicator_update_received", "data": {"symbol": "ARIA_USDT", "indicator_name": "790d8eed-dc95-43ff-b625-1205d256154b_20", "indicator_type": "", "value": 0.00034029326012036327, "active_strategies_for_symbol": true, "active_count": 3}}
{"timestamp": "2025-12-02T08:51:40.740971+00:00", "level": "WARNING", "module": "logger", "funcName": "_log", "lineno": 188, "event_type": "streaming_indicator_engine.data_anomalies_detected", "data": {"symbol": "ARIA_USDT", "timestamp": 1762077018.309999, "anomalies": ["stale_timestamp: 1762077018.309999 vs 1764665500.7409716"], "data_sample": {"price": 0.16722, "volume": 8.0}}}
{"timestamp": "2025-12-02T08:51:40.742045+00:00", "level": "WARNING", "module": "logger", "funcName": "_log", "lineno": 188, "event_type": "streaming_indicator_engine.data_anomalies_detected", "data": {"symbol": "ARIA_USDT", "timestamp": 1762077025.309999, "anomalies": ["stale_timestamp: 1762077025.309999 vs 1764665500.7420456"], "data_sample": {"price": 0.16726, "volume": 5.0}}}
{"timestamp": "2025-12-02T08:51:40.743004+00:00", "level": "WARNING", "module": "logger", "funcName": "_log", "lineno": 188, "event_type": "streaming_indicator_engine.data_anomalies_detected", "data": {"symbol": "ARIA_USDT", "timestamp": 1762077033.311, "anomalies": ["stale_timestamp: 1762077033.311 vs 1764665500.7430038"], "data_sample": {"price": 0.16725, "volume": 4.0}}}
{"timestamp": "2025-12-02T08:51:40.743975+00:00", "level": "WARNING", "module": "logger", "funcName": "_log", "lineno": 188, "event_type": "streaming_indicator_engine.data_anomalies_detected", "data": {"symbol": "ARIA_USDT", "timestamp": 1762077042.309999, "anomalies": ["stale_timestamp: 1762077042.309999 vs 1764665500.7439752"], "data_sample": {"price": 0.16724, "volume": 4.0}}}
{"timestamp": "2025-12-02T08:51:40.745966+00:00", "level": "WARNING", "module": "logger", "funcName": "_log", "lineno": 188, "event_type": "streaming_indicator_engine.data_anomalies_detected", "data": {"symbol": "ARIA_USDT", "timestamp": 1762077051.309999, "anomalies": ["stale_timestamp: 1762077051.309999 vs 1764665500.745967"], "data_sample": {"price": 0.16725, "volume": 4.0}}}
{"timestamp": "2025-12-02T08:51:40.745966+00:00", "level": "WARNING", "module": "logger", "funcName": "_log", "lineno": 188, "event_type": "streaming_indicator_engine.data_anomalies_detected", "data": {"symbol": "ARIA_USDT", "timestamp": 1762077057.312999, "anomalies": ["stale_timestamp: 1762077057.312999 vs 1764665500.745967"], "data_sample": {"price": 0.16726, "volume": 3.0}}}
{"timestamp": "2025-12-02T08:51:40.746962+00:00", "level": "WARNING", "module": "logger", "funcName": "_log", "lineno": 188, "event_type": "streaming_indicator_engine.data_anomalies_detected", "data": {"symbol": "ARIA_USDT", "timestamp": 1762077067.316999, "anomalies": ["stale_timestamp: 1762077067.316999 vs 1764665500.746963"], "data_sample": {"price": 0.16725, "volume": 8.0}}}
{"timestamp": "2025-12-02T08:51:40.764278+00:00", "level": "WARNING", "module": "logger", "funcName": "_log", "lineno": 188, "event_type": "streaming_indicator_engine.data_anomalies_detected", "data": {"symbol": "ARIA_USDT", "timestamp": 1762077081.308, "anomalies": ["stale_timestamp: 1762077081.308 vs 1764665500.7642784"], "data_sample": {"price": 0.16714, "volume": 6.0}}}
{"timestamp": "2025-12-02T08:51:40.779892+00:00", "level": "WARNING", "module": "logger", "funcName": "_log", "lineno": 188, "event_type": "streaming_indicator_engine.data_anomalies_detected", "data": {"symbol": "ARIA_USDT", "timestamp": 1762077089.311, "anomalies": ["stale_timestamp: 1762077089.311 vs 1764665500.7798922"], "data_sample": {"price": 0.16711, "volume": 4.0}}}
{"timestamp": "2025-12-02T08:51:40.795450+00:00", "level": "WARNING", "module": "logger", "funcName": "_log", "lineno": 188, "event_type": "streaming_indicator_engine.data_anomalies_detected", "data": {"symbol": "ARIA_USDT", "timestamp": 1762077098.311, "anomalies": ["stale_timestamp: 1762077098.311 vs 1764665500.7954502"], "data_sample": {"price": 0.16702, "volume": 4.0}}}
{"timestamp": "2025-12-02T08:51:40.811855+00:00", "level": "WARNING", "module": "logger", "funcName": "_log", "lineno": 188, "event_type": "streaming_indicator_engine.data_anomalies_detected", "data": {"symbol": "ARIA_USDT", "timestamp": 1762077107.335, "anomalies": ["stale_timestamp: 1762077107.335 vs 1764665500.8118556"], "data_sample": {"price": 0.167, "volume": 26.0}}}
{"timestamp": "2025-12-02T08:51:40.826037+00:00", "level": "WARNING", "module": "logger", "funcName": "_log", "lineno": 188, "event_type": "streaming_indicator_engine.data_anomalies_detected", "data": {"symbol": "ARIA_USDT", "timestamp": 1762077121.309999, "anomalies": ["stale_timestamp: 1762077121.309999 vs 1764665500.8260374"], "data_sample": {"price": 0.16704, "volume": 8.0}}}
{"timestamp": "2025-12-02T08:51:40.840870+00:00", "level": "WARNING", "module": "logger", "funcName": "_log", "lineno": 188, "event_type": "streaming_indicator_engine.data_anomalies_detected", "data": {"symbol": "ARIA_USDT", "timestamp": 1762077123.420999, "anomalies": ["stale_timestamp: 1762077123.420999 vs 1764665500.8408701"], "data_sample": {"price": 0.167, "volume": 59.0}}}
{"timestamp": "2025-12-02T08:51:40.856185+00:00", "level": "WARNING", "module": "logger", "funcName": "_log", "lineno": 188, "event_type": "streaming_indicator_engine.data_anomalies_detected", "data": {"symbol": "ARIA_USDT", "timestamp": 1762077139.311, "anomalies": ["stale_timestamp: 1762077139.311 vs 1764665500.8561857"], "data_sample": {"price": 0.16703, "volume": 5.0}}}
{"timestamp": "2025-12-02T08:51:40.871168+00:00", "level": "WARNING", "module": "logger", "funcName": "_log", "lineno": 188, "event_type": "streaming_indicator_engine.data_anomalies_detected", "data": {"symbol": "ARIA_USDT", "timestamp": 1762077152.308999, "anomalies": ["stale_timestamp: 1762077152.308999 vs 1764665500.8711686"], "data_sample": {"price": 0.16708, "volume": 9.0}}}
{"timestamp": "2025-12-02T08:51:40.887318+00:00", "level": "WARNING", "module": "logger", "funcName": "_log", "lineno": 188, "event_type": "streaming_indicator_engine.data_anomalies_detected", "data": {"symbol": "ARIA_USDT", "timestamp": 1762077163.309999, "anomalies": ["stale_timestamp: 1762077163.309999 vs 1764665500.8873186"], "data_sample": {"price": 0.16713, "volume": 11.0}}}
{"timestamp": "2025-12-02T08:51:40.902655+00:00", "level": "WARNING", "module": "logger", "funcName": "_log", "lineno": 188, "event_type": "streaming_indicator_engine.data_anomalies_detected", "data": {"symbol": "ARIA_USDT", "timestamp": 1762077172.309999, "anomalies": ["stale_timestamp: 1762077172.309999 vs 1764665500.9026556"], "data_sample": {"price": 0.16706, "volume": 12.0}}}
{"timestamp": "2025-12-02T08:51:40.918709+00:00", "level": "WARNING", "module": "logger", "funcName": "_log", "lineno": 188, "event_type": "streaming_indicator_engine.data_anomalies_detected", "data": {"symbol": "ARIA_USDT", "timestamp": 1762077187.312999, "anomalies": ["stale_timestamp: 1762077187.312999 vs 1764665500.918709"], "data_sample": {"price": 0.16705, "volume": 4.0}}}
{"timestamp": "2025-12-02T08:51:40.933880+00:00", "level": "WARNING", "module": "logger", "funcName": "_log", "lineno": 188, "event_type": "streaming_indicator_engine.data_anomalies_detected", "data": {"symbol": "ARIA_USDT", "timestamp": 1762077203.309999, "anomalies": ["stale_timestamp: 1762077203.309999 vs 1764665500.9338803"], "data_sample": {"price": 0.16703, "volume": 6.0}}}
{"timestamp": "2025-12-02T08:51:40.949747+00:00", "level": "WARNING", "module": "logger", "funcName": "_log", "lineno": 188, "event_type": "streaming_indicator_engine.data_anomalies_detected", "data": {"symbol": "ARIA_USDT", "timestamp": 1762077211.312, "anomalies": ["stale_timestamp: 1762077211.312 vs 1764665500.9497478"], "data_sample": {"price": 0.16707, "volume": 9.0}}}
{"timestamp": "2025-12-02T08:51:40.964810+00:00", "level": "WARNING", "module": "logger", "funcName": "_log", "lineno": 188, "event_type": "streaming_indicator_engine.data_anomalies_detected", "data": {"symbol": "ARIA_USDT", "timestamp": 1762077227.312999, "anomalies": ["stale_timestamp: 1762077227.312999 vs 1764665500.9648106"], "data_sample": {"price": 0.16704, "volume": 4.0}}}
{"timestamp": "2025-12-02T08:51:40.980943+00:00", "level": "WARNING", "module": "logger", "funcName": "_log", "lineno": 188, "event_type": "streaming_indicator_engine.data_anomalies_detected", "data": {"symbol": "ARIA_USDT", "timestamp": 1762077234.308999, "anomalies": ["stale_timestamp: 1762077234.308999 vs 1764665500.9804788"], "data_sample": {"price": 0.16708, "volume": 8.0}}}
{"timestamp": "2025-12-02T08:51:40.983999+00:00", "level": "INFO", "module": "logger", "funcName": "_log", "lineno": 188, "event_type": "strategy_manager.indicator_update_received", "data": {"symbol": "ARIA_USDT", "indicator_name": "f1c5bf73-df7f-4889-b417-fc3fcd71a9f7_20", "indicator_type": "", "value": 101.68355499002269, "active_strategies_for_symbol": true, "active_count": 3}}
{"timestamp": "2025-12-02T08:51:40.984973+00:00", "level": "WARNING", "module": "logger", "funcName": "_log", "lineno": 188, "event_type": "streaming_indicator_engine.data_anomalies_detected", "data": {"symbol": "ARIA_USDT", "timestamp": 1762077247.312999, "anomalies": ["stale_timestamp: 1762077247.312999 vs 1764665500.984974"], "data_sample": {"price": 0.16705, "volume": 7.0}}}
{"timestamp": "2025-12-02T08:51:40.986019+00:00", "level": "WARNING", "module": "logger", "funcName": "_log", "lineno": 188, "event_type": "streaming_indicator_engine.data_anomalies_detected", "data": {"symbol": "ARIA_USDT", "timestamp": 1762077263.309999, "anomalies": ["stale_timestamp: 1762077263.309999 vs 1764665500.9860198"], "data_sample": {"price": 0.16704, "volume": 7.0}}}
{"timestamp": "2025-12-02T08:51:40.986019+00:00", "level": "WARNING", "module": "logger", "funcName": "_log", "lineno": 188, "event_type": "streaming_indicator_engine.data_anomalies_detected", "data": {"symbol": "ARIA_USDT", "timestamp": 1762077274.309999, "anomalies": ["stale_timestamp: 1762077274.309999 vs 1764665500.9860198"], "data_sample": {"price": 0.16709, "volume": 4.0}}}
{"timestamp": "2025-12-02T08:51:40.987027+00:00", "level": "WARNING", "module": "logger", "funcName": "_log", "lineno": 188, "event_type": "streaming_indicator_engine.data_anomalies_detected", "data": {"symbol": "ARIA_USDT", "timestamp": 1762077281.311, "anomalies": ["stale_timestamp: 1762077281.311 vs 1764665500.9870272"], "data_sample": {"price": 0.16713, "volume": 12.0}}}
{"timestamp": "2025-12-02T08:51:40.987027+00:00", "level": "WARNING", "module": "logger", "funcName": "_log", "lineno": 188, "event_type": "streaming_indicator_engine.data_anomalies_detected", "data": {"symbol": "ARIA_USDT", "timestamp": 1762077290.312, "anomalies": ["stale_timestamp: 1762077290.312 vs 1764665500.9870272"], "data_sample": {"price": 0.16709, "volume": 8.0}}}
{"timestamp": "2025-12-02T08:51:40.987027+00:00", "level": "INFO", "module": "logger", "funcName": "_log", "lineno": 188, "event_type": "strategy_manager.indicator_update_received", "data": {"symbol": "ARIA_USDT", "indicator_name": "f1c5bf73-df7f-4889-b417-fc3fcd71a9f7_20", "indicator_type": "", "value": 101.68355499002269, "active_strategies_for_symbol": true, "active_count": 3}}
{"timestamp": "2025-12-02T08:51:40.988505+00:00", "level": "WARNING", "module": "logger", "funcName": "_log", "lineno": 188, "event_type": "streaming_indicator_engine.data_anomalies_detected", "data": {"symbol": "ARIA_USDT", "timestamp": 1762077299.312, "anomalies": ["stale_timestamp: 1762077299.312 vs 1764665500.9885058"], "data_sample": {"price": 0.16706, "volume": 8.0}}}
{"timestamp": "2025-12-02T08:51:40.988505+00:00", "level": "WARNING", "module": "logger", "funcName": "_log", "lineno": 188, "event_type": "streaming_indicator_engine.data_anomalies_detected", "data": {"symbol": "ARIA_USDT", "timestamp": 1762077309.309999, "anomalies": ["stale_timestamp: 1762077309.309999 vs 1764665500.9885058"], "data_sample": {"price": 0.16705, "volume": 6.0}}}
{"timestamp": "2025-12-02T08:51:40.989513+00:00", "level": "WARNING", "module": "logger", "funcName": "_log", "lineno": 188, "event_type": "streaming_indicator_engine.data_anomalies_detected", "data": {"symbol": "ARIA_USDT", "timestamp": 1762077318.312, "anomalies": ["stale_timestamp: 1762077318.312 vs 1764665500.9895134"], "data_sample": {"price": 0.16706, "volume": 9.0}}}
{"timestamp": "2025-12-02T08:51:40.989513+00:00", "level": "WARNING", "module": "logger", "funcName": "_log", "lineno": 188, "event_type": "streaming_indicator_engine.data_anomalies_detected", "data": {"symbol": "ARIA_USDT", "timestamp": 1762077324.309999, "anomalies": ["stale_timestamp: 1762077324.309999 vs 1764665500.9895134"], "data_sample": {"price": 0.1671, "volume": 5.0}}}
{"timestamp": "2025-12-02T08:51:40.990521+00:00", "level": "WARNING", "module": "logger", "funcName": "_log", "lineno": 188, "event_type": "streaming_indicator_engine.data_anomalies_detected", "data": {"symbol": "ARIA_USDT", "timestamp": 1762077335.309999, "anomalies": ["stale_timestamp: 1762077335.309999 vs 1764665500.9905214"], "data_sample": {"price": 0.16709, "volume": 4.0}}}
{"timestamp": "2025-12-02T08:51:40.990521+00:00", "level": "WARNING", "module": "logger", "funcName": "_log", "lineno": 188, "event_type": "streaming_indicator_engine.data_anomalies_detected", "data": {"symbol": "ARIA_USDT", "timestamp": 1762077351.309999, "anomalies": ["stale_timestamp: 1762077351.309999 vs 1764665500.9905214"], "data_sample": {"price": 0.1671, "volume": 3.0}}}
{"timestamp": "2025-12-02T08:51:40.990521+00:00", "level": "WARNING", "module": "logger", "funcName": "_log", "lineno": 188, "event_type": "streaming_indicator_engine.data_anomalies_detected", "data": {"symbol": "ARIA_USDT", "timestamp": 1762077362.309999, "anomalies": ["stale_timestamp: 1762077362.309999 vs 1764665500.9905214"], "data_sample": {"price": 0.16716, "volume": 5.0}}}
{"timestamp": "2025-12-02T08:51:41.012794+00:00", "level": "WARNING", "module": "logger", "funcName": "_log", "lineno": 188, "event_type": "streaming_indicator_engine.data_anomalies_detected", "data": {"symbol": "ARIA_USDT", "timestamp": 1762077376.309999, "anomalies": ["stale_timestamp: 1762077376.309999 vs 1764665501.0127947"], "data_sample": {"price": 0.16724, "volume": 11.0}}}
{"timestamp": "2025-12-02T08:51:41.026633+00:00", "level": "WARNING", "module": "logger", "funcName": "_log", "lineno": 188, "event_type": "streaming_indicator_engine.data_anomalies_detected", "data": {"symbol": "ARIA_USDT", "timestamp": 1762077387.309999, "anomalies": ["stale_timestamp: 1762077387.309999 vs 1764665501.0266337"], "data_sample": {"price": 0.16726, "volume": 11.0}}}
{"timestamp": "2025-12-02T08:51:41.041598+00:00", "level": "WARNING", "module": "logger", "funcName": "_log", "lineno": 188, "event_type": "streaming_indicator_engine.data_anomalies_detected", "data": {"symbol": "ARIA_USDT", "timestamp": 1762077395.309999, "anomalies": ["stale_timestamp: 1762077395.309999 vs 1764665501.0415986"], "data_sample": {"price": 0.16728, "volume": 3.0}}}
{"timestamp": "2025-12-02T08:51:41.057374+00:00", "level": "WARNING", "module": "logger", "funcName": "_log", "lineno": 188, "event_type": "streaming_indicator_engine.data_anomalies_detected", "data": {"symbol": "ARIA_USDT", "timestamp": 1762077402.309999, "anomalies": ["stale_timestamp: 1762077402.309999 vs 1764665501.0573745"], "data_sample": {"price": 0.1673, "volume": 10.0}}}
{"timestamp": "2025-12-02T08:51:41.058804+00:00", "level": "WARNING", "module": "logger", "funcName": "_log", "lineno": 188, "event_type": "streaming_indicator_engine.data_anomalies_detected", "data": {"symbol": "ARIA_USDT", "timestamp": 1762077412.311, "anomalies": ["stale_timestamp: 1762077412.311 vs 1764665501.0588043"], "data_sample": {"price": 0.16729, "volume": 7.0}}}
{"timestamp": "2025-12-02T08:51:41.072334+00:00", "level": "WARNING", "module": "logger", "funcName": "_log", "lineno": 188, "event_type": "streaming_indicator_engine.data_anomalies_detected", "data": {"symbol": "ARIA_USDT", "timestamp": 1762077421.309999, "anomalies": ["stale_timestamp: 1762077421.309999 vs 1764665501.0723348"], "data_sample": {"price": 0.16727, "volume": 4.0}}}
{"timestamp": "2025-12-02T08:51:41.108501+00:00", "level": "WARNING", "module": "logger", "funcName": "_log", "lineno": 188, "event_type": "streaming_indicator_engine.data_anomalies_detected", "data": {"symbol": "ARIA_USDT", "timestamp": 1762076372.312999, "anomalies": ["stale_timestamp: 1762076372.312999 vs 1764665501.108501"], "data_sample": {"price": 0.1671, "volume": 3.0}}}
{"timestamp": "2025-12-02T08:51:41.135133+00:00", "level": "WARNING", "module": "logger", "funcName": "_log", "lineno": 188, "event_type": "streaming_indicator_engine.data_anomalies_detected", "data": {"symbol": "ARIA_USDT", "timestamp": 1762076381.309999, "anomalies": ["stale_timestamp: 1762076381.309999 vs 1764665501.1351335"], "data_sample": {"price": 0.16715, "volume": 8.0}}}
{"timestamp": "2025-12-02T08:51:41.151208+00:00", "level": "WARNING", "module": "logger", "funcName": "_log", "lineno": 188, "event_type": "streaming_indicator_engine.data_anomalies_detected", "data": {"symbol": "ARIA_USDT", "timestamp": 1762076388.311, "anomalies": ["stale_timestamp: 1762076388.311 vs 1764665501.1512086"], "data_sample": {"price": 0.16714, "volume": 9.0}}}
{"timestamp": "2025-12-02T08:51:41.165852+00:00", "level": "WARNING", "module": "logger", "funcName": "_log", "lineno": 188, "event_type": "streaming_indicator_engine.data_anomalies_detected", "data": {"symbol": "ARIA_USDT", "timestamp": 1762076401.309999, "anomalies": ["stale_timestamp: 1762076401.309999 vs 1764665501.1658523"], "data_sample": {"price": 0.16717, "volume": 7.0}}}
{"timestamp": "2025-12-02T08:51:41.181076+00:00", "level": "WARNING", "module": "logger", "funcName": "_log", "lineno": 188, "event_type": "streaming_indicator_engine.data_anomalies_detected", "data": {"symbol": "ARIA_USDT", "timestamp": 1762076408.312, "anomalies": ["stale_timestamp: 1762076408.312 vs 1764665501.1810765"], "data_sample": {"price": 0.16713, "volume": 3.0}}}
{"timestamp": "2025-12-02T08:51:41.196594+00:00", "level": "WARNING", "module": "logger", "funcName": "_log", "lineno": 188, "event_type": "streaming_indicator_engine.data_anomalies_detected", "data": {"symbol": "ARIA_USDT", "timestamp": 1762076417.311, "anomalies": ["stale_timestamp: 1762076417.311 vs 1764665501.1965942"], "data_sample": {"price": 0.16708, "volume": 3.0}}}
{"timestamp": "2025-12-02T08:51:41.211308+00:00", "level": "WARNING", "module": "logger", "funcName": "_log", "lineno": 188, "event_type": "streaming_indicator_engine.data_anomalies_detected", "data": {"symbol": "ARIA_USDT", "timestamp": 1762076427.308999, "anomalies": ["stale_timestamp: 1762076427.308999 vs 1764665501.211308"], "data_sample": {"price": 0.16707, "volume": 12.0}}}
{"timestamp": "2025-12-02T08:51:41.226967+00:00", "level": "WARNING", "module": "logger", "funcName": "_log", "lineno": 188, "event_type": "streaming_indicator_engine.data_anomalies_detected", "data": {"symbol": "ARIA_USDT", "timestamp": 1762076435.309999, "anomalies": ["stale_timestamp: 1762076435.309999 vs 1764665501.2269673"], "data_sample": {"price": 0.1671, "volume": 4.0}}}
{"timestamp": "2025-12-02T08:51:41.231430+00:00", "level": "INFO", "module": "logger", "funcName": "_log", "lineno": 188, "event_type": "strategy_manager.indicator_update_received", "data": {"symbol": "ARIA_USDT", "indicator_name": "611fad91-045d-408b-8822-f43428935033_20", "indicator_type": "", "value": -0.000992212042444225, "active_strategies_for_symbol": true, "active_count": 3}}
{"timestamp": "2025-12-02T08:51:41.232430+00:00", "level": "WARNING", "module": "logger", "funcName": "_log", "lineno": 188, "event_type": "streaming_indicator_engine.data_anomalies_detected", "data": {"symbol": "ARIA_USDT", "timestamp": 1762076447.309999, "anomalies": ["stale_timestamp: 1762076447.309999 vs 1764665501.23243"], "data_sample": {"price": 0.16708, "volume": 9.0}}}
{"timestamp": "2025-12-02T08:51:41.233428+00:00", "level": "WARNING", "module": "logger", "funcName": "_log", "lineno": 188, "event_type": "streaming_indicator_engine.data_anomalies_detected", "data": {"symbol": "ARIA_USDT", "timestamp": 1762076462.309999, "anomalies": ["stale_timestamp: 1762076462.309999 vs 1764665501.2334287"], "data_sample": {"price": 0.16726, "volume": 10.0}}}
{"timestamp": "2025-12-02T08:51:41.233428+00:00", "level": "WARNING", "module": "logger", "funcName": "_log", "lineno": 188, "event_type": "streaming_indicator_engine.data_anomalies_detected", "data": {"symbol": "ARIA_USDT", "timestamp": 1762076476.308999, "anomalies": ["stale_timestamp: 1762076476.308999 vs 1764665501.2334287"], "data_sample": {"price": 0.16745, "volume": 9.0}}}
{"timestamp": "2025-12-02T08:51:41.234460+00:00", "level": "WARNING", "module": "logger", "funcName": "_log", "lineno": 188, "event_type": "streaming_indicator_engine.data_anomalies_detected", "data": {"symbol": "ARIA_USDT", "timestamp": 1762076490.311, "anomalies": ["stale_timestamp: 1762076490.311 vs 1764665501.23446"], "data_sample": {"price": 0.16766, "volume": 7.0}}}
{"timestamp": "2025-12-02T08:51:41.235471+00:00", "level": "WARNING", "module": "logger", "funcName": "_log", "lineno": 188, "event_type": "streaming_indicator_engine.data_anomalies_detected", "data": {"symbol": "ARIA_USDT", "timestamp": 1762076501.311, "anomalies": ["stale_timestamp: 1762076501.311 vs 1764665501.2354717"], "data_sample": {"price": 0.16763, "volume": 5.0}}}
{"timestamp": "2025-12-02T08:51:41.235471+00:00", "level": "INFO", "module": "logger", "funcName": "_log", "lineno": 188, "event_type": "strategy_manager.indicator_update_received", "data": {"symbol": "ARIA_USDT", "indicator_name": "611fad91-045d-408b-8822-f43428935033_20", "indicator_type": "", "value": -0.000992212042444225, "active_strategies_for_symbol": true, "active_count": 3}}
{"timestamp": "2025-12-02T08:51:41.235471+00:00", "level": "WARNING", "module": "logger", "funcName": "_log", "lineno": 188, "event_type": "streaming_indicator_engine.data_anomalies_detected", "data": {"symbol": "ARIA_USDT", "timestamp": 1762076514.408999, "anomalies": ["stale_timestamp: 1762076514.408999 vs 1764665501.2354717"], "data_sample": {"price": 0.16766, "volume": 10.0}}}
{"timestamp": "2025-12-02T08:51:41.236465+00:00", "level": "WARNING", "module": "logger", "funcName": "_log", "lineno": 188, "event_type": "streaming_indicator_engine.data_anomalies_detected", "data": {"symbol": "ARIA_USDT", "timestamp": 1762076520.311, "anomalies": ["stale_timestamp: 1762076520.311 vs 1764665501.2364655"], "data_sample": {"price": 0.1677, "volume": 9.0}}}
{"timestamp": "2025-12-02T08:51:41.237778+00:00", "level": "WARNING", "module": "logger", "funcName": "_log", "lineno": 188, "event_type": "streaming_indicator_engine.data_anomalies_detected", "data": {"symbol": "ARIA_USDT", "timestamp": 1762076531.311, "anomalies": ["stale_timestamp: 1762076531.311 vs 1764665501.237778"], "data_sample": {"price": 0.16778, "volume": 10.0}}}
{"timestamp": "2025-12-02T08:51:41.237778+00:00", "level": "WARNING", "module": "logger", "funcName": "_log", "lineno": 188, "event_type": "streaming_indicator_engine.data_anomalies_detected", "data": {"symbol": "ARIA_USDT", "timestamp": 1762076537.311, "anomalies": ["stale_timestamp: 1762076537.311 vs 1764665501.237778"], "data_sample": {"price": 0.16777, "volume": 10.0}}}
{"timestamp": "2025-12-02T08:51:41.237778+00:00", "level": "WARNING", "module": "logger", "funcName": "_log", "lineno": 188, "event_type": "streaming_indicator_engine.data_anomalies_detected", "data": {"symbol": "ARIA_USDT", "timestamp": 1762076543.312, "anomalies": ["stale_timestamp: 1762076543.312 vs 1764665501.237778"], "data_sample": {"price": 0.16765, "volume": 8.0}}}
{"timestamp": "2025-12-02T08:51:41.238789+00:00", "level": "WARNING", "module": "logger", "funcName": "_log", "lineno": 188, "event_type": "streaming_indicator_engine.data_anomalies_detected", "data": {"symbol": "ARIA_USDT", "timestamp": 1762076551.311, "anomalies": ["stale_timestamp: 1762076551.311 vs 1764665501.238789"], "data_sample": {"price": 0.16776, "volume": 7.0}}}
{"timestamp": "2025-12-02T08:51:41.238789+00:00", "level": "WARNING", "module": "logger", "funcName": "_log", "lineno": 188, "event_type": "streaming_indicator_engine.data_anomalies_detected", "data": {"symbol": "ARIA_USDT", "timestamp": 1762076567.313999, "anomalies": ["stale_timestamp: 1762076567.313999 vs 1764665501.238789"], "data_sample": {"price": 0.16779, "volume": 4.0}}}
{"timestamp": "2025-12-02T08:51:41.257609+00:00", "level": "WARNING", "module": "logger", "funcName": "_log", "lineno": 188, "event_type": "streaming_indicator_engine.data_anomalies_detected", "data": {"symbol": "ARIA_USDT", "timestamp": 1762076582.312999, "anomalies": ["stale_timestamp: 1762076582.312999 vs 1764665501.2576098"], "data_sample": {"price": 0.16774, "volume": 4.0}}}
{"timestamp": "2025-12-02T08:51:41.272998+00:00", "level": "WARNING", "module": "logger", "funcName": "_log", "lineno": 188, "event_type": "streaming_indicator_engine.data_anomalies_detected", "data": {"symbol": "ARIA_USDT", "timestamp": 1762076595.309999, "anomalies": ["stale_timestamp: 1762076595.309999 vs 1764665501.2729983"], "data_sample": {"price": 0.16776, "volume": 10.0}}}
{"timestamp": "2025-12-02T08:51:41.288916+00:00", "level": "WARNING", "module": "logger", "funcName": "_log", "lineno": 188, "event_type": "streaming_indicator_engine.data_anomalies_detected", "data": {"symbol": "ARIA_USDT", "timestamp": 1762076606.309999, "anomalies": ["stale_timestamp: 1762076606.309999 vs 1764665501.2884107"], "data_sample": {"price": 0.16772, "volume": 9.0}}}
{"timestamp": "2025-12-02T08:51:41.304468+00:00", "level": "WARNING", "module": "logger", "funcName": "_log", "lineno": 188, "event_type": "streaming_indicator_engine.data_anomalies_detected", "data": {"symbol": "ARIA_USDT", "timestamp": 1762076620.309999, "anomalies": ["stale_timestamp: 1762076620.309999 vs 1764665501.3044682"], "data_sample": {"price": 0.16764, "volume": 5.0}}}
{"timestamp": "2025-12-02T08:51:41.320519+00:00", "level": "WARNING", "module": "logger", "funcName": "_log", "lineno": 188, "event_type": "streaming_indicator_engine.data_anomalies_detected", "data": {"symbol": "ARIA_USDT", "timestamp": 1762076628.311, "anomalies": ["stale_timestamp: 1762076628.311 vs 1764665501.320519"], "data_sample": {"price": 0.16761, "volume": 7.0}}}
{"timestamp": "2025-12-02T08:51:41.335897+00:00", "level": "WARNING", "module": "logger", "funcName": "_log", "lineno": 188, "event_type": "streaming_indicator_engine.data_anomalies_detected", "data": {"symbol": "ARIA_USDT", "timestamp": 1762076638.312999, "anomalies": ["stale_timestamp: 1762076638.312999 vs 1764665501.335897"], "data_sample": {"price": 0.16763, "volume": 10.0}}}
{"timestamp": "2025-12-02T08:51:41.351546+00:00", "level": "WARNING", "module": "logger", "funcName": "_log", "lineno": 188, "event_type": "streaming_indicator_engine.data_anomalies_detected", "data": {"symbol": "ARIA_USDT", "timestamp": 1762076647.309999, "anomalies": ["stale_timestamp: 1762076647.309999 vs 1764665501.3515463"], "data_sample": {"price": 0.16762, "volume": 4.0}}}
{"timestamp": "2025-12-02T08:51:41.366786+00:00", "level": "WARNING", "module": "logger", "funcName": "_log", "lineno": 188, "event_type": "streaming_indicator_engine.data_anomalies_detected", "data": {"symbol": "ARIA_USDT", "timestamp": 1762076653.309999, "anomalies": ["stale_timestamp: 1762076653.309999 vs 1764665501.3667867"], "data_sample": {"price": 0.16761, "volume": 9.0}}}
{"timestamp": "2025-12-02T08:51:41.382632+00:00", "level": "WARNING", "module": "logger", "funcName": "_log", "lineno": 188, "event_type": "streaming_indicator_engine.data_anomalies_detected", "data": {"symbol": "ARIA_USDT", "timestamp": 1762076666.309999, "anomalies": ["stale_timestamp: 1762076666.309999 vs 1764665501.3826323"], "data_sample": {"price": 0.16763, "volume": 9.0}}}
{"timestamp": "2025-12-02T08:51:41.397713+00:00", "level": "WARNING", "module": "logger", "funcName": "_log", "lineno": 188, "event_type": "streaming_indicator_engine.data_anomalies_detected", "data": {"symbol": "ARIA_USDT", "timestamp": 1762076672.308999, "anomalies": ["stale_timestamp: 1762076672.308999 vs 1764665501.3977132"], "data_sample": {"price": 0.16762, "volume": 9.0}}}
{"timestamp": "2025-12-02T08:51:41.413881+00:00", "level": "WARNING", "module": "logger", "funcName": "_log", "lineno": 188, "event_type": "streaming_indicator_engine.data_anomalies_detected", "data": {"symbol": "ARIA_USDT", "timestamp": 1762076685.309999, "anomalies": ["stale_timestamp: 1762076685.309999 vs 1764665501.4138815"], "data_sample": {"price": 0.16732, "volume": 9.0}}}
{"timestamp": "2025-12-02T08:51:41.430314+00:00", "level": "WARNING", "module": "logger", "funcName": "_log", "lineno": 188, "event_type": "streaming_indicator_engine.data_anomalies_detected", "data": {"symbol": "ARIA_USDT", "timestamp": 1762076699.311, "anomalies": ["stale_timestamp: 1762076699.311 vs 1764665501.429185"], "data_sample": {"price": 0.16737, "volume": 11.0}}}
{"timestamp": "2025-12-02T08:51:41.443972+00:00", "level": "WARNING", "module": "logger", "funcName": "_log", "lineno": 188, "event_type": "streaming_indicator_engine.data_anomalies_detected", "data": {"symbol": "ARIA_USDT", "timestamp": 1762076713.309999, "anomalies": ["stale_timestamp: 1762076713.309999 vs 1764665501.4439726"], "data_sample": {"price": 0.16735, "volume": 4.0}}}
{"timestamp": "2025-12-02T08:51:41.459560+00:00", "level": "WARNING", "module": "logger", "funcName": "_log", "lineno": 188, "event_type": "streaming_indicator_engine.data_anomalies_detected", "data": {"symbol": "ARIA_USDT", "timestamp": 1762076728.311, "anomalies": ["stale_timestamp: 1762076728.311 vs 1764665501.45956"], "data_sample": {"price": 0.16739, "volume": 9.0}}}
{"timestamp": "2025-12-02T08:51:41.475805+00:00", "level": "WARNING", "module": "logger", "funcName": "_log", "lineno": 188, "event_type": "streaming_indicator_engine.data_anomalies_detected", "data": {"symbol": "ARIA_USDT", "timestamp": 1762076734.308999, "anomalies": ["stale_timestamp: 1762076734.308999 vs 1764665501.4748797"], "data_sample": {"price": 0.16744, "volume": 9.0}}}
{"timestamp": "2025-12-02T08:51:41.477801+00:00", "level": "WARNING", "module": "logger", "funcName": "_log", "lineno": 188, "event_type": "streaming_indicator_engine.data_anomalies_detected", "data": {"symbol": "ARIA_USDT", "timestamp": 1762076750.309999, "anomalies": ["stale_timestamp: 1762076750.309999 vs 1764665501.4767988"], "data_sample": {"price": 0.16747, "volume": 10.0}}}
{"timestamp": "2025-12-02T08:51:41.489875+00:00", "level": "WARNING", "module": "logger", "funcName": "_log", "lineno": 188, "event_type": "streaming_indicator_engine.data_anomalies_detected", "data": {"symbol": "ARIA_USDT", "timestamp": 1762076759.311, "anomalies": ["stale_timestamp: 1762076759.311 vs 1764665501.4898758"], "data_sample": {"price": 0.16746, "volume": 10.0}}}
{"timestamp": "2025-12-02T08:51:41.505391+00:00", "level": "WARNING", "module": "logger", "funcName": "_log", "lineno": 188, "event_type": "streaming_indicator_engine.data_anomalies_detected", "data": {"symbol": "ARIA_USDT", "timestamp": 1762076767.309999, "anomalies": ["stale_timestamp: 1762076767.309999 vs 1764665501.5053914"], "data_sample": {"price": 0.16742, "volume": 8.0}}}
{"timestamp": "2025-12-02T08:51:41.523937+00:00", "level": "WARNING", "module": "logger", "funcName": "_log", "lineno": 188, "event_type": "streaming_indicator_engine.data_anomalies_detected", "data": {"symbol": "ARIA_USDT", "timestamp": 1762076783.312, "anomalies": ["stale_timestamp: 1762076783.312 vs 1764665501.5239372"], "data_sample": {"price": 0.16745, "volume": 8.0}}}
{"timestamp": "2025-12-02T08:51:41.536569+00:00", "level": "WARNING", "module": "logger", "funcName": "_log", "lineno": 188, "event_type": "streaming_indicator_engine.data_anomalies_detected", "data": {"symbol": "ARIA_USDT", "timestamp": 1762076789.309999, "anomalies": ["stale_timestamp: 1762076789.309999 vs 1764665501.5365696"], "data_sample": {"price": 0.16755, "volume": 9.0}}}
{"timestamp": "2025-12-02T08:51:41.552406+00:00", "level": "WARNING", "module": "logger", "funcName": "_log", "lineno": 188, "event_type": "streaming_indicator_engine.data_anomalies_detected", "data": {"symbol": "ARIA_USDT", "timestamp": 1762076803.311, "anomalies": ["stale_timestamp: 1762076803.311 vs 1764665501.5524068"], "data_sample": {"price": 0.16758, "volume": 10.0}}}
{"timestamp": "2025-12-02T08:51:41.567800+00:00", "level": "WARNING", "module": "logger", "funcName": "_log", "lineno": 188, "event_type": "streaming_indicator_engine.data_anomalies_detected", "data": {"symbol": "ARIA_USDT", "timestamp": 1762076816.308999, "anomalies": ["stale_timestamp: 1762076816.308999 vs 1764665501.5678005"], "data_sample": {"price": 0.16762, "volume": 9.0}}}
{"timestamp": "2025-12-02T08:51:41.583834+00:00", "level": "WARNING", "module": "logger", "funcName": "_log", "lineno": 188, "event_type": "streaming_indicator_engine.data_anomalies_detected", "data": {"symbol": "ARIA_USDT", "timestamp": 1762076825.312999, "anomalies": ["stale_timestamp: 1762076825.312999 vs 1764665501.5838346"], "data_sample": {"price": 0.16751, "volume": 10.0}}}
{"timestamp": "2025-12-02T08:51:41.598629+00:00", "level": "WARNING", "module": "logger", "funcName": "_log", "lineno": 188, "event_type": "streaming_indicator_engine.data_anomalies_detected", "data": {"symbol": "ARIA_USDT", "timestamp": 1762076831.316999, "anomalies": ["stale_timestamp: 1762076831.316999 vs 1764665501.5986297"], "data_sample": {"price": 0.1674, "volume": 6.0}}}
{"timestamp": "2025-12-02T08:51:41.614541+00:00", "level": "WARNING", "module": "logger", "funcName": "_log", "lineno": 188, "event_type": "streaming_indicator_engine.data_anomalies_detected", "data": {"symbol": "ARIA_USDT", "timestamp": 1762076839.311, "anomalies": ["stale_timestamp: 1762076839.311 vs 1764665501.6145415"], "data_sample": {"price": 0.16741, "volume": 8.0}}}
      Status: running, Ticks: 0, Signals: 0
{"timestamp": "2025-12-02T08:51:41.630963+00:00", "level": "WARNING", "module": "logger", "funcName": "_log", "lineno": 188, "event_type": "streaming_indicator_engine.data_anomalies_detected", "data": {"symbol": "ARIA_USDT", "timestamp": 1762076846.312, "anomalies": ["stale_timestamp: 1762076846.312 vs 1764665501.6309636"], "data_sample": {"price": 0.1674, "volume": 6.0}}}
{"timestamp": "2025-12-02T08:51:41.645013+00:00", "level": "WARNING", "module": "logger", "funcName": "_log", "lineno": 188, "event_type": "streaming_indicator_engine.data_anomalies_detected", "data": {"symbol": "ARIA_USDT", "timestamp": 1762076859.309999, "anomalies": ["stale_timestamp: 1762076859.309999 vs 1764665501.645013"], "data_sample": {"price": 0.16723, "volume": 5.0}}}
{"timestamp": "2025-12-02T08:51:41.660307+00:00", "level": "WARNING", "module": "logger", "funcName": "_log", "lineno": 188, "event_type": "streaming_indicator_engine.data_anomalies_detected", "data": {"symbol": "ARIA_USDT", "timestamp": 1762076870.309999, "anomalies": ["stale_timestamp: 1762076870.309999 vs 1764665501.6603076"], "data_sample": {"price": 0.16724, "volume": 9.0}}}
{"timestamp": "2025-12-02T08:51:41.675244+00:00", "level": "WARNING", "module": "logger", "funcName": "_log", "lineno": 188, "event_type": "streaming_indicator_engine.data_anomalies_detected", "data": {"symbol": "ARIA_USDT", "timestamp": 1762076878.309999, "anomalies": ["stale_timestamp: 1762076878.309999 vs 1764665501.6752448"], "data_sample": {"price": 0.16731, "volume": 4.0}}}
{"timestamp": "2025-12-02T08:51:41.690311+00:00", "level": "WARNING", "module": "logger", "funcName": "_log", "lineno": 188, "event_type": "streaming_indicator_engine.data_anomalies_detected", "data": {"symbol": "ARIA_USDT", "timestamp": 1762076892.311, "anomalies": ["stale_timestamp: 1762076892.311 vs 1764665501.6903114"], "data_sample": {"price": 0.16728, "volume": 9.0}}}
{"timestamp": "2025-12-02T08:51:41.721229+00:00", "level": "WARNING", "module": "logger", "funcName": "_log", "lineno": 188, "event_type": "streaming_indicator_engine.data_anomalies_detected", "data": {"symbol": "ARIA_USDT", "timestamp": 1762076900.309999, "anomalies": ["stale_timestamp: 1762076900.309999 vs 1764665501.7212296"], "data_sample": {"price": 0.16731, "volume": 7.0}}}
{"timestamp": "2025-12-02T08:51:41.736047+00:00", "level": "WARNING", "module": "logger", "funcName": "_log", "lineno": 188, "event_type": "streaming_indicator_engine.data_anomalies_detected", "data": {"symbol": "ARIA_USDT", "timestamp": 1762076915.308999, "anomalies": ["stale_timestamp: 1762076915.308999 vs 1764665501.7360473"], "data_sample": {"price": 0.16729, "volume": 4.0}}}
{"timestamp": "2025-12-02T08:51:41.739559+00:00", "level": "INFO", "module": "logger", "funcName": "_log", "lineno": 188, "event_type": "strategy_manager.indicator_update_received", "data": {"symbol": "ARIA_USDT", "indicator_name": "5fc82998-9270-4b44-8312-f74ddd20a93d_20", "indicator_type": "", "value": -64.99021631066452, "active_strategies_for_symbol": true, "active_count": 3}}
{"timestamp": "2025-12-02T08:51:41.740564+00:00", "level": "WARNING", "module": "logger", "funcName": "_log", "lineno": 188, "event_type": "streaming_indicator_engine.data_anomalies_detected", "data": {"symbol": "ARIA_USDT", "timestamp": 1762076929.309999, "anomalies": ["stale_timestamp: 1762076929.309999 vs 1764665501.7405646"], "data_sample": {"price": 0.16725, "volume": 11.0}}}
{"timestamp": "2025-12-02T08:51:41.741568+00:00", "level": "WARNING", "module": "logger", "funcName": "_log", "lineno": 188, "event_type": "streaming_indicator_engine.data_anomalies_detected", "data": {"symbol": "ARIA_USDT", "timestamp": 1762076940.312999, "anomalies": ["stale_timestamp: 1762076940.312999 vs 1764665501.741569"], "data_sample": {"price": 0.16733, "volume": 8.0}}}
{"timestamp": "2025-12-02T08:51:41.742649+00:00", "level": "WARNING", "module": "logger", "funcName": "_log", "lineno": 188, "event_type": "streaming_indicator_engine.data_anomalies_detected", "data": {"symbol": "ARIA_USDT", "timestamp": 1762076949.324999, "anomalies": ["stale_timestamp: 1762076949.324999 vs 1764665501.7426496"], "data_sample": {"price": 0.1673, "volume": 8.0}}}
{"timestamp": "2025-12-02T08:51:41.742649+00:00", "level": "WARNING", "module": "logger", "funcName": "_log", "lineno": 188, "event_type": "streaming_indicator_engine.data_anomalies_detected", "data": {"symbol": "ARIA_USDT", "timestamp": 1762076965.316, "anomalies": ["stale_timestamp: 1762076965.316 vs 1764665501.7426496"], "data_sample": {"price": 0.16729, "volume": 4.0}}}
{"timestamp": "2025-12-02T08:51:41.743563+00:00", "level": "WARNING", "module": "logger", "funcName": "_log", "lineno": 188, "event_type": "streaming_indicator_engine.data_anomalies_detected", "data": {"symbol": "ARIA_USDT", "timestamp": 1762076978.312, "anomalies": ["stale_timestamp: 1762076978.312 vs 1764665501.7435634"], "data_sample": {"price": 0.1673, "volume": 9.0}}}
{"timestamp": "2025-12-02T08:51:41.743563+00:00", "level": "INFO", "module": "logger", "funcName": "_log", "lineno": 188, "event_type": "strategy_manager.indicator_update_received", "data": {"symbol": "ARIA_USDT", "indicator_name": "5fc82998-9270-4b44-8312-f74ddd20a93d_20", "indicator_type": "", "value": -64.99021631066452, "active_strategies_for_symbol": true, "active_count": 3}}
{"timestamp": "2025-12-02T08:51:41.744599+00:00", "level": "WARNING", "module": "logger", "funcName": "_log", "lineno": 188, "event_type": "streaming_indicator_engine.data_anomalies_detected", "data": {"symbol": "ARIA_USDT", "timestamp": 1762076990.315, "anomalies": ["stale_timestamp: 1762076990.315 vs 1764665501.7445998"], "data_sample": {"price": 0.16733, "volume": 10.0}}}
{"timestamp": "2025-12-02T08:51:41.744599+00:00", "level": "WARNING", "module": "logger", "funcName": "_log", "lineno": 188, "event_type": "streaming_indicator_engine.data_anomalies_detected", "data": {"symbol": "ARIA_USDT", "timestamp": 1762076997.315, "anomalies": ["stale_timestamp: 1762076997.315 vs 1764665501.7445998"], "data_sample": {"price": 0.16726, "volume": 12.0}}}
{"timestamp": "2025-12-02T08:51:41.745616+00:00", "level": "WARNING", "module": "logger", "funcName": "_log", "lineno": 188, "event_type": "streaming_indicator_engine.data_anomalies_detected", "data": {"symbol": "ARIA_USDT", "timestamp": 1762077007.309999, "anomalies": ["stale_timestamp: 1762077007.309999 vs 1764665501.7456164"], "data_sample": {"price": 0.16719, "volume": 4.0}}}
{"timestamp": "2025-12-02T08:51:41.747680+00:00", "level": "WARNING", "module": "logger", "funcName": "_log", "lineno": 188, "event_type": "streaming_indicator_engine.data_anomalies_detected", "data": {"symbol": "ARIA_USDT", "timestamp": 1762077018.309999, "anomalies": ["stale_timestamp: 1762077018.309999 vs 1764665501.7465913"], "data_sample": {"price": 0.16722, "volume": 8.0}}}
{"timestamp": "2025-12-02T08:51:41.748615+00:00", "level": "WARNING", "module": "logger", "funcName": "_log", "lineno": 188, "event_type": "streaming_indicator_engine.data_anomalies_detected", "data": {"symbol": "ARIA_USDT", "timestamp": 1762077025.309999, "anomalies": ["stale_timestamp: 1762077025.309999 vs 1764665501.7486157"], "data_sample": {"price": 0.16726, "volume": 5.0}}}
{"timestamp": "2025-12-02T08:51:41.749208+00:00", "level": "WARNING", "module": "logger", "funcName": "_log", "lineno": 188, "event_type": "streaming_indicator_engine.data_anomalies_detected", "data": {"symbol": "ARIA_USDT", "timestamp": 1762077033.311, "anomalies": ["stale_timestamp: 1762077033.311 vs 1764665501.7492087"], "data_sample": {"price": 0.16725, "volume": 4.0}}}
{"timestamp": "2025-12-02T08:51:41.752296+00:00", "level": "INFO", "module": "logger", "funcName": "_log", "lineno": 188, "event_type": "strategy_manager.indicator_update_received", "data": {"symbol": "ARIA_USDT", "indicator_name": "11b8be00-eed3-48fe-b359-df47b297226c_20", "indicator_type": "", "value": -0.0006774514356003793, "active_strategies_for_symbol": true, "active_count": 3}}
{"timestamp": "2025-12-02T08:51:41.752296+00:00", "level": "WARNING", "module": "logger", "funcName": "_log", "lineno": 188, "event_type": "streaming_indicator_engine.data_anomalies_detected", "data": {"symbol": "ARIA_USDT", "timestamp": 1762077042.309999, "anomalies": ["stale_timestamp: 1762077042.309999 vs 1764665501.7522962"], "data_sample": {"price": 0.16724, "volume": 4.0}}}
{"timestamp": "2025-12-02T08:51:41.753299+00:00", "level": "WARNING", "module": "logger", "funcName": "_log", "lineno": 188, "event_type": "streaming_indicator_engine.data_anomalies_detected", "data": {"symbol": "ARIA_USDT", "timestamp": 1762077051.309999, "anomalies": ["stale_timestamp: 1762077051.309999 vs 1764665501.7533"], "data_sample": {"price": 0.16725, "volume": 4.0}}}
{"timestamp": "2025-12-02T08:51:41.754301+00:00", "level": "WARNING", "module": "logger", "funcName": "_log", "lineno": 188, "event_type": "streaming_indicator_engine.data_anomalies_detected", "data": {"symbol": "ARIA_USDT", "timestamp": 1762077057.312999, "anomalies": ["stale_timestamp: 1762077057.312999 vs 1764665501.7543018"], "data_sample": {"price": 0.16726, "volume": 3.0}}}
{"timestamp": "2025-12-02T08:51:41.755298+00:00", "level": "WARNING", "module": "logger", "funcName": "_log", "lineno": 188, "event_type": "streaming_indicator_engine.data_anomalies_detected", "data": {"symbol": "ARIA_USDT", "timestamp": 1762077067.316999, "anomalies": ["stale_timestamp: 1762077067.316999 vs 1764665501.7543018"], "data_sample": {"price": 0.16725, "volume": 8.0}}}
{"timestamp": "2025-12-02T08:51:41.755298+00:00", "level": "WARNING", "module": "logger", "funcName": "_log", "lineno": 188, "event_type": "streaming_indicator_engine.data_anomalies_detected", "data": {"symbol": "ARIA_USDT", "timestamp": 1762077081.308, "anomalies": ["stale_timestamp: 1762077081.308 vs 1764665501.7552981"], "data_sample": {"price": 0.16714, "volume": 6.0}}}
{"timestamp": "2025-12-02T08:51:41.756212+00:00", "level": "WARNING", "module": "logger", "funcName": "_log", "lineno": 188, "event_type": "streaming_indicator_engine.data_anomalies_detected", "data": {"symbol": "ARIA_USDT", "timestamp": 1762077089.311, "anomalies": ["stale_timestamp: 1762077089.311 vs 1764665501.7562127"], "data_sample": {"price": 0.16711, "volume": 4.0}}}
{"timestamp": "2025-12-02T08:51:41.756212+00:00", "level": "INFO", "module": "logger", "funcName": "_log", "lineno": 188, "event_type": "strategy_manager.indicator_update_received", "data": {"symbol": "ARIA_USDT", "indicator_name": "11b8be00-eed3-48fe-b359-df47b297226c_20", "indicator_type": "", "value": -0.0006774514356003793, "active_strategies_for_symbol": true, "active_count": 3}}
{"timestamp": "2025-12-02T08:51:41.757209+00:00", "level": "WARNING", "module": "logger", "funcName": "_log", "lineno": 188, "event_type": "streaming_indicator_engine.data_anomalies_detected", "data": {"symbol": "ARIA_USDT", "timestamp": 1762077098.311, "anomalies": ["stale_timestamp: 1762077098.311 vs 1764665501.7572098"], "data_sample": {"price": 0.16702, "volume": 4.0}}}
{"timestamp": "2025-12-02T08:51:41.757209+00:00", "level": "WARNING", "module": "logger", "funcName": "_log", "lineno": 188, "event_type": "streaming_indicator_engine.data_anomalies_detected", "data": {"symbol": "ARIA_USDT", "timestamp": 1762077107.335, "anomalies": ["stale_timestamp: 1762077107.335 vs 1764665501.7572098"], "data_sample": {"price": 0.167, "volume": 26.0}}}
{"timestamp": "2025-12-02T08:51:41.757209+00:00", "level": "WARNING", "module": "logger", "funcName": "_log", "lineno": 188, "event_type": "streaming_indicator_engine.data_anomalies_detected", "data": {"symbol": "ARIA_USDT", "timestamp": 1762077121.309999, "anomalies": ["stale_timestamp: 1762077121.309999 vs 1764665501.7572098"], "data_sample": {"price": 0.16704, "volume": 8.0}}}
{"timestamp": "2025-12-02T08:51:41.757209+00:00", "level": "WARNING", "module": "logger", "funcName": "_log", "lineno": 188, "event_type": "streaming_indicator_engine.data_anomalies_detected", "data": {"symbol": "ARIA_USDT", "timestamp": 1762077123.420999, "anomalies": ["stale_timestamp: 1762077123.420999 vs 1764665501.7572098"], "data_sample": {"price": 0.167, "volume": 59.0}}}
{"timestamp": "2025-12-02T08:51:41.757209+00:00", "level": "WARNING", "module": "logger", "funcName": "_log", "lineno": 188, "event_type": "streaming_indicator_engine.data_anomalies_detected", "data": {"symbol": "ARIA_USDT", "timestamp": 1762077139.311, "anomalies": ["stale_timestamp: 1762077139.311 vs 1764665501.7572098"], "data_sample": {"price": 0.16703, "volume": 5.0}}}
{"timestamp": "2025-12-02T08:51:41.758765+00:00", "level": "WARNING", "module": "logger", "funcName": "_log", "lineno": 188, "event_type": "streaming_indicator_engine.data_anomalies_detected", "data": {"symbol": "ARIA_USDT", "timestamp": 1762077152.308999, "anomalies": ["stale_timestamp: 1762077152.308999 vs 1764665501.7587652"], "data_sample": {"price": 0.16708, "volume": 9.0}}}
{"timestamp": "2025-12-02T08:51:41.759784+00:00", "level": "INFO", "module": "logger", "funcName": "_log", "lineno": 188, "event_type": "strategy_manager.indicator_update_received", "data": {"symbol": "ARIA_USDT", "indicator_name": "790d8eed-dc95-43ff-b625-1205d256154b_20", "indicator_type": "", "value": 9.648944286999335e-06, "active_strategies_for_symbol": true, "active_count": 3}}
{"timestamp": "2025-12-02T08:51:41.759784+00:00", "level": "WARNING", "module": "logger", "funcName": "_log", "lineno": 188, "event_type": "streaming_indicator_engine.data_anomalies_detected", "data": {"symbol": "ARIA_USDT", "timestamp": 1762077163.309999, "anomalies": ["stale_timestamp: 1762077163.309999 vs 1764665501.7597847"], "data_sample": {"price": 0.16713, "volume": 11.0}}}
{"timestamp": "2025-12-02T08:51:41.759784+00:00", "level": "WARNING", "module": "logger", "funcName": "_log", "lineno": 188, "event_type": "streaming_indicator_engine.data_anomalies_detected", "data": {"symbol": "ARIA_USDT", "timestamp": 1762077172.309999, "anomalies": ["stale_timestamp: 1762077172.309999 vs 1764665501.7597847"], "data_sample": {"price": 0.16706, "volume": 12.0}}}
{"timestamp": "2025-12-02T08:51:41.760777+00:00", "level": "WARNING", "module": "logger", "funcName": "_log", "lineno": 188, "event_type": "streaming_indicator_engine.data_anomalies_detected", "data": {"symbol": "ARIA_USDT", "timestamp": 1762077187.312999, "anomalies": ["stale_timestamp: 1762077187.312999 vs 1764665501.760777"], "data_sample": {"price": 0.16705, "volume": 4.0}}}
{"timestamp": "2025-12-02T08:51:41.760777+00:00", "level": "WARNING", "module": "logger", "funcName": "_log", "lineno": 188, "event_type": "streaming_indicator_engine.data_anomalies_detected", "data": {"symbol": "ARIA_USDT", "timestamp": 1762077203.309999, "anomalies": ["stale_timestamp: 1762077203.309999 vs 1764665501.760777"], "data_sample": {"price": 0.16703, "volume": 6.0}}}
{"timestamp": "2025-12-02T08:51:41.760777+00:00", "level": "WARNING", "module": "logger", "funcName": "_log", "lineno": 188, "event_type": "streaming_indicator_engine.data_anomalies_detected", "data": {"symbol": "ARIA_USDT", "timestamp": 1762077211.312, "anomalies": ["stale_timestamp: 1762077211.312 vs 1764665501.760777"], "data_sample": {"price": 0.16707, "volume": 9.0}}}
{"timestamp": "2025-12-02T08:51:41.761860+00:00", "level": "WARNING", "module": "logger", "funcName": "_log", "lineno": 188, "event_type": "streaming_indicator_engine.data_anomalies_detected", "data": {"symbol": "ARIA_USDT", "timestamp": 1762077227.312999, "anomalies": ["stale_timestamp: 1762077227.312999 vs 1764665501.7618606"], "data_sample": {"price": 0.16704, "volume": 4.0}}}
{"timestamp": "2025-12-02T08:51:41.761860+00:00", "level": "INFO", "module": "logger", "funcName": "_log", "lineno": 188, "event_type": "strategy_manager.indicator_update_received", "data": {"symbol": "ARIA_USDT", "indicator_name": "790d8eed-dc95-43ff-b625-1205d256154b_20", "indicator_type": "", "value": 9.648944286999335e-06, "active_strategies_for_symbol": true, "active_count": 3}}
{"timestamp": "2025-12-02T08:51:41.762785+00:00", "level": "WARNING", "module": "logger", "funcName": "_log", "lineno": 188, "event_type": "streaming_indicator_engine.data_anomalies_detected", "data": {"symbol": "ARIA_USDT", "timestamp": 1762077234.308999, "anomalies": ["stale_timestamp: 1762077234.308999 vs 1764665501.762785"], "data_sample": {"price": 0.16708, "volume": 8.0}}}
{"timestamp": "2025-12-02T08:51:41.763783+00:00", "level": "WARNING", "module": "logger", "funcName": "_log", "lineno": 188, "event_type": "streaming_indicator_engine.data_anomalies_detected", "data": {"symbol": "ARIA_USDT", "timestamp": 1762077247.312999, "anomalies": ["stale_timestamp: 1762077247.312999 vs 1764665501.7637832"], "data_sample": {"price": 0.16705, "volume": 7.0}}}
{"timestamp": "2025-12-02T08:51:41.763783+00:00", "level": "WARNING", "module": "logger", "funcName": "_log", "lineno": 188, "event_type": "streaming_indicator_engine.data_anomalies_detected", "data": {"symbol": "ARIA_USDT", "timestamp": 1762077263.309999, "anomalies": ["stale_timestamp: 1762077263.309999 vs 1764665501.7637832"], "data_sample": {"price": 0.16704, "volume": 7.0}}}
{"timestamp": "2025-12-02T08:51:41.763783+00:00", "level": "WARNING", "module": "logger", "funcName": "_log", "lineno": 188, "event_type": "streaming_indicator_engine.data_anomalies_detected", "data": {"symbol": "ARIA_USDT", "timestamp": 1762077274.309999, "anomalies": ["stale_timestamp: 1762077274.309999 vs 1764665501.7637832"], "data_sample": {"price": 0.16709, "volume": 4.0}}}
{"timestamp": "2025-12-02T08:51:41.765232+00:00", "level": "WARNING", "module": "logger", "funcName": "_log", "lineno": 188, "event_type": "streaming_indicator_engine.data_anomalies_detected", "data": {"symbol": "ARIA_USDT", "timestamp": 1762077281.311, "anomalies": ["stale_timestamp: 1762077281.311 vs 1764665501.7652328"], "data_sample": {"price": 0.16713, "volume": 12.0}}}
{"timestamp": "2025-12-02T08:51:41.765232+00:00", "level": "WARNING", "module": "logger", "funcName": "_log", "lineno": 188, "event_type": "streaming_indicator_engine.data_anomalies_detected", "data": {"symbol": "ARIA_USDT", "timestamp": 1762077290.312, "anomalies": ["stale_timestamp: 1762077290.312 vs 1764665501.7652328"], "data_sample": {"price": 0.16709, "volume": 8.0}}}
{"timestamp": "2025-12-02T08:51:41.765232+00:00", "level": "WARNING", "module": "logger", "funcName": "_log", "lineno": 188, "event_type": "streaming_indicator_engine.data_anomalies_detected", "data": {"symbol": "ARIA_USDT", "timestamp": 1762077299.312, "anomalies": ["stale_timestamp: 1762077299.312 vs 1764665501.7652328"], "data_sample": {"price": 0.16706, "volume": 8.0}}}
{"timestamp": "2025-12-02T08:51:41.782374+00:00", "level": "WARNING", "module": "logger", "funcName": "_log", "lineno": 188, "event_type": "streaming_indicator_engine.data_anomalies_detected", "data": {"symbol": "ARIA_USDT", "timestamp": 1762077309.309999, "anomalies": ["stale_timestamp: 1762077309.309999 vs 1764665501.7823744"], "data_sample": {"price": 0.16705, "volume": 6.0}}}
{"timestamp": "2025-12-02T08:51:41.798430+00:00", "level": "WARNING", "module": "logger", "funcName": "_log", "lineno": 188, "event_type": "streaming_indicator_engine.data_anomalies_detected", "data": {"symbol": "ARIA_USDT", "timestamp": 1762077318.312, "anomalies": ["stale_timestamp: 1762077318.312 vs 1764665501.7984302"], "data_sample": {"price": 0.16706, "volume": 9.0}}}
{"timestamp": "2025-12-02T08:51:41.814474+00:00", "level": "WARNING", "module": "logger", "funcName": "_log", "lineno": 188, "event_type": "streaming_indicator_engine.data_anomalies_detected", "data": {"symbol": "ARIA_USDT", "timestamp": 1762077324.309999, "anomalies": ["stale_timestamp: 1762077324.309999 vs 1764665501.8144746"], "data_sample": {"price": 0.1671, "volume": 5.0}}}
{"timestamp": "2025-12-02T08:51:41.829667+00:00", "level": "WARNING", "module": "logger", "funcName": "_log", "lineno": 188, "event_type": "streaming_indicator_engine.data_anomalies_detected", "data": {"symbol": "ARIA_USDT", "timestamp": 1762077335.309999, "anomalies": ["stale_timestamp: 1762077335.309999 vs 1764665501.829667"], "data_sample": {"price": 0.16709, "volume": 4.0}}}
{"timestamp": "2025-12-02T08:51:41.844815+00:00", "level": "WARNING", "module": "logger", "funcName": "_log", "lineno": 188, "event_type": "streaming_indicator_engine.data_anomalies_detected", "data": {"symbol": "ARIA_USDT", "timestamp": 1762077351.309999, "anomalies": ["stale_timestamp: 1762077351.309999 vs 1764665501.844816"], "data_sample": {"price": 0.1671, "volume": 3.0}}}
{"timestamp": "2025-12-02T08:51:41.860904+00:00", "level": "WARNING", "module": "logger", "funcName": "_log", "lineno": 188, "event_type": "streaming_indicator_engine.data_anomalies_detected", "data": {"symbol": "ARIA_USDT", "timestamp": 1762077362.309999, "anomalies": ["stale_timestamp: 1762077362.309999 vs 1764665501.8609042"], "data_sample": {"price": 0.16716, "volume": 5.0}}}
{"timestamp": "2025-12-02T08:51:41.876309+00:00", "level": "WARNING", "module": "logger", "funcName": "_log", "lineno": 188, "event_type": "streaming_indicator_engine.data_anomalies_detected", "data": {"symbol": "ARIA_USDT", "timestamp": 1762077376.309999, "anomalies": ["stale_timestamp: 1762077376.309999 vs 1764665501.876309"], "data_sample": {"price": 0.16724, "volume": 11.0}}}
{"timestamp": "2025-12-02T08:51:41.891469+00:00", "level": "WARNING", "module": "logger", "funcName": "_log", "lineno": 188, "event_type": "streaming_indicator_engine.data_anomalies_detected", "data": {"symbol": "ARIA_USDT", "timestamp": 1762077387.309999, "anomalies": ["stale_timestamp: 1762077387.309999 vs 1764665501.8914692"], "data_sample": {"price": 0.16726, "volume": 11.0}}}
{"timestamp": "2025-12-02T08:51:41.906933+00:00", "level": "WARNING", "module": "logger", "funcName": "_log", "lineno": 188, "event_type": "streaming_indicator_engine.data_anomalies_detected", "data": {"symbol": "ARIA_USDT", "timestamp": 1762077395.309999, "anomalies": ["stale_timestamp: 1762077395.309999 vs 1764665501.9069335"], "data_sample": {"price": 0.16728, "volume": 3.0}}}
{"timestamp": "2025-12-02T08:51:41.922972+00:00", "level": "WARNING", "module": "logger", "funcName": "_log", "lineno": 188, "event_type": "streaming_indicator_engine.data_anomalies_detected", "data": {"symbol": "ARIA_USDT", "timestamp": 1762077402.309999, "anomalies": ["stale_timestamp: 1762077402.309999 vs 1764665501.9229724"], "data_sample": {"price": 0.1673, "volume": 10.0}}}
{"timestamp": "2025-12-02T08:51:41.938547+00:00", "level": "WARNING", "module": "logger", "funcName": "_log", "lineno": 188, "event_type": "streaming_indicator_engine.data_anomalies_detected", "data": {"symbol": "ARIA_USDT", "timestamp": 1762077412.311, "anomalies": ["stale_timestamp: 1762077412.311 vs 1764665501.9385471"], "data_sample": {"price": 0.16729, "volume": 7.0}}}
{"timestamp": "2025-12-02T08:51:41.954252+00:00", "level": "WARNING", "module": "logger", "funcName": "_log", "lineno": 188, "event_type": "streaming_indicator_engine.data_anomalies_detected", "data": {"symbol": "ARIA_USDT", "timestamp": 1762077421.309999, "anomalies": ["stale_timestamp: 1762077421.309999 vs 1764665501.9542522"], "data_sample": {"price": 0.16727, "volume": 4.0}}}
{"timestamp": "2025-12-02T08:51:42.003523+00:00", "level": "WARNING", "module": "logger", "funcName": "_log", "lineno": 188, "event_type": "streaming_indicator_engine.data_anomalies_detected", "data": {"symbol": "ARIA_USDT", "timestamp": 1762076372.312999, "anomalies": ["stale_timestamp: 1762076372.312999 vs 1764665502.0035238"], "data_sample": {"price": 0.1671, "volume": 3.0}}}
{"timestamp": "2025-12-02T08:51:42.015642+00:00", "level": "WARNING", "module": "logger", "funcName": "_log", "lineno": 188, "event_type": "streaming_indicator_engine.data_anomalies_detected", "data": {"symbol": "ARIA_USDT", "timestamp": 1762076381.309999, "anomalies": ["stale_timestamp: 1762076381.309999 vs 1764665502.0156424"], "data_sample": {"price": 0.16715, "volume": 8.0}}}
{"timestamp": "2025-12-02T08:51:42.048304+00:00", "level": "WARNING", "module": "logger", "funcName": "_log", "lineno": 188, "event_type": "streaming_indicator_engine.data_anomalies_detected", "data": {"symbol": "ARIA_USDT", "timestamp": 1762076388.311, "anomalies": ["stale_timestamp: 1762076388.311 vs 1764665502.047797"], "data_sample": {"price": 0.16714, "volume": 9.0}}}
{"timestamp": "2025-12-02T08:51:42.062500+00:00", "level": "WARNING", "module": "logger", "funcName": "_log", "lineno": 188, "event_type": "streaming_indicator_engine.data_anomalies_detected", "data": {"symbol": "ARIA_USDT", "timestamp": 1762076401.309999, "anomalies": ["stale_timestamp: 1762076401.309999 vs 1764665502.062501"], "data_sample": {"price": 0.16717, "volume": 7.0}}}
{"timestamp": "2025-12-02T08:51:42.065642+00:00", "level": "WARNING", "module": "logger", "funcName": "_log", "lineno": 188, "event_type": "streaming_indicator_engine.data_anomalies_detected", "data": {"symbol": "ARIA_USDT", "timestamp": 1762076408.312, "anomalies": ["stale_timestamp: 1762076408.312 vs 1764665502.0656428"], "data_sample": {"price": 0.16713, "volume": 3.0}}}
{"timestamp": "2025-12-02T08:51:42.078671+00:00", "level": "WARNING", "module": "logger", "funcName": "_log", "lineno": 188, "event_type": "streaming_indicator_engine.data_anomalies_detected", "data": {"symbol": "ARIA_USDT", "timestamp": 1762076417.311, "anomalies": ["stale_timestamp: 1762076417.311 vs 1764665502.0786717"], "data_sample": {"price": 0.16708, "volume": 3.0}}}
{"timestamp": "2025-12-02T08:51:42.094020+00:00", "level": "WARNING", "module": "logger", "funcName": "_log", "lineno": 188, "event_type": "streaming_indicator_engine.data_anomalies_detected", "data": {"symbol": "ARIA_USDT", "timestamp": 1762076427.308999, "anomalies": ["stale_timestamp: 1762076427.308999 vs 1764665502.0940204"], "data_sample": {"price": 0.16707, "volume": 12.0}}}
{"timestamp": "2025-12-02T08:51:42.108696+00:00", "level": "WARNING", "module": "logger", "funcName": "_log", "lineno": 188, "event_type": "streaming_indicator_engine.data_anomalies_detected", "data": {"symbol": "ARIA_USDT", "timestamp": 1762076435.309999, "anomalies": ["stale_timestamp: 1762076435.309999 vs 1764665502.1086965"], "data_sample": {"price": 0.1671, "volume": 4.0}}}
{"timestamp": "2025-12-02T08:51:42.124449+00:00", "level": "WARNING", "module": "logger", "funcName": "_log", "lineno": 188, "event_type": "streaming_indicator_engine.data_anomalies_detected", "data": {"symbol": "ARIA_USDT", "timestamp": 1762076447.309999, "anomalies": ["stale_timestamp: 1762076447.309999 vs 1764665502.1244493"], "data_sample": {"price": 0.16708, "volume": 9.0}}}
{"timestamp": "2025-12-02T08:51:42.139920+00:00", "level": "WARNING", "module": "logger", "funcName": "_log", "lineno": 188, "event_type": "streaming_indicator_engine.data_anomalies_detected", "data": {"symbol": "ARIA_USDT", "timestamp": 1762076462.309999, "anomalies": ["stale_timestamp: 1762076462.309999 vs 1764665502.1399202"], "data_sample": {"price": 0.16726, "volume": 10.0}}}
{"timestamp": "2025-12-02T08:51:42.155440+00:00", "level": "WARNING", "module": "logger", "funcName": "_log", "lineno": 188, "event_type": "streaming_indicator_engine.data_anomalies_detected", "data": {"symbol": "ARIA_USDT", "timestamp": 1762076476.308999, "anomalies": ["stale_timestamp: 1762076476.308999 vs 1764665502.1554408"], "data_sample": {"price": 0.16745, "volume": 9.0}}}
{"timestamp": "2025-12-02T08:51:42.171024+00:00", "level": "WARNING", "module": "logger", "funcName": "_log", "lineno": 188, "event_type": "streaming_indicator_engine.data_anomalies_detected", "data": {"symbol": "ARIA_USDT", "timestamp": 1762076490.311, "anomalies": ["stale_timestamp: 1762076490.311 vs 1764665502.171024"], "data_sample": {"price": 0.16766, "volume": 7.0}}}
{"timestamp": "2025-12-02T08:51:42.186530+00:00", "level": "WARNING", "module": "logger", "funcName": "_log", "lineno": 188, "event_type": "streaming_indicator_engine.data_anomalies_detected", "data": {"symbol": "ARIA_USDT", "timestamp": 1762076501.311, "anomalies": ["stale_timestamp: 1762076501.311 vs 1764665502.1865304"], "data_sample": {"price": 0.16763, "volume": 5.0}}}
{"timestamp": "2025-12-02T08:51:42.201563+00:00", "level": "WARNING", "module": "logger", "funcName": "_log", "lineno": 188, "event_type": "streaming_indicator_engine.data_anomalies_detected", "data": {"symbol": "ARIA_USDT", "timestamp": 1762076514.408999, "anomalies": ["stale_timestamp: 1762076514.408999 vs 1764665502.2015631"], "data_sample": {"price": 0.16766, "volume": 10.0}}}
{"timestamp": "2025-12-02T08:51:42.216357+00:00", "level": "WARNING", "module": "logger", "funcName": "_log", "lineno": 188, "event_type": "streaming_indicator_engine.data_anomalies_detected", "data": {"symbol": "ARIA_USDT", "timestamp": 1762076520.311, "anomalies": ["stale_timestamp: 1762076520.311 vs 1764665502.2163577"], "data_sample": {"price": 0.1677, "volume": 9.0}}}
{"timestamp": "2025-12-02T08:51:42.232020+00:00", "level": "WARNING", "module": "logger", "funcName": "_log", "lineno": 188, "event_type": "streaming_indicator_engine.data_anomalies_detected", "data": {"symbol": "ARIA_USDT", "timestamp": 1762076531.311, "anomalies": ["stale_timestamp: 1762076531.311 vs 1764665502.2320209"], "data_sample": {"price": 0.16778, "volume": 10.0}}}
{"timestamp": "2025-12-02T08:51:42.248659+00:00", "level": "WARNING", "module": "logger", "funcName": "_log", "lineno": 188, "event_type": "streaming_indicator_engine.data_anomalies_detected", "data": {"symbol": "ARIA_USDT", "timestamp": 1762076537.311, "anomalies": ["stale_timestamp: 1762076537.311 vs 1764665502.247139"], "data_sample": {"price": 0.16777, "volume": 10.0}}}
{"timestamp": "2025-12-02T08:51:42.262451+00:00", "level": "WARNING", "module": "logger", "funcName": "_log", "lineno": 188, "event_type": "streaming_indicator_engine.data_anomalies_detected", "data": {"symbol": "ARIA_USDT", "timestamp": 1762076543.312, "anomalies": ["stale_timestamp: 1762076543.312 vs 1764665502.2624514"], "data_sample": {"price": 0.16765, "volume": 8.0}}}
{"timestamp": "2025-12-02T08:51:42.265374+00:00", "level": "INFO", "module": "logger", "funcName": "_log", "lineno": 188, "event_type": "strategy_manager.indicator_update_received", "data": {"symbol": "ARIA_USDT", "indicator_name": "611fad91-045d-408b-8822-f43428935033_20", "indicator_type": "", "value": 0.0026102929349679825, "active_strategies_for_symbol": true, "active_count": 3}}
{"timestamp": "2025-12-02T08:51:42.265374+00:00", "level": "WARNING", "module": "logger", "funcName": "_log", "lineno": 188, "event_type": "streaming_indicator_engine.data_anomalies_detected", "data": {"symbol": "ARIA_USDT", "timestamp": 1762076551.311, "anomalies": ["stale_timestamp: 1762076551.311 vs 1764665502.2653747"], "data_sample": {"price": 0.16776, "volume": 7.0}}}
{"timestamp": "2025-12-02T08:51:42.266458+00:00", "level": "WARNING", "module": "logger", "funcName": "_log", "lineno": 188, "event_type": "streaming_indicator_engine.data_anomalies_detected", "data": {"symbol": "ARIA_USDT", "timestamp": 1762076567.313999, "anomalies": ["stale_timestamp: 1762076567.313999 vs 1764665502.2664585"], "data_sample": {"price": 0.16779, "volume": 4.0}}}
{"timestamp": "2025-12-02T08:51:42.266458+00:00", "level": "WARNING", "module": "logger", "funcName": "_log", "lineno": 188, "event_type": "streaming_indicator_engine.data_anomalies_detected", "data": {"symbol": "ARIA_USDT", "timestamp": 1762076582.312999, "anomalies": ["stale_timestamp: 1762076582.312999 vs 1764665502.2664585"], "data_sample": {"price": 0.16774, "volume": 4.0}}}
{"timestamp": "2025-12-02T08:51:42.266458+00:00", "level": "WARNING", "module": "logger", "funcName": "_log", "lineno": 188, "event_type": "streaming_indicator_engine.data_anomalies_detected", "data": {"symbol": "ARIA_USDT", "timestamp": 1762076595.309999, "anomalies": ["stale_timestamp: 1762076595.309999 vs 1764665502.2664585"], "data_sample": {"price": 0.16776, "volume": 10.0}}}
{"timestamp": "2025-12-02T08:51:42.267373+00:00", "level": "WARNING", "module": "logger", "funcName": "_log", "lineno": 188, "event_type": "streaming_indicator_engine.data_anomalies_detected", "data": {"symbol": "ARIA_USDT", "timestamp": 1762076606.309999, "anomalies": ["stale_timestamp: 1762076606.309999 vs 1764665502.267373"], "data_sample": {"price": 0.16772, "volume": 9.0}}}
{"timestamp": "2025-12-02T08:51:42.267373+00:00", "level": "INFO", "module": "logger", "funcName": "_log", "lineno": 188, "event_type": "strategy_manager.indicator_update_received", "data": {"symbol": "ARIA_USDT", "indicator_name": "611fad91-045d-408b-8822-f43428935033_20", "indicator_type": "", "value": 0.0026102929349679825, "active_strategies_for_symbol": true, "active_count": 3}}
{"timestamp": "2025-12-02T08:51:42.267373+00:00", "level": "WARNING", "module": "logger", "funcName": "_log", "lineno": 188, "event_type": "streaming_indicator_engine.data_anomalies_detected", "data": {"symbol": "ARIA_USDT", "timestamp": 1762076620.309999, "anomalies": ["stale_timestamp: 1762076620.309999 vs 1764665502.267373"], "data_sample": {"price": 0.16764, "volume": 5.0}}}
{"timestamp": "2025-12-02T08:51:42.268486+00:00", "level": "WARNING", "module": "logger", "funcName": "_log", "lineno": 188, "event_type": "streaming_indicator_engine.data_anomalies_detected", "data": {"symbol": "ARIA_USDT", "timestamp": 1762076628.311, "anomalies": ["stale_timestamp: 1762076628.311 vs 1764665502.268487"], "data_sample": {"price": 0.16761, "volume": 7.0}}}
{"timestamp": "2025-12-02T08:51:42.268486+00:00", "level": "WARNING", "module": "logger", "funcName": "_log", "lineno": 188, "event_type": "streaming_indicator_engine.data_anomalies_detected", "data": {"symbol": "ARIA_USDT", "timestamp": 1762076638.312999, "anomalies": ["stale_timestamp: 1762076638.312999 vs 1764665502.268487"], "data_sample": {"price": 0.16763, "volume": 10.0}}}
{"timestamp": "2025-12-02T08:51:42.268486+00:00", "level": "WARNING", "module": "logger", "funcName": "_log", "lineno": 188, "event_type": "streaming_indicator_engine.data_anomalies_detected", "data": {"symbol": "ARIA_USDT", "timestamp": 1762076647.309999, "anomalies": ["stale_timestamp: 1762076647.309999 vs 1764665502.268487"], "data_sample": {"price": 0.16762, "volume": 4.0}}}
{"timestamp": "2025-12-02T08:51:42.269885+00:00", "level": "WARNING", "module": "logger", "funcName": "_log", "lineno": 188, "event_type": "streaming_indicator_engine.data_anomalies_detected", "data": {"symbol": "ARIA_USDT", "timestamp": 1762076653.309999, "anomalies": ["stale_timestamp: 1762076653.309999 vs 1764665502.2698855"], "data_sample": {"price": 0.16761, "volume": 9.0}}}
{"timestamp": "2025-12-02T08:51:42.269885+00:00", "level": "WARNING", "module": "logger", "funcName": "_log", "lineno": 188, "event_type": "streaming_indicator_engine.data_anomalies_detected", "data": {"symbol": "ARIA_USDT", "timestamp": 1762076666.309999, "anomalies": ["stale_timestamp: 1762076666.309999 vs 1764665502.2698855"], "data_sample": {"price": 0.16763, "volume": 9.0}}}
{"timestamp": "2025-12-02T08:51:42.269885+00:00", "level": "WARNING", "module": "logger", "funcName": "_log", "lineno": 188, "event_type": "streaming_indicator_engine.data_anomalies_detected", "data": {"symbol": "ARIA_USDT", "timestamp": 1762076672.308999, "anomalies": ["stale_timestamp: 1762076672.308999 vs 1764665502.2698855"], "data_sample": {"price": 0.16762, "volume": 9.0}}}
{"timestamp": "2025-12-02T08:51:42.292626+00:00", "level": "WARNING", "module": "logger", "funcName": "_log", "lineno": 188, "event_type": "streaming_indicator_engine.data_anomalies_detected", "data": {"symbol": "ARIA_USDT", "timestamp": 1762076685.309999, "anomalies": ["stale_timestamp: 1762076685.309999 vs 1764665502.2926264"], "data_sample": {"price": 0.16732, "volume": 9.0}}}
{"timestamp": "2025-12-02T08:51:42.308438+00:00", "level": "WARNING", "module": "logger", "funcName": "_log", "lineno": 188, "event_type": "streaming_indicator_engine.data_anomalies_detected", "data": {"symbol": "ARIA_USDT", "timestamp": 1762076699.311, "anomalies": ["stale_timestamp: 1762076699.311 vs 1764665502.3079305"], "data_sample": {"price": 0.16737, "volume": 11.0}}}
{"timestamp": "2025-12-02T08:51:42.323547+00:00", "level": "WARNING", "module": "logger", "funcName": "_log", "lineno": 188, "event_type": "streaming_indicator_engine.data_anomalies_detected", "data": {"symbol": "ARIA_USDT", "timestamp": 1762076713.309999, "anomalies": ["stale_timestamp: 1762076713.309999 vs 1764665502.3235476"], "data_sample": {"price": 0.16735, "volume": 4.0}}}
{"timestamp": "2025-12-02T08:51:42.338813+00:00", "level": "WARNING", "module": "logger", "funcName": "_log", "lineno": 188, "event_type": "streaming_indicator_engine.data_anomalies_detected", "data": {"symbol": "ARIA_USDT", "timestamp": 1762076728.311, "anomalies": ["stale_timestamp: 1762076728.311 vs 1764665502.3383083"], "data_sample": {"price": 0.16739, "volume": 9.0}}}
{"timestamp": "2025-12-02T08:51:42.353371+00:00", "level": "WARNING", "module": "logger", "funcName": "_log", "lineno": 188, "event_type": "streaming_indicator_engine.data_anomalies_detected", "data": {"symbol": "ARIA_USDT", "timestamp": 1762076734.308999, "anomalies": ["stale_timestamp: 1762076734.308999 vs 1764665502.3533714"], "data_sample": {"price": 0.16744, "volume": 9.0}}}
{"timestamp": "2025-12-02T08:51:42.368300+00:00", "level": "WARNING", "module": "logger", "funcName": "_log", "lineno": 188, "event_type": "streaming_indicator_engine.data_anomalies_detected", "data": {"symbol": "ARIA_USDT", "timestamp": 1762076750.309999, "anomalies": ["stale_timestamp: 1762076750.309999 vs 1764665502.368301"], "data_sample": {"price": 0.16747, "volume": 10.0}}}
{"timestamp": "2025-12-02T08:51:42.383870+00:00", "level": "WARNING", "module": "logger", "funcName": "_log", "lineno": 188, "event_type": "streaming_indicator_engine.data_anomalies_detected", "data": {"symbol": "ARIA_USDT", "timestamp": 1762076759.311, "anomalies": ["stale_timestamp: 1762076759.311 vs 1764665502.3838704"], "data_sample": {"price": 0.16746, "volume": 10.0}}}
{"timestamp": "2025-12-02T08:51:42.399312+00:00", "level": "WARNING", "module": "logger", "funcName": "_log", "lineno": 188, "event_type": "streaming_indicator_engine.data_anomalies_detected", "data": {"symbol": "ARIA_USDT", "timestamp": 1762076767.309999, "anomalies": ["stale_timestamp: 1762076767.309999 vs 1764665502.399313"], "data_sample": {"price": 0.16742, "volume": 8.0}}}
{"timestamp": "2025-12-02T08:51:42.415872+00:00", "level": "WARNING", "module": "logger", "funcName": "_log", "lineno": 188, "event_type": "streaming_indicator_engine.data_anomalies_detected", "data": {"symbol": "ARIA_USDT", "timestamp": 1762076783.312, "anomalies": ["stale_timestamp: 1762076783.312 vs 1764665502.4158726"], "data_sample": {"price": 0.16745, "volume": 8.0}}}
{"timestamp": "2025-12-02T08:51:42.430189+00:00", "level": "WARNING", "module": "logger", "funcName": "_log", "lineno": 188, "event_type": "streaming_indicator_engine.data_anomalies_detected", "data": {"symbol": "ARIA_USDT", "timestamp": 1762076789.309999, "anomalies": ["stale_timestamp: 1762076789.309999 vs 1764665502.4301894"], "data_sample": {"price": 0.16755, "volume": 9.0}}}
{"timestamp": "2025-12-02T08:51:42.444981+00:00", "level": "WARNING", "module": "logger", "funcName": "_log", "lineno": 188, "event_type": "streaming_indicator_engine.data_anomalies_detected", "data": {"symbol": "ARIA_USDT", "timestamp": 1762076803.311, "anomalies": ["stale_timestamp: 1762076803.311 vs 1764665502.444981"], "data_sample": {"price": 0.16758, "volume": 10.0}}}
{"timestamp": "2025-12-02T08:51:42.460871+00:00", "level": "WARNING", "module": "logger", "funcName": "_log", "lineno": 188, "event_type": "streaming_indicator_engine.data_anomalies_detected", "data": {"symbol": "ARIA_USDT", "timestamp": 1762076816.308999, "anomalies": ["stale_timestamp: 1762076816.308999 vs 1764665502.4608715"], "data_sample": {"price": 0.16762, "volume": 9.0}}}
{"timestamp": "2025-12-02T08:51:42.476571+00:00", "level": "WARNING", "module": "logger", "funcName": "_log", "lineno": 188, "event_type": "streaming_indicator_engine.data_anomalies_detected", "data": {"symbol": "ARIA_USDT", "timestamp": 1762076825.312999, "anomalies": ["stale_timestamp: 1762076825.312999 vs 1764665502.4765713"], "data_sample": {"price": 0.16751, "volume": 10.0}}}
{"timestamp": "2025-12-02T08:51:42.491430+00:00", "level": "WARNING", "module": "logger", "funcName": "_log", "lineno": 188, "event_type": "streaming_indicator_engine.data_anomalies_detected", "data": {"symbol": "ARIA_USDT", "timestamp": 1762076831.316999, "anomalies": ["stale_timestamp: 1762076831.316999 vs 1764665502.4914298"], "data_sample": {"price": 0.1674, "volume": 6.0}}}
{"timestamp": "2025-12-02T08:51:42.506465+00:00", "level": "WARNING", "module": "logger", "funcName": "_log", "lineno": 188, "event_type": "streaming_indicator_engine.data_anomalies_detected", "data": {"symbol": "ARIA_USDT", "timestamp": 1762076839.311, "anomalies": ["stale_timestamp: 1762076839.311 vs 1764665502.5064654"], "data_sample": {"price": 0.16741, "volume": 8.0}}}
{"timestamp": "2025-12-02T08:51:42.507524+00:00", "level": "WARNING", "module": "logger", "funcName": "_log", "lineno": 188, "event_type": "streaming_indicator_engine.data_anomalies_detected", "data": {"symbol": "ARIA_USDT", "timestamp": 1762076846.312, "anomalies": ["stale_timestamp: 1762076846.312 vs 1764665502.507524"], "data_sample": {"price": 0.1674, "volume": 6.0}}}
{"timestamp": "2025-12-02T08:51:42.521570+00:00", "level": "WARNING", "module": "logger", "funcName": "_log", "lineno": 188, "event_type": "streaming_indicator_engine.data_anomalies_detected", "data": {"symbol": "ARIA_USDT", "timestamp": 1762076859.309999, "anomalies": ["stale_timestamp: 1762076859.309999 vs 1764665502.5215704"], "data_sample": {"price": 0.16723, "volume": 5.0}}}
{"timestamp": "2025-12-02T08:51:42.537294+00:00", "level": "WARNING", "module": "logger", "funcName": "_log", "lineno": 188, "event_type": "streaming_indicator_engine.data_anomalies_detected", "data": {"symbol": "ARIA_USDT", "timestamp": 1762076870.309999, "anomalies": ["stale_timestamp: 1762076870.309999 vs 1764665502.5372941"], "data_sample": {"price": 0.16724, "volume": 9.0}}}
{"timestamp": "2025-12-02T08:51:42.552911+00:00", "level": "WARNING", "module": "logger", "funcName": "_log", "lineno": 188, "event_type": "streaming_indicator_engine.data_anomalies_detected", "data": {"symbol": "ARIA_USDT", "timestamp": 1762076878.309999, "anomalies": ["stale_timestamp: 1762076878.309999 vs 1764665502.5529115"], "data_sample": {"price": 0.16731, "volume": 4.0}}}
{"timestamp": "2025-12-02T08:51:42.567552+00:00", "level": "WARNING", "module": "logger", "funcName": "_log", "lineno": 188, "event_type": "streaming_indicator_engine.data_anomalies_detected", "data": {"symbol": "ARIA_USDT", "timestamp": 1762076892.311, "anomalies": ["stale_timestamp: 1762076892.311 vs 1764665502.5675528"], "data_sample": {"price": 0.16728, "volume": 9.0}}}
{"timestamp": "2025-12-02T08:51:42.599488+00:00", "level": "WARNING", "module": "logger", "funcName": "_log", "lineno": 188, "event_type": "streaming_indicator_engine.data_anomalies_detected", "data": {"symbol": "ARIA_USDT", "timestamp": 1762076900.309999, "anomalies": ["stale_timestamp: 1762076900.309999 vs 1764665502.5983877"], "data_sample": {"price": 0.16731, "volume": 7.0}}}
{"timestamp": "2025-12-02T08:51:42.613860+00:00", "level": "WARNING", "module": "logger", "funcName": "_log", "lineno": 188, "event_type": "streaming_indicator_engine.data_anomalies_detected", "data": {"symbol": "ARIA_USDT", "timestamp": 1762076915.308999, "anomalies": ["stale_timestamp: 1762076915.308999 vs 1764665502.6138604"], "data_sample": {"price": 0.16729, "volume": 4.0}}}
{"timestamp": "2025-12-02T08:51:42.629005+00:00", "level": "WARNING", "module": "logger", "funcName": "_log", "lineno": 188, "event_type": "streaming_indicator_engine.data_anomalies_detected", "data": {"symbol": "ARIA_USDT", "timestamp": 1762076929.309999, "anomalies": ["stale_timestamp: 1762076929.309999 vs 1764665502.6284966"], "data_sample": {"price": 0.16725, "volume": 11.0}}}
{"timestamp": "2025-12-02T08:51:42.644339+00:00", "level": "WARNING", "module": "logger", "funcName": "_log", "lineno": 188, "event_type": "streaming_indicator_engine.data_anomalies_detected", "data": {"symbol": "ARIA_USDT", "timestamp": 1762076940.312999, "anomalies": ["stale_timestamp: 1762076940.312999 vs 1764665502.6443388"], "data_sample": {"price": 0.16733, "volume": 8.0}}}
{"timestamp": "2025-12-02T08:51:42.659306+00:00", "level": "WARNING", "module": "logger", "funcName": "_log", "lineno": 188, "event_type": "streaming_indicator_engine.data_anomalies_detected", "data": {"symbol": "ARIA_USDT", "timestamp": 1762076949.324999, "anomalies": ["stale_timestamp: 1762076949.324999 vs 1764665502.6593065"], "data_sample": {"price": 0.1673, "volume": 8.0}}}
{"timestamp": "2025-12-02T08:51:42.674806+00:00", "level": "WARNING", "module": "logger", "funcName": "_log", "lineno": 188, "event_type": "streaming_indicator_engine.data_anomalies_detected", "data": {"symbol": "ARIA_USDT", "timestamp": 1762076965.316, "anomalies": ["stale_timestamp: 1762076965.316 vs 1764665502.6748064"], "data_sample": {"price": 0.16729, "volume": 4.0}}}
{"timestamp": "2025-12-02T08:51:42.690215+00:00", "level": "WARNING", "module": "logger", "funcName": "_log", "lineno": 188, "event_type": "streaming_indicator_engine.data_anomalies_detected", "data": {"symbol": "ARIA_USDT", "timestamp": 1762076978.312, "anomalies": ["stale_timestamp: 1762076978.312 vs 1764665502.690215"], "data_sample": {"price": 0.1673, "volume": 9.0}}}
{"timestamp": "2025-12-02T08:51:42.705866+00:00", "level": "WARNING", "module": "logger", "funcName": "_log", "lineno": 188, "event_type": "streaming_indicator_engine.data_anomalies_detected", "data": {"symbol": "ARIA_USDT", "timestamp": 1762076990.315, "anomalies": ["stale_timestamp: 1762076990.315 vs 1764665502.705866"], "data_sample": {"price": 0.16733, "volume": 10.0}}}
{"timestamp": "2025-12-02T08:51:42.720886+00:00", "level": "WARNING", "module": "logger", "funcName": "_log", "lineno": 188, "event_type": "streaming_indicator_engine.data_anomalies_detected", "data": {"symbol": "ARIA_USDT", "timestamp": 1762076997.315, "anomalies": ["stale_timestamp: 1762076997.315 vs 1764665502.7208862"], "data_sample": {"price": 0.16726, "volume": 12.0}}}
{"timestamp": "2025-12-02T08:51:42.736390+00:00", "level": "WARNING", "module": "logger", "funcName": "_log", "lineno": 188, "event_type": "streaming_indicator_engine.data_anomalies_detected", "data": {"symbol": "ARIA_USDT", "timestamp": 1762077007.309999, "anomalies": ["stale_timestamp: 1762077007.309999 vs 1764665502.73639"], "data_sample": {"price": 0.16719, "volume": 4.0}}}
{"timestamp": "2025-12-02T08:51:42.751688+00:00", "level": "WARNING", "module": "logger", "funcName": "_log", "lineno": 188, "event_type": "streaming_indicator_engine.data_anomalies_detected", "data": {"symbol": "ARIA_USDT", "timestamp": 1762077018.309999, "anomalies": ["stale_timestamp: 1762077018.309999 vs 1764665502.7516885"], "data_sample": {"price": 0.16722, "volume": 8.0}}}
{"timestamp": "2025-12-02T08:51:42.766359+00:00", "level": "WARNING", "module": "logger", "funcName": "_log", "lineno": 188, "event_type": "streaming_indicator_engine.data_anomalies_detected", "data": {"symbol": "ARIA_USDT", "timestamp": 1762077025.309999, "anomalies": ["stale_timestamp: 1762077025.309999 vs 1764665502.7663598"], "data_sample": {"price": 0.16726, "volume": 5.0}}}
{"timestamp": "2025-12-02T08:51:42.772717+00:00", "level": "INFO", "module": "logger", "funcName": "_log", "lineno": 188, "event_type": "strategy_manager.indicator_update_received", "data": {"symbol": "ARIA_USDT", "indicator_name": "11b8be00-eed3-48fe-b359-df47b297226c_20", "indicator_type": "", "value": -0.001339848230537208, "active_strategies_for_symbol": true, "active_count": 3}}
{"timestamp": "2025-12-02T08:51:42.772717+00:00", "level": "WARNING", "module": "logger", "funcName": "_log", "lineno": 188, "event_type": "streaming_indicator_engine.data_anomalies_detected", "data": {"symbol": "ARIA_USDT", "timestamp": 1762077033.311, "anomalies": ["stale_timestamp: 1762077033.311 vs 1764665502.772717"], "data_sample": {"price": 0.16725, "volume": 4.0}}}
{"timestamp": "2025-12-02T08:51:42.773725+00:00", "level": "WARNING", "module": "logger", "funcName": "_log", "lineno": 188, "event_type": "streaming_indicator_engine.data_anomalies_detected", "data": {"symbol": "ARIA_USDT", "timestamp": 1762077042.309999, "anomalies": ["stale_timestamp: 1762077042.309999 vs 1764665502.7737257"], "data_sample": {"price": 0.16724, "volume": 4.0}}}
{"timestamp": "2025-12-02T08:51:42.774720+00:00", "level": "WARNING", "module": "logger", "funcName": "_log", "lineno": 188, "event_type": "streaming_indicator_engine.data_anomalies_detected", "data": {"symbol": "ARIA_USDT", "timestamp": 1762077051.309999, "anomalies": ["stale_timestamp: 1762077051.309999 vs 1764665502.774721"], "data_sample": {"price": 0.16725, "volume": 4.0}}}
{"timestamp": "2025-12-02T08:51:42.774720+00:00", "level": "WARNING", "module": "logger", "funcName": "_log", "lineno": 188, "event_type": "streaming_indicator_engine.data_anomalies_detected", "data": {"symbol": "ARIA_USDT", "timestamp": 1762077057.312999, "anomalies": ["stale_timestamp: 1762077057.312999 vs 1764665502.774721"], "data_sample": {"price": 0.16726, "volume": 3.0}}}
{"timestamp": "2025-12-02T08:51:42.774720+00:00", "level": "WARNING", "module": "logger", "funcName": "_log", "lineno": 188, "event_type": "streaming_indicator_engine.data_anomalies_detected", "data": {"symbol": "ARIA_USDT", "timestamp": 1762077067.316999, "anomalies": ["stale_timestamp: 1762077067.316999 vs 1764665502.774721"], "data_sample": {"price": 0.16725, "volume": 8.0}}}
{"timestamp": "2025-12-02T08:51:42.775761+00:00", "level": "INFO", "module": "logger", "funcName": "_log", "lineno": 188, "event_type": "strategy_manager.indicator_update_received", "data": {"symbol": "ARIA_USDT", "indicator_name": "11b8be00-eed3-48fe-b359-df47b297226c_20", "indicator_type": "", "value": -0.001339848230537208, "active_strategies_for_symbol": true, "active_count": 3}}
{"timestamp": "2025-12-02T08:51:42.775761+00:00", "level": "WARNING", "module": "logger", "funcName": "_log", "lineno": 188, "event_type": "streaming_indicator_engine.data_anomalies_detected", "data": {"symbol": "ARIA_USDT", "timestamp": 1762077081.308, "anomalies": ["stale_timestamp: 1762077081.308 vs 1764665502.7757611"], "data_sample": {"price": 0.16714, "volume": 6.0}}}
{"timestamp": "2025-12-02T08:51:42.776718+00:00", "level": "WARNING", "module": "logger", "funcName": "_log", "lineno": 188, "event_type": "streaming_indicator_engine.data_anomalies_detected", "data": {"symbol": "ARIA_USDT", "timestamp": 1762077089.311, "anomalies": ["stale_timestamp: 1762077089.311 vs 1764665502.7767189"], "data_sample": {"price": 0.16711, "volume": 4.0}}}
{"timestamp": "2025-12-02T08:51:42.777720+00:00", "level": "WARNING", "module": "logger", "funcName": "_log", "lineno": 188, "event_type": "streaming_indicator_engine.data_anomalies_detected", "data": {"symbol": "ARIA_USDT", "timestamp": 1762077098.311, "anomalies": ["stale_timestamp: 1762077098.311 vs 1764665502.7777202"], "data_sample": {"price": 0.16702, "volume": 4.0}}}
{"timestamp": "2025-12-02T08:51:42.778723+00:00", "level": "WARNING", "module": "logger", "funcName": "_log", "lineno": 188, "event_type": "streaming_indicator_engine.data_anomalies_detected", "data": {"symbol": "ARIA_USDT", "timestamp": 1762077107.335, "anomalies": ["stale_timestamp: 1762077107.335 vs 1764665502.778723"], "data_sample": {"price": 0.167, "volume": 26.0}}}
{"timestamp": "2025-12-02T08:51:42.779234+00:00", "level": "WARNING", "module": "logger", "funcName": "_log", "lineno": 188, "event_type": "streaming_indicator_engine.data_anomalies_detected", "data": {"symbol": "ARIA_USDT", "timestamp": 1762077121.309999, "anomalies": ["stale_timestamp: 1762077121.309999 vs 1764665502.7792346"], "data_sample": {"price": 0.16704, "volume": 8.0}}}
{"timestamp": "2025-12-02T08:51:42.779234+00:00", "level": "WARNING", "module": "logger", "funcName": "_log", "lineno": 188, "event_type": "streaming_indicator_engine.data_anomalies_detected", "data": {"symbol": "ARIA_USDT", "timestamp": 1762077123.420999, "anomalies": ["stale_timestamp: 1762077123.420999 vs 1764665502.7792346"], "data_sample": {"price": 0.167, "volume": 59.0}}}
{"timestamp": "2025-12-02T08:51:42.783303+00:00", "level": "INFO", "module": "logger", "funcName": "_log", "lineno": 188, "event_type": "strategy_manager.indicator_update_received", "data": {"symbol": "ARIA_USDT", "indicator_name": "790d8eed-dc95-43ff-b625-1205d256154b_20", "indicator_type": "", "value": -0.002905608753967066, "active_strategies_for_symbol": true, "active_count": 3}}
{"timestamp": "2025-12-02T08:51:42.784298+00:00", "level": "WARNING", "module": "logger", "funcName": "_log", "lineno": 188, "event_type": "streaming_indicator_engine.data_anomalies_detected", "data": {"symbol": "ARIA_USDT", "timestamp": 1762077139.311, "anomalies": ["stale_timestamp: 1762077139.311 vs 1764665502.7842982"], "data_sample": {"price": 0.16703, "volume": 5.0}}}
{"timestamp": "2025-12-02T08:51:42.785296+00:00", "level": "WARNING", "module": "logger", "funcName": "_log", "lineno": 188, "event_type": "streaming_indicator_engine.data_anomalies_detected", "data": {"symbol": "ARIA_USDT", "timestamp": 1762077152.308999, "anomalies": ["stale_timestamp: 1762077152.308999 vs 1764665502.7842982"], "data_sample": {"price": 0.16708, "volume": 9.0}}}
{"timestamp": "2025-12-02T08:51:42.785296+00:00", "level": "WARNING", "module": "logger", "funcName": "_log", "lineno": 188, "event_type": "streaming_indicator_engine.data_anomalies_detected", "data": {"symbol": "ARIA_USDT", "timestamp": 1762077163.309999, "anomalies": ["stale_timestamp: 1762077163.309999 vs 1764665502.7852964"], "data_sample": {"price": 0.16713, "volume": 11.0}}}
{"timestamp": "2025-12-02T08:51:42.786295+00:00", "level": "WARNING", "module": "logger", "funcName": "_log", "lineno": 188, "event_type": "streaming_indicator_engine.data_anomalies_detected", "data": {"symbol": "ARIA_USDT", "timestamp": 1762077172.309999, "anomalies": ["stale_timestamp: 1762077172.309999 vs 1764665502.7862957"], "data_sample": {"price": 0.16706, "volume": 12.0}}}
{"timestamp": "2025-12-02T08:51:42.786295+00:00", "level": "WARNING", "module": "logger", "funcName": "_log", "lineno": 188, "event_type": "streaming_indicator_engine.data_anomalies_detected", "data": {"symbol": "ARIA_USDT", "timestamp": 1762077187.312999, "anomalies": ["stale_timestamp: 1762077187.312999 vs 1764665502.7862957"], "data_sample": {"price": 0.16705, "volume": 4.0}}}
{"timestamp": "2025-12-02T08:51:42.787316+00:00", "level": "WARNING", "module": "logger", "funcName": "_log", "lineno": 188, "event_type": "streaming_indicator_engine.data_anomalies_detected", "data": {"symbol": "ARIA_USDT", "timestamp": 1762077203.309999, "anomalies": ["stale_timestamp: 1762077203.309999 vs 1764665502.7873163"], "data_sample": {"price": 0.16703, "volume": 6.0}}}
{"timestamp": "2025-12-02T08:51:42.787316+00:00", "level": "INFO", "module": "logger", "funcName": "_log", "lineno": 188, "event_type": "strategy_manager.indicator_update_received", "data": {"symbol": "ARIA_USDT", "indicator_name": "790d8eed-dc95-43ff-b625-1205d256154b_20", "indicator_type": "", "value": -0.002905608753967066, "active_strategies_for_symbol": true, "active_count": 3}}
{"timestamp": "2025-12-02T08:51:42.788296+00:00", "level": "WARNING", "module": "logger", "funcName": "_log", "lineno": 188, "event_type": "streaming_indicator_engine.data_anomalies_detected", "data": {"symbol": "ARIA_USDT", "timestamp": 1762077211.312, "anomalies": ["stale_timestamp: 1762077211.312 vs 1764665502.7882967"], "data_sample": {"price": 0.16707, "volume": 9.0}}}
{"timestamp": "2025-12-02T08:51:42.788296+00:00", "level": "WARNING", "module": "logger", "funcName": "_log", "lineno": 188, "event_type": "streaming_indicator_engine.data_anomalies_detected", "data": {"symbol": "ARIA_USDT", "timestamp": 1762077227.312999, "anomalies": ["stale_timestamp: 1762077227.312999 vs 1764665502.7882967"], "data_sample": {"price": 0.16704, "volume": 4.0}}}
{"timestamp": "2025-12-02T08:51:42.788296+00:00", "level": "WARNING", "module": "logger", "funcName": "_log", "lineno": 188, "event_type": "streaming_indicator_engine.data_anomalies_detected", "data": {"symbol": "ARIA_USDT", "timestamp": 1762077234.308999, "anomalies": ["stale_timestamp: 1762077234.308999 vs 1764665502.7882967"], "data_sample": {"price": 0.16708, "volume": 8.0}}}
{"timestamp": "2025-12-02T08:51:42.789540+00:00", "level": "WARNING", "module": "logger", "funcName": "_log", "lineno": 188, "event_type": "streaming_indicator_engine.data_anomalies_detected", "data": {"symbol": "ARIA_USDT", "timestamp": 1762077247.312999, "anomalies": ["stale_timestamp: 1762077247.312999 vs 1764665502.78954"], "data_sample": {"price": 0.16705, "volume": 7.0}}}
{"timestamp": "2025-12-02T08:51:42.789540+00:00", "level": "WARNING", "module": "logger", "funcName": "_log", "lineno": 188, "event_type": "streaming_indicator_engine.data_anomalies_detected", "data": {"symbol": "ARIA_USDT", "timestamp": 1762077263.309999, "anomalies": ["stale_timestamp: 1762077263.309999 vs 1764665502.78954"], "data_sample": {"price": 0.16704, "volume": 7.0}}}
{"timestamp": "2025-12-02T08:51:42.790541+00:00", "level": "WARNING", "module": "logger", "funcName": "_log", "lineno": 188, "event_type": "streaming_indicator_engine.data_anomalies_detected", "data": {"symbol": "ARIA_USDT", "timestamp": 1762077274.309999, "anomalies": ["stale_timestamp: 1762077274.309999 vs 1764665502.7905416"], "data_sample": {"price": 0.16709, "volume": 4.0}}}
{"timestamp": "2025-12-02T08:51:42.790541+00:00", "level": "WARNING", "module": "logger", "funcName": "_log", "lineno": 188, "event_type": "streaming_indicator_engine.data_anomalies_detected", "data": {"symbol": "ARIA_USDT", "timestamp": 1762077281.311, "anomalies": ["stale_timestamp: 1762077281.311 vs 1764665502.7905416"], "data_sample": {"price": 0.16713, "volume": 12.0}}}
{"timestamp": "2025-12-02T08:51:42.812276+00:00", "level": "WARNING", "module": "logger", "funcName": "_log", "lineno": 188, "event_type": "streaming_indicator_engine.data_anomalies_detected", "data": {"symbol": "ARIA_USDT", "timestamp": 1762077290.312, "anomalies": ["stale_timestamp: 1762077290.312 vs 1764665502.812277"], "data_sample": {"price": 0.16709, "volume": 8.0}}}
{"timestamp": "2025-12-02T08:51:42.828721+00:00", "level": "WARNING", "module": "logger", "funcName": "_log", "lineno": 188, "event_type": "streaming_indicator_engine.data_anomalies_detected", "data": {"symbol": "ARIA_USDT", "timestamp": 1762077299.312, "anomalies": ["stale_timestamp: 1762077299.312 vs 1764665502.8287215"], "data_sample": {"price": 0.16706, "volume": 8.0}}}
{"timestamp": "2025-12-02T08:51:42.843360+00:00", "level": "WARNING", "module": "logger", "funcName": "_log", "lineno": 188, "event_type": "streaming_indicator_engine.data_anomalies_detected", "data": {"symbol": "ARIA_USDT", "timestamp": 1762077309.309999, "anomalies": ["stale_timestamp: 1762077309.309999 vs 1764665502.8433604"], "data_sample": {"price": 0.16705, "volume": 6.0}}}
{"timestamp": "2025-12-02T08:51:42.859704+00:00", "level": "WARNING", "module": "logger", "funcName": "_log", "lineno": 188, "event_type": "streaming_indicator_engine.data_anomalies_detected", "data": {"symbol": "ARIA_USDT", "timestamp": 1762077318.312, "anomalies": ["stale_timestamp: 1762077318.312 vs 1764665502.8597043"], "data_sample": {"price": 0.16706, "volume": 9.0}}}
{"timestamp": "2025-12-02T08:51:42.874821+00:00", "level": "WARNING", "module": "logger", "funcName": "_log", "lineno": 188, "event_type": "streaming_indicator_engine.data_anomalies_detected", "data": {"symbol": "ARIA_USDT", "timestamp": 1762077324.309999, "anomalies": ["stale_timestamp: 1762077324.309999 vs 1764665502.8748212"], "data_sample": {"price": 0.1671, "volume": 5.0}}}
{"timestamp": "2025-12-02T08:51:42.889695+00:00", "level": "WARNING", "module": "logger", "funcName": "_log", "lineno": 188, "event_type": "streaming_indicator_engine.data_anomalies_detected", "data": {"symbol": "ARIA_USDT", "timestamp": 1762077335.309999, "anomalies": ["stale_timestamp: 1762077335.309999 vs 1764665502.8896952"], "data_sample": {"price": 0.16709, "volume": 4.0}}}
{"timestamp": "2025-12-02T08:51:42.905309+00:00", "level": "WARNING", "module": "logger", "funcName": "_log", "lineno": 188, "event_type": "streaming_indicator_engine.data_anomalies_detected", "data": {"symbol": "ARIA_USDT", "timestamp": 1762077351.309999, "anomalies": ["stale_timestamp: 1762077351.309999 vs 1764665502.905309"], "data_sample": {"price": 0.1671, "volume": 3.0}}}
{"timestamp": "2025-12-02T08:51:42.920614+00:00", "level": "WARNING", "module": "logger", "funcName": "_log", "lineno": 188, "event_type": "streaming_indicator_engine.data_anomalies_detected", "data": {"symbol": "ARIA_USDT", "timestamp": 1762077362.309999, "anomalies": ["stale_timestamp: 1762077362.309999 vs 1764665502.9206145"], "data_sample": {"price": 0.16716, "volume": 5.0}}}
{"timestamp": "2025-12-02T08:51:42.936235+00:00", "level": "WARNING", "module": "logger", "funcName": "_log", "lineno": 188, "event_type": "streaming_indicator_engine.data_anomalies_detected", "data": {"symbol": "ARIA_USDT", "timestamp": 1762077376.309999, "anomalies": ["stale_timestamp: 1762077376.309999 vs 1764665502.936235"], "data_sample": {"price": 0.16724, "volume": 11.0}}}
{"timestamp": "2025-12-02T08:51:42.952977+00:00", "level": "WARNING", "module": "logger", "funcName": "_log", "lineno": 188, "event_type": "streaming_indicator_engine.data_anomalies_detected", "data": {"symbol": "ARIA_USDT", "timestamp": 1762077387.309999, "anomalies": ["stale_timestamp: 1762077387.309999 vs 1764665502.9520962"], "data_sample": {"price": 0.16726, "volume": 11.0}}}
{"timestamp": "2025-12-02T08:51:42.968285+00:00", "level": "WARNING", "module": "logger", "funcName": "_log", "lineno": 188, "event_type": "streaming_indicator_engine.data_anomalies_detected", "data": {"symbol": "ARIA_USDT", "timestamp": 1762077395.309999, "anomalies": ["stale_timestamp: 1762077395.309999 vs 1764665502.9682853"], "data_sample": {"price": 0.16728, "volume": 3.0}}}
{"timestamp": "2025-12-02T08:51:42.984129+00:00", "level": "WARNING", "module": "logger", "funcName": "_log", "lineno": 188, "event_type": "streaming_indicator_engine.data_anomalies_detected", "data": {"symbol": "ARIA_USDT", "timestamp": 1762077402.309999, "anomalies": ["stale_timestamp: 1762077402.309999 vs 1764665502.9841294"], "data_sample": {"price": 0.1673, "volume": 10.0}}}
{"timestamp": "2025-12-02T08:51:42.999480+00:00", "level": "WARNING", "module": "logger", "funcName": "_log", "lineno": 188, "event_type": "streaming_indicator_engine.data_anomalies_detected", "data": {"symbol": "ARIA_USDT", "timestamp": 1762077412.311, "anomalies": ["stale_timestamp: 1762077412.311 vs 1764665502.99878"], "data_sample": {"price": 0.16729, "volume": 7.0}}}
{"timestamp": "2025-12-02T08:51:43.013673+00:00", "level": "WARNING", "module": "logger", "funcName": "_log", "lineno": 188, "event_type": "streaming_indicator_engine.data_anomalies_detected", "data": {"symbol": "ARIA_USDT", "timestamp": 1762077421.309999, "anomalies": ["stale_timestamp: 1762077421.309999 vs 1764665503.0136733"], "data_sample": {"price": 0.16727, "volume": 4.0}}}
{"timestamp": "2025-12-02T08:51:43.167504+00:00", "level": "WARNING", "module": "logger", "funcName": "_log", "lineno": 188, "event_type": "streaming_indicator_engine.data_anomalies_detected", "data": {"symbol": "ARIA_USDT", "timestamp": 1762076372.312999, "anomalies": ["stale_timestamp: 1762076372.312999 vs 1764665503.1675048"], "data_sample": {"price": 0.1671, "volume": 3.0}}}
{"timestamp": "2025-12-02T08:51:43.181967+00:00", "level": "WARNING", "module": "logger", "funcName": "_log", "lineno": 188, "event_type": "streaming_indicator_engine.data_anomalies_detected", "data": {"symbol": "ARIA_USDT", "timestamp": 1762076381.309999, "anomalies": ["stale_timestamp: 1762076381.309999 vs 1764665503.1819675"], "data_sample": {"price": 0.16715, "volume": 8.0}}}
{"timestamp": "2025-12-02T08:51:43.197373+00:00", "level": "WARNING", "module": "logger", "funcName": "_log", "lineno": 188, "event_type": "streaming_indicator_engine.data_anomalies_detected", "data": {"symbol": "ARIA_USDT", "timestamp": 1762076388.311, "anomalies": ["stale_timestamp: 1762076388.311 vs 1764665503.1973732"], "data_sample": {"price": 0.16714, "volume": 9.0}}}
{"timestamp": "2025-12-02T08:51:43.213243+00:00", "level": "WARNING", "module": "logger", "funcName": "_log", "lineno": 188, "event_type": "streaming_indicator_engine.data_anomalies_detected", "data": {"symbol": "ARIA_USDT", "timestamp": 1762076401.309999, "anomalies": ["stale_timestamp: 1762076401.309999 vs 1764665503.2132435"], "data_sample": {"price": 0.16717, "volume": 7.0}}}
{"timestamp": "2025-12-02T08:51:43.228655+00:00", "level": "WARNING", "module": "logger", "funcName": "_log", "lineno": 188, "event_type": "streaming_indicator_engine.data_anomalies_detected", "data": {"symbol": "ARIA_USDT", "timestamp": 1762076408.312, "anomalies": ["stale_timestamp: 1762076408.312 vs 1764665503.2286558"], "data_sample": {"price": 0.16713, "volume": 3.0}}}
{"timestamp": "2025-12-02T08:51:43.244535+00:00", "level": "WARNING", "module": "logger", "funcName": "_log", "lineno": 188, "event_type": "streaming_indicator_engine.data_anomalies_detected", "data": {"symbol": "ARIA_USDT", "timestamp": 1762076417.311, "anomalies": ["stale_timestamp: 1762076417.311 vs 1764665503.244535"], "data_sample": {"price": 0.16708, "volume": 3.0}}}
{"timestamp": "2025-12-02T08:51:43.260157+00:00", "level": "WARNING", "module": "logger", "funcName": "_log", "lineno": 188, "event_type": "streaming_indicator_engine.data_anomalies_detected", "data": {"symbol": "ARIA_USDT", "timestamp": 1762076427.308999, "anomalies": ["stale_timestamp: 1762076427.308999 vs 1764665503.2601576"], "data_sample": {"price": 0.16707, "volume": 12.0}}}
{"timestamp": "2025-12-02T08:51:43.275856+00:00", "level": "WARNING", "module": "logger", "funcName": "_log", "lineno": 188, "event_type": "streaming_indicator_engine.data_anomalies_detected", "data": {"symbol": "ARIA_USDT", "timestamp": 1762076435.309999, "anomalies": ["stale_timestamp: 1762076435.309999 vs 1764665503.275856"], "data_sample": {"price": 0.1671, "volume": 4.0}}}
{"timestamp": "2025-12-02T08:51:43.291898+00:00", "level": "WARNING", "module": "logger", "funcName": "_log", "lineno": 188, "event_type": "streaming_indicator_engine.data_anomalies_detected", "data": {"symbol": "ARIA_USDT", "timestamp": 1762076447.309999, "anomalies": ["stale_timestamp: 1762076447.309999 vs 1764665503.291899"], "data_sample": {"price": 0.16708, "volume": 9.0}}}
{"timestamp": "2025-12-02T08:51:43.307343+00:00", "level": "WARNING", "module": "logger", "funcName": "_log", "lineno": 188, "event_type": "streaming_indicator_engine.data_anomalies_detected", "data": {"symbol": "ARIA_USDT", "timestamp": 1762076462.309999, "anomalies": ["stale_timestamp: 1762076462.309999 vs 1764665503.3073437"], "data_sample": {"price": 0.16726, "volume": 10.0}}}
{"timestamp": "2025-12-02T08:51:43.310597+00:00", "level": "INFO", "module": "logger", "funcName": "_log", "lineno": 188, "event_type": "strategy_manager.indicator_update_received", "data": {"symbol": "ARIA_USDT", "indicator_name": "611fad91-045d-408b-8822-f43428935033_20", "indicator_type": "", "value": -0.0004688092549425979, "active_strategies_for_symbol": true, "active_count": 3}}
{"timestamp": "2025-12-02T08:51:43.310597+00:00", "level": "WARNING", "module": "logger", "funcName": "_log", "lineno": 188, "event_type": "streaming_indicator_engine.data_anomalies_detected", "data": {"symbol": "ARIA_USDT", "timestamp": 1762076476.308999, "anomalies": ["stale_timestamp: 1762076476.308999 vs 1764665503.310598"], "data_sample": {"price": 0.16745, "volume": 9.0}}}
{"timestamp": "2025-12-02T08:51:43.311568+00:00", "level": "WARNING", "module": "logger", "funcName": "_log", "lineno": 188, "event_type": "streaming_indicator_engine.data_anomalies_detected", "data": {"symbol": "ARIA_USDT", "timestamp": 1762076490.311, "anomalies": ["stale_timestamp: 1762076490.311 vs 1764665503.3115685"], "data_sample": {"price": 0.16766, "volume": 7.0}}}
{"timestamp": "2025-12-02T08:51:43.313167+00:00", "level": "WARNING", "module": "logger", "funcName": "_log", "lineno": 188, "event_type": "streaming_indicator_engine.data_anomalies_detected", "data": {"symbol": "ARIA_USDT", "timestamp": 1762076501.311, "anomalies": ["stale_timestamp: 1762076501.311 vs 1764665503.313167"], "data_sample": {"price": 0.16763, "volume": 5.0}}}
{"timestamp": "2025-12-02T08:51:43.314252+00:00", "level": "WARNING", "module": "logger", "funcName": "_log", "lineno": 188, "event_type": "streaming_indicator_engine.data_anomalies_detected", "data": {"symbol": "ARIA_USDT", "timestamp": 1762076514.408999, "anomalies": ["stale_timestamp: 1762076514.408999 vs 1764665503.3142529"], "data_sample": {"price": 0.16766, "volume": 10.0}}}
{"timestamp": "2025-12-02T08:51:43.315255+00:00", "level": "WARNING", "module": "logger", "funcName": "_log", "lineno": 188, "event_type": "streaming_indicator_engine.data_anomalies_detected", "data": {"symbol": "ARIA_USDT", "timestamp": 1762076520.311, "anomalies": ["stale_timestamp: 1762076520.311 vs 1764665503.3142529"], "data_sample": {"price": 0.1677, "volume": 9.0}}}
{"timestamp": "2025-12-02T08:51:43.315255+00:00", "level": "INFO", "module": "logger", "funcName": "_log", "lineno": 188, "event_type": "strategy_manager.indicator_update_received", "data": {"symbol": "ARIA_USDT", "indicator_name": "611fad91-045d-408b-8822-f43428935033_20", "indicator_type": "", "value": -0.0004688092549425979, "active_strategies_for_symbol": true, "active_count": 3}}
{"timestamp": "2025-12-02T08:51:43.316177+00:00", "level": "WARNING", "module": "logger", "funcName": "_log", "lineno": 188, "event_type": "streaming_indicator_engine.data_anomalies_detected", "data": {"symbol": "ARIA_USDT", "timestamp": 1762076531.311, "anomalies": ["stale_timestamp: 1762076531.311 vs 1764665503.3161776"], "data_sample": {"price": 0.16778, "volume": 10.0}}}
{"timestamp": "2025-12-02T08:51:43.317185+00:00", "level": "WARNING", "module": "logger", "funcName": "_log", "lineno": 188, "event_type": "streaming_indicator_engine.data_anomalies_detected", "data": {"symbol": "ARIA_USDT", "timestamp": 1762076537.311, "anomalies": ["stale_timestamp: 1762076537.311 vs 1764665503.3171859"], "data_sample": {"price": 0.16777, "volume": 10.0}}}
{"timestamp": "2025-12-02T08:51:43.317185+00:00", "level": "WARNING", "module": "logger", "funcName": "_log", "lineno": 188, "event_type": "streaming_indicator_engine.data_anomalies_detected", "data": {"symbol": "ARIA_USDT", "timestamp": 1762076543.312, "anomalies": ["stale_timestamp: 1762076543.312 vs 1764665503.3171859"], "data_sample": {"price": 0.16765, "volume": 8.0}}}
{"timestamp": "2025-12-02T08:51:43.318693+00:00", "level": "WARNING", "module": "logger", "funcName": "_log", "lineno": 188, "event_type": "streaming_indicator_engine.data_anomalies_detected", "data": {"symbol": "ARIA_USDT", "timestamp": 1762076551.311, "anomalies": ["stale_timestamp: 1762076551.311 vs 1764665503.3186934"], "data_sample": {"price": 0.16776, "volume": 7.0}}}
{"timestamp": "2025-12-02T08:51:43.318693+00:00", "level": "WARNING", "module": "logger", "funcName": "_log", "lineno": 188, "event_type": "streaming_indicator_engine.data_anomalies_detected", "data": {"symbol": "ARIA_USDT", "timestamp": 1762076567.313999, "anomalies": ["stale_timestamp: 1762076567.313999 vs 1764665503.3186934"], "data_sample": {"price": 0.16779, "volume": 4.0}}}
{"timestamp": "2025-12-02T08:51:43.318693+00:00", "level": "WARNING", "module": "logger", "funcName": "_log", "lineno": 188, "event_type": "streaming_indicator_engine.data_anomalies_detected", "data": {"symbol": "ARIA_USDT", "timestamp": 1762076582.312999, "anomalies": ["stale_timestamp: 1762076582.312999 vs 1764665503.3186934"], "data_sample": {"price": 0.16774, "volume": 4.0}}}
{"timestamp": "2025-12-02T08:51:43.319705+00:00", "level": "WARNING", "module": "logger", "funcName": "_log", "lineno": 188, "event_type": "streaming_indicator_engine.data_anomalies_detected", "data": {"symbol": "ARIA_USDT", "timestamp": 1762076595.309999, "anomalies": ["stale_timestamp: 1762076595.309999 vs 1764665503.319705"], "data_sample": {"price": 0.16776, "volume": 10.0}}}
{"timestamp": "2025-12-02T08:51:43.338627+00:00", "level": "WARNING", "module": "logger", "funcName": "_log", "lineno": 188, "event_type": "streaming_indicator_engine.data_anomalies_detected", "data": {"symbol": "ARIA_USDT", "timestamp": 1762076606.309999, "anomalies": ["stale_timestamp: 1762076606.309999 vs 1764665503.3386273"], "data_sample": {"price": 0.16772, "volume": 9.0}}}
{"timestamp": "2025-12-02T08:51:43.353709+00:00", "level": "WARNING", "module": "logger", "funcName": "_log", "lineno": 188, "event_type": "streaming_indicator_engine.data_anomalies_detected", "data": {"symbol": "ARIA_USDT", "timestamp": 1762076620.309999, "anomalies": ["stale_timestamp: 1762076620.309999 vs 1764665503.35371"], "data_sample": {"price": 0.16764, "volume": 5.0}}}
{"timestamp": "2025-12-02T08:51:43.368697+00:00", "level": "WARNING", "module": "logger", "funcName": "_log", "lineno": 188, "event_type": "streaming_indicator_engine.data_anomalies_detected", "data": {"symbol": "ARIA_USDT", "timestamp": 1762076628.311, "anomalies": ["stale_timestamp: 1762076628.311 vs 1764665503.368698"], "data_sample": {"price": 0.16761, "volume": 7.0}}}
{"timestamp": "2025-12-02T08:51:43.384812+00:00", "level": "WARNING", "module": "logger", "funcName": "_log", "lineno": 188, "event_type": "streaming_indicator_engine.data_anomalies_detected", "data": {"symbol": "ARIA_USDT", "timestamp": 1762076638.312999, "anomalies": ["stale_timestamp: 1762076638.312999 vs 1764665503.3848126"], "data_sample": {"price": 0.16763, "volume": 10.0}}}
{"timestamp": "2025-12-02T08:51:43.399604+00:00", "level": "WARNING", "module": "logger", "funcName": "_log", "lineno": 188, "event_type": "streaming_indicator_engine.data_anomalies_detected", "data": {"symbol": "ARIA_USDT", "timestamp": 1762076647.309999, "anomalies": ["stale_timestamp: 1762076647.309999 vs 1764665503.3996046"], "data_sample": {"price": 0.16762, "volume": 4.0}}}
{"timestamp": "2025-12-02T08:51:43.415074+00:00", "level": "WARNING", "module": "logger", "funcName": "_log", "lineno": 188, "event_type": "streaming_indicator_engine.data_anomalies_detected", "data": {"symbol": "ARIA_USDT", "timestamp": 1762076653.309999, "anomalies": ["stale_timestamp: 1762076653.309999 vs 1764665503.4150748"], "data_sample": {"price": 0.16761, "volume": 9.0}}}
{"timestamp": "2025-12-02T08:51:43.430422+00:00", "level": "WARNING", "module": "logger", "funcName": "_log", "lineno": 188, "event_type": "streaming_indicator_engine.data_anomalies_detected", "data": {"symbol": "ARIA_USDT", "timestamp": 1762076666.309999, "anomalies": ["stale_timestamp: 1762076666.309999 vs 1764665503.4304223"], "data_sample": {"price": 0.16763, "volume": 9.0}}}
{"timestamp": "2025-12-02T08:51:43.446103+00:00", "level": "WARNING", "module": "logger", "funcName": "_log", "lineno": 188, "event_type": "streaming_indicator_engine.data_anomalies_detected", "data": {"symbol": "ARIA_USDT", "timestamp": 1762076672.308999, "anomalies": ["stale_timestamp: 1762076672.308999 vs 1764665503.4461036"], "data_sample": {"price": 0.16762, "volume": 9.0}}}
{"timestamp": "2025-12-02T08:51:43.461556+00:00", "level": "WARNING", "module": "logger", "funcName": "_log", "lineno": 188, "event_type": "streaming_indicator_engine.data_anomalies_detected", "data": {"symbol": "ARIA_USDT", "timestamp": 1762076685.309999, "anomalies": ["stale_timestamp: 1762076685.309999 vs 1764665503.4615567"], "data_sample": {"price": 0.16732, "volume": 9.0}}}
{"timestamp": "2025-12-02T08:51:43.477355+00:00", "level": "WARNING", "module": "logger", "funcName": "_log", "lineno": 188, "event_type": "streaming_indicator_engine.data_anomalies_detected", "data": {"symbol": "ARIA_USDT", "timestamp": 1762076699.311, "anomalies": ["stale_timestamp: 1762076699.311 vs 1764665503.4773555"], "data_sample": {"price": 0.16737, "volume": 11.0}}}
{"timestamp": "2025-12-02T08:51:43.492745+00:00", "level": "WARNING", "module": "logger", "funcName": "_log", "lineno": 188, "event_type": "streaming_indicator_engine.data_anomalies_detected", "data": {"symbol": "ARIA_USDT", "timestamp": 1762076713.309999, "anomalies": ["stale_timestamp: 1762076713.309999 vs 1764665503.4927452"], "data_sample": {"price": 0.16735, "volume": 4.0}}}
{"timestamp": "2025-12-02T08:51:43.507578+00:00", "level": "WARNING", "module": "logger", "funcName": "_log", "lineno": 188, "event_type": "streaming_indicator_engine.data_anomalies_detected", "data": {"symbol": "ARIA_USDT", "timestamp": 1762076728.311, "anomalies": ["stale_timestamp: 1762076728.311 vs 1764665503.5075786"], "data_sample": {"price": 0.16739, "volume": 9.0}}}
{"timestamp": "2025-12-02T08:51:43.522856+00:00", "level": "WARNING", "module": "logger", "funcName": "_log", "lineno": 188, "event_type": "streaming_indicator_engine.data_anomalies_detected", "data": {"symbol": "ARIA_USDT", "timestamp": 1762076734.308999, "anomalies": ["stale_timestamp: 1762076734.308999 vs 1764665503.5228567"], "data_sample": {"price": 0.16744, "volume": 9.0}}}
{"timestamp": "2025-12-02T08:51:43.538384+00:00", "level": "WARNING", "module": "logger", "funcName": "_log", "lineno": 188, "event_type": "streaming_indicator_engine.data_anomalies_detected", "data": {"symbol": "ARIA_USDT", "timestamp": 1762076750.309999, "anomalies": ["stale_timestamp: 1762076750.309999 vs 1764665503.538385"], "data_sample": {"price": 0.16747, "volume": 10.0}}}
{"timestamp": "2025-12-02T08:51:43.553651+00:00", "level": "WARNING", "module": "logger", "funcName": "_log", "lineno": 188, "event_type": "streaming_indicator_engine.data_anomalies_detected", "data": {"symbol": "ARIA_USDT", "timestamp": 1762076759.311, "anomalies": ["stale_timestamp: 1762076759.311 vs 1764665503.5536509"], "data_sample": {"price": 0.16746, "volume": 10.0}}}
{"timestamp": "2025-12-02T08:51:43.555696+00:00", "level": "WARNING", "module": "logger", "funcName": "_log", "lineno": 188, "event_type": "streaming_indicator_engine.data_anomalies_detected", "data": {"symbol": "ARIA_USDT", "timestamp": 1762076767.309999, "anomalies": ["stale_timestamp: 1762076767.309999 vs 1764665503.5545523"], "data_sample": {"price": 0.16742, "volume": 8.0}}}
{"timestamp": "2025-12-02T08:51:43.568891+00:00", "level": "WARNING", "module": "logger", "funcName": "_log", "lineno": 188, "event_type": "streaming_indicator_engine.data_anomalies_detected", "data": {"symbol": "ARIA_USDT", "timestamp": 1762076783.312, "anomalies": ["stale_timestamp: 1762076783.312 vs 1764665503.5688908"], "data_sample": {"price": 0.16745, "volume": 8.0}}}
{"timestamp": "2025-12-02T08:51:43.585444+00:00", "level": "WARNING", "module": "logger", "funcName": "_log", "lineno": 188, "event_type": "streaming_indicator_engine.data_anomalies_detected", "data": {"symbol": "ARIA_USDT", "timestamp": 1762076789.309999, "anomalies": ["stale_timestamp: 1762076789.309999 vs 1764665503.5854442"], "data_sample": {"price": 0.16755, "volume": 9.0}}}
{"timestamp": "2025-12-02T08:51:43.599902+00:00", "level": "WARNING", "module": "logger", "funcName": "_log", "lineno": 188, "event_type": "streaming_indicator_engine.data_anomalies_detected", "data": {"symbol": "ARIA_USDT", "timestamp": 1762076803.311, "anomalies": ["stale_timestamp: 1762076803.311 vs 1764665503.5999022"], "data_sample": {"price": 0.16758, "volume": 10.0}}}
{"timestamp": "2025-12-02T08:51:43.615413+00:00", "level": "WARNING", "module": "logger", "funcName": "_log", "lineno": 188, "event_type": "streaming_indicator_engine.data_anomalies_detected", "data": {"symbol": "ARIA_USDT", "timestamp": 1762076816.308999, "anomalies": ["stale_timestamp: 1762076816.308999 vs 1764665503.615413"], "data_sample": {"price": 0.16762, "volume": 9.0}}}
{"timestamp": "2025-12-02T08:51:43.630182+00:00", "level": "WARNING", "module": "logger", "funcName": "_log", "lineno": 188, "event_type": "streaming_indicator_engine.data_anomalies_detected", "data": {"symbol": "ARIA_USDT", "timestamp": 1762076825.312999, "anomalies": ["stale_timestamp: 1762076825.312999 vs 1764665503.6301818"], "data_sample": {"price": 0.16751, "volume": 10.0}}}
{"timestamp": "2025-12-02T08:51:43.645695+00:00", "level": "WARNING", "module": "logger", "funcName": "_log", "lineno": 188, "event_type": "streaming_indicator_engine.data_anomalies_detected", "data": {"symbol": "ARIA_USDT", "timestamp": 1762076831.316999, "anomalies": ["stale_timestamp: 1762076831.316999 vs 1764665503.645695"], "data_sample": {"price": 0.1674, "volume": 6.0}}}
{"timestamp": "2025-12-02T08:51:43.660927+00:00", "level": "WARNING", "module": "logger", "funcName": "_log", "lineno": 188, "event_type": "streaming_indicator_engine.data_anomalies_detected", "data": {"symbol": "ARIA_USDT", "timestamp": 1762076839.311, "anomalies": ["stale_timestamp: 1762076839.311 vs 1764665503.6609275"], "data_sample": {"price": 0.16741, "volume": 8.0}}}
{"timestamp": "2025-12-02T08:51:43.676675+00:00", "level": "WARNING", "module": "logger", "funcName": "_log", "lineno": 188, "event_type": "streaming_indicator_engine.data_anomalies_detected", "data": {"symbol": "ARIA_USDT", "timestamp": 1762076846.312, "anomalies": ["stale_timestamp: 1762076846.312 vs 1764665503.6766753"], "data_sample": {"price": 0.1674, "volume": 6.0}}}
{"timestamp": "2025-12-02T08:51:43.692408+00:00", "level": "WARNING", "module": "logger", "funcName": "_log", "lineno": 188, "event_type": "streaming_indicator_engine.data_anomalies_detected", "data": {"symbol": "ARIA_USDT", "timestamp": 1762076859.309999, "anomalies": ["stale_timestamp: 1762076859.309999 vs 1764665503.6924088"], "data_sample": {"price": 0.16723, "volume": 5.0}}}
{"timestamp": "2025-12-02T08:51:43.707116+00:00", "level": "WARNING", "module": "logger", "funcName": "_log", "lineno": 188, "event_type": "streaming_indicator_engine.data_anomalies_detected", "data": {"symbol": "ARIA_USDT", "timestamp": 1762076870.309999, "anomalies": ["stale_timestamp: 1762076870.309999 vs 1764665503.7071168"], "data_sample": {"price": 0.16724, "volume": 9.0}}}
{"timestamp": "2025-12-02T08:51:43.722789+00:00", "level": "WARNING", "module": "logger", "funcName": "_log", "lineno": 188, "event_type": "streaming_indicator_engine.data_anomalies_detected", "data": {"symbol": "ARIA_USDT", "timestamp": 1762076878.309999, "anomalies": ["stale_timestamp: 1762076878.309999 vs 1764665503.722789"], "data_sample": {"price": 0.16731, "volume": 4.0}}}
{"timestamp": "2025-12-02T08:51:43.738994+00:00", "level": "WARNING", "module": "logger", "funcName": "_log", "lineno": 188, "event_type": "streaming_indicator_engine.data_anomalies_detected", "data": {"symbol": "ARIA_USDT", "timestamp": 1762076892.311, "anomalies": ["stale_timestamp: 1762076892.311 vs 1764665503.7384892"], "data_sample": {"price": 0.16728, "volume": 9.0}}}
{"timestamp": "2025-12-02T08:51:43.769591+00:00", "level": "WARNING", "module": "logger", "funcName": "_log", "lineno": 188, "event_type": "streaming_indicator_engine.data_anomalies_detected", "data": {"symbol": "ARIA_USDT", "timestamp": 1762076900.309999, "anomalies": ["stale_timestamp: 1762076900.309999 vs 1764665503.7695916"], "data_sample": {"price": 0.16731, "volume": 7.0}}}
{"timestamp": "2025-12-02T08:51:43.786136+00:00", "level": "WARNING", "module": "logger", "funcName": "_log", "lineno": 188, "event_type": "streaming_indicator_engine.data_anomalies_detected", "data": {"symbol": "ARIA_USDT", "timestamp": 1762076915.308999, "anomalies": ["stale_timestamp: 1762076915.308999 vs 1764665503.7861364"], "data_sample": {"price": 0.16729, "volume": 4.0}}}
{"timestamp": "2025-12-02T08:51:43.800377+00:00", "level": "WARNING", "module": "logger", "funcName": "_log", "lineno": 188, "event_type": "streaming_indicator_engine.data_anomalies_detected", "data": {"symbol": "ARIA_USDT", "timestamp": 1762076929.309999, "anomalies": ["stale_timestamp: 1762076929.309999 vs 1764665503.8003776"], "data_sample": {"price": 0.16725, "volume": 11.0}}}
{"timestamp": "2025-12-02T08:51:43.815602+00:00", "level": "WARNING", "module": "logger", "funcName": "_log", "lineno": 188, "event_type": "streaming_indicator_engine.data_anomalies_detected", "data": {"symbol": "ARIA_USDT", "timestamp": 1762076940.312999, "anomalies": ["stale_timestamp: 1762076940.312999 vs 1764665503.8156018"], "data_sample": {"price": 0.16733, "volume": 8.0}}}
{"timestamp": "2025-12-02T08:51:43.821378+00:00", "level": "INFO", "module": "logger", "funcName": "_log", "lineno": 188, "event_type": "strategy_manager.indicator_update_received", "data": {"symbol": "ARIA_USDT", "indicator_name": "5fc82998-9270-4b44-8312-f74ddd20a93d_20", "indicator_type": "", "value": 25.008965393580773, "active_strategies_for_symbol": true, "active_count": 3}}
{"timestamp": "2025-12-02T08:51:43.822398+00:00", "level": "WARNING", "module": "logger", "funcName": "_log", "lineno": 188, "event_type": "streaming_indicator_engine.data_anomalies_detected", "data": {"symbol": "ARIA_USDT", "timestamp": 1762076949.324999, "anomalies": ["stale_timestamp: 1762076949.324999 vs 1764665503.822398"], "data_sample": {"price": 0.1673, "volume": 8.0}}}
{"timestamp": "2025-12-02T08:51:43.824343+00:00", "level": "WARNING", "module": "logger", "funcName": "_log", "lineno": 188, "event_type": "streaming_indicator_engine.data_anomalies_detected", "data": {"symbol": "ARIA_USDT", "timestamp": 1762076965.316, "anomalies": ["stale_timestamp: 1762076965.316 vs 1764665503.8233943"], "data_sample": {"price": 0.16729, "volume": 4.0}}}
{"timestamp": "2025-12-02T08:51:43.824343+00:00", "level": "WARNING", "module": "logger", "funcName": "_log", "lineno": 188, "event_type": "streaming_indicator_engine.data_anomalies_detected", "data": {"symbol": "ARIA_USDT", "timestamp": 1762076978.312, "anomalies": ["stale_timestamp: 1762076978.312 vs 1764665503.824343"], "data_sample": {"price": 0.1673, "volume": 9.0}}}
{"timestamp": "2025-12-02T08:51:43.825302+00:00", "level": "WARNING", "module": "logger", "funcName": "_log", "lineno": 188, "event_type": "streaming_indicator_engine.data_anomalies_detected", "data": {"symbol": "ARIA_USDT", "timestamp": 1762076990.315, "anomalies": ["stale_timestamp: 1762076990.315 vs 1764665503.8253028"], "data_sample": {"price": 0.16733, "volume": 10.0}}}
{"timestamp": "2025-12-02T08:51:43.825302+00:00", "level": "WARNING", "module": "logger", "funcName": "_log", "lineno": 188, "event_type": "streaming_indicator_engine.data_anomalies_detected", "data": {"symbol": "ARIA_USDT", "timestamp": 1762076997.315, "anomalies": ["stale_timestamp: 1762076997.315 vs 1764665503.8253028"], "data_sample": {"price": 0.16726, "volume": 12.0}}}
{"timestamp": "2025-12-02T08:51:43.826312+00:00", "level": "INFO", "module": "logger", "funcName": "_log", "lineno": 188, "event_type": "strategy_manager.indicator_update_received", "data": {"symbol": "ARIA_USDT", "indicator_name": "5fc82998-9270-4b44-8312-f74ddd20a93d_20", "indicator_type": "", "value": 25.008965393580773, "active_strategies_for_symbol": true, "active_count": 3}}
{"timestamp": "2025-12-02T08:51:43.826312+00:00", "level": "WARNING", "module": "logger", "funcName": "_log", "lineno": 188, "event_type": "streaming_indicator_engine.data_anomalies_detected", "data": {"symbol": "ARIA_USDT", "timestamp": 1762077007.309999, "anomalies": ["stale_timestamp: 1762077007.309999 vs 1764665503.8263123"], "data_sample": {"price": 0.16719, "volume": 4.0}}}
{"timestamp": "2025-12-02T08:51:43.826312+00:00", "level": "WARNING", "module": "logger", "funcName": "_log", "lineno": 188, "event_type": "streaming_indicator_engine.data_anomalies_detected", "data": {"symbol": "ARIA_USDT", "timestamp": 1762077018.309999, "anomalies": ["stale_timestamp: 1762077018.309999 vs 1764665503.8263123"], "data_sample": {"price": 0.16722, "volume": 8.0}}}
{"timestamp": "2025-12-02T08:51:43.827336+00:00", "level": "WARNING", "module": "logger", "funcName": "_log", "lineno": 188, "event_type": "streaming_indicator_engine.data_anomalies_detected", "data": {"symbol": "ARIA_USDT", "timestamp": 1762077025.309999, "anomalies": ["stale_timestamp: 1762077025.309999 vs 1764665503.827336"], "data_sample": {"price": 0.16726, "volume": 5.0}}}
{"timestamp": "2025-12-02T08:51:43.827336+00:00", "level": "WARNING", "module": "logger", "funcName": "_log", "lineno": 188, "event_type": "streaming_indicator_engine.data_anomalies_detected", "data": {"symbol": "ARIA_USDT", "timestamp": 1762077033.311, "anomalies": ["stale_timestamp: 1762077033.311 vs 1764665503.827336"], "data_sample": {"price": 0.16725, "volume": 4.0}}}
{"timestamp": "2025-12-02T08:51:43.827336+00:00", "level": "WARNING", "module": "logger", "funcName": "_log", "lineno": 188, "event_type": "streaming_indicator_engine.data_anomalies_detected", "data": {"symbol": "ARIA_USDT", "timestamp": 1762077042.309999, "anomalies": ["stale_timestamp: 1762077042.309999 vs 1764665503.827336"], "data_sample": {"price": 0.16724, "volume": 4.0}}}
{"timestamp": "2025-12-02T08:51:43.828376+00:00", "level": "WARNING", "module": "logger", "funcName": "_log", "lineno": 188, "event_type": "streaming_indicator_engine.data_anomalies_detected", "data": {"symbol": "ARIA_USDT", "timestamp": 1762077051.309999, "anomalies": ["stale_timestamp: 1762077051.309999 vs 1764665503.8283765"], "data_sample": {"price": 0.16725, "volume": 4.0}}}
{"timestamp": "2025-12-02T08:51:43.829412+00:00", "level": "INFO", "module": "logger", "funcName": "_log", "lineno": 188, "event_type": "strategy_manager.indicator_update_received", "data": {"symbol": "ARIA_USDT", "indicator_name": "11b8be00-eed3-48fe-b359-df47b297226c_20", "indicator_type": "", "value": -5.0001727893501276e-05, "active_strategies_for_symbol": true, "active_count": 3}}
{"timestamp": "2025-12-02T08:51:43.829412+00:00", "level": "WARNING", "module": "logger", "funcName": "_log", "lineno": 188, "event_type": "streaming_indicator_engine.data_anomalies_detected", "data": {"symbol": "ARIA_USDT", "timestamp": 1762077057.312999, "anomalies": ["stale_timestamp: 1762077057.312999 vs 1764665503.8294127"], "data_sample": {"price": 0.16726, "volume": 3.0}}}
{"timestamp": "2025-12-02T08:51:43.830510+00:00", "level": "WARNING", "module": "logger", "funcName": "_log", "lineno": 188, "event_type": "streaming_indicator_engine.data_anomalies_detected", "data": {"symbol": "ARIA_USDT", "timestamp": 1762077067.316999, "anomalies": ["stale_timestamp: 1762077067.316999 vs 1764665503.8305104"], "data_sample": {"price": 0.16725, "volume": 8.0}}}
{"timestamp": "2025-12-02T08:51:43.831414+00:00", "level": "WARNING", "module": "logger", "funcName": "_log", "lineno": 188, "event_type": "streaming_indicator_engine.data_anomalies_detected", "data": {"symbol": "ARIA_USDT", "timestamp": 1762077081.308, "anomalies": ["stale_timestamp: 1762077081.308 vs 1764665503.8314142"], "data_sample": {"price": 0.16714, "volume": 6.0}}}
{"timestamp": "2025-12-02T08:51:43.831414+00:00", "level": "WARNING", "module": "logger", "funcName": "_log", "lineno": 188, "event_type": "streaming_indicator_engine.data_anomalies_detected", "data": {"symbol": "ARIA_USDT", "timestamp": 1762077089.311, "anomalies": ["stale_timestamp: 1762077089.311 vs 1764665503.8314142"], "data_sample": {"price": 0.16711, "volume": 4.0}}}
{"timestamp": "2025-12-02T08:51:43.832412+00:00", "level": "WARNING", "module": "logger", "funcName": "_log", "lineno": 188, "event_type": "streaming_indicator_engine.data_anomalies_detected", "data": {"symbol": "ARIA_USDT", "timestamp": 1762077098.311, "anomalies": ["stale_timestamp: 1762077098.311 vs 1764665503.8324122"], "data_sample": {"price": 0.16702, "volume": 4.0}}}
{"timestamp": "2025-12-02T08:51:43.832412+00:00", "level": "WARNING", "module": "logger", "funcName": "_log", "lineno": 188, "event_type": "streaming_indicator_engine.data_anomalies_detected", "data": {"symbol": "ARIA_USDT", "timestamp": 1762077107.335, "anomalies": ["stale_timestamp: 1762077107.335 vs 1764665503.8324122"], "data_sample": {"price": 0.167, "volume": 26.0}}}
{"timestamp": "2025-12-02T08:51:43.832412+00:00", "level": "INFO", "module": "logger", "funcName": "_log", "lineno": 188, "event_type": "strategy_manager.indicator_update_received", "data": {"symbol": "ARIA_USDT", "indicator_name": "11b8be00-eed3-48fe-b359-df47b297226c_20", "indicator_type": "", "value": -5.0001727893501276e-05, "active_strategies_for_symbol": true, "active_count": 3}}
{"timestamp": "2025-12-02T08:51:43.833414+00:00", "level": "WARNING", "module": "logger", "funcName": "_log", "lineno": 188, "event_type": "streaming_indicator_engine.data_anomalies_detected", "data": {"symbol": "ARIA_USDT", "timestamp": 1762077121.309999, "anomalies": ["stale_timestamp: 1762077121.309999 vs 1764665503.8334138"], "data_sample": {"price": 0.16704, "volume": 8.0}}}
{"timestamp": "2025-12-02T08:51:43.833414+00:00", "level": "WARNING", "module": "logger", "funcName": "_log", "lineno": 188, "event_type": "streaming_indicator_engine.data_anomalies_detected", "data": {"symbol": "ARIA_USDT", "timestamp": 1762077123.420999, "anomalies": ["stale_timestamp: 1762077123.420999 vs 1764665503.8334138"], "data_sample": {"price": 0.167, "volume": 59.0}}}
{"timestamp": "2025-12-02T08:51:43.834603+00:00", "level": "WARNING", "module": "logger", "funcName": "_log", "lineno": 188, "event_type": "streaming_indicator_engine.data_anomalies_detected", "data": {"symbol": "ARIA_USDT", "timestamp": 1762077139.311, "anomalies": ["stale_timestamp: 1762077139.311 vs 1764665503.8346038"], "data_sample": {"price": 0.16703, "volume": 5.0}}}
{"timestamp": "2025-12-02T08:51:43.835702+00:00", "level": "WARNING", "module": "logger", "funcName": "_log", "lineno": 188, "event_type": "streaming_indicator_engine.data_anomalies_detected", "data": {"symbol": "ARIA_USDT", "timestamp": 1762077152.308999, "anomalies": ["stale_timestamp: 1762077152.308999 vs 1764665503.8357022"], "data_sample": {"price": 0.16708, "volume": 9.0}}}
{"timestamp": "2025-12-02T08:51:43.835702+00:00", "level": "WARNING", "module": "logger", "funcName": "_log", "lineno": 188, "event_type": "streaming_indicator_engine.data_anomalies_detected", "data": {"symbol": "ARIA_USDT", "timestamp": 1762077163.309999, "anomalies": ["stale_timestamp: 1762077163.309999 vs 1764665503.8357022"], "data_sample": {"price": 0.16713, "volume": 11.0}}}
{"timestamp": "2025-12-02T08:51:43.836710+00:00", "level": "WARNING", "module": "logger", "funcName": "_log", "lineno": 188, "event_type": "streaming_indicator_engine.data_anomalies_detected", "data": {"symbol": "ARIA_USDT", "timestamp": 1762077172.309999, "anomalies": ["stale_timestamp: 1762077172.309999 vs 1764665503.836711"], "data_sample": {"price": 0.16706, "volume": 12.0}}}
{"timestamp": "2025-12-02T08:51:43.836710+00:00", "level": "INFO", "module": "logger", "funcName": "_log", "lineno": 188, "event_type": "strategy_manager.indicator_update_received", "data": {"symbol": "ARIA_USDT", "indicator_name": "790d8eed-dc95-43ff-b625-1205d256154b_20", "indicator_type": "", "value": 0.0017841644514574935, "active_strategies_for_symbol": true, "active_count": 3}}
{"timestamp": "2025-12-02T08:51:43.838218+00:00", "level": "WARNING", "module": "logger", "funcName": "_log", "lineno": 188, "event_type": "streaming_indicator_engine.data_anomalies_detected", "data": {"symbol": "ARIA_USDT", "timestamp": 1762077187.312999, "anomalies": ["stale_timestamp: 1762077187.312999 vs 1764665503.8382187"], "data_sample": {"price": 0.16705, "volume": 4.0}}}
{"timestamp": "2025-12-02T08:51:43.838218+00:00", "level": "WARNING", "module": "logger", "funcName": "_log", "lineno": 188, "event_type": "streaming_indicator_engine.data_anomalies_detected", "data": {"symbol": "ARIA_USDT", "timestamp": 1762077203.309999, "anomalies": ["stale_timestamp: 1762077203.309999 vs 1764665503.8382187"], "data_sample": {"price": 0.16703, "volume": 6.0}}}
{"timestamp": "2025-12-02T08:51:43.839225+00:00", "level": "WARNING", "module": "logger", "funcName": "_log", "lineno": 188, "event_type": "streaming_indicator_engine.data_anomalies_detected", "data": {"symbol": "ARIA_USDT", "timestamp": 1762077211.312, "anomalies": ["stale_timestamp: 1762077211.312 vs 1764665503.8382187"], "data_sample": {"price": 0.16707, "volume": 9.0}}}
{"timestamp": "2025-12-02T08:51:43.840318+00:00", "level": "WARNING", "module": "logger", "funcName": "_log", "lineno": 188, "event_type": "streaming_indicator_engine.data_anomalies_detected", "data": {"symbol": "ARIA_USDT", "timestamp": 1762077227.312999, "anomalies": ["stale_timestamp: 1762077227.312999 vs 1764665503.840319"], "data_sample": {"price": 0.16704, "volume": 4.0}}}
{"timestamp": "2025-12-02T08:51:43.841227+00:00", "level": "WARNING", "module": "logger", "funcName": "_log", "lineno": 188, "event_type": "streaming_indicator_engine.data_anomalies_detected", "data": {"symbol": "ARIA_USDT", "timestamp": 1762077234.308999, "anomalies": ["stale_timestamp: 1762077234.308999 vs 1764665503.8412275"], "data_sample": {"price": 0.16708, "volume": 8.0}}}
{"timestamp": "2025-12-02T08:51:43.841227+00:00", "level": "WARNING", "module": "logger", "funcName": "_log", "lineno": 188, "event_type": "streaming_indicator_engine.data_anomalies_detected", "data": {"symbol": "ARIA_USDT", "timestamp": 1762077247.312999, "anomalies": ["stale_timestamp: 1762077247.312999 vs 1764665503.8412275"], "data_sample": {"price": 0.16705, "volume": 7.0}}}
{"timestamp": "2025-12-02T08:51:43.842254+00:00", "level": "INFO", "module": "logger", "funcName": "_log", "lineno": 188, "event_type": "strategy_manager.indicator_update_received", "data": {"symbol": "ARIA_USDT", "indicator_name": "790d8eed-dc95-43ff-b625-1205d256154b_20", "indicator_type": "", "value": 0.0017841644514574935, "active_strategies_for_symbol": true, "active_count": 3}}
{"timestamp": "2025-12-02T08:51:43.842254+00:00", "level": "WARNING", "module": "logger", "funcName": "_log", "lineno": 188, "event_type": "streaming_indicator_engine.data_anomalies_detected", "data": {"symbol": "ARIA_USDT", "timestamp": 1762077263.309999, "anomalies": ["stale_timestamp: 1762077263.309999 vs 1764665503.8422542"], "data_sample": {"price": 0.16704, "volume": 7.0}}}
{"timestamp": "2025-12-02T08:51:43.842254+00:00", "level": "WARNING", "module": "logger", "funcName": "_log", "lineno": 188, "event_type": "streaming_indicator_engine.data_anomalies_detected", "data": {"symbol": "ARIA_USDT", "timestamp": 1762077274.309999, "anomalies": ["stale_timestamp: 1762077274.309999 vs 1764665503.8422542"], "data_sample": {"price": 0.16709, "volume": 4.0}}}
{"timestamp": "2025-12-02T08:51:43.843243+00:00", "level": "WARNING", "module": "logger", "funcName": "_log", "lineno": 188, "event_type": "streaming_indicator_engine.data_anomalies_detected", "data": {"symbol": "ARIA_USDT", "timestamp": 1762077281.311, "anomalies": ["stale_timestamp: 1762077281.311 vs 1764665503.8432436"], "data_sample": {"price": 0.16713, "volume": 12.0}}}
{"timestamp": "2025-12-02T08:51:43.843243+00:00", "level": "WARNING", "module": "logger", "funcName": "_log", "lineno": 188, "event_type": "streaming_indicator_engine.data_anomalies_detected", "data": {"symbol": "ARIA_USDT", "timestamp": 1762077290.312, "anomalies": ["stale_timestamp: 1762077290.312 vs 1764665503.8432436"], "data_sample": {"price": 0.16709, "volume": 8.0}}}
{"timestamp": "2025-12-02T08:51:43.844227+00:00", "level": "WARNING", "module": "logger", "funcName": "_log", "lineno": 188, "event_type": "streaming_indicator_engine.data_anomalies_detected", "data": {"symbol": "ARIA_USDT", "timestamp": 1762077299.312, "anomalies": ["stale_timestamp: 1762077299.312 vs 1764665503.844227"], "data_sample": {"price": 0.16706, "volume": 8.0}}}
{"timestamp": "2025-12-02T08:51:43.844227+00:00", "level": "WARNING", "module": "logger", "funcName": "_log", "lineno": 188, "event_type": "streaming_indicator_engine.data_anomalies_detected", "data": {"symbol": "ARIA_USDT", "timestamp": 1762077309.309999, "anomalies": ["stale_timestamp: 1762077309.309999 vs 1764665503.844227"], "data_sample": {"price": 0.16705, "volume": 6.0}}}
{"timestamp": "2025-12-02T08:51:43.845226+00:00", "level": "WARNING", "module": "logger", "funcName": "_log", "lineno": 188, "event_type": "streaming_indicator_engine.data_anomalies_detected", "data": {"symbol": "ARIA_USDT", "timestamp": 1762077318.312, "anomalies": ["stale_timestamp: 1762077318.312 vs 1764665503.8452263"], "data_sample": {"price": 0.16706, "volume": 9.0}}}
{"timestamp": "2025-12-02T08:51:43.860635+00:00", "level": "WARNING", "module": "logger", "funcName": "_log", "lineno": 188, "event_type": "streaming_indicator_engine.data_anomalies_detected", "data": {"symbol": "ARIA_USDT", "timestamp": 1762077324.309999, "anomalies": ["stale_timestamp: 1762077324.309999 vs 1764665503.8606353"], "data_sample": {"price": 0.1671, "volume": 5.0}}}
{"timestamp": "2025-12-02T08:51:43.876160+00:00", "level": "WARNING", "module": "logger", "funcName": "_log", "lineno": 188, "event_type": "streaming_indicator_engine.data_anomalies_detected", "data": {"symbol": "ARIA_USDT", "timestamp": 1762077335.309999, "anomalies": ["stale_timestamp: 1762077335.309999 vs 1764665503.8761601"], "data_sample": {"price": 0.16709, "volume": 4.0}}}
{"timestamp": "2025-12-02T08:51:43.891987+00:00", "level": "WARNING", "module": "logger", "funcName": "_log", "lineno": 188, "event_type": "streaming_indicator_engine.data_anomalies_detected", "data": {"symbol": "ARIA_USDT", "timestamp": 1762077351.309999, "anomalies": ["stale_timestamp: 1762077351.309999 vs 1764665503.8914695"], "data_sample": {"price": 0.1671, "volume": 3.0}}}
{"timestamp": "2025-12-02T08:51:43.906748+00:00", "level": "WARNING", "module": "logger", "funcName": "_log", "lineno": 188, "event_type": "streaming_indicator_engine.data_anomalies_detected", "data": {"symbol": "ARIA_USDT", "timestamp": 1762077362.309999, "anomalies": ["stale_timestamp: 1762077362.309999 vs 1764665503.9067488"], "data_sample": {"price": 0.16716, "volume": 5.0}}}
{"timestamp": "2025-12-02T08:51:43.922735+00:00", "level": "WARNING", "module": "logger", "funcName": "_log", "lineno": 188, "event_type": "streaming_indicator_engine.data_anomalies_detected", "data": {"symbol": "ARIA_USDT", "timestamp": 1762077376.309999, "anomalies": ["stale_timestamp: 1762077376.309999 vs 1764665503.9227355"], "data_sample": {"price": 0.16724, "volume": 11.0}}}
{"timestamp": "2025-12-02T08:51:43.938374+00:00", "level": "WARNING", "module": "logger", "funcName": "_log", "lineno": 188, "event_type": "streaming_indicator_engine.data_anomalies_detected", "data": {"symbol": "ARIA_USDT", "timestamp": 1762077387.309999, "anomalies": ["stale_timestamp: 1762077387.309999 vs 1764665503.938375"], "data_sample": {"price": 0.16726, "volume": 11.0}}}
{"timestamp": "2025-12-02T08:51:43.955363+00:00", "level": "WARNING", "module": "logger", "funcName": "_log", "lineno": 188, "event_type": "streaming_indicator_engine.data_anomalies_detected", "data": {"symbol": "ARIA_USDT", "timestamp": 1762077395.309999, "anomalies": ["stale_timestamp: 1762077395.309999 vs 1764665503.9544437"], "data_sample": {"price": 0.16728, "volume": 3.0}}}
{"timestamp": "2025-12-02T08:51:43.970316+00:00", "level": "WARNING", "module": "logger", "funcName": "_log", "lineno": 188, "event_type": "streaming_indicator_engine.data_anomalies_detected", "data": {"symbol": "ARIA_USDT", "timestamp": 1762077402.309999, "anomalies": ["stale_timestamp: 1762077402.309999 vs 1764665503.970316"], "data_sample": {"price": 0.1673, "volume": 10.0}}}
{"timestamp": "2025-12-02T08:51:43.985874+00:00", "level": "WARNING", "module": "logger", "funcName": "_log", "lineno": 188, "event_type": "streaming_indicator_engine.data_anomalies_detected", "data": {"symbol": "ARIA_USDT", "timestamp": 1762077412.311, "anomalies": ["stale_timestamp: 1762077412.311 vs 1764665503.9858747"], "data_sample": {"price": 0.16729, "volume": 7.0}}}
{"timestamp": "2025-12-02T08:51:44.000187+00:00", "level": "WARNING", "module": "logger", "funcName": "_log", "lineno": 188, "event_type": "streaming_indicator_engine.data_anomalies_detected", "data": {"symbol": "ARIA_USDT", "timestamp": 1762077421.309999, "anomalies": ["stale_timestamp: 1762077421.309999 vs 1764665504.0001874"], "data_sample": {"price": 0.16727, "volume": 4.0}}}
{"timestamp": "2025-12-02T08:51:44.054669+00:00", "level": "WARNING", "module": "logger", "funcName": "_log", "lineno": 188, "event_type": "streaming_indicator_engine.data_anomalies_detected", "data": {"symbol": "ARIA_USDT", "timestamp": 1762076372.312999, "anomalies": ["stale_timestamp: 1762076372.312999 vs 1764665504.053669"], "data_sample": {"price": 0.1671, "volume": 3.0}}}
{"timestamp": "2025-12-02T08:51:44.056662+00:00", "level": "WARNING", "module": "logger", "funcName": "_log", "lineno": 188, "event_type": "streaming_indicator_engine.data_anomalies_detected", "data": {"symbol": "ARIA_USDT", "timestamp": 1762076381.309999, "anomalies": ["stale_timestamp: 1762076381.309999 vs 1764665504.0566628"], "data_sample": {"price": 0.16715, "volume": 8.0}}}
{"timestamp": "2025-12-02T08:51:44.078323+00:00", "level": "WARNING", "module": "logger", "funcName": "_log", "lineno": 188, "event_type": "streaming_indicator_engine.data_anomalies_detected", "data": {"symbol": "ARIA_USDT", "timestamp": 1762076388.311, "anomalies": ["stale_timestamp: 1762076388.311 vs 1764665504.078324"], "data_sample": {"price": 0.16714, "volume": 9.0}}}
{"timestamp": "2025-12-02T08:51:44.093063+00:00", "level": "WARNING", "module": "logger", "funcName": "_log", "lineno": 188, "event_type": "streaming_indicator_engine.data_anomalies_detected", "data": {"symbol": "ARIA_USDT", "timestamp": 1762076401.309999, "anomalies": ["stale_timestamp: 1762076401.309999 vs 1764665504.0930636"], "data_sample": {"price": 0.16717, "volume": 7.0}}}
{"timestamp": "2025-12-02T08:51:44.108457+00:00", "level": "WARNING", "module": "logger", "funcName": "_log", "lineno": 188, "event_type": "streaming_indicator_engine.data_anomalies_detected", "data": {"symbol": "ARIA_USDT", "timestamp": 1762076408.312, "anomalies": ["stale_timestamp: 1762076408.312 vs 1764665504.1084576"], "data_sample": {"price": 0.16713, "volume": 3.0}}}
{"timestamp": "2025-12-02T08:51:44.124025+00:00", "level": "WARNING", "module": "logger", "funcName": "_log", "lineno": 188, "event_type": "streaming_indicator_engine.data_anomalies_detected", "data": {"symbol": "ARIA_USDT", "timestamp": 1762076417.311, "anomalies": ["stale_timestamp: 1762076417.311 vs 1764665504.1240253"], "data_sample": {"price": 0.16708, "volume": 3.0}}}
{"timestamp": "2025-12-02T08:51:44.138715+00:00", "level": "WARNING", "module": "logger", "funcName": "_log", "lineno": 188, "event_type": "streaming_indicator_engine.data_anomalies_detected", "data": {"symbol": "ARIA_USDT", "timestamp": 1762076427.308999, "anomalies": ["stale_timestamp: 1762076427.308999 vs 1764665504.138716"], "data_sample": {"price": 0.16707, "volume": 12.0}}}
{"timestamp": "2025-12-02T08:51:44.154086+00:00", "level": "WARNING", "module": "logger", "funcName": "_log", "lineno": 188, "event_type": "streaming_indicator_engine.data_anomalies_detected", "data": {"symbol": "ARIA_USDT", "timestamp": 1762076435.309999, "anomalies": ["stale_timestamp: 1762076435.309999 vs 1764665504.1540864"], "data_sample": {"price": 0.1671, "volume": 4.0}}}
{"timestamp": "2025-12-02T08:51:44.170967+00:00", "level": "WARNING", "module": "logger", "funcName": "_log", "lineno": 188, "event_type": "streaming_indicator_engine.data_anomalies_detected", "data": {"symbol": "ARIA_USDT", "timestamp": 1762076447.309999, "anomalies": ["stale_timestamp: 1762076447.309999 vs 1764665504.1699543"], "data_sample": {"price": 0.16708, "volume": 9.0}}}
{"timestamp": "2025-12-02T08:51:44.185927+00:00", "level": "WARNING", "module": "logger", "funcName": "_log", "lineno": 188, "event_type": "streaming_indicator_engine.data_anomalies_detected", "data": {"symbol": "ARIA_USDT", "timestamp": 1762076462.309999, "anomalies": ["stale_timestamp: 1762076462.309999 vs 1764665504.18496"], "data_sample": {"price": 0.16726, "volume": 10.0}}}
{"timestamp": "2025-12-02T08:51:44.200250+00:00", "level": "WARNING", "module": "logger", "funcName": "_log", "lineno": 188, "event_type": "streaming_indicator_engine.data_anomalies_detected", "data": {"symbol": "ARIA_USDT", "timestamp": 1762076476.308999, "anomalies": ["stale_timestamp: 1762076476.308999 vs 1764665504.2002504"], "data_sample": {"price": 0.16745, "volume": 9.0}}}
{"timestamp": "2025-12-02T08:51:44.216315+00:00", "level": "WARNING", "module": "logger", "funcName": "_log", "lineno": 188, "event_type": "streaming_indicator_engine.data_anomalies_detected", "data": {"symbol": "ARIA_USDT", "timestamp": 1762076490.311, "anomalies": ["stale_timestamp: 1762076490.311 vs 1764665504.2163148"], "data_sample": {"price": 0.16766, "volume": 7.0}}}
{"timestamp": "2025-12-02T08:51:44.231758+00:00", "level": "WARNING", "module": "logger", "funcName": "_log", "lineno": 188, "event_type": "streaming_indicator_engine.data_anomalies_detected", "data": {"symbol": "ARIA_USDT", "timestamp": 1762076501.311, "anomalies": ["stale_timestamp: 1762076501.311 vs 1764665504.2317584"], "data_sample": {"price": 0.16763, "volume": 5.0}}}
{"timestamp": "2025-12-02T08:51:44.247433+00:00", "level": "WARNING", "module": "logger", "funcName": "_log", "lineno": 188, "event_type": "streaming_indicator_engine.data_anomalies_detected", "data": {"symbol": "ARIA_USDT", "timestamp": 1762076514.408999, "anomalies": ["stale_timestamp: 1762076514.408999 vs 1764665504.2474337"], "data_sample": {"price": 0.16766, "volume": 10.0}}}
{"timestamp": "2025-12-02T08:51:44.262641+00:00", "level": "WARNING", "module": "logger", "funcName": "_log", "lineno": 188, "event_type": "streaming_indicator_engine.data_anomalies_detected", "data": {"symbol": "ARIA_USDT", "timestamp": 1762076520.311, "anomalies": ["stale_timestamp: 1762076520.311 vs 1764665504.2626417"], "data_sample": {"price": 0.1677, "volume": 9.0}}}
{"timestamp": "2025-12-02T08:51:44.278804+00:00", "level": "WARNING", "module": "logger", "funcName": "_log", "lineno": 188, "event_type": "streaming_indicator_engine.data_anomalies_detected", "data": {"symbol": "ARIA_USDT", "timestamp": 1762076531.311, "anomalies": ["stale_timestamp: 1762076531.311 vs 1764665504.2788043"], "data_sample": {"price": 0.16778, "volume": 10.0}}}
{"timestamp": "2025-12-02T08:51:44.293661+00:00", "level": "WARNING", "module": "logger", "funcName": "_log", "lineno": 188, "event_type": "streaming_indicator_engine.data_anomalies_detected", "data": {"symbol": "ARIA_USDT", "timestamp": 1762076537.311, "anomalies": ["stale_timestamp: 1762076537.311 vs 1764665504.2936616"], "data_sample": {"price": 0.16777, "volume": 10.0}}}
{"timestamp": "2025-12-02T08:51:44.308912+00:00", "level": "WARNING", "module": "logger", "funcName": "_log", "lineno": 188, "event_type": "streaming_indicator_engine.data_anomalies_detected", "data": {"symbol": "ARIA_USDT", "timestamp": 1762076543.312, "anomalies": ["stale_timestamp: 1762076543.312 vs 1764665504.3089123"], "data_sample": {"price": 0.16765, "volume": 8.0}}}
{"timestamp": "2025-12-02T08:51:44.323722+00:00", "level": "WARNING", "module": "logger", "funcName": "_log", "lineno": 188, "event_type": "streaming_indicator_engine.data_anomalies_detected", "data": {"symbol": "ARIA_USDT", "timestamp": 1762076551.311, "anomalies": ["stale_timestamp: 1762076551.311 vs 1764665504.3237226"], "data_sample": {"price": 0.16776, "volume": 7.0}}}
{"timestamp": "2025-12-02T08:51:44.339898+00:00", "level": "WARNING", "module": "logger", "funcName": "_log", "lineno": 188, "event_type": "streaming_indicator_engine.data_anomalies_detected", "data": {"symbol": "ARIA_USDT", "timestamp": 1762076567.313999, "anomalies": ["stale_timestamp: 1762076567.313999 vs 1764665504.3398986"], "data_sample": {"price": 0.16779, "volume": 4.0}}}
{"timestamp": "2025-12-02T08:51:44.343898+00:00", "level": "INFO", "module": "logger", "funcName": "_log", "lineno": 188, "event_type": "strategy_manager.indicator_update_received", "data": {"symbol": "ARIA_USDT", "indicator_name": "611fad91-045d-408b-8822-f43428935033_20", "indicator_type": "", "value": 0.0010199876548628493, "active_strategies_for_symbol": true, "active_count": 3}}
{"timestamp": "2025-12-02T08:51:44.344997+00:00", "level": "WARNING", "module": "logger", "funcName": "_log", "lineno": 188, "event_type": "streaming_indicator_engine.data_anomalies_detected", "data": {"symbol": "ARIA_USDT", "timestamp": 1762076582.312999, "anomalies": ["stale_timestamp: 1762076582.312999 vs 1764665504.3449976"], "data_sample": {"price": 0.16774, "volume": 4.0}}}
{"timestamp": "2025-12-02T08:51:44.344997+00:00", "level": "WARNING", "module": "logger", "funcName": "_log", "lineno": 188, "event_type": "streaming_indicator_engine.data_anomalies_detected", "data": {"symbol": "ARIA_USDT", "timestamp": 1762076595.309999, "anomalies": ["stale_timestamp: 1762076595.309999 vs 1764665504.3449976"], "data_sample": {"price": 0.16776, "volume": 10.0}}}
{"timestamp": "2025-12-02T08:51:44.346283+00:00", "level": "WARNING", "module": "logger", "funcName": "_log", "lineno": 188, "event_type": "streaming_indicator_engine.data_anomalies_detected", "data": {"symbol": "ARIA_USDT", "timestamp": 1762076606.309999, "anomalies": ["stale_timestamp: 1762076606.309999 vs 1764665504.3462832"], "data_sample": {"price": 0.16772, "volume": 9.0}}}
{"timestamp": "2025-12-02T08:51:44.346283+00:00", "level": "WARNING", "module": "logger", "funcName": "_log", "lineno": 188, "event_type": "streaming_indicator_engine.data_anomalies_detected", "data": {"symbol": "ARIA_USDT", "timestamp": 1762076620.309999, "anomalies": ["stale_timestamp: 1762076620.309999 vs 1764665504.3462832"], "data_sample": {"price": 0.16764, "volume": 5.0}}}
{"timestamp": "2025-12-02T08:51:44.347294+00:00", "level": "WARNING", "module": "logger", "funcName": "_log", "lineno": 188, "event_type": "streaming_indicator_engine.data_anomalies_detected", "data": {"symbol": "ARIA_USDT", "timestamp": 1762076628.311, "anomalies": ["stale_timestamp: 1762076628.311 vs 1764665504.347294"], "data_sample": {"price": 0.16761, "volume": 7.0}}}
{"timestamp": "2025-12-02T08:51:44.347294+00:00", "level": "INFO", "module": "logger", "funcName": "_log", "lineno": 188, "event_type": "strategy_manager.indicator_update_received", "data": {"symbol": "ARIA_USDT", "indicator_name": "611fad91-045d-408b-8822-f43428935033_20", "indicator_type": "", "value": 0.0010199876548628493, "active_strategies_for_symbol": true, "active_count": 3}}
{"timestamp": "2025-12-02T08:51:44.348297+00:00", "level": "WARNING", "module": "logger", "funcName": "_log", "lineno": 188, "event_type": "streaming_indicator_engine.data_anomalies_detected", "data": {"symbol": "ARIA_USDT", "timestamp": 1762076638.312999, "anomalies": ["stale_timestamp: 1762076638.312999 vs 1764665504.3482978"], "data_sample": {"price": 0.16763, "volume": 10.0}}}
{"timestamp": "2025-12-02T08:51:44.348297+00:00", "level": "WARNING", "module": "logger", "funcName": "_log", "lineno": 188, "event_type": "streaming_indicator_engine.data_anomalies_detected", "data": {"symbol": "ARIA_USDT", "timestamp": 1762076647.309999, "anomalies": ["stale_timestamp: 1762076647.309999 vs 1764665504.3482978"], "data_sample": {"price": 0.16762, "volume": 4.0}}}
{"timestamp": "2025-12-02T08:51:44.349381+00:00", "level": "WARNING", "module": "logger", "funcName": "_log", "lineno": 188, "event_type": "streaming_indicator_engine.data_anomalies_detected", "data": {"symbol": "ARIA_USDT", "timestamp": 1762076653.309999, "anomalies": ["stale_timestamp: 1762076653.309999 vs 1764665504.3493812"], "data_sample": {"price": 0.16761, "volume": 9.0}}}
{"timestamp": "2025-12-02T08:51:44.350385+00:00", "level": "WARNING", "module": "logger", "funcName": "_log", "lineno": 188, "event_type": "streaming_indicator_engine.data_anomalies_detected", "data": {"symbol": "ARIA_USDT", "timestamp": 1762076666.309999, "anomalies": ["stale_timestamp: 1762076666.309999 vs 1764665504.350386"], "data_sample": {"price": 0.16763, "volume": 9.0}}}
{"timestamp": "2025-12-02T08:51:44.350385+00:00", "level": "WARNING", "module": "logger", "funcName": "_log", "lineno": 188, "event_type": "streaming_indicator_engine.data_anomalies_detected", "data": {"symbol": "ARIA_USDT", "timestamp": 1762076672.308999, "anomalies": ["stale_timestamp: 1762076672.308999 vs 1764665504.350386"], "data_sample": {"price": 0.16762, "volume": 9.0}}}
{"timestamp": "2025-12-02T08:51:44.351705+00:00", "level": "WARNING", "module": "logger", "funcName": "_log", "lineno": 188, "event_type": "streaming_indicator_engine.data_anomalies_detected", "data": {"symbol": "ARIA_USDT", "timestamp": 1762076685.309999, "anomalies": ["stale_timestamp: 1762076685.309999 vs 1764665504.3517056"], "data_sample": {"price": 0.16732, "volume": 9.0}}}
{"timestamp": "2025-12-02T08:51:44.353721+00:00", "level": "WARNING", "module": "logger", "funcName": "_log", "lineno": 188, "event_type": "streaming_indicator_engine.data_anomalies_detected", "data": {"symbol": "ARIA_USDT", "timestamp": 1762076699.311, "anomalies": ["stale_timestamp: 1762076699.311 vs 1764665504.3537214"], "data_sample": {"price": 0.16737, "volume": 11.0}}}
{"timestamp": "2025-12-02T08:51:44.371546+00:00", "level": "WARNING", "module": "logger", "funcName": "_log", "lineno": 188, "event_type": "streaming_indicator_engine.data_anomalies_detected", "data": {"symbol": "ARIA_USDT", "timestamp": 1762076713.309999, "anomalies": ["stale_timestamp: 1762076713.309999 vs 1764665504.371547"], "data_sample": {"price": 0.16735, "volume": 4.0}}}
{"timestamp": "2025-12-02T08:51:44.387681+00:00", "level": "WARNING", "module": "logger", "funcName": "_log", "lineno": 188, "event_type": "streaming_indicator_engine.data_anomalies_detected", "data": {"symbol": "ARIA_USDT", "timestamp": 1762076728.311, "anomalies": ["stale_timestamp: 1762076728.311 vs 1764665504.3876817"], "data_sample": {"price": 0.16739, "volume": 9.0}}}
{"timestamp": "2025-12-02T08:51:44.401858+00:00", "level": "WARNING", "module": "logger", "funcName": "_log", "lineno": 188, "event_type": "streaming_indicator_engine.data_anomalies_detected", "data": {"symbol": "ARIA_USDT", "timestamp": 1762076734.308999, "anomalies": ["stale_timestamp: 1762076734.308999 vs 1764665504.4018588"], "data_sample": {"price": 0.16744, "volume": 9.0}}}
{"timestamp": "2025-12-02T08:51:44.417225+00:00", "level": "WARNING", "module": "logger", "funcName": "_log", "lineno": 188, "event_type": "streaming_indicator_engine.data_anomalies_detected", "data": {"symbol": "ARIA_USDT", "timestamp": 1762076750.309999, "anomalies": ["stale_timestamp: 1762076750.309999 vs 1764665504.4172251"], "data_sample": {"price": 0.16747, "volume": 10.0}}}
{"timestamp": "2025-12-02T08:51:44.433014+00:00", "level": "WARNING", "module": "logger", "funcName": "_log", "lineno": 188, "event_type": "streaming_indicator_engine.data_anomalies_detected", "data": {"symbol": "ARIA_USDT", "timestamp": 1762076759.311, "anomalies": ["stale_timestamp: 1762076759.311 vs 1764665504.4330146"], "data_sample": {"price": 0.16746, "volume": 10.0}}}
{"timestamp": "2025-12-02T08:51:44.448383+00:00", "level": "WARNING", "module": "logger", "funcName": "_log", "lineno": 188, "event_type": "streaming_indicator_engine.data_anomalies_detected", "data": {"symbol": "ARIA_USDT", "timestamp": 1762076767.309999, "anomalies": ["stale_timestamp: 1762076767.309999 vs 1764665504.448383"], "data_sample": {"price": 0.16742, "volume": 8.0}}}
{"timestamp": "2025-12-02T08:51:44.463100+00:00", "level": "WARNING", "module": "logger", "funcName": "_log", "lineno": 188, "event_type": "streaming_indicator_engine.data_anomalies_detected", "data": {"symbol": "ARIA_USDT", "timestamp": 1762076783.312, "anomalies": ["stale_timestamp: 1762076783.312 vs 1764665504.4631004"], "data_sample": {"price": 0.16745, "volume": 8.0}}}
{"timestamp": "2025-12-02T08:51:44.478696+00:00", "level": "WARNING", "module": "logger", "funcName": "_log", "lineno": 188, "event_type": "streaming_indicator_engine.data_anomalies_detected", "data": {"symbol": "ARIA_USDT", "timestamp": 1762076789.309999, "anomalies": ["stale_timestamp: 1762076789.309999 vs 1764665504.4786968"], "data_sample": {"price": 0.16755, "volume": 9.0}}}
{"timestamp": "2025-12-02T08:51:44.494229+00:00", "level": "WARNING", "module": "logger", "funcName": "_log", "lineno": 188, "event_type": "streaming_indicator_engine.data_anomalies_detected", "data": {"symbol": "ARIA_USDT", "timestamp": 1762076803.311, "anomalies": ["stale_timestamp: 1762076803.311 vs 1764665504.4942293"], "data_sample": {"price": 0.16758, "volume": 10.0}}}
{"timestamp": "2025-12-02T08:51:44.509046+00:00", "level": "WARNING", "module": "logger", "funcName": "_log", "lineno": 188, "event_type": "streaming_indicator_engine.data_anomalies_detected", "data": {"symbol": "ARIA_USDT", "timestamp": 1762076816.308999, "anomalies": ["stale_timestamp: 1762076816.308999 vs 1764665504.5090463"], "data_sample": {"price": 0.16762, "volume": 9.0}}}
{"timestamp": "2025-12-02T08:51:44.525100+00:00", "level": "WARNING", "module": "logger", "funcName": "_log", "lineno": 188, "event_type": "streaming_indicator_engine.data_anomalies_detected", "data": {"symbol": "ARIA_USDT", "timestamp": 1762076825.312999, "anomalies": ["stale_timestamp: 1762076825.312999 vs 1764665504.5251"], "data_sample": {"price": 0.16751, "volume": 10.0}}}
{"timestamp": "2025-12-02T08:51:44.540625+00:00", "level": "WARNING", "module": "logger", "funcName": "_log", "lineno": 188, "event_type": "streaming_indicator_engine.data_anomalies_detected", "data": {"symbol": "ARIA_USDT", "timestamp": 1762076831.316999, "anomalies": ["stale_timestamp: 1762076831.316999 vs 1764665504.5406249"], "data_sample": {"price": 0.1674, "volume": 6.0}}}
{"timestamp": "2025-12-02T08:51:44.556052+00:00", "level": "WARNING", "module": "logger", "funcName": "_log", "lineno": 188, "event_type": "streaming_indicator_engine.data_anomalies_detected", "data": {"symbol": "ARIA_USDT", "timestamp": 1762076839.311, "anomalies": ["stale_timestamp: 1762076839.311 vs 1764665504.5560522"], "data_sample": {"price": 0.16741, "volume": 8.0}}}
{"timestamp": "2025-12-02T08:51:44.570731+00:00", "level": "WARNING", "module": "logger", "funcName": "_log", "lineno": 188, "event_type": "streaming_indicator_engine.data_anomalies_detected", "data": {"symbol": "ARIA_USDT", "timestamp": 1762076846.312, "anomalies": ["stale_timestamp: 1762076846.312 vs 1764665504.5707314"], "data_sample": {"price": 0.1674, "volume": 6.0}}}
{"timestamp": "2025-12-02T08:51:44.585931+00:00", "level": "WARNING", "module": "logger", "funcName": "_log", "lineno": 188, "event_type": "streaming_indicator_engine.data_anomalies_detected", "data": {"symbol": "ARIA_USDT", "timestamp": 1762076859.309999, "anomalies": ["stale_timestamp: 1762076859.309999 vs 1764665504.5859313"], "data_sample": {"price": 0.16723, "volume": 5.0}}}
{"timestamp": "2025-12-02T08:51:44.601268+00:00", "level": "WARNING", "module": "logger", "funcName": "_log", "lineno": 188, "event_type": "streaming_indicator_engine.data_anomalies_detected", "data": {"symbol": "ARIA_USDT", "timestamp": 1762076870.309999, "anomalies": ["stale_timestamp: 1762076870.309999 vs 1764665504.6012685"], "data_sample": {"price": 0.16724, "volume": 9.0}}}
{"timestamp": "2025-12-02T08:51:44.616600+00:00", "level": "WARNING", "module": "logger", "funcName": "_log", "lineno": 188, "event_type": "streaming_indicator_engine.data_anomalies_detected", "data": {"symbol": "ARIA_USDT", "timestamp": 1762076878.309999, "anomalies": ["stale_timestamp: 1762076878.309999 vs 1764665504.6166005"], "data_sample": {"price": 0.16731, "volume": 4.0}}}
{"timestamp": "2025-12-02T08:51:44.632085+00:00", "level": "WARNING", "module": "logger", "funcName": "_log", "lineno": 188, "event_type": "streaming_indicator_engine.data_anomalies_detected", "data": {"symbol": "ARIA_USDT", "timestamp": 1762076892.311, "anomalies": ["stale_timestamp: 1762076892.311 vs 1764665504.6320853"], "data_sample": {"price": 0.16728, "volume": 9.0}}}
{"timestamp": "2025-12-02T08:51:44.662782+00:00", "level": "WARNING", "module": "logger", "funcName": "_log", "lineno": 188, "event_type": "streaming_indicator_engine.data_anomalies_detected", "data": {"symbol": "ARIA_USDT", "timestamp": 1762076900.309999, "anomalies": ["stale_timestamp: 1762076900.309999 vs 1764665504.6627824"], "data_sample": {"price": 0.16731, "volume": 7.0}}}
{"timestamp": "2025-12-02T08:51:44.679000+00:00", "level": "WARNING", "module": "logger", "funcName": "_log", "lineno": 188, "event_type": "streaming_indicator_engine.data_anomalies_detected", "data": {"symbol": "ARIA_USDT", "timestamp": 1762076915.308999, "anomalies": ["stale_timestamp: 1762076915.308999 vs 1764665504.6790001"], "data_sample": {"price": 0.16729, "volume": 4.0}}}
{"timestamp": "2025-12-02T08:51:44.694104+00:00", "level": "WARNING", "module": "logger", "funcName": "_log", "lineno": 188, "event_type": "streaming_indicator_engine.data_anomalies_detected", "data": {"symbol": "ARIA_USDT", "timestamp": 1762076929.309999, "anomalies": ["stale_timestamp: 1762076929.309999 vs 1764665504.6941044"], "data_sample": {"price": 0.16725, "volume": 11.0}}}
{"timestamp": "2025-12-02T08:51:44.709766+00:00", "level": "WARNING", "module": "logger", "funcName": "_log", "lineno": 188, "event_type": "streaming_indicator_engine.data_anomalies_detected", "data": {"symbol": "ARIA_USDT", "timestamp": 1762076940.312999, "anomalies": ["stale_timestamp: 1762076940.312999 vs 1764665504.7097666"], "data_sample": {"price": 0.16733, "volume": 8.0}}}
{"timestamp": "2025-12-02T08:51:44.724826+00:00", "level": "WARNING", "module": "logger", "funcName": "_log", "lineno": 188, "event_type": "streaming_indicator_engine.data_anomalies_detected", "data": {"symbol": "ARIA_USDT", "timestamp": 1762076949.324999, "anomalies": ["stale_timestamp: 1762076949.324999 vs 1764665504.7248268"], "data_sample": {"price": 0.1673, "volume": 8.0}}}
{"timestamp": "2025-12-02T08:51:44.740231+00:00", "level": "WARNING", "module": "logger", "funcName": "_log", "lineno": 188, "event_type": "streaming_indicator_engine.data_anomalies_detected", "data": {"symbol": "ARIA_USDT", "timestamp": 1762076965.316, "anomalies": ["stale_timestamp: 1762076965.316 vs 1764665504.7402318"], "data_sample": {"price": 0.16729, "volume": 4.0}}}
{"timestamp": "2025-12-02T08:51:44.756112+00:00", "level": "WARNING", "module": "logger", "funcName": "_log", "lineno": 188, "event_type": "streaming_indicator_engine.data_anomalies_detected", "data": {"symbol": "ARIA_USDT", "timestamp": 1762076978.312, "anomalies": ["stale_timestamp: 1762076978.312 vs 1764665504.7561123"], "data_sample": {"price": 0.1673, "volume": 9.0}}}
{"timestamp": "2025-12-02T08:51:44.771373+00:00", "level": "WARNING", "module": "logger", "funcName": "_log", "lineno": 188, "event_type": "streaming_indicator_engine.data_anomalies_detected", "data": {"symbol": "ARIA_USDT", "timestamp": 1762076990.315, "anomalies": ["stale_timestamp: 1762076990.315 vs 1764665504.771373"], "data_sample": {"price": 0.16733, "volume": 10.0}}}
{"timestamp": "2025-12-02T08:51:44.788681+00:00", "level": "WARNING", "module": "logger", "funcName": "_log", "lineno": 188, "event_type": "streaming_indicator_engine.data_anomalies_detected", "data": {"symbol": "ARIA_USDT", "timestamp": 1762076997.315, "anomalies": ["stale_timestamp: 1762076997.315 vs 1764665504.788176"], "data_sample": {"price": 0.16726, "volume": 12.0}}}
{"timestamp": "2025-12-02T08:51:44.804879+00:00", "level": "WARNING", "module": "logger", "funcName": "_log", "lineno": 188, "event_type": "streaming_indicator_engine.data_anomalies_detected", "data": {"symbol": "ARIA_USDT", "timestamp": 1762077007.309999, "anomalies": ["stale_timestamp: 1762077007.309999 vs 1764665504.803882"], "data_sample": {"price": 0.16719, "volume": 4.0}}}
{"timestamp": "2025-12-02T08:51:44.817913+00:00", "level": "WARNING", "module": "logger", "funcName": "_log", "lineno": 188, "event_type": "streaming_indicator_engine.data_anomalies_detected", "data": {"symbol": "ARIA_USDT", "timestamp": 1762077018.309999, "anomalies": ["stale_timestamp: 1762077018.309999 vs 1764665504.817913"], "data_sample": {"price": 0.16722, "volume": 8.0}}}
{"timestamp": "2025-12-02T08:51:44.833294+00:00", "level": "WARNING", "module": "logger", "funcName": "_log", "lineno": 188, "event_type": "streaming_indicator_engine.data_anomalies_detected", "data": {"symbol": "ARIA_USDT", "timestamp": 1762077025.309999, "anomalies": ["stale_timestamp: 1762077025.309999 vs 1764665504.8332946"], "data_sample": {"price": 0.16726, "volume": 5.0}}}
{"timestamp": "2025-12-02T08:51:44.848719+00:00", "level": "WARNING", "module": "logger", "funcName": "_log", "lineno": 188, "event_type": "streaming_indicator_engine.data_anomalies_detected", "data": {"symbol": "ARIA_USDT", "timestamp": 1762077033.311, "anomalies": ["stale_timestamp: 1762077033.311 vs 1764665504.8482115"], "data_sample": {"price": 0.16725, "volume": 4.0}}}
{"timestamp": "2025-12-02T08:51:44.863238+00:00", "level": "WARNING", "module": "logger", "funcName": "_log", "lineno": 188, "event_type": "streaming_indicator_engine.data_anomalies_detected", "data": {"symbol": "ARIA_USDT", "timestamp": 1762077042.309999, "anomalies": ["stale_timestamp: 1762077042.309999 vs 1764665504.8632383"], "data_sample": {"price": 0.16724, "volume": 4.0}}}
{"timestamp": "2025-12-02T08:51:44.866329+00:00", "level": "INFO", "module": "logger", "funcName": "_log", "lineno": 188, "event_type": "strategy_manager.indicator_update_received", "data": {"symbol": "ARIA_USDT", "indicator_name": "11b8be00-eed3-48fe-b359-df47b297226c_20", "indicator_type": "", "value": -0.0003637565510902423, "active_strategies_for_symbol": true, "active_count": 3}}
{"timestamp": "2025-12-02T08:51:44.867327+00:00", "level": "WARNING", "module": "logger", "funcName": "_log", "lineno": 188, "event_type": "streaming_indicator_engine.data_anomalies_detected", "data": {"symbol": "ARIA_USDT", "timestamp": 1762077051.309999, "anomalies": ["stale_timestamp: 1762077051.309999 vs 1764665504.8673275"], "data_sample": {"price": 0.16725, "volume": 4.0}}}
{"timestamp": "2025-12-02T08:51:44.867327+00:00", "level": "WARNING", "module": "logger", "funcName": "_log", "lineno": 188, "event_type": "streaming_indicator_engine.data_anomalies_detected", "data": {"symbol": "ARIA_USDT", "timestamp": 1762077057.312999, "anomalies": ["stale_timestamp: 1762077057.312999 vs 1764665504.8673275"], "data_sample": {"price": 0.16726, "volume": 3.0}}}
{"timestamp": "2025-12-02T08:51:44.868319+00:00", "level": "WARNING", "module": "logger", "funcName": "_log", "lineno": 188, "event_type": "streaming_indicator_engine.data_anomalies_detected", "data": {"symbol": "ARIA_USDT", "timestamp": 1762077067.316999, "anomalies": ["stale_timestamp: 1762077067.316999 vs 1764665504.8683195"], "data_sample": {"price": 0.16725, "volume": 8.0}}}
{"timestamp": "2025-12-02T08:51:44.868854+00:00", "level": "WARNING", "module": "logger", "funcName": "_log", "lineno": 188, "event_type": "streaming_indicator_engine.data_anomalies_detected", "data": {"symbol": "ARIA_USDT", "timestamp": 1762077081.308, "anomalies": ["stale_timestamp: 1762077081.308 vs 1764665504.8688548"], "data_sample": {"price": 0.16714, "volume": 6.0}}}
{"timestamp": "2025-12-02T08:51:44.868854+00:00", "level": "WARNING", "module": "logger", "funcName": "_log", "lineno": 188, "event_type": "streaming_indicator_engine.data_anomalies_detected", "data": {"symbol": "ARIA_USDT", "timestamp": 1762077089.311, "anomalies": ["stale_timestamp: 1762077089.311 vs 1764665504.8688548"], "data_sample": {"price": 0.16711, "volume": 4.0}}}
{"timestamp": "2025-12-02T08:51:44.869859+00:00", "level": "INFO", "module": "logger", "funcName": "_log", "lineno": 188, "event_type": "strategy_manager.indicator_update_received", "data": {"symbol": "ARIA_USDT", "indicator_name": "11b8be00-eed3-48fe-b359-df47b297226c_20", "indicator_type": "", "value": -0.0003637565510902423, "active_strategies_for_symbol": true, "active_count": 3}}
{"timestamp": "2025-12-02T08:51:44.870884+00:00", "level": "WARNING", "module": "logger", "funcName": "_log", "lineno": 188, "event_type": "streaming_indicator_engine.data_anomalies_detected", "data": {"symbol": "ARIA_USDT", "timestamp": 1762077098.311, "anomalies": ["stale_timestamp: 1762077098.311 vs 1764665504.8708842"], "data_sample": {"price": 0.16702, "volume": 4.0}}}
{"timestamp": "2025-12-02T08:51:44.872043+00:00", "level": "WARNING", "module": "logger", "funcName": "_log", "lineno": 188, "event_type": "streaming_indicator_engine.data_anomalies_detected", "data": {"symbol": "ARIA_USDT", "timestamp": 1762077107.335, "anomalies": ["stale_timestamp: 1762077107.335 vs 1764665504.8720438"], "data_sample": {"price": 0.167, "volume": 26.0}}}
{"timestamp": "2025-12-02T08:51:44.873052+00:00", "level": "WARNING", "module": "logger", "funcName": "_log", "lineno": 188, "event_type": "streaming_indicator_engine.data_anomalies_detected", "data": {"symbol": "ARIA_USDT", "timestamp": 1762077121.309999, "anomalies": ["stale_timestamp: 1762077121.309999 vs 1764665504.8730524"], "data_sample": {"price": 0.16704, "volume": 8.0}}}
{"timestamp": "2025-12-02T08:51:44.873052+00:00", "level": "WARNING", "module": "logger", "funcName": "_log", "lineno": 188, "event_type": "streaming_indicator_engine.data_anomalies_detected", "data": {"symbol": "ARIA_USDT", "timestamp": 1762077123.420999, "anomalies": ["stale_timestamp: 1762077123.420999 vs 1764665504.8730524"], "data_sample": {"price": 0.167, "volume": 59.0}}}
{"timestamp": "2025-12-02T08:51:44.874097+00:00", "level": "WARNING", "module": "logger", "funcName": "_log", "lineno": 188, "event_type": "streaming_indicator_engine.data_anomalies_detected", "data": {"symbol": "ARIA_USDT", "timestamp": 1762077139.311, "anomalies": ["stale_timestamp: 1762077139.311 vs 1764665504.874097"], "data_sample": {"price": 0.16703, "volume": 5.0}}}
{"timestamp": "2025-12-02T08:51:44.875054+00:00", "level": "WARNING", "module": "logger", "funcName": "_log", "lineno": 188, "event_type": "streaming_indicator_engine.data_anomalies_detected", "data": {"symbol": "ARIA_USDT", "timestamp": 1762077152.308999, "anomalies": ["stale_timestamp: 1762077152.308999 vs 1764665504.874097"], "data_sample": {"price": 0.16708, "volume": 9.0}}}
{"timestamp": "2025-12-02T08:51:44.875054+00:00", "level": "INFO", "module": "logger", "funcName": "_log", "lineno": 188, "event_type": "strategy_manager.indicator_update_received", "data": {"symbol": "ARIA_USDT", "indicator_name": "790d8eed-dc95-43ff-b625-1205d256154b_20", "indicator_type": "", "value": 9.648944286999335e-06, "active_strategies_for_symbol": true, "active_count": 3}}
{"timestamp": "2025-12-02T08:51:44.876150+00:00", "level": "WARNING", "module": "logger", "funcName": "_log", "lineno": 188, "event_type": "streaming_indicator_engine.data_anomalies_detected", "data": {"symbol": "ARIA_USDT", "timestamp": 1762077163.309999, "anomalies": ["stale_timestamp: 1762077163.309999 vs 1764665504.8761501"], "data_sample": {"price": 0.16713, "volume": 11.0}}}
{"timestamp": "2025-12-02T08:51:44.876150+00:00", "level": "WARNING", "module": "logger", "funcName": "_log", "lineno": 188, "event_type": "streaming_indicator_engine.data_anomalies_detected", "data": {"symbol": "ARIA_USDT", "timestamp": 1762077172.309999, "anomalies": ["stale_timestamp: 1762077172.309999 vs 1764665504.8761501"], "data_sample": {"price": 0.16706, "volume": 12.0}}}
{"timestamp": "2025-12-02T08:51:44.877175+00:00", "level": "WARNING", "module": "logger", "funcName": "_log", "lineno": 188, "event_type": "streaming_indicator_engine.data_anomalies_detected", "data": {"symbol": "ARIA_USDT", "timestamp": 1762077187.312999, "anomalies": ["stale_timestamp: 1762077187.312999 vs 1764665504.8771756"], "data_sample": {"price": 0.16705, "volume": 4.0}}}
{"timestamp": "2025-12-02T08:51:44.877175+00:00", "level": "WARNING", "module": "logger", "funcName": "_log", "lineno": 188, "event_type": "streaming_indicator_engine.data_anomalies_detected", "data": {"symbol": "ARIA_USDT", "timestamp": 1762077203.309999, "anomalies": ["stale_timestamp: 1762077203.309999 vs 1764665504.8771756"], "data_sample": {"price": 0.16703, "volume": 6.0}}}
{"timestamp": "2025-12-02T08:51:44.877175+00:00", "level": "WARNING", "module": "logger", "funcName": "_log", "lineno": 188, "event_type": "streaming_indicator_engine.data_anomalies_detected", "data": {"symbol": "ARIA_USDT", "timestamp": 1762077211.312, "anomalies": ["stale_timestamp: 1762077211.312 vs 1764665504.8771756"], "data_sample": {"price": 0.16707, "volume": 9.0}}}
{"timestamp": "2025-12-02T08:51:44.878142+00:00", "level": "WARNING", "module": "logger", "funcName": "_log", "lineno": 188, "event_type": "streaming_indicator_engine.data_anomalies_detected", "data": {"symbol": "ARIA_USDT", "timestamp": 1762077227.312999, "anomalies": ["stale_timestamp: 1762077227.312999 vs 1764665504.8781428"], "data_sample": {"price": 0.16704, "volume": 4.0}}}
{"timestamp": "2025-12-02T08:51:44.878655+00:00", "level": "INFO", "module": "logger", "funcName": "_log", "lineno": 188, "event_type": "strategy_manager.indicator_update_received", "data": {"symbol": "ARIA_USDT", "indicator_name": "790d8eed-dc95-43ff-b625-1205d256154b_20", "indicator_type": "", "value": 9.648944286999335e-06, "active_strategies_for_symbol": true, "active_count": 3}}
{"timestamp": "2025-12-02T08:51:44.879658+00:00", "level": "WARNING", "module": "logger", "funcName": "_log", "lineno": 188, "event_type": "streaming_indicator_engine.data_anomalies_detected", "data": {"symbol": "ARIA_USDT", "timestamp": 1762077234.308999, "anomalies": ["stale_timestamp: 1762077234.308999 vs 1764665504.8796582"], "data_sample": {"price": 0.16708, "volume": 8.0}}}
{"timestamp": "2025-12-02T08:51:44.879658+00:00", "level": "WARNING", "module": "logger", "funcName": "_log", "lineno": 188, "event_type": "streaming_indicator_engine.data_anomalies_detected", "data": {"symbol": "ARIA_USDT", "timestamp": 1762077247.312999, "anomalies": ["stale_timestamp: 1762077247.312999 vs 1764665504.8796582"], "data_sample": {"price": 0.16705, "volume": 7.0}}}
{"timestamp": "2025-12-02T08:51:44.879658+00:00", "level": "WARNING", "module": "logger", "funcName": "_log", "lineno": 188, "event_type": "streaming_indicator_engine.data_anomalies_detected", "data": {"symbol": "ARIA_USDT", "timestamp": 1762077263.309999, "anomalies": ["stale_timestamp: 1762077263.309999 vs 1764665504.8796582"], "data_sample": {"price": 0.16704, "volume": 7.0}}}
{"timestamp": "2025-12-02T08:51:44.880740+00:00", "level": "WARNING", "module": "logger", "funcName": "_log", "lineno": 188, "event_type": "streaming_indicator_engine.data_anomalies_detected", "data": {"symbol": "ARIA_USDT", "timestamp": 1762077274.309999, "anomalies": ["stale_timestamp: 1762077274.309999 vs 1764665504.8807406"], "data_sample": {"price": 0.16709, "volume": 4.0}}}
{"timestamp": "2025-12-02T08:51:44.880740+00:00", "level": "WARNING", "module": "logger", "funcName": "_log", "lineno": 188, "event_type": "streaming_indicator_engine.data_anomalies_detected", "data": {"symbol": "ARIA_USDT", "timestamp": 1762077281.311, "anomalies": ["stale_timestamp: 1762077281.311 vs 1764665504.8807406"], "data_sample": {"price": 0.16713, "volume": 12.0}}}
{"timestamp": "2025-12-02T08:51:44.881730+00:00", "level": "WARNING", "module": "logger", "funcName": "_log", "lineno": 188, "event_type": "streaming_indicator_engine.data_anomalies_detected", "data": {"symbol": "ARIA_USDT", "timestamp": 1762077290.312, "anomalies": ["stale_timestamp: 1762077290.312 vs 1764665504.8817308"], "data_sample": {"price": 0.16709, "volume": 8.0}}}
{"timestamp": "2025-12-02T08:51:44.881730+00:00", "level": "WARNING", "module": "logger", "funcName": "_log", "lineno": 188, "event_type": "streaming_indicator_engine.data_anomalies_detected", "data": {"symbol": "ARIA_USDT", "timestamp": 1762077299.312, "anomalies": ["stale_timestamp: 1762077299.312 vs 1764665504.8817308"], "data_sample": {"price": 0.16706, "volume": 8.0}}}
{"timestamp": "2025-12-02T08:51:44.908290+00:00", "level": "WARNING", "module": "logger", "funcName": "_log", "lineno": 188, "event_type": "streaming_indicator_engine.data_anomalies_detected", "data": {"symbol": "ARIA_USDT", "timestamp": 1762077309.309999, "anomalies": ["stale_timestamp: 1762077309.309999 vs 1764665504.9082901"], "data_sample": {"price": 0.16705, "volume": 6.0}}}
{"timestamp": "2025-12-02T08:51:44.923384+00:00", "level": "WARNING", "module": "logger", "funcName": "_log", "lineno": 188, "event_type": "streaming_indicator_engine.data_anomalies_detected", "data": {"symbol": "ARIA_USDT", "timestamp": 1762077318.312, "anomalies": ["stale_timestamp: 1762077318.312 vs 1764665504.9233844"], "data_sample": {"price": 0.16706, "volume": 9.0}}}
{"timestamp": "2025-12-02T08:51:44.938604+00:00", "level": "WARNING", "module": "logger", "funcName": "_log", "lineno": 188, "event_type": "streaming_indicator_engine.data_anomalies_detected", "data": {"symbol": "ARIA_USDT", "timestamp": 1762077324.309999, "anomalies": ["stale_timestamp: 1762077324.309999 vs 1764665504.9386044"], "data_sample": {"price": 0.1671, "volume": 5.0}}}
{"timestamp": "2025-12-02T08:51:44.955539+00:00", "level": "WARNING", "module": "logger", "funcName": "_log", "lineno": 188, "event_type": "streaming_indicator_engine.data_anomalies_detected", "data": {"symbol": "ARIA_USDT", "timestamp": 1762077335.309999, "anomalies": ["stale_timestamp: 1762077335.309999 vs 1764665504.9555392"], "data_sample": {"price": 0.16709, "volume": 4.0}}}
{"timestamp": "2025-12-02T08:51:44.969850+00:00", "level": "WARNING", "module": "logger", "funcName": "_log", "lineno": 188, "event_type": "streaming_indicator_engine.data_anomalies_detected", "data": {"symbol": "ARIA_USDT", "timestamp": 1762077351.309999, "anomalies": ["stale_timestamp: 1762077351.309999 vs 1764665504.9698508"], "data_sample": {"price": 0.1671, "volume": 3.0}}}
{"timestamp": "2025-12-02T08:51:44.984543+00:00", "level": "WARNING", "module": "logger", "funcName": "_log", "lineno": 188, "event_type": "streaming_indicator_engine.data_anomalies_detected", "data": {"symbol": "ARIA_USDT", "timestamp": 1762077362.309999, "anomalies": ["stale_timestamp: 1762077362.309999 vs 1764665504.9845436"], "data_sample": {"price": 0.16716, "volume": 5.0}}}
{"timestamp": "2025-12-02T08:51:45.000474+00:00", "level": "WARNING", "module": "logger", "funcName": "_log", "lineno": 188, "event_type": "streaming_indicator_engine.data_anomalies_detected", "data": {"symbol": "ARIA_USDT", "timestamp": 1762077376.309999, "anomalies": ["stale_timestamp: 1762077376.309999 vs 1764665504.9994726"], "data_sample": {"price": 0.16724, "volume": 11.0}}}
{"timestamp": "2025-12-02T08:51:45.014992+00:00", "level": "WARNING", "module": "logger", "funcName": "_log", "lineno": 188, "event_type": "streaming_indicator_engine.data_anomalies_detected", "data": {"symbol": "ARIA_USDT", "timestamp": 1762077387.309999, "anomalies": ["stale_timestamp: 1762077387.309999 vs 1764665505.0149925"], "data_sample": {"price": 0.16726, "volume": 11.0}}}
{"timestamp": "2025-12-02T08:51:45.030655+00:00", "level": "WARNING", "module": "logger", "funcName": "_log", "lineno": 188, "event_type": "streaming_indicator_engine.data_anomalies_detected", "data": {"symbol": "ARIA_USDT", "timestamp": 1762077395.309999, "anomalies": ["stale_timestamp: 1762077395.309999 vs 1764665505.0306559"], "data_sample": {"price": 0.16728, "volume": 3.0}}}
{"timestamp": "2025-12-02T08:51:45.046076+00:00", "level": "WARNING", "module": "logger", "funcName": "_log", "lineno": 188, "event_type": "streaming_indicator_engine.data_anomalies_detected", "data": {"symbol": "ARIA_USDT", "timestamp": 1762077402.309999, "anomalies": ["stale_timestamp: 1762077402.309999 vs 1764665505.046077"], "data_sample": {"price": 0.1673, "volume": 10.0}}}
{"timestamp": "2025-12-02T08:51:45.061128+00:00", "level": "WARNING", "module": "logger", "funcName": "_log", "lineno": 188, "event_type": "streaming_indicator_engine.data_anomalies_detected", "data": {"symbol": "ARIA_USDT", "timestamp": 1762077412.311, "anomalies": ["stale_timestamp: 1762077412.311 vs 1764665505.0611281"], "data_sample": {"price": 0.16729, "volume": 7.0}}}
{"timestamp": "2025-12-02T08:51:45.063189+00:00", "level": "WARNING", "module": "logger", "funcName": "_log", "lineno": 188, "event_type": "streaming_indicator_engine.data_anomalies_detected", "data": {"symbol": "ARIA_USDT", "timestamp": 1762077421.309999, "anomalies": ["stale_timestamp: 1762077421.309999 vs 1764665505.0621803"], "data_sample": {"price": 0.16727, "volume": 4.0}}}
{"timestamp": "2025-12-02T08:51:45.094741+00:00", "level": "WARNING", "module": "logger", "funcName": "_log", "lineno": 188, "event_type": "streaming_indicator_engine.data_anomalies_detected", "data": {"symbol": "ARIA_USDT", "timestamp": 1762076372.312999, "anomalies": ["stale_timestamp: 1762076372.312999 vs 1764665505.094741"], "data_sample": {"price": 0.1671, "volume": 3.0}}}
{"timestamp": "2025-12-02T08:51:45.107258+00:00", "level": "WARNING", "module": "logger", "funcName": "_log", "lineno": 188, "event_type": "streaming_indicator_engine.data_anomalies_detected", "data": {"symbol": "ARIA_USDT", "timestamp": 1762076381.309999, "anomalies": ["stale_timestamp: 1762076381.309999 vs 1764665505.1072583"], "data_sample": {"price": 0.16715, "volume": 8.0}}}
{"timestamp": "2025-12-02T08:51:45.123346+00:00", "level": "WARNING", "module": "logger", "funcName": "_log", "lineno": 188, "event_type": "streaming_indicator_engine.data_anomalies_detected", "data": {"symbol": "ARIA_USDT", "timestamp": 1762076388.311, "anomalies": ["stale_timestamp: 1762076388.311 vs 1764665505.1233468"], "data_sample": {"price": 0.16714, "volume": 9.0}}}
{"timestamp": "2025-12-02T08:51:45.139431+00:00", "level": "WARNING", "module": "logger", "funcName": "_log", "lineno": 188, "event_type": "streaming_indicator_engine.data_anomalies_detected", "data": {"symbol": "ARIA_USDT", "timestamp": 1762076401.309999, "anomalies": ["stale_timestamp: 1762076401.309999 vs 1764665505.139431"], "data_sample": {"price": 0.16717, "volume": 7.0}}}
{"timestamp": "2025-12-02T08:51:45.154970+00:00", "level": "WARNING", "module": "logger", "funcName": "_log", "lineno": 188, "event_type": "streaming_indicator_engine.data_anomalies_detected", "data": {"symbol": "ARIA_USDT", "timestamp": 1762076408.312, "anomalies": ["stale_timestamp: 1762076408.312 vs 1764665505.1539686"], "data_sample": {"price": 0.16713, "volume": 3.0}}}
{"timestamp": "2025-12-02T08:51:45.169435+00:00", "level": "WARNING", "module": "logger", "funcName": "_log", "lineno": 188, "event_type": "streaming_indicator_engine.data_anomalies_detected", "data": {"symbol": "ARIA_USDT", "timestamp": 1762076417.311, "anomalies": ["stale_timestamp: 1762076417.311 vs 1764665505.169436"], "data_sample": {"price": 0.16708, "volume": 3.0}}}
{"timestamp": "2025-12-02T08:51:45.184750+00:00", "level": "WARNING", "module": "logger", "funcName": "_log", "lineno": 188, "event_type": "streaming_indicator_engine.data_anomalies_detected", "data": {"symbol": "ARIA_USDT", "timestamp": 1762076427.308999, "anomalies": ["stale_timestamp: 1762076427.308999 vs 1764665505.18475"], "data_sample": {"price": 0.16707, "volume": 12.0}}}
{"timestamp": "2025-12-02T08:51:45.199941+00:00", "level": "WARNING", "module": "logger", "funcName": "_log", "lineno": 188, "event_type": "streaming_indicator_engine.data_anomalies_detected", "data": {"symbol": "ARIA_USDT", "timestamp": 1762076435.309999, "anomalies": ["stale_timestamp: 1762076435.309999 vs 1764665505.1999416"], "data_sample": {"price": 0.1671, "volume": 4.0}}}
{"timestamp": "2025-12-02T08:51:45.215701+00:00", "level": "WARNING", "module": "logger", "funcName": "_log", "lineno": 188, "event_type": "streaming_indicator_engine.data_anomalies_detected", "data": {"symbol": "ARIA_USDT", "timestamp": 1762076447.309999, "anomalies": ["stale_timestamp: 1762076447.309999 vs 1764665505.215701"], "data_sample": {"price": 0.16708, "volume": 9.0}}}
{"timestamp": "2025-12-02T08:51:45.230739+00:00", "level": "WARNING", "module": "logger", "funcName": "_log", "lineno": 188, "event_type": "streaming_indicator_engine.data_anomalies_detected", "data": {"symbol": "ARIA_USDT", "timestamp": 1762076462.309999, "anomalies": ["stale_timestamp: 1762076462.309999 vs 1764665505.230739"], "data_sample": {"price": 0.16726, "volume": 10.0}}}
{"timestamp": "2025-12-02T08:51:45.245875+00:00", "level": "WARNING", "module": "logger", "funcName": "_log", "lineno": 188, "event_type": "streaming_indicator_engine.data_anomalies_detected", "data": {"symbol": "ARIA_USDT", "timestamp": 1762076476.308999, "anomalies": ["stale_timestamp: 1762076476.308999 vs 1764665505.245875"], "data_sample": {"price": 0.16745, "volume": 9.0}}}
{"timestamp": "2025-12-02T08:51:45.261811+00:00", "level": "WARNING", "module": "logger", "funcName": "_log", "lineno": 188, "event_type": "streaming_indicator_engine.data_anomalies_detected", "data": {"symbol": "ARIA_USDT", "timestamp": 1762076490.311, "anomalies": ["stale_timestamp: 1762076490.311 vs 1764665505.261812"], "data_sample": {"price": 0.16766, "volume": 7.0}}}
{"timestamp": "2025-12-02T08:51:45.278292+00:00", "level": "WARNING", "module": "logger", "funcName": "_log", "lineno": 188, "event_type": "streaming_indicator_engine.data_anomalies_detected", "data": {"symbol": "ARIA_USDT", "timestamp": 1762076501.311, "anomalies": ["stale_timestamp: 1762076501.311 vs 1764665505.2782922"], "data_sample": {"price": 0.16763, "volume": 5.0}}}
{"timestamp": "2025-12-02T08:51:45.294123+00:00", "level": "WARNING", "module": "logger", "funcName": "_log", "lineno": 188, "event_type": "streaming_indicator_engine.data_anomalies_detected", "data": {"symbol": "ARIA_USDT", "timestamp": 1762076514.408999, "anomalies": ["stale_timestamp: 1762076514.408999 vs 1764665505.294124"], "data_sample": {"price": 0.16766, "volume": 10.0}}}
{"timestamp": "2025-12-02T08:51:45.310206+00:00", "level": "WARNING", "module": "logger", "funcName": "_log", "lineno": 188, "event_type": "streaming_indicator_engine.data_anomalies_detected", "data": {"symbol": "ARIA_USDT", "timestamp": 1762076520.311, "anomalies": ["stale_timestamp: 1762076520.311 vs 1764665505.3102067"], "data_sample": {"price": 0.1677, "volume": 9.0}}}
{"timestamp": "2025-12-02T08:51:45.325707+00:00", "level": "WARNING", "module": "logger", "funcName": "_log", "lineno": 188, "event_type": "streaming_indicator_engine.data_anomalies_detected", "data": {"symbol": "ARIA_USDT", "timestamp": 1762076531.311, "anomalies": ["stale_timestamp: 1762076531.311 vs 1764665505.3257072"], "data_sample": {"price": 0.16778, "volume": 10.0}}}
{"timestamp": "2025-12-02T08:51:45.341779+00:00", "level": "WARNING", "module": "logger", "funcName": "_log", "lineno": 188, "event_type": "streaming_indicator_engine.data_anomalies_detected", "data": {"symbol": "ARIA_USDT", "timestamp": 1762076537.311, "anomalies": ["stale_timestamp: 1762076537.311 vs 1764665505.3417792"], "data_sample": {"price": 0.16777, "volume": 10.0}}}
{"timestamp": "2025-12-02T08:51:45.357436+00:00", "level": "WARNING", "module": "logger", "funcName": "_log", "lineno": 188, "event_type": "streaming_indicator_engine.data_anomalies_detected", "data": {"symbol": "ARIA_USDT", "timestamp": 1762076543.312, "anomalies": ["stale_timestamp: 1762076543.312 vs 1764665505.3574364"], "data_sample": {"price": 0.16765, "volume": 8.0}}}
{"timestamp": "2025-12-02T08:51:45.359957+00:00", "level": "INFO", "module": "logger", "funcName": "_log", "lineno": 188, "event_type": "strategy_manager.indicator_update_received", "data": {"symbol": "ARIA_USDT", "indicator_name": "611fad91-045d-408b-8822-f43428935033_20", "indicator_type": "", "value": 0.0026102929349679825, "active_strategies_for_symbol": true, "active_count": 3}}
{"timestamp": "2025-12-02T08:51:45.360967+00:00", "level": "WARNING", "module": "logger", "funcName": "_log", "lineno": 188, "event_type": "streaming_indicator_engine.data_anomalies_detected", "data": {"symbol": "ARIA_USDT", "timestamp": 1762076551.311, "anomalies": ["stale_timestamp: 1762076551.311 vs 1764665505.360967"], "data_sample": {"price": 0.16776, "volume": 7.0}}}
{"timestamp": "2025-12-02T08:51:45.361962+00:00", "level": "WARNING", "module": "logger", "funcName": "_log", "lineno": 188, "event_type": "streaming_indicator_engine.data_anomalies_detected", "data": {"symbol": "ARIA_USDT", "timestamp": 1762076567.313999, "anomalies": ["stale_timestamp: 1762076567.313999 vs 1764665505.3619628"], "data_sample": {"price": 0.16779, "volume": 4.0}}}
{"timestamp": "2025-12-02T08:51:45.361962+00:00", "level": "WARNING", "module": "logger", "funcName": "_log", "lineno": 188, "event_type": "streaming_indicator_engine.data_anomalies_detected", "data": {"symbol": "ARIA_USDT", "timestamp": 1762076582.312999, "anomalies": ["stale_timestamp: 1762076582.312999 vs 1764665505.3619628"], "data_sample": {"price": 0.16774, "volume": 4.0}}}
{"timestamp": "2025-12-02T08:51:45.363265+00:00", "level": "WARNING", "module": "logger", "funcName": "_log", "lineno": 188, "event_type": "streaming_indicator_engine.data_anomalies_detected", "data": {"symbol": "ARIA_USDT", "timestamp": 1762076595.309999, "anomalies": ["stale_timestamp: 1762076595.309999 vs 1764665505.3632655"], "data_sample": {"price": 0.16776, "volume": 10.0}}}
{"timestamp": "2025-12-02T08:51:45.363265+00:00", "level": "WARNING", "module": "logger", "funcName": "_log", "lineno": 188, "event_type": "streaming_indicator_engine.data_anomalies_detected", "data": {"symbol": "ARIA_USDT", "timestamp": 1762076606.309999, "anomalies": ["stale_timestamp: 1762076606.309999 vs 1764665505.3632655"], "data_sample": {"price": 0.16772, "volume": 9.0}}}
{"timestamp": "2025-12-02T08:51:45.364284+00:00", "level": "INFO", "module": "logger", "funcName": "_log", "lineno": 188, "event_type": "strategy_manager.indicator_update_received", "data": {"symbol": "ARIA_USDT", "indicator_name": "611fad91-045d-408b-8822-f43428935033_20", "indicator_type": "", "value": 0.0026102929349679825, "active_strategies_for_symbol": true, "active_count": 3}}
{"timestamp": "2025-12-02T08:51:45.364284+00:00", "level": "WARNING", "module": "logger", "funcName": "_log", "lineno": 188, "event_type": "streaming_indicator_engine.data_anomalies_detected", "data": {"symbol": "ARIA_USDT", "timestamp": 1762076620.309999, "anomalies": ["stale_timestamp: 1762076620.309999 vs 1764665505.3642845"], "data_sample": {"price": 0.16764, "volume": 5.0}}}
{"timestamp": "2025-12-02T08:51:45.364284+00:00", "level": "WARNING", "module": "logger", "funcName": "_log", "lineno": 188, "event_type": "streaming_indicator_engine.data_anomalies_detected", "data": {"symbol": "ARIA_USDT", "timestamp": 1762076628.311, "anomalies": ["stale_timestamp: 1762076628.311 vs 1764665505.3642845"], "data_sample": {"price": 0.16761, "volume": 7.0}}}
{"timestamp": "2025-12-02T08:51:45.365764+00:00", "level": "WARNING", "module": "logger", "funcName": "_log", "lineno": 188, "event_type": "streaming_indicator_engine.data_anomalies_detected", "data": {"symbol": "ARIA_USDT", "timestamp": 1762076638.312999, "anomalies": ["stale_timestamp: 1762076638.312999 vs 1764665505.3657649"], "data_sample": {"price": 0.16763, "volume": 10.0}}}
{"timestamp": "2025-12-02T08:51:45.365764+00:00", "level": "WARNING", "module": "logger", "funcName": "_log", "lineno": 188, "event_type": "streaming_indicator_engine.data_anomalies_detected", "data": {"symbol": "ARIA_USDT", "timestamp": 1762076647.309999, "anomalies": ["stale_timestamp: 1762076647.309999 vs 1764665505.3657649"], "data_sample": {"price": 0.16762, "volume": 4.0}}}
{"timestamp": "2025-12-02T08:51:45.366777+00:00", "level": "WARNING", "module": "logger", "funcName": "_log", "lineno": 188, "event_type": "streaming_indicator_engine.data_anomalies_detected", "data": {"symbol": "ARIA_USDT", "timestamp": 1762076653.309999, "anomalies": ["stale_timestamp: 1762076653.309999 vs 1764665505.3667772"], "data_sample": {"price": 0.16761, "volume": 9.0}}}
{"timestamp": "2025-12-02T08:51:45.366777+00:00", "level": "WARNING", "module": "logger", "funcName": "_log", "lineno": 188, "event_type": "streaming_indicator_engine.data_anomalies_detected", "data": {"symbol": "ARIA_USDT", "timestamp": 1762076666.309999, "anomalies": ["stale_timestamp: 1762076666.309999 vs 1764665505.3667772"], "data_sample": {"price": 0.16763, "volume": 9.0}}}
{"timestamp": "2025-12-02T08:51:45.368288+00:00", "level": "WARNING", "module": "logger", "funcName": "_log", "lineno": 188, "event_type": "streaming_indicator_engine.data_anomalies_detected", "data": {"symbol": "ARIA_USDT", "timestamp": 1762076672.308999, "anomalies": ["stale_timestamp: 1762076672.308999 vs 1764665505.368289"], "data_sample": {"price": 0.16762, "volume": 9.0}}}
{"timestamp": "2025-12-02T08:51:45.389426+00:00", "level": "WARNING", "module": "logger", "funcName": "_log", "lineno": 188, "event_type": "streaming_indicator_engine.data_anomalies_detected", "data": {"symbol": "ARIA_USDT", "timestamp": 1762076685.309999, "anomalies": ["stale_timestamp: 1762076685.309999 vs 1764665505.3894262"], "data_sample": {"price": 0.16732, "volume": 9.0}}}
{"timestamp": "2025-12-02T08:51:45.403510+00:00", "level": "WARNING", "module": "logger", "funcName": "_log", "lineno": 188, "event_type": "streaming_indicator_engine.data_anomalies_detected", "data": {"symbol": "ARIA_USDT", "timestamp": 1762076699.311, "anomalies": ["stale_timestamp: 1762076699.311 vs 1764665505.4035103"], "data_sample": {"price": 0.16737, "volume": 11.0}}}
{"timestamp": "2025-12-02T08:51:45.418736+00:00", "level": "WARNING", "module": "logger", "funcName": "_log", "lineno": 188, "event_type": "streaming_indicator_engine.data_anomalies_detected", "data": {"symbol": "ARIA_USDT", "timestamp": 1762076713.309999, "anomalies": ["stale_timestamp: 1762076713.309999 vs 1764665505.418737"], "data_sample": {"price": 0.16735, "volume": 4.0}}}
{"timestamp": "2025-12-02T08:51:45.434371+00:00", "level": "WARNING", "module": "logger", "funcName": "_log", "lineno": 188, "event_type": "streaming_indicator_engine.data_anomalies_detected", "data": {"symbol": "ARIA_USDT", "timestamp": 1762076728.311, "anomalies": ["stale_timestamp: 1762076728.311 vs 1764665505.434372"], "data_sample": {"price": 0.16739, "volume": 9.0}}}
{"timestamp": "2025-12-02T08:51:45.449609+00:00", "level": "WARNING", "module": "logger", "funcName": "_log", "lineno": 188, "event_type": "streaming_indicator_engine.data_anomalies_detected", "data": {"symbol": "ARIA_USDT", "timestamp": 1762076734.308999, "anomalies": ["stale_timestamp: 1762076734.308999 vs 1764665505.449609"], "data_sample": {"price": 0.16744, "volume": 9.0}}}
{"timestamp": "2025-12-02T08:51:45.464684+00:00", "level": "WARNING", "module": "logger", "funcName": "_log", "lineno": 188, "event_type": "streaming_indicator_engine.data_anomalies_detected", "data": {"symbol": "ARIA_USDT", "timestamp": 1762076750.309999, "anomalies": ["stale_timestamp: 1762076750.309999 vs 1764665505.4646845"], "data_sample": {"price": 0.16747, "volume": 10.0}}}
{"timestamp": "2025-12-02T08:51:45.479863+00:00", "level": "WARNING", "module": "logger", "funcName": "_log", "lineno": 188, "event_type": "streaming_indicator_engine.data_anomalies_detected", "data": {"symbol": "ARIA_USDT", "timestamp": 1762076759.311, "anomalies": ["stale_timestamp: 1762076759.311 vs 1764665505.479863"], "data_sample": {"price": 0.16746, "volume": 10.0}}}
{"timestamp": "2025-12-02T08:51:45.495376+00:00", "level": "WARNING", "module": "logger", "funcName": "_log", "lineno": 188, "event_type": "streaming_indicator_engine.data_anomalies_detected", "data": {"symbol": "ARIA_USDT", "timestamp": 1762076767.309999, "anomalies": ["stale_timestamp: 1762076767.309999 vs 1764665505.495376"], "data_sample": {"price": 0.16742, "volume": 8.0}}}
{"timestamp": "2025-12-02T08:51:45.510440+00:00", "level": "WARNING", "module": "logger", "funcName": "_log", "lineno": 188, "event_type": "streaming_indicator_engine.data_anomalies_detected", "data": {"symbol": "ARIA_USDT", "timestamp": 1762076783.312, "anomalies": ["stale_timestamp: 1762076783.312 vs 1764665505.510441"], "data_sample": {"price": 0.16745, "volume": 8.0}}}
{"timestamp": "2025-12-02T08:51:45.525954+00:00", "level": "WARNING", "module": "logger", "funcName": "_log", "lineno": 188, "event_type": "streaming_indicator_engine.data_anomalies_detected", "data": {"symbol": "ARIA_USDT", "timestamp": 1762076789.309999, "anomalies": ["stale_timestamp: 1762076789.309999 vs 1764665505.525954"], "data_sample": {"price": 0.16755, "volume": 9.0}}}
{"timestamp": "2025-12-02T08:51:45.542474+00:00", "level": "WARNING", "module": "logger", "funcName": "_log", "lineno": 188, "event_type": "streaming_indicator_engine.data_anomalies_detected", "data": {"symbol": "ARIA_USDT", "timestamp": 1762076803.311, "anomalies": ["stale_timestamp: 1762076803.311 vs 1764665505.542474"], "data_sample": {"price": 0.16758, "volume": 10.0}}}
{"timestamp": "2025-12-02T08:51:45.558720+00:00", "level": "WARNING", "module": "logger", "funcName": "_log", "lineno": 188, "event_type": "streaming_indicator_engine.data_anomalies_detected", "data": {"symbol": "ARIA_USDT", "timestamp": 1762076816.308999, "anomalies": ["stale_timestamp: 1762076816.308999 vs 1764665505.5587204"], "data_sample": {"price": 0.16762, "volume": 9.0}}}
{"timestamp": "2025-12-02T08:51:45.572391+00:00", "level": "WARNING", "module": "logger", "funcName": "_log", "lineno": 188, "event_type": "streaming_indicator_engine.data_anomalies_detected", "data": {"symbol": "ARIA_USDT", "timestamp": 1762076825.312999, "anomalies": ["stale_timestamp: 1762076825.312999 vs 1764665505.5723913"], "data_sample": {"price": 0.16751, "volume": 10.0}}}
{"timestamp": "2025-12-02T08:51:45.588439+00:00", "level": "WARNING", "module": "logger", "funcName": "_log", "lineno": 188, "event_type": "streaming_indicator_engine.data_anomalies_detected", "data": {"symbol": "ARIA_USDT", "timestamp": 1762076831.316999, "anomalies": ["stale_timestamp: 1762076831.316999 vs 1764665505.5884392"], "data_sample": {"price": 0.1674, "volume": 6.0}}}
{"timestamp": "2025-12-02T08:51:45.603994+00:00", "level": "WARNING", "module": "logger", "funcName": "_log", "lineno": 188, "event_type": "streaming_indicator_engine.data_anomalies_detected", "data": {"symbol": "ARIA_USDT", "timestamp": 1762076839.311, "anomalies": ["stale_timestamp: 1762076839.311 vs 1764665505.6039944"], "data_sample": {"price": 0.16741, "volume": 8.0}}}
{"timestamp": "2025-12-02T08:51:45.619070+00:00", "level": "WARNING", "module": "logger", "funcName": "_log", "lineno": 188, "event_type": "streaming_indicator_engine.data_anomalies_detected", "data": {"symbol": "ARIA_USDT", "timestamp": 1762076846.312, "anomalies": ["stale_timestamp: 1762076846.312 vs 1764665505.6190703"], "data_sample": {"price": 0.1674, "volume": 6.0}}}
{"timestamp": "2025-12-02T08:51:45.634642+00:00", "level": "WARNING", "module": "logger", "funcName": "_log", "lineno": 188, "event_type": "streaming_indicator_engine.data_anomalies_detected", "data": {"symbol": "ARIA_USDT", "timestamp": 1762076859.309999, "anomalies": ["stale_timestamp: 1762076859.309999 vs 1764665505.6346421"], "data_sample": {"price": 0.16723, "volume": 5.0}}}
{"timestamp": "2025-12-02T08:51:45.650252+00:00", "level": "WARNING", "module": "logger", "funcName": "_log", "lineno": 188, "event_type": "streaming_indicator_engine.data_anomalies_detected", "data": {"symbol": "ARIA_USDT", "timestamp": 1762076870.309999, "anomalies": ["stale_timestamp: 1762076870.309999 vs 1764665505.6502526"], "data_sample": {"price": 0.16724, "volume": 9.0}}}
{"timestamp": "2025-12-02T08:51:45.666284+00:00", "level": "WARNING", "module": "logger", "funcName": "_log", "lineno": 188, "event_type": "streaming_indicator_engine.data_anomalies_detected", "data": {"symbol": "ARIA_USDT", "timestamp": 1762076878.309999, "anomalies": ["stale_timestamp: 1762076878.309999 vs 1764665505.6662843"], "data_sample": {"price": 0.16731, "volume": 4.0}}}
{"timestamp": "2025-12-02T08:51:45.681004+00:00", "level": "WARNING", "module": "logger", "funcName": "_log", "lineno": 188, "event_type": "streaming_indicator_engine.data_anomalies_detected", "data": {"symbol": "ARIA_USDT", "timestamp": 1762076892.311, "anomalies": ["stale_timestamp: 1762076892.311 vs 1764665505.6810048"], "data_sample": {"price": 0.16728, "volume": 9.0}}}
{"timestamp": "2025-12-02T08:51:45.711345+00:00", "level": "WARNING", "module": "logger", "funcName": "_log", "lineno": 188, "event_type": "streaming_indicator_engine.data_anomalies_detected", "data": {"symbol": "ARIA_USDT", "timestamp": 1762076900.309999, "anomalies": ["stale_timestamp: 1762076900.309999 vs 1764665505.7113454"], "data_sample": {"price": 0.16731, "volume": 7.0}}}
{"timestamp": "2025-12-02T08:51:45.727146+00:00", "level": "WARNING", "module": "logger", "funcName": "_log", "lineno": 188, "event_type": "streaming_indicator_engine.data_anomalies_detected", "data": {"symbol": "ARIA_USDT", "timestamp": 1762076915.308999, "anomalies": ["stale_timestamp: 1762076915.308999 vs 1764665505.7271464"], "data_sample": {"price": 0.16729, "volume": 4.0}}}
{"timestamp": "2025-12-02T08:51:45.742194+00:00", "level": "WARNING", "module": "logger", "funcName": "_log", "lineno": 188, "event_type": "streaming_indicator_engine.data_anomalies_detected", "data": {"symbol": "ARIA_USDT", "timestamp": 1762076929.309999, "anomalies": ["stale_timestamp: 1762076929.309999 vs 1764665505.7421942"], "data_sample": {"price": 0.16725, "volume": 11.0}}}
{"timestamp": "2025-12-02T08:51:45.756880+00:00", "level": "WARNING", "module": "logger", "funcName": "_log", "lineno": 188, "event_type": "streaming_indicator_engine.data_anomalies_detected", "data": {"symbol": "ARIA_USDT", "timestamp": 1762076940.312999, "anomalies": ["stale_timestamp: 1762076940.312999 vs 1764665505.7568803"], "data_sample": {"price": 0.16733, "volume": 8.0}}}
{"timestamp": "2025-12-02T08:51:45.772150+00:00", "level": "WARNING", "module": "logger", "funcName": "_log", "lineno": 188, "event_type": "streaming_indicator_engine.data_anomalies_detected", "data": {"symbol": "ARIA_USDT", "timestamp": 1762076949.324999, "anomalies": ["stale_timestamp: 1762076949.324999 vs 1764665505.7721503"], "data_sample": {"price": 0.1673, "volume": 8.0}}}
{"timestamp": "2025-12-02T08:51:45.786946+00:00", "level": "WARNING", "module": "logger", "funcName": "_log", "lineno": 188, "event_type": "streaming_indicator_engine.data_anomalies_detected", "data": {"symbol": "ARIA_USDT", "timestamp": 1762076965.316, "anomalies": ["stale_timestamp: 1762076965.316 vs 1764665505.786946"], "data_sample": {"price": 0.16729, "volume": 4.0}}}
{"timestamp": "2025-12-02T08:51:45.802981+00:00", "level": "WARNING", "module": "logger", "funcName": "_log", "lineno": 188, "event_type": "streaming_indicator_engine.data_anomalies_detected", "data": {"symbol": "ARIA_USDT", "timestamp": 1762076978.312, "anomalies": ["stale_timestamp: 1762076978.312 vs 1764665505.8029816"], "data_sample": {"price": 0.1673, "volume": 9.0}}}
{"timestamp": "2025-12-02T08:51:45.819022+00:00", "level": "WARNING", "module": "logger", "funcName": "_log", "lineno": 188, "event_type": "streaming_indicator_engine.data_anomalies_detected", "data": {"symbol": "ARIA_USDT", "timestamp": 1762076990.315, "anomalies": ["stale_timestamp: 1762076990.315 vs 1764665505.8185067"], "data_sample": {"price": 0.16733, "volume": 10.0}}}
{"timestamp": "2025-12-02T08:51:45.833814+00:00", "level": "WARNING", "module": "logger", "funcName": "_log", "lineno": 188, "event_type": "streaming_indicator_engine.data_anomalies_detected", "data": {"symbol": "ARIA_USDT", "timestamp": 1762076997.315, "anomalies": ["stale_timestamp: 1762076997.315 vs 1764665505.8338149"], "data_sample": {"price": 0.16726, "volume": 12.0}}}
{"timestamp": "2025-12-02T08:51:45.848781+00:00", "level": "WARNING", "module": "logger", "funcName": "_log", "lineno": 188, "event_type": "streaming_indicator_engine.data_anomalies_detected", "data": {"symbol": "ARIA_USDT", "timestamp": 1762077007.309999, "anomalies": ["stale_timestamp: 1762077007.309999 vs 1764665505.848781"], "data_sample": {"price": 0.16719, "volume": 4.0}}}
{"timestamp": "2025-12-02T08:51:45.864414+00:00", "level": "WARNING", "module": "logger", "funcName": "_log", "lineno": 188, "event_type": "streaming_indicator_engine.data_anomalies_detected", "data": {"symbol": "ARIA_USDT", "timestamp": 1762077018.309999, "anomalies": ["stale_timestamp: 1762077018.309999 vs 1764665505.8644147"], "data_sample": {"price": 0.16722, "volume": 8.0}}}
{"timestamp": "2025-12-02T08:51:45.879356+00:00", "level": "WARNING", "module": "logger", "funcName": "_log", "lineno": 188, "event_type": "streaming_indicator_engine.data_anomalies_detected", "data": {"symbol": "ARIA_USDT", "timestamp": 1762077025.309999, "anomalies": ["stale_timestamp: 1762077025.309999 vs 1764665505.8793569"], "data_sample": {"price": 0.16726, "volume": 5.0}}}
{"timestamp": "2025-12-02T08:51:45.895092+00:00", "level": "WARNING", "module": "logger", "funcName": "_log", "lineno": 188, "event_type": "streaming_indicator_engine.data_anomalies_detected", "data": {"symbol": "ARIA_USDT", "timestamp": 1762077033.311, "anomalies": ["stale_timestamp: 1762077033.311 vs 1764665505.8950922"], "data_sample": {"price": 0.16725, "volume": 4.0}}}
{"timestamp": "2025-12-02T08:51:45.910595+00:00", "level": "WARNING", "module": "logger", "funcName": "_log", "lineno": 188, "event_type": "streaming_indicator_engine.data_anomalies_detected", "data": {"symbol": "ARIA_USDT", "timestamp": 1762077042.309999, "anomalies": ["stale_timestamp: 1762077042.309999 vs 1764665505.9105952"], "data_sample": {"price": 0.16724, "volume": 4.0}}}
{"timestamp": "2025-12-02T08:51:45.926056+00:00", "level": "WARNING", "module": "logger", "funcName": "_log", "lineno": 188, "event_type": "streaming_indicator_engine.data_anomalies_detected", "data": {"symbol": "ARIA_USDT", "timestamp": 1762077051.309999, "anomalies": ["stale_timestamp: 1762077051.309999 vs 1764665505.9260561"], "data_sample": {"price": 0.16725, "volume": 4.0}}}
{"timestamp": "2025-12-02T08:51:45.942603+00:00", "level": "WARNING", "module": "logger", "funcName": "_log", "lineno": 188, "event_type": "streaming_indicator_engine.data_anomalies_detected", "data": {"symbol": "ARIA_USDT", "timestamp": 1762077057.312999, "anomalies": ["stale_timestamp: 1762077057.312999 vs 1764665505.9416137"], "data_sample": {"price": 0.16726, "volume": 3.0}}}
{"timestamp": "2025-12-02T08:51:45.956767+00:00", "level": "WARNING", "module": "logger", "funcName": "_log", "lineno": 188, "event_type": "streaming_indicator_engine.data_anomalies_detected", "data": {"symbol": "ARIA_USDT", "timestamp": 1762077067.316999, "anomalies": ["stale_timestamp: 1762077067.316999 vs 1764665505.9567678"], "data_sample": {"price": 0.16725, "volume": 8.0}}}
{"timestamp": "2025-12-02T08:51:45.971711+00:00", "level": "WARNING", "module": "logger", "funcName": "_log", "lineno": 188, "event_type": "streaming_indicator_engine.data_anomalies_detected", "data": {"symbol": "ARIA_USDT", "timestamp": 1762077081.308, "anomalies": ["stale_timestamp: 1762077081.308 vs 1764665505.971711"], "data_sample": {"price": 0.16714, "volume": 6.0}}}
{"timestamp": "2025-12-02T08:51:45.988318+00:00", "level": "WARNING", "module": "logger", "funcName": "_log", "lineno": 188, "event_type": "streaming_indicator_engine.data_anomalies_detected", "data": {"symbol": "ARIA_USDT", "timestamp": 1762077089.311, "anomalies": ["stale_timestamp: 1762077089.311 vs 1764665505.9883187"], "data_sample": {"price": 0.16711, "volume": 4.0}}}
{"timestamp": "2025-12-02T08:51:46.004366+00:00", "level": "WARNING", "module": "logger", "funcName": "_log", "lineno": 188, "event_type": "streaming_indicator_engine.data_anomalies_detected", "data": {"symbol": "ARIA_USDT", "timestamp": 1762077098.311, "anomalies": ["stale_timestamp: 1762077098.311 vs 1764665506.0043669"], "data_sample": {"price": 0.16702, "volume": 4.0}}}
{"timestamp": "2025-12-02T08:51:46.019854+00:00", "level": "WARNING", "module": "logger", "funcName": "_log", "lineno": 188, "event_type": "streaming_indicator_engine.data_anomalies_detected", "data": {"symbol": "ARIA_USDT", "timestamp": 1762077107.335, "anomalies": ["stale_timestamp: 1762077107.335 vs 1764665506.019854"], "data_sample": {"price": 0.167, "volume": 26.0}}}
{"timestamp": "2025-12-02T08:51:46.034890+00:00", "level": "WARNING", "module": "logger", "funcName": "_log", "lineno": 188, "event_type": "streaming_indicator_engine.data_anomalies_detected", "data": {"symbol": "ARIA_USDT", "timestamp": 1762077121.309999, "anomalies": ["stale_timestamp: 1762077121.309999 vs 1764665506.03489"], "data_sample": {"price": 0.16704, "volume": 8.0}}}
{"timestamp": "2025-12-02T08:51:46.050664+00:00", "level": "WARNING", "module": "logger", "funcName": "_log", "lineno": 188, "event_type": "streaming_indicator_engine.data_anomalies_detected", "data": {"symbol": "ARIA_USDT", "timestamp": 1762077123.420999, "anomalies": ["stale_timestamp: 1762077123.420999 vs 1764665506.050664"], "data_sample": {"price": 0.167, "volume": 59.0}}}
{"timestamp": "2025-12-02T08:51:46.066546+00:00", "level": "WARNING", "module": "logger", "funcName": "_log", "lineno": 188, "event_type": "streaming_indicator_engine.data_anomalies_detected", "data": {"symbol": "ARIA_USDT", "timestamp": 1762077139.311, "anomalies": ["stale_timestamp: 1762077139.311 vs 1764665506.0665462"], "data_sample": {"price": 0.16703, "volume": 5.0}}}
{"timestamp": "2025-12-02T08:51:46.069220+00:00", "level": "WARNING", "module": "logger", "funcName": "_log", "lineno": 188, "event_type": "streaming_indicator_engine.data_anomalies_detected", "data": {"symbol": "ARIA_USDT", "timestamp": 1762077152.308999, "anomalies": ["stale_timestamp: 1762077152.308999 vs 1764665506.0692205"], "data_sample": {"price": 0.16708, "volume": 9.0}}}
{"timestamp": "2025-12-02T08:51:46.082011+00:00", "level": "WARNING", "module": "logger", "funcName": "_log", "lineno": 188, "event_type": "streaming_indicator_engine.data_anomalies_detected", "data": {"symbol": "ARIA_USDT", "timestamp": 1762077163.309999, "anomalies": ["stale_timestamp: 1762077163.309999 vs 1764665506.0820112"], "data_sample": {"price": 0.16713, "volume": 11.0}}}
{"timestamp": "2025-12-02T08:51:46.096742+00:00", "level": "WARNING", "module": "logger", "funcName": "_log", "lineno": 188, "event_type": "streaming_indicator_engine.data_anomalies_detected", "data": {"symbol": "ARIA_USDT", "timestamp": 1762077172.309999, "anomalies": ["stale_timestamp: 1762077172.309999 vs 1764665506.0967424"], "data_sample": {"price": 0.16706, "volume": 12.0}}}
{"timestamp": "2025-12-02T08:51:46.112390+00:00", "level": "WARNING", "module": "logger", "funcName": "_log", "lineno": 188, "event_type": "streaming_indicator_engine.data_anomalies_detected", "data": {"symbol": "ARIA_USDT", "timestamp": 1762077187.312999, "anomalies": ["stale_timestamp: 1762077187.312999 vs 1764665506.11239"], "data_sample": {"price": 0.16705, "volume": 4.0}}}
{"timestamp": "2025-12-02T08:51:46.119509+00:00", "level": "INFO", "module": "logger", "funcName": "_log", "lineno": 188, "event_type": "strategy_manager.indicator_update_received", "data": {"symbol": "ARIA_USDT", "indicator_name": "5fc82998-9270-4b44-8312-f74ddd20a93d_20", "indicator_type": "", "value": 103.5608752541299, "active_strategies_for_symbol": true, "active_count": 3}}
{"timestamp": "2025-12-02T08:51:46.120611+00:00", "level": "WARNING", "module": "logger", "funcName": "_log", "lineno": 188, "event_type": "streaming_indicator_engine.data_anomalies_detected", "data": {"symbol": "ARIA_USDT", "timestamp": 1762077203.309999, "anomalies": ["stale_timestamp: 1762077203.309999 vs 1764665506.1206112"], "data_sample": {"price": 0.16703, "volume": 6.0}}}
{"timestamp": "2025-12-02T08:51:46.121532+00:00", "level": "WARNING", "module": "logger", "funcName": "_log", "lineno": 188, "event_type": "streaming_indicator_engine.data_anomalies_detected", "data": {"symbol": "ARIA_USDT", "timestamp": 1762077211.312, "anomalies": ["stale_timestamp: 1762077211.312 vs 1764665506.121532"], "data_sample": {"price": 0.16707, "volume": 9.0}}}
{"timestamp": "2025-12-02T08:51:46.122525+00:00", "level": "WARNING", "module": "logger", "funcName": "_log", "lineno": 188, "event_type": "streaming_indicator_engine.data_anomalies_detected", "data": {"symbol": "ARIA_USDT", "timestamp": 1762077227.312999, "anomalies": ["stale_timestamp: 1762077227.312999 vs 1764665506.1225257"], "data_sample": {"price": 0.16704, "volume": 4.0}}}
{"timestamp": "2025-12-02T08:51:46.122525+00:00", "level": "WARNING", "module": "logger", "funcName": "_log", "lineno": 188, "event_type": "streaming_indicator_engine.data_anomalies_detected", "data": {"symbol": "ARIA_USDT", "timestamp": 1762077234.308999, "anomalies": ["stale_timestamp: 1762077234.308999 vs 1764665506.1225257"], "data_sample": {"price": 0.16708, "volume": 8.0}}}
{"timestamp": "2025-12-02T08:51:46.123522+00:00", "level": "WARNING", "module": "logger", "funcName": "_log", "lineno": 188, "event_type": "streaming_indicator_engine.data_anomalies_detected", "data": {"symbol": "ARIA_USDT", "timestamp": 1762077247.312999, "anomalies": ["stale_timestamp: 1762077247.312999 vs 1764665506.1235223"], "data_sample": {"price": 0.16705, "volume": 7.0}}}
{"timestamp": "2025-12-02T08:51:46.125531+00:00", "level": "INFO", "module": "logger", "funcName": "_log", "lineno": 188, "event_type": "strategy_manager.indicator_update_received", "data": {"symbol": "ARIA_USDT", "indicator_name": "5fc82998-9270-4b44-8312-f74ddd20a93d_20", "indicator_type": "", "value": 103.5608752541299, "active_strategies_for_symbol": true, "active_count": 3}}
{"timestamp": "2025-12-02T08:51:46.126529+00:00", "level": "WARNING", "module": "logger", "funcName": "_log", "lineno": 188, "event_type": "streaming_indicator_engine.data_anomalies_detected", "data": {"symbol": "ARIA_USDT", "timestamp": 1762077263.309999, "anomalies": ["stale_timestamp: 1762077263.309999 vs 1764665506.1265295"], "data_sample": {"price": 0.16704, "volume": 7.0}}}
{"timestamp": "2025-12-02T08:51:46.126529+00:00", "level": "WARNING", "module": "logger", "funcName": "_log", "lineno": 188, "event_type": "streaming_indicator_engine.data_anomalies_detected", "data": {"symbol": "ARIA_USDT", "timestamp": 1762077274.309999, "anomalies": ["stale_timestamp: 1762077274.309999 vs 1764665506.1265295"], "data_sample": {"price": 0.16709, "volume": 4.0}}}
{"timestamp": "2025-12-02T08:51:46.127526+00:00", "level": "WARNING", "module": "logger", "funcName": "_log", "lineno": 188, "event_type": "streaming_indicator_engine.data_anomalies_detected", "data": {"symbol": "ARIA_USDT", "timestamp": 1762077281.311, "anomalies": ["stale_timestamp: 1762077281.311 vs 1764665506.127527"], "data_sample": {"price": 0.16713, "volume": 12.0}}}
{"timestamp": "2025-12-02T08:51:46.128562+00:00", "level": "WARNING", "module": "logger", "funcName": "_log", "lineno": 188, "event_type": "streaming_indicator_engine.data_anomalies_detected", "data": {"symbol": "ARIA_USDT", "timestamp": 1762077290.312, "anomalies": ["stale_timestamp: 1762077290.312 vs 1764665506.1285622"], "data_sample": {"price": 0.16709, "volume": 8.0}}}
{"timestamp": "2025-12-02T08:51:46.128562+00:00", "level": "WARNING", "module": "logger", "funcName": "_log", "lineno": 188, "event_type": "streaming_indicator_engine.data_anomalies_detected", "data": {"symbol": "ARIA_USDT", "timestamp": 1762077299.312, "anomalies": ["stale_timestamp: 1762077299.312 vs 1764665506.1285622"], "data_sample": {"price": 0.16706, "volume": 8.0}}}
{"timestamp": "2025-12-02T08:51:46.129787+00:00", "level": "WARNING", "module": "logger", "funcName": "_log", "lineno": 188, "event_type": "streaming_indicator_engine.data_anomalies_detected", "data": {"symbol": "ARIA_USDT", "timestamp": 1762077309.309999, "anomalies": ["stale_timestamp: 1762077309.309999 vs 1764665506.1297874"], "data_sample": {"price": 0.16705, "volume": 6.0}}}
{"timestamp": "2025-12-02T08:51:46.131782+00:00", "level": "INFO", "module": "logger", "funcName": "_log", "lineno": 188, "event_type": "strategy_manager.indicator_update_received", "data": {"symbol": "ARIA_USDT", "indicator_name": "11b8be00-eed3-48fe-b359-df47b297226c_20", "indicator_type": "", "value": 0.00010484701174746773, "active_strategies_for_symbol": true, "active_count": 3}}
{"timestamp": "2025-12-02T08:51:46.131782+00:00", "level": "WARNING", "module": "logger", "funcName": "_log", "lineno": 188, "event_type": "streaming_indicator_engine.data_anomalies_detected", "data": {"symbol": "ARIA_USDT", "timestamp": 1762077318.312, "anomalies": ["stale_timestamp: 1762077318.312 vs 1764665506.131783"], "data_sample": {"price": 0.16706, "volume": 9.0}}}
{"timestamp": "2025-12-02T08:51:46.132713+00:00", "level": "WARNING", "module": "logger", "funcName": "_log", "lineno": 188, "event_type": "streaming_indicator_engine.data_anomalies_detected", "data": {"symbol": "ARIA_USDT", "timestamp": 1762077324.309999, "anomalies": ["stale_timestamp: 1762077324.309999 vs 1764665506.1327136"], "data_sample": {"price": 0.1671, "volume": 5.0}}}
{"timestamp": "2025-12-02T08:51:46.132713+00:00", "level": "WARNING", "module": "logger", "funcName": "_log", "lineno": 188, "event_type": "streaming_indicator_engine.data_anomalies_detected", "data": {"symbol": "ARIA_USDT", "timestamp": 1762077335.309999, "anomalies": ["stale_timestamp: 1762077335.309999 vs 1764665506.1327136"], "data_sample": {"price": 0.16709, "volume": 4.0}}}
{"timestamp": "2025-12-02T08:51:46.133735+00:00", "level": "WARNING", "module": "logger", "funcName": "_log", "lineno": 188, "event_type": "streaming_indicator_engine.data_anomalies_detected", "data": {"symbol": "ARIA_USDT", "timestamp": 1762077351.309999, "anomalies": ["stale_timestamp: 1762077351.309999 vs 1764665506.1337352"], "data_sample": {"price": 0.1671, "volume": 3.0}}}
{"timestamp": "2025-12-02T08:51:46.133735+00:00", "level": "WARNING", "module": "logger", "funcName": "_log", "lineno": 188, "event_type": "streaming_indicator_engine.data_anomalies_detected", "data": {"symbol": "ARIA_USDT", "timestamp": 1762077362.309999, "anomalies": ["stale_timestamp: 1762077362.309999 vs 1764665506.1337352"], "data_sample": {"price": 0.16716, "volume": 5.0}}}
{"timestamp": "2025-12-02T08:51:46.134708+00:00", "level": "WARNING", "module": "logger", "funcName": "_log", "lineno": 188, "event_type": "streaming_indicator_engine.data_anomalies_detected", "data": {"symbol": "ARIA_USDT", "timestamp": 1762077376.309999, "anomalies": ["stale_timestamp: 1762077376.309999 vs 1764665506.1347086"], "data_sample": {"price": 0.16724, "volume": 11.0}}}
{"timestamp": "2025-12-02T08:51:46.134708+00:00", "level": "INFO", "module": "logger", "funcName": "_log", "lineno": 188, "event_type": "strategy_manager.indicator_update_received", "data": {"symbol": "ARIA_USDT", "indicator_name": "11b8be00-eed3-48fe-b359-df47b297226c_20", "indicator_type": "", "value": 0.00010484701174746773, "active_strategies_for_symbol": true, "active_count": 3}}
{"timestamp": "2025-12-02T08:51:46.135706+00:00", "level": "WARNING", "module": "logger", "funcName": "_log", "lineno": 188, "event_type": "streaming_indicator_engine.data_anomalies_detected", "data": {"symbol": "ARIA_USDT", "timestamp": 1762077387.309999, "anomalies": ["stale_timestamp: 1762077387.309999 vs 1764665506.1357064"], "data_sample": {"price": 0.16726, "volume": 11.0}}}
{"timestamp": "2025-12-02T08:51:46.135706+00:00", "level": "WARNING", "module": "logger", "funcName": "_log", "lineno": 188, "event_type": "streaming_indicator_engine.data_anomalies_detected", "data": {"symbol": "ARIA_USDT", "timestamp": 1762077395.309999, "anomalies": ["stale_timestamp: 1762077395.309999 vs 1764665506.1357064"], "data_sample": {"price": 0.16728, "volume": 3.0}}}
{"timestamp": "2025-12-02T08:51:46.136709+00:00", "level": "WARNING", "module": "logger", "funcName": "_log", "lineno": 188, "event_type": "streaming_indicator_engine.data_anomalies_detected", "data": {"symbol": "ARIA_USDT", "timestamp": 1762077402.309999, "anomalies": ["stale_timestamp: 1762077402.309999 vs 1764665506.1367092"], "data_sample": {"price": 0.1673, "volume": 10.0}}}
{"timestamp": "2025-12-02T08:51:46.136709+00:00", "level": "WARNING", "module": "logger", "funcName": "_log", "lineno": 188, "event_type": "streaming_indicator_engine.data_anomalies_detected", "data": {"symbol": "ARIA_USDT", "timestamp": 1762077412.311, "anomalies": ["stale_timestamp: 1762077412.311 vs 1764665506.1367092"], "data_sample": {"price": 0.16729, "volume": 7.0}}}
{"timestamp": "2025-12-02T08:51:46.136709+00:00", "level": "WARNING", "module": "logger", "funcName": "_log", "lineno": 188, "event_type": "streaming_indicator_engine.data_anomalies_detected", "data": {"symbol": "ARIA_USDT", "timestamp": 1762077421.309999, "anomalies": ["stale_timestamp: 1762077421.309999 vs 1764665506.1367092"], "data_sample": {"price": 0.16727, "volume": 4.0}}}
{"timestamp": "2025-12-02T08:51:46.140810+00:00", "level": "INFO", "module": "logger", "funcName": "_log", "lineno": 188, "event_type": "strategy_manager.indicator_update_received", "data": {"symbol": "ARIA_USDT", "indicator_name": "790d8eed-dc95-43ff-b625-1205d256154b_20", "indicator_type": "", "value": 0.0013506874143189638, "active_strategies_for_symbol": true, "active_count": 3}}
{"timestamp": "2025-12-02T08:51:46.142816+00:00", "level": "INFO", "module": "logger", "funcName": "_log", "lineno": 188, "event_type": "strategy_manager.indicator_update_received", "data": {"symbol": "ARIA_USDT", "indicator_name": "790d8eed-dc95-43ff-b625-1205d256154b_20", "indicator_type": "", "value": 0.0013506874143189638, "active_strategies_for_symbol": true, "active_count": 3}}
{"timestamp": "2025-12-02T08:51:46.147336+00:00", "level": "WARNING", "module": "logger", "funcName": "_log", "lineno": 188, "event_type": "streaming_indicator_engine.data_anomalies_detected", "data": {"symbol": "ARIA_USDT", "timestamp": 1762076372.312999, "anomalies": ["stale_timestamp: 1762076372.312999 vs 1764665506.1473367"], "data_sample": {"price": 0.1671, "volume": 3.0}}}
{"timestamp": "2025-12-02T08:51:46.173880+00:00", "level": "WARNING", "module": "logger", "funcName": "_log", "lineno": 188, "event_type": "streaming_indicator_engine.data_anomalies_detected", "data": {"symbol": "ARIA_USDT", "timestamp": 1762076381.309999, "anomalies": ["stale_timestamp: 1762076381.309999 vs 1764665506.1738806"], "data_sample": {"price": 0.16715, "volume": 8.0}}}
{"timestamp": "2025-12-02T08:51:46.189276+00:00", "level": "WARNING", "module": "logger", "funcName": "_log", "lineno": 188, "event_type": "streaming_indicator_engine.data_anomalies_detected", "data": {"symbol": "ARIA_USDT", "timestamp": 1762076388.311, "anomalies": ["stale_timestamp: 1762076388.311 vs 1764665506.1892765"], "data_sample": {"price": 0.16714, "volume": 9.0}}}
{"timestamp": "2025-12-02T08:51:46.205150+00:00", "level": "WARNING", "module": "logger", "funcName": "_log", "lineno": 188, "event_type": "streaming_indicator_engine.data_anomalies_detected", "data": {"symbol": "ARIA_USDT", "timestamp": 1762076401.309999, "anomalies": ["stale_timestamp: 1762076401.309999 vs 1764665506.2051504"], "data_sample": {"price": 0.16717, "volume": 7.0}}}
{"timestamp": "2025-12-02T08:51:46.221032+00:00", "level": "WARNING", "module": "logger", "funcName": "_log", "lineno": 188, "event_type": "streaming_indicator_engine.data_anomalies_detected", "data": {"symbol": "ARIA_USDT", "timestamp": 1762076408.312, "anomalies": ["stale_timestamp: 1762076408.312 vs 1764665506.2210324"], "data_sample": {"price": 0.16713, "volume": 3.0}}}
{"timestamp": "2025-12-02T08:51:46.236361+00:00", "level": "WARNING", "module": "logger", "funcName": "_log", "lineno": 188, "event_type": "streaming_indicator_engine.data_anomalies_detected", "data": {"symbol": "ARIA_USDT", "timestamp": 1762076417.311, "anomalies": ["stale_timestamp: 1762076417.311 vs 1764665506.2363617"], "data_sample": {"price": 0.16708, "volume": 3.0}}}
{"timestamp": "2025-12-02T08:51:46.252301+00:00", "level": "WARNING", "module": "logger", "funcName": "_log", "lineno": 188, "event_type": "streaming_indicator_engine.data_anomalies_detected", "data": {"symbol": "ARIA_USDT", "timestamp": 1762076427.308999, "anomalies": ["stale_timestamp: 1762076427.308999 vs 1764665506.2523015"], "data_sample": {"price": 0.16707, "volume": 12.0}}}
{"timestamp": "2025-12-02T08:51:46.268562+00:00", "level": "WARNING", "module": "logger", "funcName": "_log", "lineno": 188, "event_type": "streaming_indicator_engine.data_anomalies_detected", "data": {"symbol": "ARIA_USDT", "timestamp": 1762076435.309999, "anomalies": ["stale_timestamp: 1762076435.309999 vs 1764665506.2685623"], "data_sample": {"price": 0.1671, "volume": 4.0}}}
{"timestamp": "2025-12-02T08:51:46.283746+00:00", "level": "WARNING", "module": "logger", "funcName": "_log", "lineno": 188, "event_type": "streaming_indicator_engine.data_anomalies_detected", "data": {"symbol": "ARIA_USDT", "timestamp": 1762076447.309999, "anomalies": ["stale_timestamp: 1762076447.309999 vs 1764665506.2837467"], "data_sample": {"price": 0.16708, "volume": 9.0}}}
{"timestamp": "2025-12-02T08:51:46.299008+00:00", "level": "WARNING", "module": "logger", "funcName": "_log", "lineno": 188, "event_type": "streaming_indicator_engine.data_anomalies_detected", "data": {"symbol": "ARIA_USDT", "timestamp": 1762076462.309999, "anomalies": ["stale_timestamp: 1762076462.309999 vs 1764665506.2990088"], "data_sample": {"price": 0.16726, "volume": 10.0}}}
{"timestamp": "2025-12-02T08:51:46.314983+00:00", "level": "WARNING", "module": "logger", "funcName": "_log", "lineno": 188, "event_type": "streaming_indicator_engine.data_anomalies_detected", "data": {"symbol": "ARIA_USDT", "timestamp": 1762076476.308999, "anomalies": ["stale_timestamp: 1762076476.308999 vs 1764665506.3149836"], "data_sample": {"price": 0.16745, "volume": 9.0}}}
{"timestamp": "2025-12-02T08:51:46.330574+00:00", "level": "WARNING", "module": "logger", "funcName": "_log", "lineno": 188, "event_type": "streaming_indicator_engine.data_anomalies_detected", "data": {"symbol": "ARIA_USDT", "timestamp": 1762076490.311, "anomalies": ["stale_timestamp: 1762076490.311 vs 1764665506.3305748"], "data_sample": {"price": 0.16766, "volume": 7.0}}}
{"timestamp": "2025-12-02T08:51:46.345667+00:00", "level": "WARNING", "module": "logger", "funcName": "_log", "lineno": 188, "event_type": "streaming_indicator_engine.data_anomalies_detected", "data": {"symbol": "ARIA_USDT", "timestamp": 1762076501.311, "anomalies": ["stale_timestamp: 1762076501.311 vs 1764665506.3456678"], "data_sample": {"price": 0.16763, "volume": 5.0}}}
{"timestamp": "2025-12-02T08:51:46.361296+00:00", "level": "WARNING", "module": "logger", "funcName": "_log", "lineno": 188, "event_type": "streaming_indicator_engine.data_anomalies_detected", "data": {"symbol": "ARIA_USDT", "timestamp": 1762076514.408999, "anomalies": ["stale_timestamp: 1762076514.408999 vs 1764665506.3612967"], "data_sample": {"price": 0.16766, "volume": 10.0}}}
{"timestamp": "2025-12-02T08:51:46.376842+00:00", "level": "WARNING", "module": "logger", "funcName": "_log", "lineno": 188, "event_type": "streaming_indicator_engine.data_anomalies_detected", "data": {"symbol": "ARIA_USDT", "timestamp": 1762076520.311, "anomalies": ["stale_timestamp: 1762076520.311 vs 1764665506.3768425"], "data_sample": {"price": 0.1677, "volume": 9.0}}}
{"timestamp": "2025-12-02T08:51:46.392208+00:00", "level": "WARNING", "module": "logger", "funcName": "_log", "lineno": 188, "event_type": "streaming_indicator_engine.data_anomalies_detected", "data": {"symbol": "ARIA_USDT", "timestamp": 1762076531.311, "anomalies": ["stale_timestamp: 1762076531.311 vs 1764665506.3922083"], "data_sample": {"price": 0.16778, "volume": 10.0}}}
{"timestamp": "2025-12-02T08:51:46.394322+00:00", "level": "INFO", "module": "logger", "funcName": "_log", "lineno": 188, "event_type": "strategy_manager.indicator_update_received", "data": {"symbol": "ARIA_USDT", "indicator_name": "611fad91-045d-408b-8822-f43428935033_20", "indicator_type": "", "value": 0.003054622087231512, "active_strategies_for_symbol": true, "active_count": 3}}
{"timestamp": "2025-12-02T08:51:46.394322+00:00", "level": "WARNING", "module": "logger", "funcName": "_log", "lineno": 188, "event_type": "streaming_indicator_engine.data_anomalies_detected", "data": {"symbol": "ARIA_USDT", "timestamp": 1762076537.311, "anomalies": ["stale_timestamp: 1762076537.311 vs 1764665506.3943224"], "data_sample": {"price": 0.16777, "volume": 10.0}}}
{"timestamp": "2025-12-02T08:51:46.395807+00:00", "level": "WARNING", "module": "logger", "funcName": "_log", "lineno": 188, "event_type": "streaming_indicator_engine.data_anomalies_detected", "data": {"symbol": "ARIA_USDT", "timestamp": 1762076543.312, "anomalies": ["stale_timestamp: 1762076543.312 vs 1764665506.3943224"], "data_sample": {"price": 0.16765, "volume": 8.0}}}
{"timestamp": "2025-12-02T08:51:46.396314+00:00", "level": "WARNING", "module": "logger", "funcName": "_log", "lineno": 188, "event_type": "streaming_indicator_engine.data_anomalies_detected", "data": {"symbol": "ARIA_USDT", "timestamp": 1762076551.311, "anomalies": ["stale_timestamp: 1762076551.311 vs 1764665506.3963144"], "data_sample": {"price": 0.16776, "volume": 7.0}}}
{"timestamp": "2025-12-02T08:51:46.397324+00:00", "level": "WARNING", "module": "logger", "funcName": "_log", "lineno": 188, "event_type": "streaming_indicator_engine.data_anomalies_detected", "data": {"symbol": "ARIA_USDT", "timestamp": 1762076567.313999, "anomalies": ["stale_timestamp: 1762076567.313999 vs 1764665506.3963144"], "data_sample": {"price": 0.16779, "volume": 4.0}}}
{"timestamp": "2025-12-02T08:51:46.397324+00:00", "level": "WARNING", "module": "logger", "funcName": "_log", "lineno": 188, "event_type": "streaming_indicator_engine.data_anomalies_detected", "data": {"symbol": "ARIA_USDT", "timestamp": 1762076582.312999, "anomalies": ["stale_timestamp: 1762076582.312999 vs 1764665506.397324"], "data_sample": {"price": 0.16774, "volume": 4.0}}}
{"timestamp": "2025-12-02T08:51:46.398321+00:00", "level": "INFO", "module": "logger", "funcName": "_log", "lineno": 188, "event_type": "strategy_manager.indicator_update_received", "data": {"symbol": "ARIA_USDT", "indicator_name": "611fad91-045d-408b-8822-f43428935033_20", "indicator_type": "", "value": 0.003054622087231512, "active_strategies_for_symbol": true, "active_count": 3}}
{"timestamp": "2025-12-02T08:51:46.398828+00:00", "level": "WARNING", "module": "logger", "funcName": "_log", "lineno": 188, "event_type": "streaming_indicator_engine.data_anomalies_detected", "data": {"symbol": "ARIA_USDT", "timestamp": 1762076595.309999, "anomalies": ["stale_timestamp: 1762076595.309999 vs 1764665506.3988287"], "data_sample": {"price": 0.16776, "volume": 10.0}}}
{"timestamp": "2025-12-02T08:51:46.399839+00:00", "level": "WARNING", "module": "logger", "funcName": "_log", "lineno": 188, "event_type": "streaming_indicator_engine.data_anomalies_detected", "data": {"symbol": "ARIA_USDT", "timestamp": 1762076606.309999, "anomalies": ["stale_timestamp: 1762076606.309999 vs 1764665506.3988287"], "data_sample": {"price": 0.16772, "volume": 9.0}}}
{"timestamp": "2025-12-02T08:51:46.399839+00:00", "level": "WARNING", "module": "logger", "funcName": "_log", "lineno": 188, "event_type": "streaming_indicator_engine.data_anomalies_detected", "data": {"symbol": "ARIA_USDT", "timestamp": 1762076620.309999, "anomalies": ["stale_timestamp: 1762076620.309999 vs 1764665506.399839"], "data_sample": {"price": 0.16764, "volume": 5.0}}}
{"timestamp": "2025-12-02T08:51:46.400845+00:00", "level": "WARNING", "module": "logger", "funcName": "_log", "lineno": 188, "event_type": "streaming_indicator_engine.data_anomalies_detected", "data": {"symbol": "ARIA_USDT", "timestamp": 1762076628.311, "anomalies": ["stale_timestamp: 1762076628.311 vs 1764665506.4008458"], "data_sample": {"price": 0.16761, "volume": 7.0}}}
{"timestamp": "2025-12-02T08:51:46.400845+00:00", "level": "WARNING", "module": "logger", "funcName": "_log", "lineno": 188, "event_type": "streaming_indicator_engine.data_anomalies_detected", "data": {"symbol": "ARIA_USDT", "timestamp": 1762076638.312999, "anomalies": ["stale_timestamp: 1762076638.312999 vs 1764665506.4008458"], "data_sample": {"price": 0.16763, "volume": 10.0}}}
{"timestamp": "2025-12-02T08:51:46.401845+00:00", "level": "WARNING", "module": "logger", "funcName": "_log", "lineno": 188, "event_type": "streaming_indicator_engine.data_anomalies_detected", "data": {"symbol": "ARIA_USDT", "timestamp": 1762076647.309999, "anomalies": ["stale_timestamp: 1762076647.309999 vs 1764665506.4018457"], "data_sample": {"price": 0.16762, "volume": 4.0}}}
{"timestamp": "2025-12-02T08:51:46.401845+00:00", "level": "WARNING", "module": "logger", "funcName": "_log", "lineno": 188, "event_type": "streaming_indicator_engine.data_anomalies_detected", "data": {"symbol": "ARIA_USDT", "timestamp": 1762076653.309999, "anomalies": ["stale_timestamp: 1762076653.309999 vs 1764665506.4018457"], "data_sample": {"price": 0.16761, "volume": 9.0}}}
{"timestamp": "2025-12-02T08:51:46.425918+00:00", "level": "WARNING", "module": "logger", "funcName": "_log", "lineno": 188, "event_type": "streaming_indicator_engine.data_anomalies_detected", "data": {"symbol": "ARIA_USDT", "timestamp": 1762076666.309999, "anomalies": ["stale_timestamp: 1762076666.309999 vs 1764665506.4248776"], "data_sample": {"price": 0.16763, "volume": 9.0}}}
{"timestamp": "2025-12-02T08:51:46.439420+00:00", "level": "WARNING", "module": "logger", "funcName": "_log", "lineno": 188, "event_type": "streaming_indicator_engine.data_anomalies_detected", "data": {"symbol": "ARIA_USDT", "timestamp": 1762076672.308999, "anomalies": ["stale_timestamp: 1762076672.308999 vs 1764665506.4394205"], "data_sample": {"price": 0.16762, "volume": 9.0}}}
{"timestamp": "2025-12-02T08:51:46.454800+00:00", "level": "WARNING", "module": "logger", "funcName": "_log", "lineno": 188, "event_type": "streaming_indicator_engine.data_anomalies_detected", "data": {"symbol": "ARIA_USDT", "timestamp": 1762076685.309999, "anomalies": ["stale_timestamp: 1762076685.309999 vs 1764665506.4548008"], "data_sample": {"price": 0.16732, "volume": 9.0}}}
{"timestamp": "2025-12-02T08:51:46.470346+00:00", "level": "WARNING", "module": "logger", "funcName": "_log", "lineno": 188, "event_type": "streaming_indicator_engine.data_anomalies_detected", "data": {"symbol": "ARIA_USDT", "timestamp": 1762076699.311, "anomalies": ["stale_timestamp: 1762076699.311 vs 1764665506.4703467"], "data_sample": {"price": 0.16737, "volume": 11.0}}}
{"timestamp": "2025-12-02T08:51:46.485798+00:00", "level": "WARNING", "module": "logger", "funcName": "_log", "lineno": 188, "event_type": "streaming_indicator_engine.data_anomalies_detected", "data": {"symbol": "ARIA_USDT", "timestamp": 1762076713.309999, "anomalies": ["stale_timestamp: 1762076713.309999 vs 1764665506.4857988"], "data_sample": {"price": 0.16735, "volume": 4.0}}}
{"timestamp": "2025-12-02T08:51:46.501105+00:00", "level": "WARNING", "module": "logger", "funcName": "_log", "lineno": 188, "event_type": "streaming_indicator_engine.data_anomalies_detected", "data": {"symbol": "ARIA_USDT", "timestamp": 1762076728.311, "anomalies": ["stale_timestamp: 1762076728.311 vs 1764665506.5011055"], "data_sample": {"price": 0.16739, "volume": 9.0}}}
{"timestamp": "2025-12-02T08:51:46.515932+00:00", "level": "WARNING", "module": "logger", "funcName": "_log", "lineno": 188, "event_type": "streaming_indicator_engine.data_anomalies_detected", "data": {"symbol": "ARIA_USDT", "timestamp": 1762076734.308999, "anomalies": ["stale_timestamp: 1762076734.308999 vs 1764665506.5159326"], "data_sample": {"price": 0.16744, "volume": 9.0}}}
{"timestamp": "2025-12-02T08:51:46.531662+00:00", "level": "WARNING", "module": "logger", "funcName": "_log", "lineno": 188, "event_type": "streaming_indicator_engine.data_anomalies_detected", "data": {"symbol": "ARIA_USDT", "timestamp": 1762076750.309999, "anomalies": ["stale_timestamp: 1762076750.309999 vs 1764665506.531663"], "data_sample": {"price": 0.16747, "volume": 10.0}}}
{"timestamp": "2025-12-02T08:51:46.547220+00:00", "level": "WARNING", "module": "logger", "funcName": "_log", "lineno": 188, "event_type": "streaming_indicator_engine.data_anomalies_detected", "data": {"symbol": "ARIA_USDT", "timestamp": 1762076759.311, "anomalies": ["stale_timestamp: 1762076759.311 vs 1764665506.5472207"], "data_sample": {"price": 0.16746, "volume": 10.0}}}
{"timestamp": "2025-12-02T08:51:46.561900+00:00", "level": "WARNING", "module": "logger", "funcName": "_log", "lineno": 188, "event_type": "streaming_indicator_engine.data_anomalies_detected", "data": {"symbol": "ARIA_USDT", "timestamp": 1762076767.309999, "anomalies": ["stale_timestamp: 1762076767.309999 vs 1764665506.5619004"], "data_sample": {"price": 0.16742, "volume": 8.0}}}
{"timestamp": "2025-12-02T08:51:46.576565+00:00", "level": "WARNING", "module": "logger", "funcName": "_log", "lineno": 188, "event_type": "streaming_indicator_engine.data_anomalies_detected", "data": {"symbol": "ARIA_USDT", "timestamp": 1762076783.312, "anomalies": ["stale_timestamp: 1762076783.312 vs 1764665506.5765653"], "data_sample": {"price": 0.16745, "volume": 8.0}}}
{"timestamp": "2025-12-02T08:51:46.592788+00:00", "level": "WARNING", "module": "logger", "funcName": "_log", "lineno": 188, "event_type": "streaming_indicator_engine.data_anomalies_detected", "data": {"symbol": "ARIA_USDT", "timestamp": 1762076789.309999, "anomalies": ["stale_timestamp: 1762076789.309999 vs 1764665506.5927885"], "data_sample": {"price": 0.16755, "volume": 9.0}}}
{"timestamp": "2025-12-02T08:51:46.609035+00:00", "level": "WARNING", "module": "logger", "funcName": "_log", "lineno": 188, "event_type": "streaming_indicator_engine.data_anomalies_detected", "data": {"symbol": "ARIA_USDT", "timestamp": 1762076803.311, "anomalies": ["stale_timestamp: 1762076803.311 vs 1764665506.6090357"], "data_sample": {"price": 0.16758, "volume": 10.0}}}
      Status: running, Ticks: 0, Signals: 0
{"timestamp": "2025-12-02T08:51:46.623232+00:00", "level": "WARNING", "module": "logger", "funcName": "_log", "lineno": 188, "event_type": "streaming_indicator_engine.data_anomalies_detected", "data": {"symbol": "ARIA_USDT", "timestamp": 1762076816.308999, "anomalies": ["stale_timestamp: 1762076816.308999 vs 1764665506.6232326"], "data_sample": {"price": 0.16762, "volume": 9.0}}}
{"timestamp": "2025-12-02T08:51:46.638247+00:00", "level": "WARNING", "module": "logger", "funcName": "_log", "lineno": 188, "event_type": "streaming_indicator_engine.data_anomalies_detected", "data": {"symbol": "ARIA_USDT", "timestamp": 1762076825.312999, "anomalies": ["stale_timestamp: 1762076825.312999 vs 1764665506.6382473"], "data_sample": {"price": 0.16751, "volume": 10.0}}}
{"timestamp": "2025-12-02T08:51:46.653492+00:00", "level": "WARNING", "module": "logger", "funcName": "_log", "lineno": 188, "event_type": "streaming_indicator_engine.data_anomalies_detected", "data": {"symbol": "ARIA_USDT", "timestamp": 1762076831.316999, "anomalies": ["stale_timestamp: 1762076831.316999 vs 1764665506.6534927"], "data_sample": {"price": 0.1674, "volume": 6.0}}}
{"timestamp": "2025-12-02T08:51:46.668432+00:00", "level": "WARNING", "module": "logger", "funcName": "_log", "lineno": 188, "event_type": "streaming_indicator_engine.data_anomalies_detected", "data": {"symbol": "ARIA_USDT", "timestamp": 1762076839.311, "anomalies": ["stale_timestamp: 1762076839.311 vs 1764665506.6684318"], "data_sample": {"price": 0.16741, "volume": 8.0}}}
{"timestamp": "2025-12-02T08:51:46.683660+00:00", "level": "WARNING", "module": "logger", "funcName": "_log", "lineno": 188, "event_type": "streaming_indicator_engine.data_anomalies_detected", "data": {"symbol": "ARIA_USDT", "timestamp": 1762076846.312, "anomalies": ["stale_timestamp: 1762076846.312 vs 1764665506.68366"], "data_sample": {"price": 0.1674, "volume": 6.0}}}
{"timestamp": "2025-12-02T08:51:46.698958+00:00", "level": "WARNING", "module": "logger", "funcName": "_log", "lineno": 188, "event_type": "streaming_indicator_engine.data_anomalies_detected", "data": {"symbol": "ARIA_USDT", "timestamp": 1762076859.309999, "anomalies": ["stale_timestamp: 1762076859.309999 vs 1764665506.6989586"], "data_sample": {"price": 0.16723, "volume": 5.0}}}
{"timestamp": "2025-12-02T08:51:46.713672+00:00", "level": "WARNING", "module": "logger", "funcName": "_log", "lineno": 188, "event_type": "streaming_indicator_engine.data_anomalies_detected", "data": {"symbol": "ARIA_USDT", "timestamp": 1762076870.309999, "anomalies": ["stale_timestamp: 1762076870.309999 vs 1764665506.7136722"], "data_sample": {"price": 0.16724, "volume": 9.0}}}
{"timestamp": "2025-12-02T08:51:46.729023+00:00", "level": "WARNING", "module": "logger", "funcName": "_log", "lineno": 188, "event_type": "streaming_indicator_engine.data_anomalies_detected", "data": {"symbol": "ARIA_USDT", "timestamp": 1762076878.309999, "anomalies": ["stale_timestamp: 1762076878.309999 vs 1764665506.728519"], "data_sample": {"price": 0.16731, "volume": 4.0}}}
{"timestamp": "2025-12-02T08:51:46.743978+00:00", "level": "WARNING", "module": "logger", "funcName": "_log", "lineno": 188, "event_type": "streaming_indicator_engine.data_anomalies_detected", "data": {"symbol": "ARIA_USDT", "timestamp": 1762076892.311, "anomalies": ["stale_timestamp: 1762076892.311 vs 1764665506.7439787"], "data_sample": {"price": 0.16728, "volume": 9.0}}}
{"timestamp": "2025-12-02T08:51:46.776662+00:00", "level": "WARNING", "module": "logger", "funcName": "_log", "lineno": 188, "event_type": "streaming_indicator_engine.data_anomalies_detected", "data": {"symbol": "ARIA_USDT", "timestamp": 1762076900.309999, "anomalies": ["stale_timestamp: 1762076900.309999 vs 1764665506.7752612"], "data_sample": {"price": 0.16731, "volume": 7.0}}}
{"timestamp": "2025-12-02T08:51:46.790773+00:00", "level": "WARNING", "module": "logger", "funcName": "_log", "lineno": 188, "event_type": "streaming_indicator_engine.data_anomalies_detected", "data": {"symbol": "ARIA_USDT", "timestamp": 1762076915.308999, "anomalies": ["stale_timestamp: 1762076915.308999 vs 1764665506.7907734"], "data_sample": {"price": 0.16729, "volume": 4.0}}}
{"timestamp": "2025-12-02T08:51:46.806549+00:00", "level": "WARNING", "module": "logger", "funcName": "_log", "lineno": 188, "event_type": "streaming_indicator_engine.data_anomalies_detected", "data": {"symbol": "ARIA_USDT", "timestamp": 1762076929.309999, "anomalies": ["stale_timestamp: 1762076929.309999 vs 1764665506.8065498"], "data_sample": {"price": 0.16725, "volume": 11.0}}}
{"timestamp": "2025-12-02T08:51:46.822652+00:00", "level": "WARNING", "module": "logger", "funcName": "_log", "lineno": 188, "event_type": "streaming_indicator_engine.data_anomalies_detected", "data": {"symbol": "ARIA_USDT", "timestamp": 1762076940.312999, "anomalies": ["stale_timestamp: 1762076940.312999 vs 1764665506.8226519"], "data_sample": {"price": 0.16733, "volume": 8.0}}}
{"timestamp": "2025-12-02T08:51:46.838735+00:00", "level": "WARNING", "module": "logger", "funcName": "_log", "lineno": 188, "event_type": "streaming_indicator_engine.data_anomalies_detected", "data": {"symbol": "ARIA_USDT", "timestamp": 1762076949.324999, "anomalies": ["stale_timestamp: 1762076949.324999 vs 1764665506.838215"], "data_sample": {"price": 0.1673, "volume": 8.0}}}
{"timestamp": "2025-12-02T08:51:46.854215+00:00", "level": "WARNING", "module": "logger", "funcName": "_log", "lineno": 188, "event_type": "streaming_indicator_engine.data_anomalies_detected", "data": {"symbol": "ARIA_USDT", "timestamp": 1762076965.316, "anomalies": ["stale_timestamp: 1762076965.316 vs 1764665506.8542154"], "data_sample": {"price": 0.16729, "volume": 4.0}}}
{"timestamp": "2025-12-02T08:51:46.869528+00:00", "level": "WARNING", "module": "logger", "funcName": "_log", "lineno": 188, "event_type": "streaming_indicator_engine.data_anomalies_detected", "data": {"symbol": "ARIA_USDT", "timestamp": 1762076978.312, "anomalies": ["stale_timestamp: 1762076978.312 vs 1764665506.8695288"], "data_sample": {"price": 0.1673, "volume": 9.0}}}
{"timestamp": "2025-12-02T08:51:46.884945+00:00", "level": "WARNING", "module": "logger", "funcName": "_log", "lineno": 188, "event_type": "streaming_indicator_engine.data_anomalies_detected", "data": {"symbol": "ARIA_USDT", "timestamp": 1762076990.315, "anomalies": ["stale_timestamp: 1762076990.315 vs 1764665506.8849459"], "data_sample": {"price": 0.16733, "volume": 10.0}}}
{"timestamp": "2025-12-02T08:51:46.899700+00:00", "level": "WARNING", "module": "logger", "funcName": "_log", "lineno": 188, "event_type": "streaming_indicator_engine.data_anomalies_detected", "data": {"symbol": "ARIA_USDT", "timestamp": 1762076997.315, "anomalies": ["stale_timestamp: 1762076997.315 vs 1764665506.8997004"], "data_sample": {"price": 0.16726, "volume": 12.0}}}
{"timestamp": "2025-12-02T08:51:46.915290+00:00", "level": "WARNING", "module": "logger", "funcName": "_log", "lineno": 188, "event_type": "streaming_indicator_engine.data_anomalies_detected", "data": {"symbol": "ARIA_USDT", "timestamp": 1762077007.309999, "anomalies": ["stale_timestamp: 1762077007.309999 vs 1764665506.9152906"], "data_sample": {"price": 0.16719, "volume": 4.0}}}
{"timestamp": "2025-12-02T08:51:46.930541+00:00", "level": "WARNING", "module": "logger", "funcName": "_log", "lineno": 188, "event_type": "streaming_indicator_engine.data_anomalies_detected", "data": {"symbol": "ARIA_USDT", "timestamp": 1762077018.309999, "anomalies": ["stale_timestamp: 1762077018.309999 vs 1764665506.930541"], "data_sample": {"price": 0.16722, "volume": 8.0}}}
{"timestamp": "2025-12-02T08:51:46.946067+00:00", "level": "WARNING", "module": "logger", "funcName": "_log", "lineno": 188, "event_type": "streaming_indicator_engine.data_anomalies_detected", "data": {"symbol": "ARIA_USDT", "timestamp": 1762077025.309999, "anomalies": ["stale_timestamp: 1762077025.309999 vs 1764665506.946067"], "data_sample": {"price": 0.16726, "volume": 5.0}}}
{"timestamp": "2025-12-02T08:51:46.962014+00:00", "level": "WARNING", "module": "logger", "funcName": "_log", "lineno": 188, "event_type": "streaming_indicator_engine.data_anomalies_detected", "data": {"symbol": "ARIA_USDT", "timestamp": 1762077033.311, "anomalies": ["stale_timestamp: 1762077033.311 vs 1764665506.9620147"], "data_sample": {"price": 0.16725, "volume": 4.0}}}
{"timestamp": "2025-12-02T08:51:46.976893+00:00", "level": "WARNING", "module": "logger", "funcName": "_log", "lineno": 188, "event_type": "streaming_indicator_engine.data_anomalies_detected", "data": {"symbol": "ARIA_USDT", "timestamp": 1762077042.309999, "anomalies": ["stale_timestamp: 1762077042.309999 vs 1764665506.9768932"], "data_sample": {"price": 0.16724, "volume": 4.0}}}
{"timestamp": "2025-12-02T08:51:46.993694+00:00", "level": "WARNING", "module": "logger", "funcName": "_log", "lineno": 188, "event_type": "streaming_indicator_engine.data_anomalies_detected", "data": {"symbol": "ARIA_USDT", "timestamp": 1762077051.309999, "anomalies": ["stale_timestamp: 1762077051.309999 vs 1764665506.9936943"], "data_sample": {"price": 0.16725, "volume": 4.0}}}
{"timestamp": "2025-12-02T08:51:47.008709+00:00", "level": "WARNING", "module": "logger", "funcName": "_log", "lineno": 188, "event_type": "streaming_indicator_engine.data_anomalies_detected", "data": {"symbol": "ARIA_USDT", "timestamp": 1762077057.312999, "anomalies": ["stale_timestamp: 1762077057.312999 vs 1764665507.008199"], "data_sample": {"price": 0.16726, "volume": 3.0}}}
{"timestamp": "2025-12-02T08:51:47.024627+00:00", "level": "WARNING", "module": "logger", "funcName": "_log", "lineno": 188, "event_type": "streaming_indicator_engine.data_anomalies_detected", "data": {"symbol": "ARIA_USDT", "timestamp": 1762077067.316999, "anomalies": ["stale_timestamp: 1762077067.316999 vs 1764665507.0236151"], "data_sample": {"price": 0.16725, "volume": 8.0}}}
{"timestamp": "2025-12-02T08:51:47.038507+00:00", "level": "WARNING", "module": "logger", "funcName": "_log", "lineno": 188, "event_type": "streaming_indicator_engine.data_anomalies_detected", "data": {"symbol": "ARIA_USDT", "timestamp": 1762077081.308, "anomalies": ["stale_timestamp: 1762077081.308 vs 1764665507.0385075"], "data_sample": {"price": 0.16714, "volume": 6.0}}}
{"timestamp": "2025-12-02T08:51:47.054028+00:00", "level": "WARNING", "module": "logger", "funcName": "_log", "lineno": 188, "event_type": "streaming_indicator_engine.data_anomalies_detected", "data": {"symbol": "ARIA_USDT", "timestamp": 1762077089.311, "anomalies": ["stale_timestamp: 1762077089.311 vs 1764665507.054028"], "data_sample": {"price": 0.16711, "volume": 4.0}}}
{"timestamp": "2025-12-02T08:51:47.055030+00:00", "level": "WARNING", "module": "logger", "funcName": "_log", "lineno": 188, "event_type": "streaming_indicator_engine.data_anomalies_detected", "data": {"symbol": "ARIA_USDT", "timestamp": 1762077098.311, "anomalies": ["stale_timestamp: 1762077098.311 vs 1764665507.0550308"], "data_sample": {"price": 0.16702, "volume": 4.0}}}
{"timestamp": "2025-12-02T08:51:47.057050+00:00", "level": "WARNING", "module": "logger", "funcName": "_log", "lineno": 188, "event_type": "streaming_indicator_engine.data_anomalies_detected", "data": {"symbol": "ARIA_USDT", "timestamp": 1762077107.335, "anomalies": ["stale_timestamp: 1762077107.335 vs 1764665507.0560286"], "data_sample": {"price": 0.167, "volume": 26.0}}}
{"timestamp": "2025-12-02T08:51:47.057050+00:00", "level": "WARNING", "module": "logger", "funcName": "_log", "lineno": 188, "event_type": "streaming_indicator_engine.data_anomalies_detected", "data": {"symbol": "ARIA_USDT", "timestamp": 1762077121.309999, "anomalies": ["stale_timestamp: 1762077121.309999 vs 1764665507.0570502"], "data_sample": {"price": 0.16704, "volume": 8.0}}}
{"timestamp": "2025-12-02T08:51:47.084187+00:00", "level": "WARNING", "module": "logger", "funcName": "_log", "lineno": 188, "event_type": "streaming_indicator_engine.data_anomalies_detected", "data": {"symbol": "ARIA_USDT", "timestamp": 1762077123.420999, "anomalies": ["stale_timestamp: 1762077123.420999 vs 1764665507.084188"], "data_sample": {"price": 0.167, "volume": 59.0}}}
{"timestamp": "2025-12-02T08:51:47.099632+00:00", "level": "WARNING", "module": "logger", "funcName": "_log", "lineno": 188, "event_type": "streaming_indicator_engine.data_anomalies_detected", "data": {"symbol": "ARIA_USDT", "timestamp": 1762077139.311, "anomalies": ["stale_timestamp: 1762077139.311 vs 1764665507.099632"], "data_sample": {"price": 0.16703, "volume": 5.0}}}
{"timestamp": "2025-12-02T08:51:47.115348+00:00", "level": "WARNING", "module": "logger", "funcName": "_log", "lineno": 188, "event_type": "streaming_indicator_engine.data_anomalies_detected", "data": {"symbol": "ARIA_USDT", "timestamp": 1762077152.308999, "anomalies": ["stale_timestamp: 1762077152.308999 vs 1764665507.1153486"], "data_sample": {"price": 0.16708, "volume": 9.0}}}
{"timestamp": "2025-12-02T08:51:47.131241+00:00", "level": "WARNING", "module": "logger", "funcName": "_log", "lineno": 188, "event_type": "streaming_indicator_engine.data_anomalies_detected", "data": {"symbol": "ARIA_USDT", "timestamp": 1762077163.309999, "anomalies": ["stale_timestamp: 1762077163.309999 vs 1764665507.1312416"], "data_sample": {"price": 0.16713, "volume": 11.0}}}
{"timestamp": "2025-12-02T08:51:47.147438+00:00", "level": "WARNING", "module": "logger", "funcName": "_log", "lineno": 188, "event_type": "streaming_indicator_engine.data_anomalies_detected", "data": {"symbol": "ARIA_USDT", "timestamp": 1762077172.309999, "anomalies": ["stale_timestamp: 1762077172.309999 vs 1764665507.1474385"], "data_sample": {"price": 0.16706, "volume": 12.0}}}
{"timestamp": "2025-12-02T08:51:47.162674+00:00", "level": "WARNING", "module": "logger", "funcName": "_log", "lineno": 188, "event_type": "streaming_indicator_engine.data_anomalies_detected", "data": {"symbol": "ARIA_USDT", "timestamp": 1762077187.312999, "anomalies": ["stale_timestamp: 1762077187.312999 vs 1764665507.1626742"], "data_sample": {"price": 0.16705, "volume": 4.0}}}
{"timestamp": "2025-12-02T08:51:47.178869+00:00", "level": "WARNING", "module": "logger", "funcName": "_log", "lineno": 188, "event_type": "streaming_indicator_engine.data_anomalies_detected", "data": {"symbol": "ARIA_USDT", "timestamp": 1762077203.309999, "anomalies": ["stale_timestamp: 1762077203.309999 vs 1764665507.1783633"], "data_sample": {"price": 0.16703, "volume": 6.0}}}
{"timestamp": "2025-12-02T08:51:47.194170+00:00", "level": "WARNING", "module": "logger", "funcName": "_log", "lineno": 188, "event_type": "streaming_indicator_engine.data_anomalies_detected", "data": {"symbol": "ARIA_USDT", "timestamp": 1762077211.312, "anomalies": ["stale_timestamp: 1762077211.312 vs 1764665507.194171"], "data_sample": {"price": 0.16707, "volume": 9.0}}}
{"timestamp": "2025-12-02T08:51:47.209903+00:00", "level": "WARNING", "module": "logger", "funcName": "_log", "lineno": 188, "event_type": "streaming_indicator_engine.data_anomalies_detected", "data": {"symbol": "ARIA_USDT", "timestamp": 1762077227.312999, "anomalies": ["stale_timestamp: 1762077227.312999 vs 1764665507.2099037"], "data_sample": {"price": 0.16704, "volume": 4.0}}}
{"timestamp": "2025-12-02T08:51:47.225312+00:00", "level": "WARNING", "module": "logger", "funcName": "_log", "lineno": 188, "event_type": "streaming_indicator_engine.data_anomalies_detected", "data": {"symbol": "ARIA_USDT", "timestamp": 1762077234.308999, "anomalies": ["stale_timestamp: 1762077234.308999 vs 1764665507.225313"], "data_sample": {"price": 0.16708, "volume": 8.0}}}
{"timestamp": "2025-12-02T08:51:47.240301+00:00", "level": "WARNING", "module": "logger", "funcName": "_log", "lineno": 188, "event_type": "streaming_indicator_engine.data_anomalies_detected", "data": {"symbol": "ARIA_USDT", "timestamp": 1762077247.312999, "anomalies": ["stale_timestamp: 1762077247.312999 vs 1764665507.2403014"], "data_sample": {"price": 0.16705, "volume": 7.0}}}
{"timestamp": "2025-12-02T08:51:47.256000+00:00", "level": "WARNING", "module": "logger", "funcName": "_log", "lineno": 188, "event_type": "streaming_indicator_engine.data_anomalies_detected", "data": {"symbol": "ARIA_USDT", "timestamp": 1762077263.309999, "anomalies": ["stale_timestamp: 1762077263.309999 vs 1764665507.2560003"], "data_sample": {"price": 0.16704, "volume": 7.0}}}
{"timestamp": "2025-12-02T08:51:47.270907+00:00", "level": "WARNING", "module": "logger", "funcName": "_log", "lineno": 188, "event_type": "streaming_indicator_engine.data_anomalies_detected", "data": {"symbol": "ARIA_USDT", "timestamp": 1762077274.309999, "anomalies": ["stale_timestamp: 1762077274.309999 vs 1764665507.2709079"], "data_sample": {"price": 0.16709, "volume": 4.0}}}
{"timestamp": "2025-12-02T08:51:47.286499+00:00", "level": "WARNING", "module": "logger", "funcName": "_log", "lineno": 188, "event_type": "streaming_indicator_engine.data_anomalies_detected", "data": {"symbol": "ARIA_USDT", "timestamp": 1762077281.311, "anomalies": ["stale_timestamp: 1762077281.311 vs 1764665507.2864997"], "data_sample": {"price": 0.16713, "volume": 12.0}}}
{"timestamp": "2025-12-02T08:51:47.301606+00:00", "level": "WARNING", "module": "logger", "funcName": "_log", "lineno": 188, "event_type": "streaming_indicator_engine.data_anomalies_detected", "data": {"symbol": "ARIA_USDT", "timestamp": 1762077290.312, "anomalies": ["stale_timestamp: 1762077290.312 vs 1764665507.3016067"], "data_sample": {"price": 0.16709, "volume": 8.0}}}
{"timestamp": "2025-12-02T08:51:47.317514+00:00", "level": "WARNING", "module": "logger", "funcName": "_log", "lineno": 188, "event_type": "streaming_indicator_engine.data_anomalies_detected", "data": {"symbol": "ARIA_USDT", "timestamp": 1762077299.312, "anomalies": ["stale_timestamp: 1762077299.312 vs 1764665507.3175142"], "data_sample": {"price": 0.16706, "volume": 8.0}}}
{"timestamp": "2025-12-02T08:51:47.333412+00:00", "level": "WARNING", "module": "logger", "funcName": "_log", "lineno": 188, "event_type": "streaming_indicator_engine.data_anomalies_detected", "data": {"symbol": "ARIA_USDT", "timestamp": 1762077309.309999, "anomalies": ["stale_timestamp: 1762077309.309999 vs 1764665507.3334126"], "data_sample": {"price": 0.16705, "volume": 6.0}}}
{"timestamp": "2025-12-02T08:51:47.349379+00:00", "level": "WARNING", "module": "logger", "funcName": "_log", "lineno": 188, "event_type": "streaming_indicator_engine.data_anomalies_detected", "data": {"symbol": "ARIA_USDT", "timestamp": 1762077318.312, "anomalies": ["stale_timestamp: 1762077318.312 vs 1764665507.3493795"], "data_sample": {"price": 0.16706, "volume": 9.0}}}
{"timestamp": "2025-12-02T08:51:47.364406+00:00", "level": "WARNING", "module": "logger", "funcName": "_log", "lineno": 188, "event_type": "streaming_indicator_engine.data_anomalies_detected", "data": {"symbol": "ARIA_USDT", "timestamp": 1762077324.309999, "anomalies": ["stale_timestamp: 1762077324.309999 vs 1764665507.3644063"], "data_sample": {"price": 0.1671, "volume": 5.0}}}
{"timestamp": "2025-12-02T08:51:47.367498+00:00", "level": "INFO", "module": "logger", "funcName": "_log", "lineno": 188, "event_type": "strategy_manager.indicator_update_received", "data": {"symbol": "ARIA_USDT", "indicator_name": "11b8be00-eed3-48fe-b359-df47b297226c_20", "indicator_type": "", "value": -0.0004389473749404454, "active_strategies_for_symbol": true, "active_count": 3}}
{"timestamp": "2025-12-02T08:51:47.368495+00:00", "level": "WARNING", "module": "logger", "funcName": "_log", "lineno": 188, "event_type": "streaming_indicator_engine.data_anomalies_detected", "data": {"symbol": "ARIA_USDT", "timestamp": 1762077335.309999, "anomalies": ["stale_timestamp: 1762077335.309999 vs 1764665507.368495"], "data_sample": {"price": 0.16709, "volume": 4.0}}}
{"timestamp": "2025-12-02T08:51:47.369602+00:00", "level": "WARNING", "module": "logger", "funcName": "_log", "lineno": 188, "event_type": "streaming_indicator_engine.data_anomalies_detected", "data": {"symbol": "ARIA_USDT", "timestamp": 1762077351.309999, "anomalies": ["stale_timestamp: 1762077351.309999 vs 1764665507.3696024"], "data_sample": {"price": 0.1671, "volume": 3.0}}}
{"timestamp": "2025-12-02T08:51:47.369602+00:00", "level": "WARNING", "module": "logger", "funcName": "_log", "lineno": 188, "event_type": "streaming_indicator_engine.data_anomalies_detected", "data": {"symbol": "ARIA_USDT", "timestamp": 1762077362.309999, "anomalies": ["stale_timestamp: 1762077362.309999 vs 1764665507.3696024"], "data_sample": {"price": 0.16716, "volume": 5.0}}}
{"timestamp": "2025-12-02T08:51:47.369602+00:00", "level": "WARNING", "module": "logger", "funcName": "_log", "lineno": 188, "event_type": "streaming_indicator_engine.data_anomalies_detected", "data": {"symbol": "ARIA_USDT", "timestamp": 1762077376.309999, "anomalies": ["stale_timestamp: 1762077376.309999 vs 1764665507.3696024"], "data_sample": {"price": 0.16724, "volume": 11.0}}}
{"timestamp": "2025-12-02T08:51:47.370692+00:00", "level": "WARNING", "module": "logger", "funcName": "_log", "lineno": 188, "event_type": "streaming_indicator_engine.data_anomalies_detected", "data": {"symbol": "ARIA_USDT", "timestamp": 1762077387.309999, "anomalies": ["stale_timestamp: 1762077387.309999 vs 1764665507.370693"], "data_sample": {"price": 0.16726, "volume": 11.0}}}
{"timestamp": "2025-12-02T08:51:47.370692+00:00", "level": "INFO", "module": "logger", "funcName": "_log", "lineno": 188, "event_type": "strategy_manager.indicator_update_received", "data": {"symbol": "ARIA_USDT", "indicator_name": "11b8be00-eed3-48fe-b359-df47b297226c_20", "indicator_type": "", "value": -0.0004389473749404454, "active_strategies_for_symbol": true, "active_count": 3}}
{"timestamp": "2025-12-02T08:51:47.371610+00:00", "level": "WARNING", "module": "logger", "funcName": "_log", "lineno": 188, "event_type": "streaming_indicator_engine.data_anomalies_detected", "data": {"symbol": "ARIA_USDT", "timestamp": 1762077395.309999, "anomalies": ["stale_timestamp: 1762077395.309999 vs 1764665507.3716102"], "data_sample": {"price": 0.16728, "volume": 3.0}}}
{"timestamp": "2025-12-02T08:51:47.372600+00:00", "level": "WARNING", "module": "logger", "funcName": "_log", "lineno": 188, "event_type": "streaming_indicator_engine.data_anomalies_detected", "data": {"symbol": "ARIA_USDT", "timestamp": 1762077402.309999, "anomalies": ["stale_timestamp: 1762077402.309999 vs 1764665507.3726008"], "data_sample": {"price": 0.1673, "volume": 10.0}}}
{"timestamp": "2025-12-02T08:51:47.372600+00:00", "level": "WARNING", "module": "logger", "funcName": "_log", "lineno": 188, "event_type": "streaming_indicator_engine.data_anomalies_detected", "data": {"symbol": "ARIA_USDT", "timestamp": 1762077412.311, "anomalies": ["stale_timestamp: 1762077412.311 vs 1764665507.3726008"], "data_sample": {"price": 0.16729, "volume": 7.0}}}
{"timestamp": "2025-12-02T08:51:47.373600+00:00", "level": "WARNING", "module": "logger", "funcName": "_log", "lineno": 188, "event_type": "streaming_indicator_engine.data_anomalies_detected", "data": {"symbol": "ARIA_USDT", "timestamp": 1762077421.309999, "anomalies": ["stale_timestamp: 1762077421.309999 vs 1764665507.3736005"], "data_sample": {"price": 0.16727, "volume": 4.0}}}
{"timestamp": "2025-12-02T08:51:47.378247+00:00", "level": "INFO", "module": "logger", "funcName": "_log", "lineno": 188, "event_type": "strategy_manager.indicator_update_received", "data": {"symbol": "ARIA_USDT", "indicator_name": "790d8eed-dc95-43ff-b625-1205d256154b_20", "indicator_type": "", "value": 0.0013506874143189638, "active_strategies_for_symbol": true, "active_count": 3}}
{"timestamp": "2025-12-02T08:51:47.378247+00:00", "level": "INFO", "module": "logger", "funcName": "_log", "lineno": 188, "event_type": "strategy_manager.indicator_update_received", "data": {"symbol": "ARIA_USDT", "indicator_name": "790d8eed-dc95-43ff-b625-1205d256154b_20", "indicator_type": "", "value": 0.0013506874143189638, "active_strategies_for_symbol": true, "active_count": 3}}
{"timestamp": "2025-12-02T08:51:47.383451+00:00", "level": "WARNING", "module": "logger", "funcName": "_log", "lineno": 188, "event_type": "streaming_indicator_engine.data_anomalies_detected", "data": {"symbol": "ARIA_USDT", "timestamp": 1762076372.312999, "anomalies": ["stale_timestamp: 1762076372.312999 vs 1764665507.3834515"], "data_sample": {"price": 0.1671, "volume": 3.0}}}
{"timestamp": "2025-12-02T08:51:47.411511+00:00", "level": "WARNING", "module": "logger", "funcName": "_log", "lineno": 188, "event_type": "streaming_indicator_engine.data_anomalies_detected", "data": {"symbol": "ARIA_USDT", "timestamp": 1762076381.309999, "anomalies": ["stale_timestamp: 1762076381.309999 vs 1764665507.411512"], "data_sample": {"price": 0.16715, "volume": 8.0}}}
{"timestamp": "2025-12-02T08:51:47.424869+00:00", "level": "WARNING", "module": "logger", "funcName": "_log", "lineno": 188, "event_type": "streaming_indicator_engine.data_anomalies_detected", "data": {"symbol": "ARIA_USDT", "timestamp": 1762076388.311, "anomalies": ["stale_timestamp: 1762076388.311 vs 1764665507.424869"], "data_sample": {"price": 0.16714, "volume": 9.0}}}
{"timestamp": "2025-12-02T08:51:47.440202+00:00", "level": "WARNING", "module": "logger", "funcName": "_log", "lineno": 188, "event_type": "streaming_indicator_engine.data_anomalies_detected", "data": {"symbol": "ARIA_USDT", "timestamp": 1762076401.309999, "anomalies": ["stale_timestamp: 1762076401.309999 vs 1764665507.4402027"], "data_sample": {"price": 0.16717, "volume": 7.0}}}
{"timestamp": "2025-12-02T08:51:47.455354+00:00", "level": "WARNING", "module": "logger", "funcName": "_log", "lineno": 188, "event_type": "streaming_indicator_engine.data_anomalies_detected", "data": {"symbol": "ARIA_USDT", "timestamp": 1762076408.312, "anomalies": ["stale_timestamp: 1762076408.312 vs 1764665507.4553547"], "data_sample": {"price": 0.16713, "volume": 3.0}}}
{"timestamp": "2025-12-02T08:51:47.471264+00:00", "level": "WARNING", "module": "logger", "funcName": "_log", "lineno": 188, "event_type": "streaming_indicator_engine.data_anomalies_detected", "data": {"symbol": "ARIA_USDT", "timestamp": 1762076417.311, "anomalies": ["stale_timestamp: 1762076417.311 vs 1764665507.4712646"], "data_sample": {"price": 0.16708, "volume": 3.0}}}
{"timestamp": "2025-12-02T08:51:47.486938+00:00", "level": "WARNING", "module": "logger", "funcName": "_log", "lineno": 188, "event_type": "streaming_indicator_engine.data_anomalies_detected", "data": {"symbol": "ARIA_USDT", "timestamp": 1762076427.308999, "anomalies": ["stale_timestamp: 1762076427.308999 vs 1764665507.486938"], "data_sample": {"price": 0.16707, "volume": 12.0}}}
{"timestamp": "2025-12-02T08:51:47.502230+00:00", "level": "WARNING", "module": "logger", "funcName": "_log", "lineno": 188, "event_type": "streaming_indicator_engine.data_anomalies_detected", "data": {"symbol": "ARIA_USDT", "timestamp": 1762076435.309999, "anomalies": ["stale_timestamp: 1762076435.309999 vs 1764665507.502231"], "data_sample": {"price": 0.1671, "volume": 4.0}}}
{"timestamp": "2025-12-02T08:51:47.518310+00:00", "level": "WARNING", "module": "logger", "funcName": "_log", "lineno": 188, "event_type": "streaming_indicator_engine.data_anomalies_detected", "data": {"symbol": "ARIA_USDT", "timestamp": 1762076447.309999, "anomalies": ["stale_timestamp: 1762076447.309999 vs 1764665507.5183105"], "data_sample": {"price": 0.16708, "volume": 9.0}}}
{"timestamp": "2025-12-02T08:51:47.533279+00:00", "level": "WARNING", "module": "logger", "funcName": "_log", "lineno": 188, "event_type": "streaming_indicator_engine.data_anomalies_detected", "data": {"symbol": "ARIA_USDT", "timestamp": 1762076462.309999, "anomalies": ["stale_timestamp: 1762076462.309999 vs 1764665507.5332797"], "data_sample": {"price": 0.16726, "volume": 10.0}}}
{"timestamp": "2025-12-02T08:51:47.548292+00:00", "level": "WARNING", "module": "logger", "funcName": "_log", "lineno": 188, "event_type": "streaming_indicator_engine.data_anomalies_detected", "data": {"symbol": "ARIA_USDT", "timestamp": 1762076476.308999, "anomalies": ["stale_timestamp: 1762076476.308999 vs 1764665507.5482924"], "data_sample": {"price": 0.16745, "volume": 9.0}}}
{"timestamp": "2025-12-02T08:51:47.563858+00:00", "level": "WARNING", "module": "logger", "funcName": "_log", "lineno": 188, "event_type": "streaming_indicator_engine.data_anomalies_detected", "data": {"symbol": "ARIA_USDT", "timestamp": 1762076490.311, "anomalies": ["stale_timestamp: 1762076490.311 vs 1764665507.5638583"], "data_sample": {"price": 0.16766, "volume": 7.0}}}
{"timestamp": "2025-12-02T08:51:47.579191+00:00", "level": "WARNING", "module": "logger", "funcName": "_log", "lineno": 188, "event_type": "streaming_indicator_engine.data_anomalies_detected", "data": {"symbol": "ARIA_USDT", "timestamp": 1762076501.311, "anomalies": ["stale_timestamp: 1762076501.311 vs 1764665507.579192"], "data_sample": {"price": 0.16763, "volume": 5.0}}}
{"timestamp": "2025-12-02T08:51:47.594714+00:00", "level": "WARNING", "module": "logger", "funcName": "_log", "lineno": 188, "event_type": "streaming_indicator_engine.data_anomalies_detected", "data": {"symbol": "ARIA_USDT", "timestamp": 1762076514.408999, "anomalies": ["stale_timestamp: 1762076514.408999 vs 1764665507.5947144"], "data_sample": {"price": 0.16766, "volume": 10.0}}}
{"timestamp": "2025-12-02T08:51:47.611300+00:00", "level": "WARNING", "module": "logger", "funcName": "_log", "lineno": 188, "event_type": "streaming_indicator_engine.data_anomalies_detected", "data": {"symbol": "ARIA_USDT", "timestamp": 1762076520.311, "anomalies": ["stale_timestamp: 1762076520.311 vs 1764665507.6113007"], "data_sample": {"price": 0.1677, "volume": 9.0}}}
{"timestamp": "2025-12-02T08:51:47.613386+00:00", "level": "INFO", "module": "logger", "funcName": "_log", "lineno": 188, "event_type": "strategy_manager.indicator_update_received", "data": {"symbol": "ARIA_USDT", "indicator_name": "611fad91-045d-408b-8822-f43428935033_20", "indicator_type": "", "value": 0.004646629878264456, "active_strategies_for_symbol": true, "active_count": 3}}
{"timestamp": "2025-12-02T08:51:47.614389+00:00", "level": "WARNING", "module": "logger", "funcName": "_log", "lineno": 188, "event_type": "streaming_indicator_engine.data_anomalies_detected", "data": {"symbol": "ARIA_USDT", "timestamp": 1762076531.311, "anomalies": ["stale_timestamp: 1762076531.311 vs 1764665507.6143892"], "data_sample": {"price": 0.16778, "volume": 10.0}}}
{"timestamp": "2025-12-02T08:51:47.615385+00:00", "level": "WARNING", "module": "logger", "funcName": "_log", "lineno": 188, "event_type": "streaming_indicator_engine.data_anomalies_detected", "data": {"symbol": "ARIA_USDT", "timestamp": 1762076537.311, "anomalies": ["stale_timestamp: 1762076537.311 vs 1764665507.6143892"], "data_sample": {"price": 0.16777, "volume": 10.0}}}
{"timestamp": "2025-12-02T08:51:47.615385+00:00", "level": "WARNING", "module": "logger", "funcName": "_log", "lineno": 188, "event_type": "streaming_indicator_engine.data_anomalies_detected", "data": {"symbol": "ARIA_USDT", "timestamp": 1762076543.312, "anomalies": ["stale_timestamp: 1762076543.312 vs 1764665507.6153853"], "data_sample": {"price": 0.16765, "volume": 8.0}}}
{"timestamp": "2025-12-02T08:51:47.615385+00:00", "level": "WARNING", "module": "logger", "funcName": "_log", "lineno": 188, "event_type": "streaming_indicator_engine.data_anomalies_detected", "data": {"symbol": "ARIA_USDT", "timestamp": 1762076551.311, "anomalies": ["stale_timestamp: 1762076551.311 vs 1764665507.6153853"], "data_sample": {"price": 0.16776, "volume": 7.0}}}
{"timestamp": "2025-12-02T08:51:47.616389+00:00", "level": "WARNING", "module": "logger", "funcName": "_log", "lineno": 188, "event_type": "streaming_indicator_engine.data_anomalies_detected", "data": {"symbol": "ARIA_USDT", "timestamp": 1762076567.313999, "anomalies": ["stale_timestamp: 1762076567.313999 vs 1764665507.6163895"], "data_sample": {"price": 0.16779, "volume": 4.0}}}
{"timestamp": "2025-12-02T08:51:47.616389+00:00", "level": "INFO", "module": "logger", "funcName": "_log", "lineno": 188, "event_type": "strategy_manager.indicator_update_received", "data": {"symbol": "ARIA_USDT", "indicator_name": "611fad91-045d-408b-8822-f43428935033_20", "indicator_type": "", "value": 0.004646629878264456, "active_strategies_for_symbol": true, "active_count": 3}}
{"timestamp": "2025-12-02T08:51:47.617300+00:00", "level": "WARNING", "module": "logger", "funcName": "_log", "lineno": 188, "event_type": "streaming_indicator_engine.data_anomalies_detected", "data": {"symbol": "ARIA_USDT", "timestamp": 1762076582.312999, "anomalies": ["stale_timestamp: 1762076582.312999 vs 1764665507.6173003"], "data_sample": {"price": 0.16774, "volume": 4.0}}}
{"timestamp": "2025-12-02T08:51:47.617300+00:00", "level": "WARNING", "module": "logger", "funcName": "_log", "lineno": 188, "event_type": "streaming_indicator_engine.data_anomalies_detected", "data": {"symbol": "ARIA_USDT", "timestamp": 1762076595.309999, "anomalies": ["stale_timestamp: 1762076595.309999 vs 1764665507.6173003"], "data_sample": {"price": 0.16776, "volume": 10.0}}}
{"timestamp": "2025-12-02T08:51:47.618385+00:00", "level": "WARNING", "module": "logger", "funcName": "_log", "lineno": 188, "event_type": "streaming_indicator_engine.data_anomalies_detected", "data": {"symbol": "ARIA_USDT", "timestamp": 1762076606.309999, "anomalies": ["stale_timestamp: 1762076606.309999 vs 1764665507.6183856"], "data_sample": {"price": 0.16772, "volume": 9.0}}}
{"timestamp": "2025-12-02T08:51:47.619032+00:00", "level": "WARNING", "module": "logger", "funcName": "_log", "lineno": 188, "event_type": "streaming_indicator_engine.data_anomalies_detected", "data": {"symbol": "ARIA_USDT", "timestamp": 1762076620.309999, "anomalies": ["stale_timestamp: 1762076620.309999 vs 1764665507.6190329"], "data_sample": {"price": 0.16764, "volume": 5.0}}}
{"timestamp": "2025-12-02T08:51:47.619032+00:00", "level": "WARNING", "module": "logger", "funcName": "_log", "lineno": 188, "event_type": "streaming_indicator_engine.data_anomalies_detected", "data": {"symbol": "ARIA_USDT", "timestamp": 1762076628.311, "anomalies": ["stale_timestamp: 1762076628.311 vs 1764665507.6190329"], "data_sample": {"price": 0.16761, "volume": 7.0}}}
{"timestamp": "2025-12-02T08:51:47.620034+00:00", "level": "WARNING", "module": "logger", "funcName": "_log", "lineno": 188, "event_type": "streaming_indicator_engine.data_anomalies_detected", "data": {"symbol": "ARIA_USDT", "timestamp": 1762076638.312999, "anomalies": ["stale_timestamp: 1762076638.312999 vs 1764665507.6200342"], "data_sample": {"price": 0.16763, "volume": 10.0}}}
{"timestamp": "2025-12-02T08:51:47.620034+00:00", "level": "WARNING", "module": "logger", "funcName": "_log", "lineno": 188, "event_type": "streaming_indicator_engine.data_anomalies_detected", "data": {"symbol": "ARIA_USDT", "timestamp": 1762076647.309999, "anomalies": ["stale_timestamp: 1762076647.309999 vs 1764665507.6200342"], "data_sample": {"price": 0.16762, "volume": 4.0}}}
{"timestamp": "2025-12-02T08:51:47.640853+00:00", "level": "WARNING", "module": "logger", "funcName": "_log", "lineno": 188, "event_type": "streaming_indicator_engine.data_anomalies_detected", "data": {"symbol": "ARIA_USDT", "timestamp": 1762076653.309999, "anomalies": ["stale_timestamp: 1762076653.309999 vs 1764665507.6408534"], "data_sample": {"price": 0.16761, "volume": 9.0}}}
{"timestamp": "2025-12-02T08:51:47.656368+00:00", "level": "WARNING", "module": "logger", "funcName": "_log", "lineno": 188, "event_type": "streaming_indicator_engine.data_anomalies_detected", "data": {"symbol": "ARIA_USDT", "timestamp": 1762076666.309999, "anomalies": ["stale_timestamp: 1762076666.309999 vs 1764665507.6563685"], "data_sample": {"price": 0.16763, "volume": 9.0}}}
{"timestamp": "2025-12-02T08:51:47.671909+00:00", "level": "WARNING", "module": "logger", "funcName": "_log", "lineno": 188, "event_type": "streaming_indicator_engine.data_anomalies_detected", "data": {"symbol": "ARIA_USDT", "timestamp": 1762076672.308999, "anomalies": ["stale_timestamp: 1762076672.308999 vs 1764665507.671909"], "data_sample": {"price": 0.16762, "volume": 9.0}}}
{"timestamp": "2025-12-02T08:51:47.687547+00:00", "level": "WARNING", "module": "logger", "funcName": "_log", "lineno": 188, "event_type": "streaming_indicator_engine.data_anomalies_detected", "data": {"symbol": "ARIA_USDT", "timestamp": 1762076685.309999, "anomalies": ["stale_timestamp: 1762076685.309999 vs 1764665507.6875474"], "data_sample": {"price": 0.16732, "volume": 9.0}}}
{"timestamp": "2025-12-02T08:51:47.702707+00:00", "level": "WARNING", "module": "logger", "funcName": "_log", "lineno": 188, "event_type": "streaming_indicator_engine.data_anomalies_detected", "data": {"symbol": "ARIA_USDT", "timestamp": 1762076699.311, "anomalies": ["stale_timestamp: 1762076699.311 vs 1764665507.7027078"], "data_sample": {"price": 0.16737, "volume": 11.0}}}
{"timestamp": "2025-12-02T08:51:47.718548+00:00", "level": "WARNING", "module": "logger", "funcName": "_log", "lineno": 188, "event_type": "streaming_indicator_engine.data_anomalies_detected", "data": {"symbol": "ARIA_USDT", "timestamp": 1762076713.309999, "anomalies": ["stale_timestamp: 1762076713.309999 vs 1764665507.718549"], "data_sample": {"price": 0.16735, "volume": 4.0}}}
{"timestamp": "2025-12-02T08:51:47.733869+00:00", "level": "WARNING", "module": "logger", "funcName": "_log", "lineno": 188, "event_type": "streaming_indicator_engine.data_anomalies_detected", "data": {"symbol": "ARIA_USDT", "timestamp": 1762076728.311, "anomalies": ["stale_timestamp: 1762076728.311 vs 1764665507.7338693"], "data_sample": {"price": 0.16739, "volume": 9.0}}}
{"timestamp": "2025-12-02T08:51:47.749953+00:00", "level": "WARNING", "module": "logger", "funcName": "_log", "lineno": 188, "event_type": "streaming_indicator_engine.data_anomalies_detected", "data": {"symbol": "ARIA_USDT", "timestamp": 1762076734.308999, "anomalies": ["stale_timestamp: 1762076734.308999 vs 1764665507.749953"], "data_sample": {"price": 0.16744, "volume": 9.0}}}
{"timestamp": "2025-12-02T08:51:47.765351+00:00", "level": "WARNING", "module": "logger", "funcName": "_log", "lineno": 188, "event_type": "streaming_indicator_engine.data_anomalies_detected", "data": {"symbol": "ARIA_USDT", "timestamp": 1762076750.309999, "anomalies": ["stale_timestamp: 1762076750.309999 vs 1764665507.7653515"], "data_sample": {"price": 0.16747, "volume": 10.0}}}
{"timestamp": "2025-12-02T08:51:47.780727+00:00", "level": "WARNING", "module": "logger", "funcName": "_log", "lineno": 188, "event_type": "streaming_indicator_engine.data_anomalies_detected", "data": {"symbol": "ARIA_USDT", "timestamp": 1762076759.311, "anomalies": ["stale_timestamp: 1762076759.311 vs 1764665507.7807271"], "data_sample": {"price": 0.16746, "volume": 10.0}}}
{"timestamp": "2025-12-02T08:51:47.796216+00:00", "level": "WARNING", "module": "logger", "funcName": "_log", "lineno": 188, "event_type": "streaming_indicator_engine.data_anomalies_detected", "data": {"symbol": "ARIA_USDT", "timestamp": 1762076767.309999, "anomalies": ["stale_timestamp: 1762076767.309999 vs 1764665507.7962167"], "data_sample": {"price": 0.16742, "volume": 8.0}}}
{"timestamp": "2025-12-02T08:51:47.812293+00:00", "level": "WARNING", "module": "logger", "funcName": "_log", "lineno": 188, "event_type": "streaming_indicator_engine.data_anomalies_detected", "data": {"symbol": "ARIA_USDT", "timestamp": 1762076783.312, "anomalies": ["stale_timestamp: 1762076783.312 vs 1764665507.812293"], "data_sample": {"price": 0.16745, "volume": 8.0}}}
{"timestamp": "2025-12-02T08:51:47.829193+00:00", "level": "WARNING", "module": "logger", "funcName": "_log", "lineno": 188, "event_type": "streaming_indicator_engine.data_anomalies_detected", "data": {"symbol": "ARIA_USDT", "timestamp": 1762076789.309999, "anomalies": ["stale_timestamp: 1762076789.309999 vs 1764665507.8291938"], "data_sample": {"price": 0.16755, "volume": 9.0}}}
{"timestamp": "2025-12-02T08:51:47.846446+00:00", "level": "WARNING", "module": "logger", "funcName": "_log", "lineno": 188, "event_type": "streaming_indicator_engine.data_anomalies_detected", "data": {"symbol": "ARIA_USDT", "timestamp": 1762076803.311, "anomalies": ["stale_timestamp: 1762076803.311 vs 1764665507.8454385"], "data_sample": {"price": 0.16758, "volume": 10.0}}}
{"timestamp": "2025-12-02T08:51:47.860501+00:00", "level": "WARNING", "module": "logger", "funcName": "_log", "lineno": 188, "event_type": "streaming_indicator_engine.data_anomalies_detected", "data": {"symbol": "ARIA_USDT", "timestamp": 1762076816.308999, "anomalies": ["stale_timestamp: 1762076816.308999 vs 1764665507.8596418"], "data_sample": {"price": 0.16762, "volume": 9.0}}}
{"timestamp": "2025-12-02T08:51:47.875380+00:00", "level": "WARNING", "module": "logger", "funcName": "_log", "lineno": 188, "event_type": "streaming_indicator_engine.data_anomalies_detected", "data": {"symbol": "ARIA_USDT", "timestamp": 1762076825.312999, "anomalies": ["stale_timestamp: 1762076825.312999 vs 1764665507.8753808"], "data_sample": {"price": 0.16751, "volume": 10.0}}}
{"timestamp": "2025-12-02T08:51:47.891240+00:00", "level": "WARNING", "module": "logger", "funcName": "_log", "lineno": 188, "event_type": "streaming_indicator_engine.data_anomalies_detected", "data": {"symbol": "ARIA_USDT", "timestamp": 1762076831.316999, "anomalies": ["stale_timestamp: 1762076831.316999 vs 1764665507.8912404"], "data_sample": {"price": 0.1674, "volume": 6.0}}}
{"timestamp": "2025-12-02T08:51:47.906822+00:00", "level": "WARNING", "module": "logger", "funcName": "_log", "lineno": 188, "event_type": "streaming_indicator_engine.data_anomalies_detected", "data": {"symbol": "ARIA_USDT", "timestamp": 1762076839.311, "anomalies": ["stale_timestamp: 1762076839.311 vs 1764665507.9068224"], "data_sample": {"price": 0.16741, "volume": 8.0}}}
{"timestamp": "2025-12-02T08:51:47.922518+00:00", "level": "WARNING", "module": "logger", "funcName": "_log", "lineno": 188, "event_type": "streaming_indicator_engine.data_anomalies_detected", "data": {"symbol": "ARIA_USDT", "timestamp": 1762076846.312, "anomalies": ["stale_timestamp: 1762076846.312 vs 1764665507.9225183"], "data_sample": {"price": 0.1674, "volume": 6.0}}}
{"timestamp": "2025-12-02T08:51:47.938366+00:00", "level": "WARNING", "module": "logger", "funcName": "_log", "lineno": 188, "event_type": "streaming_indicator_engine.data_anomalies_detected", "data": {"symbol": "ARIA_USDT", "timestamp": 1762076859.309999, "anomalies": ["stale_timestamp: 1762076859.309999 vs 1764665507.9383667"], "data_sample": {"price": 0.16723, "volume": 5.0}}}
{"timestamp": "2025-12-02T08:51:47.954023+00:00", "level": "WARNING", "module": "logger", "funcName": "_log", "lineno": 188, "event_type": "streaming_indicator_engine.data_anomalies_detected", "data": {"symbol": "ARIA_USDT", "timestamp": 1762076870.309999, "anomalies": ["stale_timestamp: 1762076870.309999 vs 1764665507.9540231"], "data_sample": {"price": 0.16724, "volume": 9.0}}}
{"timestamp": "2025-12-02T08:51:47.968968+00:00", "level": "WARNING", "module": "logger", "funcName": "_log", "lineno": 188, "event_type": "streaming_indicator_engine.data_anomalies_detected", "data": {"symbol": "ARIA_USDT", "timestamp": 1762076878.309999, "anomalies": ["stale_timestamp: 1762076878.309999 vs 1764665507.9689686"], "data_sample": {"price": 0.16731, "volume": 4.0}}}
{"timestamp": "2025-12-02T08:51:47.984503+00:00", "level": "WARNING", "module": "logger", "funcName": "_log", "lineno": 188, "event_type": "streaming_indicator_engine.data_anomalies_detected", "data": {"symbol": "ARIA_USDT", "timestamp": 1762076892.311, "anomalies": ["stale_timestamp: 1762076892.311 vs 1764665507.9845037"], "data_sample": {"price": 0.16728, "volume": 9.0}}}
{"timestamp": "2025-12-02T08:51:48.015703+00:00", "level": "WARNING", "module": "logger", "funcName": "_log", "lineno": 188, "event_type": "streaming_indicator_engine.data_anomalies_detected", "data": {"symbol": "ARIA_USDT", "timestamp": 1762076900.309999, "anomalies": ["stale_timestamp: 1762076900.309999 vs 1764665508.0157032"], "data_sample": {"price": 0.16731, "volume": 7.0}}}
{"timestamp": "2025-12-02T08:51:48.030543+00:00", "level": "WARNING", "module": "logger", "funcName": "_log", "lineno": 188, "event_type": "streaming_indicator_engine.data_anomalies_detected", "data": {"symbol": "ARIA_USDT", "timestamp": 1762076915.308999, "anomalies": ["stale_timestamp: 1762076915.308999 vs 1764665508.030543"], "data_sample": {"price": 0.16729, "volume": 4.0}}}
{"timestamp": "2025-12-02T08:51:48.045378+00:00", "level": "WARNING", "module": "logger", "funcName": "_log", "lineno": 188, "event_type": "streaming_indicator_engine.data_anomalies_detected", "data": {"symbol": "ARIA_USDT", "timestamp": 1762076929.309999, "anomalies": ["stale_timestamp: 1762076929.309999 vs 1764665508.045379"], "data_sample": {"price": 0.16725, "volume": 11.0}}}
{"timestamp": "2025-12-02T08:51:48.060947+00:00", "level": "WARNING", "module": "logger", "funcName": "_log", "lineno": 188, "event_type": "streaming_indicator_engine.data_anomalies_detected", "data": {"symbol": "ARIA_USDT", "timestamp": 1762076940.312999, "anomalies": ["stale_timestamp: 1762076940.312999 vs 1764665508.0609472"], "data_sample": {"price": 0.16733, "volume": 8.0}}}
{"timestamp": "2025-12-02T08:51:48.063058+00:00", "level": "WARNING", "module": "logger", "funcName": "_log", "lineno": 188, "event_type": "streaming_indicator_engine.data_anomalies_detected", "data": {"symbol": "ARIA_USDT", "timestamp": 1762076949.324999, "anomalies": ["stale_timestamp: 1762076949.324999 vs 1764665508.0630586"], "data_sample": {"price": 0.1673, "volume": 8.0}}}
{"timestamp": "2025-12-02T08:51:48.075900+00:00", "level": "WARNING", "module": "logger", "funcName": "_log", "lineno": 188, "event_type": "streaming_indicator_engine.data_anomalies_detected", "data": {"symbol": "ARIA_USDT", "timestamp": 1762076965.316, "anomalies": ["stale_timestamp: 1762076965.316 vs 1764665508.0759006"], "data_sample": {"price": 0.16729, "volume": 4.0}}}
{"timestamp": "2025-12-02T08:51:48.091514+00:00", "level": "WARNING", "module": "logger", "funcName": "_log", "lineno": 188, "event_type": "streaming_indicator_engine.data_anomalies_detected", "data": {"symbol": "ARIA_USDT", "timestamp": 1762076978.312, "anomalies": ["stale_timestamp: 1762076978.312 vs 1764665508.0915148"], "data_sample": {"price": 0.1673, "volume": 9.0}}}
{"timestamp": "2025-12-02T08:51:48.106557+00:00", "level": "WARNING", "module": "logger", "funcName": "_log", "lineno": 188, "event_type": "streaming_indicator_engine.data_anomalies_detected", "data": {"symbol": "ARIA_USDT", "timestamp": 1762076990.315, "anomalies": ["stale_timestamp: 1762076990.315 vs 1764665508.1065578"], "data_sample": {"price": 0.16733, "volume": 10.0}}}
{"timestamp": "2025-12-02T08:51:48.121908+00:00", "level": "WARNING", "module": "logger", "funcName": "_log", "lineno": 188, "event_type": "streaming_indicator_engine.data_anomalies_detected", "data": {"symbol": "ARIA_USDT", "timestamp": 1762076997.315, "anomalies": ["stale_timestamp: 1762076997.315 vs 1764665508.1219084"], "data_sample": {"price": 0.16726, "volume": 12.0}}}
{"timestamp": "2025-12-02T08:51:48.137163+00:00", "level": "WARNING", "module": "logger", "funcName": "_log", "lineno": 188, "event_type": "streaming_indicator_engine.data_anomalies_detected", "data": {"symbol": "ARIA_USDT", "timestamp": 1762077007.309999, "anomalies": ["stale_timestamp: 1762077007.309999 vs 1764665508.1371639"], "data_sample": {"price": 0.16719, "volume": 4.0}}}
{"timestamp": "2025-12-02T08:51:48.152712+00:00", "level": "WARNING", "module": "logger", "funcName": "_log", "lineno": 188, "event_type": "streaming_indicator_engine.data_anomalies_detected", "data": {"symbol": "ARIA_USDT", "timestamp": 1762077018.309999, "anomalies": ["stale_timestamp: 1762077018.309999 vs 1764665508.152713"], "data_sample": {"price": 0.16722, "volume": 8.0}}}
{"timestamp": "2025-12-02T08:51:48.167429+00:00", "level": "WARNING", "module": "logger", "funcName": "_log", "lineno": 188, "event_type": "streaming_indicator_engine.data_anomalies_detected", "data": {"symbol": "ARIA_USDT", "timestamp": 1762077025.309999, "anomalies": ["stale_timestamp: 1762077025.309999 vs 1764665508.1674297"], "data_sample": {"price": 0.16726, "volume": 5.0}}}
{"timestamp": "2025-12-02T08:51:48.183407+00:00", "level": "WARNING", "module": "logger", "funcName": "_log", "lineno": 188, "event_type": "streaming_indicator_engine.data_anomalies_detected", "data": {"symbol": "ARIA_USDT", "timestamp": 1762077033.311, "anomalies": ["stale_timestamp: 1762077033.311 vs 1764665508.183407"], "data_sample": {"price": 0.16725, "volume": 4.0}}}
{"timestamp": "2025-12-02T08:51:48.198667+00:00", "level": "WARNING", "module": "logger", "funcName": "_log", "lineno": 188, "event_type": "streaming_indicator_engine.data_anomalies_detected", "data": {"symbol": "ARIA_USDT", "timestamp": 1762077042.309999, "anomalies": ["stale_timestamp: 1762077042.309999 vs 1764665508.198667"], "data_sample": {"price": 0.16724, "volume": 4.0}}}
{"timestamp": "2025-12-02T08:51:48.214208+00:00", "level": "WARNING", "module": "logger", "funcName": "_log", "lineno": 188, "event_type": "streaming_indicator_engine.data_anomalies_detected", "data": {"symbol": "ARIA_USDT", "timestamp": 1762077051.309999, "anomalies": ["stale_timestamp: 1762077051.309999 vs 1764665508.2142088"], "data_sample": {"price": 0.16725, "volume": 4.0}}}
{"timestamp": "2025-12-02T08:51:48.229760+00:00", "level": "WARNING", "module": "logger", "funcName": "_log", "lineno": 188, "event_type": "streaming_indicator_engine.data_anomalies_detected", "data": {"symbol": "ARIA_USDT", "timestamp": 1762077057.312999, "anomalies": ["stale_timestamp: 1762077057.312999 vs 1764665508.22976"], "data_sample": {"price": 0.16726, "volume": 3.0}}}
{"timestamp": "2025-12-02T08:51:48.246275+00:00", "level": "WARNING", "module": "logger", "funcName": "_log", "lineno": 188, "event_type": "streaming_indicator_engine.data_anomalies_detected", "data": {"symbol": "ARIA_USDT", "timestamp": 1762077067.316999, "anomalies": ["stale_timestamp: 1762077067.316999 vs 1764665508.2462754"], "data_sample": {"price": 0.16725, "volume": 8.0}}}
{"timestamp": "2025-12-02T08:51:48.260685+00:00", "level": "WARNING", "module": "logger", "funcName": "_log", "lineno": 188, "event_type": "streaming_indicator_engine.data_anomalies_detected", "data": {"symbol": "ARIA_USDT", "timestamp": 1762077081.308, "anomalies": ["stale_timestamp: 1762077081.308 vs 1764665508.2606857"], "data_sample": {"price": 0.16714, "volume": 6.0}}}
{"timestamp": "2025-12-02T08:51:48.276345+00:00", "level": "WARNING", "module": "logger", "funcName": "_log", "lineno": 188, "event_type": "streaming_indicator_engine.data_anomalies_detected", "data": {"symbol": "ARIA_USDT", "timestamp": 1762077089.311, "anomalies": ["stale_timestamp: 1762077089.311 vs 1764665508.2763455"], "data_sample": {"price": 0.16711, "volume": 4.0}}}
{"timestamp": "2025-12-02T08:51:48.292233+00:00", "level": "WARNING", "module": "logger", "funcName": "_log", "lineno": 188, "event_type": "streaming_indicator_engine.data_anomalies_detected", "data": {"symbol": "ARIA_USDT", "timestamp": 1762077098.311, "anomalies": ["stale_timestamp: 1762077098.311 vs 1764665508.2922335"], "data_sample": {"price": 0.16702, "volume": 4.0}}}
{"timestamp": "2025-12-02T08:51:48.307433+00:00", "level": "WARNING", "module": "logger", "funcName": "_log", "lineno": 188, "event_type": "streaming_indicator_engine.data_anomalies_detected", "data": {"symbol": "ARIA_USDT", "timestamp": 1762077107.335, "anomalies": ["stale_timestamp: 1762077107.335 vs 1764665508.3074338"], "data_sample": {"price": 0.167, "volume": 26.0}}}
{"timestamp": "2025-12-02T08:51:48.322520+00:00", "level": "WARNING", "module": "logger", "funcName": "_log", "lineno": 188, "event_type": "streaming_indicator_engine.data_anomalies_detected", "data": {"symbol": "ARIA_USDT", "timestamp": 1762077121.309999, "anomalies": ["stale_timestamp: 1762077121.309999 vs 1764665508.32252"], "data_sample": {"price": 0.16704, "volume": 8.0}}}
{"timestamp": "2025-12-02T08:51:48.338472+00:00", "level": "WARNING", "module": "logger", "funcName": "_log", "lineno": 188, "event_type": "streaming_indicator_engine.data_anomalies_detected", "data": {"symbol": "ARIA_USDT", "timestamp": 1762077123.420999, "anomalies": ["stale_timestamp: 1762077123.420999 vs 1764665508.3379502"], "data_sample": {"price": 0.167, "volume": 59.0}}}
{"timestamp": "2025-12-02T08:51:48.354919+00:00", "level": "WARNING", "module": "logger", "funcName": "_log", "lineno": 188, "event_type": "streaming_indicator_engine.data_anomalies_detected", "data": {"symbol": "ARIA_USDT", "timestamp": 1762077139.311, "anomalies": ["stale_timestamp: 1762077139.311 vs 1764665508.354081"], "data_sample": {"price": 0.16703, "volume": 5.0}}}
{"timestamp": "2025-12-02T08:51:48.369681+00:00", "level": "WARNING", "module": "logger", "funcName": "_log", "lineno": 188, "event_type": "streaming_indicator_engine.data_anomalies_detected", "data": {"symbol": "ARIA_USDT", "timestamp": 1762077152.308999, "anomalies": ["stale_timestamp: 1762077152.308999 vs 1764665508.3696814"], "data_sample": {"price": 0.16708, "volume": 9.0}}}
{"timestamp": "2025-12-02T08:51:48.385253+00:00", "level": "WARNING", "module": "logger", "funcName": "_log", "lineno": 188, "event_type": "streaming_indicator_engine.data_anomalies_detected", "data": {"symbol": "ARIA_USDT", "timestamp": 1762077163.309999, "anomalies": ["stale_timestamp: 1762077163.309999 vs 1764665508.3852532"], "data_sample": {"price": 0.16713, "volume": 11.0}}}
{"timestamp": "2025-12-02T08:51:48.400882+00:00", "level": "WARNING", "module": "logger", "funcName": "_log", "lineno": 188, "event_type": "streaming_indicator_engine.data_anomalies_detected", "data": {"symbol": "ARIA_USDT", "timestamp": 1762077172.309999, "anomalies": ["stale_timestamp: 1762077172.309999 vs 1764665508.4008827"], "data_sample": {"price": 0.16706, "volume": 12.0}}}
{"timestamp": "2025-12-02T08:51:48.416536+00:00", "level": "WARNING", "module": "logger", "funcName": "_log", "lineno": 188, "event_type": "streaming_indicator_engine.data_anomalies_detected", "data": {"symbol": "ARIA_USDT", "timestamp": 1762077187.312999, "anomalies": ["stale_timestamp: 1762077187.312999 vs 1764665508.4165366"], "data_sample": {"price": 0.16705, "volume": 4.0}}}
{"timestamp": "2025-12-02T08:51:48.431655+00:00", "level": "WARNING", "module": "logger", "funcName": "_log", "lineno": 188, "event_type": "streaming_indicator_engine.data_anomalies_detected", "data": {"symbol": "ARIA_USDT", "timestamp": 1762077203.309999, "anomalies": ["stale_timestamp: 1762077203.309999 vs 1764665508.431655"], "data_sample": {"price": 0.16703, "volume": 6.0}}}
{"timestamp": "2025-12-02T08:51:48.446469+00:00", "level": "WARNING", "module": "logger", "funcName": "_log", "lineno": 188, "event_type": "streaming_indicator_engine.data_anomalies_detected", "data": {"symbol": "ARIA_USDT", "timestamp": 1762077211.312, "anomalies": ["stale_timestamp: 1762077211.312 vs 1764665508.446469"], "data_sample": {"price": 0.16707, "volume": 9.0}}}
{"timestamp": "2025-12-02T08:51:48.461977+00:00", "level": "WARNING", "module": "logger", "funcName": "_log", "lineno": 188, "event_type": "streaming_indicator_engine.data_anomalies_detected", "data": {"symbol": "ARIA_USDT", "timestamp": 1762077227.312999, "anomalies": ["stale_timestamp: 1762077227.312999 vs 1764665508.4619775"], "data_sample": {"price": 0.16704, "volume": 4.0}}}
{"timestamp": "2025-12-02T08:51:48.477020+00:00", "level": "WARNING", "module": "logger", "funcName": "_log", "lineno": 188, "event_type": "streaming_indicator_engine.data_anomalies_detected", "data": {"symbol": "ARIA_USDT", "timestamp": 1762077234.308999, "anomalies": ["stale_timestamp: 1762077234.308999 vs 1764665508.4770207"], "data_sample": {"price": 0.16708, "volume": 8.0}}}
{"timestamp": "2025-12-02T08:51:48.492848+00:00", "level": "WARNING", "module": "logger", "funcName": "_log", "lineno": 188, "event_type": "streaming_indicator_engine.data_anomalies_detected", "data": {"symbol": "ARIA_USDT", "timestamp": 1762077247.312999, "anomalies": ["stale_timestamp: 1762077247.312999 vs 1764665508.4928482"], "data_sample": {"price": 0.16705, "volume": 7.0}}}
{"timestamp": "2025-12-02T08:51:48.508312+00:00", "level": "WARNING", "module": "logger", "funcName": "_log", "lineno": 188, "event_type": "streaming_indicator_engine.data_anomalies_detected", "data": {"symbol": "ARIA_USDT", "timestamp": 1762077263.309999, "anomalies": ["stale_timestamp: 1762077263.309999 vs 1764665508.5083125"], "data_sample": {"price": 0.16704, "volume": 7.0}}}
{"timestamp": "2025-12-02T08:51:48.523607+00:00", "level": "WARNING", "module": "logger", "funcName": "_log", "lineno": 188, "event_type": "streaming_indicator_engine.data_anomalies_detected", "data": {"symbol": "ARIA_USDT", "timestamp": 1762077274.309999, "anomalies": ["stale_timestamp: 1762077274.309999 vs 1764665508.5236077"], "data_sample": {"price": 0.16709, "volume": 4.0}}}
{"timestamp": "2025-12-02T08:51:48.539073+00:00", "level": "WARNING", "module": "logger", "funcName": "_log", "lineno": 188, "event_type": "streaming_indicator_engine.data_anomalies_detected", "data": {"symbol": "ARIA_USDT", "timestamp": 1762077281.311, "anomalies": ["stale_timestamp: 1762077281.311 vs 1764665508.5385633"], "data_sample": {"price": 0.16713, "volume": 12.0}}}
{"timestamp": "2025-12-02T08:51:48.554648+00:00", "level": "WARNING", "module": "logger", "funcName": "_log", "lineno": 188, "event_type": "streaming_indicator_engine.data_anomalies_detected", "data": {"symbol": "ARIA_USDT", "timestamp": 1762077290.312, "anomalies": ["stale_timestamp: 1762077290.312 vs 1764665508.5546486"], "data_sample": {"price": 0.16709, "volume": 8.0}}}
{"timestamp": "2025-12-02T08:51:48.569674+00:00", "level": "WARNING", "module": "logger", "funcName": "_log", "lineno": 188, "event_type": "streaming_indicator_engine.data_anomalies_detected", "data": {"symbol": "ARIA_USDT", "timestamp": 1762077299.312, "anomalies": ["stale_timestamp: 1762077299.312 vs 1764665508.569675"], "data_sample": {"price": 0.16706, "volume": 8.0}}}
{"timestamp": "2025-12-02T08:51:48.584679+00:00", "level": "WARNING", "module": "logger", "funcName": "_log", "lineno": 188, "event_type": "streaming_indicator_engine.data_anomalies_detected", "data": {"symbol": "ARIA_USDT", "timestamp": 1762077309.309999, "anomalies": ["stale_timestamp: 1762077309.309999 vs 1764665508.584679"], "data_sample": {"price": 0.16705, "volume": 6.0}}}
{"timestamp": "2025-12-02T08:51:48.600628+00:00", "level": "WARNING", "module": "logger", "funcName": "_log", "lineno": 188, "event_type": "streaming_indicator_engine.data_anomalies_detected", "data": {"symbol": "ARIA_USDT", "timestamp": 1762077318.312, "anomalies": ["stale_timestamp: 1762077318.312 vs 1764665508.600628"], "data_sample": {"price": 0.16706, "volume": 9.0}}}
{"timestamp": "2025-12-02T08:51:48.604705+00:00", "level": "INFO", "module": "logger", "funcName": "_log", "lineno": 188, "event_type": "strategy_manager.indicator_update_received", "data": {"symbol": "ARIA_USDT", "indicator_name": "11b8be00-eed3-48fe-b359-df47b297226c_20", "indicator_type": "", "value": -0.00034923579605879797, "active_strategies_for_symbol": true, "active_count": 3}}
{"timestamp": "2025-12-02T08:51:48.605709+00:00", "level": "WARNING", "module": "logger", "funcName": "_log", "lineno": 188, "event_type": "streaming_indicator_engine.data_anomalies_detected", "data": {"symbol": "ARIA_USDT", "timestamp": 1762077324.309999, "anomalies": ["stale_timestamp: 1762077324.309999 vs 1764665508.6057093"], "data_sample": {"price": 0.1671, "volume": 5.0}}}
{"timestamp": "2025-12-02T08:51:48.606677+00:00", "level": "WARNING", "module": "logger", "funcName": "_log", "lineno": 188, "event_type": "streaming_indicator_engine.data_anomalies_detected", "data": {"symbol": "ARIA_USDT", "timestamp": 1762077335.309999, "anomalies": ["stale_timestamp: 1762077335.309999 vs 1764665508.6066775"], "data_sample": {"price": 0.16709, "volume": 4.0}}}
{"timestamp": "2025-12-02T08:51:48.606677+00:00", "level": "WARNING", "module": "logger", "funcName": "_log", "lineno": 188, "event_type": "streaming_indicator_engine.data_anomalies_detected", "data": {"symbol": "ARIA_USDT", "timestamp": 1762077351.309999, "anomalies": ["stale_timestamp: 1762077351.309999 vs 1764665508.6066775"], "data_sample": {"price": 0.1671, "volume": 3.0}}}
{"timestamp": "2025-12-02T08:51:48.608275+00:00", "level": "WARNING", "module": "logger", "funcName": "_log", "lineno": 188, "event_type": "streaming_indicator_engine.data_anomalies_detected", "data": {"symbol": "ARIA_USDT", "timestamp": 1762077362.309999, "anomalies": ["stale_timestamp: 1762077362.309999 vs 1764665508.6082752"], "data_sample": {"price": 0.16716, "volume": 5.0}}}
{"timestamp": "2025-12-02T08:51:48.609359+00:00", "level": "WARNING", "module": "logger", "funcName": "_log", "lineno": 188, "event_type": "streaming_indicator_engine.data_anomalies_detected", "data": {"symbol": "ARIA_USDT", "timestamp": 1762077376.309999, "anomalies": ["stale_timestamp: 1762077376.309999 vs 1764665508.6093595"], "data_sample": {"price": 0.16724, "volume": 11.0}}}
{"timestamp": "2025-12-02T08:51:48.610366+00:00", "level": "WARNING", "module": "logger", "funcName": "_log", "lineno": 188, "event_type": "streaming_indicator_engine.data_anomalies_detected", "data": {"symbol": "ARIA_USDT", "timestamp": 1762077387.309999, "anomalies": ["stale_timestamp: 1762077387.309999 vs 1764665508.6093595"], "data_sample": {"price": 0.16726, "volume": 11.0}}}
{"timestamp": "2025-12-02T08:51:48.610366+00:00", "level": "INFO", "module": "logger", "funcName": "_log", "lineno": 188, "event_type": "strategy_manager.indicator_update_received", "data": {"symbol": "ARIA_USDT", "indicator_name": "11b8be00-eed3-48fe-b359-df47b297226c_20", "indicator_type": "", "value": -0.00034923579605879797, "active_strategies_for_symbol": true, "active_count": 3}}
{"timestamp": "2025-12-02T08:51:48.611286+00:00", "level": "WARNING", "module": "logger", "funcName": "_log", "lineno": 188, "event_type": "streaming_indicator_engine.data_anomalies_detected", "data": {"symbol": "ARIA_USDT", "timestamp": 1762077395.309999, "anomalies": ["stale_timestamp: 1762077395.309999 vs 1764665508.611286"], "data_sample": {"price": 0.16728, "volume": 3.0}}}
{"timestamp": "2025-12-02T08:51:48.611286+00:00", "level": "WARNING", "module": "logger", "funcName": "_log", "lineno": 188, "event_type": "streaming_indicator_engine.data_anomalies_detected", "data": {"symbol": "ARIA_USDT", "timestamp": 1762077402.309999, "anomalies": ["stale_timestamp: 1762077402.309999 vs 1764665508.611286"], "data_sample": {"price": 0.1673, "volume": 10.0}}}
{"timestamp": "2025-12-02T08:51:48.613286+00:00", "level": "WARNING", "module": "logger", "funcName": "_log", "lineno": 188, "event_type": "streaming_indicator_engine.data_anomalies_detected", "data": {"symbol": "ARIA_USDT", "timestamp": 1762077412.311, "anomalies": ["stale_timestamp: 1762077412.311 vs 1764665508.6132865"], "data_sample": {"price": 0.16729, "volume": 7.0}}}
{"timestamp": "2025-12-02T08:51:48.614290+00:00", "level": "WARNING", "module": "logger", "funcName": "_log", "lineno": 188, "event_type": "streaming_indicator_engine.data_anomalies_detected", "data": {"symbol": "ARIA_USDT", "timestamp": 1762077421.309999, "anomalies": ["stale_timestamp: 1762077421.309999 vs 1764665508.6142902"], "data_sample": {"price": 0.16727, "volume": 4.0}}}
{"timestamp": "2025-12-02T08:51:48.619690+00:00", "level": "INFO", "module": "logger", "funcName": "_log", "lineno": 188, "event_type": "strategy_manager.indicator_update_received", "data": {"symbol": "ARIA_USDT", "indicator_name": "790d8eed-dc95-43ff-b625-1205d256154b_20", "indicator_type": "", "value": 0.0013506874143189638, "active_strategies_for_symbol": true, "active_count": 3}}
{"timestamp": "2025-12-02T08:51:48.619690+00:00", "level": "INFO", "module": "logger", "funcName": "_log", "lineno": 188, "event_type": "strategy_manager.indicator_update_received", "data": {"symbol": "ARIA_USDT", "indicator_name": "790d8eed-dc95-43ff-b625-1205d256154b_20", "indicator_type": "", "value": 0.0013506874143189638, "active_strategies_for_symbol": true, "active_count": 3}}
{"timestamp": "2025-12-02T08:51:48.620778+00:00", "level": "WARNING", "module": "logger", "funcName": "_log", "lineno": 188, "event_type": "streaming_indicator_engine.data_anomalies_detected", "data": {"symbol": "ARIA_USDT", "timestamp": 1762076372.312999, "anomalies": ["stale_timestamp: 1762076372.312999 vs 1764665508.6207788"], "data_sample": {"price": 0.1671, "volume": 3.0}}}
{"timestamp": "2025-12-02T08:51:48.621776+00:00", "level": "WARNING", "module": "logger", "funcName": "_log", "lineno": 188, "event_type": "streaming_indicator_engine.data_anomalies_detected", "data": {"symbol": "ARIA_USDT", "timestamp": 1762076381.309999, "anomalies": ["stale_timestamp: 1762076381.309999 vs 1764665508.6217766"], "data_sample": {"price": 0.16715, "volume": 8.0}}}
{"timestamp": "2025-12-02T08:51:48.621776+00:00", "level": "WARNING", "module": "logger", "funcName": "_log", "lineno": 188, "event_type": "streaming_indicator_engine.data_anomalies_detected", "data": {"symbol": "ARIA_USDT", "timestamp": 1762076388.311, "anomalies": ["stale_timestamp: 1762076388.311 vs 1764665508.6217766"], "data_sample": {"price": 0.16714, "volume": 9.0}}}
{"timestamp": "2025-12-02T08:51:48.622732+00:00", "level": "WARNING", "module": "logger", "funcName": "_log", "lineno": 188, "event_type": "streaming_indicator_engine.data_anomalies_detected", "data": {"symbol": "ARIA_USDT", "timestamp": 1762076401.309999, "anomalies": ["stale_timestamp: 1762076401.309999 vs 1764665508.6227329"], "data_sample": {"price": 0.16717, "volume": 7.0}}}
{"timestamp": "2025-12-02T08:51:48.622732+00:00", "level": "WARNING", "module": "logger", "funcName": "_log", "lineno": 188, "event_type": "streaming_indicator_engine.data_anomalies_detected", "data": {"symbol": "ARIA_USDT", "timestamp": 1762076408.312, "anomalies": ["stale_timestamp: 1762076408.312 vs 1764665508.6227329"], "data_sample": {"price": 0.16713, "volume": 3.0}}}
{"timestamp": "2025-12-02T08:51:48.647407+00:00", "level": "WARNING", "module": "logger", "funcName": "_log", "lineno": 188, "event_type": "streaming_indicator_engine.data_anomalies_detected", "data": {"symbol": "ARIA_USDT", "timestamp": 1762076417.311, "anomalies": ["stale_timestamp: 1762076417.311 vs 1764665508.6474078"], "data_sample": {"price": 0.16708, "volume": 3.0}}}
{"timestamp": "2025-12-02T08:51:48.663731+00:00", "level": "WARNING", "module": "logger", "funcName": "_log", "lineno": 188, "event_type": "streaming_indicator_engine.data_anomalies_detected", "data": {"symbol": "ARIA_USDT", "timestamp": 1762076427.308999, "anomalies": ["stale_timestamp: 1762076427.308999 vs 1764665508.663731"], "data_sample": {"price": 0.16707, "volume": 12.0}}}
{"timestamp": "2025-12-02T08:51:48.681303+00:00", "level": "WARNING", "module": "logger", "funcName": "_log", "lineno": 188, "event_type": "streaming_indicator_engine.data_anomalies_detected", "data": {"symbol": "ARIA_USDT", "timestamp": 1762076435.309999, "anomalies": ["stale_timestamp: 1762076435.309999 vs 1764665508.6795235"], "data_sample": {"price": 0.1671, "volume": 4.0}}}
{"timestamp": "2025-12-02T08:51:48.693632+00:00", "level": "WARNING", "module": "logger", "funcName": "_log", "lineno": 188, "event_type": "streaming_indicator_engine.data_anomalies_detected", "data": {"symbol": "ARIA_USDT", "timestamp": 1762076447.309999, "anomalies": ["stale_timestamp: 1762076447.309999 vs 1764665508.6936328"], "data_sample": {"price": 0.16708, "volume": 9.0}}}
{"timestamp": "2025-12-02T08:51:48.708448+00:00", "level": "WARNING", "module": "logger", "funcName": "_log", "lineno": 188, "event_type": "streaming_indicator_engine.data_anomalies_detected", "data": {"symbol": "ARIA_USDT", "timestamp": 1762076462.309999, "anomalies": ["stale_timestamp: 1762076462.309999 vs 1764665508.7084482"], "data_sample": {"price": 0.16726, "volume": 10.0}}}
{"timestamp": "2025-12-02T08:51:48.723884+00:00", "level": "WARNING", "module": "logger", "funcName": "_log", "lineno": 188, "event_type": "streaming_indicator_engine.data_anomalies_detected", "data": {"symbol": "ARIA_USDT", "timestamp": 1762076476.308999, "anomalies": ["stale_timestamp: 1762076476.308999 vs 1764665508.7238846"], "data_sample": {"price": 0.16745, "volume": 9.0}}}
{"timestamp": "2025-12-02T08:51:48.739224+00:00", "level": "WARNING", "module": "logger", "funcName": "_log", "lineno": 188, "event_type": "streaming_indicator_engine.data_anomalies_detected", "data": {"symbol": "ARIA_USDT", "timestamp": 1762076490.311, "anomalies": ["stale_timestamp: 1762076490.311 vs 1764665508.7392247"], "data_sample": {"price": 0.16766, "volume": 7.0}}}
{"timestamp": "2025-12-02T08:51:48.755227+00:00", "level": "WARNING", "module": "logger", "funcName": "_log", "lineno": 188, "event_type": "streaming_indicator_engine.data_anomalies_detected", "data": {"symbol": "ARIA_USDT", "timestamp": 1762076501.311, "anomalies": ["stale_timestamp: 1762076501.311 vs 1764665508.7552273"], "data_sample": {"price": 0.16763, "volume": 5.0}}}
{"timestamp": "2025-12-02T08:51:48.770417+00:00", "level": "WARNING", "module": "logger", "funcName": "_log", "lineno": 188, "event_type": "streaming_indicator_engine.data_anomalies_detected", "data": {"symbol": "ARIA_USDT", "timestamp": 1762076514.408999, "anomalies": ["stale_timestamp: 1762076514.408999 vs 1764665508.770418"], "data_sample": {"price": 0.16766, "volume": 10.0}}}
{"timestamp": "2025-12-02T08:51:48.785833+00:00", "level": "WARNING", "module": "logger", "funcName": "_log", "lineno": 188, "event_type": "streaming_indicator_engine.data_anomalies_detected", "data": {"symbol": "ARIA_USDT", "timestamp": 1762076520.311, "anomalies": ["stale_timestamp: 1762076520.311 vs 1764665508.7858334"], "data_sample": {"price": 0.1677, "volume": 9.0}}}
{"timestamp": "2025-12-02T08:51:48.801562+00:00", "level": "WARNING", "module": "logger", "funcName": "_log", "lineno": 188, "event_type": "streaming_indicator_engine.data_anomalies_detected", "data": {"symbol": "ARIA_USDT", "timestamp": 1762076531.311, "anomalies": ["stale_timestamp: 1762076531.311 vs 1764665508.801562"], "data_sample": {"price": 0.16778, "volume": 10.0}}}
{"timestamp": "2025-12-02T08:51:48.816310+00:00", "level": "WARNING", "module": "logger", "funcName": "_log", "lineno": 188, "event_type": "streaming_indicator_engine.data_anomalies_detected", "data": {"symbol": "ARIA_USDT", "timestamp": 1762076537.311, "anomalies": ["stale_timestamp: 1762076537.311 vs 1764665508.81631"], "data_sample": {"price": 0.16777, "volume": 10.0}}}
{"timestamp": "2025-12-02T08:51:48.831773+00:00", "level": "WARNING", "module": "logger", "funcName": "_log", "lineno": 188, "event_type": "streaming_indicator_engine.data_anomalies_detected", "data": {"symbol": "ARIA_USDT", "timestamp": 1762076543.312, "anomalies": ["stale_timestamp: 1762076543.312 vs 1764665508.8317735"], "data_sample": {"price": 0.16765, "volume": 8.0}}}
{"timestamp": "2025-12-02T08:51:48.847552+00:00", "level": "WARNING", "module": "logger", "funcName": "_log", "lineno": 188, "event_type": "streaming_indicator_engine.data_anomalies_detected", "data": {"symbol": "ARIA_USDT", "timestamp": 1762076551.311, "anomalies": ["stale_timestamp: 1762076551.311 vs 1764665508.8475528"], "data_sample": {"price": 0.16776, "volume": 7.0}}}
{"timestamp": "2025-12-02T08:51:48.864340+00:00", "level": "WARNING", "module": "logger", "funcName": "_log", "lineno": 188, "event_type": "streaming_indicator_engine.data_anomalies_detected", "data": {"symbol": "ARIA_USDT", "timestamp": 1762076567.313999, "anomalies": ["stale_timestamp: 1762076567.313999 vs 1764665508.8643405"], "data_sample": {"price": 0.16779, "volume": 4.0}}}
{"timestamp": "2025-12-02T08:51:48.866341+00:00", "level": "INFO", "module": "logger", "funcName": "_log", "lineno": 188, "event_type": "strategy_manager.indicator_update_received", "data": {"symbol": "ARIA_USDT", "indicator_name": "611fad91-045d-408b-8822-f43428935033_20", "indicator_type": "", "value": 0.0010199876548628493, "active_strategies_for_symbol": true, "active_count": 3}}
{"timestamp": "2025-12-02T08:51:48.867337+00:00", "level": "WARNING", "module": "logger", "funcName": "_log", "lineno": 188, "event_type": "streaming_indicator_engine.data_anomalies_detected", "data": {"symbol": "ARIA_USDT", "timestamp": 1762076582.312999, "anomalies": ["stale_timestamp: 1762076582.312999 vs 1764665508.867338"], "data_sample": {"price": 0.16774, "volume": 4.0}}}
{"timestamp": "2025-12-02T08:51:48.868338+00:00", "level": "WARNING", "module": "logger", "funcName": "_log", "lineno": 188, "event_type": "streaming_indicator_engine.data_anomalies_detected", "data": {"symbol": "ARIA_USDT", "timestamp": 1762076595.309999, "anomalies": ["stale_timestamp: 1762076595.309999 vs 1764665508.867338"], "data_sample": {"price": 0.16776, "volume": 10.0}}}
{"timestamp": "2025-12-02T08:51:48.868846+00:00", "level": "WARNING", "module": "logger", "funcName": "_log", "lineno": 188, "event_type": "streaming_indicator_engine.data_anomalies_detected", "data": {"symbol": "ARIA_USDT", "timestamp": 1762076606.309999, "anomalies": ["stale_timestamp: 1762076606.309999 vs 1764665508.8683383"], "data_sample": {"price": 0.16772, "volume": 9.0}}}
{"timestamp": "2025-12-02T08:51:48.868846+00:00", "level": "WARNING", "module": "logger", "funcName": "_log", "lineno": 188, "event_type": "streaming_indicator_engine.data_anomalies_detected", "data": {"symbol": "ARIA_USDT", "timestamp": 1762076620.309999, "anomalies": ["stale_timestamp: 1762076620.309999 vs 1764665508.8688462"], "data_sample": {"price": 0.16764, "volume": 5.0}}}
{"timestamp": "2025-12-02T08:51:48.869853+00:00", "level": "WARNING", "module": "logger", "funcName": "_log", "lineno": 188, "event_type": "streaming_indicator_engine.data_anomalies_detected", "data": {"symbol": "ARIA_USDT", "timestamp": 1762076628.311, "anomalies": ["stale_timestamp: 1762076628.311 vs 1764665508.869854"], "data_sample": {"price": 0.16761, "volume": 7.0}}}
{"timestamp": "2025-12-02T08:51:48.869853+00:00", "level": "INFO", "module": "logger", "funcName": "_log", "lineno": 188, "event_type": "strategy_manager.indicator_update_received", "data": {"symbol": "ARIA_USDT", "indicator_name": "611fad91-045d-408b-8822-f43428935033_20", "indicator_type": "", "value": 0.0010199876548628493, "active_strategies_for_symbol": true, "active_count": 3}}
{"timestamp": "2025-12-02T08:51:48.870921+00:00", "level": "WARNING", "module": "logger", "funcName": "_log", "lineno": 188, "event_type": "streaming_indicator_engine.data_anomalies_detected", "data": {"symbol": "ARIA_USDT", "timestamp": 1762076638.312999, "anomalies": ["stale_timestamp: 1762076638.312999 vs 1764665508.8709216"], "data_sample": {"price": 0.16763, "volume": 10.0}}}
{"timestamp": "2025-12-02T08:51:48.870921+00:00", "level": "WARNING", "module": "logger", "funcName": "_log", "lineno": 188, "event_type": "streaming_indicator_engine.data_anomalies_detected", "data": {"symbol": "ARIA_USDT", "timestamp": 1762076647.309999, "anomalies": ["stale_timestamp: 1762076647.309999 vs 1764665508.8709216"], "data_sample": {"price": 0.16762, "volume": 4.0}}}
{"timestamp": "2025-12-02T08:51:48.871973+00:00", "level": "WARNING", "module": "logger", "funcName": "_log", "lineno": 188, "event_type": "streaming_indicator_engine.data_anomalies_detected", "data": {"symbol": "ARIA_USDT", "timestamp": 1762076653.309999, "anomalies": ["stale_timestamp: 1762076653.309999 vs 1764665508.8719733"], "data_sample": {"price": 0.16761, "volume": 9.0}}}
{"timestamp": "2025-12-02T08:51:48.871973+00:00", "level": "WARNING", "module": "logger", "funcName": "_log", "lineno": 188, "event_type": "streaming_indicator_engine.data_anomalies_detected", "data": {"symbol": "ARIA_USDT", "timestamp": 1762076666.309999, "anomalies": ["stale_timestamp: 1762076666.309999 vs 1764665508.8719733"], "data_sample": {"price": 0.16763, "volume": 9.0}}}
{"timestamp": "2025-12-02T08:51:48.871973+00:00", "level": "WARNING", "module": "logger", "funcName": "_log", "lineno": 188, "event_type": "streaming_indicator_engine.data_anomalies_detected", "data": {"symbol": "ARIA_USDT", "timestamp": 1762076672.308999, "anomalies": ["stale_timestamp: 1762076672.308999 vs 1764665508.8719733"], "data_sample": {"price": 0.16762, "volume": 9.0}}}
{"timestamp": "2025-12-02T08:51:48.871973+00:00", "level": "WARNING", "module": "logger", "funcName": "_log", "lineno": 188, "event_type": "streaming_indicator_engine.data_anomalies_detected", "data": {"symbol": "ARIA_USDT", "timestamp": 1762076685.309999, "anomalies": ["stale_timestamp: 1762076685.309999 vs 1764665508.8719733"], "data_sample": {"price": 0.16732, "volume": 9.0}}}
{"timestamp": "2025-12-02T08:51:48.873351+00:00", "level": "WARNING", "module": "logger", "funcName": "_log", "lineno": 188, "event_type": "streaming_indicator_engine.data_anomalies_detected", "data": {"symbol": "ARIA_USDT", "timestamp": 1762076699.311, "anomalies": ["stale_timestamp: 1762076699.311 vs 1764665508.8733513"], "data_sample": {"price": 0.16737, "volume": 11.0}}}
{"timestamp": "2025-12-02T08:51:48.894677+00:00", "level": "WARNING", "module": "logger", "funcName": "_log", "lineno": 188, "event_type": "streaming_indicator_engine.data_anomalies_detected", "data": {"symbol": "ARIA_USDT", "timestamp": 1762076713.309999, "anomalies": ["stale_timestamp: 1762076713.309999 vs 1764665508.894677"], "data_sample": {"price": 0.16735, "volume": 4.0}}}
{"timestamp": "2025-12-02T08:51:48.910056+00:00", "level": "WARNING", "module": "logger", "funcName": "_log", "lineno": 188, "event_type": "streaming_indicator_engine.data_anomalies_detected", "data": {"symbol": "ARIA_USDT", "timestamp": 1762076728.311, "anomalies": ["stale_timestamp: 1762076728.311 vs 1764665508.9100566"], "data_sample": {"price": 0.16739, "volume": 9.0}}}
{"timestamp": "2025-12-02T08:51:48.924976+00:00", "level": "WARNING", "module": "logger", "funcName": "_log", "lineno": 188, "event_type": "streaming_indicator_engine.data_anomalies_detected", "data": {"symbol": "ARIA_USDT", "timestamp": 1762076734.308999, "anomalies": ["stale_timestamp: 1762076734.308999 vs 1764665508.9249766"], "data_sample": {"price": 0.16744, "volume": 9.0}}}
{"timestamp": "2025-12-02T08:51:48.940186+00:00", "level": "WARNING", "module": "logger", "funcName": "_log", "lineno": 188, "event_type": "streaming_indicator_engine.data_anomalies_detected", "data": {"symbol": "ARIA_USDT", "timestamp": 1762076750.309999, "anomalies": ["stale_timestamp: 1762076750.309999 vs 1764665508.940186"], "data_sample": {"price": 0.16747, "volume": 10.0}}}
{"timestamp": "2025-12-02T08:51:48.955983+00:00", "level": "WARNING", "module": "logger", "funcName": "_log", "lineno": 188, "event_type": "streaming_indicator_engine.data_anomalies_detected", "data": {"symbol": "ARIA_USDT", "timestamp": 1762076759.311, "anomalies": ["stale_timestamp: 1762076759.311 vs 1764665508.9559834"], "data_sample": {"price": 0.16746, "volume": 10.0}}}
{"timestamp": "2025-12-02T08:51:48.971244+00:00", "level": "WARNING", "module": "logger", "funcName": "_log", "lineno": 188, "event_type": "streaming_indicator_engine.data_anomalies_detected", "data": {"symbol": "ARIA_USDT", "timestamp": 1762076767.309999, "anomalies": ["stale_timestamp: 1762076767.309999 vs 1764665508.9712448"], "data_sample": {"price": 0.16742, "volume": 8.0}}}
{"timestamp": "2025-12-02T08:51:48.986670+00:00", "level": "WARNING", "module": "logger", "funcName": "_log", "lineno": 188, "event_type": "streaming_indicator_engine.data_anomalies_detected", "data": {"symbol": "ARIA_USDT", "timestamp": 1762076783.312, "anomalies": ["stale_timestamp: 1762076783.312 vs 1764665508.98667"], "data_sample": {"price": 0.16745, "volume": 8.0}}}
{"timestamp": "2025-12-02T08:51:49.001355+00:00", "level": "WARNING", "module": "logger", "funcName": "_log", "lineno": 188, "event_type": "streaming_indicator_engine.data_anomalies_detected", "data": {"symbol": "ARIA_USDT", "timestamp": 1762076789.309999, "anomalies": ["stale_timestamp: 1762076789.309999 vs 1764665509.0013552"], "data_sample": {"price": 0.16755, "volume": 9.0}}}
{"timestamp": "2025-12-02T08:51:49.016517+00:00", "level": "WARNING", "module": "logger", "funcName": "_log", "lineno": 188, "event_type": "streaming_indicator_engine.data_anomalies_detected", "data": {"symbol": "ARIA_USDT", "timestamp": 1762076803.311, "anomalies": ["stale_timestamp: 1762076803.311 vs 1764665509.0165174"], "data_sample": {"price": 0.16758, "volume": 10.0}}}
{"timestamp": "2025-12-02T08:51:49.031249+00:00", "level": "WARNING", "module": "logger", "funcName": "_log", "lineno": 188, "event_type": "streaming_indicator_engine.data_anomalies_detected", "data": {"symbol": "ARIA_USDT", "timestamp": 1762076816.308999, "anomalies": ["stale_timestamp: 1762076816.308999 vs 1764665509.0312498"], "data_sample": {"price": 0.16762, "volume": 9.0}}}
{"timestamp": "2025-12-02T08:51:49.046595+00:00", "level": "WARNING", "module": "logger", "funcName": "_log", "lineno": 188, "event_type": "streaming_indicator_engine.data_anomalies_detected", "data": {"symbol": "ARIA_USDT", "timestamp": 1762076825.312999, "anomalies": ["stale_timestamp: 1762076825.312999 vs 1764665509.046595"], "data_sample": {"price": 0.16751, "volume": 10.0}}}
{"timestamp": "2025-12-02T08:51:49.062004+00:00", "level": "WARNING", "module": "logger", "funcName": "_log", "lineno": 188, "event_type": "streaming_indicator_engine.data_anomalies_detected", "data": {"symbol": "ARIA_USDT", "timestamp": 1762076831.316999, "anomalies": ["stale_timestamp: 1762076831.316999 vs 1764665509.062005"], "data_sample": {"price": 0.1674, "volume": 6.0}}}
{"timestamp": "2025-12-02T08:51:49.064985+00:00", "level": "WARNING", "module": "logger", "funcName": "_log", "lineno": 188, "event_type": "streaming_indicator_engine.data_anomalies_detected", "data": {"symbol": "ARIA_USDT", "timestamp": 1762076839.311, "anomalies": ["stale_timestamp: 1762076839.311 vs 1764665509.0649855"], "data_sample": {"price": 0.16741, "volume": 8.0}}}
{"timestamp": "2025-12-02T08:51:49.065900+00:00", "level": "WARNING", "module": "logger", "funcName": "_log", "lineno": 188, "event_type": "streaming_indicator_engine.data_anomalies_detected", "data": {"symbol": "ARIA_USDT", "timestamp": 1762076846.312, "anomalies": ["stale_timestamp: 1762076846.312 vs 1764665509.0659"], "data_sample": {"price": 0.1674, "volume": 6.0}}}
{"timestamp": "2025-12-02T08:51:49.077384+00:00", "level": "WARNING", "module": "logger", "funcName": "_log", "lineno": 188, "event_type": "streaming_indicator_engine.data_anomalies_detected", "data": {"symbol": "ARIA_USDT", "timestamp": 1762076859.309999, "anomalies": ["stale_timestamp: 1762076859.309999 vs 1764665509.077385"], "data_sample": {"price": 0.16723, "volume": 5.0}}}
{"timestamp": "2025-12-02T08:51:49.093351+00:00", "level": "WARNING", "module": "logger", "funcName": "_log", "lineno": 188, "event_type": "streaming_indicator_engine.data_anomalies_detected", "data": {"symbol": "ARIA_USDT", "timestamp": 1762076870.309999, "anomalies": ["stale_timestamp: 1762076870.309999 vs 1764665509.0933518"], "data_sample": {"price": 0.16724, "volume": 9.0}}}
{"timestamp": "2025-12-02T08:51:49.108605+00:00", "level": "WARNING", "module": "logger", "funcName": "_log", "lineno": 188, "event_type": "streaming_indicator_engine.data_anomalies_detected", "data": {"symbol": "ARIA_USDT", "timestamp": 1762076878.309999, "anomalies": ["stale_timestamp: 1762076878.309999 vs 1764665509.108605"], "data_sample": {"price": 0.16731, "volume": 4.0}}}
{"timestamp": "2025-12-02T08:51:49.124130+00:00", "level": "WARNING", "module": "logger", "funcName": "_log", "lineno": 188, "event_type": "streaming_indicator_engine.data_anomalies_detected", "data": {"symbol": "ARIA_USDT", "timestamp": 1762076892.311, "anomalies": ["stale_timestamp: 1762076892.311 vs 1764665509.1241305"], "data_sample": {"price": 0.16728, "volume": 9.0}}}
{"timestamp": "2025-12-02T08:51:49.155644+00:00", "level": "WARNING", "module": "logger", "funcName": "_log", "lineno": 188, "event_type": "streaming_indicator_engine.data_anomalies_detected", "data": {"symbol": "ARIA_USDT", "timestamp": 1762076900.309999, "anomalies": ["stale_timestamp: 1762076900.309999 vs 1764665509.1556444"], "data_sample": {"price": 0.16731, "volume": 7.0}}}
{"timestamp": "2025-12-02T08:51:49.171071+00:00", "level": "WARNING", "module": "logger", "funcName": "_log", "lineno": 188, "event_type": "streaming_indicator_engine.data_anomalies_detected", "data": {"symbol": "ARIA_USDT", "timestamp": 1762076915.308999, "anomalies": ["stale_timestamp: 1762076915.308999 vs 1764665509.1710715"], "data_sample": {"price": 0.16729, "volume": 4.0}}}
{"timestamp": "2025-12-02T08:51:49.186124+00:00", "level": "WARNING", "module": "logger", "funcName": "_log", "lineno": 188, "event_type": "streaming_indicator_engine.data_anomalies_detected", "data": {"symbol": "ARIA_USDT", "timestamp": 1762076929.309999, "anomalies": ["stale_timestamp: 1762076929.309999 vs 1764665509.1861246"], "data_sample": {"price": 0.16725, "volume": 11.0}}}
{"timestamp": "2025-12-02T08:51:49.201429+00:00", "level": "WARNING", "module": "logger", "funcName": "_log", "lineno": 188, "event_type": "streaming_indicator_engine.data_anomalies_detected", "data": {"symbol": "ARIA_USDT", "timestamp": 1762076940.312999, "anomalies": ["stale_timestamp: 1762076940.312999 vs 1764665509.2014296"], "data_sample": {"price": 0.16733, "volume": 8.0}}}
{"timestamp": "2025-12-02T08:51:49.217085+00:00", "level": "WARNING", "module": "logger", "funcName": "_log", "lineno": 188, "event_type": "streaming_indicator_engine.data_anomalies_detected", "data": {"symbol": "ARIA_USDT", "timestamp": 1762076949.324999, "anomalies": ["stale_timestamp: 1762076949.324999 vs 1764665509.2170851"], "data_sample": {"price": 0.1673, "volume": 8.0}}}
{"timestamp": "2025-12-02T08:51:49.232602+00:00", "level": "WARNING", "module": "logger", "funcName": "_log", "lineno": 188, "event_type": "streaming_indicator_engine.data_anomalies_detected", "data": {"symbol": "ARIA_USDT", "timestamp": 1762076965.316, "anomalies": ["stale_timestamp: 1762076965.316 vs 1764665509.2326026"], "data_sample": {"price": 0.16729, "volume": 4.0}}}
{"timestamp": "2025-12-02T08:51:49.248654+00:00", "level": "WARNING", "module": "logger", "funcName": "_log", "lineno": 188, "event_type": "streaming_indicator_engine.data_anomalies_detected", "data": {"symbol": "ARIA_USDT", "timestamp": 1762076978.312, "anomalies": ["stale_timestamp: 1762076978.312 vs 1764665509.2486546"], "data_sample": {"price": 0.1673, "volume": 9.0}}}
{"timestamp": "2025-12-02T08:51:49.265185+00:00", "level": "WARNING", "module": "logger", "funcName": "_log", "lineno": 188, "event_type": "streaming_indicator_engine.data_anomalies_detected", "data": {"symbol": "ARIA_USDT", "timestamp": 1762076990.315, "anomalies": ["stale_timestamp: 1762076990.315 vs 1764665509.2651858"], "data_sample": {"price": 0.16733, "volume": 10.0}}}
{"timestamp": "2025-12-02T08:51:49.279998+00:00", "level": "WARNING", "module": "logger", "funcName": "_log", "lineno": 188, "event_type": "streaming_indicator_engine.data_anomalies_detected", "data": {"symbol": "ARIA_USDT", "timestamp": 1762076997.315, "anomalies": ["stale_timestamp: 1762076997.315 vs 1764665509.2799983"], "data_sample": {"price": 0.16726, "volume": 12.0}}}
{"timestamp": "2025-12-02T08:51:49.295239+00:00", "level": "WARNING", "module": "logger", "funcName": "_log", "lineno": 188, "event_type": "streaming_indicator_engine.data_anomalies_detected", "data": {"symbol": "ARIA_USDT", "timestamp": 1762077007.309999, "anomalies": ["stale_timestamp: 1762077007.309999 vs 1764665509.2952397"], "data_sample": {"price": 0.16719, "volume": 4.0}}}
{"timestamp": "2025-12-02T08:51:49.310072+00:00", "level": "WARNING", "module": "logger", "funcName": "_log", "lineno": 188, "event_type": "streaming_indicator_engine.data_anomalies_detected", "data": {"symbol": "ARIA_USDT", "timestamp": 1762077018.309999, "anomalies": ["stale_timestamp: 1762077018.309999 vs 1764665509.3100727"], "data_sample": {"price": 0.16722, "volume": 8.0}}}
{"timestamp": "2025-12-02T08:51:49.325277+00:00", "level": "WARNING", "module": "logger", "funcName": "_log", "lineno": 188, "event_type": "streaming_indicator_engine.data_anomalies_detected", "data": {"symbol": "ARIA_USDT", "timestamp": 1762077025.309999, "anomalies": ["stale_timestamp: 1762077025.309999 vs 1764665509.3252778"], "data_sample": {"price": 0.16726, "volume": 5.0}}}
{"timestamp": "2025-12-02T08:51:49.340645+00:00", "level": "WARNING", "module": "logger", "funcName": "_log", "lineno": 188, "event_type": "streaming_indicator_engine.data_anomalies_detected", "data": {"symbol": "ARIA_USDT", "timestamp": 1762077033.311, "anomalies": ["stale_timestamp: 1762077033.311 vs 1764665509.3406456"], "data_sample": {"price": 0.16725, "volume": 4.0}}}
{"timestamp": "2025-12-02T08:51:49.356393+00:00", "level": "WARNING", "module": "logger", "funcName": "_log", "lineno": 188, "event_type": "streaming_indicator_engine.data_anomalies_detected", "data": {"symbol": "ARIA_USDT", "timestamp": 1762077042.309999, "anomalies": ["stale_timestamp: 1762077042.309999 vs 1764665509.3563938"], "data_sample": {"price": 0.16724, "volume": 4.0}}}
{"timestamp": "2025-12-02T08:51:49.371348+00:00", "level": "WARNING", "module": "logger", "funcName": "_log", "lineno": 188, "event_type": "streaming_indicator_engine.data_anomalies_detected", "data": {"symbol": "ARIA_USDT", "timestamp": 1762077051.309999, "anomalies": ["stale_timestamp: 1762077051.309999 vs 1764665509.3713484"], "data_sample": {"price": 0.16725, "volume": 4.0}}}
{"timestamp": "2025-12-02T08:51:49.386815+00:00", "level": "WARNING", "module": "logger", "funcName": "_log", "lineno": 188, "event_type": "streaming_indicator_engine.data_anomalies_detected", "data": {"symbol": "ARIA_USDT", "timestamp": 1762077057.312999, "anomalies": ["stale_timestamp: 1762077057.312999 vs 1764665509.3868158"], "data_sample": {"price": 0.16726, "volume": 3.0}}}
{"timestamp": "2025-12-02T08:51:49.401920+00:00", "level": "WARNING", "module": "logger", "funcName": "_log", "lineno": 188, "event_type": "streaming_indicator_engine.data_anomalies_detected", "data": {"symbol": "ARIA_USDT", "timestamp": 1762077067.316999, "anomalies": ["stale_timestamp: 1762077067.316999 vs 1764665509.4019208"], "data_sample": {"price": 0.16725, "volume": 8.0}}}
{"timestamp": "2025-12-02T08:51:49.417449+00:00", "level": "WARNING", "module": "logger", "funcName": "_log", "lineno": 188, "event_type": "streaming_indicator_engine.data_anomalies_detected", "data": {"symbol": "ARIA_USDT", "timestamp": 1762077081.308, "anomalies": ["stale_timestamp: 1762077081.308 vs 1764665509.417449"], "data_sample": {"price": 0.16714, "volume": 6.0}}}
{"timestamp": "2025-12-02T08:51:49.432199+00:00", "level": "WARNING", "module": "logger", "funcName": "_log", "lineno": 188, "event_type": "streaming_indicator_engine.data_anomalies_detected", "data": {"symbol": "ARIA_USDT", "timestamp": 1762077089.311, "anomalies": ["stale_timestamp: 1762077089.311 vs 1764665509.4321995"], "data_sample": {"price": 0.16711, "volume": 4.0}}}
{"timestamp": "2025-12-02T08:51:49.449336+00:00", "level": "WARNING", "module": "logger", "funcName": "_log", "lineno": 188, "event_type": "streaming_indicator_engine.data_anomalies_detected", "data": {"symbol": "ARIA_USDT", "timestamp": 1762077098.311, "anomalies": ["stale_timestamp: 1762077098.311 vs 1764665509.449336"], "data_sample": {"price": 0.16702, "volume": 4.0}}}
{"timestamp": "2025-12-02T08:51:49.464733+00:00", "level": "WARNING", "module": "logger", "funcName": "_log", "lineno": 188, "event_type": "streaming_indicator_engine.data_anomalies_detected", "data": {"symbol": "ARIA_USDT", "timestamp": 1762077107.335, "anomalies": ["stale_timestamp: 1762077107.335 vs 1764665509.4637191"], "data_sample": {"price": 0.167, "volume": 26.0}}}
{"timestamp": "2025-12-02T08:51:49.479214+00:00", "level": "WARNING", "module": "logger", "funcName": "_log", "lineno": 188, "event_type": "streaming_indicator_engine.data_anomalies_detected", "data": {"symbol": "ARIA_USDT", "timestamp": 1762077121.309999, "anomalies": ["stale_timestamp: 1762077121.309999 vs 1764665509.4792142"], "data_sample": {"price": 0.16704, "volume": 8.0}}}
{"timestamp": "2025-12-02T08:51:49.494179+00:00", "level": "WARNING", "module": "logger", "funcName": "_log", "lineno": 188, "event_type": "streaming_indicator_engine.data_anomalies_detected", "data": {"symbol": "ARIA_USDT", "timestamp": 1762077123.420999, "anomalies": ["stale_timestamp: 1762077123.420999 vs 1764665509.4941795"], "data_sample": {"price": 0.167, "volume": 59.0}}}
{"timestamp": "2025-12-02T08:51:49.510302+00:00", "level": "WARNING", "module": "logger", "funcName": "_log", "lineno": 188, "event_type": "streaming_indicator_engine.data_anomalies_detected", "data": {"symbol": "ARIA_USDT", "timestamp": 1762077139.311, "anomalies": ["stale_timestamp: 1762077139.311 vs 1764665509.5103023"], "data_sample": {"price": 0.16703, "volume": 5.0}}}
{"timestamp": "2025-12-02T08:51:49.525919+00:00", "level": "WARNING", "module": "logger", "funcName": "_log", "lineno": 188, "event_type": "streaming_indicator_engine.data_anomalies_detected", "data": {"symbol": "ARIA_USDT", "timestamp": 1762077152.308999, "anomalies": ["stale_timestamp: 1762077152.308999 vs 1764665509.5259197"], "data_sample": {"price": 0.16708, "volume": 9.0}}}
{"timestamp": "2025-12-02T08:51:49.541582+00:00", "level": "WARNING", "module": "logger", "funcName": "_log", "lineno": 188, "event_type": "streaming_indicator_engine.data_anomalies_detected", "data": {"symbol": "ARIA_USDT", "timestamp": 1762077163.309999, "anomalies": ["stale_timestamp: 1762077163.309999 vs 1764665509.5415826"], "data_sample": {"price": 0.16713, "volume": 11.0}}}
{"timestamp": "2025-12-02T08:51:49.556431+00:00", "level": "WARNING", "module": "logger", "funcName": "_log", "lineno": 188, "event_type": "streaming_indicator_engine.data_anomalies_detected", "data": {"symbol": "ARIA_USDT", "timestamp": 1762077172.309999, "anomalies": ["stale_timestamp: 1762077172.309999 vs 1764665509.556431"], "data_sample": {"price": 0.16706, "volume": 12.0}}}
{"timestamp": "2025-12-02T08:51:49.572371+00:00", "level": "WARNING", "module": "logger", "funcName": "_log", "lineno": 188, "event_type": "streaming_indicator_engine.data_anomalies_detected", "data": {"symbol": "ARIA_USDT", "timestamp": 1762077187.312999, "anomalies": ["stale_timestamp: 1762077187.312999 vs 1764665509.5723717"], "data_sample": {"price": 0.16705, "volume": 4.0}}}
{"timestamp": "2025-12-02T08:51:49.587052+00:00", "level": "WARNING", "module": "logger", "funcName": "_log", "lineno": 188, "event_type": "streaming_indicator_engine.data_anomalies_detected", "data": {"symbol": "ARIA_USDT", "timestamp": 1762077203.309999, "anomalies": ["stale_timestamp: 1762077203.309999 vs 1764665509.5870523"], "data_sample": {"price": 0.16703, "volume": 6.0}}}
{"timestamp": "2025-12-02T08:51:49.602210+00:00", "level": "WARNING", "module": "logger", "funcName": "_log", "lineno": 188, "event_type": "streaming_indicator_engine.data_anomalies_detected", "data": {"symbol": "ARIA_USDT", "timestamp": 1762077211.312, "anomalies": ["stale_timestamp: 1762077211.312 vs 1764665509.6022103"], "data_sample": {"price": 0.16707, "volume": 9.0}}}
{"timestamp": "2025-12-02T08:51:49.618272+00:00", "level": "WARNING", "module": "logger", "funcName": "_log", "lineno": 188, "event_type": "streaming_indicator_engine.data_anomalies_detected", "data": {"symbol": "ARIA_USDT", "timestamp": 1762077227.312999, "anomalies": ["stale_timestamp: 1762077227.312999 vs 1764665509.6182725"], "data_sample": {"price": 0.16704, "volume": 4.0}}}
{"timestamp": "2025-12-02T08:51:49.633773+00:00", "level": "WARNING", "module": "logger", "funcName": "_log", "lineno": 188, "event_type": "streaming_indicator_engine.data_anomalies_detected", "data": {"symbol": "ARIA_USDT", "timestamp": 1762077234.308999, "anomalies": ["stale_timestamp: 1762077234.308999 vs 1764665509.6337738"], "data_sample": {"price": 0.16708, "volume": 8.0}}}
{"timestamp": "2025-12-02T08:51:49.649986+00:00", "level": "WARNING", "module": "logger", "funcName": "_log", "lineno": 188, "event_type": "streaming_indicator_engine.data_anomalies_detected", "data": {"symbol": "ARIA_USDT", "timestamp": 1762077247.312999, "anomalies": ["stale_timestamp: 1762077247.312999 vs 1764665509.6499863"], "data_sample": {"price": 0.16705, "volume": 7.0}}}
{"timestamp": "2025-12-02T08:51:49.664213+00:00", "level": "WARNING", "module": "logger", "funcName": "_log", "lineno": 188, "event_type": "streaming_indicator_engine.data_anomalies_detected", "data": {"symbol": "ARIA_USDT", "timestamp": 1762077263.309999, "anomalies": ["stale_timestamp: 1762077263.309999 vs 1764665509.664213"], "data_sample": {"price": 0.16704, "volume": 7.0}}}
{"timestamp": "2025-12-02T08:51:49.679441+00:00", "level": "WARNING", "module": "logger", "funcName": "_log", "lineno": 188, "event_type": "streaming_indicator_engine.data_anomalies_detected", "data": {"symbol": "ARIA_USDT", "timestamp": 1762077274.309999, "anomalies": ["stale_timestamp: 1762077274.309999 vs 1764665509.6794412"], "data_sample": {"price": 0.16709, "volume": 4.0}}}
{"timestamp": "2025-12-02T08:51:49.694645+00:00", "level": "WARNING", "module": "logger", "funcName": "_log", "lineno": 188, "event_type": "streaming_indicator_engine.data_anomalies_detected", "data": {"symbol": "ARIA_USDT", "timestamp": 1762077281.311, "anomalies": ["stale_timestamp: 1762077281.311 vs 1764665509.6946452"], "data_sample": {"price": 0.16713, "volume": 12.0}}}
{"timestamp": "2025-12-02T08:51:49.709851+00:00", "level": "WARNING", "module": "logger", "funcName": "_log", "lineno": 188, "event_type": "streaming_indicator_engine.data_anomalies_detected", "data": {"symbol": "ARIA_USDT", "timestamp": 1762077290.312, "anomalies": ["stale_timestamp: 1762077290.312 vs 1764665509.7098515"], "data_sample": {"price": 0.16709, "volume": 8.0}}}
{"timestamp": "2025-12-02T08:51:49.726031+00:00", "level": "WARNING", "module": "logger", "funcName": "_log", "lineno": 188, "event_type": "streaming_indicator_engine.data_anomalies_detected", "data": {"symbol": "ARIA_USDT", "timestamp": 1762077299.312, "anomalies": ["stale_timestamp: 1762077299.312 vs 1764665509.7260315"], "data_sample": {"price": 0.16706, "volume": 8.0}}}
{"timestamp": "2025-12-02T08:51:49.740668+00:00", "level": "WARNING", "module": "logger", "funcName": "_log", "lineno": 188, "event_type": "streaming_indicator_engine.data_anomalies_detected", "data": {"symbol": "ARIA_USDT", "timestamp": 1762077309.309999, "anomalies": ["stale_timestamp: 1762077309.309999 vs 1764665509.740668"], "data_sample": {"price": 0.16705, "volume": 6.0}}}
{"timestamp": "2025-12-02T08:51:49.756233+00:00", "level": "WARNING", "module": "logger", "funcName": "_log", "lineno": 188, "event_type": "streaming_indicator_engine.data_anomalies_detected", "data": {"symbol": "ARIA_USDT", "timestamp": 1762077318.312, "anomalies": ["stale_timestamp: 1762077318.312 vs 1764665509.7562332"], "data_sample": {"price": 0.16706, "volume": 9.0}}}
{"timestamp": "2025-12-02T08:51:49.771687+00:00", "level": "WARNING", "module": "logger", "funcName": "_log", "lineno": 188, "event_type": "streaming_indicator_engine.data_anomalies_detected", "data": {"symbol": "ARIA_USDT", "timestamp": 1762077324.309999, "anomalies": ["stale_timestamp: 1762077324.309999 vs 1764665509.771687"], "data_sample": {"price": 0.1671, "volume": 5.0}}}
{"timestamp": "2025-12-02T08:51:49.788366+00:00", "level": "WARNING", "module": "logger", "funcName": "_log", "lineno": 188, "event_type": "streaming_indicator_engine.data_anomalies_detected", "data": {"symbol": "ARIA_USDT", "timestamp": 1762077335.309999, "anomalies": ["stale_timestamp: 1762077335.309999 vs 1764665509.7883666"], "data_sample": {"price": 0.16709, "volume": 4.0}}}
{"timestamp": "2025-12-02T08:51:49.803547+00:00", "level": "WARNING", "module": "logger", "funcName": "_log", "lineno": 188, "event_type": "streaming_indicator_engine.data_anomalies_detected", "data": {"symbol": "ARIA_USDT", "timestamp": 1762077351.309999, "anomalies": ["stale_timestamp: 1762077351.309999 vs 1764665509.8035479"], "data_sample": {"price": 0.1671, "volume": 3.0}}}
{"timestamp": "2025-12-02T08:51:49.819537+00:00", "level": "WARNING", "module": "logger", "funcName": "_log", "lineno": 188, "event_type": "streaming_indicator_engine.data_anomalies_detected", "data": {"symbol": "ARIA_USDT", "timestamp": 1762077362.309999, "anomalies": ["stale_timestamp: 1762077362.309999 vs 1764665509.8195374"], "data_sample": {"price": 0.16716, "volume": 5.0}}}
{"timestamp": "2025-12-02T08:51:49.834619+00:00", "level": "WARNING", "module": "logger", "funcName": "_log", "lineno": 188, "event_type": "streaming_indicator_engine.data_anomalies_detected", "data": {"symbol": "ARIA_USDT", "timestamp": 1762077376.309999, "anomalies": ["stale_timestamp: 1762077376.309999 vs 1764665509.8346198"], "data_sample": {"price": 0.16724, "volume": 11.0}}}
{"timestamp": "2025-12-02T08:51:49.850575+00:00", "level": "WARNING", "module": "logger", "funcName": "_log", "lineno": 188, "event_type": "streaming_indicator_engine.data_anomalies_detected", "data": {"symbol": "ARIA_USDT", "timestamp": 1762077387.309999, "anomalies": ["stale_timestamp: 1762077387.309999 vs 1764665509.8495817"], "data_sample": {"price": 0.16726, "volume": 11.0}}}
{"timestamp": "2025-12-02T08:51:49.853682+00:00", "level": "INFO", "module": "logger", "funcName": "_log", "lineno": 188, "event_type": "strategy_manager.indicator_update_received", "data": {"symbol": "ARIA_USDT", "indicator_name": "5fc82998-9270-4b44-8312-f74ddd20a93d_20", "indicator_type": "", "value": -9.96552879780986, "active_strategies_for_symbol": true, "active_count": 3}}
{"timestamp": "2025-12-02T08:51:49.854661+00:00", "level": "WARNING", "module": "logger", "funcName": "_log", "lineno": 188, "event_type": "streaming_indicator_engine.data_anomalies_detected", "data": {"symbol": "ARIA_USDT", "timestamp": 1762077395.309999, "anomalies": ["stale_timestamp: 1762077395.309999 vs 1764665509.8546615"], "data_sample": {"price": 0.16728, "volume": 3.0}}}
{"timestamp": "2025-12-02T08:51:49.855663+00:00", "level": "WARNING", "module": "logger", "funcName": "_log", "lineno": 188, "event_type": "streaming_indicator_engine.data_anomalies_detected", "data": {"symbol": "ARIA_USDT", "timestamp": 1762077402.309999, "anomalies": ["stale_timestamp: 1762077402.309999 vs 1764665509.8556635"], "data_sample": {"price": 0.1673, "volume": 10.0}}}
{"timestamp": "2025-12-02T08:51:49.855663+00:00", "level": "WARNING", "module": "logger", "funcName": "_log", "lineno": 188, "event_type": "streaming_indicator_engine.data_anomalies_detected", "data": {"symbol": "ARIA_USDT", "timestamp": 1762077412.311, "anomalies": ["stale_timestamp: 1762077412.311 vs 1764665509.8556635"], "data_sample": {"price": 0.16729, "volume": 7.0}}}
{"timestamp": "2025-12-02T08:51:49.856609+00:00", "level": "WARNING", "module": "logger", "funcName": "_log", "lineno": 188, "event_type": "streaming_indicator_engine.data_anomalies_detected", "data": {"symbol": "ARIA_USDT", "timestamp": 1762077421.309999, "anomalies": ["stale_timestamp: 1762077421.309999 vs 1764665509.8566098"], "data_sample": {"price": 0.16727, "volume": 4.0}}}
{"timestamp": "2025-12-02T08:51:49.856609+00:00", "level": "INFO", "module": "logger", "funcName": "_log", "lineno": 188, "event_type": "strategy_manager.indicator_update_received", "data": {"symbol": "ARIA_USDT", "indicator_name": "5fc82998-9270-4b44-8312-f74ddd20a93d_20", "indicator_type": "", "value": -9.96552879780986, "active_strategies_for_symbol": true, "active_count": 3}}
{"timestamp": "2025-12-02T08:51:49.859225+00:00", "level": "INFO", "module": "logger", "funcName": "_log", "lineno": 188, "event_type": "strategy_manager.indicator_update_received", "data": {"symbol": "ARIA_USDT", "indicator_name": "11b8be00-eed3-48fe-b359-df47b297226c_20", "indicator_type": "", "value": 0.0013506874143189638, "active_strategies_for_symbol": true, "active_count": 3}}
{"timestamp": "2025-12-02T08:51:49.859225+00:00", "level": "INFO", "module": "logger", "funcName": "_log", "lineno": 188, "event_type": "strategy_manager.indicator_update_received", "data": {"symbol": "ARIA_USDT", "indicator_name": "11b8be00-eed3-48fe-b359-df47b297226c_20", "indicator_type": "", "value": 0.0013506874143189638, "active_strategies_for_symbol": true, "active_count": 3}}
{"timestamp": "2025-12-02T08:51:49.862291+00:00", "level": "INFO", "module": "logger", "funcName": "_log", "lineno": 188, "event_type": "strategy_manager.indicator_update_received", "data": {"symbol": "ARIA_USDT", "indicator_name": "790d8eed-dc95-43ff-b625-1205d256154b_20", "indicator_type": "", "value": 0.0013506874143189638, "active_strategies_for_symbol": true, "active_count": 3}}
{"timestamp": "2025-12-02T08:51:49.863294+00:00", "level": "INFO", "module": "logger", "funcName": "_log", "lineno": 188, "event_type": "strategy_manager.indicator_update_received", "data": {"symbol": "ARIA_USDT", "indicator_name": "790d8eed-dc95-43ff-b625-1205d256154b_20", "indicator_type": "", "value": 0.0013506874143189638, "active_strategies_for_symbol": true, "active_count": 3}}
{"timestamp": "2025-12-02T08:51:49.869900+00:00", "level": "WARNING", "module": "logger", "funcName": "_log", "lineno": 188, "event_type": "streaming_indicator_engine.data_anomalies_detected", "data": {"symbol": "ARIA_USDT", "timestamp": 1762076372.312999, "anomalies": ["stale_timestamp: 1762076372.312999 vs 1764665509.8699002"], "data_sample": {"price": 0.1671, "volume": 3.0}}}
{"timestamp": "2025-12-02T08:51:49.896121+00:00", "level": "WARNING", "module": "logger", "funcName": "_log", "lineno": 188, "event_type": "streaming_indicator_engine.data_anomalies_detected", "data": {"symbol": "ARIA_USDT", "timestamp": 1762076381.309999, "anomalies": ["stale_timestamp: 1762076381.309999 vs 1764665509.8961215"], "data_sample": {"price": 0.16715, "volume": 8.0}}}
{"timestamp": "2025-12-02T08:51:49.912173+00:00", "level": "WARNING", "module": "logger", "funcName": "_log", "lineno": 188, "event_type": "streaming_indicator_engine.data_anomalies_detected", "data": {"symbol": "ARIA_USDT", "timestamp": 1762076388.311, "anomalies": ["stale_timestamp: 1762076388.311 vs 1764665509.9121737"], "data_sample": {"price": 0.16714, "volume": 9.0}}}
{"timestamp": "2025-12-02T08:51:49.927782+00:00", "level": "WARNING", "module": "logger", "funcName": "_log", "lineno": 188, "event_type": "streaming_indicator_engine.data_anomalies_detected", "data": {"symbol": "ARIA_USDT", "timestamp": 1762076401.309999, "anomalies": ["stale_timestamp: 1762076401.309999 vs 1764665509.927783"], "data_sample": {"price": 0.16717, "volume": 7.0}}}
{"timestamp": "2025-12-02T08:51:49.943104+00:00", "level": "WARNING", "module": "logger", "funcName": "_log", "lineno": 188, "event_type": "streaming_indicator_engine.data_anomalies_detected", "data": {"symbol": "ARIA_USDT", "timestamp": 1762076408.312, "anomalies": ["stale_timestamp: 1762076408.312 vs 1764665509.9431047"], "data_sample": {"price": 0.16713, "volume": 3.0}}}
{"timestamp": "2025-12-02T08:51:49.958233+00:00", "level": "WARNING", "module": "logger", "funcName": "_log", "lineno": 188, "event_type": "streaming_indicator_engine.data_anomalies_detected", "data": {"symbol": "ARIA_USDT", "timestamp": 1762076417.311, "anomalies": ["stale_timestamp: 1762076417.311 vs 1764665509.958233"], "data_sample": {"price": 0.16708, "volume": 3.0}}}
{"timestamp": "2025-12-02T08:51:49.973933+00:00", "level": "WARNING", "module": "logger", "funcName": "_log", "lineno": 188, "event_type": "streaming_indicator_engine.data_anomalies_detected", "data": {"symbol": "ARIA_USDT", "timestamp": 1762076427.308999, "anomalies": ["stale_timestamp: 1762076427.308999 vs 1764665509.9739332"], "data_sample": {"price": 0.16707, "volume": 12.0}}}
{"timestamp": "2025-12-02T08:51:49.989885+00:00", "level": "WARNING", "module": "logger", "funcName": "_log", "lineno": 188, "event_type": "streaming_indicator_engine.data_anomalies_detected", "data": {"symbol": "ARIA_USDT", "timestamp": 1762076435.309999, "anomalies": ["stale_timestamp: 1762076435.309999 vs 1764665509.9898849"], "data_sample": {"price": 0.1671, "volume": 4.0}}}
{"timestamp": "2025-12-02T08:51:50.005329+00:00", "level": "WARNING", "module": "logger", "funcName": "_log", "lineno": 188, "event_type": "streaming_indicator_engine.data_anomalies_detected", "data": {"symbol": "ARIA_USDT", "timestamp": 1762076447.309999, "anomalies": ["stale_timestamp: 1762076447.309999 vs 1764665510.0053291"], "data_sample": {"price": 0.16708, "volume": 9.0}}}
{"timestamp": "2025-12-02T08:51:50.021244+00:00", "level": "WARNING", "module": "logger", "funcName": "_log", "lineno": 188, "event_type": "streaming_indicator_engine.data_anomalies_detected", "data": {"symbol": "ARIA_USDT", "timestamp": 1762076462.309999, "anomalies": ["stale_timestamp: 1762076462.309999 vs 1764665510.0212448"], "data_sample": {"price": 0.16726, "volume": 10.0}}}
{"timestamp": "2025-12-02T08:51:50.037319+00:00", "level": "WARNING", "module": "logger", "funcName": "_log", "lineno": 188, "event_type": "streaming_indicator_engine.data_anomalies_detected", "data": {"symbol": "ARIA_USDT", "timestamp": 1762076476.308999, "anomalies": ["stale_timestamp: 1762076476.308999 vs 1764665510.0373194"], "data_sample": {"price": 0.16745, "volume": 9.0}}}
{"timestamp": "2025-12-02T08:51:50.052189+00:00", "level": "WARNING", "module": "logger", "funcName": "_log", "lineno": 188, "event_type": "streaming_indicator_engine.data_anomalies_detected", "data": {"symbol": "ARIA_USDT", "timestamp": 1762076490.311, "anomalies": ["stale_timestamp: 1762076490.311 vs 1764665510.0521896"], "data_sample": {"price": 0.16766, "volume": 7.0}}}
{"timestamp": "2025-12-02T08:51:50.054190+00:00", "level": "WARNING", "module": "logger", "funcName": "_log", "lineno": 188, "event_type": "streaming_indicator_engine.data_anomalies_detected", "data": {"symbol": "ARIA_USDT", "timestamp": 1762076501.311, "anomalies": ["stale_timestamp: 1762076501.311 vs 1764665510.0541909"], "data_sample": {"price": 0.16763, "volume": 5.0}}}
{"timestamp": "2025-12-02T08:51:50.056191+00:00", "level": "WARNING", "module": "logger", "funcName": "_log", "lineno": 188, "event_type": "streaming_indicator_engine.data_anomalies_detected", "data": {"symbol": "ARIA_USDT", "timestamp": 1762076514.408999, "anomalies": ["stale_timestamp: 1762076514.408999 vs 1764665510.0561914"], "data_sample": {"price": 0.16766, "volume": 10.0}}}
{"timestamp": "2025-12-02T08:51:50.057105+00:00", "level": "WARNING", "module": "logger", "funcName": "_log", "lineno": 188, "event_type": "streaming_indicator_engine.data_anomalies_detected", "data": {"symbol": "ARIA_USDT", "timestamp": 1762076520.311, "anomalies": ["stale_timestamp: 1762076520.311 vs 1764665510.057105"], "data_sample": {"price": 0.1677, "volume": 9.0}}}
{"timestamp": "2025-12-02T08:51:50.068121+00:00", "level": "WARNING", "module": "logger", "funcName": "_log", "lineno": 188, "event_type": "streaming_indicator_engine.data_anomalies_detected", "data": {"symbol": "ARIA_USDT", "timestamp": 1762076531.311, "anomalies": ["stale_timestamp: 1762076531.311 vs 1764665510.068122"], "data_sample": {"price": 0.16778, "volume": 10.0}}}
{"timestamp": "2025-12-02T08:51:50.084821+00:00", "level": "WARNING", "module": "logger", "funcName": "_log", "lineno": 188, "event_type": "streaming_indicator_engine.data_anomalies_detected", "data": {"symbol": "ARIA_USDT", "timestamp": 1762076537.311, "anomalies": ["stale_timestamp: 1762076537.311 vs 1764665510.0839043"], "data_sample": {"price": 0.16777, "volume": 10.0}}}
{"timestamp": "2025-12-02T08:51:50.100290+00:00", "level": "WARNING", "module": "logger", "funcName": "_log", "lineno": 188, "event_type": "streaming_indicator_engine.data_anomalies_detected", "data": {"symbol": "ARIA_USDT", "timestamp": 1762076543.312, "anomalies": ["stale_timestamp: 1762076543.312 vs 1764665510.099289"], "data_sample": {"price": 0.16765, "volume": 8.0}}}
{"timestamp": "2025-12-02T08:51:50.103368+00:00", "level": "INFO", "module": "logger", "funcName": "_log", "lineno": 188, "event_type": "strategy_manager.indicator_update_received", "data": {"symbol": "ARIA_USDT", "indicator_name": "611fad91-045d-408b-8822-f43428935033_20", "indicator_type": "", "value": 0.0026102929349679825, "active_strategies_for_symbol": true, "active_count": 3}}
{"timestamp": "2025-12-02T08:51:50.104369+00:00", "level": "WARNING", "module": "logger", "funcName": "_log", "lineno": 188, "event_type": "streaming_indicator_engine.data_anomalies_detected", "data": {"symbol": "ARIA_USDT", "timestamp": 1762076551.311, "anomalies": ["stale_timestamp: 1762076551.311 vs 1764665510.1043694"], "data_sample": {"price": 0.16776, "volume": 7.0}}}
{"timestamp": "2025-12-02T08:51:50.105338+00:00", "level": "WARNING", "module": "logger", "funcName": "_log", "lineno": 188, "event_type": "streaming_indicator_engine.data_anomalies_detected", "data": {"symbol": "ARIA_USDT", "timestamp": 1762076567.313999, "anomalies": ["stale_timestamp: 1762076567.313999 vs 1764665510.105338"], "data_sample": {"price": 0.16779, "volume": 4.0}}}
{"timestamp": "2025-12-02T08:51:50.106368+00:00", "level": "WARNING", "module": "logger", "funcName": "_log", "lineno": 188, "event_type": "streaming_indicator_engine.data_anomalies_detected", "data": {"symbol": "ARIA_USDT", "timestamp": 1762076582.312999, "anomalies": ["stale_timestamp: 1762076582.312999 vs 1764665510.105338"], "data_sample": {"price": 0.16774, "volume": 4.0}}}
{"timestamp": "2025-12-02T08:51:50.107288+00:00", "level": "WARNING", "module": "logger", "funcName": "_log", "lineno": 188, "event_type": "streaming_indicator_engine.data_anomalies_detected", "data": {"symbol": "ARIA_USDT", "timestamp": 1762076595.309999, "anomalies": ["stale_timestamp: 1762076595.309999 vs 1764665510.1063683"], "data_sample": {"price": 0.16776, "volume": 10.0}}}
{"timestamp": "2025-12-02T08:51:50.107288+00:00", "level": "WARNING", "module": "logger", "funcName": "_log", "lineno": 188, "event_type": "streaming_indicator_engine.data_anomalies_detected", "data": {"symbol": "ARIA_USDT", "timestamp": 1762076606.309999, "anomalies": ["stale_timestamp: 1762076606.309999 vs 1764665510.1072888"], "data_sample": {"price": 0.16772, "volume": 9.0}}}
{"timestamp": "2025-12-02T08:51:50.108298+00:00", "level": "WARNING", "module": "logger", "funcName": "_log", "lineno": 188, "event_type": "streaming_indicator_engine.data_anomalies_detected", "data": {"symbol": "ARIA_USDT", "timestamp": 1762076620.309999, "anomalies": ["stale_timestamp: 1762076620.309999 vs 1764665510.108298"], "data_sample": {"price": 0.16764, "volume": 5.0}}}
{"timestamp": "2025-12-02T08:51:50.108806+00:00", "level": "INFO", "module": "logger", "funcName": "_log", "lineno": 188, "event_type": "strategy_manager.indicator_update_received", "data": {"symbol": "ARIA_USDT", "indicator_name": "611fad91-045d-408b-8822-f43428935033_20", "indicator_type": "", "value": 0.0026102929349679825, "active_strategies_for_symbol": true, "active_count": 3}}
{"timestamp": "2025-12-02T08:51:50.109808+00:00", "level": "WARNING", "module": "logger", "funcName": "_log", "lineno": 188, "event_type": "streaming_indicator_engine.data_anomalies_detected", "data": {"symbol": "ARIA_USDT", "timestamp": 1762076628.311, "anomalies": ["stale_timestamp: 1762076628.311 vs 1764665510.109809"], "data_sample": {"price": 0.16761, "volume": 7.0}}}
{"timestamp": "2025-12-02T08:51:50.110202+00:00", "level": "WARNING", "module": "logger", "funcName": "_log", "lineno": 188, "event_type": "streaming_indicator_engine.data_anomalies_detected", "data": {"symbol": "ARIA_USDT", "timestamp": 1762076638.312999, "anomalies": ["stale_timestamp: 1762076638.312999 vs 1764665510.110202"], "data_sample": {"price": 0.16763, "volume": 10.0}}}
{"timestamp": "2025-12-02T08:51:50.110202+00:00", "level": "WARNING", "module": "logger", "funcName": "_log", "lineno": 188, "event_type": "streaming_indicator_engine.data_anomalies_detected", "data": {"symbol": "ARIA_USDT", "timestamp": 1762076647.309999, "anomalies": ["stale_timestamp: 1762076647.309999 vs 1764665510.110202"], "data_sample": {"price": 0.16762, "volume": 4.0}}}
{"timestamp": "2025-12-02T08:51:50.111209+00:00", "level": "WARNING", "module": "logger", "funcName": "_log", "lineno": 188, "event_type": "streaming_indicator_engine.data_anomalies_detected", "data": {"symbol": "ARIA_USDT", "timestamp": 1762076653.309999, "anomalies": ["stale_timestamp: 1762076653.309999 vs 1764665510.1112096"], "data_sample": {"price": 0.16761, "volume": 9.0}}}
{"timestamp": "2025-12-02T08:51:50.111209+00:00", "level": "WARNING", "module": "logger", "funcName": "_log", "lineno": 188, "event_type": "streaming_indicator_engine.data_anomalies_detected", "data": {"symbol": "ARIA_USDT", "timestamp": 1762076666.309999, "anomalies": ["stale_timestamp: 1762076666.309999 vs 1764665510.1112096"], "data_sample": {"price": 0.16763, "volume": 9.0}}}
{"timestamp": "2025-12-02T08:51:50.112209+00:00", "level": "WARNING", "module": "logger", "funcName": "_log", "lineno": 188, "event_type": "streaming_indicator_engine.data_anomalies_detected", "data": {"symbol": "ARIA_USDT", "timestamp": 1762076672.308999, "anomalies": ["stale_timestamp: 1762076672.308999 vs 1764665510.1122096"], "data_sample": {"price": 0.16762, "volume": 9.0}}}
{"timestamp": "2025-12-02T08:51:50.112209+00:00", "level": "WARNING", "module": "logger", "funcName": "_log", "lineno": 188, "event_type": "streaming_indicator_engine.data_anomalies_detected", "data": {"symbol": "ARIA_USDT", "timestamp": 1762076685.309999, "anomalies": ["stale_timestamp: 1762076685.309999 vs 1764665510.1122096"], "data_sample": {"price": 0.16732, "volume": 9.0}}}
{"timestamp": "2025-12-02T08:51:50.130169+00:00", "level": "WARNING", "module": "logger", "funcName": "_log", "lineno": 188, "event_type": "streaming_indicator_engine.data_anomalies_detected", "data": {"symbol": "ARIA_USDT", "timestamp": 1762076699.311, "anomalies": ["stale_timestamp: 1762076699.311 vs 1764665510.1301696"], "data_sample": {"price": 0.16737, "volume": 11.0}}}
{"timestamp": "2025-12-02T08:51:50.145799+00:00", "level": "WARNING", "module": "logger", "funcName": "_log", "lineno": 188, "event_type": "streaming_indicator_engine.data_anomalies_detected", "data": {"symbol": "ARIA_USDT", "timestamp": 1762076713.309999, "anomalies": ["stale_timestamp: 1762076713.309999 vs 1764665510.1457992"], "data_sample": {"price": 0.16735, "volume": 4.0}}}
{"timestamp": "2025-12-02T08:51:50.160951+00:00", "level": "WARNING", "module": "logger", "funcName": "_log", "lineno": 188, "event_type": "streaming_indicator_engine.data_anomalies_detected", "data": {"symbol": "ARIA_USDT", "timestamp": 1762076728.311, "anomalies": ["stale_timestamp: 1762076728.311 vs 1764665510.1609514"], "data_sample": {"price": 0.16739, "volume": 9.0}}}
{"timestamp": "2025-12-02T08:51:50.175688+00:00", "level": "WARNING", "module": "logger", "funcName": "_log", "lineno": 188, "event_type": "streaming_indicator_engine.data_anomalies_detected", "data": {"symbol": "ARIA_USDT", "timestamp": 1762076734.308999, "anomalies": ["stale_timestamp: 1762076734.308999 vs 1764665510.1756883"], "data_sample": {"price": 0.16744, "volume": 9.0}}}
{"timestamp": "2025-12-02T08:51:50.190842+00:00", "level": "WARNING", "module": "logger", "funcName": "_log", "lineno": 188, "event_type": "streaming_indicator_engine.data_anomalies_detected", "data": {"symbol": "ARIA_USDT", "timestamp": 1762076750.309999, "anomalies": ["stale_timestamp: 1762076750.309999 vs 1764665510.1908424"], "data_sample": {"price": 0.16747, "volume": 10.0}}}
{"timestamp": "2025-12-02T08:51:50.205577+00:00", "level": "WARNING", "module": "logger", "funcName": "_log", "lineno": 188, "event_type": "streaming_indicator_engine.data_anomalies_detected", "data": {"symbol": "ARIA_USDT", "timestamp": 1762076759.311, "anomalies": ["stale_timestamp: 1762076759.311 vs 1764665510.2055774"], "data_sample": {"price": 0.16746, "volume": 10.0}}}
{"timestamp": "2025-12-02T08:51:50.221627+00:00", "level": "WARNING", "module": "logger", "funcName": "_log", "lineno": 188, "event_type": "streaming_indicator_engine.data_anomalies_detected", "data": {"symbol": "ARIA_USDT", "timestamp": 1762076767.309999, "anomalies": ["stale_timestamp: 1762076767.309999 vs 1764665510.2216275"], "data_sample": {"price": 0.16742, "volume": 8.0}}}
{"timestamp": "2025-12-02T08:51:50.237149+00:00", "level": "WARNING", "module": "logger", "funcName": "_log", "lineno": 188, "event_type": "streaming_indicator_engine.data_anomalies_detected", "data": {"symbol": "ARIA_USDT", "timestamp": 1762076783.312, "anomalies": ["stale_timestamp: 1762076783.312 vs 1764665510.2371495"], "data_sample": {"price": 0.16745, "volume": 8.0}}}
{"timestamp": "2025-12-02T08:51:50.252045+00:00", "level": "WARNING", "module": "logger", "funcName": "_log", "lineno": 188, "event_type": "streaming_indicator_engine.data_anomalies_detected", "data": {"symbol": "ARIA_USDT", "timestamp": 1762076789.309999, "anomalies": ["stale_timestamp: 1762076789.309999 vs 1764665510.2520452"], "data_sample": {"price": 0.16755, "volume": 9.0}}}
{"timestamp": "2025-12-02T08:51:50.268062+00:00", "level": "WARNING", "module": "logger", "funcName": "_log", "lineno": 188, "event_type": "streaming_indicator_engine.data_anomalies_detected", "data": {"symbol": "ARIA_USDT", "timestamp": 1762076803.311, "anomalies": ["stale_timestamp: 1762076803.311 vs 1764665510.268062"], "data_sample": {"price": 0.16758, "volume": 10.0}}}
{"timestamp": "2025-12-02T08:51:50.284942+00:00", "level": "WARNING", "module": "logger", "funcName": "_log", "lineno": 188, "event_type": "streaming_indicator_engine.data_anomalies_detected", "data": {"symbol": "ARIA_USDT", "timestamp": 1762076816.308999, "anomalies": ["stale_timestamp: 1762076816.308999 vs 1764665510.2849426"], "data_sample": {"price": 0.16762, "volume": 9.0}}}
{"timestamp": "2025-12-02T08:51:50.301298+00:00", "level": "WARNING", "module": "logger", "funcName": "_log", "lineno": 188, "event_type": "streaming_indicator_engine.data_anomalies_detected", "data": {"symbol": "ARIA_USDT", "timestamp": 1762076825.312999, "anomalies": ["stale_timestamp: 1762076825.312999 vs 1764665510.300109"], "data_sample": {"price": 0.16751, "volume": 10.0}}}
{"timestamp": "2025-12-02T08:51:50.314725+00:00", "level": "WARNING", "module": "logger", "funcName": "_log", "lineno": 188, "event_type": "streaming_indicator_engine.data_anomalies_detected", "data": {"symbol": "ARIA_USDT", "timestamp": 1762076831.316999, "anomalies": ["stale_timestamp: 1762076831.316999 vs 1764665510.3147259"], "data_sample": {"price": 0.1674, "volume": 6.0}}}
{"timestamp": "2025-12-02T08:51:50.330814+00:00", "level": "WARNING", "module": "logger", "funcName": "_log", "lineno": 188, "event_type": "streaming_indicator_engine.data_anomalies_detected", "data": {"symbol": "ARIA_USDT", "timestamp": 1762076839.311, "anomalies": ["stale_timestamp: 1762076839.311 vs 1764665510.3308141"], "data_sample": {"price": 0.16741, "volume": 8.0}}}
{"timestamp": "2025-12-02T08:51:50.346515+00:00", "level": "WARNING", "module": "logger", "funcName": "_log", "lineno": 188, "event_type": "streaming_indicator_engine.data_anomalies_detected", "data": {"symbol": "ARIA_USDT", "timestamp": 1762076846.312, "anomalies": ["stale_timestamp: 1762076846.312 vs 1764665510.3465157"], "data_sample": {"price": 0.1674, "volume": 6.0}}}
{"timestamp": "2025-12-02T08:51:50.361784+00:00", "level": "WARNING", "module": "logger", "funcName": "_log", "lineno": 188, "event_type": "streaming_indicator_engine.data_anomalies_detected", "data": {"symbol": "ARIA_USDT", "timestamp": 1762076859.309999, "anomalies": ["stale_timestamp: 1762076859.309999 vs 1764665510.361784"], "data_sample": {"price": 0.16723, "volume": 5.0}}}
{"timestamp": "2025-12-02T08:51:50.376615+00:00", "level": "WARNING", "module": "logger", "funcName": "_log", "lineno": 188, "event_type": "streaming_indicator_engine.data_anomalies_detected", "data": {"symbol": "ARIA_USDT", "timestamp": 1762076870.309999, "anomalies": ["stale_timestamp: 1762076870.309999 vs 1764665510.3766158"], "data_sample": {"price": 0.16724, "volume": 9.0}}}
{"timestamp": "2025-12-02T08:51:50.392550+00:00", "level": "WARNING", "module": "logger", "funcName": "_log", "lineno": 188, "event_type": "streaming_indicator_engine.data_anomalies_detected", "data": {"symbol": "ARIA_USDT", "timestamp": 1762076878.309999, "anomalies": ["stale_timestamp: 1762076878.309999 vs 1764665510.392551"], "data_sample": {"price": 0.16731, "volume": 4.0}}}
{"timestamp": "2025-12-02T08:51:50.408352+00:00", "level": "WARNING", "module": "logger", "funcName": "_log", "lineno": 188, "event_type": "streaming_indicator_engine.data_anomalies_detected", "data": {"symbol": "ARIA_USDT", "timestamp": 1762076892.311, "anomalies": ["stale_timestamp: 1762076892.311 vs 1764665510.4083529"], "data_sample": {"price": 0.16728, "volume": 9.0}}}
{"timestamp": "2025-12-02T08:51:50.438537+00:00", "level": "WARNING", "module": "logger", "funcName": "_log", "lineno": 188, "event_type": "streaming_indicator_engine.data_anomalies_detected", "data": {"symbol": "ARIA_USDT", "timestamp": 1762076900.309999, "anomalies": ["stale_timestamp: 1762076900.309999 vs 1764665510.4385371"], "data_sample": {"price": 0.16731, "volume": 7.0}}}
{"timestamp": "2025-12-02T08:51:50.453826+00:00", "level": "WARNING", "module": "logger", "funcName": "_log", "lineno": 188, "event_type": "streaming_indicator_engine.data_anomalies_detected", "data": {"symbol": "ARIA_USDT", "timestamp": 1762076915.308999, "anomalies": ["stale_timestamp: 1762076915.308999 vs 1764665510.453826"], "data_sample": {"price": 0.16729, "volume": 4.0}}}
{"timestamp": "2025-12-02T08:51:50.469039+00:00", "level": "WARNING", "module": "logger", "funcName": "_log", "lineno": 188, "event_type": "streaming_indicator_engine.data_anomalies_detected", "data": {"symbol": "ARIA_USDT", "timestamp": 1762076929.309999, "anomalies": ["stale_timestamp: 1762076929.309999 vs 1764665510.4690397"], "data_sample": {"price": 0.16725, "volume": 11.0}}}
{"timestamp": "2025-12-02T08:51:50.484233+00:00", "level": "WARNING", "module": "logger", "funcName": "_log", "lineno": 188, "event_type": "streaming_indicator_engine.data_anomalies_detected", "data": {"symbol": "ARIA_USDT", "timestamp": 1762076940.312999, "anomalies": ["stale_timestamp: 1762076940.312999 vs 1764665510.4842334"], "data_sample": {"price": 0.16733, "volume": 8.0}}}
{"timestamp": "2025-12-02T08:51:50.499872+00:00", "level": "WARNING", "module": "logger", "funcName": "_log", "lineno": 188, "event_type": "streaming_indicator_engine.data_anomalies_detected", "data": {"symbol": "ARIA_USDT", "timestamp": 1762076949.324999, "anomalies": ["stale_timestamp: 1762076949.324999 vs 1764665510.499873"], "data_sample": {"price": 0.1673, "volume": 8.0}}}
{"timestamp": "2025-12-02T08:51:50.515434+00:00", "level": "WARNING", "module": "logger", "funcName": "_log", "lineno": 188, "event_type": "streaming_indicator_engine.data_anomalies_detected", "data": {"symbol": "ARIA_USDT", "timestamp": 1762076965.316, "anomalies": ["stale_timestamp: 1762076965.316 vs 1764665510.5154347"], "data_sample": {"price": 0.16729, "volume": 4.0}}}
{"timestamp": "2025-12-02T08:51:50.531011+00:00", "level": "WARNING", "module": "logger", "funcName": "_log", "lineno": 188, "event_type": "streaming_indicator_engine.data_anomalies_detected", "data": {"symbol": "ARIA_USDT", "timestamp": 1762076978.312, "anomalies": ["stale_timestamp: 1762076978.312 vs 1764665510.530631"], "data_sample": {"price": 0.1673, "volume": 9.0}}}
{"timestamp": "2025-12-02T08:51:50.545516+00:00", "level": "WARNING", "module": "logger", "funcName": "_log", "lineno": 188, "event_type": "streaming_indicator_engine.data_anomalies_detected", "data": {"symbol": "ARIA_USDT", "timestamp": 1762076990.315, "anomalies": ["stale_timestamp: 1762076990.315 vs 1764665510.5455163"], "data_sample": {"price": 0.16733, "volume": 10.0}}}
{"timestamp": "2025-12-02T08:51:50.561507+00:00", "level": "WARNING", "module": "logger", "funcName": "_log", "lineno": 188, "event_type": "streaming_indicator_engine.data_anomalies_detected", "data": {"symbol": "ARIA_USDT", "timestamp": 1762076997.315, "anomalies": ["stale_timestamp: 1762076997.315 vs 1764665510.5615077"], "data_sample": {"price": 0.16726, "volume": 12.0}}}
{"timestamp": "2025-12-02T08:51:50.576645+00:00", "level": "WARNING", "module": "logger", "funcName": "_log", "lineno": 188, "event_type": "streaming_indicator_engine.data_anomalies_detected", "data": {"symbol": "ARIA_USDT", "timestamp": 1762077007.309999, "anomalies": ["stale_timestamp: 1762077007.309999 vs 1764665510.5766454"], "data_sample": {"price": 0.16719, "volume": 4.0}}}
{"timestamp": "2025-12-02T08:51:50.591565+00:00", "level": "WARNING", "module": "logger", "funcName": "_log", "lineno": 188, "event_type": "streaming_indicator_engine.data_anomalies_detected", "data": {"symbol": "ARIA_USDT", "timestamp": 1762077018.309999, "anomalies": ["stale_timestamp: 1762077018.309999 vs 1764665510.5915651"], "data_sample": {"price": 0.16722, "volume": 8.0}}}
{"timestamp": "2025-12-02T08:51:50.608195+00:00", "level": "WARNING", "module": "logger", "funcName": "_log", "lineno": 188, "event_type": "streaming_indicator_engine.data_anomalies_detected", "data": {"symbol": "ARIA_USDT", "timestamp": 1762077025.309999, "anomalies": ["stale_timestamp: 1762077025.309999 vs 1764665510.6081953"], "data_sample": {"price": 0.16726, "volume": 5.0}}}
{"timestamp": "2025-12-02T08:51:50.623908+00:00", "level": "WARNING", "module": "logger", "funcName": "_log", "lineno": 188, "event_type": "streaming_indicator_engine.data_anomalies_detected", "data": {"symbol": "ARIA_USDT", "timestamp": 1762077033.311, "anomalies": ["stale_timestamp: 1762077033.311 vs 1764665510.623908"], "data_sample": {"price": 0.16725, "volume": 4.0}}}
{"timestamp": "2025-12-02T08:51:50.639293+00:00", "level": "WARNING", "module": "logger", "funcName": "_log", "lineno": 188, "event_type": "streaming_indicator_engine.data_anomalies_detected", "data": {"symbol": "ARIA_USDT", "timestamp": 1762077042.309999, "anomalies": ["stale_timestamp: 1762077042.309999 vs 1764665510.639294"], "data_sample": {"price": 0.16724, "volume": 4.0}}}
{"timestamp": "2025-12-02T08:51:50.654687+00:00", "level": "WARNING", "module": "logger", "funcName": "_log", "lineno": 188, "event_type": "streaming_indicator_engine.data_anomalies_detected", "data": {"symbol": "ARIA_USDT", "timestamp": 1762077051.309999, "anomalies": ["stale_timestamp: 1762077051.309999 vs 1764665510.654687"], "data_sample": {"price": 0.16725, "volume": 4.0}}}
{"timestamp": "2025-12-02T08:51:50.670238+00:00", "level": "WARNING", "module": "logger", "funcName": "_log", "lineno": 188, "event_type": "streaming_indicator_engine.data_anomalies_detected", "data": {"symbol": "ARIA_USDT", "timestamp": 1762077057.312999, "anomalies": ["stale_timestamp: 1762077057.312999 vs 1764665510.6702383"], "data_sample": {"price": 0.16726, "volume": 3.0}}}
{"timestamp": "2025-12-02T08:51:50.685682+00:00", "level": "WARNING", "module": "logger", "funcName": "_log", "lineno": 188, "event_type": "streaming_indicator_engine.data_anomalies_detected", "data": {"symbol": "ARIA_USDT", "timestamp": 1762077067.316999, "anomalies": ["stale_timestamp: 1762077067.316999 vs 1764665510.685682"], "data_sample": {"price": 0.16725, "volume": 8.0}}}
{"timestamp": "2025-12-02T08:51:50.701239+00:00", "level": "WARNING", "module": "logger", "funcName": "_log", "lineno": 188, "event_type": "streaming_indicator_engine.data_anomalies_detected", "data": {"symbol": "ARIA_USDT", "timestamp": 1762077081.308, "anomalies": ["stale_timestamp: 1762077081.308 vs 1764665510.7012396"], "data_sample": {"price": 0.16714, "volume": 6.0}}}
{"timestamp": "2025-12-02T08:51:50.718475+00:00", "level": "WARNING", "module": "logger", "funcName": "_log", "lineno": 188, "event_type": "streaming_indicator_engine.data_anomalies_detected", "data": {"symbol": "ARIA_USDT", "timestamp": 1762077089.311, "anomalies": ["stale_timestamp: 1762077089.311 vs 1764665510.716957"], "data_sample": {"price": 0.16711, "volume": 4.0}}}
{"timestamp": "2025-12-02T08:51:50.731998+00:00", "level": "WARNING", "module": "logger", "funcName": "_log", "lineno": 188, "event_type": "streaming_indicator_engine.data_anomalies_detected", "data": {"symbol": "ARIA_USDT", "timestamp": 1762077098.311, "anomalies": ["stale_timestamp: 1762077098.311 vs 1764665510.7319982"], "data_sample": {"price": 0.16702, "volume": 4.0}}}
{"timestamp": "2025-12-02T08:51:50.747017+00:00", "level": "WARNING", "module": "logger", "funcName": "_log", "lineno": 188, "event_type": "streaming_indicator_engine.data_anomalies_detected", "data": {"symbol": "ARIA_USDT", "timestamp": 1762077107.335, "anomalies": ["stale_timestamp: 1762077107.335 vs 1764665510.7470174"], "data_sample": {"price": 0.167, "volume": 26.0}}}
{"timestamp": "2025-12-02T08:51:50.762469+00:00", "level": "WARNING", "module": "logger", "funcName": "_log", "lineno": 188, "event_type": "streaming_indicator_engine.data_anomalies_detected", "data": {"symbol": "ARIA_USDT", "timestamp": 1762077121.309999, "anomalies": ["stale_timestamp: 1762077121.309999 vs 1764665510.7624693"], "data_sample": {"price": 0.16704, "volume": 8.0}}}
{"timestamp": "2025-12-02T08:51:50.778399+00:00", "level": "WARNING", "module": "logger", "funcName": "_log", "lineno": 188, "event_type": "streaming_indicator_engine.data_anomalies_detected", "data": {"symbol": "ARIA_USDT", "timestamp": 1762077123.420999, "anomalies": ["stale_timestamp: 1762077123.420999 vs 1764665510.7783995"], "data_sample": {"price": 0.167, "volume": 59.0}}}
{"timestamp": "2025-12-02T08:51:50.793744+00:00", "level": "WARNING", "module": "logger", "funcName": "_log", "lineno": 188, "event_type": "streaming_indicator_engine.data_anomalies_detected", "data": {"symbol": "ARIA_USDT", "timestamp": 1762077139.311, "anomalies": ["stale_timestamp: 1762077139.311 vs 1764665510.7937443"], "data_sample": {"price": 0.16703, "volume": 5.0}}}
{"timestamp": "2025-12-02T08:51:50.808471+00:00", "level": "WARNING", "module": "logger", "funcName": "_log", "lineno": 188, "event_type": "streaming_indicator_engine.data_anomalies_detected", "data": {"symbol": "ARIA_USDT", "timestamp": 1762077152.308999, "anomalies": ["stale_timestamp: 1762077152.308999 vs 1764665510.8084714"], "data_sample": {"price": 0.16708, "volume": 9.0}}}
{"timestamp": "2025-12-02T08:51:50.823516+00:00", "level": "WARNING", "module": "logger", "funcName": "_log", "lineno": 188, "event_type": "streaming_indicator_engine.data_anomalies_detected", "data": {"symbol": "ARIA_USDT", "timestamp": 1762077163.309999, "anomalies": ["stale_timestamp: 1762077163.309999 vs 1764665510.8235161"], "data_sample": {"price": 0.16713, "volume": 11.0}}}
{"timestamp": "2025-12-02T08:51:50.839354+00:00", "level": "WARNING", "module": "logger", "funcName": "_log", "lineno": 188, "event_type": "streaming_indicator_engine.data_anomalies_detected", "data": {"symbol": "ARIA_USDT", "timestamp": 1762077172.309999, "anomalies": ["stale_timestamp: 1762077172.309999 vs 1764665510.839355"], "data_sample": {"price": 0.16706, "volume": 12.0}}}
{"timestamp": "2025-12-02T08:51:50.854326+00:00", "level": "WARNING", "module": "logger", "funcName": "_log", "lineno": 188, "event_type": "streaming_indicator_engine.data_anomalies_detected", "data": {"symbol": "ARIA_USDT", "timestamp": 1762077187.312999, "anomalies": ["stale_timestamp: 1762077187.312999 vs 1764665510.8543262"], "data_sample": {"price": 0.16705, "volume": 4.0}}}
{"timestamp": "2025-12-02T08:51:50.869180+00:00", "level": "WARNING", "module": "logger", "funcName": "_log", "lineno": 188, "event_type": "streaming_indicator_engine.data_anomalies_detected", "data": {"symbol": "ARIA_USDT", "timestamp": 1762077203.309999, "anomalies": ["stale_timestamp: 1762077203.309999 vs 1764665510.86918"], "data_sample": {"price": 0.16703, "volume": 6.0}}}
{"timestamp": "2025-12-02T08:51:50.885854+00:00", "level": "WARNING", "module": "logger", "funcName": "_log", "lineno": 188, "event_type": "streaming_indicator_engine.data_anomalies_detected", "data": {"symbol": "ARIA_USDT", "timestamp": 1762077211.312, "anomalies": ["stale_timestamp: 1762077211.312 vs 1764665510.8858547"], "data_sample": {"price": 0.16707, "volume": 9.0}}}
{"timestamp": "2025-12-02T08:51:50.901696+00:00", "level": "WARNING", "module": "logger", "funcName": "_log", "lineno": 188, "event_type": "streaming_indicator_engine.data_anomalies_detected", "data": {"symbol": "ARIA_USDT", "timestamp": 1762077227.312999, "anomalies": ["stale_timestamp: 1762077227.312999 vs 1764665510.9007988"], "data_sample": {"price": 0.16704, "volume": 4.0}}}
{"timestamp": "2025-12-02T08:51:50.916911+00:00", "level": "WARNING", "module": "logger", "funcName": "_log", "lineno": 188, "event_type": "streaming_indicator_engine.data_anomalies_detected", "data": {"symbol": "ARIA_USDT", "timestamp": 1762077234.308999, "anomalies": ["stale_timestamp: 1762077234.308999 vs 1764665510.9169116"], "data_sample": {"price": 0.16708, "volume": 8.0}}}
{"timestamp": "2025-12-02T08:51:50.931846+00:00", "level": "WARNING", "module": "logger", "funcName": "_log", "lineno": 188, "event_type": "streaming_indicator_engine.data_anomalies_detected", "data": {"symbol": "ARIA_USDT", "timestamp": 1762077247.312999, "anomalies": ["stale_timestamp: 1762077247.312999 vs 1764665510.931846"], "data_sample": {"price": 0.16705, "volume": 7.0}}}
{"timestamp": "2025-12-02T08:51:50.947519+00:00", "level": "WARNING", "module": "logger", "funcName": "_log", "lineno": 188, "event_type": "streaming_indicator_engine.data_anomalies_detected", "data": {"symbol": "ARIA_USDT", "timestamp": 1762077263.309999, "anomalies": ["stale_timestamp: 1762077263.309999 vs 1764665510.9475193"], "data_sample": {"price": 0.16704, "volume": 7.0}}}
{"timestamp": "2025-12-02T08:51:50.963397+00:00", "level": "WARNING", "module": "logger", "funcName": "_log", "lineno": 188, "event_type": "streaming_indicator_engine.data_anomalies_detected", "data": {"symbol": "ARIA_USDT", "timestamp": 1762077274.309999, "anomalies": ["stale_timestamp: 1762077274.309999 vs 1764665510.9633973"], "data_sample": {"price": 0.16709, "volume": 4.0}}}
{"timestamp": "2025-12-02T08:51:50.979068+00:00", "level": "WARNING", "module": "logger", "funcName": "_log", "lineno": 188, "event_type": "streaming_indicator_engine.data_anomalies_detected", "data": {"symbol": "ARIA_USDT", "timestamp": 1762077281.311, "anomalies": ["stale_timestamp: 1762077281.311 vs 1764665510.9785638"], "data_sample": {"price": 0.16713, "volume": 12.0}}}
{"timestamp": "2025-12-02T08:51:50.994483+00:00", "level": "WARNING", "module": "logger", "funcName": "_log", "lineno": 188, "event_type": "streaming_indicator_engine.data_anomalies_detected", "data": {"symbol": "ARIA_USDT", "timestamp": 1762077290.312, "anomalies": ["stale_timestamp: 1762077290.312 vs 1764665510.9944835"], "data_sample": {"price": 0.16709, "volume": 8.0}}}
{"timestamp": "2025-12-02T08:51:51.009948+00:00", "level": "WARNING", "module": "logger", "funcName": "_log", "lineno": 188, "event_type": "streaming_indicator_engine.data_anomalies_detected", "data": {"symbol": "ARIA_USDT", "timestamp": 1762077299.312, "anomalies": ["stale_timestamp: 1762077299.312 vs 1764665511.0099483"], "data_sample": {"price": 0.16706, "volume": 8.0}}}
{"timestamp": "2025-12-02T08:51:51.024600+00:00", "level": "WARNING", "module": "logger", "funcName": "_log", "lineno": 188, "event_type": "streaming_indicator_engine.data_anomalies_detected", "data": {"symbol": "ARIA_USDT", "timestamp": 1762077309.309999, "anomalies": ["stale_timestamp: 1762077309.309999 vs 1764665511.0246"], "data_sample": {"price": 0.16705, "volume": 6.0}}}
{"timestamp": "2025-12-02T08:51:51.040126+00:00", "level": "WARNING", "module": "logger", "funcName": "_log", "lineno": 188, "event_type": "streaming_indicator_engine.data_anomalies_detected", "data": {"symbol": "ARIA_USDT", "timestamp": 1762077318.312, "anomalies": ["stale_timestamp: 1762077318.312 vs 1764665511.0401266"], "data_sample": {"price": 0.16706, "volume": 9.0}}}
{"timestamp": "2025-12-02T08:51:51.054909+00:00", "level": "WARNING", "module": "logger", "funcName": "_log", "lineno": 188, "event_type": "streaming_indicator_engine.data_anomalies_detected", "data": {"symbol": "ARIA_USDT", "timestamp": 1762077324.309999, "anomalies": ["stale_timestamp: 1762077324.309999 vs 1764665511.0549095"], "data_sample": {"price": 0.1671, "volume": 5.0}}}
{"timestamp": "2025-12-02T08:51:51.055903+00:00", "level": "WARNING", "module": "logger", "funcName": "_log", "lineno": 188, "event_type": "streaming_indicator_engine.data_anomalies_detected", "data": {"symbol": "ARIA_USDT", "timestamp": 1762077335.309999, "anomalies": ["stale_timestamp: 1762077335.309999 vs 1764665511.055903"], "data_sample": {"price": 0.16709, "volume": 4.0}}}
{"timestamp": "2025-12-02T08:51:51.070575+00:00", "level": "WARNING", "module": "logger", "funcName": "_log", "lineno": 188, "event_type": "streaming_indicator_engine.data_anomalies_detected", "data": {"symbol": "ARIA_USDT", "timestamp": 1762077351.309999, "anomalies": ["stale_timestamp: 1762077351.309999 vs 1764665511.0705757"], "data_sample": {"price": 0.1671, "volume": 3.0}}}
{"timestamp": "2025-12-02T08:51:51.086201+00:00", "level": "WARNING", "module": "logger", "funcName": "_log", "lineno": 188, "event_type": "streaming_indicator_engine.data_anomalies_detected", "data": {"symbol": "ARIA_USDT", "timestamp": 1762077362.309999, "anomalies": ["stale_timestamp: 1762077362.309999 vs 1764665511.0862017"], "data_sample": {"price": 0.16716, "volume": 5.0}}}
{"timestamp": "2025-12-02T08:51:51.091278+00:00", "level": "INFO", "module": "logger", "funcName": "_log", "lineno": 188, "event_type": "strategy_manager.indicator_update_received", "data": {"symbol": "ARIA_USDT", "indicator_name": "11b8be00-eed3-48fe-b359-df47b297226c_20", "indicator_type": "", "value": 0.0004838458739992909, "active_strategies_for_symbol": true, "active_count": 3}}
{"timestamp": "2025-12-02T08:51:51.092279+00:00", "level": "WARNING", "module": "logger", "funcName": "_log", "lineno": 188, "event_type": "streaming_indicator_engine.data_anomalies_detected", "data": {"symbol": "ARIA_USDT", "timestamp": 1762077376.309999, "anomalies": ["stale_timestamp: 1762077376.309999 vs 1764665511.09228"], "data_sample": {"price": 0.16724, "volume": 11.0}}}
{"timestamp": "2025-12-02T08:51:51.093281+00:00", "level": "WARNING", "module": "logger", "funcName": "_log", "lineno": 188, "event_type": "streaming_indicator_engine.data_anomalies_detected", "data": {"symbol": "ARIA_USDT", "timestamp": 1762077387.309999, "anomalies": ["stale_timestamp: 1762077387.309999 vs 1764665511.093281"], "data_sample": {"price": 0.16726, "volume": 11.0}}}
{"timestamp": "2025-12-02T08:51:51.093281+00:00", "level": "WARNING", "module": "logger", "funcName": "_log", "lineno": 188, "event_type": "streaming_indicator_engine.data_anomalies_detected", "data": {"symbol": "ARIA_USDT", "timestamp": 1762077395.309999, "anomalies": ["stale_timestamp: 1762077395.309999 vs 1764665511.093281"], "data_sample": {"price": 0.16728, "volume": 3.0}}}
{"timestamp": "2025-12-02T08:51:51.094281+00:00", "level": "WARNING", "module": "logger", "funcName": "_log", "lineno": 188, "event_type": "streaming_indicator_engine.data_anomalies_detected", "data": {"symbol": "ARIA_USDT", "timestamp": 1762077402.309999, "anomalies": ["stale_timestamp: 1762077402.309999 vs 1764665511.0942812"], "data_sample": {"price": 0.1673, "volume": 10.0}}}
{"timestamp": "2025-12-02T08:51:51.095281+00:00", "level": "WARNING", "module": "logger", "funcName": "_log", "lineno": 188, "event_type": "streaming_indicator_engine.data_anomalies_detected", "data": {"symbol": "ARIA_USDT", "timestamp": 1762077412.311, "anomalies": ["stale_timestamp: 1762077412.311 vs 1764665511.0942812"], "data_sample": {"price": 0.16729, "volume": 7.0}}}
{"timestamp": "2025-12-02T08:51:51.095281+00:00", "level": "INFO", "module": "logger", "funcName": "_log", "lineno": 188, "event_type": "strategy_manager.indicator_update_received", "data": {"symbol": "ARIA_USDT", "indicator_name": "11b8be00-eed3-48fe-b359-df47b297226c_20", "indicator_type": "", "value": 0.0004838458739992909, "active_strategies_for_symbol": true, "active_count": 3}}
{"timestamp": "2025-12-02T08:51:51.095281+00:00", "level": "WARNING", "module": "logger", "funcName": "_log", "lineno": 188, "event_type": "streaming_indicator_engine.data_anomalies_detected", "data": {"symbol": "ARIA_USDT", "timestamp": 1762077421.309999, "anomalies": ["stale_timestamp: 1762077421.309999 vs 1764665511.0952811"], "data_sample": {"price": 0.16727, "volume": 4.0}}}
{"timestamp": "2025-12-02T08:51:51.098785+00:00", "level": "INFO", "module": "logger", "funcName": "_log", "lineno": 188, "event_type": "strategy_manager.indicator_update_received", "data": {"symbol": "ARIA_USDT", "indicator_name": "790d8eed-dc95-43ff-b625-1205d256154b_20", "indicator_type": "", "value": 0.0013506874143189638, "active_strategies_for_symbol": true, "active_count": 3}}
{"timestamp": "2025-12-02T08:51:51.099793+00:00", "level": "INFO", "module": "logger", "funcName": "_log", "lineno": 188, "event_type": "strategy_manager.indicator_update_received", "data": {"symbol": "ARIA_USDT", "indicator_name": "790d8eed-dc95-43ff-b625-1205d256154b_20", "indicator_type": "", "value": 0.0013506874143189638, "active_strategies_for_symbol": true, "active_count": 3}}
{"timestamp": "2025-12-02T08:51:51.100802+00:00", "level": "WARNING", "module": "logger", "funcName": "_log", "lineno": 188, "event_type": "streaming_indicator_engine.data_anomalies_detected", "data": {"symbol": "ARIA_USDT", "timestamp": 1762076372.312999, "anomalies": ["stale_timestamp: 1762076372.312999 vs 1764665511.1008024"], "data_sample": {"price": 0.1671, "volume": 3.0}}}
{"timestamp": "2025-12-02T08:51:51.103950+00:00", "level": "WARNING", "module": "logger", "funcName": "_log", "lineno": 188, "event_type": "streaming_indicator_engine.data_anomalies_detected", "data": {"symbol": "ARIA_USDT", "timestamp": 1762076381.309999, "anomalies": ["stale_timestamp: 1762076381.309999 vs 1764665511.1039505"], "data_sample": {"price": 0.16715, "volume": 8.0}}}
{"timestamp": "2025-12-02T08:51:51.104956+00:00", "level": "WARNING", "module": "logger", "funcName": "_log", "lineno": 188, "event_type": "streaming_indicator_engine.data_anomalies_detected", "data": {"symbol": "ARIA_USDT", "timestamp": 1762076388.311, "anomalies": ["stale_timestamp: 1762076388.311 vs 1764665511.1049566"], "data_sample": {"price": 0.16714, "volume": 9.0}}}
{"timestamp": "2025-12-02T08:51:51.106071+00:00", "level": "WARNING", "module": "logger", "funcName": "_log", "lineno": 188, "event_type": "streaming_indicator_engine.data_anomalies_detected", "data": {"symbol": "ARIA_USDT", "timestamp": 1762076401.309999, "anomalies": ["stale_timestamp: 1762076401.309999 vs 1764665511.1060712"], "data_sample": {"price": 0.16717, "volume": 7.0}}}
{"timestamp": "2025-12-02T08:51:51.108071+00:00", "level": "WARNING", "module": "logger", "funcName": "_log", "lineno": 188, "event_type": "streaming_indicator_engine.data_anomalies_detected", "data": {"symbol": "ARIA_USDT", "timestamp": 1762076408.312, "anomalies": ["stale_timestamp: 1762076408.312 vs 1764665511.107061"], "data_sample": {"price": 0.16713, "volume": 3.0}}}
{"timestamp": "2025-12-02T08:51:51.132795+00:00", "level": "WARNING", "module": "logger", "funcName": "_log", "lineno": 188, "event_type": "streaming_indicator_engine.data_anomalies_detected", "data": {"symbol": "ARIA_USDT", "timestamp": 1762076417.311, "anomalies": ["stale_timestamp: 1762076417.311 vs 1764665511.1327953"], "data_sample": {"price": 0.16708, "volume": 3.0}}}
{"timestamp": "2025-12-02T08:51:51.148308+00:00", "level": "WARNING", "module": "logger", "funcName": "_log", "lineno": 188, "event_type": "streaming_indicator_engine.data_anomalies_detected", "data": {"symbol": "ARIA_USDT", "timestamp": 1762076427.308999, "anomalies": ["stale_timestamp: 1762076427.308999 vs 1764665511.1483085"], "data_sample": {"price": 0.16707, "volume": 12.0}}}
{"timestamp": "2025-12-02T08:51:51.163133+00:00", "level": "WARNING", "module": "logger", "funcName": "_log", "lineno": 188, "event_type": "streaming_indicator_engine.data_anomalies_detected", "data": {"symbol": "ARIA_USDT", "timestamp": 1762076435.309999, "anomalies": ["stale_timestamp: 1762076435.309999 vs 1764665511.1631339"], "data_sample": {"price": 0.1671, "volume": 4.0}}}
{"timestamp": "2025-12-02T08:51:51.179333+00:00", "level": "WARNING", "module": "logger", "funcName": "_log", "lineno": 188, "event_type": "streaming_indicator_engine.data_anomalies_detected", "data": {"symbol": "ARIA_USDT", "timestamp": 1762076447.309999, "anomalies": ["stale_timestamp: 1762076447.309999 vs 1764665511.1793332"], "data_sample": {"price": 0.16708, "volume": 9.0}}}
{"timestamp": "2025-12-02T08:51:51.194668+00:00", "level": "WARNING", "module": "logger", "funcName": "_log", "lineno": 188, "event_type": "streaming_indicator_engine.data_anomalies_detected", "data": {"symbol": "ARIA_USDT", "timestamp": 1762076462.309999, "anomalies": ["stale_timestamp: 1762076462.309999 vs 1764665511.1946688"], "data_sample": {"price": 0.16726, "volume": 10.0}}}
{"timestamp": "2025-12-02T08:51:51.210406+00:00", "level": "WARNING", "module": "logger", "funcName": "_log", "lineno": 188, "event_type": "streaming_indicator_engine.data_anomalies_detected", "data": {"symbol": "ARIA_USDT", "timestamp": 1762076476.308999, "anomalies": ["stale_timestamp: 1762076476.308999 vs 1764665511.2104063"], "data_sample": {"price": 0.16745, "volume": 9.0}}}
{"timestamp": "2025-12-02T08:51:51.226440+00:00", "level": "WARNING", "module": "logger", "funcName": "_log", "lineno": 188, "event_type": "streaming_indicator_engine.data_anomalies_detected", "data": {"symbol": "ARIA_USDT", "timestamp": 1762076490.311, "anomalies": ["stale_timestamp: 1762076490.311 vs 1764665511.2264407"], "data_sample": {"price": 0.16766, "volume": 7.0}}}
{"timestamp": "2025-12-02T08:51:51.242352+00:00", "level": "WARNING", "module": "logger", "funcName": "_log", "lineno": 188, "event_type": "streaming_indicator_engine.data_anomalies_detected", "data": {"symbol": "ARIA_USDT", "timestamp": 1762076501.311, "anomalies": ["stale_timestamp: 1762076501.311 vs 1764665511.2423527"], "data_sample": {"price": 0.16763, "volume": 5.0}}}
{"timestamp": "2025-12-02T08:51:51.258465+00:00", "level": "WARNING", "module": "logger", "funcName": "_log", "lineno": 188, "event_type": "streaming_indicator_engine.data_anomalies_detected", "data": {"symbol": "ARIA_USDT", "timestamp": 1762076514.408999, "anomalies": ["stale_timestamp: 1762076514.408999 vs 1764665511.2584658"], "data_sample": {"price": 0.16766, "volume": 10.0}}}
{"timestamp": "2025-12-02T08:51:51.273970+00:00", "level": "WARNING", "module": "logger", "funcName": "_log", "lineno": 188, "event_type": "streaming_indicator_engine.data_anomalies_detected", "data": {"symbol": "ARIA_USDT", "timestamp": 1762076520.311, "anomalies": ["stale_timestamp: 1762076520.311 vs 1764665511.2739704"], "data_sample": {"price": 0.1677, "volume": 9.0}}}
{"timestamp": "2025-12-02T08:51:51.289718+00:00", "level": "WARNING", "module": "logger", "funcName": "_log", "lineno": 188, "event_type": "streaming_indicator_engine.data_anomalies_detected", "data": {"symbol": "ARIA_USDT", "timestamp": 1762076531.311, "anomalies": ["stale_timestamp: 1762076531.311 vs 1764665511.2897186"], "data_sample": {"price": 0.16778, "volume": 10.0}}}
{"timestamp": "2025-12-02T08:51:51.305309+00:00", "level": "WARNING", "module": "logger", "funcName": "_log", "lineno": 188, "event_type": "streaming_indicator_engine.data_anomalies_detected", "data": {"symbol": "ARIA_USDT", "timestamp": 1762076537.311, "anomalies": ["stale_timestamp: 1762076537.311 vs 1764665511.3053093"], "data_sample": {"price": 0.16777, "volume": 10.0}}}
{"timestamp": "2025-12-02T08:51:51.321301+00:00", "level": "WARNING", "module": "logger", "funcName": "_log", "lineno": 188, "event_type": "streaming_indicator_engine.data_anomalies_detected", "data": {"symbol": "ARIA_USDT", "timestamp": 1762076543.312, "anomalies": ["stale_timestamp: 1762076543.312 vs 1764665511.3213015"], "data_sample": {"price": 0.16765, "volume": 8.0}}}
{"timestamp": "2025-12-02T08:51:51.336464+00:00", "level": "WARNING", "module": "logger", "funcName": "_log", "lineno": 188, "event_type": "streaming_indicator_engine.data_anomalies_detected", "data": {"symbol": "ARIA_USDT", "timestamp": 1762076551.311, "anomalies": ["stale_timestamp: 1762076551.311 vs 1764665511.3355508"], "data_sample": {"price": 0.16776, "volume": 7.0}}}
{"timestamp": "2025-12-02T08:51:51.352107+00:00", "level": "WARNING", "module": "logger", "funcName": "_log", "lineno": 188, "event_type": "streaming_indicator_engine.data_anomalies_detected", "data": {"symbol": "ARIA_USDT", "timestamp": 1762076567.313999, "anomalies": ["stale_timestamp: 1762076567.313999 vs 1764665511.3511083"], "data_sample": {"price": 0.16779, "volume": 4.0}}}
{"timestamp": "2025-12-02T08:51:51.355103+00:00", "level": "INFO", "module": "logger", "funcName": "_log", "lineno": 188, "event_type": "strategy_manager.indicator_update_received", "data": {"symbol": "ARIA_USDT", "indicator_name": "611fad91-045d-408b-8822-f43428935033_20", "indicator_type": "", "value": 0.0010199876548628493, "active_strategies_for_symbol": true, "active_count": 3}}
{"timestamp": "2025-12-02T08:51:51.357102+00:00", "level": "WARNING", "module": "logger", "funcName": "_log", "lineno": 188, "event_type": "streaming_indicator_engine.data_anomalies_detected", "data": {"symbol": "ARIA_USDT", "timestamp": 1762076582.312999, "anomalies": ["stale_timestamp: 1762076582.312999 vs 1764665511.3571026"], "data_sample": {"price": 0.16774, "volume": 4.0}}}
{"timestamp": "2025-12-02T08:51:51.358139+00:00", "level": "WARNING", "module": "logger", "funcName": "_log", "lineno": 188, "event_type": "streaming_indicator_engine.data_anomalies_detected", "data": {"symbol": "ARIA_USDT", "timestamp": 1762076595.309999, "anomalies": ["stale_timestamp: 1762076595.309999 vs 1764665511.358139"], "data_sample": {"price": 0.16776, "volume": 10.0}}}
{"timestamp": "2025-12-02T08:51:51.358139+00:00", "level": "WARNING", "module": "logger", "funcName": "_log", "lineno": 188, "event_type": "streaming_indicator_engine.data_anomalies_detected", "data": {"symbol": "ARIA_USDT", "timestamp": 1762076606.309999, "anomalies": ["stale_timestamp: 1762076606.309999 vs 1764665511.358139"], "data_sample": {"price": 0.16772, "volume": 9.0}}}
{"timestamp": "2025-12-02T08:51:51.359239+00:00", "level": "WARNING", "module": "logger", "funcName": "_log", "lineno": 188, "event_type": "streaming_indicator_engine.data_anomalies_detected", "data": {"symbol": "ARIA_USDT", "timestamp": 1762076620.309999, "anomalies": ["stale_timestamp: 1762076620.309999 vs 1764665511.3592393"], "data_sample": {"price": 0.16764, "volume": 5.0}}}
{"timestamp": "2025-12-02T08:51:51.360343+00:00", "level": "WARNING", "module": "logger", "funcName": "_log", "lineno": 188, "event_type": "streaming_indicator_engine.data_anomalies_detected", "data": {"symbol": "ARIA_USDT", "timestamp": 1762076628.311, "anomalies": ["stale_timestamp: 1762076628.311 vs 1764665511.3603437"], "data_sample": {"price": 0.16761, "volume": 7.0}}}
{"timestamp": "2025-12-02T08:51:51.361333+00:00", "level": "INFO", "module": "logger", "funcName": "_log", "lineno": 188, "event_type": "strategy_manager.indicator_update_received", "data": {"symbol": "ARIA_USDT", "indicator_name": "611fad91-045d-408b-8822-f43428935033_20", "indicator_type": "", "value": 0.0010199876548628493, "active_strategies_for_symbol": true, "active_count": 3}}
{"timestamp": "2025-12-02T08:51:51.362325+00:00", "level": "WARNING", "module": "logger", "funcName": "_log", "lineno": 188, "event_type": "streaming_indicator_engine.data_anomalies_detected", "data": {"symbol": "ARIA_USDT", "timestamp": 1762076638.312999, "anomalies": ["stale_timestamp: 1762076638.312999 vs 1764665511.3623254"], "data_sample": {"price": 0.16763, "volume": 10.0}}}
{"timestamp": "2025-12-02T08:51:51.363239+00:00", "level": "WARNING", "module": "logger", "funcName": "_log", "lineno": 188, "event_type": "streaming_indicator_engine.data_anomalies_detected", "data": {"symbol": "ARIA_USDT", "timestamp": 1762076647.309999, "anomalies": ["stale_timestamp: 1762076647.309999 vs 1764665511.3623254"], "data_sample": {"price": 0.16762, "volume": 4.0}}}
{"timestamp": "2025-12-02T08:51:51.363239+00:00", "level": "WARNING", "module": "logger", "funcName": "_log", "lineno": 188, "event_type": "streaming_indicator_engine.data_anomalies_detected", "data": {"symbol": "ARIA_USDT", "timestamp": 1762076653.309999, "anomalies": ["stale_timestamp: 1762076653.309999 vs 1764665511.3632395"], "data_sample": {"price": 0.16761, "volume": 9.0}}}
{"timestamp": "2025-12-02T08:51:51.364318+00:00", "level": "WARNING", "module": "logger", "funcName": "_log", "lineno": 188, "event_type": "streaming_indicator_engine.data_anomalies_detected", "data": {"symbol": "ARIA_USDT", "timestamp": 1762076666.309999, "anomalies": ["stale_timestamp: 1762076666.309999 vs 1764665511.3643186"], "data_sample": {"price": 0.16763, "volume": 9.0}}}
{"timestamp": "2025-12-02T08:51:51.364318+00:00", "level": "WARNING", "module": "logger", "funcName": "_log", "lineno": 188, "event_type": "streaming_indicator_engine.data_anomalies_detected", "data": {"symbol": "ARIA_USDT", "timestamp": 1762076672.308999, "anomalies": ["stale_timestamp: 1762076672.308999 vs 1764665511.3643186"], "data_sample": {"price": 0.16762, "volume": 9.0}}}
{"timestamp": "2025-12-02T08:51:51.365334+00:00", "level": "WARNING", "module": "logger", "funcName": "_log", "lineno": 188, "event_type": "streaming_indicator_engine.data_anomalies_detected", "data": {"symbol": "ARIA_USDT", "timestamp": 1762076685.309999, "anomalies": ["stale_timestamp: 1762076685.309999 vs 1764665511.3653347"], "data_sample": {"price": 0.16732, "volume": 9.0}}}
{"timestamp": "2025-12-02T08:51:51.365334+00:00", "level": "WARNING", "module": "logger", "funcName": "_log", "lineno": 188, "event_type": "streaming_indicator_engine.data_anomalies_detected", "data": {"symbol": "ARIA_USDT", "timestamp": 1762076699.311, "anomalies": ["stale_timestamp: 1762076699.311 vs 1764665511.3653347"], "data_sample": {"price": 0.16737, "volume": 11.0}}}
{"timestamp": "2025-12-02T08:51:51.382226+00:00", "level": "WARNING", "module": "logger", "funcName": "_log", "lineno": 188, "event_type": "streaming_indicator_engine.data_anomalies_detected", "data": {"symbol": "ARIA_USDT", "timestamp": 1762076713.309999, "anomalies": ["stale_timestamp: 1762076713.309999 vs 1764665511.3822267"], "data_sample": {"price": 0.16735, "volume": 4.0}}}
{"timestamp": "2025-12-02T08:51:51.398325+00:00", "level": "WARNING", "module": "logger", "funcName": "_log", "lineno": 188, "event_type": "streaming_indicator_engine.data_anomalies_detected", "data": {"symbol": "ARIA_USDT", "timestamp": 1762076728.311, "anomalies": ["stale_timestamp: 1762076728.311 vs 1764665511.3983254"], "data_sample": {"price": 0.16739, "volume": 9.0}}}
{"timestamp": "2025-12-02T08:51:51.414429+00:00", "level": "WARNING", "module": "logger", "funcName": "_log", "lineno": 188, "event_type": "streaming_indicator_engine.data_anomalies_detected", "data": {"symbol": "ARIA_USDT", "timestamp": 1762076734.308999, "anomalies": ["stale_timestamp: 1762076734.308999 vs 1764665511.4144292"], "data_sample": {"price": 0.16744, "volume": 9.0}}}
{"timestamp": "2025-12-02T08:51:51.429665+00:00", "level": "WARNING", "module": "logger", "funcName": "_log", "lineno": 188, "event_type": "streaming_indicator_engine.data_anomalies_detected", "data": {"symbol": "ARIA_USDT", "timestamp": 1762076750.309999, "anomalies": ["stale_timestamp: 1762076750.309999 vs 1764665511.4296658"], "data_sample": {"price": 0.16747, "volume": 10.0}}}
{"timestamp": "2025-12-02T08:51:51.444547+00:00", "level": "WARNING", "module": "logger", "funcName": "_log", "lineno": 188, "event_type": "streaming_indicator_engine.data_anomalies_detected", "data": {"symbol": "ARIA_USDT", "timestamp": 1762076759.311, "anomalies": ["stale_timestamp: 1762076759.311 vs 1764665511.4445474"], "data_sample": {"price": 0.16746, "volume": 10.0}}}
{"timestamp": "2025-12-02T08:51:51.459319+00:00", "level": "WARNING", "module": "logger", "funcName": "_log", "lineno": 188, "event_type": "streaming_indicator_engine.data_anomalies_detected", "data": {"symbol": "ARIA_USDT", "timestamp": 1762076767.309999, "anomalies": ["stale_timestamp: 1762076767.309999 vs 1764665511.4593196"], "data_sample": {"price": 0.16742, "volume": 8.0}}}
{"timestamp": "2025-12-02T08:51:51.474642+00:00", "level": "WARNING", "module": "logger", "funcName": "_log", "lineno": 188, "event_type": "streaming_indicator_engine.data_anomalies_detected", "data": {"symbol": "ARIA_USDT", "timestamp": 1762076783.312, "anomalies": ["stale_timestamp: 1762076783.312 vs 1764665511.4746428"], "data_sample": {"price": 0.16745, "volume": 8.0}}}
{"timestamp": "2025-12-02T08:51:51.489995+00:00", "level": "WARNING", "module": "logger", "funcName": "_log", "lineno": 188, "event_type": "streaming_indicator_engine.data_anomalies_detected", "data": {"symbol": "ARIA_USDT", "timestamp": 1762076789.309999, "anomalies": ["stale_timestamp: 1762076789.309999 vs 1764665511.4899955"], "data_sample": {"price": 0.16755, "volume": 9.0}}}
{"timestamp": "2025-12-02T08:51:51.505426+00:00", "level": "WARNING", "module": "logger", "funcName": "_log", "lineno": 188, "event_type": "streaming_indicator_engine.data_anomalies_detected", "data": {"symbol": "ARIA_USDT", "timestamp": 1762076803.311, "anomalies": ["stale_timestamp: 1762076803.311 vs 1764665511.5054262"], "data_sample": {"price": 0.16758, "volume": 10.0}}}
{"timestamp": "2025-12-02T08:51:51.521471+00:00", "level": "WARNING", "module": "logger", "funcName": "_log", "lineno": 188, "event_type": "streaming_indicator_engine.data_anomalies_detected", "data": {"symbol": "ARIA_USDT", "timestamp": 1762076816.308999, "anomalies": ["stale_timestamp: 1762076816.308999 vs 1764665511.5214717"], "data_sample": {"price": 0.16762, "volume": 9.0}}}
{"timestamp": "2025-12-02T08:51:51.535979+00:00", "level": "WARNING", "module": "logger", "funcName": "_log", "lineno": 188, "event_type": "streaming_indicator_engine.data_anomalies_detected", "data": {"symbol": "ARIA_USDT", "timestamp": 1762076825.312999, "anomalies": ["stale_timestamp: 1762076825.312999 vs 1764665511.5359793"], "data_sample": {"price": 0.16751, "volume": 10.0}}}
{"timestamp": "2025-12-02T08:51:51.551751+00:00", "level": "WARNING", "module": "logger", "funcName": "_log", "lineno": 188, "event_type": "streaming_indicator_engine.data_anomalies_detected", "data": {"symbol": "ARIA_USDT", "timestamp": 1762076831.316999, "anomalies": ["stale_timestamp: 1762076831.316999 vs 1764665511.5517516"], "data_sample": {"price": 0.1674, "volume": 6.0}}}
{"timestamp": "2025-12-02T08:51:51.566983+00:00", "level": "WARNING", "module": "logger", "funcName": "_log", "lineno": 188, "event_type": "streaming_indicator_engine.data_anomalies_detected", "data": {"symbol": "ARIA_USDT", "timestamp": 1762076839.311, "anomalies": ["stale_timestamp: 1762076839.311 vs 1764665511.5669835"], "data_sample": {"price": 0.16741, "volume": 8.0}}}
{"timestamp": "2025-12-02T08:51:51.582644+00:00", "level": "WARNING", "module": "logger", "funcName": "_log", "lineno": 188, "event_type": "streaming_indicator_engine.data_anomalies_detected", "data": {"symbol": "ARIA_USDT", "timestamp": 1762076846.312, "anomalies": ["stale_timestamp: 1762076846.312 vs 1764665511.5826445"], "data_sample": {"price": 0.1674, "volume": 6.0}}}
{"timestamp": "2025-12-02T08:51:51.597442+00:00", "level": "WARNING", "module": "logger", "funcName": "_log", "lineno": 188, "event_type": "streaming_indicator_engine.data_anomalies_detected", "data": {"symbol": "ARIA_USDT", "timestamp": 1762076859.309999, "anomalies": ["stale_timestamp: 1762076859.309999 vs 1764665511.5974426"], "data_sample": {"price": 0.16723, "volume": 5.0}}}
{"timestamp": "2025-12-02T08:51:51.612658+00:00", "level": "WARNING", "module": "logger", "funcName": "_log", "lineno": 188, "event_type": "streaming_indicator_engine.data_anomalies_detected", "data": {"symbol": "ARIA_USDT", "timestamp": 1762076870.309999, "anomalies": ["stale_timestamp: 1762076870.309999 vs 1764665511.6126583"], "data_sample": {"price": 0.16724, "volume": 9.0}}}
      Status: running, Ticks: 0, Signals: 0
{"timestamp": "2025-12-02T08:51:51.627398+00:00", "level": "WARNING", "module": "logger", "funcName": "_log", "lineno": 188, "event_type": "streaming_indicator_engine.data_anomalies_detected", "data": {"symbol": "ARIA_USDT", "timestamp": 1762076878.309999, "anomalies": ["stale_timestamp: 1762076878.309999 vs 1764665511.6273978"], "data_sample": {"price": 0.16731, "volume": 4.0}}}
{"timestamp": "2025-12-02T08:51:51.642798+00:00", "level": "WARNING", "module": "logger", "funcName": "_log", "lineno": 188, "event_type": "streaming_indicator_engine.data_anomalies_detected", "data": {"symbol": "ARIA_USDT", "timestamp": 1762076892.311, "anomalies": ["stale_timestamp: 1762076892.311 vs 1764665511.6427982"], "data_sample": {"price": 0.16728, "volume": 9.0}}}
{"timestamp": "2025-12-02T08:51:51.673558+00:00", "level": "WARNING", "module": "logger", "funcName": "_log", "lineno": 188, "event_type": "streaming_indicator_engine.data_anomalies_detected", "data": {"symbol": "ARIA_USDT", "timestamp": 1762076900.309999, "anomalies": ["stale_timestamp: 1762076900.309999 vs 1764665511.6735585"], "data_sample": {"price": 0.16731, "volume": 7.0}}}
{"timestamp": "2025-12-02T08:51:51.689478+00:00", "level": "WARNING", "module": "logger", "funcName": "_log", "lineno": 188, "event_type": "streaming_indicator_engine.data_anomalies_detected", "data": {"symbol": "ARIA_USDT", "timestamp": 1762076915.308999, "anomalies": ["stale_timestamp: 1762076915.308999 vs 1764665511.6894784"], "data_sample": {"price": 0.16729, "volume": 4.0}}}
{"timestamp": "2025-12-02T08:51:51.704237+00:00", "level": "WARNING", "module": "logger", "funcName": "_log", "lineno": 188, "event_type": "streaming_indicator_engine.data_anomalies_detected", "data": {"symbol": "ARIA_USDT", "timestamp": 1762076929.309999, "anomalies": ["stale_timestamp: 1762076929.309999 vs 1764665511.704237"], "data_sample": {"price": 0.16725, "volume": 11.0}}}
{"timestamp": "2025-12-02T08:51:51.721163+00:00", "level": "WARNING", "module": "logger", "funcName": "_log", "lineno": 188, "event_type": "streaming_indicator_engine.data_anomalies_detected", "data": {"symbol": "ARIA_USDT", "timestamp": 1762076940.312999, "anomalies": ["stale_timestamp: 1762076940.312999 vs 1764665511.721163"], "data_sample": {"price": 0.16733, "volume": 8.0}}}
{"timestamp": "2025-12-02T08:51:51.736617+00:00", "level": "WARNING", "module": "logger", "funcName": "_log", "lineno": 188, "event_type": "streaming_indicator_engine.data_anomalies_detected", "data": {"symbol": "ARIA_USDT", "timestamp": 1762076949.324999, "anomalies": ["stale_timestamp: 1762076949.324999 vs 1764665511.7355573"], "data_sample": {"price": 0.1673, "volume": 8.0}}}
{"timestamp": "2025-12-02T08:51:51.750658+00:00", "level": "WARNING", "module": "logger", "funcName": "_log", "lineno": 188, "event_type": "streaming_indicator_engine.data_anomalies_detected", "data": {"symbol": "ARIA_USDT", "timestamp": 1762076965.316, "anomalies": ["stale_timestamp: 1762076965.316 vs 1764665511.7506588"], "data_sample": {"price": 0.16729, "volume": 4.0}}}
{"timestamp": "2025-12-02T08:51:51.765466+00:00", "level": "WARNING", "module": "logger", "funcName": "_log", "lineno": 188, "event_type": "streaming_indicator_engine.data_anomalies_detected", "data": {"symbol": "ARIA_USDT", "timestamp": 1762076978.312, "anomalies": ["stale_timestamp: 1762076978.312 vs 1764665511.7654665"], "data_sample": {"price": 0.1673, "volume": 9.0}}}
{"timestamp": "2025-12-02T08:51:51.780870+00:00", "level": "WARNING", "module": "logger", "funcName": "_log", "lineno": 188, "event_type": "streaming_indicator_engine.data_anomalies_detected", "data": {"symbol": "ARIA_USDT", "timestamp": 1762076990.315, "anomalies": ["stale_timestamp: 1762076990.315 vs 1764665511.7808707"], "data_sample": {"price": 0.16733, "volume": 10.0}}}
{"timestamp": "2025-12-02T08:51:51.796536+00:00", "level": "WARNING", "module": "logger", "funcName": "_log", "lineno": 188, "event_type": "streaming_indicator_engine.data_anomalies_detected", "data": {"symbol": "ARIA_USDT", "timestamp": 1762076997.315, "anomalies": ["stale_timestamp: 1762076997.315 vs 1764665511.796536"], "data_sample": {"price": 0.16726, "volume": 12.0}}}
{"timestamp": "2025-12-02T08:51:51.811893+00:00", "level": "WARNING", "module": "logger", "funcName": "_log", "lineno": 188, "event_type": "streaming_indicator_engine.data_anomalies_detected", "data": {"symbol": "ARIA_USDT", "timestamp": 1762077007.309999, "anomalies": ["stale_timestamp: 1762077007.309999 vs 1764665511.8118935"], "data_sample": {"price": 0.16719, "volume": 4.0}}}
{"timestamp": "2025-12-02T08:51:51.827330+00:00", "level": "WARNING", "module": "logger", "funcName": "_log", "lineno": 188, "event_type": "streaming_indicator_engine.data_anomalies_detected", "data": {"symbol": "ARIA_USDT", "timestamp": 1762077018.309999, "anomalies": ["stale_timestamp: 1762077018.309999 vs 1764665511.8273308"], "data_sample": {"price": 0.16722, "volume": 8.0}}}
{"timestamp": "2025-12-02T08:51:51.842932+00:00", "level": "WARNING", "module": "logger", "funcName": "_log", "lineno": 188, "event_type": "streaming_indicator_engine.data_anomalies_detected", "data": {"symbol": "ARIA_USDT", "timestamp": 1762077025.309999, "anomalies": ["stale_timestamp: 1762077025.309999 vs 1764665511.8429327"], "data_sample": {"price": 0.16726, "volume": 5.0}}}
{"timestamp": "2025-12-02T08:51:51.858291+00:00", "level": "WARNING", "module": "logger", "funcName": "_log", "lineno": 188, "event_type": "streaming_indicator_engine.data_anomalies_detected", "data": {"symbol": "ARIA_USDT", "timestamp": 1762077033.311, "anomalies": ["stale_timestamp: 1762077033.311 vs 1764665511.8582916"], "data_sample": {"price": 0.16725, "volume": 4.0}}}
{"timestamp": "2025-12-02T08:51:51.874246+00:00", "level": "WARNING", "module": "logger", "funcName": "_log", "lineno": 188, "event_type": "streaming_indicator_engine.data_anomalies_detected", "data": {"symbol": "ARIA_USDT", "timestamp": 1762077042.309999, "anomalies": ["stale_timestamp: 1762077042.309999 vs 1764665511.8742464"], "data_sample": {"price": 0.16724, "volume": 4.0}}}
{"timestamp": "2025-12-02T08:51:51.890317+00:00", "level": "WARNING", "module": "logger", "funcName": "_log", "lineno": 188, "event_type": "streaming_indicator_engine.data_anomalies_detected", "data": {"symbol": "ARIA_USDT", "timestamp": 1762077051.309999, "anomalies": ["stale_timestamp: 1762077051.309999 vs 1764665511.890318"], "data_sample": {"price": 0.16725, "volume": 4.0}}}
{"timestamp": "2025-12-02T08:51:51.905892+00:00", "level": "WARNING", "module": "logger", "funcName": "_log", "lineno": 188, "event_type": "streaming_indicator_engine.data_anomalies_detected", "data": {"symbol": "ARIA_USDT", "timestamp": 1762077057.312999, "anomalies": ["stale_timestamp: 1762077057.312999 vs 1764665511.9058926"], "data_sample": {"price": 0.16726, "volume": 3.0}}}
{"timestamp": "2025-12-02T08:51:51.921463+00:00", "level": "WARNING", "module": "logger", "funcName": "_log", "lineno": 188, "event_type": "streaming_indicator_engine.data_anomalies_detected", "data": {"symbol": "ARIA_USDT", "timestamp": 1762077067.316999, "anomalies": ["stale_timestamp: 1762077067.316999 vs 1764665511.9214633"], "data_sample": {"price": 0.16725, "volume": 8.0}}}
{"timestamp": "2025-12-02T08:51:51.938393+00:00", "level": "WARNING", "module": "logger", "funcName": "_log", "lineno": 188, "event_type": "streaming_indicator_engine.data_anomalies_detected", "data": {"symbol": "ARIA_USDT", "timestamp": 1762077081.308, "anomalies": ["stale_timestamp: 1762077081.308 vs 1764665511.936884"], "data_sample": {"price": 0.16714, "volume": 6.0}}}
{"timestamp": "2025-12-02T08:51:51.953623+00:00", "level": "WARNING", "module": "logger", "funcName": "_log", "lineno": 188, "event_type": "streaming_indicator_engine.data_anomalies_detected", "data": {"symbol": "ARIA_USDT", "timestamp": 1762077089.311, "anomalies": ["stale_timestamp: 1762077089.311 vs 1764665511.9526107"], "data_sample": {"price": 0.16711, "volume": 4.0}}}
{"timestamp": "2025-12-02T08:51:51.968497+00:00", "level": "WARNING", "module": "logger", "funcName": "_log", "lineno": 188, "event_type": "streaming_indicator_engine.data_anomalies_detected", "data": {"symbol": "ARIA_USDT", "timestamp": 1762077098.311, "anomalies": ["stale_timestamp: 1762077098.311 vs 1764665511.968498"], "data_sample": {"price": 0.16702, "volume": 4.0}}}
{"timestamp": "2025-12-02T08:51:51.984248+00:00", "level": "WARNING", "module": "logger", "funcName": "_log", "lineno": 188, "event_type": "streaming_indicator_engine.data_anomalies_detected", "data": {"symbol": "ARIA_USDT", "timestamp": 1762077107.335, "anomalies": ["stale_timestamp: 1762077107.335 vs 1764665511.9842484"], "data_sample": {"price": 0.167, "volume": 26.0}}}
{"timestamp": "2025-12-02T08:51:52.000252+00:00", "level": "WARNING", "module": "logger", "funcName": "_log", "lineno": 188, "event_type": "streaming_indicator_engine.data_anomalies_detected", "data": {"symbol": "ARIA_USDT", "timestamp": 1762077121.309999, "anomalies": ["stale_timestamp: 1762077121.309999 vs 1764665512.000253"], "data_sample": {"price": 0.16704, "volume": 8.0}}}
{"timestamp": "2025-12-02T08:51:52.015627+00:00", "level": "WARNING", "module": "logger", "funcName": "_log", "lineno": 188, "event_type": "streaming_indicator_engine.data_anomalies_detected", "data": {"symbol": "ARIA_USDT", "timestamp": 1762077123.420999, "anomalies": ["stale_timestamp: 1762077123.420999 vs 1764665512.0156279"], "data_sample": {"price": 0.167, "volume": 59.0}}}
{"timestamp": "2025-12-02T08:51:52.030930+00:00", "level": "WARNING", "module": "logger", "funcName": "_log", "lineno": 188, "event_type": "streaming_indicator_engine.data_anomalies_detected", "data": {"symbol": "ARIA_USDT", "timestamp": 1762077139.311, "anomalies": ["stale_timestamp: 1762077139.311 vs 1764665512.0309305"], "data_sample": {"price": 0.16703, "volume": 5.0}}}
{"timestamp": "2025-12-02T08:51:52.046713+00:00", "level": "WARNING", "module": "logger", "funcName": "_log", "lineno": 188, "event_type": "streaming_indicator_engine.data_anomalies_detected", "data": {"symbol": "ARIA_USDT", "timestamp": 1762077152.308999, "anomalies": ["stale_timestamp: 1762077152.308999 vs 1764665512.0467138"], "data_sample": {"price": 0.16708, "volume": 9.0}}}
{"timestamp": "2025-12-02T08:51:52.061915+00:00", "level": "WARNING", "module": "logger", "funcName": "_log", "lineno": 188, "event_type": "streaming_indicator_engine.data_anomalies_detected", "data": {"symbol": "ARIA_USDT", "timestamp": 1762077163.309999, "anomalies": ["stale_timestamp: 1762077163.309999 vs 1764665512.061915"], "data_sample": {"price": 0.16713, "volume": 11.0}}}
{"timestamp": "2025-12-02T08:51:52.064913+00:00", "level": "WARNING", "module": "logger", "funcName": "_log", "lineno": 188, "event_type": "streaming_indicator_engine.data_anomalies_detected", "data": {"symbol": "ARIA_USDT", "timestamp": 1762077172.309999, "anomalies": ["stale_timestamp: 1762077172.309999 vs 1764665512.064913"], "data_sample": {"price": 0.16706, "volume": 12.0}}}
{"timestamp": "2025-12-02T08:51:52.078013+00:00", "level": "WARNING", "module": "logger", "funcName": "_log", "lineno": 188, "event_type": "streaming_indicator_engine.data_anomalies_detected", "data": {"symbol": "ARIA_USDT", "timestamp": 1762077187.312999, "anomalies": ["stale_timestamp: 1762077187.312999 vs 1764665512.0780134"], "data_sample": {"price": 0.16705, "volume": 4.0}}}
{"timestamp": "2025-12-02T08:51:52.092701+00:00", "level": "WARNING", "module": "logger", "funcName": "_log", "lineno": 188, "event_type": "streaming_indicator_engine.data_anomalies_detected", "data": {"symbol": "ARIA_USDT", "timestamp": 1762077203.309999, "anomalies": ["stale_timestamp: 1762077203.309999 vs 1764665512.0927014"], "data_sample": {"price": 0.16703, "volume": 6.0}}}
{"timestamp": "2025-12-02T08:51:52.108314+00:00", "level": "WARNING", "module": "logger", "funcName": "_log", "lineno": 188, "event_type": "streaming_indicator_engine.data_anomalies_detected", "data": {"symbol": "ARIA_USDT", "timestamp": 1762077211.312, "anomalies": ["stale_timestamp: 1762077211.312 vs 1764665512.1083143"], "data_sample": {"price": 0.16707, "volume": 9.0}}}
{"timestamp": "2025-12-02T08:51:52.123488+00:00", "level": "WARNING", "module": "logger", "funcName": "_log", "lineno": 188, "event_type": "streaming_indicator_engine.data_anomalies_detected", "data": {"symbol": "ARIA_USDT", "timestamp": 1762077227.312999, "anomalies": ["stale_timestamp: 1762077227.312999 vs 1764665512.1234884"], "data_sample": {"price": 0.16704, "volume": 4.0}}}
{"timestamp": "2025-12-02T08:51:52.138605+00:00", "level": "WARNING", "module": "logger", "funcName": "_log", "lineno": 188, "event_type": "streaming_indicator_engine.data_anomalies_detected", "data": {"symbol": "ARIA_USDT", "timestamp": 1762077234.308999, "anomalies": ["stale_timestamp: 1762077234.308999 vs 1764665512.138605"], "data_sample": {"price": 0.16708, "volume": 8.0}}}
{"timestamp": "2025-12-02T08:51:52.153509+00:00", "level": "WARNING", "module": "logger", "funcName": "_log", "lineno": 188, "event_type": "streaming_indicator_engine.data_anomalies_detected", "data": {"symbol": "ARIA_USDT", "timestamp": 1762077247.312999, "anomalies": ["stale_timestamp: 1762077247.312999 vs 1764665512.1535091"], "data_sample": {"price": 0.16705, "volume": 7.0}}}
{"timestamp": "2025-12-02T08:51:52.168395+00:00", "level": "WARNING", "module": "logger", "funcName": "_log", "lineno": 188, "event_type": "streaming_indicator_engine.data_anomalies_detected", "data": {"symbol": "ARIA_USDT", "timestamp": 1762077263.309999, "anomalies": ["stale_timestamp: 1762077263.309999 vs 1764665512.1683955"], "data_sample": {"price": 0.16704, "volume": 7.0}}}
{"timestamp": "2025-12-02T08:51:52.183215+00:00", "level": "WARNING", "module": "logger", "funcName": "_log", "lineno": 188, "event_type": "streaming_indicator_engine.data_anomalies_detected", "data": {"symbol": "ARIA_USDT", "timestamp": 1762077274.309999, "anomalies": ["stale_timestamp: 1762077274.309999 vs 1764665512.1832156"], "data_sample": {"price": 0.16709, "volume": 4.0}}}
{"timestamp": "2025-12-02T08:51:52.198148+00:00", "level": "WARNING", "module": "logger", "funcName": "_log", "lineno": 188, "event_type": "streaming_indicator_engine.data_anomalies_detected", "data": {"symbol": "ARIA_USDT", "timestamp": 1762077281.311, "anomalies": ["stale_timestamp: 1762077281.311 vs 1764665512.198149"], "data_sample": {"price": 0.16713, "volume": 12.0}}}
{"timestamp": "2025-12-02T08:51:52.214029+00:00", "level": "WARNING", "module": "logger", "funcName": "_log", "lineno": 188, "event_type": "streaming_indicator_engine.data_anomalies_detected", "data": {"symbol": "ARIA_USDT", "timestamp": 1762077290.312, "anomalies": ["stale_timestamp: 1762077290.312 vs 1764665512.2140296"], "data_sample": {"price": 0.16709, "volume": 8.0}}}
{"timestamp": "2025-12-02T08:51:52.230019+00:00", "level": "WARNING", "module": "logger", "funcName": "_log", "lineno": 188, "event_type": "streaming_indicator_engine.data_anomalies_detected", "data": {"symbol": "ARIA_USDT", "timestamp": 1762077299.312, "anomalies": ["stale_timestamp: 1762077299.312 vs 1764665512.2300196"], "data_sample": {"price": 0.16706, "volume": 8.0}}}
{"timestamp": "2025-12-02T08:51:52.245206+00:00", "level": "WARNING", "module": "logger", "funcName": "_log", "lineno": 188, "event_type": "streaming_indicator_engine.data_anomalies_detected", "data": {"symbol": "ARIA_USDT", "timestamp": 1762077309.309999, "anomalies": ["stale_timestamp: 1762077309.309999 vs 1764665512.2452068"], "data_sample": {"price": 0.16705, "volume": 6.0}}}
{"timestamp": "2025-12-02T08:51:52.260512+00:00", "level": "WARNING", "module": "logger", "funcName": "_log", "lineno": 188, "event_type": "streaming_indicator_engine.data_anomalies_detected", "data": {"symbol": "ARIA_USDT", "timestamp": 1762077318.312, "anomalies": ["stale_timestamp: 1762077318.312 vs 1764665512.2605128"], "data_sample": {"price": 0.16706, "volume": 9.0}}}
{"timestamp": "2025-12-02T08:51:52.276289+00:00", "level": "WARNING", "module": "logger", "funcName": "_log", "lineno": 188, "event_type": "streaming_indicator_engine.data_anomalies_detected", "data": {"symbol": "ARIA_USDT", "timestamp": 1762077324.309999, "anomalies": ["stale_timestamp: 1762077324.309999 vs 1764665512.2762897"], "data_sample": {"price": 0.1671, "volume": 5.0}}}
{"timestamp": "2025-12-02T08:51:52.291550+00:00", "level": "WARNING", "module": "logger", "funcName": "_log", "lineno": 188, "event_type": "streaming_indicator_engine.data_anomalies_detected", "data": {"symbol": "ARIA_USDT", "timestamp": 1762077335.309999, "anomalies": ["stale_timestamp: 1762077335.309999 vs 1764665512.2915504"], "data_sample": {"price": 0.16709, "volume": 4.0}}}
{"timestamp": "2025-12-02T08:51:52.306710+00:00", "level": "WARNING", "module": "logger", "funcName": "_log", "lineno": 188, "event_type": "streaming_indicator_engine.data_anomalies_detected", "data": {"symbol": "ARIA_USDT", "timestamp": 1762077351.309999, "anomalies": ["stale_timestamp: 1762077351.309999 vs 1764665512.30671"], "data_sample": {"price": 0.1671, "volume": 3.0}}}
{"timestamp": "2025-12-02T08:51:52.310226+00:00", "level": "INFO", "module": "logger", "funcName": "_log", "lineno": 188, "event_type": "strategy_manager.indicator_update_received", "data": {"symbol": "ARIA_USDT", "indicator_name": "11b8be00-eed3-48fe-b359-df47b297226c_20", "indicator_type": "", "value": 0.0003740859211824653, "active_strategies_for_symbol": true, "active_count": 3}}
{"timestamp": "2025-12-02T08:51:52.311232+00:00", "level": "WARNING", "module": "logger", "funcName": "_log", "lineno": 188, "event_type": "streaming_indicator_engine.data_anomalies_detected", "data": {"symbol": "ARIA_USDT", "timestamp": 1762077362.309999, "anomalies": ["stale_timestamp: 1762077362.309999 vs 1764665512.311233"], "data_sample": {"price": 0.16716, "volume": 5.0}}}
{"timestamp": "2025-12-02T08:51:52.311232+00:00", "level": "WARNING", "module": "logger", "funcName": "_log", "lineno": 188, "event_type": "streaming_indicator_engine.data_anomalies_detected", "data": {"symbol": "ARIA_USDT", "timestamp": 1762077376.309999, "anomalies": ["stale_timestamp: 1762077376.309999 vs 1764665512.311233"], "data_sample": {"price": 0.16724, "volume": 11.0}}}
{"timestamp": "2025-12-02T08:51:52.312722+00:00", "level": "WARNING", "module": "logger", "funcName": "_log", "lineno": 188, "event_type": "streaming_indicator_engine.data_anomalies_detected", "data": {"symbol": "ARIA_USDT", "timestamp": 1762077387.309999, "anomalies": ["stale_timestamp: 1762077387.309999 vs 1764665512.312723"], "data_sample": {"price": 0.16726, "volume": 11.0}}}
{"timestamp": "2025-12-02T08:51:52.313750+00:00", "level": "WARNING", "module": "logger", "funcName": "_log", "lineno": 188, "event_type": "streaming_indicator_engine.data_anomalies_detected", "data": {"symbol": "ARIA_USDT", "timestamp": 1762077395.309999, "anomalies": ["stale_timestamp: 1762077395.309999 vs 1764665512.3137507"], "data_sample": {"price": 0.16728, "volume": 3.0}}}
{"timestamp": "2025-12-02T08:51:52.313750+00:00", "level": "WARNING", "module": "logger", "funcName": "_log", "lineno": 188, "event_type": "streaming_indicator_engine.data_anomalies_detected", "data": {"symbol": "ARIA_USDT", "timestamp": 1762077402.309999, "anomalies": ["stale_timestamp: 1762077402.309999 vs 1764665512.3137507"], "data_sample": {"price": 0.1673, "volume": 10.0}}}
{"timestamp": "2025-12-02T08:51:52.314730+00:00", "level": "INFO", "module": "logger", "funcName": "_log", "lineno": 188, "event_type": "strategy_manager.indicator_update_received", "data": {"symbol": "ARIA_USDT", "indicator_name": "11b8be00-eed3-48fe-b359-df47b297226c_20", "indicator_type": "", "value": 0.0003740859211824653, "active_strategies_for_symbol": true, "active_count": 3}}
{"timestamp": "2025-12-02T08:51:52.314730+00:00", "level": "WARNING", "module": "logger", "funcName": "_log", "lineno": 188, "event_type": "streaming_indicator_engine.data_anomalies_detected", "data": {"symbol": "ARIA_USDT", "timestamp": 1762077412.311, "anomalies": ["stale_timestamp: 1762077412.311 vs 1764665512.3147306"], "data_sample": {"price": 0.16729, "volume": 7.0}}}
{"timestamp": "2025-12-02T08:51:52.315729+00:00", "level": "WARNING", "module": "logger", "funcName": "_log", "lineno": 188, "event_type": "streaming_indicator_engine.data_anomalies_detected", "data": {"symbol": "ARIA_USDT", "timestamp": 1762077421.309999, "anomalies": ["stale_timestamp: 1762077421.309999 vs 1764665512.3157296"], "data_sample": {"price": 0.16727, "volume": 4.0}}}
{"timestamp": "2025-12-02T08:51:52.316811+00:00", "level": "INFO", "module": "logger", "funcName": "_log", "lineno": 188, "event_type": "strategy_manager.indicator_update_received", "data": {"symbol": "ARIA_USDT", "indicator_name": "790d8eed-dc95-43ff-b625-1205d256154b_20", "indicator_type": "", "value": 0.0013506874143189638, "active_strategies_for_symbol": true, "active_count": 3}}
{"timestamp": "2025-12-02T08:51:52.318422+00:00", "level": "INFO", "module": "logger", "funcName": "_log", "lineno": 188, "event_type": "strategy_manager.indicator_update_received", "data": {"symbol": "ARIA_USDT", "indicator_name": "790d8eed-dc95-43ff-b625-1205d256154b_20", "indicator_type": "", "value": 0.0013506874143189638, "active_strategies_for_symbol": true, "active_count": 3}}
{"timestamp": "2025-12-02T08:51:52.325891+00:00", "level": "WARNING", "module": "logger", "funcName": "_log", "lineno": 188, "event_type": "streaming_indicator_engine.data_anomalies_detected", "data": {"symbol": "ARIA_USDT", "timestamp": 1762076372.312999, "anomalies": ["stale_timestamp: 1762076372.312999 vs 1764665512.3258913"], "data_sample": {"price": 0.1671, "volume": 3.0}}}
{"timestamp": "2025-12-02T08:51:52.339461+00:00", "level": "WARNING", "module": "logger", "funcName": "_log", "lineno": 188, "event_type": "streaming_indicator_engine.data_anomalies_detected", "data": {"symbol": "ARIA_USDT", "timestamp": 1762076381.309999, "anomalies": ["stale_timestamp: 1762076381.309999 vs 1764665512.3394613"], "data_sample": {"price": 0.16715, "volume": 8.0}}}
{"timestamp": "2025-12-02T08:51:52.354672+00:00", "level": "WARNING", "module": "logger", "funcName": "_log", "lineno": 188, "event_type": "streaming_indicator_engine.data_anomalies_detected", "data": {"symbol": "ARIA_USDT", "timestamp": 1762076388.311, "anomalies": ["stale_timestamp: 1762076388.311 vs 1764665512.3536677"], "data_sample": {"price": 0.16714, "volume": 9.0}}}
{"timestamp": "2025-12-02T08:51:52.369488+00:00", "level": "WARNING", "module": "logger", "funcName": "_log", "lineno": 188, "event_type": "streaming_indicator_engine.data_anomalies_detected", "data": {"symbol": "ARIA_USDT", "timestamp": 1762076401.309999, "anomalies": ["stale_timestamp: 1762076401.309999 vs 1764665512.369489"], "data_sample": {"price": 0.16717, "volume": 7.0}}}
{"timestamp": "2025-12-02T08:51:52.385324+00:00", "level": "WARNING", "module": "logger", "funcName": "_log", "lineno": 188, "event_type": "streaming_indicator_engine.data_anomalies_detected", "data": {"symbol": "ARIA_USDT", "timestamp": 1762076408.312, "anomalies": ["stale_timestamp: 1762076408.312 vs 1764665512.3853242"], "data_sample": {"price": 0.16713, "volume": 3.0}}}
{"timestamp": "2025-12-02T08:51:52.401159+00:00", "level": "WARNING", "module": "logger", "funcName": "_log", "lineno": 188, "event_type": "streaming_indicator_engine.data_anomalies_detected", "data": {"symbol": "ARIA_USDT", "timestamp": 1762076417.311, "anomalies": ["stale_timestamp: 1762076417.311 vs 1764665512.4011598"], "data_sample": {"price": 0.16708, "volume": 3.0}}}
{"timestamp": "2025-12-02T08:51:52.416122+00:00", "level": "WARNING", "module": "logger", "funcName": "_log", "lineno": 188, "event_type": "streaming_indicator_engine.data_anomalies_detected", "data": {"symbol": "ARIA_USDT", "timestamp": 1762076427.308999, "anomalies": ["stale_timestamp: 1762076427.308999 vs 1764665512.416123"], "data_sample": {"price": 0.16707, "volume": 12.0}}}
{"timestamp": "2025-12-02T08:51:52.431593+00:00", "level": "WARNING", "module": "logger", "funcName": "_log", "lineno": 188, "event_type": "streaming_indicator_engine.data_anomalies_detected", "data": {"symbol": "ARIA_USDT", "timestamp": 1762076435.309999, "anomalies": ["stale_timestamp: 1762076435.309999 vs 1764665512.4315937"], "data_sample": {"price": 0.1671, "volume": 4.0}}}
{"timestamp": "2025-12-02T08:51:52.448015+00:00", "level": "WARNING", "module": "logger", "funcName": "_log", "lineno": 188, "event_type": "streaming_indicator_engine.data_anomalies_detected", "data": {"symbol": "ARIA_USDT", "timestamp": 1762076447.309999, "anomalies": ["stale_timestamp: 1762076447.309999 vs 1764665512.4480152"], "data_sample": {"price": 0.16708, "volume": 9.0}}}
{"timestamp": "2025-12-02T08:51:52.462858+00:00", "level": "WARNING", "module": "logger", "funcName": "_log", "lineno": 188, "event_type": "streaming_indicator_engine.data_anomalies_detected", "data": {"symbol": "ARIA_USDT", "timestamp": 1762076462.309999, "anomalies": ["stale_timestamp: 1762076462.309999 vs 1764665512.4628584"], "data_sample": {"price": 0.16726, "volume": 10.0}}}
{"timestamp": "2025-12-02T08:51:52.478978+00:00", "level": "WARNING", "module": "logger", "funcName": "_log", "lineno": 188, "event_type": "streaming_indicator_engine.data_anomalies_detected", "data": {"symbol": "ARIA_USDT", "timestamp": 1762076476.308999, "anomalies": ["stale_timestamp: 1762076476.308999 vs 1764665512.4784694"], "data_sample": {"price": 0.16745, "volume": 9.0}}}
{"timestamp": "2025-12-02T08:51:52.493407+00:00", "level": "WARNING", "module": "logger", "funcName": "_log", "lineno": 188, "event_type": "streaming_indicator_engine.data_anomalies_detected", "data": {"symbol": "ARIA_USDT", "timestamp": 1762076490.311, "anomalies": ["stale_timestamp: 1762076490.311 vs 1764665512.4934072"], "data_sample": {"price": 0.16766, "volume": 7.0}}}
{"timestamp": "2025-12-02T08:51:52.508320+00:00", "level": "WARNING", "module": "logger", "funcName": "_log", "lineno": 188, "event_type": "streaming_indicator_engine.data_anomalies_detected", "data": {"symbol": "ARIA_USDT", "timestamp": 1762076501.311, "anomalies": ["stale_timestamp: 1762076501.311 vs 1764665512.5083203"], "data_sample": {"price": 0.16763, "volume": 5.0}}}
{"timestamp": "2025-12-02T08:51:52.523203+00:00", "level": "WARNING", "module": "logger", "funcName": "_log", "lineno": 188, "event_type": "streaming_indicator_engine.data_anomalies_detected", "data": {"symbol": "ARIA_USDT", "timestamp": 1762076514.408999, "anomalies": ["stale_timestamp: 1762076514.408999 vs 1764665512.5232034"], "data_sample": {"price": 0.16766, "volume": 10.0}}}
{"timestamp": "2025-12-02T08:51:52.539354+00:00", "level": "WARNING", "module": "logger", "funcName": "_log", "lineno": 188, "event_type": "streaming_indicator_engine.data_anomalies_detected", "data": {"symbol": "ARIA_USDT", "timestamp": 1762076520.311, "anomalies": ["stale_timestamp: 1762076520.311 vs 1764665512.538343"], "data_sample": {"price": 0.1677, "volume": 9.0}}}
{"timestamp": "2025-12-02T08:51:52.553720+00:00", "level": "WARNING", "module": "logger", "funcName": "_log", "lineno": 188, "event_type": "streaming_indicator_engine.data_anomalies_detected", "data": {"symbol": "ARIA_USDT", "timestamp": 1762076531.311, "anomalies": ["stale_timestamp: 1762076531.311 vs 1764665512.55372"], "data_sample": {"price": 0.16778, "volume": 10.0}}}
{"timestamp": "2025-12-02T08:51:52.555639+00:00", "level": "INFO", "module": "logger", "funcName": "_log", "lineno": 188, "event_type": "strategy_manager.indicator_update_received", "data": {"symbol": "ARIA_USDT", "indicator_name": "611fad91-045d-408b-8822-f43428935033_20", "indicator_type": "", "value": 0.003054622087231512, "active_strategies_for_symbol": true, "active_count": 3}}
{"timestamp": "2025-12-02T08:51:52.556640+00:00", "level": "WARNING", "module": "logger", "funcName": "_log", "lineno": 188, "event_type": "streaming_indicator_engine.data_anomalies_detected", "data": {"symbol": "ARIA_USDT", "timestamp": 1762076537.311, "anomalies": ["stale_timestamp: 1762076537.311 vs 1764665512.5556397"], "data_sample": {"price": 0.16777, "volume": 10.0}}}
{"timestamp": "2025-12-02T08:51:52.556640+00:00", "level": "WARNING", "module": "logger", "funcName": "_log", "lineno": 188, "event_type": "streaming_indicator_engine.data_anomalies_detected", "data": {"symbol": "ARIA_USDT", "timestamp": 1762076543.312, "anomalies": ["stale_timestamp: 1762076543.312 vs 1764665512.5566409"], "data_sample": {"price": 0.16765, "volume": 8.0}}}
{"timestamp": "2025-12-02T08:51:52.558176+00:00", "level": "WARNING", "module": "logger", "funcName": "_log", "lineno": 188, "event_type": "streaming_indicator_engine.data_anomalies_detected", "data": {"symbol": "ARIA_USDT", "timestamp": 1762076551.311, "anomalies": ["stale_timestamp: 1762076551.311 vs 1764665512.5581763"], "data_sample": {"price": 0.16776, "volume": 7.0}}}
{"timestamp": "2025-12-02T08:51:52.559187+00:00", "level": "WARNING", "module": "logger", "funcName": "_log", "lineno": 188, "event_type": "streaming_indicator_engine.data_anomalies_detected", "data": {"symbol": "ARIA_USDT", "timestamp": 1762076567.313999, "anomalies": ["stale_timestamp: 1762076567.313999 vs 1764665512.5591877"], "data_sample": {"price": 0.16779, "volume": 4.0}}}
{"timestamp": "2025-12-02T08:51:52.559187+00:00", "level": "WARNING", "module": "logger", "funcName": "_log", "lineno": 188, "event_type": "streaming_indicator_engine.data_anomalies_detected", "data": {"symbol": "ARIA_USDT", "timestamp": 1762076582.312999, "anomalies": ["stale_timestamp: 1762076582.312999 vs 1764665512.5591877"], "data_sample": {"price": 0.16774, "volume": 4.0}}}
{"timestamp": "2025-12-02T08:51:52.560191+00:00", "level": "WARNING", "module": "logger", "funcName": "_log", "lineno": 188, "event_type": "streaming_indicator_engine.data_anomalies_detected", "data": {"symbol": "ARIA_USDT", "timestamp": 1762076595.309999, "anomalies": ["stale_timestamp: 1762076595.309999 vs 1764665512.5601916"], "data_sample": {"price": 0.16776, "volume": 10.0}}}
{"timestamp": "2025-12-02T08:51:52.560191+00:00", "level": "INFO", "module": "logger", "funcName": "_log", "lineno": 188, "event_type": "strategy_manager.indicator_update_received", "data": {"symbol": "ARIA_USDT", "indicator_name": "611fad91-045d-408b-8822-f43428935033_20", "indicator_type": "", "value": 0.003054622087231512, "active_strategies_for_symbol": true, "active_count": 3}}
{"timestamp": "2025-12-02T08:51:52.560191+00:00", "level": "WARNING", "module": "logger", "funcName": "_log", "lineno": 188, "event_type": "streaming_indicator_engine.data_anomalies_detected", "data": {"symbol": "ARIA_USDT", "timestamp": 1762076606.309999, "anomalies": ["stale_timestamp: 1762076606.309999 vs 1764665512.5601916"], "data_sample": {"price": 0.16772, "volume": 9.0}}}
{"timestamp": "2025-12-02T08:51:52.561189+00:00", "level": "WARNING", "module": "logger", "funcName": "_log", "lineno": 188, "event_type": "streaming_indicator_engine.data_anomalies_detected", "data": {"symbol": "ARIA_USDT", "timestamp": 1762076620.309999, "anomalies": ["stale_timestamp: 1762076620.309999 vs 1764665512.5611897"], "data_sample": {"price": 0.16764, "volume": 5.0}}}
{"timestamp": "2025-12-02T08:51:52.561189+00:00", "level": "WARNING", "module": "logger", "funcName": "_log", "lineno": 188, "event_type": "streaming_indicator_engine.data_anomalies_detected", "data": {"symbol": "ARIA_USDT", "timestamp": 1762076628.311, "anomalies": ["stale_timestamp: 1762076628.311 vs 1764665512.5611897"], "data_sample": {"price": 0.16761, "volume": 7.0}}}
{"timestamp": "2025-12-02T08:51:52.562190+00:00", "level": "WARNING", "module": "logger", "funcName": "_log", "lineno": 188, "event_type": "streaming_indicator_engine.data_anomalies_detected", "data": {"symbol": "ARIA_USDT", "timestamp": 1762076638.312999, "anomalies": ["stale_timestamp: 1762076638.312999 vs 1764665512.5621908"], "data_sample": {"price": 0.16763, "volume": 10.0}}}
{"timestamp": "2025-12-02T08:51:52.562190+00:00", "level": "WARNING", "module": "logger", "funcName": "_log", "lineno": 188, "event_type": "streaming_indicator_engine.data_anomalies_detected", "data": {"symbol": "ARIA_USDT", "timestamp": 1762076647.309999, "anomalies": ["stale_timestamp: 1762076647.309999 vs 1764665512.5621908"], "data_sample": {"price": 0.16762, "volume": 4.0}}}
{"timestamp": "2025-12-02T08:51:52.563193+00:00", "level": "WARNING", "module": "logger", "funcName": "_log", "lineno": 188, "event_type": "streaming_indicator_engine.data_anomalies_detected", "data": {"symbol": "ARIA_USDT", "timestamp": 1762076653.309999, "anomalies": ["stale_timestamp: 1762076653.309999 vs 1764665512.5631936"], "data_sample": {"price": 0.16761, "volume": 9.0}}}
{"timestamp": "2025-12-02T08:51:52.563193+00:00", "level": "WARNING", "module": "logger", "funcName": "_log", "lineno": 188, "event_type": "streaming_indicator_engine.data_anomalies_detected", "data": {"symbol": "ARIA_USDT", "timestamp": 1762076666.309999, "anomalies": ["stale_timestamp: 1762076666.309999 vs 1764665512.5631936"], "data_sample": {"price": 0.16763, "volume": 9.0}}}
{"timestamp": "2025-12-02T08:51:52.584362+00:00", "level": "WARNING", "module": "logger", "funcName": "_log", "lineno": 188, "event_type": "streaming_indicator_engine.data_anomalies_detected", "data": {"symbol": "ARIA_USDT", "timestamp": 1762076672.308999, "anomalies": ["stale_timestamp: 1762076672.308999 vs 1764665512.5843627"], "data_sample": {"price": 0.16762, "volume": 9.0}}}
{"timestamp": "2025-12-02T08:51:52.599892+00:00", "level": "WARNING", "module": "logger", "funcName": "_log", "lineno": 188, "event_type": "streaming_indicator_engine.data_anomalies_detected", "data": {"symbol": "ARIA_USDT", "timestamp": 1762076685.309999, "anomalies": ["stale_timestamp: 1762076685.309999 vs 1764665512.5998929"], "data_sample": {"price": 0.16732, "volume": 9.0}}}
{"timestamp": "2025-12-02T08:51:52.615547+00:00", "level": "WARNING", "module": "logger", "funcName": "_log", "lineno": 188, "event_type": "streaming_indicator_engine.data_anomalies_detected", "data": {"symbol": "ARIA_USDT", "timestamp": 1762076699.311, "anomalies": ["stale_timestamp: 1762076699.311 vs 1764665512.615548"], "data_sample": {"price": 0.16737, "volume": 11.0}}}
{"timestamp": "2025-12-02T08:51:52.632100+00:00", "level": "WARNING", "module": "logger", "funcName": "_log", "lineno": 188, "event_type": "streaming_indicator_engine.data_anomalies_detected", "data": {"symbol": "ARIA_USDT", "timestamp": 1762076713.309999, "anomalies": ["stale_timestamp: 1762076713.309999 vs 1764665512.6315942"], "data_sample": {"price": 0.16735, "volume": 4.0}}}
{"timestamp": "2025-12-02T08:51:52.648004+00:00", "level": "WARNING", "module": "logger", "funcName": "_log", "lineno": 188, "event_type": "streaming_indicator_engine.data_anomalies_detected", "data": {"symbol": "ARIA_USDT", "timestamp": 1762076728.311, "anomalies": ["stale_timestamp: 1762076728.311 vs 1764665512.648004"], "data_sample": {"price": 0.16739, "volume": 9.0}}}
{"timestamp": "2025-12-02T08:51:52.666683+00:00", "level": "WARNING", "module": "logger", "funcName": "_log", "lineno": 188, "event_type": "streaming_indicator_engine.data_anomalies_detected", "data": {"symbol": "ARIA_USDT", "timestamp": 1762076734.308999, "anomalies": ["stale_timestamp: 1762076734.308999 vs 1764665512.6656892"], "data_sample": {"price": 0.16744, "volume": 9.0}}}
{"timestamp": "2025-12-02T08:51:52.695412+00:00", "level": "WARNING", "module": "logger", "funcName": "_log", "lineno": 188, "event_type": "streaming_indicator_engine.data_anomalies_detected", "data": {"symbol": "ARIA_USDT", "timestamp": 1762076750.309999, "anomalies": ["stale_timestamp: 1762076750.309999 vs 1764665512.694424"], "data_sample": {"price": 0.16747, "volume": 10.0}}}
{"timestamp": "2025-12-02T08:51:52.723470+00:00", "level": "WARNING", "module": "logger", "funcName": "_log", "lineno": 188, "event_type": "streaming_indicator_engine.data_anomalies_detected", "data": {"symbol": "ARIA_USDT", "timestamp": 1762076759.311, "anomalies": ["stale_timestamp: 1762076759.311 vs 1764665512.7234704"], "data_sample": {"price": 0.16746, "volume": 10.0}}}
{"timestamp": "2025-12-02T08:51:52.739097+00:00", "level": "WARNING", "module": "logger", "funcName": "_log", "lineno": 188, "event_type": "streaming_indicator_engine.data_anomalies_detected", "data": {"symbol": "ARIA_USDT", "timestamp": 1762076767.309999, "anomalies": ["stale_timestamp: 1762076767.309999 vs 1764665512.739097"], "data_sample": {"price": 0.16742, "volume": 8.0}}}
{"timestamp": "2025-12-02T08:51:52.755146+00:00", "level": "WARNING", "module": "logger", "funcName": "_log", "lineno": 188, "event_type": "streaming_indicator_engine.data_anomalies_detected", "data": {"symbol": "ARIA_USDT", "timestamp": 1762076783.312, "anomalies": ["stale_timestamp: 1762076783.312 vs 1764665512.755146"], "data_sample": {"price": 0.16745, "volume": 8.0}}}
{"timestamp": "2025-12-02T08:51:52.758680+00:00", "level": "WARNING", "module": "logger", "funcName": "_log", "lineno": 188, "event_type": "streaming_indicator_engine.data_anomalies_detected", "data": {"symbol": "ARIA_USDT", "timestamp": 1762076789.309999, "anomalies": ["stale_timestamp: 1762076789.309999 vs 1764665512.758154"], "data_sample": {"price": 0.16755, "volume": 9.0}}}
{"timestamp": "2025-12-02T08:51:52.785532+00:00", "level": "WARNING", "module": "logger", "funcName": "_log", "lineno": 188, "event_type": "streaming_indicator_engine.data_anomalies_detected", "data": {"symbol": "ARIA_USDT", "timestamp": 1762076803.311, "anomalies": ["stale_timestamp: 1762076803.311 vs 1764665512.785532"], "data_sample": {"price": 0.16758, "volume": 10.0}}}
{"timestamp": "2025-12-02T08:51:52.801108+00:00", "level": "WARNING", "module": "logger", "funcName": "_log", "lineno": 188, "event_type": "streaming_indicator_engine.data_anomalies_detected", "data": {"symbol": "ARIA_USDT", "timestamp": 1762076816.308999, "anomalies": ["stale_timestamp: 1762076816.308999 vs 1764665512.8011088"], "data_sample": {"price": 0.16762, "volume": 9.0}}}
{"timestamp": "2025-12-02T08:51:52.816911+00:00", "level": "WARNING", "module": "logger", "funcName": "_log", "lineno": 188, "event_type": "streaming_indicator_engine.data_anomalies_detected", "data": {"symbol": "ARIA_USDT", "timestamp": 1762076825.312999, "anomalies": ["stale_timestamp: 1762076825.312999 vs 1764665512.816912"], "data_sample": {"price": 0.16751, "volume": 10.0}}}
{"timestamp": "2025-12-02T08:51:52.832029+00:00", "level": "WARNING", "module": "logger", "funcName": "_log", "lineno": 188, "event_type": "streaming_indicator_engine.data_anomalies_detected", "data": {"symbol": "ARIA_USDT", "timestamp": 1762076831.316999, "anomalies": ["stale_timestamp: 1762076831.316999 vs 1764665512.8320293"], "data_sample": {"price": 0.1674, "volume": 6.0}}}
{"timestamp": "2025-12-02T08:51:52.848048+00:00", "level": "WARNING", "module": "logger", "funcName": "_log", "lineno": 188, "event_type": "streaming_indicator_engine.data_anomalies_detected", "data": {"symbol": "ARIA_USDT", "timestamp": 1762076839.311, "anomalies": ["stale_timestamp: 1762076839.311 vs 1764665512.8480487"], "data_sample": {"price": 0.16741, "volume": 8.0}}}
{"timestamp": "2025-12-02T08:51:52.862708+00:00", "level": "WARNING", "module": "logger", "funcName": "_log", "lineno": 188, "event_type": "streaming_indicator_engine.data_anomalies_detected", "data": {"symbol": "ARIA_USDT", "timestamp": 1762076846.312, "anomalies": ["stale_timestamp: 1762076846.312 vs 1764665512.8627086"], "data_sample": {"price": 0.1674, "volume": 6.0}}}
{"timestamp": "2025-12-02T08:51:52.878263+00:00", "level": "WARNING", "module": "logger", "funcName": "_log", "lineno": 188, "event_type": "streaming_indicator_engine.data_anomalies_detected", "data": {"symbol": "ARIA_USDT", "timestamp": 1762076859.309999, "anomalies": ["stale_timestamp: 1762076859.309999 vs 1764665512.8782632"], "data_sample": {"price": 0.16723, "volume": 5.0}}}
{"timestamp": "2025-12-02T08:51:52.894189+00:00", "level": "WARNING", "module": "logger", "funcName": "_log", "lineno": 188, "event_type": "streaming_indicator_engine.data_anomalies_detected", "data": {"symbol": "ARIA_USDT", "timestamp": 1762076870.309999, "anomalies": ["stale_timestamp: 1762076870.309999 vs 1764665512.8941891"], "data_sample": {"price": 0.16724, "volume": 9.0}}}
{"timestamp": "2025-12-02T08:51:52.909621+00:00", "level": "WARNING", "module": "logger", "funcName": "_log", "lineno": 188, "event_type": "streaming_indicator_engine.data_anomalies_detected", "data": {"symbol": "ARIA_USDT", "timestamp": 1762076878.309999, "anomalies": ["stale_timestamp: 1762076878.309999 vs 1764665512.9096217"], "data_sample": {"price": 0.16731, "volume": 4.0}}}
{"timestamp": "2025-12-02T08:51:52.925411+00:00", "level": "WARNING", "module": "logger", "funcName": "_log", "lineno": 188, "event_type": "streaming_indicator_engine.data_anomalies_detected", "data": {"symbol": "ARIA_USDT", "timestamp": 1762076892.311, "anomalies": ["stale_timestamp: 1762076892.311 vs 1764665512.925411"], "data_sample": {"price": 0.16728, "volume": 9.0}}}
{"timestamp": "2025-12-02T08:51:52.955538+00:00", "level": "WARNING", "module": "logger", "funcName": "_log", "lineno": 188, "event_type": "streaming_indicator_engine.data_anomalies_detected", "data": {"symbol": "ARIA_USDT", "timestamp": 1762076900.309999, "anomalies": ["stale_timestamp: 1762076900.309999 vs 1764665512.9555383"], "data_sample": {"price": 0.16731, "volume": 7.0}}}
{"timestamp": "2025-12-02T08:51:52.971086+00:00", "level": "WARNING", "module": "logger", "funcName": "_log", "lineno": 188, "event_type": "streaming_indicator_engine.data_anomalies_detected", "data": {"symbol": "ARIA_USDT", "timestamp": 1762076915.308999, "anomalies": ["stale_timestamp: 1762076915.308999 vs 1764665512.9710863"], "data_sample": {"price": 0.16729, "volume": 4.0}}}
{"timestamp": "2025-12-02T08:51:52.987078+00:00", "level": "WARNING", "module": "logger", "funcName": "_log", "lineno": 188, "event_type": "streaming_indicator_engine.data_anomalies_detected", "data": {"symbol": "ARIA_USDT", "timestamp": 1762076929.309999, "anomalies": ["stale_timestamp: 1762076929.309999 vs 1764665512.9870787"], "data_sample": {"price": 0.16725, "volume": 11.0}}}
{"timestamp": "2025-12-02T08:51:53.002115+00:00", "level": "WARNING", "module": "logger", "funcName": "_log", "lineno": 188, "event_type": "streaming_indicator_engine.data_anomalies_detected", "data": {"symbol": "ARIA_USDT", "timestamp": 1762076940.312999, "anomalies": ["stale_timestamp: 1762076940.312999 vs 1764665513.002115"], "data_sample": {"price": 0.16733, "volume": 8.0}}}
{"timestamp": "2025-12-02T08:51:53.018134+00:00", "level": "WARNING", "module": "logger", "funcName": "_log", "lineno": 188, "event_type": "streaming_indicator_engine.data_anomalies_detected", "data": {"symbol": "ARIA_USDT", "timestamp": 1762076949.324999, "anomalies": ["stale_timestamp: 1762076949.324999 vs 1764665513.0181348"], "data_sample": {"price": 0.1673, "volume": 8.0}}}
{"timestamp": "2025-12-02T08:51:53.033757+00:00", "level": "WARNING", "module": "logger", "funcName": "_log", "lineno": 188, "event_type": "streaming_indicator_engine.data_anomalies_detected", "data": {"symbol": "ARIA_USDT", "timestamp": 1762076965.316, "anomalies": ["stale_timestamp: 1762076965.316 vs 1764665513.0337574"], "data_sample": {"price": 0.16729, "volume": 4.0}}}
{"timestamp": "2025-12-02T08:51:53.049180+00:00", "level": "WARNING", "module": "logger", "funcName": "_log", "lineno": 188, "event_type": "streaming_indicator_engine.data_anomalies_detected", "data": {"symbol": "ARIA_USDT", "timestamp": 1762076978.312, "anomalies": ["stale_timestamp: 1762076978.312 vs 1764665513.049181"], "data_sample": {"price": 0.1673, "volume": 9.0}}}
{"timestamp": "2025-12-02T08:51:53.065156+00:00", "level": "WARNING", "module": "logger", "funcName": "_log", "lineno": 188, "event_type": "streaming_indicator_engine.data_anomalies_detected", "data": {"symbol": "ARIA_USDT", "timestamp": 1762076990.315, "anomalies": ["stale_timestamp: 1762076990.315 vs 1764665513.0651565"], "data_sample": {"price": 0.16733, "volume": 10.0}}}
{"timestamp": "2025-12-02T08:51:53.068162+00:00", "level": "WARNING", "module": "logger", "funcName": "_log", "lineno": 188, "event_type": "streaming_indicator_engine.data_anomalies_detected", "data": {"symbol": "ARIA_USDT", "timestamp": 1762076997.315, "anomalies": ["stale_timestamp: 1762076997.315 vs 1764665513.068163"], "data_sample": {"price": 0.16726, "volume": 12.0}}}
{"timestamp": "2025-12-02T08:51:53.080372+00:00", "level": "WARNING", "module": "logger", "funcName": "_log", "lineno": 188, "event_type": "streaming_indicator_engine.data_anomalies_detected", "data": {"symbol": "ARIA_USDT", "timestamp": 1762077007.309999, "anomalies": ["stale_timestamp: 1762077007.309999 vs 1764665513.080373"], "data_sample": {"price": 0.16719, "volume": 4.0}}}
{"timestamp": "2025-12-02T08:51:53.095593+00:00", "level": "WARNING", "module": "logger", "funcName": "_log", "lineno": 188, "event_type": "streaming_indicator_engine.data_anomalies_detected", "data": {"symbol": "ARIA_USDT", "timestamp": 1762077018.309999, "anomalies": ["stale_timestamp: 1762077018.309999 vs 1764665513.095594"], "data_sample": {"price": 0.16722, "volume": 8.0}}}
{"timestamp": "2025-12-02T08:51:53.111216+00:00", "level": "WARNING", "module": "logger", "funcName": "_log", "lineno": 188, "event_type": "streaming_indicator_engine.data_anomalies_detected", "data": {"symbol": "ARIA_USDT", "timestamp": 1762077025.309999, "anomalies": ["stale_timestamp: 1762077025.309999 vs 1764665513.1112163"], "data_sample": {"price": 0.16726, "volume": 5.0}}}
{"timestamp": "2025-12-02T08:51:53.127452+00:00", "level": "WARNING", "module": "logger", "funcName": "_log", "lineno": 188, "event_type": "streaming_indicator_engine.data_anomalies_detected", "data": {"symbol": "ARIA_USDT", "timestamp": 1762077033.311, "anomalies": ["stale_timestamp: 1762077033.311 vs 1764665513.12676"], "data_sample": {"price": 0.16725, "volume": 4.0}}}
{"timestamp": "2025-12-02T08:51:53.142363+00:00", "level": "WARNING", "module": "logger", "funcName": "_log", "lineno": 188, "event_type": "streaming_indicator_engine.data_anomalies_detected", "data": {"symbol": "ARIA_USDT", "timestamp": 1762077042.309999, "anomalies": ["stale_timestamp: 1762077042.309999 vs 1764665513.1423633"], "data_sample": {"price": 0.16724, "volume": 4.0}}}
{"timestamp": "2025-12-02T08:51:53.158494+00:00", "level": "WARNING", "module": "logger", "funcName": "_log", "lineno": 188, "event_type": "streaming_indicator_engine.data_anomalies_detected", "data": {"symbol": "ARIA_USDT", "timestamp": 1762077051.309999, "anomalies": ["stale_timestamp: 1762077051.309999 vs 1764665513.1584947"], "data_sample": {"price": 0.16725, "volume": 4.0}}}
{"timestamp": "2025-12-02T08:51:53.173116+00:00", "level": "WARNING", "module": "logger", "funcName": "_log", "lineno": 188, "event_type": "streaming_indicator_engine.data_anomalies_detected", "data": {"symbol": "ARIA_USDT", "timestamp": 1762077057.312999, "anomalies": ["stale_timestamp: 1762077057.312999 vs 1764665513.1731164"], "data_sample": {"price": 0.16726, "volume": 3.0}}}
{"timestamp": "2025-12-02T08:51:53.188323+00:00", "level": "WARNING", "module": "logger", "funcName": "_log", "lineno": 188, "event_type": "streaming_indicator_engine.data_anomalies_detected", "data": {"symbol": "ARIA_USDT", "timestamp": 1762077067.316999, "anomalies": ["stale_timestamp: 1762077067.316999 vs 1764665513.1883237"], "data_sample": {"price": 0.16725, "volume": 8.0}}}
{"timestamp": "2025-12-02T08:51:53.203704+00:00", "level": "WARNING", "module": "logger", "funcName": "_log", "lineno": 188, "event_type": "streaming_indicator_engine.data_anomalies_detected", "data": {"symbol": "ARIA_USDT", "timestamp": 1762077081.308, "anomalies": ["stale_timestamp: 1762077081.308 vs 1764665513.2037044"], "data_sample": {"price": 0.16714, "volume": 6.0}}}
{"timestamp": "2025-12-02T08:51:53.218740+00:00", "level": "WARNING", "module": "logger", "funcName": "_log", "lineno": 188, "event_type": "streaming_indicator_engine.data_anomalies_detected", "data": {"symbol": "ARIA_USDT", "timestamp": 1762077089.311, "anomalies": ["stale_timestamp: 1762077089.311 vs 1764665513.2187402"], "data_sample": {"price": 0.16711, "volume": 4.0}}}
{"timestamp": "2025-12-02T08:51:53.233660+00:00", "level": "WARNING", "module": "logger", "funcName": "_log", "lineno": 188, "event_type": "streaming_indicator_engine.data_anomalies_detected", "data": {"symbol": "ARIA_USDT", "timestamp": 1762077098.311, "anomalies": ["stale_timestamp: 1762077098.311 vs 1764665513.2336605"], "data_sample": {"price": 0.16702, "volume": 4.0}}}
{"timestamp": "2025-12-02T08:51:53.248819+00:00", "level": "WARNING", "module": "logger", "funcName": "_log", "lineno": 188, "event_type": "streaming_indicator_engine.data_anomalies_detected", "data": {"symbol": "ARIA_USDT", "timestamp": 1762077107.335, "anomalies": ["stale_timestamp: 1762077107.335 vs 1764665513.248819"], "data_sample": {"price": 0.167, "volume": 26.0}}}
{"timestamp": "2025-12-02T08:51:53.264372+00:00", "level": "WARNING", "module": "logger", "funcName": "_log", "lineno": 188, "event_type": "streaming_indicator_engine.data_anomalies_detected", "data": {"symbol": "ARIA_USDT", "timestamp": 1762077121.309999, "anomalies": ["stale_timestamp: 1762077121.309999 vs 1764665513.2643719"], "data_sample": {"price": 0.16704, "volume": 8.0}}}
{"timestamp": "2025-12-02T08:51:53.279918+00:00", "level": "WARNING", "module": "logger", "funcName": "_log", "lineno": 188, "event_type": "streaming_indicator_engine.data_anomalies_detected", "data": {"symbol": "ARIA_USDT", "timestamp": 1762077123.420999, "anomalies": ["stale_timestamp: 1762077123.420999 vs 1764665513.2799182"], "data_sample": {"price": 0.167, "volume": 59.0}}}
{"timestamp": "2025-12-02T08:51:53.294824+00:00", "level": "WARNING", "module": "logger", "funcName": "_log", "lineno": 188, "event_type": "streaming_indicator_engine.data_anomalies_detected", "data": {"symbol": "ARIA_USDT", "timestamp": 1762077139.311, "anomalies": ["stale_timestamp: 1762077139.311 vs 1764665513.2948244"], "data_sample": {"price": 0.16703, "volume": 5.0}}}
{"timestamp": "2025-12-02T08:51:53.310300+00:00", "level": "WARNING", "module": "logger", "funcName": "_log", "lineno": 188, "event_type": "streaming_indicator_engine.data_anomalies_detected", "data": {"symbol": "ARIA_USDT", "timestamp": 1762077152.308999, "anomalies": ["stale_timestamp: 1762077152.308999 vs 1764665513.3103004"], "data_sample": {"price": 0.16708, "volume": 9.0}}}
{"timestamp": "2025-12-02T08:51:53.326048+00:00", "level": "WARNING", "module": "logger", "funcName": "_log", "lineno": 188, "event_type": "streaming_indicator_engine.data_anomalies_detected", "data": {"symbol": "ARIA_USDT", "timestamp": 1762077163.309999, "anomalies": ["stale_timestamp: 1762077163.309999 vs 1764665513.3260486"], "data_sample": {"price": 0.16713, "volume": 11.0}}}
{"timestamp": "2025-12-02T08:51:53.342549+00:00", "level": "WARNING", "module": "logger", "funcName": "_log", "lineno": 188, "event_type": "streaming_indicator_engine.data_anomalies_detected", "data": {"symbol": "ARIA_USDT", "timestamp": 1762077172.309999, "anomalies": ["stale_timestamp: 1762077172.309999 vs 1764665513.3415568"], "data_sample": {"price": 0.16706, "volume": 12.0}}}
{"timestamp": "2025-12-02T08:51:53.358146+00:00", "level": "WARNING", "module": "logger", "funcName": "_log", "lineno": 188, "event_type": "streaming_indicator_engine.data_anomalies_detected", "data": {"symbol": "ARIA_USDT", "timestamp": 1762077187.312999, "anomalies": ["stale_timestamp: 1762077187.312999 vs 1764665513.3575988"], "data_sample": {"price": 0.16705, "volume": 4.0}}}
{"timestamp": "2025-12-02T08:51:53.371912+00:00", "level": "WARNING", "module": "logger", "funcName": "_log", "lineno": 188, "event_type": "streaming_indicator_engine.data_anomalies_detected", "data": {"symbol": "ARIA_USDT", "timestamp": 1762077203.309999, "anomalies": ["stale_timestamp: 1762077203.309999 vs 1764665513.371912"], "data_sample": {"price": 0.16703, "volume": 6.0}}}
{"timestamp": "2025-12-02T08:51:53.388515+00:00", "level": "WARNING", "module": "logger", "funcName": "_log", "lineno": 188, "event_type": "streaming_indicator_engine.data_anomalies_detected", "data": {"symbol": "ARIA_USDT", "timestamp": 1762077211.312, "anomalies": ["stale_timestamp: 1762077211.312 vs 1764665513.388515"], "data_sample": {"price": 0.16707, "volume": 9.0}}}
{"timestamp": "2025-12-02T08:51:53.404168+00:00", "level": "WARNING", "module": "logger", "funcName": "_log", "lineno": 188, "event_type": "streaming_indicator_engine.data_anomalies_detected", "data": {"symbol": "ARIA_USDT", "timestamp": 1762077227.312999, "anomalies": ["stale_timestamp: 1762077227.312999 vs 1764665513.4041686"], "data_sample": {"price": 0.16704, "volume": 4.0}}}
{"timestamp": "2025-12-02T08:51:53.419623+00:00", "level": "WARNING", "module": "logger", "funcName": "_log", "lineno": 188, "event_type": "streaming_indicator_engine.data_anomalies_detected", "data": {"symbol": "ARIA_USDT", "timestamp": 1762077234.308999, "anomalies": ["stale_timestamp: 1762077234.308999 vs 1764665513.4196234"], "data_sample": {"price": 0.16708, "volume": 8.0}}}
{"timestamp": "2025-12-02T08:51:53.435033+00:00", "level": "WARNING", "module": "logger", "funcName": "_log", "lineno": 188, "event_type": "streaming_indicator_engine.data_anomalies_detected", "data": {"symbol": "ARIA_USDT", "timestamp": 1762077247.312999, "anomalies": ["stale_timestamp: 1762077247.312999 vs 1764665513.4350338"], "data_sample": {"price": 0.16705, "volume": 7.0}}}
{"timestamp": "2025-12-02T08:51:53.450343+00:00", "level": "WARNING", "module": "logger", "funcName": "_log", "lineno": 188, "event_type": "streaming_indicator_engine.data_anomalies_detected", "data": {"symbol": "ARIA_USDT", "timestamp": 1762077263.309999, "anomalies": ["stale_timestamp: 1762077263.309999 vs 1764665513.4503436"], "data_sample": {"price": 0.16704, "volume": 7.0}}}
{"timestamp": "2025-12-02T08:51:53.464989+00:00", "level": "WARNING", "module": "logger", "funcName": "_log", "lineno": 188, "event_type": "streaming_indicator_engine.data_anomalies_detected", "data": {"symbol": "ARIA_USDT", "timestamp": 1762077274.309999, "anomalies": ["stale_timestamp: 1762077274.309999 vs 1764665513.4649897"], "data_sample": {"price": 0.16709, "volume": 4.0}}}
{"timestamp": "2025-12-02T08:51:53.479760+00:00", "level": "WARNING", "module": "logger", "funcName": "_log", "lineno": 188, "event_type": "streaming_indicator_engine.data_anomalies_detected", "data": {"symbol": "ARIA_USDT", "timestamp": 1762077281.311, "anomalies": ["stale_timestamp: 1762077281.311 vs 1764665513.4797606"], "data_sample": {"price": 0.16713, "volume": 12.0}}}
{"timestamp": "2025-12-02T08:51:53.495407+00:00", "level": "WARNING", "module": "logger", "funcName": "_log", "lineno": 188, "event_type": "streaming_indicator_engine.data_anomalies_detected", "data": {"symbol": "ARIA_USDT", "timestamp": 1762077290.312, "anomalies": ["stale_timestamp: 1762077290.312 vs 1764665513.495407"], "data_sample": {"price": 0.16709, "volume": 8.0}}}
{"timestamp": "2025-12-02T08:51:53.511076+00:00", "level": "WARNING", "module": "logger", "funcName": "_log", "lineno": 188, "event_type": "streaming_indicator_engine.data_anomalies_detected", "data": {"symbol": "ARIA_USDT", "timestamp": 1762077299.312, "anomalies": ["stale_timestamp: 1762077299.312 vs 1764665513.5110767"], "data_sample": {"price": 0.16706, "volume": 8.0}}}
{"timestamp": "2025-12-02T08:51:53.526149+00:00", "level": "WARNING", "module": "logger", "funcName": "_log", "lineno": 188, "event_type": "streaming_indicator_engine.data_anomalies_detected", "data": {"symbol": "ARIA_USDT", "timestamp": 1762077309.309999, "anomalies": ["stale_timestamp: 1762077309.309999 vs 1764665513.52615"], "data_sample": {"price": 0.16705, "volume": 6.0}}}
{"timestamp": "2025-12-02T08:51:53.541862+00:00", "level": "WARNING", "module": "logger", "funcName": "_log", "lineno": 188, "event_type": "streaming_indicator_engine.data_anomalies_detected", "data": {"symbol": "ARIA_USDT", "timestamp": 1762077318.312, "anomalies": ["stale_timestamp: 1762077318.312 vs 1764665513.5418627"], "data_sample": {"price": 0.16706, "volume": 9.0}}}
{"timestamp": "2025-12-02T08:51:53.544944+00:00", "level": "INFO", "module": "logger", "funcName": "_log", "lineno": 188, "event_type": "strategy_manager.indicator_update_received", "data": {"symbol": "ARIA_USDT", "indicator_name": "11b8be00-eed3-48fe-b359-df47b297226c_20", "indicator_type": "", "value": -0.00034923579605879797, "active_strategies_for_symbol": true, "active_count": 3}}
{"timestamp": "2025-12-02T08:51:53.545899+00:00", "level": "WARNING", "module": "logger", "funcName": "_log", "lineno": 188, "event_type": "streaming_indicator_engine.data_anomalies_detected", "data": {"symbol": "ARIA_USDT", "timestamp": 1762077324.309999, "anomalies": ["stale_timestamp: 1762077324.309999 vs 1764665513.545899"], "data_sample": {"price": 0.1671, "volume": 5.0}}}
{"timestamp": "2025-12-02T08:51:53.545899+00:00", "level": "WARNING", "module": "logger", "funcName": "_log", "lineno": 188, "event_type": "streaming_indicator_engine.data_anomalies_detected", "data": {"symbol": "ARIA_USDT", "timestamp": 1762077335.309999, "anomalies": ["stale_timestamp: 1762077335.309999 vs 1764665513.545899"], "data_sample": {"price": 0.16709, "volume": 4.0}}}
{"timestamp": "2025-12-02T08:51:53.546960+00:00", "level": "WARNING", "module": "logger", "funcName": "_log", "lineno": 188, "event_type": "streaming_indicator_engine.data_anomalies_detected", "data": {"symbol": "ARIA_USDT", "timestamp": 1762077351.309999, "anomalies": ["stale_timestamp: 1762077351.309999 vs 1764665513.5469606"], "data_sample": {"price": 0.1671, "volume": 3.0}}}
{"timestamp": "2025-12-02T08:51:53.546960+00:00", "level": "WARNING", "module": "logger", "funcName": "_log", "lineno": 188, "event_type": "streaming_indicator_engine.data_anomalies_detected", "data": {"symbol": "ARIA_USDT", "timestamp": 1762077362.309999, "anomalies": ["stale_timestamp: 1762077362.309999 vs 1764665513.5469606"], "data_sample": {"price": 0.16716, "volume": 5.0}}}
{"timestamp": "2025-12-02T08:51:53.547861+00:00", "level": "WARNING", "module": "logger", "funcName": "_log", "lineno": 188, "event_type": "streaming_indicator_engine.data_anomalies_detected", "data": {"symbol": "ARIA_USDT", "timestamp": 1762077376.309999, "anomalies": ["stale_timestamp: 1762077376.309999 vs 1764665513.5478618"], "data_sample": {"price": 0.16724, "volume": 11.0}}}
{"timestamp": "2025-12-02T08:51:53.547861+00:00", "level": "INFO", "module": "logger", "funcName": "_log", "lineno": 188, "event_type": "strategy_manager.indicator_update_received", "data": {"symbol": "ARIA_USDT", "indicator_name": "11b8be00-eed3-48fe-b359-df47b297226c_20", "indicator_type": "", "value": -0.00034923579605879797, "active_strategies_for_symbol": true, "active_count": 3}}
{"timestamp": "2025-12-02T08:51:53.548452+00:00", "level": "WARNING", "module": "logger", "funcName": "_log", "lineno": 188, "event_type": "streaming_indicator_engine.data_anomalies_detected", "data": {"symbol": "ARIA_USDT", "timestamp": 1762077387.309999, "anomalies": ["stale_timestamp: 1762077387.309999 vs 1764665513.5484526"], "data_sample": {"price": 0.16726, "volume": 11.0}}}
{"timestamp": "2025-12-02T08:51:53.549506+00:00", "level": "WARNING", "module": "logger", "funcName": "_log", "lineno": 188, "event_type": "streaming_indicator_engine.data_anomalies_detected", "data": {"symbol": "ARIA_USDT", "timestamp": 1762077395.309999, "anomalies": ["stale_timestamp: 1762077395.309999 vs 1764665513.5495062"], "data_sample": {"price": 0.16728, "volume": 3.0}}}
{"timestamp": "2025-12-02T08:51:53.550462+00:00", "level": "WARNING", "module": "logger", "funcName": "_log", "lineno": 188, "event_type": "streaming_indicator_engine.data_anomalies_detected", "data": {"symbol": "ARIA_USDT", "timestamp": 1762077402.309999, "anomalies": ["stale_timestamp: 1762077402.309999 vs 1764665513.5504627"], "data_sample": {"price": 0.1673, "volume": 10.0}}}
{"timestamp": "2025-12-02T08:51:53.551467+00:00", "level": "WARNING", "module": "logger", "funcName": "_log", "lineno": 188, "event_type": "streaming_indicator_engine.data_anomalies_detected", "data": {"symbol": "ARIA_USDT", "timestamp": 1762077412.311, "anomalies": ["stale_timestamp: 1762077412.311 vs 1764665513.5514672"], "data_sample": {"price": 0.16729, "volume": 7.0}}}
{"timestamp": "2025-12-02T08:51:53.552465+00:00", "level": "WARNING", "module": "logger", "funcName": "_log", "lineno": 188, "event_type": "streaming_indicator_engine.data_anomalies_detected", "data": {"symbol": "ARIA_USDT", "timestamp": 1762077421.309999, "anomalies": ["stale_timestamp: 1762077421.309999 vs 1764665513.5524654"], "data_sample": {"price": 0.16727, "volume": 4.0}}}
{"timestamp": "2025-12-02T08:51:53.556464+00:00", "level": "INFO", "module": "logger", "funcName": "_log", "lineno": 188, "event_type": "strategy_manager.indicator_update_received", "data": {"symbol": "ARIA_USDT", "indicator_name": "790d8eed-dc95-43ff-b625-1205d256154b_20", "indicator_type": "", "value": 0.0013506874143189638, "active_strategies_for_symbol": true, "active_count": 3}}
{"timestamp": "2025-12-02T08:51:53.559002+00:00", "level": "INFO", "module": "logger", "funcName": "_log", "lineno": 188, "event_type": "strategy_manager.indicator_update_received", "data": {"symbol": "ARIA_USDT", "indicator_name": "790d8eed-dc95-43ff-b625-1205d256154b_20", "indicator_type": "", "value": 0.0013506874143189638, "active_strategies_for_symbol": true, "active_count": 3}}
{"timestamp": "2025-12-02T08:51:53.578191+00:00", "level": "WARNING", "module": "logger", "funcName": "_log", "lineno": 188, "event_type": "streaming_indicator_engine.data_anomalies_detected", "data": {"symbol": "ARIA_USDT", "timestamp": 1762076372.312999, "anomalies": ["stale_timestamp: 1762076372.312999 vs 1764665513.5766835"], "data_sample": {"price": 0.1671, "volume": 3.0}}}
{"timestamp": "2025-12-02T08:51:53.601986+00:00", "level": "WARNING", "module": "logger", "funcName": "_log", "lineno": 188, "event_type": "streaming_indicator_engine.data_anomalies_detected", "data": {"symbol": "ARIA_USDT", "timestamp": 1762076381.309999, "anomalies": ["stale_timestamp: 1762076381.309999 vs 1764665513.601987"], "data_sample": {"price": 0.16715, "volume": 8.0}}}
{"timestamp": "2025-12-02T08:51:53.618261+00:00", "level": "WARNING", "module": "logger", "funcName": "_log", "lineno": 188, "event_type": "streaming_indicator_engine.data_anomalies_detected", "data": {"symbol": "ARIA_USDT", "timestamp": 1762076388.311, "anomalies": ["stale_timestamp: 1762076388.311 vs 1764665513.6182613"], "data_sample": {"price": 0.16714, "volume": 9.0}}}
{"timestamp": "2025-12-02T08:51:53.633288+00:00", "level": "WARNING", "module": "logger", "funcName": "_log", "lineno": 188, "event_type": "streaming_indicator_engine.data_anomalies_detected", "data": {"symbol": "ARIA_USDT", "timestamp": 1762076401.309999, "anomalies": ["stale_timestamp: 1762076401.309999 vs 1764665513.6332881"], "data_sample": {"price": 0.16717, "volume": 7.0}}}
{"timestamp": "2025-12-02T08:51:53.649312+00:00", "level": "WARNING", "module": "logger", "funcName": "_log", "lineno": 188, "event_type": "streaming_indicator_engine.data_anomalies_detected", "data": {"symbol": "ARIA_USDT", "timestamp": 1762076408.312, "anomalies": ["stale_timestamp: 1762076408.312 vs 1764665513.6493125"], "data_sample": {"price": 0.16713, "volume": 3.0}}}
{"timestamp": "2025-12-02T08:51:53.664624+00:00", "level": "WARNING", "module": "logger", "funcName": "_log", "lineno": 188, "event_type": "streaming_indicator_engine.data_anomalies_detected", "data": {"symbol": "ARIA_USDT", "timestamp": 1762076417.311, "anomalies": ["stale_timestamp: 1762076417.311 vs 1764665513.6646242"], "data_sample": {"price": 0.16708, "volume": 3.0}}}
{"timestamp": "2025-12-02T08:51:53.680082+00:00", "level": "WARNING", "module": "logger", "funcName": "_log", "lineno": 188, "event_type": "streaming_indicator_engine.data_anomalies_detected", "data": {"symbol": "ARIA_USDT", "timestamp": 1762076427.308999, "anomalies": ["stale_timestamp: 1762076427.308999 vs 1764665513.680082"], "data_sample": {"price": 0.16707, "volume": 12.0}}}
{"timestamp": "2025-12-02T08:51:53.695818+00:00", "level": "WARNING", "module": "logger", "funcName": "_log", "lineno": 188, "event_type": "streaming_indicator_engine.data_anomalies_detected", "data": {"symbol": "ARIA_USDT", "timestamp": 1762076435.309999, "anomalies": ["stale_timestamp: 1762076435.309999 vs 1764665513.6958182"], "data_sample": {"price": 0.1671, "volume": 4.0}}}
{"timestamp": "2025-12-02T08:51:53.711384+00:00", "level": "WARNING", "module": "logger", "funcName": "_log", "lineno": 188, "event_type": "streaming_indicator_engine.data_anomalies_detected", "data": {"symbol": "ARIA_USDT", "timestamp": 1762076447.309999, "anomalies": ["stale_timestamp: 1762076447.309999 vs 1764665513.7113843"], "data_sample": {"price": 0.16708, "volume": 9.0}}}
{"timestamp": "2025-12-02T08:51:53.726087+00:00", "level": "WARNING", "module": "logger", "funcName": "_log", "lineno": 188, "event_type": "streaming_indicator_engine.data_anomalies_detected", "data": {"symbol": "ARIA_USDT", "timestamp": 1762076462.309999, "anomalies": ["stale_timestamp: 1762076462.309999 vs 1764665513.726088"], "data_sample": {"price": 0.16726, "volume": 10.0}}}
{"timestamp": "2025-12-02T08:51:53.742518+00:00", "level": "WARNING", "module": "logger", "funcName": "_log", "lineno": 188, "event_type": "streaming_indicator_engine.data_anomalies_detected", "data": {"symbol": "ARIA_USDT", "timestamp": 1762076476.308999, "anomalies": ["stale_timestamp: 1762076476.308999 vs 1764665513.742518"], "data_sample": {"price": 0.16745, "volume": 9.0}}}
{"timestamp": "2025-12-02T08:51:53.757267+00:00", "level": "WARNING", "module": "logger", "funcName": "_log", "lineno": 188, "event_type": "streaming_indicator_engine.data_anomalies_detected", "data": {"symbol": "ARIA_USDT", "timestamp": 1762076490.311, "anomalies": ["stale_timestamp: 1762076490.311 vs 1764665513.7572672"], "data_sample": {"price": 0.16766, "volume": 7.0}}}
{"timestamp": "2025-12-02T08:51:53.772594+00:00", "level": "WARNING", "module": "logger", "funcName": "_log", "lineno": 188, "event_type": "streaming_indicator_engine.data_anomalies_detected", "data": {"symbol": "ARIA_USDT", "timestamp": 1762076501.311, "anomalies": ["stale_timestamp: 1762076501.311 vs 1764665513.7725947"], "data_sample": {"price": 0.16763, "volume": 5.0}}}
{"timestamp": "2025-12-02T08:51:53.788572+00:00", "level": "WARNING", "module": "logger", "funcName": "_log", "lineno": 188, "event_type": "streaming_indicator_engine.data_anomalies_detected", "data": {"symbol": "ARIA_USDT", "timestamp": 1762076514.408999, "anomalies": ["stale_timestamp: 1762076514.408999 vs 1764665513.788572"], "data_sample": {"price": 0.16766, "volume": 10.0}}}
{"timestamp": "2025-12-02T08:51:53.803802+00:00", "level": "WARNING", "module": "logger", "funcName": "_log", "lineno": 188, "event_type": "streaming_indicator_engine.data_anomalies_detected", "data": {"symbol": "ARIA_USDT", "timestamp": 1762076520.311, "anomalies": ["stale_timestamp: 1762076520.311 vs 1764665513.803802"], "data_sample": {"price": 0.1677, "volume": 9.0}}}
{"timestamp": "2025-12-02T08:51:53.809559+00:00", "level": "INFO", "module": "logger", "funcName": "_log", "lineno": 188, "event_type": "strategy_manager.indicator_update_received", "data": {"symbol": "ARIA_USDT", "indicator_name": "611fad91-045d-408b-8822-f43428935033_20", "indicator_type": "", "value": 0.004646629878264456, "active_strategies_for_symbol": true, "active_count": 3}}
{"timestamp": "2025-12-02T08:51:53.810564+00:00", "level": "WARNING", "module": "logger", "funcName": "_log", "lineno": 188, "event_type": "streaming_indicator_engine.data_anomalies_detected", "data": {"symbol": "ARIA_USDT", "timestamp": 1762076531.311, "anomalies": ["stale_timestamp: 1762076531.311 vs 1764665513.8105643"], "data_sample": {"price": 0.16778, "volume": 10.0}}}
{"timestamp": "2025-12-02T08:51:53.811825+00:00", "level": "WARNING", "module": "logger", "funcName": "_log", "lineno": 188, "event_type": "streaming_indicator_engine.data_anomalies_detected", "data": {"symbol": "ARIA_USDT", "timestamp": 1762076537.311, "anomalies": ["stale_timestamp: 1762076537.311 vs 1764665513.8118258"], "data_sample": {"price": 0.16777, "volume": 10.0}}}
{"timestamp": "2025-12-02T08:51:53.812828+00:00", "level": "WARNING", "module": "logger", "funcName": "_log", "lineno": 188, "event_type": "streaming_indicator_engine.data_anomalies_detected", "data": {"symbol": "ARIA_USDT", "timestamp": 1762076543.312, "anomalies": ["stale_timestamp: 1762076543.312 vs 1764665513.8128288"], "data_sample": {"price": 0.16765, "volume": 8.0}}}
{"timestamp": "2025-12-02T08:51:53.812828+00:00", "level": "WARNING", "module": "logger", "funcName": "_log", "lineno": 188, "event_type": "streaming_indicator_engine.data_anomalies_detected", "data": {"symbol": "ARIA_USDT", "timestamp": 1762076551.311, "anomalies": ["stale_timestamp: 1762076551.311 vs 1764665513.8128288"], "data_sample": {"price": 0.16776, "volume": 7.0}}}
{"timestamp": "2025-12-02T08:51:53.813831+00:00", "level": "WARNING", "module": "logger", "funcName": "_log", "lineno": 188, "event_type": "streaming_indicator_engine.data_anomalies_detected", "data": {"symbol": "ARIA_USDT", "timestamp": 1762076567.313999, "anomalies": ["stale_timestamp: 1762076567.313999 vs 1764665513.8138316"], "data_sample": {"price": 0.16779, "volume": 4.0}}}
{"timestamp": "2025-12-02T08:51:53.813831+00:00", "level": "WARNING", "module": "logger", "funcName": "_log", "lineno": 188, "event_type": "streaming_indicator_engine.data_anomalies_detected", "data": {"symbol": "ARIA_USDT", "timestamp": 1762076582.312999, "anomalies": ["stale_timestamp: 1762076582.312999 vs 1764665513.8138316"], "data_sample": {"price": 0.16774, "volume": 4.0}}}
{"timestamp": "2025-12-02T08:51:53.813831+00:00", "level": "INFO", "module": "logger", "funcName": "_log", "lineno": 188, "event_type": "strategy_manager.indicator_update_received", "data": {"symbol": "ARIA_USDT", "indicator_name": "611fad91-045d-408b-8822-f43428935033_20", "indicator_type": "", "value": 0.004646629878264456, "active_strategies_for_symbol": true, "active_count": 3}}
{"timestamp": "2025-12-02T08:51:53.815183+00:00", "level": "WARNING", "module": "logger", "funcName": "_log", "lineno": 188, "event_type": "streaming_indicator_engine.data_anomalies_detected", "data": {"symbol": "ARIA_USDT", "timestamp": 1762076595.309999, "anomalies": ["stale_timestamp: 1762076595.309999 vs 1764665513.8151839"], "data_sample": {"price": 0.16776, "volume": 10.0}}}
{"timestamp": "2025-12-02T08:51:53.816197+00:00", "level": "WARNING", "module": "logger", "funcName": "_log", "lineno": 188, "event_type": "streaming_indicator_engine.data_anomalies_detected", "data": {"symbol": "ARIA_USDT", "timestamp": 1762076606.309999, "anomalies": ["stale_timestamp: 1762076606.309999 vs 1764665513.8161976"], "data_sample": {"price": 0.16772, "volume": 9.0}}}
{"timestamp": "2025-12-02T08:51:53.816197+00:00", "level": "WARNING", "module": "logger", "funcName": "_log", "lineno": 188, "event_type": "streaming_indicator_engine.data_anomalies_detected", "data": {"symbol": "ARIA_USDT", "timestamp": 1762076620.309999, "anomalies": ["stale_timestamp: 1762076620.309999 vs 1764665513.8161976"], "data_sample": {"price": 0.16764, "volume": 5.0}}}
{"timestamp": "2025-12-02T08:51:53.817194+00:00", "level": "WARNING", "module": "logger", "funcName": "_log", "lineno": 188, "event_type": "streaming_indicator_engine.data_anomalies_detected", "data": {"symbol": "ARIA_USDT", "timestamp": 1762076628.311, "anomalies": ["stale_timestamp: 1762076628.311 vs 1764665513.8171947"], "data_sample": {"price": 0.16761, "volume": 7.0}}}
{"timestamp": "2025-12-02T08:51:53.817194+00:00", "level": "WARNING", "module": "logger", "funcName": "_log", "lineno": 188, "event_type": "streaming_indicator_engine.data_anomalies_detected", "data": {"symbol": "ARIA_USDT", "timestamp": 1762076638.312999, "anomalies": ["stale_timestamp: 1762076638.312999 vs 1764665513.8171947"], "data_sample": {"price": 0.16763, "volume": 10.0}}}
{"timestamp": "2025-12-02T08:51:53.817194+00:00", "level": "WARNING", "module": "logger", "funcName": "_log", "lineno": 188, "event_type": "streaming_indicator_engine.data_anomalies_detected", "data": {"symbol": "ARIA_USDT", "timestamp": 1762076647.309999, "anomalies": ["stale_timestamp: 1762076647.309999 vs 1764665513.8171947"], "data_sample": {"price": 0.16762, "volume": 4.0}}}
{"timestamp": "2025-12-02T08:51:53.818196+00:00", "level": "WARNING", "module": "logger", "funcName": "_log", "lineno": 188, "event_type": "streaming_indicator_engine.data_anomalies_detected", "data": {"symbol": "ARIA_USDT", "timestamp": 1762076653.309999, "anomalies": ["stale_timestamp: 1762076653.309999 vs 1764665513.818196"], "data_sample": {"price": 0.16761, "volume": 9.0}}}
{"timestamp": "2025-12-02T08:51:53.834889+00:00", "level": "WARNING", "module": "logger", "funcName": "_log", "lineno": 188, "event_type": "streaming_indicator_engine.data_anomalies_detected", "data": {"symbol": "ARIA_USDT", "timestamp": 1762076666.309999, "anomalies": ["stale_timestamp: 1762076666.309999 vs 1764665513.8348894"], "data_sample": {"price": 0.16763, "volume": 9.0}}}
{"timestamp": "2025-12-02T08:51:53.850190+00:00", "level": "WARNING", "module": "logger", "funcName": "_log", "lineno": 188, "event_type": "streaming_indicator_engine.data_anomalies_detected", "data": {"symbol": "ARIA_USDT", "timestamp": 1762076672.308999, "anomalies": ["stale_timestamp: 1762076672.308999 vs 1764665513.8501906"], "data_sample": {"price": 0.16762, "volume": 9.0}}}
{"timestamp": "2025-12-02T08:51:53.864850+00:00", "level": "WARNING", "module": "logger", "funcName": "_log", "lineno": 188, "event_type": "streaming_indicator_engine.data_anomalies_detected", "data": {"symbol": "ARIA_USDT", "timestamp": 1762076685.309999, "anomalies": ["stale_timestamp: 1762076685.309999 vs 1764665513.8648508"], "data_sample": {"price": 0.16732, "volume": 9.0}}}
{"timestamp": "2025-12-02T08:51:53.880292+00:00", "level": "WARNING", "module": "logger", "funcName": "_log", "lineno": 188, "event_type": "streaming_indicator_engine.data_anomalies_detected", "data": {"symbol": "ARIA_USDT", "timestamp": 1762076699.311, "anomalies": ["stale_timestamp: 1762076699.311 vs 1764665513.8802927"], "data_sample": {"price": 0.16737, "volume": 11.0}}}
{"timestamp": "2025-12-02T08:51:53.895608+00:00", "level": "WARNING", "module": "logger", "funcName": "_log", "lineno": 188, "event_type": "streaming_indicator_engine.data_anomalies_detected", "data": {"symbol": "ARIA_USDT", "timestamp": 1762076713.309999, "anomalies": ["stale_timestamp: 1762076713.309999 vs 1764665513.8956087"], "data_sample": {"price": 0.16735, "volume": 4.0}}}
{"timestamp": "2025-12-02T08:51:53.910880+00:00", "level": "WARNING", "module": "logger", "funcName": "_log", "lineno": 188, "event_type": "streaming_indicator_engine.data_anomalies_detected", "data": {"symbol": "ARIA_USDT", "timestamp": 1762076728.311, "anomalies": ["stale_timestamp: 1762076728.311 vs 1764665513.91088"], "data_sample": {"price": 0.16739, "volume": 9.0}}}
{"timestamp": "2025-12-02T08:51:53.925937+00:00", "level": "WARNING", "module": "logger", "funcName": "_log", "lineno": 188, "event_type": "streaming_indicator_engine.data_anomalies_detected", "data": {"symbol": "ARIA_USDT", "timestamp": 1762076734.308999, "anomalies": ["stale_timestamp: 1762076734.308999 vs 1764665513.9259372"], "data_sample": {"price": 0.16744, "volume": 9.0}}}
{"timestamp": "2025-12-02T08:51:53.942745+00:00", "level": "WARNING", "module": "logger", "funcName": "_log", "lineno": 188, "event_type": "streaming_indicator_engine.data_anomalies_detected", "data": {"symbol": "ARIA_USDT", "timestamp": 1762076750.309999, "anomalies": ["stale_timestamp: 1762076750.309999 vs 1764665513.9427457"], "data_sample": {"price": 0.16747, "volume": 10.0}}}
{"timestamp": "2025-12-02T08:51:53.958038+00:00", "level": "WARNING", "module": "logger", "funcName": "_log", "lineno": 188, "event_type": "streaming_indicator_engine.data_anomalies_detected", "data": {"symbol": "ARIA_USDT", "timestamp": 1762076759.311, "anomalies": ["stale_timestamp: 1762076759.311 vs 1764665513.9571335"], "data_sample": {"price": 0.16746, "volume": 10.0}}}
{"timestamp": "2025-12-02T08:51:53.972125+00:00", "level": "WARNING", "module": "logger", "funcName": "_log", "lineno": 188, "event_type": "streaming_indicator_engine.data_anomalies_detected", "data": {"symbol": "ARIA_USDT", "timestamp": 1762076767.309999, "anomalies": ["stale_timestamp: 1762076767.309999 vs 1764665513.9721248"], "data_sample": {"price": 0.16742, "volume": 8.0}}}
{"timestamp": "2025-12-02T08:51:53.987075+00:00", "level": "WARNING", "module": "logger", "funcName": "_log", "lineno": 188, "event_type": "streaming_indicator_engine.data_anomalies_detected", "data": {"symbol": "ARIA_USDT", "timestamp": 1762076783.312, "anomalies": ["stale_timestamp: 1762076783.312 vs 1764665513.987075"], "data_sample": {"price": 0.16745, "volume": 8.0}}}
{"timestamp": "2025-12-02T08:51:54.002877+00:00", "level": "WARNING", "module": "logger", "funcName": "_log", "lineno": 188, "event_type": "streaming_indicator_engine.data_anomalies_detected", "data": {"symbol": "ARIA_USDT", "timestamp": 1762076789.309999, "anomalies": ["stale_timestamp: 1762076789.309999 vs 1764665514.0028777"], "data_sample": {"price": 0.16755, "volume": 9.0}}}
{"timestamp": "2025-12-02T08:51:54.018815+00:00", "level": "WARNING", "module": "logger", "funcName": "_log", "lineno": 188, "event_type": "streaming_indicator_engine.data_anomalies_detected", "data": {"symbol": "ARIA_USDT", "timestamp": 1762076803.311, "anomalies": ["stale_timestamp: 1762076803.311 vs 1764665514.0184755"], "data_sample": {"price": 0.16758, "volume": 10.0}}}
{"timestamp": "2025-12-02T08:51:54.034022+00:00", "level": "WARNING", "module": "logger", "funcName": "_log", "lineno": 188, "event_type": "streaming_indicator_engine.data_anomalies_detected", "data": {"symbol": "ARIA_USDT", "timestamp": 1762076816.308999, "anomalies": ["stale_timestamp: 1762076816.308999 vs 1764665514.0340226"], "data_sample": {"price": 0.16762, "volume": 9.0}}}
{"timestamp": "2025-12-02T08:51:54.049797+00:00", "level": "WARNING", "module": "logger", "funcName": "_log", "lineno": 188, "event_type": "streaming_indicator_engine.data_anomalies_detected", "data": {"symbol": "ARIA_USDT", "timestamp": 1762076825.312999, "anomalies": ["stale_timestamp: 1762076825.312999 vs 1764665514.0497973"], "data_sample": {"price": 0.16751, "volume": 10.0}}}
{"timestamp": "2025-12-02T08:51:54.065380+00:00", "level": "WARNING", "module": "logger", "funcName": "_log", "lineno": 188, "event_type": "streaming_indicator_engine.data_anomalies_detected", "data": {"symbol": "ARIA_USDT", "timestamp": 1762076831.316999, "anomalies": ["stale_timestamp: 1762076831.316999 vs 1764665514.0653803"], "data_sample": {"price": 0.1674, "volume": 6.0}}}
{"timestamp": "2025-12-02T08:51:54.067352+00:00", "level": "WARNING", "module": "logger", "funcName": "_log", "lineno": 188, "event_type": "streaming_indicator_engine.data_anomalies_detected", "data": {"symbol": "ARIA_USDT", "timestamp": 1762076839.311, "anomalies": ["stale_timestamp: 1762076839.311 vs 1764665514.0673523"], "data_sample": {"price": 0.16741, "volume": 8.0}}}
{"timestamp": "2025-12-02T08:51:54.081268+00:00", "level": "WARNING", "module": "logger", "funcName": "_log", "lineno": 188, "event_type": "streaming_indicator_engine.data_anomalies_detected", "data": {"symbol": "ARIA_USDT", "timestamp": 1762076846.312, "anomalies": ["stale_timestamp: 1762076846.312 vs 1764665514.0812683"], "data_sample": {"price": 0.1674, "volume": 6.0}}}
{"timestamp": "2025-12-02T08:51:54.096972+00:00", "level": "WARNING", "module": "logger", "funcName": "_log", "lineno": 188, "event_type": "streaming_indicator_engine.data_anomalies_detected", "data": {"symbol": "ARIA_USDT", "timestamp": 1762076859.309999, "anomalies": ["stale_timestamp: 1762076859.309999 vs 1764665514.0969722"], "data_sample": {"price": 0.16723, "volume": 5.0}}}
{"timestamp": "2025-12-02T08:51:54.112198+00:00", "level": "WARNING", "module": "logger", "funcName": "_log", "lineno": 188, "event_type": "streaming_indicator_engine.data_anomalies_detected", "data": {"symbol": "ARIA_USDT", "timestamp": 1762076870.309999, "anomalies": ["stale_timestamp: 1762076870.309999 vs 1764665514.1121988"], "data_sample": {"price": 0.16724, "volume": 9.0}}}
{"timestamp": "2025-12-02T08:51:54.128416+00:00", "level": "WARNING", "module": "logger", "funcName": "_log", "lineno": 188, "event_type": "streaming_indicator_engine.data_anomalies_detected", "data": {"symbol": "ARIA_USDT", "timestamp": 1762076878.309999, "anomalies": ["stale_timestamp: 1762076878.309999 vs 1764665514.1284163"], "data_sample": {"price": 0.16731, "volume": 4.0}}}
{"timestamp": "2025-12-02T08:51:54.143793+00:00", "level": "WARNING", "module": "logger", "funcName": "_log", "lineno": 188, "event_type": "streaming_indicator_engine.data_anomalies_detected", "data": {"symbol": "ARIA_USDT", "timestamp": 1762076892.311, "anomalies": ["stale_timestamp: 1762076892.311 vs 1764665514.1437933"], "data_sample": {"price": 0.16728, "volume": 9.0}}}
{"timestamp": "2025-12-02T08:51:54.176622+00:00", "level": "WARNING", "module": "logger", "funcName": "_log", "lineno": 188, "event_type": "streaming_indicator_engine.data_anomalies_detected", "data": {"symbol": "ARIA_USDT", "timestamp": 1762076900.309999, "anomalies": ["stale_timestamp: 1762076900.309999 vs 1764665514.1766226"], "data_sample": {"price": 0.16731, "volume": 7.0}}}
{"timestamp": "2025-12-02T08:51:54.190867+00:00", "level": "WARNING", "module": "logger", "funcName": "_log", "lineno": 188, "event_type": "streaming_indicator_engine.data_anomalies_detected", "data": {"symbol": "ARIA_USDT", "timestamp": 1762076915.308999, "anomalies": ["stale_timestamp: 1762076915.308999 vs 1764665514.1908672"], "data_sample": {"price": 0.16729, "volume": 4.0}}}
{"timestamp": "2025-12-02T08:51:54.206681+00:00", "level": "WARNING", "module": "logger", "funcName": "_log", "lineno": 188, "event_type": "streaming_indicator_engine.data_anomalies_detected", "data": {"symbol": "ARIA_USDT", "timestamp": 1762076929.309999, "anomalies": ["stale_timestamp: 1762076929.309999 vs 1764665514.206681"], "data_sample": {"price": 0.16725, "volume": 11.0}}}
{"timestamp": "2025-12-02T08:51:54.221811+00:00", "level": "WARNING", "module": "logger", "funcName": "_log", "lineno": 188, "event_type": "streaming_indicator_engine.data_anomalies_detected", "data": {"symbol": "ARIA_USDT", "timestamp": 1762076940.312999, "anomalies": ["stale_timestamp: 1762076940.312999 vs 1764665514.2218118"], "data_sample": {"price": 0.16733, "volume": 8.0}}}
{"timestamp": "2025-12-02T08:51:54.237209+00:00", "level": "WARNING", "module": "logger", "funcName": "_log", "lineno": 188, "event_type": "streaming_indicator_engine.data_anomalies_detected", "data": {"symbol": "ARIA_USDT", "timestamp": 1762076949.324999, "anomalies": ["stale_timestamp: 1762076949.324999 vs 1764665514.2372096"], "data_sample": {"price": 0.1673, "volume": 8.0}}}
{"timestamp": "2025-12-02T08:51:54.252586+00:00", "level": "WARNING", "module": "logger", "funcName": "_log", "lineno": 188, "event_type": "streaming_indicator_engine.data_anomalies_detected", "data": {"symbol": "ARIA_USDT", "timestamp": 1762076965.316, "anomalies": ["stale_timestamp: 1762076965.316 vs 1764665514.2525868"], "data_sample": {"price": 0.16729, "volume": 4.0}}}
{"timestamp": "2025-12-02T08:51:54.268318+00:00", "level": "WARNING", "module": "logger", "funcName": "_log", "lineno": 188, "event_type": "streaming_indicator_engine.data_anomalies_detected", "data": {"symbol": "ARIA_USDT", "timestamp": 1762076978.312, "anomalies": ["stale_timestamp: 1762076978.312 vs 1764665514.2683182"], "data_sample": {"price": 0.1673, "volume": 9.0}}}
{"timestamp": "2025-12-02T08:51:54.284131+00:00", "level": "WARNING", "module": "logger", "funcName": "_log", "lineno": 188, "event_type": "streaming_indicator_engine.data_anomalies_detected", "data": {"symbol": "ARIA_USDT", "timestamp": 1762076990.315, "anomalies": ["stale_timestamp: 1762076990.315 vs 1764665514.2841318"], "data_sample": {"price": 0.16733, "volume": 10.0}}}
{"timestamp": "2025-12-02T08:51:54.299556+00:00", "level": "WARNING", "module": "logger", "funcName": "_log", "lineno": 188, "event_type": "streaming_indicator_engine.data_anomalies_detected", "data": {"symbol": "ARIA_USDT", "timestamp": 1762076997.315, "anomalies": ["stale_timestamp: 1762076997.315 vs 1764665514.299556"], "data_sample": {"price": 0.16726, "volume": 12.0}}}
{"timestamp": "2025-12-02T08:51:54.314814+00:00", "level": "WARNING", "module": "logger", "funcName": "_log", "lineno": 188, "event_type": "streaming_indicator_engine.data_anomalies_detected", "data": {"symbol": "ARIA_USDT", "timestamp": 1762077007.309999, "anomalies": ["stale_timestamp: 1762077007.309999 vs 1764665514.3148148"], "data_sample": {"price": 0.16719, "volume": 4.0}}}
{"timestamp": "2025-12-02T08:51:54.329649+00:00", "level": "WARNING", "module": "logger", "funcName": "_log", "lineno": 188, "event_type": "streaming_indicator_engine.data_anomalies_detected", "data": {"symbol": "ARIA_USDT", "timestamp": 1762077018.309999, "anomalies": ["stale_timestamp: 1762077018.309999 vs 1764665514.3296492"], "data_sample": {"price": 0.16722, "volume": 8.0}}}
{"timestamp": "2025-12-02T08:51:54.345254+00:00", "level": "WARNING", "module": "logger", "funcName": "_log", "lineno": 188, "event_type": "streaming_indicator_engine.data_anomalies_detected", "data": {"symbol": "ARIA_USDT", "timestamp": 1762077025.309999, "anomalies": ["stale_timestamp: 1762077025.309999 vs 1764665514.345254"], "data_sample": {"price": 0.16726, "volume": 5.0}}}
{"timestamp": "2025-12-02T08:51:54.360366+00:00", "level": "WARNING", "module": "logger", "funcName": "_log", "lineno": 188, "event_type": "streaming_indicator_engine.data_anomalies_detected", "data": {"symbol": "ARIA_USDT", "timestamp": 1762077033.311, "anomalies": ["stale_timestamp: 1762077033.311 vs 1764665514.3603666"], "data_sample": {"price": 0.16725, "volume": 4.0}}}
{"timestamp": "2025-12-02T08:51:54.377212+00:00", "level": "WARNING", "module": "logger", "funcName": "_log", "lineno": 188, "event_type": "streaming_indicator_engine.data_anomalies_detected", "data": {"symbol": "ARIA_USDT", "timestamp": 1762077042.309999, "anomalies": ["stale_timestamp: 1762077042.309999 vs 1764665514.3761995"], "data_sample": {"price": 0.16724, "volume": 4.0}}}
{"timestamp": "2025-12-02T08:51:54.392386+00:00", "level": "WARNING", "module": "logger", "funcName": "_log", "lineno": 188, "event_type": "streaming_indicator_engine.data_anomalies_detected", "data": {"symbol": "ARIA_USDT", "timestamp": 1762077051.309999, "anomalies": ["stale_timestamp: 1762077051.309999 vs 1764665514.392387"], "data_sample": {"price": 0.16725, "volume": 4.0}}}
{"timestamp": "2025-12-02T08:51:54.406586+00:00", "level": "WARNING", "module": "logger", "funcName": "_log", "lineno": 188, "event_type": "streaming_indicator_engine.data_anomalies_detected", "data": {"symbol": "ARIA_USDT", "timestamp": 1762077057.312999, "anomalies": ["stale_timestamp: 1762077057.312999 vs 1764665514.406587"], "data_sample": {"price": 0.16726, "volume": 3.0}}}
{"timestamp": "2025-12-02T08:51:54.421945+00:00", "level": "WARNING", "module": "logger", "funcName": "_log", "lineno": 188, "event_type": "streaming_indicator_engine.data_anomalies_detected", "data": {"symbol": "ARIA_USDT", "timestamp": 1762077067.316999, "anomalies": ["stale_timestamp: 1762077067.316999 vs 1764665514.421945"], "data_sample": {"price": 0.16725, "volume": 8.0}}}
{"timestamp": "2025-12-02T08:51:54.437209+00:00", "level": "WARNING", "module": "logger", "funcName": "_log", "lineno": 188, "event_type": "streaming_indicator_engine.data_anomalies_detected", "data": {"symbol": "ARIA_USDT", "timestamp": 1762077081.308, "anomalies": ["stale_timestamp: 1762077081.308 vs 1764665514.4372096"], "data_sample": {"price": 0.16714, "volume": 6.0}}}
{"timestamp": "2025-12-02T08:51:54.453301+00:00", "level": "WARNING", "module": "logger", "funcName": "_log", "lineno": 188, "event_type": "streaming_indicator_engine.data_anomalies_detected", "data": {"symbol": "ARIA_USDT", "timestamp": 1762077089.311, "anomalies": ["stale_timestamp: 1762077089.311 vs 1764665514.4533014"], "data_sample": {"price": 0.16711, "volume": 4.0}}}
{"timestamp": "2025-12-02T08:51:54.468566+00:00", "level": "WARNING", "module": "logger", "funcName": "_log", "lineno": 188, "event_type": "streaming_indicator_engine.data_anomalies_detected", "data": {"symbol": "ARIA_USDT", "timestamp": 1762077098.311, "anomalies": ["stale_timestamp: 1762077098.311 vs 1764665514.468567"], "data_sample": {"price": 0.16702, "volume": 4.0}}}
{"timestamp": "2025-12-02T08:51:54.484232+00:00", "level": "WARNING", "module": "logger", "funcName": "_log", "lineno": 188, "event_type": "streaming_indicator_engine.data_anomalies_detected", "data": {"symbol": "ARIA_USDT", "timestamp": 1762077107.335, "anomalies": ["stale_timestamp: 1762077107.335 vs 1764665514.484233"], "data_sample": {"price": 0.167, "volume": 26.0}}}
{"timestamp": "2025-12-02T08:51:54.499162+00:00", "level": "WARNING", "module": "logger", "funcName": "_log", "lineno": 188, "event_type": "streaming_indicator_engine.data_anomalies_detected", "data": {"symbol": "ARIA_USDT", "timestamp": 1762077121.309999, "anomalies": ["stale_timestamp: 1762077121.309999 vs 1764665514.4991622"], "data_sample": {"price": 0.16704, "volume": 8.0}}}
{"timestamp": "2025-12-02T08:51:54.514466+00:00", "level": "WARNING", "module": "logger", "funcName": "_log", "lineno": 188, "event_type": "streaming_indicator_engine.data_anomalies_detected", "data": {"symbol": "ARIA_USDT", "timestamp": 1762077123.420999, "anomalies": ["stale_timestamp: 1762077123.420999 vs 1764665514.5144668"], "data_sample": {"price": 0.167, "volume": 59.0}}}
{"timestamp": "2025-12-02T08:51:54.529746+00:00", "level": "WARNING", "module": "logger", "funcName": "_log", "lineno": 188, "event_type": "streaming_indicator_engine.data_anomalies_detected", "data": {"symbol": "ARIA_USDT", "timestamp": 1762077139.311, "anomalies": ["stale_timestamp: 1762077139.311 vs 1764665514.5297463"], "data_sample": {"price": 0.16703, "volume": 5.0}}}
{"timestamp": "2025-12-02T08:51:54.545465+00:00", "level": "WARNING", "module": "logger", "funcName": "_log", "lineno": 188, "event_type": "streaming_indicator_engine.data_anomalies_detected", "data": {"symbol": "ARIA_USDT", "timestamp": 1762077152.308999, "anomalies": ["stale_timestamp: 1762077152.308999 vs 1764665514.545465"], "data_sample": {"price": 0.16708, "volume": 9.0}}}
{"timestamp": "2025-12-02T08:51:54.561529+00:00", "level": "WARNING", "module": "logger", "funcName": "_log", "lineno": 188, "event_type": "streaming_indicator_engine.data_anomalies_detected", "data": {"symbol": "ARIA_USDT", "timestamp": 1762077163.309999, "anomalies": ["stale_timestamp: 1762077163.309999 vs 1764665514.5615294"], "data_sample": {"price": 0.16713, "volume": 11.0}}}
{"timestamp": "2025-12-02T08:51:54.578038+00:00", "level": "WARNING", "module": "logger", "funcName": "_log", "lineno": 188, "event_type": "streaming_indicator_engine.data_anomalies_detected", "data": {"symbol": "ARIA_USDT", "timestamp": 1762077172.309999, "anomalies": ["stale_timestamp: 1762077172.309999 vs 1764665514.5765269"], "data_sample": {"price": 0.16706, "volume": 12.0}}}
{"timestamp": "2025-12-02T08:51:54.591993+00:00", "level": "WARNING", "module": "logger", "funcName": "_log", "lineno": 188, "event_type": "streaming_indicator_engine.data_anomalies_detected", "data": {"symbol": "ARIA_USDT", "timestamp": 1762077187.312999, "anomalies": ["stale_timestamp: 1762077187.312999 vs 1764665514.5919938"], "data_sample": {"price": 0.16705, "volume": 4.0}}}
{"timestamp": "2025-12-02T08:51:54.608499+00:00", "level": "WARNING", "module": "logger", "funcName": "_log", "lineno": 188, "event_type": "streaming_indicator_engine.data_anomalies_detected", "data": {"symbol": "ARIA_USDT", "timestamp": 1762077203.309999, "anomalies": ["stale_timestamp: 1762077203.309999 vs 1764665514.607996"], "data_sample": {"price": 0.16703, "volume": 6.0}}}
{"timestamp": "2025-12-02T08:51:54.623540+00:00", "level": "WARNING", "module": "logger", "funcName": "_log", "lineno": 188, "event_type": "streaming_indicator_engine.data_anomalies_detected", "data": {"symbol": "ARIA_USDT", "timestamp": 1762077211.312, "anomalies": ["stale_timestamp: 1762077211.312 vs 1764665514.6235404"], "data_sample": {"price": 0.16707, "volume": 9.0}}}
{"timestamp": "2025-12-02T08:51:54.639007+00:00", "level": "WARNING", "module": "logger", "funcName": "_log", "lineno": 188, "event_type": "streaming_indicator_engine.data_anomalies_detected", "data": {"symbol": "ARIA_USDT", "timestamp": 1762077227.312999, "anomalies": ["stale_timestamp: 1762077227.312999 vs 1764665514.6384983"], "data_sample": {"price": 0.16704, "volume": 4.0}}}
{"timestamp": "2025-12-02T08:51:54.654151+00:00", "level": "WARNING", "module": "logger", "funcName": "_log", "lineno": 188, "event_type": "streaming_indicator_engine.data_anomalies_detected", "data": {"symbol": "ARIA_USDT", "timestamp": 1762077234.308999, "anomalies": ["stale_timestamp: 1762077234.308999 vs 1764665514.6541514"], "data_sample": {"price": 0.16708, "volume": 8.0}}}
{"timestamp": "2025-12-02T08:51:54.669266+00:00", "level": "WARNING", "module": "logger", "funcName": "_log", "lineno": 188, "event_type": "streaming_indicator_engine.data_anomalies_detected", "data": {"symbol": "ARIA_USDT", "timestamp": 1762077247.312999, "anomalies": ["stale_timestamp: 1762077247.312999 vs 1764665514.669266"], "data_sample": {"price": 0.16705, "volume": 7.0}}}
{"timestamp": "2025-12-02T08:51:54.684508+00:00", "level": "WARNING", "module": "logger", "funcName": "_log", "lineno": 188, "event_type": "streaming_indicator_engine.data_anomalies_detected", "data": {"symbol": "ARIA_USDT", "timestamp": 1762077263.309999, "anomalies": ["stale_timestamp: 1762077263.309999 vs 1764665514.684508"], "data_sample": {"price": 0.16704, "volume": 7.0}}}
{"timestamp": "2025-12-02T08:51:54.700356+00:00", "level": "WARNING", "module": "logger", "funcName": "_log", "lineno": 188, "event_type": "streaming_indicator_engine.data_anomalies_detected", "data": {"symbol": "ARIA_USDT", "timestamp": 1762077274.309999, "anomalies": ["stale_timestamp: 1762077274.309999 vs 1764665514.700356"], "data_sample": {"price": 0.16709, "volume": 4.0}}}
{"timestamp": "2025-12-02T08:51:54.715124+00:00", "level": "WARNING", "module": "logger", "funcName": "_log", "lineno": 188, "event_type": "streaming_indicator_engine.data_anomalies_detected", "data": {"symbol": "ARIA_USDT", "timestamp": 1762077281.311, "anomalies": ["stale_timestamp: 1762077281.311 vs 1764665514.7151244"], "data_sample": {"price": 0.16713, "volume": 12.0}}}
{"timestamp": "2025-12-02T08:51:54.730164+00:00", "level": "WARNING", "module": "logger", "funcName": "_log", "lineno": 188, "event_type": "streaming_indicator_engine.data_anomalies_detected", "data": {"symbol": "ARIA_USDT", "timestamp": 1762077290.312, "anomalies": ["stale_timestamp: 1762077290.312 vs 1764665514.7301648"], "data_sample": {"price": 0.16709, "volume": 8.0}}}
{"timestamp": "2025-12-02T08:51:54.745489+00:00", "level": "WARNING", "module": "logger", "funcName": "_log", "lineno": 188, "event_type": "streaming_indicator_engine.data_anomalies_detected", "data": {"symbol": "ARIA_USDT", "timestamp": 1762077299.312, "anomalies": ["stale_timestamp: 1762077299.312 vs 1764665514.7454898"], "data_sample": {"price": 0.16706, "volume": 8.0}}}
{"timestamp": "2025-12-02T08:51:54.761238+00:00", "level": "WARNING", "module": "logger", "funcName": "_log", "lineno": 188, "event_type": "streaming_indicator_engine.data_anomalies_detected", "data": {"symbol": "ARIA_USDT", "timestamp": 1762077309.309999, "anomalies": ["stale_timestamp: 1762077309.309999 vs 1764665514.761238"], "data_sample": {"price": 0.16705, "volume": 6.0}}}
{"timestamp": "2025-12-02T08:51:54.771030+00:00", "level": "INFO", "module": "logger", "funcName": "_log", "lineno": 188, "event_type": "strategy_manager.indicator_update_received", "data": {"symbol": "ARIA_USDT", "indicator_name": "5fc82998-9270-4b44-8312-f74ddd20a93d_20", "indicator_type": "", "value": 93.43042049376602, "active_strategies_for_symbol": true, "active_count": 3}}
{"timestamp": "2025-12-02T08:51:54.771933+00:00", "level": "WARNING", "module": "logger", "funcName": "_log", "lineno": 188, "event_type": "streaming_indicator_engine.data_anomalies_detected", "data": {"symbol": "ARIA_USDT", "timestamp": 1762077318.312, "anomalies": ["stale_timestamp: 1762077318.312 vs 1764665514.771934"], "data_sample": {"price": 0.16706, "volume": 9.0}}}
{"timestamp": "2025-12-02T08:51:54.772932+00:00", "level": "WARNING", "module": "logger", "funcName": "_log", "lineno": 188, "event_type": "streaming_indicator_engine.data_anomalies_detected", "data": {"symbol": "ARIA_USDT", "timestamp": 1762077324.309999, "anomalies": ["stale_timestamp: 1762077324.309999 vs 1764665514.7729325"], "data_sample": {"price": 0.1671, "volume": 5.0}}}
{"timestamp": "2025-12-02T08:51:54.773941+00:00", "level": "WARNING", "module": "logger", "funcName": "_log", "lineno": 188, "event_type": "streaming_indicator_engine.data_anomalies_detected", "data": {"symbol": "ARIA_USDT", "timestamp": 1762077335.309999, "anomalies": ["stale_timestamp: 1762077335.309999 vs 1764665514.773941"], "data_sample": {"price": 0.16709, "volume": 4.0}}}
{"timestamp": "2025-12-02T08:51:54.774928+00:00", "level": "WARNING", "module": "logger", "funcName": "_log", "lineno": 188, "event_type": "streaming_indicator_engine.data_anomalies_detected", "data": {"symbol": "ARIA_USDT", "timestamp": 1762077351.309999, "anomalies": ["stale_timestamp: 1762077351.309999 vs 1764665514.7749286"], "data_sample": {"price": 0.1671, "volume": 3.0}}}
{"timestamp": "2025-12-02T08:51:54.776266+00:00", "level": "WARNING", "module": "logger", "funcName": "_log", "lineno": 188, "event_type": "streaming_indicator_engine.data_anomalies_detected", "data": {"symbol": "ARIA_USDT", "timestamp": 1762077362.309999, "anomalies": ["stale_timestamp: 1762077362.309999 vs 1764665514.7762663"], "data_sample": {"price": 0.16716, "volume": 5.0}}}
{"timestamp": "2025-12-02T08:51:54.778796+00:00", "level": "INFO", "module": "logger", "funcName": "_log", "lineno": 188, "event_type": "strategy_manager.indicator_update_received", "data": {"symbol": "ARIA_USDT", "indicator_name": "5fc82998-9270-4b44-8312-f74ddd20a93d_20", "indicator_type": "", "value": 93.43042049376602, "active_strategies_for_symbol": true, "active_count": 3}}
{"timestamp": "2025-12-02T08:51:54.779809+00:00", "level": "WARNING", "module": "logger", "funcName": "_log", "lineno": 188, "event_type": "streaming_indicator_engine.data_anomalies_detected", "data": {"symbol": "ARIA_USDT", "timestamp": 1762077376.309999, "anomalies": ["stale_timestamp: 1762077376.309999 vs 1764665514.7798097"], "data_sample": {"price": 0.16724, "volume": 11.0}}}
{"timestamp": "2025-12-02T08:51:54.780808+00:00", "level": "WARNING", "module": "logger", "funcName": "_log", "lineno": 188, "event_type": "streaming_indicator_engine.data_anomalies_detected", "data": {"symbol": "ARIA_USDT", "timestamp": 1762077387.309999, "anomalies": ["stale_timestamp: 1762077387.309999 vs 1764665514.7808082"], "data_sample": {"price": 0.16726, "volume": 11.0}}}
{"timestamp": "2025-12-02T08:51:54.782035+00:00", "level": "WARNING", "module": "logger", "funcName": "_log", "lineno": 188, "event_type": "streaming_indicator_engine.data_anomalies_detected", "data": {"symbol": "ARIA_USDT", "timestamp": 1762077395.309999, "anomalies": ["stale_timestamp: 1762077395.309999 vs 1764665514.782035"], "data_sample": {"price": 0.16728, "volume": 3.0}}}
{"timestamp": "2025-12-02T08:51:54.782035+00:00", "level": "WARNING", "module": "logger", "funcName": "_log", "lineno": 188, "event_type": "streaming_indicator_engine.data_anomalies_detected", "data": {"symbol": "ARIA_USDT", "timestamp": 1762077402.309999, "anomalies": ["stale_timestamp: 1762077402.309999 vs 1764665514.782035"], "data_sample": {"price": 0.1673, "volume": 10.0}}}
{"timestamp": "2025-12-02T08:51:54.784514+00:00", "level": "WARNING", "module": "logger", "funcName": "_log", "lineno": 188, "event_type": "streaming_indicator_engine.data_anomalies_detected", "data": {"symbol": "ARIA_USDT", "timestamp": 1762077412.311, "anomalies": ["stale_timestamp: 1762077412.311 vs 1764665514.7845142"], "data_sample": {"price": 0.16729, "volume": 7.0}}}
{"timestamp": "2025-12-02T08:51:54.785594+00:00", "level": "WARNING", "module": "logger", "funcName": "_log", "lineno": 188, "event_type": "streaming_indicator_engine.data_anomalies_detected", "data": {"symbol": "ARIA_USDT", "timestamp": 1762077421.309999, "anomalies": ["stale_timestamp: 1762077421.309999 vs 1764665514.7855942"], "data_sample": {"price": 0.16727, "volume": 4.0}}}
{"timestamp": "2025-12-02T08:51:54.789210+00:00", "level": "INFO", "module": "logger", "funcName": "_log", "lineno": 188, "event_type": "strategy_manager.indicator_update_received", "data": {"symbol": "ARIA_USDT", "indicator_name": "11b8be00-eed3-48fe-b359-df47b297226c_20", "indicator_type": "", "value": 0.0013506874143189638, "active_strategies_for_symbol": true, "active_count": 3}}
{"timestamp": "2025-12-02T08:51:54.790257+00:00", "level": "INFO", "module": "logger", "funcName": "_log", "lineno": 188, "event_type": "strategy_manager.indicator_update_received", "data": {"symbol": "ARIA_USDT", "indicator_name": "11b8be00-eed3-48fe-b359-df47b297226c_20", "indicator_type": "", "value": 0.0013506874143189638, "active_strategies_for_symbol": true, "active_count": 3}}
{"timestamp": "2025-12-02T08:51:54.797204+00:00", "level": "INFO", "module": "logger", "funcName": "_log", "lineno": 188, "event_type": "strategy_manager.indicator_update_received", "data": {"symbol": "ARIA_USDT", "indicator_name": "790d8eed-dc95-43ff-b625-1205d256154b_20", "indicator_type": "", "value": 0.0013506874143189638, "active_strategies_for_symbol": true, "active_count": 3}}
{"timestamp": "2025-12-02T08:51:54.799725+00:00", "level": "INFO", "module": "logger", "funcName": "_log", "lineno": 188, "event_type": "strategy_manager.indicator_update_received", "data": {"symbol": "ARIA_USDT", "indicator_name": "790d8eed-dc95-43ff-b625-1205d256154b_20", "indicator_type": "", "value": 0.0013506874143189638, "active_strategies_for_symbol": true, "active_count": 3}}
{"timestamp": "2025-12-02T08:51:54.901796+00:00", "level": "WARNING", "module": "logger", "funcName": "_log", "lineno": 188, "event_type": "streaming_indicator_engine.data_anomalies_detected", "data": {"symbol": "ARIA_USDT", "timestamp": 1762076372.312999, "anomalies": ["stale_timestamp: 1762076372.312999 vs 1764665514.901796"], "data_sample": {"price": 0.1671, "volume": 3.0}}}
{"timestamp": "2025-12-02T08:51:54.916955+00:00", "level": "WARNING", "module": "logger", "funcName": "_log", "lineno": 188, "event_type": "streaming_indicator_engine.data_anomalies_detected", "data": {"symbol": "ARIA_USDT", "timestamp": 1762076381.309999, "anomalies": ["stale_timestamp: 1762076381.309999 vs 1764665514.916956"], "data_sample": {"price": 0.16715, "volume": 8.0}}}
{"timestamp": "2025-12-02T08:51:54.932207+00:00", "level": "WARNING", "module": "logger", "funcName": "_log", "lineno": 188, "event_type": "streaming_indicator_engine.data_anomalies_detected", "data": {"symbol": "ARIA_USDT", "timestamp": 1762076388.311, "anomalies": ["stale_timestamp: 1762076388.311 vs 1764665514.932207"], "data_sample": {"price": 0.16714, "volume": 9.0}}}
{"timestamp": "2025-12-02T08:51:54.946894+00:00", "level": "WARNING", "module": "logger", "funcName": "_log", "lineno": 188, "event_type": "streaming_indicator_engine.data_anomalies_detected", "data": {"symbol": "ARIA_USDT", "timestamp": 1762076401.309999, "anomalies": ["stale_timestamp: 1762076401.309999 vs 1764665514.946895"], "data_sample": {"price": 0.16717, "volume": 7.0}}}
{"timestamp": "2025-12-02T08:51:54.962442+00:00", "level": "WARNING", "module": "logger", "funcName": "_log", "lineno": 188, "event_type": "streaming_indicator_engine.data_anomalies_detected", "data": {"symbol": "ARIA_USDT", "timestamp": 1762076408.312, "anomalies": ["stale_timestamp: 1762076408.312 vs 1764665514.962442"], "data_sample": {"price": 0.16713, "volume": 3.0}}}
{"timestamp": "2025-12-02T08:51:54.979669+00:00", "level": "WARNING", "module": "logger", "funcName": "_log", "lineno": 188, "event_type": "streaming_indicator_engine.data_anomalies_detected", "data": {"symbol": "ARIA_USDT", "timestamp": 1762076417.311, "anomalies": ["stale_timestamp: 1762076417.311 vs 1764665514.979669"], "data_sample": {"price": 0.16708, "volume": 3.0}}}
{"timestamp": "2025-12-02T08:51:54.994367+00:00", "level": "WARNING", "module": "logger", "funcName": "_log", "lineno": 188, "event_type": "streaming_indicator_engine.data_anomalies_detected", "data": {"symbol": "ARIA_USDT", "timestamp": 1762076427.308999, "anomalies": ["stale_timestamp: 1762076427.308999 vs 1764665514.9934464"], "data_sample": {"price": 0.16707, "volume": 12.0}}}
{"timestamp": "2025-12-02T08:51:55.010473+00:00", "level": "WARNING", "module": "logger", "funcName": "_log", "lineno": 188, "event_type": "streaming_indicator_engine.data_anomalies_detected", "data": {"symbol": "ARIA_USDT", "timestamp": 1762076435.309999, "anomalies": ["stale_timestamp: 1762076435.309999 vs 1764665515.0094237"], "data_sample": {"price": 0.1671, "volume": 4.0}}}
{"timestamp": "2025-12-02T08:51:55.025011+00:00", "level": "WARNING", "module": "logger", "funcName": "_log", "lineno": 188, "event_type": "streaming_indicator_engine.data_anomalies_detected", "data": {"symbol": "ARIA_USDT", "timestamp": 1762076447.309999, "anomalies": ["stale_timestamp: 1762076447.309999 vs 1764665515.0250118"], "data_sample": {"price": 0.16708, "volume": 9.0}}}
{"timestamp": "2025-12-02T08:51:55.040248+00:00", "level": "WARNING", "module": "logger", "funcName": "_log", "lineno": 188, "event_type": "streaming_indicator_engine.data_anomalies_detected", "data": {"symbol": "ARIA_USDT", "timestamp": 1762076462.309999, "anomalies": ["stale_timestamp: 1762076462.309999 vs 1764665515.0402486"], "data_sample": {"price": 0.16726, "volume": 10.0}}}
{"timestamp": "2025-12-02T08:51:55.045260+00:00", "level": "INFO", "module": "logger", "funcName": "_log", "lineno": 188, "event_type": "strategy_manager.indicator_update_received", "data": {"symbol": "ARIA_USDT", "indicator_name": "611fad91-045d-408b-8822-f43428935033_20", "indicator_type": "", "value": -0.0004688092549425979, "active_strategies_for_symbol": true, "active_count": 3}}
{"timestamp": "2025-12-02T08:51:55.047251+00:00", "level": "WARNING", "module": "logger", "funcName": "_log", "lineno": 188, "event_type": "streaming_indicator_engine.data_anomalies_detected", "data": {"symbol": "ARIA_USDT", "timestamp": 1762076476.308999, "anomalies": ["stale_timestamp: 1762076476.308999 vs 1764665515.0461602"], "data_sample": {"price": 0.16745, "volume": 9.0}}}
{"timestamp": "2025-12-02T08:51:55.048230+00:00", "level": "WARNING", "module": "logger", "funcName": "_log", "lineno": 188, "event_type": "streaming_indicator_engine.data_anomalies_detected", "data": {"symbol": "ARIA_USDT", "timestamp": 1762076490.311, "anomalies": ["stale_timestamp: 1762076490.311 vs 1764665515.0482306"], "data_sample": {"price": 0.16766, "volume": 7.0}}}
{"timestamp": "2025-12-02T08:51:55.048820+00:00", "level": "WARNING", "module": "logger", "funcName": "_log", "lineno": 188, "event_type": "streaming_indicator_engine.data_anomalies_detected", "data": {"symbol": "ARIA_USDT", "timestamp": 1762076501.311, "anomalies": ["stale_timestamp: 1762076501.311 vs 1764665515.0482306"], "data_sample": {"price": 0.16763, "volume": 5.0}}}
{"timestamp": "2025-12-02T08:51:55.048820+00:00", "level": "WARNING", "module": "logger", "funcName": "_log", "lineno": 188, "event_type": "streaming_indicator_engine.data_anomalies_detected", "data": {"symbol": "ARIA_USDT", "timestamp": 1762076514.408999, "anomalies": ["stale_timestamp: 1762076514.408999 vs 1764665515.0488203"], "data_sample": {"price": 0.16766, "volume": 10.0}}}
{"timestamp": "2025-12-02T08:51:55.049823+00:00", "level": "WARNING", "module": "logger", "funcName": "_log", "lineno": 188, "event_type": "streaming_indicator_engine.data_anomalies_detected", "data": {"symbol": "ARIA_USDT", "timestamp": 1762076520.311, "anomalies": ["stale_timestamp: 1762076520.311 vs 1764665515.049823"], "data_sample": {"price": 0.1677, "volume": 9.0}}}
{"timestamp": "2025-12-02T08:51:55.049823+00:00", "level": "INFO", "module": "logger", "funcName": "_log", "lineno": 188, "event_type": "strategy_manager.indicator_update_received", "data": {"symbol": "ARIA_USDT", "indicator_name": "611fad91-045d-408b-8822-f43428935033_20", "indicator_type": "", "value": -0.0004688092549425979, "active_strategies_for_symbol": true, "active_count": 3}}
{"timestamp": "2025-12-02T08:51:55.051056+00:00", "level": "WARNING", "module": "logger", "funcName": "_log", "lineno": 188, "event_type": "streaming_indicator_engine.data_anomalies_detected", "data": {"symbol": "ARIA_USDT", "timestamp": 1762076531.311, "anomalies": ["stale_timestamp: 1762076531.311 vs 1764665515.0510561"], "data_sample": {"price": 0.16778, "volume": 10.0}}}
{"timestamp": "2025-12-02T08:51:55.051056+00:00", "level": "WARNING", "module": "logger", "funcName": "_log", "lineno": 188, "event_type": "streaming_indicator_engine.data_anomalies_detected", "data": {"symbol": "ARIA_USDT", "timestamp": 1762076537.311, "anomalies": ["stale_timestamp: 1762076537.311 vs 1764665515.0510561"], "data_sample": {"price": 0.16777, "volume": 10.0}}}
{"timestamp": "2025-12-02T08:51:55.052062+00:00", "level": "WARNING", "module": "logger", "funcName": "_log", "lineno": 188, "event_type": "streaming_indicator_engine.data_anomalies_detected", "data": {"symbol": "ARIA_USDT", "timestamp": 1762076543.312, "anomalies": ["stale_timestamp: 1762076543.312 vs 1764665515.0520627"], "data_sample": {"price": 0.16765, "volume": 8.0}}}
{"timestamp": "2025-12-02T08:51:55.052062+00:00", "level": "WARNING", "module": "logger", "funcName": "_log", "lineno": 188, "event_type": "streaming_indicator_engine.data_anomalies_detected", "data": {"symbol": "ARIA_USDT", "timestamp": 1762076551.311, "anomalies": ["stale_timestamp: 1762076551.311 vs 1764665515.0520627"], "data_sample": {"price": 0.16776, "volume": 7.0}}}
{"timestamp": "2025-12-02T08:51:55.053063+00:00", "level": "WARNING", "module": "logger", "funcName": "_log", "lineno": 188, "event_type": "streaming_indicator_engine.data_anomalies_detected", "data": {"symbol": "ARIA_USDT", "timestamp": 1762076567.313999, "anomalies": ["stale_timestamp: 1762076567.313999 vs 1764665515.0530634"], "data_sample": {"price": 0.16779, "volume": 4.0}}}
{"timestamp": "2025-12-02T08:51:55.053063+00:00", "level": "WARNING", "module": "logger", "funcName": "_log", "lineno": 188, "event_type": "streaming_indicator_engine.data_anomalies_detected", "data": {"symbol": "ARIA_USDT", "timestamp": 1762076582.312999, "anomalies": ["stale_timestamp: 1762076582.312999 vs 1764665515.0530634"], "data_sample": {"price": 0.16774, "volume": 4.0}}}
{"timestamp": "2025-12-02T08:51:55.054063+00:00", "level": "WARNING", "module": "logger", "funcName": "_log", "lineno": 188, "event_type": "streaming_indicator_engine.data_anomalies_detected", "data": {"symbol": "ARIA_USDT", "timestamp": 1762076595.309999, "anomalies": ["stale_timestamp: 1762076595.309999 vs 1764665515.0540636"], "data_sample": {"price": 0.16776, "volume": 10.0}}}
{"timestamp": "2025-12-02T08:51:55.055067+00:00", "level": "WARNING", "module": "logger", "funcName": "_log", "lineno": 188, "event_type": "streaming_indicator_engine.data_anomalies_detected", "data": {"symbol": "ARIA_USDT", "timestamp": 1762076606.309999, "anomalies": ["stale_timestamp: 1762076606.309999 vs 1764665515.055068"], "data_sample": {"price": 0.16772, "volume": 9.0}}}
{"timestamp": "2025-12-02T08:51:55.056064+00:00", "level": "WARNING", "module": "logger", "funcName": "_log", "lineno": 188, "event_type": "streaming_indicator_engine.data_anomalies_detected", "data": {"symbol": "ARIA_USDT", "timestamp": 1762076620.309999, "anomalies": ["stale_timestamp: 1762076620.309999 vs 1764665515.0560644"], "data_sample": {"price": 0.16764, "volume": 5.0}}}
{"timestamp": "2025-12-02T08:51:55.070540+00:00", "level": "WARNING", "module": "logger", "funcName": "_log", "lineno": 188, "event_type": "streaming_indicator_engine.data_anomalies_detected", "data": {"symbol": "ARIA_USDT", "timestamp": 1762076628.311, "anomalies": ["stale_timestamp: 1762076628.311 vs 1764665515.0705404"], "data_sample": {"price": 0.16761, "volume": 7.0}}}
{"timestamp": "2025-12-02T08:51:55.086155+00:00", "level": "WARNING", "module": "logger", "funcName": "_log", "lineno": 188, "event_type": "streaming_indicator_engine.data_anomalies_detected", "data": {"symbol": "ARIA_USDT", "timestamp": 1762076638.312999, "anomalies": ["stale_timestamp: 1762076638.312999 vs 1764665515.086156"], "data_sample": {"price": 0.16763, "volume": 10.0}}}
{"timestamp": "2025-12-02T08:51:55.101641+00:00", "level": "WARNING", "module": "logger", "funcName": "_log", "lineno": 188, "event_type": "streaming_indicator_engine.data_anomalies_detected", "data": {"symbol": "ARIA_USDT", "timestamp": 1762076647.309999, "anomalies": ["stale_timestamp: 1762076647.309999 vs 1764665515.1016412"], "data_sample": {"price": 0.16762, "volume": 4.0}}}
{"timestamp": "2025-12-02T08:51:55.117127+00:00", "level": "WARNING", "module": "logger", "funcName": "_log", "lineno": 188, "event_type": "streaming_indicator_engine.data_anomalies_detected", "data": {"symbol": "ARIA_USDT", "timestamp": 1762076653.309999, "anomalies": ["stale_timestamp: 1762076653.309999 vs 1764665515.1171274"], "data_sample": {"price": 0.16761, "volume": 9.0}}}
{"timestamp": "2025-12-02T08:51:55.132550+00:00", "level": "WARNING", "module": "logger", "funcName": "_log", "lineno": 188, "event_type": "streaming_indicator_engine.data_anomalies_detected", "data": {"symbol": "ARIA_USDT", "timestamp": 1762076666.309999, "anomalies": ["stale_timestamp: 1762076666.309999 vs 1764665515.132551"], "data_sample": {"price": 0.16763, "volume": 9.0}}}
{"timestamp": "2025-12-02T08:51:55.148128+00:00", "level": "WARNING", "module": "logger", "funcName": "_log", "lineno": 188, "event_type": "streaming_indicator_engine.data_anomalies_detected", "data": {"symbol": "ARIA_USDT", "timestamp": 1762076672.308999, "anomalies": ["stale_timestamp: 1762076672.308999 vs 1764665515.1481287"], "data_sample": {"price": 0.16762, "volume": 9.0}}}
{"timestamp": "2025-12-02T08:51:55.163168+00:00", "level": "WARNING", "module": "logger", "funcName": "_log", "lineno": 188, "event_type": "streaming_indicator_engine.data_anomalies_detected", "data": {"symbol": "ARIA_USDT", "timestamp": 1762076685.309999, "anomalies": ["stale_timestamp: 1762076685.309999 vs 1764665515.1631682"], "data_sample": {"price": 0.16732, "volume": 9.0}}}
{"timestamp": "2025-12-02T08:51:55.179462+00:00", "level": "WARNING", "module": "logger", "funcName": "_log", "lineno": 188, "event_type": "streaming_indicator_engine.data_anomalies_detected", "data": {"symbol": "ARIA_USDT", "timestamp": 1762076699.311, "anomalies": ["stale_timestamp: 1762076699.311 vs 1764665515.1794627"], "data_sample": {"price": 0.16737, "volume": 11.0}}}
{"timestamp": "2025-12-02T08:51:55.193307+00:00", "level": "WARNING", "module": "logger", "funcName": "_log", "lineno": 188, "event_type": "streaming_indicator_engine.data_anomalies_detected", "data": {"symbol": "ARIA_USDT", "timestamp": 1762076713.309999, "anomalies": ["stale_timestamp: 1762076713.309999 vs 1764665515.1933074"], "data_sample": {"price": 0.16735, "volume": 4.0}}}
{"timestamp": "2025-12-02T08:51:55.208638+00:00", "level": "WARNING", "module": "logger", "funcName": "_log", "lineno": 188, "event_type": "streaming_indicator_engine.data_anomalies_detected", "data": {"symbol": "ARIA_USDT", "timestamp": 1762076728.311, "anomalies": ["stale_timestamp: 1762076728.311 vs 1764665515.2086387"], "data_sample": {"price": 0.16739, "volume": 9.0}}}
{"timestamp": "2025-12-02T08:51:55.224434+00:00", "level": "WARNING", "module": "logger", "funcName": "_log", "lineno": 188, "event_type": "streaming_indicator_engine.data_anomalies_detected", "data": {"symbol": "ARIA_USDT", "timestamp": 1762076734.308999, "anomalies": ["stale_timestamp: 1762076734.308999 vs 1764665515.2244346"], "data_sample": {"price": 0.16744, "volume": 9.0}}}
{"timestamp": "2025-12-02T08:51:55.239575+00:00", "level": "WARNING", "module": "logger", "funcName": "_log", "lineno": 188, "event_type": "streaming_indicator_engine.data_anomalies_detected", "data": {"symbol": "ARIA_USDT", "timestamp": 1762076750.309999, "anomalies": ["stale_timestamp: 1762076750.309999 vs 1764665515.2395759"], "data_sample": {"price": 0.16747, "volume": 10.0}}}
{"timestamp": "2025-12-02T08:51:55.254320+00:00", "level": "WARNING", "module": "logger", "funcName": "_log", "lineno": 188, "event_type": "streaming_indicator_engine.data_anomalies_detected", "data": {"symbol": "ARIA_USDT", "timestamp": 1762076759.311, "anomalies": ["stale_timestamp: 1762076759.311 vs 1764665515.2543204"], "data_sample": {"price": 0.16746, "volume": 10.0}}}
{"timestamp": "2025-12-02T08:51:55.269675+00:00", "level": "WARNING", "module": "logger", "funcName": "_log", "lineno": 188, "event_type": "streaming_indicator_engine.data_anomalies_detected", "data": {"symbol": "ARIA_USDT", "timestamp": 1762076767.309999, "anomalies": ["stale_timestamp: 1762076767.309999 vs 1764665515.269675"], "data_sample": {"price": 0.16742, "volume": 8.0}}}
{"timestamp": "2025-12-02T08:51:55.285184+00:00", "level": "WARNING", "module": "logger", "funcName": "_log", "lineno": 188, "event_type": "streaming_indicator_engine.data_anomalies_detected", "data": {"symbol": "ARIA_USDT", "timestamp": 1762076783.312, "anomalies": ["stale_timestamp: 1762076783.312 vs 1764665515.2851846"], "data_sample": {"price": 0.16745, "volume": 8.0}}}
{"timestamp": "2025-12-02T08:51:55.300691+00:00", "level": "WARNING", "module": "logger", "funcName": "_log", "lineno": 188, "event_type": "streaming_indicator_engine.data_anomalies_detected", "data": {"symbol": "ARIA_USDT", "timestamp": 1762076789.309999, "anomalies": ["stale_timestamp: 1762076789.309999 vs 1764665515.3006914"], "data_sample": {"price": 0.16755, "volume": 9.0}}}
{"timestamp": "2025-12-02T08:51:55.316419+00:00", "level": "WARNING", "module": "logger", "funcName": "_log", "lineno": 188, "event_type": "streaming_indicator_engine.data_anomalies_detected", "data": {"symbol": "ARIA_USDT", "timestamp": 1762076803.311, "anomalies": ["stale_timestamp: 1762076803.311 vs 1764665515.3164196"], "data_sample": {"price": 0.16758, "volume": 10.0}}}
{"timestamp": "2025-12-02T08:51:55.332126+00:00", "level": "WARNING", "module": "logger", "funcName": "_log", "lineno": 188, "event_type": "streaming_indicator_engine.data_anomalies_detected", "data": {"symbol": "ARIA_USDT", "timestamp": 1762076816.308999, "anomalies": ["stale_timestamp: 1762076816.308999 vs 1764665515.3321261"], "data_sample": {"price": 0.16762, "volume": 9.0}}}
{"timestamp": "2025-12-02T08:51:55.348017+00:00", "level": "WARNING", "module": "logger", "funcName": "_log", "lineno": 188, "event_type": "streaming_indicator_engine.data_anomalies_detected", "data": {"symbol": "ARIA_USDT", "timestamp": 1762076825.312999, "anomalies": ["stale_timestamp: 1762076825.312999 vs 1764665515.3474975"], "data_sample": {"price": 0.16751, "volume": 10.0}}}
{"timestamp": "2025-12-02T08:51:55.363710+00:00", "level": "WARNING", "module": "logger", "funcName": "_log", "lineno": 188, "event_type": "streaming_indicator_engine.data_anomalies_detected", "data": {"symbol": "ARIA_USDT", "timestamp": 1762076831.316999, "anomalies": ["stale_timestamp: 1762076831.316999 vs 1764665515.3627174"], "data_sample": {"price": 0.1674, "volume": 6.0}}}
{"timestamp": "2025-12-02T08:51:55.378271+00:00", "level": "WARNING", "module": "logger", "funcName": "_log", "lineno": 188, "event_type": "streaming_indicator_engine.data_anomalies_detected", "data": {"symbol": "ARIA_USDT", "timestamp": 1762076839.311, "anomalies": ["stale_timestamp: 1762076839.311 vs 1764665515.3782713"], "data_sample": {"price": 0.16741, "volume": 8.0}}}
{"timestamp": "2025-12-02T08:51:55.393441+00:00", "level": "WARNING", "module": "logger", "funcName": "_log", "lineno": 188, "event_type": "streaming_indicator_engine.data_anomalies_detected", "data": {"symbol": "ARIA_USDT", "timestamp": 1762076846.312, "anomalies": ["stale_timestamp: 1762076846.312 vs 1764665515.3934414"], "data_sample": {"price": 0.1674, "volume": 6.0}}}
{"timestamp": "2025-12-02T08:51:55.408152+00:00", "level": "WARNING", "module": "logger", "funcName": "_log", "lineno": 188, "event_type": "streaming_indicator_engine.data_anomalies_detected", "data": {"symbol": "ARIA_USDT", "timestamp": 1762076859.309999, "anomalies": ["stale_timestamp: 1762076859.309999 vs 1764665515.408152"], "data_sample": {"price": 0.16723, "volume": 5.0}}}
{"timestamp": "2025-12-02T08:51:55.422943+00:00", "level": "WARNING", "module": "logger", "funcName": "_log", "lineno": 188, "event_type": "streaming_indicator_engine.data_anomalies_detected", "data": {"symbol": "ARIA_USDT", "timestamp": 1762076870.309999, "anomalies": ["stale_timestamp: 1762076870.309999 vs 1764665515.4229436"], "data_sample": {"price": 0.16724, "volume": 9.0}}}
{"timestamp": "2025-12-02T08:51:55.438373+00:00", "level": "WARNING", "module": "logger", "funcName": "_log", "lineno": 188, "event_type": "streaming_indicator_engine.data_anomalies_detected", "data": {"symbol": "ARIA_USDT", "timestamp": 1762076878.309999, "anomalies": ["stale_timestamp: 1762076878.309999 vs 1764665515.4383736"], "data_sample": {"price": 0.16731, "volume": 4.0}}}
{"timestamp": "2025-12-02T08:51:55.453134+00:00", "level": "WARNING", "module": "logger", "funcName": "_log", "lineno": 188, "event_type": "streaming_indicator_engine.data_anomalies_detected", "data": {"symbol": "ARIA_USDT", "timestamp": 1762076892.311, "anomalies": ["stale_timestamp: 1762076892.311 vs 1764665515.4531348"], "data_sample": {"price": 0.16728, "volume": 9.0}}}
{"timestamp": "2025-12-02T08:51:55.483659+00:00", "level": "WARNING", "module": "logger", "funcName": "_log", "lineno": 188, "event_type": "streaming_indicator_engine.data_anomalies_detected", "data": {"symbol": "ARIA_USDT", "timestamp": 1762076900.309999, "anomalies": ["stale_timestamp: 1762076900.309999 vs 1764665515.4836597"], "data_sample": {"price": 0.16731, "volume": 7.0}}}
{"timestamp": "2025-12-02T08:51:55.498809+00:00", "level": "WARNING", "module": "logger", "funcName": "_log", "lineno": 188, "event_type": "streaming_indicator_engine.data_anomalies_detected", "data": {"symbol": "ARIA_USDT", "timestamp": 1762076915.308999, "anomalies": ["stale_timestamp: 1762076915.308999 vs 1764665515.4988096"], "data_sample": {"price": 0.16729, "volume": 4.0}}}
{"timestamp": "2025-12-02T08:51:55.513636+00:00", "level": "WARNING", "module": "logger", "funcName": "_log", "lineno": 188, "event_type": "streaming_indicator_engine.data_anomalies_detected", "data": {"symbol": "ARIA_USDT", "timestamp": 1762076929.309999, "anomalies": ["stale_timestamp: 1762076929.309999 vs 1764665515.513636"], "data_sample": {"price": 0.16725, "volume": 11.0}}}
{"timestamp": "2025-12-02T08:51:55.530238+00:00", "level": "WARNING", "module": "logger", "funcName": "_log", "lineno": 188, "event_type": "streaming_indicator_engine.data_anomalies_detected", "data": {"symbol": "ARIA_USDT", "timestamp": 1762076940.312999, "anomalies": ["stale_timestamp: 1762076940.312999 vs 1764665515.5302386"], "data_sample": {"price": 0.16733, "volume": 8.0}}}
{"timestamp": "2025-12-02T08:51:55.545842+00:00", "level": "WARNING", "module": "logger", "funcName": "_log", "lineno": 188, "event_type": "streaming_indicator_engine.data_anomalies_detected", "data": {"symbol": "ARIA_USDT", "timestamp": 1762076949.324999, "anomalies": ["stale_timestamp: 1762076949.324999 vs 1764665515.5448418"], "data_sample": {"price": 0.1673, "volume": 8.0}}}
{"timestamp": "2025-12-02T08:51:55.559656+00:00", "level": "WARNING", "module": "logger", "funcName": "_log", "lineno": 188, "event_type": "streaming_indicator_engine.data_anomalies_detected", "data": {"symbol": "ARIA_USDT", "timestamp": 1762076965.316, "anomalies": ["stale_timestamp: 1762076965.316 vs 1764665515.5596561"], "data_sample": {"price": 0.16729, "volume": 4.0}}}
{"timestamp": "2025-12-02T08:51:55.574714+00:00", "level": "WARNING", "module": "logger", "funcName": "_log", "lineno": 188, "event_type": "streaming_indicator_engine.data_anomalies_detected", "data": {"symbol": "ARIA_USDT", "timestamp": 1762076978.312, "anomalies": ["stale_timestamp: 1762076978.312 vs 1764665515.574715"], "data_sample": {"price": 0.1673, "volume": 9.0}}}
{"timestamp": "2025-12-02T08:51:55.589483+00:00", "level": "WARNING", "module": "logger", "funcName": "_log", "lineno": 188, "event_type": "streaming_indicator_engine.data_anomalies_detected", "data": {"symbol": "ARIA_USDT", "timestamp": 1762076990.315, "anomalies": ["stale_timestamp: 1762076990.315 vs 1764665515.589483"], "data_sample": {"price": 0.16733, "volume": 10.0}}}
{"timestamp": "2025-12-02T08:51:55.604355+00:00", "level": "WARNING", "module": "logger", "funcName": "_log", "lineno": 188, "event_type": "streaming_indicator_engine.data_anomalies_detected", "data": {"symbol": "ARIA_USDT", "timestamp": 1762076997.315, "anomalies": ["stale_timestamp: 1762076997.315 vs 1764665515.6043556"], "data_sample": {"price": 0.16726, "volume": 12.0}}}
{"timestamp": "2025-12-02T08:51:55.619576+00:00", "level": "WARNING", "module": "logger", "funcName": "_log", "lineno": 188, "event_type": "streaming_indicator_engine.data_anomalies_detected", "data": {"symbol": "ARIA_USDT", "timestamp": 1762077007.309999, "anomalies": ["stale_timestamp: 1762077007.309999 vs 1764665515.6195767"], "data_sample": {"price": 0.16719, "volume": 4.0}}}
{"timestamp": "2025-12-02T08:51:55.635275+00:00", "level": "WARNING", "module": "logger", "funcName": "_log", "lineno": 188, "event_type": "streaming_indicator_engine.data_anomalies_detected", "data": {"symbol": "ARIA_USDT", "timestamp": 1762077018.309999, "anomalies": ["stale_timestamp: 1762077018.309999 vs 1764665515.6352754"], "data_sample": {"price": 0.16722, "volume": 8.0}}}
{"timestamp": "2025-12-02T08:51:55.650687+00:00", "level": "WARNING", "module": "logger", "funcName": "_log", "lineno": 188, "event_type": "streaming_indicator_engine.data_anomalies_detected", "data": {"symbol": "ARIA_USDT", "timestamp": 1762077025.309999, "anomalies": ["stale_timestamp: 1762077025.309999 vs 1764665515.6506872"], "data_sample": {"price": 0.16726, "volume": 5.0}}}
{"timestamp": "2025-12-02T08:51:55.666151+00:00", "level": "WARNING", "module": "logger", "funcName": "_log", "lineno": 188, "event_type": "streaming_indicator_engine.data_anomalies_detected", "data": {"symbol": "ARIA_USDT", "timestamp": 1762077033.311, "anomalies": ["stale_timestamp: 1762077033.311 vs 1764665515.666152"], "data_sample": {"price": 0.16725, "volume": 4.0}}}
{"timestamp": "2025-12-02T08:51:55.682196+00:00", "level": "WARNING", "module": "logger", "funcName": "_log", "lineno": 188, "event_type": "streaming_indicator_engine.data_anomalies_detected", "data": {"symbol": "ARIA_USDT", "timestamp": 1762077042.309999, "anomalies": ["stale_timestamp: 1762077042.309999 vs 1764665515.6821964"], "data_sample": {"price": 0.16724, "volume": 4.0}}}
{"timestamp": "2025-12-02T08:51:55.698479+00:00", "level": "WARNING", "module": "logger", "funcName": "_log", "lineno": 188, "event_type": "streaming_indicator_engine.data_anomalies_detected", "data": {"symbol": "ARIA_USDT", "timestamp": 1762077051.309999, "anomalies": ["stale_timestamp: 1762077051.309999 vs 1764665515.6984797"], "data_sample": {"price": 0.16725, "volume": 4.0}}}
{"timestamp": "2025-12-02T08:51:55.713283+00:00", "level": "WARNING", "module": "logger", "funcName": "_log", "lineno": 188, "event_type": "streaming_indicator_engine.data_anomalies_detected", "data": {"symbol": "ARIA_USDT", "timestamp": 1762077057.312999, "anomalies": ["stale_timestamp: 1762077057.312999 vs 1764665515.713283"], "data_sample": {"price": 0.16726, "volume": 3.0}}}
{"timestamp": "2025-12-02T08:51:55.729621+00:00", "level": "WARNING", "module": "logger", "funcName": "_log", "lineno": 188, "event_type": "streaming_indicator_engine.data_anomalies_detected", "data": {"symbol": "ARIA_USDT", "timestamp": 1762077067.316999, "anomalies": ["stale_timestamp: 1762077067.316999 vs 1764665515.7286108"], "data_sample": {"price": 0.16725, "volume": 8.0}}}
{"timestamp": "2025-12-02T08:51:55.743373+00:00", "level": "WARNING", "module": "logger", "funcName": "_log", "lineno": 188, "event_type": "streaming_indicator_engine.data_anomalies_detected", "data": {"symbol": "ARIA_USDT", "timestamp": 1762077081.308, "anomalies": ["stale_timestamp: 1762077081.308 vs 1764665515.7433736"], "data_sample": {"price": 0.16714, "volume": 6.0}}}
{"timestamp": "2025-12-02T08:51:55.759327+00:00", "level": "WARNING", "module": "logger", "funcName": "_log", "lineno": 188, "event_type": "streaming_indicator_engine.data_anomalies_detected", "data": {"symbol": "ARIA_USDT", "timestamp": 1762077089.311, "anomalies": ["stale_timestamp: 1762077089.311 vs 1764665515.7593277"], "data_sample": {"price": 0.16711, "volume": 4.0}}}
{"timestamp": "2025-12-02T08:51:55.774029+00:00", "level": "WARNING", "module": "logger", "funcName": "_log", "lineno": 188, "event_type": "streaming_indicator_engine.data_anomalies_detected", "data": {"symbol": "ARIA_USDT", "timestamp": 1762077098.311, "anomalies": ["stale_timestamp: 1762077098.311 vs 1764665515.7740297"], "data_sample": {"price": 0.16702, "volume": 4.0}}}
{"timestamp": "2025-12-02T08:51:55.789070+00:00", "level": "WARNING", "module": "logger", "funcName": "_log", "lineno": 188, "event_type": "streaming_indicator_engine.data_anomalies_detected", "data": {"symbol": "ARIA_USDT", "timestamp": 1762077107.335, "anomalies": ["stale_timestamp: 1762077107.335 vs 1764665515.7890708"], "data_sample": {"price": 0.167, "volume": 26.0}}}
{"timestamp": "2025-12-02T08:51:55.804612+00:00", "level": "WARNING", "module": "logger", "funcName": "_log", "lineno": 188, "event_type": "streaming_indicator_engine.data_anomalies_detected", "data": {"symbol": "ARIA_USDT", "timestamp": 1762077121.309999, "anomalies": ["stale_timestamp: 1762077121.309999 vs 1764665515.8046126"], "data_sample": {"price": 0.16704, "volume": 8.0}}}
{"timestamp": "2025-12-02T08:51:55.820101+00:00", "level": "WARNING", "module": "logger", "funcName": "_log", "lineno": 188, "event_type": "streaming_indicator_engine.data_anomalies_detected", "data": {"symbol": "ARIA_USDT", "timestamp": 1762077123.420999, "anomalies": ["stale_timestamp: 1762077123.420999 vs 1764665515.8201013"], "data_sample": {"price": 0.167, "volume": 59.0}}}
{"timestamp": "2025-12-02T08:51:55.837194+00:00", "level": "WARNING", "module": "logger", "funcName": "_log", "lineno": 188, "event_type": "streaming_indicator_engine.data_anomalies_detected", "data": {"symbol": "ARIA_USDT", "timestamp": 1762077139.311, "anomalies": ["stale_timestamp: 1762077139.311 vs 1764665515.8361933"], "data_sample": {"price": 0.16703, "volume": 5.0}}}
{"timestamp": "2025-12-02T08:51:55.851596+00:00", "level": "WARNING", "module": "logger", "funcName": "_log", "lineno": 188, "event_type": "streaming_indicator_engine.data_anomalies_detected", "data": {"symbol": "ARIA_USDT", "timestamp": 1762077152.308999, "anomalies": ["stale_timestamp: 1762077152.308999 vs 1764665515.8515964"], "data_sample": {"price": 0.16708, "volume": 9.0}}}
{"timestamp": "2025-12-02T08:51:55.866557+00:00", "level": "WARNING", "module": "logger", "funcName": "_log", "lineno": 188, "event_type": "streaming_indicator_engine.data_anomalies_detected", "data": {"symbol": "ARIA_USDT", "timestamp": 1762077163.309999, "anomalies": ["stale_timestamp: 1762077163.309999 vs 1764665515.8665574"], "data_sample": {"price": 0.16713, "volume": 11.0}}}
{"timestamp": "2025-12-02T08:51:55.881255+00:00", "level": "WARNING", "module": "logger", "funcName": "_log", "lineno": 188, "event_type": "streaming_indicator_engine.data_anomalies_detected", "data": {"symbol": "ARIA_USDT", "timestamp": 1762077172.309999, "anomalies": ["stale_timestamp: 1762077172.309999 vs 1764665515.8812554"], "data_sample": {"price": 0.16706, "volume": 12.0}}}
{"timestamp": "2025-12-02T08:51:55.898168+00:00", "level": "WARNING", "module": "logger", "funcName": "_log", "lineno": 188, "event_type": "streaming_indicator_engine.data_anomalies_detected", "data": {"symbol": "ARIA_USDT", "timestamp": 1762077187.312999, "anomalies": ["stale_timestamp: 1762077187.312999 vs 1764665515.8981683"], "data_sample": {"price": 0.16705, "volume": 4.0}}}
{"timestamp": "2025-12-02T08:51:55.911406+00:00", "level": "WARNING", "module": "logger", "funcName": "_log", "lineno": 188, "event_type": "streaming_indicator_engine.data_anomalies_detected", "data": {"symbol": "ARIA_USDT", "timestamp": 1762077203.309999, "anomalies": ["stale_timestamp: 1762077203.309999 vs 1764665515.9114063"], "data_sample": {"price": 0.16703, "volume": 6.0}}}
{"timestamp": "2025-12-02T08:51:55.928035+00:00", "level": "WARNING", "module": "logger", "funcName": "_log", "lineno": 188, "event_type": "streaming_indicator_engine.data_anomalies_detected", "data": {"symbol": "ARIA_USDT", "timestamp": 1762077211.312, "anomalies": ["stale_timestamp: 1762077211.312 vs 1764665515.928035"], "data_sample": {"price": 0.16707, "volume": 9.0}}}
{"timestamp": "2025-12-02T08:51:55.943360+00:00", "level": "WARNING", "module": "logger", "funcName": "_log", "lineno": 188, "event_type": "streaming_indicator_engine.data_anomalies_detected", "data": {"symbol": "ARIA_USDT", "timestamp": 1762077227.312999, "anomalies": ["stale_timestamp: 1762077227.312999 vs 1764665515.9433603"], "data_sample": {"price": 0.16704, "volume": 4.0}}}
{"timestamp": "2025-12-02T08:51:55.958628+00:00", "level": "WARNING", "module": "logger", "funcName": "_log", "lineno": 188, "event_type": "streaming_indicator_engine.data_anomalies_detected", "data": {"symbol": "ARIA_USDT", "timestamp": 1762077234.308999, "anomalies": ["stale_timestamp: 1762077234.308999 vs 1764665515.9586282"], "data_sample": {"price": 0.16708, "volume": 8.0}}}
{"timestamp": "2025-12-02T08:51:55.973701+00:00", "level": "WARNING", "module": "logger", "funcName": "_log", "lineno": 188, "event_type": "streaming_indicator_engine.data_anomalies_detected", "data": {"symbol": "ARIA_USDT", "timestamp": 1762077247.312999, "anomalies": ["stale_timestamp: 1762077247.312999 vs 1764665515.9737015"], "data_sample": {"price": 0.16705, "volume": 7.0}}}
{"timestamp": "2025-12-02T08:51:55.988421+00:00", "level": "WARNING", "module": "logger", "funcName": "_log", "lineno": 188, "event_type": "streaming_indicator_engine.data_anomalies_detected", "data": {"symbol": "ARIA_USDT", "timestamp": 1762077263.309999, "anomalies": ["stale_timestamp: 1762077263.309999 vs 1764665515.988422"], "data_sample": {"price": 0.16704, "volume": 7.0}}}
{"timestamp": "2025-12-02T08:51:56.004465+00:00", "level": "WARNING", "module": "logger", "funcName": "_log", "lineno": 188, "event_type": "streaming_indicator_engine.data_anomalies_detected", "data": {"symbol": "ARIA_USDT", "timestamp": 1762077274.309999, "anomalies": ["stale_timestamp: 1762077274.309999 vs 1764665516.0044658"], "data_sample": {"price": 0.16709, "volume": 4.0}}}
{"timestamp": "2025-12-02T08:51:56.019188+00:00", "level": "WARNING", "module": "logger", "funcName": "_log", "lineno": 188, "event_type": "streaming_indicator_engine.data_anomalies_detected", "data": {"symbol": "ARIA_USDT", "timestamp": 1762077281.311, "anomalies": ["stale_timestamp: 1762077281.311 vs 1764665516.0191884"], "data_sample": {"price": 0.16713, "volume": 12.0}}}
{"timestamp": "2025-12-02T08:51:56.024310+00:00", "level": "INFO", "module": "logger", "funcName": "_log", "lineno": 188, "event_type": "strategy_manager.indicator_update_received", "data": {"symbol": "ARIA_USDT", "indicator_name": "5fc82998-9270-4b44-8312-f74ddd20a93d_20", "indicator_type": "", "value": -92.39380594095773, "active_strategies_for_symbol": true, "active_count": 3}}
{"timestamp": "2025-12-02T08:51:56.026219+00:00", "level": "WARNING", "module": "logger", "funcName": "_log", "lineno": 188, "event_type": "streaming_indicator_engine.data_anomalies_detected", "data": {"symbol": "ARIA_USDT", "timestamp": 1762077290.312, "anomalies": ["stale_timestamp: 1762077290.312 vs 1764665516.025303"], "data_sample": {"price": 0.16709, "volume": 8.0}}}
{"timestamp": "2025-12-02T08:51:56.026219+00:00", "level": "WARNING", "module": "logger", "funcName": "_log", "lineno": 188, "event_type": "streaming_indicator_engine.data_anomalies_detected", "data": {"symbol": "ARIA_USDT", "timestamp": 1762077299.312, "anomalies": ["stale_timestamp: 1762077299.312 vs 1764665516.0262196"], "data_sample": {"price": 0.16706, "volume": 8.0}}}
{"timestamp": "2025-12-02T08:51:56.027220+00:00", "level": "WARNING", "module": "logger", "funcName": "_log", "lineno": 188, "event_type": "streaming_indicator_engine.data_anomalies_detected", "data": {"symbol": "ARIA_USDT", "timestamp": 1762077309.309999, "anomalies": ["stale_timestamp: 1762077309.309999 vs 1764665516.027221"], "data_sample": {"price": 0.16705, "volume": 6.0}}}
{"timestamp": "2025-12-02T08:51:56.027220+00:00", "level": "WARNING", "module": "logger", "funcName": "_log", "lineno": 188, "event_type": "streaming_indicator_engine.data_anomalies_detected", "data": {"symbol": "ARIA_USDT", "timestamp": 1762077318.312, "anomalies": ["stale_timestamp: 1762077318.312 vs 1764665516.027221"], "data_sample": {"price": 0.16706, "volume": 9.0}}}
{"timestamp": "2025-12-02T08:51:56.028303+00:00", "level": "WARNING", "module": "logger", "funcName": "_log", "lineno": 188, "event_type": "streaming_indicator_engine.data_anomalies_detected", "data": {"symbol": "ARIA_USDT", "timestamp": 1762077324.309999, "anomalies": ["stale_timestamp: 1762077324.309999 vs 1764665516.0283031"], "data_sample": {"price": 0.1671, "volume": 5.0}}}
{"timestamp": "2025-12-02T08:51:56.028303+00:00", "level": "INFO", "module": "logger", "funcName": "_log", "lineno": 188, "event_type": "strategy_manager.indicator_update_received", "data": {"symbol": "ARIA_USDT", "indicator_name": "5fc82998-9270-4b44-8312-f74ddd20a93d_20", "indicator_type": "", "value": -92.39380594095773, "active_strategies_for_symbol": true, "active_count": 3}}
{"timestamp": "2025-12-02T08:51:56.030491+00:00", "level": "WARNING", "module": "logger", "funcName": "_log", "lineno": 188, "event_type": "streaming_indicator_engine.data_anomalies_detected", "data": {"symbol": "ARIA_USDT", "timestamp": 1762077335.309999, "anomalies": ["stale_timestamp: 1762077335.309999 vs 1764665516.0294814"], "data_sample": {"price": 0.16709, "volume": 4.0}}}
{"timestamp": "2025-12-02T08:51:56.031611+00:00", "level": "WARNING", "module": "logger", "funcName": "_log", "lineno": 188, "event_type": "streaming_indicator_engine.data_anomalies_detected", "data": {"symbol": "ARIA_USDT", "timestamp": 1762077351.309999, "anomalies": ["stale_timestamp: 1762077351.309999 vs 1764665516.0316114"], "data_sample": {"price": 0.1671, "volume": 3.0}}}
{"timestamp": "2025-12-02T08:51:56.031611+00:00", "level": "WARNING", "module": "logger", "funcName": "_log", "lineno": 188, "event_type": "streaming_indicator_engine.data_anomalies_detected", "data": {"symbol": "ARIA_USDT", "timestamp": 1762077362.309999, "anomalies": ["stale_timestamp: 1762077362.309999 vs 1764665516.0316114"], "data_sample": {"price": 0.16716, "volume": 5.0}}}
{"timestamp": "2025-12-02T08:51:56.032976+00:00", "level": "WARNING", "module": "logger", "funcName": "_log", "lineno": 188, "event_type": "streaming_indicator_engine.data_anomalies_detected", "data": {"symbol": "ARIA_USDT", "timestamp": 1762077376.309999, "anomalies": ["stale_timestamp: 1762077376.309999 vs 1764665516.0329764"], "data_sample": {"price": 0.16724, "volume": 11.0}}}
{"timestamp": "2025-12-02T08:51:56.033987+00:00", "level": "WARNING", "module": "logger", "funcName": "_log", "lineno": 188, "event_type": "streaming_indicator_engine.data_anomalies_detected", "data": {"symbol": "ARIA_USDT", "timestamp": 1762077387.309999, "anomalies": ["stale_timestamp: 1762077387.309999 vs 1764665516.033987"], "data_sample": {"price": 0.16726, "volume": 11.0}}}
{"timestamp": "2025-12-02T08:51:56.033987+00:00", "level": "WARNING", "module": "logger", "funcName": "_log", "lineno": 188, "event_type": "streaming_indicator_engine.data_anomalies_detected", "data": {"symbol": "ARIA_USDT", "timestamp": 1762077395.309999, "anomalies": ["stale_timestamp: 1762077395.309999 vs 1764665516.033987"], "data_sample": {"price": 0.16728, "volume": 3.0}}}
{"timestamp": "2025-12-02T08:51:56.036988+00:00", "level": "INFO", "module": "logger", "funcName": "_log", "lineno": 188, "event_type": "strategy_manager.indicator_update_received", "data": {"symbol": "ARIA_USDT", "indicator_name": "11b8be00-eed3-48fe-b359-df47b297226c_20", "indicator_type": "", "value": 0.0023239484382664476, "active_strategies_for_symbol": true, "active_count": 3}}
{"timestamp": "2025-12-02T08:51:56.037991+00:00", "level": "WARNING", "module": "logger", "funcName": "_log", "lineno": 188, "event_type": "streaming_indicator_engine.data_anomalies_detected", "data": {"symbol": "ARIA_USDT", "timestamp": 1762077402.309999, "anomalies": ["stale_timestamp: 1762077402.309999 vs 1764665516.0379915"], "data_sample": {"price": 0.1673, "volume": 10.0}}}
{"timestamp": "2025-12-02T08:51:56.039456+00:00", "level": "WARNING", "module": "logger", "funcName": "_log", "lineno": 188, "event_type": "streaming_indicator_engine.data_anomalies_detected", "data": {"symbol": "ARIA_USDT", "timestamp": 1762077412.311, "anomalies": ["stale_timestamp: 1762077412.311 vs 1764665516.0379915"], "data_sample": {"price": 0.16729, "volume": 7.0}}}
{"timestamp": "2025-12-02T08:51:56.040463+00:00", "level": "WARNING", "module": "logger", "funcName": "_log", "lineno": 188, "event_type": "streaming_indicator_engine.data_anomalies_detected", "data": {"symbol": "ARIA_USDT", "timestamp": 1762077421.309999, "anomalies": ["stale_timestamp: 1762077421.309999 vs 1764665516.039457"], "data_sample": {"price": 0.16727, "volume": 4.0}}}
{"timestamp": "2025-12-02T08:51:56.040463+00:00", "level": "INFO", "module": "logger", "funcName": "_log", "lineno": 188, "event_type": "strategy_manager.indicator_update_received", "data": {"symbol": "ARIA_USDT", "indicator_name": "11b8be00-eed3-48fe-b359-df47b297226c_20", "indicator_type": "", "value": 0.0023239484382664476, "active_strategies_for_symbol": true, "active_count": 3}}
{"timestamp": "2025-12-02T08:51:56.043737+00:00", "level": "INFO", "module": "logger", "funcName": "_log", "lineno": 188, "event_type": "strategy_manager.indicator_update_received", "data": {"symbol": "ARIA_USDT", "indicator_name": "790d8eed-dc95-43ff-b625-1205d256154b_20", "indicator_type": "", "value": 0.0013506874143189638, "active_strategies_for_symbol": true, "active_count": 3}}
{"timestamp": "2025-12-02T08:51:56.044753+00:00", "level": "INFO", "module": "logger", "funcName": "_log", "lineno": 188, "event_type": "strategy_manager.indicator_update_received", "data": {"symbol": "ARIA_USDT", "indicator_name": "790d8eed-dc95-43ff-b625-1205d256154b_20", "indicator_type": "", "value": 0.0013506874143189638, "active_strategies_for_symbol": true, "active_count": 3}}
{"timestamp": "2025-12-02T08:51:56.055870+00:00", "level": "WARNING", "module": "logger", "funcName": "_log", "lineno": 188, "event_type": "streaming_indicator_engine.data_anomalies_detected", "data": {"symbol": "ARIA_USDT", "timestamp": 1762076372.312999, "anomalies": ["stale_timestamp: 1762076372.312999 vs 1764665516.0558703"], "data_sample": {"price": 0.1671, "volume": 3.0}}}
{"timestamp": "2025-12-02T08:51:56.056790+00:00", "level": "WARNING", "module": "logger", "funcName": "_log", "lineno": 188, "event_type": "streaming_indicator_engine.data_anomalies_detected", "data": {"symbol": "ARIA_USDT", "timestamp": 1762076381.309999, "anomalies": ["stale_timestamp: 1762076381.309999 vs 1764665516.0567908"], "data_sample": {"price": 0.16715, "volume": 8.0}}}
{"timestamp": "2025-12-02T08:51:56.081610+00:00", "level": "WARNING", "module": "logger", "funcName": "_log", "lineno": 188, "event_type": "streaming_indicator_engine.data_anomalies_detected", "data": {"symbol": "ARIA_USDT", "timestamp": 1762076388.311, "anomalies": ["stale_timestamp: 1762076388.311 vs 1764665516.0816102"], "data_sample": {"price": 0.16714, "volume": 9.0}}}
{"timestamp": "2025-12-02T08:51:56.098223+00:00", "level": "WARNING", "module": "logger", "funcName": "_log", "lineno": 188, "event_type": "streaming_indicator_engine.data_anomalies_detected", "data": {"symbol": "ARIA_USDT", "timestamp": 1762076401.309999, "anomalies": ["stale_timestamp: 1762076401.309999 vs 1764665516.0972326"], "data_sample": {"price": 0.16717, "volume": 7.0}}}
{"timestamp": "2025-12-02T08:51:56.112369+00:00", "level": "WARNING", "module": "logger", "funcName": "_log", "lineno": 188, "event_type": "streaming_indicator_engine.data_anomalies_detected", "data": {"symbol": "ARIA_USDT", "timestamp": 1762076408.312, "anomalies": ["stale_timestamp: 1762076408.312 vs 1764665516.1123693"], "data_sample": {"price": 0.16713, "volume": 3.0}}}
{"timestamp": "2025-12-02T08:51:56.128379+00:00", "level": "WARNING", "module": "logger", "funcName": "_log", "lineno": 188, "event_type": "streaming_indicator_engine.data_anomalies_detected", "data": {"symbol": "ARIA_USDT", "timestamp": 1762076417.311, "anomalies": ["stale_timestamp: 1762076417.311 vs 1764665516.1283793"], "data_sample": {"price": 0.16708, "volume": 3.0}}}
{"timestamp": "2025-12-02T08:51:56.143619+00:00", "level": "WARNING", "module": "logger", "funcName": "_log", "lineno": 188, "event_type": "streaming_indicator_engine.data_anomalies_detected", "data": {"symbol": "ARIA_USDT", "timestamp": 1762076427.308999, "anomalies": ["stale_timestamp: 1762076427.308999 vs 1764665516.1436193"], "data_sample": {"price": 0.16707, "volume": 12.0}}}
{"timestamp": "2025-12-02T08:51:56.159477+00:00", "level": "WARNING", "module": "logger", "funcName": "_log", "lineno": 188, "event_type": "streaming_indicator_engine.data_anomalies_detected", "data": {"symbol": "ARIA_USDT", "timestamp": 1762076435.309999, "anomalies": ["stale_timestamp: 1762076435.309999 vs 1764665516.1594775"], "data_sample": {"price": 0.1671, "volume": 4.0}}}
{"timestamp": "2025-12-02T08:51:56.174246+00:00", "level": "WARNING", "module": "logger", "funcName": "_log", "lineno": 188, "event_type": "streaming_indicator_engine.data_anomalies_detected", "data": {"symbol": "ARIA_USDT", "timestamp": 1762076447.309999, "anomalies": ["stale_timestamp: 1762076447.309999 vs 1764665516.1742463"], "data_sample": {"price": 0.16708, "volume": 9.0}}}
{"timestamp": "2025-12-02T08:51:56.189414+00:00", "level": "WARNING", "module": "logger", "funcName": "_log", "lineno": 188, "event_type": "streaming_indicator_engine.data_anomalies_detected", "data": {"symbol": "ARIA_USDT", "timestamp": 1762076462.309999, "anomalies": ["stale_timestamp: 1762076462.309999 vs 1764665516.1894143"], "data_sample": {"price": 0.16726, "volume": 10.0}}}
{"timestamp": "2025-12-02T08:51:56.205017+00:00", "level": "WARNING", "module": "logger", "funcName": "_log", "lineno": 188, "event_type": "streaming_indicator_engine.data_anomalies_detected", "data": {"symbol": "ARIA_USDT", "timestamp": 1762076476.308999, "anomalies": ["stale_timestamp: 1762076476.308999 vs 1764665516.2050178"], "data_sample": {"price": 0.16745, "volume": 9.0}}}
{"timestamp": "2025-12-02T08:51:56.220559+00:00", "level": "WARNING", "module": "logger", "funcName": "_log", "lineno": 188, "event_type": "streaming_indicator_engine.data_anomalies_detected", "data": {"symbol": "ARIA_USDT", "timestamp": 1762076490.311, "anomalies": ["stale_timestamp: 1762076490.311 vs 1764665516.2205594"], "data_sample": {"price": 0.16766, "volume": 7.0}}}
{"timestamp": "2025-12-02T08:51:56.235968+00:00", "level": "WARNING", "module": "logger", "funcName": "_log", "lineno": 188, "event_type": "streaming_indicator_engine.data_anomalies_detected", "data": {"symbol": "ARIA_USDT", "timestamp": 1762076501.311, "anomalies": ["stale_timestamp: 1762076501.311 vs 1764665516.2359688"], "data_sample": {"price": 0.16763, "volume": 5.0}}}
{"timestamp": "2025-12-02T08:51:56.251540+00:00", "level": "WARNING", "module": "logger", "funcName": "_log", "lineno": 188, "event_type": "streaming_indicator_engine.data_anomalies_detected", "data": {"symbol": "ARIA_USDT", "timestamp": 1762076514.408999, "anomalies": ["stale_timestamp: 1762076514.408999 vs 1764665516.2515402"], "data_sample": {"price": 0.16766, "volume": 10.0}}}
{"timestamp": "2025-12-02T08:51:56.266258+00:00", "level": "WARNING", "module": "logger", "funcName": "_log", "lineno": 188, "event_type": "streaming_indicator_engine.data_anomalies_detected", "data": {"symbol": "ARIA_USDT", "timestamp": 1762076520.311, "anomalies": ["stale_timestamp: 1762076520.311 vs 1764665516.266259"], "data_sample": {"price": 0.1677, "volume": 9.0}}}
{"timestamp": "2025-12-02T08:51:56.282279+00:00", "level": "WARNING", "module": "logger", "funcName": "_log", "lineno": 188, "event_type": "streaming_indicator_engine.data_anomalies_detected", "data": {"symbol": "ARIA_USDT", "timestamp": 1762076531.311, "anomalies": ["stale_timestamp: 1762076531.311 vs 1764665516.2822797"], "data_sample": {"price": 0.16778, "volume": 10.0}}}
{"timestamp": "2025-12-02T08:51:56.298609+00:00", "level": "WARNING", "module": "logger", "funcName": "_log", "lineno": 188, "event_type": "streaming_indicator_engine.data_anomalies_detected", "data": {"symbol": "ARIA_USDT", "timestamp": 1762076537.311, "anomalies": ["stale_timestamp: 1762076537.311 vs 1764665516.29861"], "data_sample": {"price": 0.16777, "volume": 10.0}}}
{"timestamp": "2025-12-02T08:51:56.300629+00:00", "level": "INFO", "module": "logger", "funcName": "_log", "lineno": 188, "event_type": "strategy_manager.indicator_update_received", "data": {"symbol": "ARIA_USDT", "indicator_name": "611fad91-045d-408b-8822-f43428935033_20", "indicator_type": "", "value": 0.0027601558816686632, "active_strategies_for_symbol": true, "active_count": 3}}
{"timestamp": "2025-12-02T08:51:56.301627+00:00", "level": "WARNING", "module": "logger", "funcName": "_log", "lineno": 188, "event_type": "streaming_indicator_engine.data_anomalies_detected", "data": {"symbol": "ARIA_USDT", "timestamp": 1762076543.312, "anomalies": ["stale_timestamp: 1762076543.312 vs 1764665516.3016276"], "data_sample": {"price": 0.16765, "volume": 8.0}}}
{"timestamp": "2025-12-02T08:51:56.302627+00:00", "level": "WARNING", "module": "logger", "funcName": "_log", "lineno": 188, "event_type": "streaming_indicator_engine.data_anomalies_detected", "data": {"symbol": "ARIA_USDT", "timestamp": 1762076551.311, "anomalies": ["stale_timestamp: 1762076551.311 vs 1764665516.3026276"], "data_sample": {"price": 0.16776, "volume": 7.0}}}
{"timestamp": "2025-12-02T08:51:56.303627+00:00", "level": "WARNING", "module": "logger", "funcName": "_log", "lineno": 188, "event_type": "streaming_indicator_engine.data_anomalies_detected", "data": {"symbol": "ARIA_USDT", "timestamp": 1762076567.313999, "anomalies": ["stale_timestamp: 1762076567.313999 vs 1764665516.3036277"], "data_sample": {"price": 0.16779, "volume": 4.0}}}
{"timestamp": "2025-12-02T08:51:56.304626+00:00", "level": "WARNING", "module": "logger", "funcName": "_log", "lineno": 188, "event_type": "streaming_indicator_engine.data_anomalies_detected", "data": {"symbol": "ARIA_USDT", "timestamp": 1762076582.312999, "anomalies": ["stale_timestamp: 1762076582.312999 vs 1764665516.3046267"], "data_sample": {"price": 0.16774, "volume": 4.0}}}
{"timestamp": "2025-12-02T08:51:56.305627+00:00", "level": "WARNING", "module": "logger", "funcName": "_log", "lineno": 188, "event_type": "streaming_indicator_engine.data_anomalies_detected", "data": {"symbol": "ARIA_USDT", "timestamp": 1762076595.309999, "anomalies": ["stale_timestamp: 1762076595.309999 vs 1764665516.3056276"], "data_sample": {"price": 0.16776, "volume": 10.0}}}
{"timestamp": "2025-12-02T08:51:56.305627+00:00", "level": "INFO", "module": "logger", "funcName": "_log", "lineno": 188, "event_type": "strategy_manager.indicator_update_received", "data": {"symbol": "ARIA_USDT", "indicator_name": "611fad91-045d-408b-8822-f43428935033_20", "indicator_type": "", "value": 0.0027601558816686632, "active_strategies_for_symbol": true, "active_count": 3}}
{"timestamp": "2025-12-02T08:51:56.306625+00:00", "level": "WARNING", "module": "logger", "funcName": "_log", "lineno": 188, "event_type": "streaming_indicator_engine.data_anomalies_detected", "data": {"symbol": "ARIA_USDT", "timestamp": 1762076606.309999, "anomalies": ["stale_timestamp: 1762076606.309999 vs 1764665516.3066258"], "data_sample": {"price": 0.16772, "volume": 9.0}}}
{"timestamp": "2025-12-02T08:51:56.306625+00:00", "level": "WARNING", "module": "logger", "funcName": "_log", "lineno": 188, "event_type": "streaming_indicator_engine.data_anomalies_detected", "data": {"symbol": "ARIA_USDT", "timestamp": 1762076620.309999, "anomalies": ["stale_timestamp: 1762076620.309999 vs 1764665516.3066258"], "data_sample": {"price": 0.16764, "volume": 5.0}}}
{"timestamp": "2025-12-02T08:51:56.306625+00:00", "level": "WARNING", "module": "logger", "funcName": "_log", "lineno": 188, "event_type": "streaming_indicator_engine.data_anomalies_detected", "data": {"symbol": "ARIA_USDT", "timestamp": 1762076628.311, "anomalies": ["stale_timestamp: 1762076628.311 vs 1764665516.3066258"], "data_sample": {"price": 0.16761, "volume": 7.0}}}
{"timestamp": "2025-12-02T08:51:56.308132+00:00", "level": "WARNING", "module": "logger", "funcName": "_log", "lineno": 188, "event_type": "streaming_indicator_engine.data_anomalies_detected", "data": {"symbol": "ARIA_USDT", "timestamp": 1762076638.312999, "anomalies": ["stale_timestamp: 1762076638.312999 vs 1764665516.3081322"], "data_sample": {"price": 0.16763, "volume": 10.0}}}
{"timestamp": "2025-12-02T08:51:56.309140+00:00", "level": "WARNING", "module": "logger", "funcName": "_log", "lineno": 188, "event_type": "streaming_indicator_engine.data_anomalies_detected", "data": {"symbol": "ARIA_USDT", "timestamp": 1762076647.309999, "anomalies": ["stale_timestamp: 1762076647.309999 vs 1764665516.3091407"], "data_sample": {"price": 0.16762, "volume": 4.0}}}
{"timestamp": "2025-12-02T08:51:56.309140+00:00", "level": "WARNING", "module": "logger", "funcName": "_log", "lineno": 188, "event_type": "streaming_indicator_engine.data_anomalies_detected", "data": {"symbol": "ARIA_USDT", "timestamp": 1762076653.309999, "anomalies": ["stale_timestamp: 1762076653.309999 vs 1764665516.3091407"], "data_sample": {"price": 0.16761, "volume": 9.0}}}
{"timestamp": "2025-12-02T08:51:56.309140+00:00", "level": "WARNING", "module": "logger", "funcName": "_log", "lineno": 188, "event_type": "streaming_indicator_engine.data_anomalies_detected", "data": {"symbol": "ARIA_USDT", "timestamp": 1762076666.309999, "anomalies": ["stale_timestamp: 1762076666.309999 vs 1764665516.3091407"], "data_sample": {"price": 0.16763, "volume": 9.0}}}
{"timestamp": "2025-12-02T08:51:56.329038+00:00", "level": "WARNING", "module": "logger", "funcName": "_log", "lineno": 188, "event_type": "streaming_indicator_engine.data_anomalies_detected", "data": {"symbol": "ARIA_USDT", "timestamp": 1762076672.308999, "anomalies": ["stale_timestamp: 1762076672.308999 vs 1764665516.3290386"], "data_sample": {"price": 0.16762, "volume": 9.0}}}
{"timestamp": "2025-12-02T08:51:56.344409+00:00", "level": "WARNING", "module": "logger", "funcName": "_log", "lineno": 188, "event_type": "streaming_indicator_engine.data_anomalies_detected", "data": {"symbol": "ARIA_USDT", "timestamp": 1762076685.309999, "anomalies": ["stale_timestamp: 1762076685.309999 vs 1764665516.344409"], "data_sample": {"price": 0.16732, "volume": 9.0}}}
{"timestamp": "2025-12-02T08:51:56.359479+00:00", "level": "WARNING", "module": "logger", "funcName": "_log", "lineno": 188, "event_type": "streaming_indicator_engine.data_anomalies_detected", "data": {"symbol": "ARIA_USDT", "timestamp": 1762076699.311, "anomalies": ["stale_timestamp: 1762076699.311 vs 1764665516.3594797"], "data_sample": {"price": 0.16737, "volume": 11.0}}}
{"timestamp": "2025-12-02T08:51:56.375610+00:00", "level": "WARNING", "module": "logger", "funcName": "_log", "lineno": 188, "event_type": "streaming_indicator_engine.data_anomalies_detected", "data": {"symbol": "ARIA_USDT", "timestamp": 1762076713.309999, "anomalies": ["stale_timestamp: 1762076713.309999 vs 1764665516.3756106"], "data_sample": {"price": 0.16735, "volume": 4.0}}}
{"timestamp": "2025-12-02T08:51:56.391000+00:00", "level": "WARNING", "module": "logger", "funcName": "_log", "lineno": 188, "event_type": "streaming_indicator_engine.data_anomalies_detected", "data": {"symbol": "ARIA_USDT", "timestamp": 1762076728.311, "anomalies": ["stale_timestamp: 1762076728.311 vs 1764665516.3910007"], "data_sample": {"price": 0.16739, "volume": 9.0}}}
{"timestamp": "2025-12-02T08:51:56.406957+00:00", "level": "WARNING", "module": "logger", "funcName": "_log", "lineno": 188, "event_type": "streaming_indicator_engine.data_anomalies_detected", "data": {"symbol": "ARIA_USDT", "timestamp": 1762076734.308999, "anomalies": ["stale_timestamp: 1762076734.308999 vs 1764665516.4069579"], "data_sample": {"price": 0.16744, "volume": 9.0}}}
{"timestamp": "2025-12-02T08:51:56.423208+00:00", "level": "WARNING", "module": "logger", "funcName": "_log", "lineno": 188, "event_type": "streaming_indicator_engine.data_anomalies_detected", "data": {"symbol": "ARIA_USDT", "timestamp": 1762076750.309999, "anomalies": ["stale_timestamp: 1762076750.309999 vs 1764665516.423208"], "data_sample": {"price": 0.16747, "volume": 10.0}}}
{"timestamp": "2025-12-02T08:51:56.438430+00:00", "level": "WARNING", "module": "logger", "funcName": "_log", "lineno": 188, "event_type": "streaming_indicator_engine.data_anomalies_detected", "data": {"symbol": "ARIA_USDT", "timestamp": 1762076759.311, "anomalies": ["stale_timestamp: 1762076759.311 vs 1764665516.4384303"], "data_sample": {"price": 0.16746, "volume": 10.0}}}
{"timestamp": "2025-12-02T08:51:56.453609+00:00", "level": "WARNING", "module": "logger", "funcName": "_log", "lineno": 188, "event_type": "streaming_indicator_engine.data_anomalies_detected", "data": {"symbol": "ARIA_USDT", "timestamp": 1762076767.309999, "anomalies": ["stale_timestamp: 1762076767.309999 vs 1764665516.4536095"], "data_sample": {"price": 0.16742, "volume": 8.0}}}
{"timestamp": "2025-12-02T08:51:56.469507+00:00", "level": "WARNING", "module": "logger", "funcName": "_log", "lineno": 188, "event_type": "streaming_indicator_engine.data_anomalies_detected", "data": {"symbol": "ARIA_USDT", "timestamp": 1762076783.312, "anomalies": ["stale_timestamp: 1762076783.312 vs 1764665516.4695077"], "data_sample": {"price": 0.16745, "volume": 8.0}}}
{"timestamp": "2025-12-02T08:51:56.485336+00:00", "level": "WARNING", "module": "logger", "funcName": "_log", "lineno": 188, "event_type": "streaming_indicator_engine.data_anomalies_detected", "data": {"symbol": "ARIA_USDT", "timestamp": 1762076789.309999, "anomalies": ["stale_timestamp: 1762076789.309999 vs 1764665516.485336"], "data_sample": {"price": 0.16755, "volume": 9.0}}}
{"timestamp": "2025-12-02T08:51:56.500763+00:00", "level": "WARNING", "module": "logger", "funcName": "_log", "lineno": 188, "event_type": "streaming_indicator_engine.data_anomalies_detected", "data": {"symbol": "ARIA_USDT", "timestamp": 1762076803.311, "anomalies": ["stale_timestamp: 1762076803.311 vs 1764665516.5007632"], "data_sample": {"price": 0.16758, "volume": 10.0}}}
{"timestamp": "2025-12-02T08:51:56.517127+00:00", "level": "WARNING", "module": "logger", "funcName": "_log", "lineno": 188, "event_type": "streaming_indicator_engine.data_anomalies_detected", "data": {"symbol": "ARIA_USDT", "timestamp": 1762076816.308999, "anomalies": ["stale_timestamp: 1762076816.308999 vs 1764665516.5161707"], "data_sample": {"price": 0.16762, "volume": 9.0}}}
{"timestamp": "2025-12-02T08:51:56.532117+00:00", "level": "WARNING", "module": "logger", "funcName": "_log", "lineno": 188, "event_type": "streaming_indicator_engine.data_anomalies_detected", "data": {"symbol": "ARIA_USDT", "timestamp": 1762076825.312999, "anomalies": ["stale_timestamp: 1762076825.312999 vs 1764665516.5321176"], "data_sample": {"price": 0.16751, "volume": 10.0}}}
{"timestamp": "2025-12-02T08:51:56.546259+00:00", "level": "WARNING", "module": "logger", "funcName": "_log", "lineno": 188, "event_type": "streaming_indicator_engine.data_anomalies_detected", "data": {"symbol": "ARIA_USDT", "timestamp": 1762076831.316999, "anomalies": ["stale_timestamp: 1762076831.316999 vs 1764665516.546259"], "data_sample": {"price": 0.1674, "volume": 6.0}}}
{"timestamp": "2025-12-02T08:51:56.561635+00:00", "level": "WARNING", "module": "logger", "funcName": "_log", "lineno": 188, "event_type": "streaming_indicator_engine.data_anomalies_detected", "data": {"symbol": "ARIA_USDT", "timestamp": 1762076839.311, "anomalies": ["stale_timestamp: 1762076839.311 vs 1764665516.5616353"], "data_sample": {"price": 0.16741, "volume": 8.0}}}
{"timestamp": "2025-12-02T08:51:56.576291+00:00", "level": "WARNING", "module": "logger", "funcName": "_log", "lineno": 188, "event_type": "streaming_indicator_engine.data_anomalies_detected", "data": {"symbol": "ARIA_USDT", "timestamp": 1762076846.312, "anomalies": ["stale_timestamp: 1762076846.312 vs 1764665516.5762913"], "data_sample": {"price": 0.1674, "volume": 6.0}}}
{"timestamp": "2025-12-02T08:51:56.592384+00:00", "level": "WARNING", "module": "logger", "funcName": "_log", "lineno": 188, "event_type": "streaming_indicator_engine.data_anomalies_detected", "data": {"symbol": "ARIA_USDT", "timestamp": 1762076859.309999, "anomalies": ["stale_timestamp: 1762076859.309999 vs 1764665516.5923846"], "data_sample": {"price": 0.16723, "volume": 5.0}}}
{"timestamp": "2025-12-02T08:51:56.608438+00:00", "level": "WARNING", "module": "logger", "funcName": "_log", "lineno": 188, "event_type": "streaming_indicator_engine.data_anomalies_detected", "data": {"symbol": "ARIA_USDT", "timestamp": 1762076870.309999, "anomalies": ["stale_timestamp: 1762076870.309999 vs 1764665516.6079347"], "data_sample": {"price": 0.16724, "volume": 9.0}}}
      Status: running, Ticks: 0, Signals: 0
{"timestamp": "2025-12-02T08:51:56.623564+00:00", "level": "WARNING", "module": "logger", "funcName": "_log", "lineno": 188, "event_type": "streaming_indicator_engine.data_anomalies_detected", "data": {"symbol": "ARIA_USDT", "timestamp": 1762076878.309999, "anomalies": ["stale_timestamp: 1762076878.309999 vs 1764665516.6235642"], "data_sample": {"price": 0.16731, "volume": 4.0}}}
{"timestamp": "2025-12-02T08:51:56.638596+00:00", "level": "WARNING", "module": "logger", "funcName": "_log", "lineno": 188, "event_type": "streaming_indicator_engine.data_anomalies_detected", "data": {"symbol": "ARIA_USDT", "timestamp": 1762076892.311, "anomalies": ["stale_timestamp: 1762076892.311 vs 1764665516.6385968"], "data_sample": {"price": 0.16728, "volume": 9.0}}}
{"timestamp": "2025-12-02T08:51:56.669728+00:00", "level": "WARNING", "module": "logger", "funcName": "_log", "lineno": 188, "event_type": "streaming_indicator_engine.data_anomalies_detected", "data": {"symbol": "ARIA_USDT", "timestamp": 1762076900.309999, "anomalies": ["stale_timestamp: 1762076900.309999 vs 1764665516.6697285"], "data_sample": {"price": 0.16731, "volume": 7.0}}}
{"timestamp": "2025-12-02T08:51:56.685165+00:00", "level": "WARNING", "module": "logger", "funcName": "_log", "lineno": 188, "event_type": "streaming_indicator_engine.data_anomalies_detected", "data": {"symbol": "ARIA_USDT", "timestamp": 1762076915.308999, "anomalies": ["stale_timestamp: 1762076915.308999 vs 1764665516.6851656"], "data_sample": {"price": 0.16729, "volume": 4.0}}}
{"timestamp": "2025-12-02T08:51:56.701147+00:00", "level": "WARNING", "module": "logger", "funcName": "_log", "lineno": 188, "event_type": "streaming_indicator_engine.data_anomalies_detected", "data": {"symbol": "ARIA_USDT", "timestamp": 1762076929.309999, "anomalies": ["stale_timestamp: 1762076929.309999 vs 1764665516.7011476"], "data_sample": {"price": 0.16725, "volume": 11.0}}}
{"timestamp": "2025-12-02T08:51:56.715802+00:00", "level": "WARNING", "module": "logger", "funcName": "_log", "lineno": 188, "event_type": "streaming_indicator_engine.data_anomalies_detected", "data": {"symbol": "ARIA_USDT", "timestamp": 1762076940.312999, "anomalies": ["stale_timestamp: 1762076940.312999 vs 1764665516.7158022"], "data_sample": {"price": 0.16733, "volume": 8.0}}}
{"timestamp": "2025-12-02T08:51:56.730617+00:00", "level": "WARNING", "module": "logger", "funcName": "_log", "lineno": 188, "event_type": "streaming_indicator_engine.data_anomalies_detected", "data": {"symbol": "ARIA_USDT", "timestamp": 1762076949.324999, "anomalies": ["stale_timestamp: 1762076949.324999 vs 1764665516.7306178"], "data_sample": {"price": 0.1673, "volume": 8.0}}}
{"timestamp": "2025-12-02T08:51:56.745678+00:00", "level": "WARNING", "module": "logger", "funcName": "_log", "lineno": 188, "event_type": "streaming_indicator_engine.data_anomalies_detected", "data": {"symbol": "ARIA_USDT", "timestamp": 1762076965.316, "anomalies": ["stale_timestamp: 1762076965.316 vs 1764665516.745679"], "data_sample": {"price": 0.16729, "volume": 4.0}}}
{"timestamp": "2025-12-02T08:51:56.760557+00:00", "level": "WARNING", "module": "logger", "funcName": "_log", "lineno": 188, "event_type": "streaming_indicator_engine.data_anomalies_detected", "data": {"symbol": "ARIA_USDT", "timestamp": 1762076978.312, "anomalies": ["stale_timestamp: 1762076978.312 vs 1764665516.7605577"], "data_sample": {"price": 0.1673, "volume": 9.0}}}
{"timestamp": "2025-12-02T08:51:56.776674+00:00", "level": "WARNING", "module": "logger", "funcName": "_log", "lineno": 188, "event_type": "streaming_indicator_engine.data_anomalies_detected", "data": {"symbol": "ARIA_USDT", "timestamp": 1762076990.315, "anomalies": ["stale_timestamp: 1762076990.315 vs 1764665516.7766747"], "data_sample": {"price": 0.16733, "volume": 10.0}}}
{"timestamp": "2025-12-02T08:51:56.791711+00:00", "level": "WARNING", "module": "logger", "funcName": "_log", "lineno": 188, "event_type": "streaming_indicator_engine.data_anomalies_detected", "data": {"symbol": "ARIA_USDT", "timestamp": 1762076997.315, "anomalies": ["stale_timestamp: 1762076997.315 vs 1764665516.791711"], "data_sample": {"price": 0.16726, "volume": 12.0}}}
{"timestamp": "2025-12-02T08:51:56.807233+00:00", "level": "WARNING", "module": "logger", "funcName": "_log", "lineno": 188, "event_type": "streaming_indicator_engine.data_anomalies_detected", "data": {"symbol": "ARIA_USDT", "timestamp": 1762077007.309999, "anomalies": ["stale_timestamp: 1762077007.309999 vs 1764665516.8072333"], "data_sample": {"price": 0.16719, "volume": 4.0}}}
{"timestamp": "2025-12-02T08:51:56.822796+00:00", "level": "WARNING", "module": "logger", "funcName": "_log", "lineno": 188, "event_type": "streaming_indicator_engine.data_anomalies_detected", "data": {"symbol": "ARIA_USDT", "timestamp": 1762077018.309999, "anomalies": ["stale_timestamp: 1762077018.309999 vs 1764665516.8227966"], "data_sample": {"price": 0.16722, "volume": 8.0}}}
{"timestamp": "2025-12-02T08:51:56.838017+00:00", "level": "WARNING", "module": "logger", "funcName": "_log", "lineno": 188, "event_type": "streaming_indicator_engine.data_anomalies_detected", "data": {"symbol": "ARIA_USDT", "timestamp": 1762077025.309999, "anomalies": ["stale_timestamp: 1762077025.309999 vs 1764665516.8380175"], "data_sample": {"price": 0.16726, "volume": 5.0}}}
{"timestamp": "2025-12-02T08:51:56.854099+00:00", "level": "WARNING", "module": "logger", "funcName": "_log", "lineno": 188, "event_type": "streaming_indicator_engine.data_anomalies_detected", "data": {"symbol": "ARIA_USDT", "timestamp": 1762077033.311, "anomalies": ["stale_timestamp: 1762077033.311 vs 1764665516.8540995"], "data_sample": {"price": 0.16725, "volume": 4.0}}}
{"timestamp": "2025-12-02T08:51:56.869429+00:00", "level": "WARNING", "module": "logger", "funcName": "_log", "lineno": 188, "event_type": "streaming_indicator_engine.data_anomalies_detected", "data": {"symbol": "ARIA_USDT", "timestamp": 1762077042.309999, "anomalies": ["stale_timestamp: 1762077042.309999 vs 1764665516.8694298"], "data_sample": {"price": 0.16724, "volume": 4.0}}}
{"timestamp": "2025-12-02T08:51:56.885556+00:00", "level": "WARNING", "module": "logger", "funcName": "_log", "lineno": 188, "event_type": "streaming_indicator_engine.data_anomalies_detected", "data": {"symbol": "ARIA_USDT", "timestamp": 1762077051.309999, "anomalies": ["stale_timestamp: 1762077051.309999 vs 1764665516.8855565"], "data_sample": {"price": 0.16725, "volume": 4.0}}}
{"timestamp": "2025-12-02T08:51:56.900764+00:00", "level": "WARNING", "module": "logger", "funcName": "_log", "lineno": 188, "event_type": "streaming_indicator_engine.data_anomalies_detected", "data": {"symbol": "ARIA_USDT", "timestamp": 1762077057.312999, "anomalies": ["stale_timestamp: 1762077057.312999 vs 1764665516.9007647"], "data_sample": {"price": 0.16726, "volume": 3.0}}}
{"timestamp": "2025-12-02T08:51:56.916914+00:00", "level": "WARNING", "module": "logger", "funcName": "_log", "lineno": 188, "event_type": "streaming_indicator_engine.data_anomalies_detected", "data": {"symbol": "ARIA_USDT", "timestamp": 1762077067.316999, "anomalies": ["stale_timestamp: 1762077067.316999 vs 1764665516.9169142"], "data_sample": {"price": 0.16725, "volume": 8.0}}}
{"timestamp": "2025-12-02T08:51:56.931454+00:00", "level": "WARNING", "module": "logger", "funcName": "_log", "lineno": 188, "event_type": "streaming_indicator_engine.data_anomalies_detected", "data": {"symbol": "ARIA_USDT", "timestamp": 1762077081.308, "anomalies": ["stale_timestamp: 1762077081.308 vs 1764665516.9314542"], "data_sample": {"price": 0.16714, "volume": 6.0}}}
{"timestamp": "2025-12-02T08:51:56.958111+00:00", "level": "WARNING", "module": "logger", "funcName": "_log", "lineno": 188, "event_type": "streaming_indicator_engine.data_anomalies_detected", "data": {"symbol": "ARIA_USDT", "timestamp": 1762077089.311, "anomalies": ["stale_timestamp: 1762077089.311 vs 1764665516.9571126"], "data_sample": {"price": 0.16711, "volume": 4.0}}}
{"timestamp": "2025-12-02T08:51:56.983729+00:00", "level": "WARNING", "module": "logger", "funcName": "_log", "lineno": 188, "event_type": "streaming_indicator_engine.data_anomalies_detected", "data": {"symbol": "ARIA_USDT", "timestamp": 1762077098.311, "anomalies": ["stale_timestamp: 1762077098.311 vs 1764665516.9827447"], "data_sample": {"price": 0.16702, "volume": 4.0}}}
{"timestamp": "2025-12-02T08:51:57.012305+00:00", "level": "WARNING", "module": "logger", "funcName": "_log", "lineno": 188, "event_type": "streaming_indicator_engine.data_anomalies_detected", "data": {"symbol": "ARIA_USDT", "timestamp": 1762077107.335, "anomalies": ["stale_timestamp: 1762077107.335 vs 1764665517.01131"], "data_sample": {"price": 0.167, "volume": 26.0}}}
{"timestamp": "2025-12-02T08:51:57.045520+00:00", "level": "WARNING", "module": "logger", "funcName": "_log", "lineno": 188, "event_type": "streaming_indicator_engine.data_anomalies_detected", "data": {"symbol": "ARIA_USDT", "timestamp": 1762077121.309999, "anomalies": ["stale_timestamp: 1762077121.309999 vs 1764665517.0445182"], "data_sample": {"price": 0.16704, "volume": 8.0}}}
{"timestamp": "2025-12-02T08:51:57.092460+00:00", "level": "WARNING", "module": "logger", "funcName": "_log", "lineno": 188, "event_type": "streaming_indicator_engine.data_anomalies_detected", "data": {"symbol": "ARIA_USDT", "timestamp": 1762077123.420999, "anomalies": ["stale_timestamp: 1762077123.420999 vs 1764665517.09246"], "data_sample": {"price": 0.167, "volume": 59.0}}}
{"timestamp": "2025-12-02T08:51:57.094459+00:00", "level": "WARNING", "module": "logger", "funcName": "_log", "lineno": 188, "event_type": "streaming_indicator_engine.data_anomalies_detected", "data": {"symbol": "ARIA_USDT", "timestamp": 1762077139.311, "anomalies": ["stale_timestamp: 1762077139.311 vs 1764665517.0944593"], "data_sample": {"price": 0.16703, "volume": 5.0}}}
{"timestamp": "2025-12-02T08:51:57.115153+00:00", "level": "WARNING", "module": "logger", "funcName": "_log", "lineno": 188, "event_type": "streaming_indicator_engine.data_anomalies_detected", "data": {"symbol": "ARIA_USDT", "timestamp": 1762077152.308999, "anomalies": ["stale_timestamp: 1762077152.308999 vs 1764665517.115154"], "data_sample": {"price": 0.16708, "volume": 9.0}}}
{"timestamp": "2025-12-02T08:51:57.135482+00:00", "level": "WARNING", "module": "logger", "funcName": "_log", "lineno": 188, "event_type": "streaming_indicator_engine.data_anomalies_detected", "data": {"symbol": "ARIA_USDT", "timestamp": 1762077163.309999, "anomalies": ["stale_timestamp: 1762077163.309999 vs 1764665517.1344829"], "data_sample": {"price": 0.16713, "volume": 11.0}}}
{"timestamp": "2025-12-02T08:51:57.161520+00:00", "level": "WARNING", "module": "logger", "funcName": "_log", "lineno": 188, "event_type": "streaming_indicator_engine.data_anomalies_detected", "data": {"symbol": "ARIA_USDT", "timestamp": 1762077172.309999, "anomalies": ["stale_timestamp: 1762077172.309999 vs 1764665517.1615205"], "data_sample": {"price": 0.16706, "volume": 12.0}}}
{"timestamp": "2025-12-02T08:51:57.176690+00:00", "level": "WARNING", "module": "logger", "funcName": "_log", "lineno": 188, "event_type": "streaming_indicator_engine.data_anomalies_detected", "data": {"symbol": "ARIA_USDT", "timestamp": 1762077187.312999, "anomalies": ["stale_timestamp: 1762077187.312999 vs 1764665517.1766903"], "data_sample": {"price": 0.16705, "volume": 4.0}}}
{"timestamp": "2025-12-02T08:51:57.192505+00:00", "level": "WARNING", "module": "logger", "funcName": "_log", "lineno": 188, "event_type": "streaming_indicator_engine.data_anomalies_detected", "data": {"symbol": "ARIA_USDT", "timestamp": 1762077203.309999, "anomalies": ["stale_timestamp: 1762077203.309999 vs 1764665517.1925056"], "data_sample": {"price": 0.16703, "volume": 6.0}}}
{"timestamp": "2025-12-02T08:51:57.207350+00:00", "level": "WARNING", "module": "logger", "funcName": "_log", "lineno": 188, "event_type": "streaming_indicator_engine.data_anomalies_detected", "data": {"symbol": "ARIA_USDT", "timestamp": 1762077211.312, "anomalies": ["stale_timestamp: 1762077211.312 vs 1764665517.2073507"], "data_sample": {"price": 0.16707, "volume": 9.0}}}
{"timestamp": "2025-12-02T08:51:57.223195+00:00", "level": "WARNING", "module": "logger", "funcName": "_log", "lineno": 188, "event_type": "streaming_indicator_engine.data_anomalies_detected", "data": {"symbol": "ARIA_USDT", "timestamp": 1762077227.312999, "anomalies": ["stale_timestamp: 1762077227.312999 vs 1764665517.2231953"], "data_sample": {"price": 0.16704, "volume": 4.0}}}
{"timestamp": "2025-12-02T08:51:57.238379+00:00", "level": "WARNING", "module": "logger", "funcName": "_log", "lineno": 188, "event_type": "streaming_indicator_engine.data_anomalies_detected", "data": {"symbol": "ARIA_USDT", "timestamp": 1762077234.308999, "anomalies": ["stale_timestamp: 1762077234.308999 vs 1764665517.2383797"], "data_sample": {"price": 0.16708, "volume": 8.0}}}
{"timestamp": "2025-12-02T08:51:57.254423+00:00", "level": "WARNING", "module": "logger", "funcName": "_log", "lineno": 188, "event_type": "streaming_indicator_engine.data_anomalies_detected", "data": {"symbol": "ARIA_USDT", "timestamp": 1762077247.312999, "anomalies": ["stale_timestamp: 1762077247.312999 vs 1764665517.2544236"], "data_sample": {"price": 0.16705, "volume": 7.0}}}
{"timestamp": "2025-12-02T08:51:57.269739+00:00", "level": "WARNING", "module": "logger", "funcName": "_log", "lineno": 188, "event_type": "streaming_indicator_engine.data_anomalies_detected", "data": {"symbol": "ARIA_USDT", "timestamp": 1762077263.309999, "anomalies": ["stale_timestamp: 1762077263.309999 vs 1764665517.269739"], "data_sample": {"price": 0.16704, "volume": 7.0}}}
{"timestamp": "2025-12-02T08:51:57.281422+00:00", "level": "INFO", "module": "logger", "funcName": "_log", "lineno": 188, "event_type": "strategy_manager.indicator_update_received", "data": {"symbol": "ARIA_USDT", "indicator_name": "11b8be00-eed3-48fe-b359-df47b297226c_20", "indicator_type": "", "value": -4.988923624437225e-05, "active_strategies_for_symbol": true, "active_count": 3}}
{"timestamp": "2025-12-02T08:51:57.282341+00:00", "level": "WARNING", "module": "logger", "funcName": "_log", "lineno": 188, "event_type": "streaming_indicator_engine.data_anomalies_detected", "data": {"symbol": "ARIA_USDT", "timestamp": 1762077274.309999, "anomalies": ["stale_timestamp: 1762077274.309999 vs 1764665517.282342"], "data_sample": {"price": 0.16709, "volume": 4.0}}}
{"timestamp": "2025-12-02T08:51:57.285341+00:00", "level": "WARNING", "module": "logger", "funcName": "_log", "lineno": 188, "event_type": "streaming_indicator_engine.data_anomalies_detected", "data": {"symbol": "ARIA_USDT", "timestamp": 1762077281.311, "anomalies": ["stale_timestamp: 1762077281.311 vs 1764665517.2843535"], "data_sample": {"price": 0.16713, "volume": 12.0}}}
{"timestamp": "2025-12-02T08:51:57.286341+00:00", "level": "WARNING", "module": "logger", "funcName": "_log", "lineno": 188, "event_type": "streaming_indicator_engine.data_anomalies_detected", "data": {"symbol": "ARIA_USDT", "timestamp": 1762077290.312, "anomalies": ["stale_timestamp: 1762077290.312 vs 1764665517.2863417"], "data_sample": {"price": 0.16709, "volume": 8.0}}}
{"timestamp": "2025-12-02T08:51:57.287851+00:00", "level": "WARNING", "module": "logger", "funcName": "_log", "lineno": 188, "event_type": "streaming_indicator_engine.data_anomalies_detected", "data": {"symbol": "ARIA_USDT", "timestamp": 1762077299.312, "anomalies": ["stale_timestamp: 1762077299.312 vs 1764665517.2863417"], "data_sample": {"price": 0.16706, "volume": 8.0}}}
{"timestamp": "2025-12-02T08:51:57.287851+00:00", "level": "WARNING", "module": "logger", "funcName": "_log", "lineno": 188, "event_type": "streaming_indicator_engine.data_anomalies_detected", "data": {"symbol": "ARIA_USDT", "timestamp": 1762077309.309999, "anomalies": ["stale_timestamp: 1762077309.309999 vs 1764665517.2878518"], "data_sample": {"price": 0.16705, "volume": 6.0}}}
{"timestamp": "2025-12-02T08:51:57.288875+00:00", "level": "INFO", "module": "logger", "funcName": "_log", "lineno": 188, "event_type": "strategy_manager.indicator_update_received", "data": {"symbol": "ARIA_USDT", "indicator_name": "11b8be00-eed3-48fe-b359-df47b297226c_20", "indicator_type": "", "value": -4.988923624437225e-05, "active_strategies_for_symbol": true, "active_count": 3}}
{"timestamp": "2025-12-02T08:51:57.289863+00:00", "level": "WARNING", "module": "logger", "funcName": "_log", "lineno": 188, "event_type": "streaming_indicator_engine.data_anomalies_detected", "data": {"symbol": "ARIA_USDT", "timestamp": 1762077318.312, "anomalies": ["stale_timestamp: 1762077318.312 vs 1764665517.2898633"], "data_sample": {"price": 0.16706, "volume": 9.0}}}
{"timestamp": "2025-12-02T08:51:57.290871+00:00", "level": "WARNING", "module": "logger", "funcName": "_log", "lineno": 188, "event_type": "streaming_indicator_engine.data_anomalies_detected", "data": {"symbol": "ARIA_USDT", "timestamp": 1762077324.309999, "anomalies": ["stale_timestamp: 1762077324.309999 vs 1764665517.2908711"], "data_sample": {"price": 0.1671, "volume": 5.0}}}
{"timestamp": "2025-12-02T08:51:57.291870+00:00", "level": "WARNING", "module": "logger", "funcName": "_log", "lineno": 188, "event_type": "streaming_indicator_engine.data_anomalies_detected", "data": {"symbol": "ARIA_USDT", "timestamp": 1762077335.309999, "anomalies": ["stale_timestamp: 1762077335.309999 vs 1764665517.29187"], "data_sample": {"price": 0.16709, "volume": 4.0}}}
{"timestamp": "2025-12-02T08:51:57.293880+00:00", "level": "WARNING", "module": "logger", "funcName": "_log", "lineno": 188, "event_type": "streaming_indicator_engine.data_anomalies_detected", "data": {"symbol": "ARIA_USDT", "timestamp": 1762077351.309999, "anomalies": ["stale_timestamp: 1762077351.309999 vs 1764665517.293881"], "data_sample": {"price": 0.1671, "volume": 3.0}}}
{"timestamp": "2025-12-02T08:51:57.295869+00:00", "level": "WARNING", "module": "logger", "funcName": "_log", "lineno": 188, "event_type": "streaming_indicator_engine.data_anomalies_detected", "data": {"symbol": "ARIA_USDT", "timestamp": 1762077362.309999, "anomalies": ["stale_timestamp: 1762077362.309999 vs 1764665517.2948673"], "data_sample": {"price": 0.16716, "volume": 5.0}}}
{"timestamp": "2025-12-02T08:51:57.296866+00:00", "level": "WARNING", "module": "logger", "funcName": "_log", "lineno": 188, "event_type": "streaming_indicator_engine.data_anomalies_detected", "data": {"symbol": "ARIA_USDT", "timestamp": 1762077376.309999, "anomalies": ["stale_timestamp: 1762077376.309999 vs 1764665517.296867"], "data_sample": {"price": 0.16724, "volume": 11.0}}}
{"timestamp": "2025-12-02T08:51:57.305399+00:00", "level": "INFO", "module": "logger", "funcName": "_log", "lineno": 188, "event_type": "strategy_manager.indicator_update_received", "data": {"symbol": "ARIA_USDT", "indicator_name": "f1c5bf73-df7f-4889-b417-fc3fcd71a9f7_20", "indicator_type": "", "value": -41.66317553413557, "active_strategies_for_symbol": true, "active_count": 3}}
{"timestamp": "2025-12-02T08:51:57.306398+00:00", "level": "WARNING", "module": "logger", "funcName": "_log", "lineno": 188, "event_type": "streaming_indicator_engine.data_anomalies_detected", "data": {"symbol": "ARIA_USDT", "timestamp": 1762077387.309999, "anomalies": ["stale_timestamp: 1762077387.309999 vs 1764665517.3063984"], "data_sample": {"price": 0.16726, "volume": 11.0}}}
{"timestamp": "2025-12-02T08:51:57.306398+00:00", "level": "WARNING", "module": "logger", "funcName": "_log", "lineno": 188, "event_type": "streaming_indicator_engine.data_anomalies_detected", "data": {"symbol": "ARIA_USDT", "timestamp": 1762077395.309999, "anomalies": ["stale_timestamp: 1762077395.309999 vs 1764665517.3063984"], "data_sample": {"price": 0.16728, "volume": 3.0}}}
{"timestamp": "2025-12-02T08:51:57.310304+00:00", "level": "WARNING", "module": "logger", "funcName": "_log", "lineno": 188, "event_type": "streaming_indicator_engine.data_anomalies_detected", "data": {"symbol": "ARIA_USDT", "timestamp": 1762077402.309999, "anomalies": ["stale_timestamp: 1762077402.309999 vs 1764665517.3103042"], "data_sample": {"price": 0.1673, "volume": 10.0}}}
{"timestamp": "2025-12-02T08:51:57.310304+00:00", "level": "WARNING", "module": "logger", "funcName": "_log", "lineno": 188, "event_type": "streaming_indicator_engine.data_anomalies_detected", "data": {"symbol": "ARIA_USDT", "timestamp": 1762077412.311, "anomalies": ["stale_timestamp: 1762077412.311 vs 1764665517.3103042"], "data_sample": {"price": 0.16729, "volume": 7.0}}}
{"timestamp": "2025-12-02T08:51:57.311308+00:00", "level": "WARNING", "module": "logger", "funcName": "_log", "lineno": 188, "event_type": "streaming_indicator_engine.data_anomalies_detected", "data": {"symbol": "ARIA_USDT", "timestamp": 1762077421.309999, "anomalies": ["stale_timestamp: 1762077421.309999 vs 1764665517.3113086"], "data_sample": {"price": 0.16727, "volume": 4.0}}}
{"timestamp": "2025-12-02T08:51:57.311308+00:00", "level": "INFO", "module": "logger", "funcName": "_log", "lineno": 188, "event_type": "strategy_manager.indicator_update_received", "data": {"symbol": "ARIA_USDT", "indicator_name": "f1c5bf73-df7f-4889-b417-fc3fcd71a9f7_20", "indicator_type": "", "value": -41.66317553413557, "active_strategies_for_symbol": true, "active_count": 3}}
{"timestamp": "2025-12-02T08:51:57.315307+00:00", "level": "INFO", "module": "logger", "funcName": "_log", "lineno": 188, "event_type": "strategy_manager.indicator_update_received", "data": {"symbol": "ARIA_USDT", "indicator_name": "790d8eed-dc95-43ff-b625-1205d256154b_20", "indicator_type": "", "value": 0.0013506874143189638, "active_strategies_for_symbol": true, "active_count": 3}}
{"timestamp": "2025-12-02T08:51:57.318808+00:00", "level": "INFO", "module": "logger", "funcName": "_log", "lineno": 188, "event_type": "strategy_manager.indicator_update_received", "data": {"symbol": "ARIA_USDT", "indicator_name": "790d8eed-dc95-43ff-b625-1205d256154b_20", "indicator_type": "", "value": 0.0013506874143189638, "active_strategies_for_symbol": true, "active_count": 3}}
{"timestamp": "2025-12-02T08:51:57.320826+00:00", "level": "WARNING", "module": "logger", "funcName": "_log", "lineno": 188, "event_type": "streaming_indicator_engine.data_anomalies_detected", "data": {"symbol": "ARIA_USDT", "timestamp": 1762076372.312999, "anomalies": ["stale_timestamp: 1762076372.312999 vs 1764665517.320826"], "data_sample": {"price": 0.1671, "volume": 3.0}}}
{"timestamp": "2025-12-02T08:51:57.321826+00:00", "level": "WARNING", "module": "logger", "funcName": "_log", "lineno": 188, "event_type": "streaming_indicator_engine.data_anomalies_detected", "data": {"symbol": "ARIA_USDT", "timestamp": 1762076381.309999, "anomalies": ["stale_timestamp: 1762076381.309999 vs 1764665517.3218265"], "data_sample": {"price": 0.16715, "volume": 8.0}}}
{"timestamp": "2025-12-02T08:51:57.321826+00:00", "level": "WARNING", "module": "logger", "funcName": "_log", "lineno": 188, "event_type": "streaming_indicator_engine.data_anomalies_detected", "data": {"symbol": "ARIA_USDT", "timestamp": 1762076388.311, "anomalies": ["stale_timestamp: 1762076388.311 vs 1764665517.3218265"], "data_sample": {"price": 0.16714, "volume": 9.0}}}
{"timestamp": "2025-12-02T08:51:57.322827+00:00", "level": "WARNING", "module": "logger", "funcName": "_log", "lineno": 188, "event_type": "streaming_indicator_engine.data_anomalies_detected", "data": {"symbol": "ARIA_USDT", "timestamp": 1762076401.309999, "anomalies": ["stale_timestamp: 1762076401.309999 vs 1764665517.3228278"], "data_sample": {"price": 0.16717, "volume": 7.0}}}
{"timestamp": "2025-12-02T08:51:57.323827+00:00", "level": "WARNING", "module": "logger", "funcName": "_log", "lineno": 188, "event_type": "streaming_indicator_engine.data_anomalies_detected", "data": {"symbol": "ARIA_USDT", "timestamp": 1762076408.312, "anomalies": ["stale_timestamp: 1762076408.312 vs 1764665517.3238277"], "data_sample": {"price": 0.16713, "volume": 3.0}}}
{"timestamp": "2025-12-02T08:51:57.324826+00:00", "level": "WARNING", "module": "logger", "funcName": "_log", "lineno": 188, "event_type": "streaming_indicator_engine.data_anomalies_detected", "data": {"symbol": "ARIA_USDT", "timestamp": 1762076417.311, "anomalies": ["stale_timestamp: 1762076417.311 vs 1764665517.324826"], "data_sample": {"price": 0.16708, "volume": 3.0}}}
{"timestamp": "2025-12-02T08:51:57.346669+00:00", "level": "WARNING", "module": "logger", "funcName": "_log", "lineno": 188, "event_type": "streaming_indicator_engine.data_anomalies_detected", "data": {"symbol": "ARIA_USDT", "timestamp": 1762076427.308999, "anomalies": ["stale_timestamp: 1762076427.308999 vs 1764665517.34667"], "data_sample": {"price": 0.16707, "volume": 12.0}}}
{"timestamp": "2025-12-02T08:51:57.361588+00:00", "level": "WARNING", "module": "logger", "funcName": "_log", "lineno": 188, "event_type": "streaming_indicator_engine.data_anomalies_detected", "data": {"symbol": "ARIA_USDT", "timestamp": 1762076435.309999, "anomalies": ["stale_timestamp: 1762076435.309999 vs 1764665517.3615885"], "data_sample": {"price": 0.1671, "volume": 4.0}}}
{"timestamp": "2025-12-02T08:51:57.378237+00:00", "level": "WARNING", "module": "logger", "funcName": "_log", "lineno": 188, "event_type": "streaming_indicator_engine.data_anomalies_detected", "data": {"symbol": "ARIA_USDT", "timestamp": 1762076447.309999, "anomalies": ["stale_timestamp: 1762076447.309999 vs 1764665517.3782372"], "data_sample": {"price": 0.16708, "volume": 9.0}}}
{"timestamp": "2025-12-02T08:51:57.393135+00:00", "level": "WARNING", "module": "logger", "funcName": "_log", "lineno": 188, "event_type": "streaming_indicator_engine.data_anomalies_detected", "data": {"symbol": "ARIA_USDT", "timestamp": 1762076462.309999, "anomalies": ["stale_timestamp: 1762076462.309999 vs 1764665517.393135"], "data_sample": {"price": 0.16726, "volume": 10.0}}}
{"timestamp": "2025-12-02T08:51:57.408811+00:00", "level": "WARNING", "module": "logger", "funcName": "_log", "lineno": 188, "event_type": "streaming_indicator_engine.data_anomalies_detected", "data": {"symbol": "ARIA_USDT", "timestamp": 1762076476.308999, "anomalies": ["stale_timestamp: 1762076476.308999 vs 1764665517.4083006"], "data_sample": {"price": 0.16745, "volume": 9.0}}}
{"timestamp": "2025-12-02T08:51:57.423946+00:00", "level": "WARNING", "module": "logger", "funcName": "_log", "lineno": 188, "event_type": "streaming_indicator_engine.data_anomalies_detected", "data": {"symbol": "ARIA_USDT", "timestamp": 1762076490.311, "anomalies": ["stale_timestamp: 1762076490.311 vs 1764665517.4239464"], "data_sample": {"price": 0.16766, "volume": 7.0}}}
{"timestamp": "2025-12-02T08:51:57.438929+00:00", "level": "WARNING", "module": "logger", "funcName": "_log", "lineno": 188, "event_type": "streaming_indicator_engine.data_anomalies_detected", "data": {"symbol": "ARIA_USDT", "timestamp": 1762076501.311, "anomalies": ["stale_timestamp: 1762076501.311 vs 1764665517.4389293"], "data_sample": {"price": 0.16763, "volume": 5.0}}}
{"timestamp": "2025-12-02T08:51:57.454427+00:00", "level": "WARNING", "module": "logger", "funcName": "_log", "lineno": 188, "event_type": "streaming_indicator_engine.data_anomalies_detected", "data": {"symbol": "ARIA_USDT", "timestamp": 1762076514.408999, "anomalies": ["stale_timestamp: 1762076514.408999 vs 1764665517.4544277"], "data_sample": {"price": 0.16766, "volume": 10.0}}}
{"timestamp": "2025-12-02T08:51:57.469212+00:00", "level": "WARNING", "module": "logger", "funcName": "_log", "lineno": 188, "event_type": "streaming_indicator_engine.data_anomalies_detected", "data": {"symbol": "ARIA_USDT", "timestamp": 1762076520.311, "anomalies": ["stale_timestamp: 1762076520.311 vs 1764665517.4692125"], "data_sample": {"price": 0.1677, "volume": 9.0}}}
{"timestamp": "2025-12-02T08:51:57.485005+00:00", "level": "WARNING", "module": "logger", "funcName": "_log", "lineno": 188, "event_type": "streaming_indicator_engine.data_anomalies_detected", "data": {"symbol": "ARIA_USDT", "timestamp": 1762076531.311, "anomalies": ["stale_timestamp: 1762076531.311 vs 1764665517.4841032"], "data_sample": {"price": 0.16778, "volume": 10.0}}}
{"timestamp": "2025-12-02T08:51:57.500630+00:00", "level": "WARNING", "module": "logger", "funcName": "_log", "lineno": 188, "event_type": "streaming_indicator_engine.data_anomalies_detected", "data": {"symbol": "ARIA_USDT", "timestamp": 1762076537.311, "anomalies": ["stale_timestamp: 1762076537.311 vs 1764665517.4996157"], "data_sample": {"price": 0.16777, "volume": 10.0}}}
{"timestamp": "2025-12-02T08:51:57.515037+00:00", "level": "WARNING", "module": "logger", "funcName": "_log", "lineno": 188, "event_type": "streaming_indicator_engine.data_anomalies_detected", "data": {"symbol": "ARIA_USDT", "timestamp": 1762076543.312, "anomalies": ["stale_timestamp: 1762076543.312 vs 1764665517.5150373"], "data_sample": {"price": 0.16765, "volume": 8.0}}}
{"timestamp": "2025-12-02T08:51:57.530121+00:00", "level": "WARNING", "module": "logger", "funcName": "_log", "lineno": 188, "event_type": "streaming_indicator_engine.data_anomalies_detected", "data": {"symbol": "ARIA_USDT", "timestamp": 1762076551.311, "anomalies": ["stale_timestamp: 1762076551.311 vs 1764665517.5301218"], "data_sample": {"price": 0.16776, "volume": 7.0}}}
{"timestamp": "2025-12-02T08:51:57.545596+00:00", "level": "WARNING", "module": "logger", "funcName": "_log", "lineno": 188, "event_type": "streaming_indicator_engine.data_anomalies_detected", "data": {"symbol": "ARIA_USDT", "timestamp": 1762076567.313999, "anomalies": ["stale_timestamp: 1762076567.313999 vs 1764665517.5455968"], "data_sample": {"price": 0.16779, "volume": 4.0}}}
{"timestamp": "2025-12-02T08:51:57.561208+00:00", "level": "WARNING", "module": "logger", "funcName": "_log", "lineno": 188, "event_type": "streaming_indicator_engine.data_anomalies_detected", "data": {"symbol": "ARIA_USDT", "timestamp": 1762076582.312999, "anomalies": ["stale_timestamp: 1762076582.312999 vs 1764665517.5612087"], "data_sample": {"price": 0.16774, "volume": 4.0}}}
{"timestamp": "2025-12-02T08:51:57.563500+00:00", "level": "INFO", "module": "logger", "funcName": "_log", "lineno": 188, "event_type": "strategy_manager.indicator_update_received", "data": {"symbol": "ARIA_USDT", "indicator_name": "611fad91-045d-408b-8822-f43428935033_20", "indicator_type": "", "value": 0.0010631692619103817, "active_strategies_for_symbol": true, "active_count": 3}}
{"timestamp": "2025-12-02T08:51:57.564483+00:00", "level": "WARNING", "module": "logger", "funcName": "_log", "lineno": 188, "event_type": "streaming_indicator_engine.data_anomalies_detected", "data": {"symbol": "ARIA_USDT", "timestamp": 1762076595.309999, "anomalies": ["stale_timestamp: 1762076595.309999 vs 1764665517.564484"], "data_sample": {"price": 0.16776, "volume": 10.0}}}
{"timestamp": "2025-12-02T08:51:57.564483+00:00", "level": "WARNING", "module": "logger", "funcName": "_log", "lineno": 188, "event_type": "streaming_indicator_engine.data_anomalies_detected", "data": {"symbol": "ARIA_USDT", "timestamp": 1762076606.309999, "anomalies": ["stale_timestamp: 1762076606.309999 vs 1764665517.564484"], "data_sample": {"price": 0.16772, "volume": 9.0}}}
{"timestamp": "2025-12-02T08:51:57.565482+00:00", "level": "WARNING", "module": "logger", "funcName": "_log", "lineno": 188, "event_type": "streaming_indicator_engine.data_anomalies_detected", "data": {"symbol": "ARIA_USDT", "timestamp": 1762076620.309999, "anomalies": ["stale_timestamp: 1762076620.309999 vs 1764665517.565483"], "data_sample": {"price": 0.16764, "volume": 5.0}}}
{"timestamp": "2025-12-02T08:51:57.566656+00:00", "level": "WARNING", "module": "logger", "funcName": "_log", "lineno": 188, "event_type": "streaming_indicator_engine.data_anomalies_detected", "data": {"symbol": "ARIA_USDT", "timestamp": 1762076628.311, "anomalies": ["stale_timestamp: 1762076628.311 vs 1764665517.565483"], "data_sample": {"price": 0.16761, "volume": 7.0}}}
{"timestamp": "2025-12-02T08:51:57.568186+00:00", "level": "WARNING", "module": "logger", "funcName": "_log", "lineno": 188, "event_type": "streaming_indicator_engine.data_anomalies_detected", "data": {"symbol": "ARIA_USDT", "timestamp": 1762076638.312999, "anomalies": ["stale_timestamp: 1762076638.312999 vs 1764665517.568186"], "data_sample": {"price": 0.16763, "volume": 10.0}}}
{"timestamp": "2025-12-02T08:51:57.568186+00:00", "level": "INFO", "module": "logger", "funcName": "_log", "lineno": 188, "event_type": "strategy_manager.indicator_update_received", "data": {"symbol": "ARIA_USDT", "indicator_name": "611fad91-045d-408b-8822-f43428935033_20", "indicator_type": "", "value": 0.0010631692619103817, "active_strategies_for_symbol": true, "active_count": 3}}
{"timestamp": "2025-12-02T08:51:57.568186+00:00", "level": "WARNING", "module": "logger", "funcName": "_log", "lineno": 188, "event_type": "streaming_indicator_engine.data_anomalies_detected", "data": {"symbol": "ARIA_USDT", "timestamp": 1762076647.309999, "anomalies": ["stale_timestamp: 1762076647.309999 vs 1764665517.568186"], "data_sample": {"price": 0.16762, "volume": 4.0}}}
{"timestamp": "2025-12-02T08:51:57.569642+00:00", "level": "WARNING", "module": "logger", "funcName": "_log", "lineno": 188, "event_type": "streaming_indicator_engine.data_anomalies_detected", "data": {"symbol": "ARIA_USDT", "timestamp": 1762076653.309999, "anomalies": ["stale_timestamp: 1762076653.309999 vs 1764665517.5696423"], "data_sample": {"price": 0.16761, "volume": 9.0}}}
{"timestamp": "2025-12-02T08:51:57.570652+00:00", "level": "WARNING", "module": "logger", "funcName": "_log", "lineno": 188, "event_type": "streaming_indicator_engine.data_anomalies_detected", "data": {"symbol": "ARIA_USDT", "timestamp": 1762076666.309999, "anomalies": ["stale_timestamp: 1762076666.309999 vs 1764665517.5706522"], "data_sample": {"price": 0.16763, "volume": 9.0}}}
{"timestamp": "2025-12-02T08:51:57.570652+00:00", "level": "WARNING", "module": "logger", "funcName": "_log", "lineno": 188, "event_type": "streaming_indicator_engine.data_anomalies_detected", "data": {"symbol": "ARIA_USDT", "timestamp": 1762076672.308999, "anomalies": ["stale_timestamp: 1762076672.308999 vs 1764665517.5706522"], "data_sample": {"price": 0.16762, "volume": 9.0}}}
{"timestamp": "2025-12-02T08:51:57.570652+00:00", "level": "WARNING", "module": "logger", "funcName": "_log", "lineno": 188, "event_type": "streaming_indicator_engine.data_anomalies_detected", "data": {"symbol": "ARIA_USDT", "timestamp": 1762076685.309999, "anomalies": ["stale_timestamp: 1762076685.309999 vs 1764665517.5706522"], "data_sample": {"price": 0.16732, "volume": 9.0}}}
{"timestamp": "2025-12-02T08:51:57.572129+00:00", "level": "WARNING", "module": "logger", "funcName": "_log", "lineno": 188, "event_type": "streaming_indicator_engine.data_anomalies_detected", "data": {"symbol": "ARIA_USDT", "timestamp": 1762076699.311, "anomalies": ["stale_timestamp: 1762076699.311 vs 1764665517.5721297"], "data_sample": {"price": 0.16737, "volume": 11.0}}}
{"timestamp": "2025-12-02T08:51:57.572129+00:00", "level": "WARNING", "module": "logger", "funcName": "_log", "lineno": 188, "event_type": "streaming_indicator_engine.data_anomalies_detected", "data": {"symbol": "ARIA_USDT", "timestamp": 1762076713.309999, "anomalies": ["stale_timestamp: 1762076713.309999 vs 1764665517.5721297"], "data_sample": {"price": 0.16735, "volume": 4.0}}}
{"timestamp": "2025-12-02T08:51:57.591368+00:00", "level": "WARNING", "module": "logger", "funcName": "_log", "lineno": 188, "event_type": "streaming_indicator_engine.data_anomalies_detected", "data": {"symbol": "ARIA_USDT", "timestamp": 1762076728.311, "anomalies": ["stale_timestamp: 1762076728.311 vs 1764665517.5913684"], "data_sample": {"price": 0.16739, "volume": 9.0}}}
{"timestamp": "2025-12-02T08:51:57.607077+00:00", "level": "WARNING", "module": "logger", "funcName": "_log", "lineno": 188, "event_type": "streaming_indicator_engine.data_anomalies_detected", "data": {"symbol": "ARIA_USDT", "timestamp": 1762076734.308999, "anomalies": ["stale_timestamp: 1762076734.308999 vs 1764665517.6070778"], "data_sample": {"price": 0.16744, "volume": 9.0}}}
{"timestamp": "2025-12-02T08:51:57.622495+00:00", "level": "WARNING", "module": "logger", "funcName": "_log", "lineno": 188, "event_type": "streaming_indicator_engine.data_anomalies_detected", "data": {"symbol": "ARIA_USDT", "timestamp": 1762076750.309999, "anomalies": ["stale_timestamp: 1762076750.309999 vs 1764665517.622495"], "data_sample": {"price": 0.16747, "volume": 10.0}}}
{"timestamp": "2025-12-02T08:51:57.638542+00:00", "level": "WARNING", "module": "logger", "funcName": "_log", "lineno": 188, "event_type": "streaming_indicator_engine.data_anomalies_detected", "data": {"symbol": "ARIA_USDT", "timestamp": 1762076759.311, "anomalies": ["stale_timestamp: 1762076759.311 vs 1764665517.6385424"], "data_sample": {"price": 0.16746, "volume": 10.0}}}
{"timestamp": "2025-12-02T08:51:57.652863+00:00", "level": "WARNING", "module": "logger", "funcName": "_log", "lineno": 188, "event_type": "streaming_indicator_engine.data_anomalies_detected", "data": {"symbol": "ARIA_USDT", "timestamp": 1762076767.309999, "anomalies": ["stale_timestamp: 1762076767.309999 vs 1764665517.6528635"], "data_sample": {"price": 0.16742, "volume": 8.0}}}
{"timestamp": "2025-12-02T08:51:57.668599+00:00", "level": "WARNING", "module": "logger", "funcName": "_log", "lineno": 188, "event_type": "streaming_indicator_engine.data_anomalies_detected", "data": {"symbol": "ARIA_USDT", "timestamp": 1762076783.312, "anomalies": ["stale_timestamp: 1762076783.312 vs 1764665517.6685998"], "data_sample": {"price": 0.16745, "volume": 8.0}}}
{"timestamp": "2025-12-02T08:51:57.684448+00:00", "level": "WARNING", "module": "logger", "funcName": "_log", "lineno": 188, "event_type": "streaming_indicator_engine.data_anomalies_detected", "data": {"symbol": "ARIA_USDT", "timestamp": 1762076789.309999, "anomalies": ["stale_timestamp: 1762076789.309999 vs 1764665517.682938"], "data_sample": {"price": 0.16755, "volume": 9.0}}}
{"timestamp": "2025-12-02T08:51:57.698220+00:00", "level": "WARNING", "module": "logger", "funcName": "_log", "lineno": 188, "event_type": "streaming_indicator_engine.data_anomalies_detected", "data": {"symbol": "ARIA_USDT", "timestamp": 1762076803.311, "anomalies": ["stale_timestamp: 1762076803.311 vs 1764665517.69822"], "data_sample": {"price": 0.16758, "volume": 10.0}}}
{"timestamp": "2025-12-02T08:51:57.714216+00:00", "level": "WARNING", "module": "logger", "funcName": "_log", "lineno": 188, "event_type": "streaming_indicator_engine.data_anomalies_detected", "data": {"symbol": "ARIA_USDT", "timestamp": 1762076816.308999, "anomalies": ["stale_timestamp: 1762076816.308999 vs 1764665517.7142165"], "data_sample": {"price": 0.16762, "volume": 9.0}}}
{"timestamp": "2025-12-02T08:51:57.729835+00:00", "level": "WARNING", "module": "logger", "funcName": "_log", "lineno": 188, "event_type": "streaming_indicator_engine.data_anomalies_detected", "data": {"symbol": "ARIA_USDT", "timestamp": 1762076825.312999, "anomalies": ["stale_timestamp: 1762076825.312999 vs 1764665517.729835"], "data_sample": {"price": 0.16751, "volume": 10.0}}}
{"timestamp": "2025-12-02T08:51:57.745242+00:00", "level": "WARNING", "module": "logger", "funcName": "_log", "lineno": 188, "event_type": "streaming_indicator_engine.data_anomalies_detected", "data": {"symbol": "ARIA_USDT", "timestamp": 1762076831.316999, "anomalies": ["stale_timestamp: 1762076831.316999 vs 1764665517.7452428"], "data_sample": {"price": 0.1674, "volume": 6.0}}}
{"timestamp": "2025-12-02T08:51:57.760804+00:00", "level": "WARNING", "module": "logger", "funcName": "_log", "lineno": 188, "event_type": "streaming_indicator_engine.data_anomalies_detected", "data": {"symbol": "ARIA_USDT", "timestamp": 1762076839.311, "anomalies": ["stale_timestamp: 1762076839.311 vs 1764665517.7608042"], "data_sample": {"price": 0.16741, "volume": 8.0}}}
{"timestamp": "2025-12-02T08:51:57.775593+00:00", "level": "WARNING", "module": "logger", "funcName": "_log", "lineno": 188, "event_type": "streaming_indicator_engine.data_anomalies_detected", "data": {"symbol": "ARIA_USDT", "timestamp": 1762076846.312, "anomalies": ["stale_timestamp: 1762076846.312 vs 1764665517.7755935"], "data_sample": {"price": 0.1674, "volume": 6.0}}}
{"timestamp": "2025-12-02T08:51:57.790512+00:00", "level": "WARNING", "module": "logger", "funcName": "_log", "lineno": 188, "event_type": "streaming_indicator_engine.data_anomalies_detected", "data": {"symbol": "ARIA_USDT", "timestamp": 1762076859.309999, "anomalies": ["stale_timestamp: 1762076859.309999 vs 1764665517.790512"], "data_sample": {"price": 0.16723, "volume": 5.0}}}
{"timestamp": "2025-12-02T08:51:57.806032+00:00", "level": "WARNING", "module": "logger", "funcName": "_log", "lineno": 188, "event_type": "streaming_indicator_engine.data_anomalies_detected", "data": {"symbol": "ARIA_USDT", "timestamp": 1762076870.309999, "anomalies": ["stale_timestamp: 1762076870.309999 vs 1764665517.806033"], "data_sample": {"price": 0.16724, "volume": 9.0}}}
{"timestamp": "2025-12-02T08:51:57.821268+00:00", "level": "WARNING", "module": "logger", "funcName": "_log", "lineno": 188, "event_type": "streaming_indicator_engine.data_anomalies_detected", "data": {"symbol": "ARIA_USDT", "timestamp": 1762076878.309999, "anomalies": ["stale_timestamp: 1762076878.309999 vs 1764665517.8212683"], "data_sample": {"price": 0.16731, "volume": 4.0}}}
{"timestamp": "2025-12-02T08:51:57.836833+00:00", "level": "WARNING", "module": "logger", "funcName": "_log", "lineno": 188, "event_type": "streaming_indicator_engine.data_anomalies_detected", "data": {"symbol": "ARIA_USDT", "timestamp": 1762076892.311, "anomalies": ["stale_timestamp: 1762076892.311 vs 1764665517.8368335"], "data_sample": {"price": 0.16728, "volume": 9.0}}}
{"timestamp": "2025-12-02T08:51:57.869579+00:00", "level": "WARNING", "module": "logger", "funcName": "_log", "lineno": 188, "event_type": "streaming_indicator_engine.data_anomalies_detected", "data": {"symbol": "ARIA_USDT", "timestamp": 1762076900.309999, "anomalies": ["stale_timestamp: 1762076900.309999 vs 1764665517.868564"], "data_sample": {"price": 0.16731, "volume": 7.0}}}
{"timestamp": "2025-12-02T08:51:57.883199+00:00", "level": "WARNING", "module": "logger", "funcName": "_log", "lineno": 188, "event_type": "streaming_indicator_engine.data_anomalies_detected", "data": {"symbol": "ARIA_USDT", "timestamp": 1762076915.308999, "anomalies": ["stale_timestamp: 1762076915.308999 vs 1764665517.8831992"], "data_sample": {"price": 0.16729, "volume": 4.0}}}
{"timestamp": "2025-12-02T08:51:57.898983+00:00", "level": "WARNING", "module": "logger", "funcName": "_log", "lineno": 188, "event_type": "streaming_indicator_engine.data_anomalies_detected", "data": {"symbol": "ARIA_USDT", "timestamp": 1762076929.309999, "anomalies": ["stale_timestamp: 1762076929.309999 vs 1764665517.8989837"], "data_sample": {"price": 0.16725, "volume": 11.0}}}
{"timestamp": "2025-12-02T08:51:57.914733+00:00", "level": "WARNING", "module": "logger", "funcName": "_log", "lineno": 188, "event_type": "streaming_indicator_engine.data_anomalies_detected", "data": {"symbol": "ARIA_USDT", "timestamp": 1762076940.312999, "anomalies": ["stale_timestamp: 1762076940.312999 vs 1764665517.9147332"], "data_sample": {"price": 0.16733, "volume": 8.0}}}
{"timestamp": "2025-12-02T08:51:57.929965+00:00", "level": "WARNING", "module": "logger", "funcName": "_log", "lineno": 188, "event_type": "streaming_indicator_engine.data_anomalies_detected", "data": {"symbol": "ARIA_USDT", "timestamp": 1762076949.324999, "anomalies": ["stale_timestamp: 1762076949.324999 vs 1764665517.9299657"], "data_sample": {"price": 0.1673, "volume": 8.0}}}
{"timestamp": "2025-12-02T08:51:57.945690+00:00", "level": "WARNING", "module": "logger", "funcName": "_log", "lineno": 188, "event_type": "streaming_indicator_engine.data_anomalies_detected", "data": {"symbol": "ARIA_USDT", "timestamp": 1762076965.316, "anomalies": ["stale_timestamp: 1762076965.316 vs 1764665517.9456906"], "data_sample": {"price": 0.16729, "volume": 4.0}}}
{"timestamp": "2025-12-02T08:51:57.961203+00:00", "level": "WARNING", "module": "logger", "funcName": "_log", "lineno": 188, "event_type": "streaming_indicator_engine.data_anomalies_detected", "data": {"symbol": "ARIA_USDT", "timestamp": 1762076978.312, "anomalies": ["stale_timestamp: 1762076978.312 vs 1764665517.9612038"], "data_sample": {"price": 0.1673, "volume": 9.0}}}
{"timestamp": "2025-12-02T08:51:57.976450+00:00", "level": "WARNING", "module": "logger", "funcName": "_log", "lineno": 188, "event_type": "streaming_indicator_engine.data_anomalies_detected", "data": {"symbol": "ARIA_USDT", "timestamp": 1762076990.315, "anomalies": ["stale_timestamp: 1762076990.315 vs 1764665517.9764502"], "data_sample": {"price": 0.16733, "volume": 10.0}}}
{"timestamp": "2025-12-02T08:51:57.991600+00:00", "level": "WARNING", "module": "logger", "funcName": "_log", "lineno": 188, "event_type": "streaming_indicator_engine.data_anomalies_detected", "data": {"symbol": "ARIA_USDT", "timestamp": 1762076997.315, "anomalies": ["stale_timestamp: 1762076997.315 vs 1764665517.9916"], "data_sample": {"price": 0.16726, "volume": 12.0}}}
{"timestamp": "2025-12-02T08:51:58.007092+00:00", "level": "WARNING", "module": "logger", "funcName": "_log", "lineno": 188, "event_type": "streaming_indicator_engine.data_anomalies_detected", "data": {"symbol": "ARIA_USDT", "timestamp": 1762077007.309999, "anomalies": ["stale_timestamp: 1762077007.309999 vs 1764665518.0070927"], "data_sample": {"price": 0.16719, "volume": 4.0}}}
{"timestamp": "2025-12-02T08:51:58.022747+00:00", "level": "WARNING", "module": "logger", "funcName": "_log", "lineno": 188, "event_type": "streaming_indicator_engine.data_anomalies_detected", "data": {"symbol": "ARIA_USDT", "timestamp": 1762077018.309999, "anomalies": ["stale_timestamp: 1762077018.309999 vs 1764665518.022748"], "data_sample": {"price": 0.16722, "volume": 8.0}}}
{"timestamp": "2025-12-02T08:51:58.038138+00:00", "level": "WARNING", "module": "logger", "funcName": "_log", "lineno": 188, "event_type": "streaming_indicator_engine.data_anomalies_detected", "data": {"symbol": "ARIA_USDT", "timestamp": 1762077025.309999, "anomalies": ["stale_timestamp: 1762077025.309999 vs 1764665518.0381386"], "data_sample": {"price": 0.16726, "volume": 5.0}}}
{"timestamp": "2025-12-02T08:51:58.053964+00:00", "level": "WARNING", "module": "logger", "funcName": "_log", "lineno": 188, "event_type": "streaming_indicator_engine.data_anomalies_detected", "data": {"symbol": "ARIA_USDT", "timestamp": 1762077033.311, "anomalies": ["stale_timestamp: 1762077033.311 vs 1764665518.0539641"], "data_sample": {"price": 0.16725, "volume": 4.0}}}
{"timestamp": "2025-12-02T08:51:58.070170+00:00", "level": "WARNING", "module": "logger", "funcName": "_log", "lineno": 188, "event_type": "streaming_indicator_engine.data_anomalies_detected", "data": {"symbol": "ARIA_USDT", "timestamp": 1762077042.309999, "anomalies": ["stale_timestamp: 1762077042.309999 vs 1764665518.0691738"], "data_sample": {"price": 0.16724, "volume": 4.0}}}
{"timestamp": "2025-12-02T08:51:58.086031+00:00", "level": "WARNING", "module": "logger", "funcName": "_log", "lineno": 188, "event_type": "streaming_indicator_engine.data_anomalies_detected", "data": {"symbol": "ARIA_USDT", "timestamp": 1762077051.309999, "anomalies": ["stale_timestamp: 1762077051.309999 vs 1764665518.0860314"], "data_sample": {"price": 0.16725, "volume": 4.0}}}
{"timestamp": "2025-12-02T08:51:58.087959+00:00", "level": "WARNING", "module": "logger", "funcName": "_log", "lineno": 188, "event_type": "streaming_indicator_engine.data_anomalies_detected", "data": {"symbol": "ARIA_USDT", "timestamp": 1762077057.312999, "anomalies": ["stale_timestamp: 1762077057.312999 vs 1764665518.0879598"], "data_sample": {"price": 0.16726, "volume": 3.0}}}
{"timestamp": "2025-12-02T08:51:58.089197+00:00", "level": "WARNING", "module": "logger", "funcName": "_log", "lineno": 188, "event_type": "streaming_indicator_engine.data_anomalies_detected", "data": {"symbol": "ARIA_USDT", "timestamp": 1762077067.316999, "anomalies": ["stale_timestamp: 1762077067.316999 vs 1764665518.0891974"], "data_sample": {"price": 0.16725, "volume": 8.0}}}
{"timestamp": "2025-12-02T08:51:58.100385+00:00", "level": "WARNING", "module": "logger", "funcName": "_log", "lineno": 188, "event_type": "streaming_indicator_engine.data_anomalies_detected", "data": {"symbol": "ARIA_USDT", "timestamp": 1762077081.308, "anomalies": ["stale_timestamp: 1762077081.308 vs 1764665518.1003854"], "data_sample": {"price": 0.16714, "volume": 6.0}}}
{"timestamp": "2025-12-02T08:51:58.102391+00:00", "level": "WARNING", "module": "logger", "funcName": "_log", "lineno": 188, "event_type": "streaming_indicator_engine.data_anomalies_detected", "data": {"symbol": "ARIA_USDT", "timestamp": 1762077089.311, "anomalies": ["stale_timestamp: 1762077089.311 vs 1764665518.1023912"], "data_sample": {"price": 0.16711, "volume": 4.0}}}
{"timestamp": "2025-12-02T08:51:58.117259+00:00", "level": "WARNING", "module": "logger", "funcName": "_log", "lineno": 188, "event_type": "streaming_indicator_engine.data_anomalies_detected", "data": {"symbol": "ARIA_USDT", "timestamp": 1762077098.311, "anomalies": ["stale_timestamp: 1762077098.311 vs 1764665518.1162066"], "data_sample": {"price": 0.16702, "volume": 4.0}}}
{"timestamp": "2025-12-02T08:51:58.132249+00:00", "level": "WARNING", "module": "logger", "funcName": "_log", "lineno": 188, "event_type": "streaming_indicator_engine.data_anomalies_detected", "data": {"symbol": "ARIA_USDT", "timestamp": 1762077107.335, "anomalies": ["stale_timestamp: 1762077107.335 vs 1764665518.132249"], "data_sample": {"price": 0.167, "volume": 26.0}}}
{"timestamp": "2025-12-02T08:51:58.148309+00:00", "level": "WARNING", "module": "logger", "funcName": "_log", "lineno": 188, "event_type": "streaming_indicator_engine.data_anomalies_detected", "data": {"symbol": "ARIA_USDT", "timestamp": 1762077121.309999, "anomalies": ["stale_timestamp: 1762077121.309999 vs 1764665518.1483092"], "data_sample": {"price": 0.16704, "volume": 8.0}}}
{"timestamp": "2025-12-02T08:51:58.164630+00:00", "level": "WARNING", "module": "logger", "funcName": "_log", "lineno": 188, "event_type": "streaming_indicator_engine.data_anomalies_detected", "data": {"symbol": "ARIA_USDT", "timestamp": 1762077123.420999, "anomalies": ["stale_timestamp: 1762077123.420999 vs 1764665518.1641257"], "data_sample": {"price": 0.167, "volume": 59.0}}}
{"timestamp": "2025-12-02T08:51:58.179231+00:00", "level": "WARNING", "module": "logger", "funcName": "_log", "lineno": 188, "event_type": "streaming_indicator_engine.data_anomalies_detected", "data": {"symbol": "ARIA_USDT", "timestamp": 1762077139.311, "anomalies": ["stale_timestamp: 1762077139.311 vs 1764665518.1792316"], "data_sample": {"price": 0.16703, "volume": 5.0}}}
{"timestamp": "2025-12-02T08:51:58.194956+00:00", "level": "WARNING", "module": "logger", "funcName": "_log", "lineno": 188, "event_type": "streaming_indicator_engine.data_anomalies_detected", "data": {"symbol": "ARIA_USDT", "timestamp": 1762077152.308999, "anomalies": ["stale_timestamp: 1762077152.308999 vs 1764665518.1949565"], "data_sample": {"price": 0.16708, "volume": 9.0}}}
{"timestamp": "2025-12-02T08:51:58.210482+00:00", "level": "WARNING", "module": "logger", "funcName": "_log", "lineno": 188, "event_type": "streaming_indicator_engine.data_anomalies_detected", "data": {"symbol": "ARIA_USDT", "timestamp": 1762077163.309999, "anomalies": ["stale_timestamp: 1762077163.309999 vs 1764665518.2104821"], "data_sample": {"price": 0.16713, "volume": 11.0}}}
{"timestamp": "2025-12-02T08:51:58.225192+00:00", "level": "WARNING", "module": "logger", "funcName": "_log", "lineno": 188, "event_type": "streaming_indicator_engine.data_anomalies_detected", "data": {"symbol": "ARIA_USDT", "timestamp": 1762077172.309999, "anomalies": ["stale_timestamp: 1762077172.309999 vs 1764665518.2251923"], "data_sample": {"price": 0.16706, "volume": 12.0}}}
{"timestamp": "2025-12-02T08:51:58.241061+00:00", "level": "WARNING", "module": "logger", "funcName": "_log", "lineno": 188, "event_type": "streaming_indicator_engine.data_anomalies_detected", "data": {"symbol": "ARIA_USDT", "timestamp": 1762077187.312999, "anomalies": ["stale_timestamp: 1762077187.312999 vs 1764665518.2410617"], "data_sample": {"price": 0.16705, "volume": 4.0}}}
{"timestamp": "2025-12-02T08:51:58.256209+00:00", "level": "WARNING", "module": "logger", "funcName": "_log", "lineno": 188, "event_type": "streaming_indicator_engine.data_anomalies_detected", "data": {"symbol": "ARIA_USDT", "timestamp": 1762077203.309999, "anomalies": ["stale_timestamp: 1762077203.309999 vs 1764665518.2562096"], "data_sample": {"price": 0.16703, "volume": 6.0}}}
{"timestamp": "2025-12-02T08:51:58.272238+00:00", "level": "WARNING", "module": "logger", "funcName": "_log", "lineno": 188, "event_type": "streaming_indicator_engine.data_anomalies_detected", "data": {"symbol": "ARIA_USDT", "timestamp": 1762077211.312, "anomalies": ["stale_timestamp: 1762077211.312 vs 1764665518.2722387"], "data_sample": {"price": 0.16707, "volume": 9.0}}}
{"timestamp": "2025-12-02T08:51:58.273240+00:00", "level": "WARNING", "module": "logger", "funcName": "_log", "lineno": 188, "event_type": "streaming_indicator_engine.data_anomalies_detected", "data": {"symbol": "ARIA_USDT", "timestamp": 1762077227.312999, "anomalies": ["stale_timestamp: 1762077227.312999 vs 1764665518.2732403"], "data_sample": {"price": 0.16704, "volume": 4.0}}}
{"timestamp": "2025-12-02T08:51:58.288540+00:00", "level": "WARNING", "module": "logger", "funcName": "_log", "lineno": 188, "event_type": "streaming_indicator_engine.data_anomalies_detected", "data": {"symbol": "ARIA_USDT", "timestamp": 1762077234.308999, "anomalies": ["stale_timestamp: 1762077234.308999 vs 1764665518.2880352"], "data_sample": {"price": 0.16708, "volume": 8.0}}}
{"timestamp": "2025-12-02T08:51:58.303525+00:00", "level": "WARNING", "module": "logger", "funcName": "_log", "lineno": 188, "event_type": "streaming_indicator_engine.data_anomalies_detected", "data": {"symbol": "ARIA_USDT", "timestamp": 1762077247.312999, "anomalies": ["stale_timestamp: 1762077247.312999 vs 1764665518.3035252"], "data_sample": {"price": 0.16705, "volume": 7.0}}}
{"timestamp": "2025-12-02T08:51:58.320639+00:00", "level": "WARNING", "module": "logger", "funcName": "_log", "lineno": 188, "event_type": "streaming_indicator_engine.data_anomalies_detected", "data": {"symbol": "ARIA_USDT", "timestamp": 1762077263.309999, "anomalies": ["stale_timestamp: 1762077263.309999 vs 1764665518.3196304"], "data_sample": {"price": 0.16704, "volume": 7.0}}}
{"timestamp": "2025-12-02T08:51:58.336346+00:00", "level": "WARNING", "module": "logger", "funcName": "_log", "lineno": 188, "event_type": "streaming_indicator_engine.data_anomalies_detected", "data": {"symbol": "ARIA_USDT", "timestamp": 1762077274.309999, "anomalies": ["stale_timestamp: 1762077274.309999 vs 1764665518.3363469"], "data_sample": {"price": 0.16709, "volume": 4.0}}}
{"timestamp": "2025-12-02T08:51:58.350658+00:00", "level": "WARNING", "module": "logger", "funcName": "_log", "lineno": 188, "event_type": "streaming_indicator_engine.data_anomalies_detected", "data": {"symbol": "ARIA_USDT", "timestamp": 1762077281.311, "anomalies": ["stale_timestamp: 1762077281.311 vs 1764665518.350659"], "data_sample": {"price": 0.16713, "volume": 12.0}}}
{"timestamp": "2025-12-02T08:51:58.365841+00:00", "level": "WARNING", "module": "logger", "funcName": "_log", "lineno": 188, "event_type": "streaming_indicator_engine.data_anomalies_detected", "data": {"symbol": "ARIA_USDT", "timestamp": 1762077290.312, "anomalies": ["stale_timestamp: 1762077290.312 vs 1764665518.3658414"], "data_sample": {"price": 0.16709, "volume": 8.0}}}
{"timestamp": "2025-12-02T08:51:58.381958+00:00", "level": "WARNING", "module": "logger", "funcName": "_log", "lineno": 188, "event_type": "streaming_indicator_engine.data_anomalies_detected", "data": {"symbol": "ARIA_USDT", "timestamp": 1762077299.312, "anomalies": ["stale_timestamp: 1762077299.312 vs 1764665518.3819585"], "data_sample": {"price": 0.16706, "volume": 8.0}}}
{"timestamp": "2025-12-02T08:51:58.397970+00:00", "level": "WARNING", "module": "logger", "funcName": "_log", "lineno": 188, "event_type": "streaming_indicator_engine.data_anomalies_detected", "data": {"symbol": "ARIA_USDT", "timestamp": 1762077309.309999, "anomalies": ["stale_timestamp: 1762077309.309999 vs 1764665518.3979707"], "data_sample": {"price": 0.16705, "volume": 6.0}}}
{"timestamp": "2025-12-02T08:51:58.413299+00:00", "level": "WARNING", "module": "logger", "funcName": "_log", "lineno": 188, "event_type": "streaming_indicator_engine.data_anomalies_detected", "data": {"symbol": "ARIA_USDT", "timestamp": 1762077318.312, "anomalies": ["stale_timestamp: 1762077318.312 vs 1764665518.4132998"], "data_sample": {"price": 0.16706, "volume": 9.0}}}
{"timestamp": "2025-12-02T08:51:58.429893+00:00", "level": "WARNING", "module": "logger", "funcName": "_log", "lineno": 188, "event_type": "streaming_indicator_engine.data_anomalies_detected", "data": {"symbol": "ARIA_USDT", "timestamp": 1762077324.309999, "anomalies": ["stale_timestamp: 1762077324.309999 vs 1764665518.4288902"], "data_sample": {"price": 0.1671, "volume": 5.0}}}
{"timestamp": "2025-12-02T08:51:58.443813+00:00", "level": "WARNING", "module": "logger", "funcName": "_log", "lineno": 188, "event_type": "streaming_indicator_engine.data_anomalies_detected", "data": {"symbol": "ARIA_USDT", "timestamp": 1762077335.309999, "anomalies": ["stale_timestamp: 1762077335.309999 vs 1764665518.4438138"], "data_sample": {"price": 0.16709, "volume": 4.0}}}
{"timestamp": "2025-12-02T08:51:58.459247+00:00", "level": "WARNING", "module": "logger", "funcName": "_log", "lineno": 188, "event_type": "streaming_indicator_engine.data_anomalies_detected", "data": {"symbol": "ARIA_USDT", "timestamp": 1762077351.309999, "anomalies": ["stale_timestamp: 1762077351.309999 vs 1764665518.4592476"], "data_sample": {"price": 0.1671, "volume": 3.0}}}
{"timestamp": "2025-12-02T08:51:58.474555+00:00", "level": "WARNING", "module": "logger", "funcName": "_log", "lineno": 188, "event_type": "streaming_indicator_engine.data_anomalies_detected", "data": {"symbol": "ARIA_USDT", "timestamp": 1762077362.309999, "anomalies": ["stale_timestamp: 1762077362.309999 vs 1764665518.4745548"], "data_sample": {"price": 0.16716, "volume": 5.0}}}
{"timestamp": "2025-12-02T08:51:58.490262+00:00", "level": "WARNING", "module": "logger", "funcName": "_log", "lineno": 188, "event_type": "streaming_indicator_engine.data_anomalies_detected", "data": {"symbol": "ARIA_USDT", "timestamp": 1762077376.309999, "anomalies": ["stale_timestamp: 1762077376.309999 vs 1764665518.490262"], "data_sample": {"price": 0.16724, "volume": 11.0}}}
{"timestamp": "2025-12-02T08:51:58.505451+00:00", "level": "WARNING", "module": "logger", "funcName": "_log", "lineno": 188, "event_type": "streaming_indicator_engine.data_anomalies_detected", "data": {"symbol": "ARIA_USDT", "timestamp": 1762077387.309999, "anomalies": ["stale_timestamp: 1762077387.309999 vs 1764665518.505451"], "data_sample": {"price": 0.16726, "volume": 11.0}}}
{"timestamp": "2025-12-02T08:51:58.521031+00:00", "level": "WARNING", "module": "logger", "funcName": "_log", "lineno": 188, "event_type": "streaming_indicator_engine.data_anomalies_detected", "data": {"symbol": "ARIA_USDT", "timestamp": 1762077395.309999, "anomalies": ["stale_timestamp: 1762077395.309999 vs 1764665518.5210316"], "data_sample": {"price": 0.16728, "volume": 3.0}}}
{"timestamp": "2025-12-02T08:51:58.530569+00:00", "level": "INFO", "module": "logger", "funcName": "_log", "lineno": 188, "event_type": "strategy_manager.indicator_update_received", "data": {"symbol": "ARIA_USDT", "indicator_name": "5fc82998-9270-4b44-8312-f74ddd20a93d_20", "indicator_type": "", "value": 91.78823745289377, "active_strategies_for_symbol": true, "active_count": 3}}
{"timestamp": "2025-12-02T08:51:58.532567+00:00", "level": "WARNING", "module": "logger", "funcName": "_log", "lineno": 188, "event_type": "streaming_indicator_engine.data_anomalies_detected", "data": {"symbol": "ARIA_USDT", "timestamp": 1762077402.309999, "anomalies": ["stale_timestamp: 1762077402.309999 vs 1764665518.5325677"], "data_sample": {"price": 0.1673, "volume": 10.0}}}
{"timestamp": "2025-12-02T08:51:58.533569+00:00", "level": "WARNING", "module": "logger", "funcName": "_log", "lineno": 188, "event_type": "streaming_indicator_engine.data_anomalies_detected", "data": {"symbol": "ARIA_USDT", "timestamp": 1762077412.311, "anomalies": ["stale_timestamp: 1762077412.311 vs 1764665518.533569"], "data_sample": {"price": 0.16729, "volume": 7.0}}}
{"timestamp": "2025-12-02T08:51:58.534567+00:00", "level": "WARNING", "module": "logger", "funcName": "_log", "lineno": 188, "event_type": "streaming_indicator_engine.data_anomalies_detected", "data": {"symbol": "ARIA_USDT", "timestamp": 1762077421.309999, "anomalies": ["stale_timestamp: 1762077421.309999 vs 1764665518.5345674"], "data_sample": {"price": 0.16727, "volume": 4.0}}}
{"timestamp": "2025-12-02T08:51:58.537555+00:00", "level": "INFO", "module": "logger", "funcName": "_log", "lineno": 188, "event_type": "strategy_manager.indicator_update_received", "data": {"symbol": "ARIA_USDT", "indicator_name": "5fc82998-9270-4b44-8312-f74ddd20a93d_20", "indicator_type": "", "value": 91.78823745289377, "active_strategies_for_symbol": true, "active_count": 3}}
{"timestamp": "2025-12-02T08:51:58.541199+00:00", "level": "INFO", "module": "logger", "funcName": "_log", "lineno": 188, "event_type": "strategy_manager.indicator_update_received", "data": {"symbol": "ARIA_USDT", "indicator_name": "11b8be00-eed3-48fe-b359-df47b297226c_20", "indicator_type": "", "value": 0.0013506874143189638, "active_strategies_for_symbol": true, "active_count": 3}}
{"timestamp": "2025-12-02T08:51:58.545117+00:00", "level": "WARNING", "module": "logger", "funcName": "_log", "lineno": 188, "event_type": "streaming_indicator_engine.data_anomalies_detected", "data": {"symbol": "ARIA_USDT", "timestamp": 1762076372.312999, "anomalies": ["stale_timestamp: 1762076372.312999 vs 1764665518.5451176"], "data_sample": {"price": 0.1671, "volume": 3.0}}}
{"timestamp": "2025-12-02T08:51:58.546109+00:00", "level": "WARNING", "module": "logger", "funcName": "_log", "lineno": 188, "event_type": "streaming_indicator_engine.data_anomalies_detected", "data": {"symbol": "ARIA_USDT", "timestamp": 1762076381.309999, "anomalies": ["stale_timestamp: 1762076381.309999 vs 1764665518.5461092"], "data_sample": {"price": 0.16715, "volume": 8.0}}}
{"timestamp": "2025-12-02T08:51:58.548112+00:00", "level": "INFO", "module": "logger", "funcName": "_log", "lineno": 188, "event_type": "strategy_manager.indicator_update_received", "data": {"symbol": "ARIA_USDT", "indicator_name": "11b8be00-eed3-48fe-b359-df47b297226c_20", "indicator_type": "", "value": 0.0013506874143189638, "active_strategies_for_symbol": true, "active_count": 3}}
{"timestamp": "2025-12-02T08:51:58.548112+00:00", "level": "WARNING", "module": "logger", "funcName": "_log", "lineno": 188, "event_type": "streaming_indicator_engine.data_anomalies_detected", "data": {"symbol": "ARIA_USDT", "timestamp": 1762076388.311, "anomalies": ["stale_timestamp: 1762076388.311 vs 1764665518.5481122"], "data_sample": {"price": 0.16714, "volume": 9.0}}}
{"timestamp": "2025-12-02T08:51:58.550453+00:00", "level": "WARNING", "module": "logger", "funcName": "_log", "lineno": 188, "event_type": "streaming_indicator_engine.data_anomalies_detected", "data": {"symbol": "ARIA_USDT", "timestamp": 1762076401.309999, "anomalies": ["stale_timestamp: 1762076401.309999 vs 1764665518.5494554"], "data_sample": {"price": 0.16717, "volume": 7.0}}}
{"timestamp": "2025-12-02T08:51:58.550453+00:00", "level": "WARNING", "module": "logger", "funcName": "_log", "lineno": 188, "event_type": "streaming_indicator_engine.data_anomalies_detected", "data": {"symbol": "ARIA_USDT", "timestamp": 1762076408.312, "anomalies": ["stale_timestamp: 1762076408.312 vs 1764665518.550453"], "data_sample": {"price": 0.16713, "volume": 3.0}}}
{"timestamp": "2025-12-02T08:51:58.551693+00:00", "level": "WARNING", "module": "logger", "funcName": "_log", "lineno": 188, "event_type": "streaming_indicator_engine.data_anomalies_detected", "data": {"symbol": "ARIA_USDT", "timestamp": 1762076417.311, "anomalies": ["stale_timestamp: 1762076417.311 vs 1764665518.5516932"], "data_sample": {"price": 0.16708, "volume": 3.0}}}
{"timestamp": "2025-12-02T08:51:58.553819+00:00", "level": "WARNING", "module": "logger", "funcName": "_log", "lineno": 188, "event_type": "streaming_indicator_engine.data_anomalies_detected", "data": {"symbol": "ARIA_USDT", "timestamp": 1762076427.308999, "anomalies": ["stale_timestamp: 1762076427.308999 vs 1764665518.55382"], "data_sample": {"price": 0.16707, "volume": 12.0}}}
{"timestamp": "2025-12-02T08:51:58.554833+00:00", "level": "WARNING", "module": "logger", "funcName": "_log", "lineno": 188, "event_type": "streaming_indicator_engine.data_anomalies_detected", "data": {"symbol": "ARIA_USDT", "timestamp": 1762076435.309999, "anomalies": ["stale_timestamp: 1762076435.309999 vs 1764665518.5548334"], "data_sample": {"price": 0.1671, "volume": 4.0}}}
{"timestamp": "2025-12-02T08:51:58.556849+00:00", "level": "INFO", "module": "logger", "funcName": "_log", "lineno": 188, "event_type": "strategy_manager.indicator_update_received", "data": {"symbol": "ARIA_USDT", "indicator_name": "f1c5bf73-df7f-4889-b417-fc3fcd71a9f7_20", "indicator_type": "", "value": -33.249062050831135, "active_strategies_for_symbol": true, "active_count": 3}}
{"timestamp": "2025-12-02T08:51:58.557831+00:00", "level": "WARNING", "module": "logger", "funcName": "_log", "lineno": 188, "event_type": "streaming_indicator_engine.data_anomalies_detected", "data": {"symbol": "ARIA_USDT", "timestamp": 1762076447.309999, "anomalies": ["stale_timestamp: 1762076447.309999 vs 1764665518.5568497"], "data_sample": {"price": 0.16708, "volume": 9.0}}}
{"timestamp": "2025-12-02T08:51:58.557831+00:00", "level": "WARNING", "module": "logger", "funcName": "_log", "lineno": 188, "event_type": "streaming_indicator_engine.data_anomalies_detected", "data": {"symbol": "ARIA_USDT", "timestamp": 1762076462.309999, "anomalies": ["stale_timestamp: 1762076462.309999 vs 1764665518.5578315"], "data_sample": {"price": 0.16726, "volume": 10.0}}}
{"timestamp": "2025-12-02T08:51:58.558833+00:00", "level": "WARNING", "module": "logger", "funcName": "_log", "lineno": 188, "event_type": "streaming_indicator_engine.data_anomalies_detected", "data": {"symbol": "ARIA_USDT", "timestamp": 1762076476.308999, "anomalies": ["stale_timestamp: 1762076476.308999 vs 1764665518.5578315"], "data_sample": {"price": 0.16745, "volume": 9.0}}}
{"timestamp": "2025-12-02T08:51:58.558833+00:00", "level": "WARNING", "module": "logger", "funcName": "_log", "lineno": 188, "event_type": "streaming_indicator_engine.data_anomalies_detected", "data": {"symbol": "ARIA_USDT", "timestamp": 1762076490.311, "anomalies": ["stale_timestamp: 1762076490.311 vs 1764665518.5588334"], "data_sample": {"price": 0.16766, "volume": 7.0}}}
{"timestamp": "2025-12-02T08:51:58.560054+00:00", "level": "WARNING", "module": "logger", "funcName": "_log", "lineno": 188, "event_type": "streaming_indicator_engine.data_anomalies_detected", "data": {"symbol": "ARIA_USDT", "timestamp": 1762076501.311, "anomalies": ["stale_timestamp: 1762076501.311 vs 1764665518.560054"], "data_sample": {"price": 0.16763, "volume": 5.0}}}
{"timestamp": "2025-12-02T08:51:58.561049+00:00", "level": "WARNING", "module": "logger", "funcName": "_log", "lineno": 188, "event_type": "streaming_indicator_engine.data_anomalies_detected", "data": {"symbol": "ARIA_USDT", "timestamp": 1762076514.408999, "anomalies": ["stale_timestamp: 1762076514.408999 vs 1764665518.5610495"], "data_sample": {"price": 0.16766, "volume": 10.0}}}
{"timestamp": "2025-12-02T08:51:58.561049+00:00", "level": "INFO", "module": "logger", "funcName": "_log", "lineno": 188, "event_type": "strategy_manager.indicator_update_received", "data": {"symbol": "ARIA_USDT", "indicator_name": "f1c5bf73-df7f-4889-b417-fc3fcd71a9f7_20", "indicator_type": "", "value": -33.249062050831135, "active_strategies_for_symbol": true, "active_count": 3}}
{"timestamp": "2025-12-02T08:51:58.562041+00:00", "level": "WARNING", "module": "logger", "funcName": "_log", "lineno": 188, "event_type": "streaming_indicator_engine.data_anomalies_detected", "data": {"symbol": "ARIA_USDT", "timestamp": 1762076520.311, "anomalies": ["stale_timestamp: 1762076520.311 vs 1764665518.5620418"], "data_sample": {"price": 0.1677, "volume": 9.0}}}
{"timestamp": "2025-12-02T08:51:58.562041+00:00", "level": "WARNING", "module": "logger", "funcName": "_log", "lineno": 188, "event_type": "streaming_indicator_engine.data_anomalies_detected", "data": {"symbol": "ARIA_USDT", "timestamp": 1762076531.311, "anomalies": ["stale_timestamp: 1762076531.311 vs 1764665518.5620418"], "data_sample": {"price": 0.16778, "volume": 10.0}}}
{"timestamp": "2025-12-02T08:51:58.563050+00:00", "level": "WARNING", "module": "logger", "funcName": "_log", "lineno": 188, "event_type": "streaming_indicator_engine.data_anomalies_detected", "data": {"symbol": "ARIA_USDT", "timestamp": 1762076537.311, "anomalies": ["stale_timestamp: 1762076537.311 vs 1764665518.5630505"], "data_sample": {"price": 0.16777, "volume": 10.0}}}
{"timestamp": "2025-12-02T08:51:58.563050+00:00", "level": "WARNING", "module": "logger", "funcName": "_log", "lineno": 188, "event_type": "streaming_indicator_engine.data_anomalies_detected", "data": {"symbol": "ARIA_USDT", "timestamp": 1762076543.312, "anomalies": ["stale_timestamp: 1762076543.312 vs 1764665518.5630505"], "data_sample": {"price": 0.16765, "volume": 8.0}}}
{"timestamp": "2025-12-02T08:51:58.564041+00:00", "level": "WARNING", "module": "logger", "funcName": "_log", "lineno": 188, "event_type": "streaming_indicator_engine.data_anomalies_detected", "data": {"symbol": "ARIA_USDT", "timestamp": 1762076551.311, "anomalies": ["stale_timestamp: 1762076551.311 vs 1764665518.5640414"], "data_sample": {"price": 0.16776, "volume": 7.0}}}
{"timestamp": "2025-12-02T08:51:58.565041+00:00", "level": "WARNING", "module": "logger", "funcName": "_log", "lineno": 188, "event_type": "streaming_indicator_engine.data_anomalies_detected", "data": {"symbol": "ARIA_USDT", "timestamp": 1762076567.313999, "anomalies": ["stale_timestamp: 1762076567.313999 vs 1764665518.5650413"], "data_sample": {"price": 0.16779, "volume": 4.0}}}
{"timestamp": "2025-12-02T08:51:58.567047+00:00", "level": "INFO", "module": "logger", "funcName": "_log", "lineno": 188, "event_type": "strategy_manager.indicator_update_received", "data": {"symbol": "ARIA_USDT", "indicator_name": "790d8eed-dc95-43ff-b625-1205d256154b_20", "indicator_type": "", "value": 0.0010199876548628493, "active_strategies_for_symbol": true, "active_count": 3}}
{"timestamp": "2025-12-02T08:51:58.568036+00:00", "level": "WARNING", "module": "logger", "funcName": "_log", "lineno": 188, "event_type": "streaming_indicator_engine.data_anomalies_detected", "data": {"symbol": "ARIA_USDT", "timestamp": 1762076582.312999, "anomalies": ["stale_timestamp: 1762076582.312999 vs 1764665518.5680366"], "data_sample": {"price": 0.16774, "volume": 4.0}}}
{"timestamp": "2025-12-02T08:51:58.569617+00:00", "level": "WARNING", "module": "logger", "funcName": "_log", "lineno": 188, "event_type": "streaming_indicator_engine.data_anomalies_detected", "data": {"symbol": "ARIA_USDT", "timestamp": 1762076595.309999, "anomalies": ["stale_timestamp: 1762076595.309999 vs 1764665518.5696175"], "data_sample": {"price": 0.16776, "volume": 10.0}}}
{"timestamp": "2025-12-02T08:51:58.571556+00:00", "level": "WARNING", "module": "logger", "funcName": "_log", "lineno": 188, "event_type": "streaming_indicator_engine.data_anomalies_detected", "data": {"symbol": "ARIA_USDT", "timestamp": 1762076606.309999, "anomalies": ["stale_timestamp: 1762076606.309999 vs 1764665518.5715563"], "data_sample": {"price": 0.16772, "volume": 9.0}}}
{"timestamp": "2025-12-02T08:51:58.571556+00:00", "level": "WARNING", "module": "logger", "funcName": "_log", "lineno": 188, "event_type": "streaming_indicator_engine.data_anomalies_detected", "data": {"symbol": "ARIA_USDT", "timestamp": 1762076620.309999, "anomalies": ["stale_timestamp: 1762076620.309999 vs 1764665518.5715563"], "data_sample": {"price": 0.16764, "volume": 5.0}}}
{"timestamp": "2025-12-02T08:51:58.572554+00:00", "level": "WARNING", "module": "logger", "funcName": "_log", "lineno": 188, "event_type": "streaming_indicator_engine.data_anomalies_detected", "data": {"symbol": "ARIA_USDT", "timestamp": 1762076628.311, "anomalies": ["stale_timestamp: 1762076628.311 vs 1764665518.5725539"], "data_sample": {"price": 0.16761, "volume": 7.0}}}
{"timestamp": "2025-12-02T08:51:58.573556+00:00", "level": "WARNING", "module": "logger", "funcName": "_log", "lineno": 188, "event_type": "streaming_indicator_engine.data_anomalies_detected", "data": {"symbol": "ARIA_USDT", "timestamp": 1762076638.312999, "anomalies": ["stale_timestamp: 1762076638.312999 vs 1764665518.5725539"], "data_sample": {"price": 0.16763, "volume": 10.0}}}
{"timestamp": "2025-12-02T08:51:58.573556+00:00", "level": "INFO", "module": "logger", "funcName": "_log", "lineno": 188, "event_type": "strategy_manager.indicator_update_received", "data": {"symbol": "ARIA_USDT", "indicator_name": "790d8eed-dc95-43ff-b625-1205d256154b_20", "indicator_type": "", "value": 0.0010199876548628493, "active_strategies_for_symbol": true, "active_count": 3}}
{"timestamp": "2025-12-02T08:51:58.574553+00:00", "level": "WARNING", "module": "logger", "funcName": "_log", "lineno": 188, "event_type": "streaming_indicator_engine.data_anomalies_detected", "data": {"symbol": "ARIA_USDT", "timestamp": 1762076647.309999, "anomalies": ["stale_timestamp: 1762076647.309999 vs 1764665518.5745533"], "data_sample": {"price": 0.16762, "volume": 4.0}}}
{"timestamp": "2025-12-02T08:51:58.574553+00:00", "level": "WARNING", "module": "logger", "funcName": "_log", "lineno": 188, "event_type": "streaming_indicator_engine.data_anomalies_detected", "data": {"symbol": "ARIA_USDT", "timestamp": 1762076653.309999, "anomalies": ["stale_timestamp: 1762076653.309999 vs 1764665518.5745533"], "data_sample": {"price": 0.16761, "volume": 9.0}}}
{"timestamp": "2025-12-02T08:51:58.575555+00:00", "level": "WARNING", "module": "logger", "funcName": "_log", "lineno": 188, "event_type": "streaming_indicator_engine.data_anomalies_detected", "data": {"symbol": "ARIA_USDT", "timestamp": 1762076666.309999, "anomalies": ["stale_timestamp: 1762076666.309999 vs 1764665518.575555"], "data_sample": {"price": 0.16763, "volume": 9.0}}}
{"timestamp": "2025-12-02T08:51:58.575555+00:00", "level": "WARNING", "module": "logger", "funcName": "_log", "lineno": 188, "event_type": "streaming_indicator_engine.data_anomalies_detected", "data": {"symbol": "ARIA_USDT", "timestamp": 1762076672.308999, "anomalies": ["stale_timestamp: 1762076672.308999 vs 1764665518.575555"], "data_sample": {"price": 0.16762, "volume": 9.0}}}
{"timestamp": "2025-12-02T08:51:58.576556+00:00", "level": "WARNING", "module": "logger", "funcName": "_log", "lineno": 188, "event_type": "streaming_indicator_engine.data_anomalies_detected", "data": {"symbol": "ARIA_USDT", "timestamp": 1762076685.309999, "anomalies": ["stale_timestamp: 1762076685.309999 vs 1764665518.5765567"], "data_sample": {"price": 0.16732, "volume": 9.0}}}
{"timestamp": "2025-12-02T08:51:58.576556+00:00", "level": "WARNING", "module": "logger", "funcName": "_log", "lineno": 188, "event_type": "streaming_indicator_engine.data_anomalies_detected", "data": {"symbol": "ARIA_USDT", "timestamp": 1762076699.311, "anomalies": ["stale_timestamp: 1762076699.311 vs 1764665518.5765567"], "data_sample": {"price": 0.16737, "volume": 11.0}}}
{"timestamp": "2025-12-02T08:51:58.576556+00:00", "level": "WARNING", "module": "logger", "funcName": "_log", "lineno": 188, "event_type": "streaming_indicator_engine.data_anomalies_detected", "data": {"symbol": "ARIA_USDT", "timestamp": 1762076713.309999, "anomalies": ["stale_timestamp: 1762076713.309999 vs 1764665518.5765567"], "data_sample": {"price": 0.16735, "volume": 4.0}}}
{"timestamp": "2025-12-02T08:51:58.599218+00:00", "level": "WARNING", "module": "logger", "funcName": "_log", "lineno": 188, "event_type": "streaming_indicator_engine.data_anomalies_detected", "data": {"symbol": "ARIA_USDT", "timestamp": 1762076728.311, "anomalies": ["stale_timestamp: 1762076728.311 vs 1764665518.5992184"], "data_sample": {"price": 0.16739, "volume": 9.0}}}
{"timestamp": "2025-12-02T08:51:58.614831+00:00", "level": "WARNING", "module": "logger", "funcName": "_log", "lineno": 188, "event_type": "streaming_indicator_engine.data_anomalies_detected", "data": {"symbol": "ARIA_USDT", "timestamp": 1762076734.308999, "anomalies": ["stale_timestamp: 1762076734.308999 vs 1764665518.6148314"], "data_sample": {"price": 0.16744, "volume": 9.0}}}
{"timestamp": "2025-12-02T08:51:58.630808+00:00", "level": "WARNING", "module": "logger", "funcName": "_log", "lineno": 188, "event_type": "streaming_indicator_engine.data_anomalies_detected", "data": {"symbol": "ARIA_USDT", "timestamp": 1762076750.309999, "anomalies": ["stale_timestamp: 1762076750.309999 vs 1764665518.6308084"], "data_sample": {"price": 0.16747, "volume": 10.0}}}
{"timestamp": "2025-12-02T08:51:58.646520+00:00", "level": "WARNING", "module": "logger", "funcName": "_log", "lineno": 188, "event_type": "streaming_indicator_engine.data_anomalies_detected", "data": {"symbol": "ARIA_USDT", "timestamp": 1762076759.311, "anomalies": ["stale_timestamp: 1762076759.311 vs 1764665518.6465209"], "data_sample": {"price": 0.16746, "volume": 10.0}}}
{"timestamp": "2025-12-02T08:51:58.662416+00:00", "level": "WARNING", "module": "logger", "funcName": "_log", "lineno": 188, "event_type": "streaming_indicator_engine.data_anomalies_detected", "data": {"symbol": "ARIA_USDT", "timestamp": 1762076767.309999, "anomalies": ["stale_timestamp: 1762076767.309999 vs 1764665518.6624167"], "data_sample": {"price": 0.16742, "volume": 8.0}}}
{"timestamp": "2025-12-02T08:51:58.677866+00:00", "level": "WARNING", "module": "logger", "funcName": "_log", "lineno": 188, "event_type": "streaming_indicator_engine.data_anomalies_detected", "data": {"symbol": "ARIA_USDT", "timestamp": 1762076783.312, "anomalies": ["stale_timestamp: 1762076783.312 vs 1764665518.6778662"], "data_sample": {"price": 0.16745, "volume": 8.0}}}
{"timestamp": "2025-12-02T08:51:58.693113+00:00", "level": "WARNING", "module": "logger", "funcName": "_log", "lineno": 188, "event_type": "streaming_indicator_engine.data_anomalies_detected", "data": {"symbol": "ARIA_USDT", "timestamp": 1762076789.309999, "anomalies": ["stale_timestamp: 1762076789.309999 vs 1764665518.6931136"], "data_sample": {"price": 0.16755, "volume": 9.0}}}
{"timestamp": "2025-12-02T08:51:58.708174+00:00", "level": "WARNING", "module": "logger", "funcName": "_log", "lineno": 188, "event_type": "streaming_indicator_engine.data_anomalies_detected", "data": {"symbol": "ARIA_USDT", "timestamp": 1762076803.311, "anomalies": ["stale_timestamp: 1762076803.311 vs 1764665518.7081747"], "data_sample": {"price": 0.16758, "volume": 10.0}}}
{"timestamp": "2025-12-02T08:51:58.723502+00:00", "level": "WARNING", "module": "logger", "funcName": "_log", "lineno": 188, "event_type": "streaming_indicator_engine.data_anomalies_detected", "data": {"symbol": "ARIA_USDT", "timestamp": 1762076816.308999, "anomalies": ["stale_timestamp: 1762076816.308999 vs 1764665518.7235022"], "data_sample": {"price": 0.16762, "volume": 9.0}}}
{"timestamp": "2025-12-02T08:51:58.738935+00:00", "level": "WARNING", "module": "logger", "funcName": "_log", "lineno": 188, "event_type": "streaming_indicator_engine.data_anomalies_detected", "data": {"symbol": "ARIA_USDT", "timestamp": 1762076825.312999, "anomalies": ["stale_timestamp: 1762076825.312999 vs 1764665518.7389352"], "data_sample": {"price": 0.16751, "volume": 10.0}}}
{"timestamp": "2025-12-02T08:51:58.755137+00:00", "level": "WARNING", "module": "logger", "funcName": "_log", "lineno": 188, "event_type": "streaming_indicator_engine.data_anomalies_detected", "data": {"symbol": "ARIA_USDT", "timestamp": 1762076831.316999, "anomalies": ["stale_timestamp: 1762076831.316999 vs 1764665518.7541342"], "data_sample": {"price": 0.1674, "volume": 6.0}}}
{"timestamp": "2025-12-02T08:51:58.770982+00:00", "level": "WARNING", "module": "logger", "funcName": "_log", "lineno": 188, "event_type": "streaming_indicator_engine.data_anomalies_detected", "data": {"symbol": "ARIA_USDT", "timestamp": 1762076839.311, "anomalies": ["stale_timestamp: 1762076839.311 vs 1764665518.7709825"], "data_sample": {"price": 0.16741, "volume": 8.0}}}
{"timestamp": "2025-12-02T08:51:58.787953+00:00", "level": "WARNING", "module": "logger", "funcName": "_log", "lineno": 188, "event_type": "streaming_indicator_engine.data_anomalies_detected", "data": {"symbol": "ARIA_USDT", "timestamp": 1762076846.312, "anomalies": ["stale_timestamp: 1762076846.312 vs 1764665518.7869403"], "data_sample": {"price": 0.1674, "volume": 6.0}}}
{"timestamp": "2025-12-02T08:51:58.801082+00:00", "level": "WARNING", "module": "logger", "funcName": "_log", "lineno": 188, "event_type": "streaming_indicator_engine.data_anomalies_detected", "data": {"symbol": "ARIA_USDT", "timestamp": 1762076859.309999, "anomalies": ["stale_timestamp: 1762076859.309999 vs 1764665518.8010821"], "data_sample": {"price": 0.16723, "volume": 5.0}}}
{"timestamp": "2025-12-02T08:51:58.816300+00:00", "level": "WARNING", "module": "logger", "funcName": "_log", "lineno": 188, "event_type": "streaming_indicator_engine.data_anomalies_detected", "data": {"symbol": "ARIA_USDT", "timestamp": 1762076870.309999, "anomalies": ["stale_timestamp: 1762076870.309999 vs 1764665518.8163004"], "data_sample": {"price": 0.16724, "volume": 9.0}}}
{"timestamp": "2025-12-02T08:51:58.820939+00:00", "level": "INFO", "module": "logger", "funcName": "_log", "lineno": 188, "event_type": "strategy_manager.indicator_update_received", "data": {"symbol": "ARIA_USDT", "indicator_name": "611fad91-045d-408b-8822-f43428935033_20", "indicator_type": "", "value": -0.004392957838595378, "active_strategies_for_symbol": true, "active_count": 3}}
{"timestamp": "2025-12-02T08:51:58.822939+00:00", "level": "WARNING", "module": "logger", "funcName": "_log", "lineno": 188, "event_type": "streaming_indicator_engine.data_anomalies_detected", "data": {"symbol": "ARIA_USDT", "timestamp": 1762076878.309999, "anomalies": ["stale_timestamp: 1762076878.309999 vs 1764665518.8229394"], "data_sample": {"price": 0.16731, "volume": 4.0}}}
{"timestamp": "2025-12-02T08:51:58.823857+00:00", "level": "WARNING", "module": "logger", "funcName": "_log", "lineno": 188, "event_type": "streaming_indicator_engine.data_anomalies_detected", "data": {"symbol": "ARIA_USDT", "timestamp": 1762076892.311, "anomalies": ["stale_timestamp: 1762076892.311 vs 1764665518.823857"], "data_sample": {"price": 0.16728, "volume": 9.0}}}
{"timestamp": "2025-12-02T08:51:58.825912+00:00", "level": "WARNING", "module": "logger", "funcName": "_log", "lineno": 188, "event_type": "streaming_indicator_engine.data_anomalies_detected", "data": {"symbol": "ARIA_USDT", "timestamp": 1762076900.309999, "anomalies": ["stale_timestamp: 1762076900.309999 vs 1764665518.8259122"], "data_sample": {"price": 0.16731, "volume": 7.0}}}
{"timestamp": "2025-12-02T08:51:58.826941+00:00", "level": "WARNING", "module": "logger", "funcName": "_log", "lineno": 188, "event_type": "streaming_indicator_engine.data_anomalies_detected", "data": {"symbol": "ARIA_USDT", "timestamp": 1762076915.308999, "anomalies": ["stale_timestamp: 1762076915.308999 vs 1764665518.8259122"], "data_sample": {"price": 0.16729, "volume": 4.0}}}
{"timestamp": "2025-12-02T08:51:58.827940+00:00", "level": "INFO", "module": "logger", "funcName": "_log", "lineno": 188, "event_type": "strategy_manager.indicator_update_received", "data": {"symbol": "ARIA_USDT", "indicator_name": "611fad91-045d-408b-8822-f43428935033_20", "indicator_type": "", "value": -0.004392957838595378, "active_strategies_for_symbol": true, "active_count": 3}}
{"timestamp": "2025-12-02T08:51:58.828553+00:00", "level": "WARNING", "module": "logger", "funcName": "_log", "lineno": 188, "event_type": "streaming_indicator_engine.data_anomalies_detected", "data": {"symbol": "ARIA_USDT", "timestamp": 1762076929.309999, "anomalies": ["stale_timestamp: 1762076929.309999 vs 1764665518.8285532"], "data_sample": {"price": 0.16725, "volume": 11.0}}}
{"timestamp": "2025-12-02T08:51:58.828553+00:00", "level": "WARNING", "module": "logger", "funcName": "_log", "lineno": 188, "event_type": "streaming_indicator_engine.data_anomalies_detected", "data": {"symbol": "ARIA_USDT", "timestamp": 1762076940.312999, "anomalies": ["stale_timestamp: 1762076940.312999 vs 1764665518.8285532"], "data_sample": {"price": 0.16733, "volume": 8.0}}}
{"timestamp": "2025-12-02T08:51:58.829636+00:00", "level": "WARNING", "module": "logger", "funcName": "_log", "lineno": 188, "event_type": "streaming_indicator_engine.data_anomalies_detected", "data": {"symbol": "ARIA_USDT", "timestamp": 1762076949.324999, "anomalies": ["stale_timestamp: 1762076949.324999 vs 1764665518.829636"], "data_sample": {"price": 0.1673, "volume": 8.0}}}
{"timestamp": "2025-12-02T08:51:58.830610+00:00", "level": "WARNING", "module": "logger", "funcName": "_log", "lineno": 188, "event_type": "streaming_indicator_engine.data_anomalies_detected", "data": {"symbol": "ARIA_USDT", "timestamp": 1762076965.316, "anomalies": ["stale_timestamp: 1762076965.316 vs 1764665518.8306105"], "data_sample": {"price": 0.16729, "volume": 4.0}}}
{"timestamp": "2025-12-02T08:51:58.830610+00:00", "level": "WARNING", "module": "logger", "funcName": "_log", "lineno": 188, "event_type": "streaming_indicator_engine.data_anomalies_detected", "data": {"symbol": "ARIA_USDT", "timestamp": 1762076978.312, "anomalies": ["stale_timestamp: 1762076978.312 vs 1764665518.8306105"], "data_sample": {"price": 0.1673, "volume": 9.0}}}
{"timestamp": "2025-12-02T08:51:58.831559+00:00", "level": "WARNING", "module": "logger", "funcName": "_log", "lineno": 188, "event_type": "streaming_indicator_engine.data_anomalies_detected", "data": {"symbol": "ARIA_USDT", "timestamp": 1762076990.315, "anomalies": ["stale_timestamp: 1762076990.315 vs 1764665518.8315592"], "data_sample": {"price": 0.16733, "volume": 10.0}}}
{"timestamp": "2025-12-02T08:51:58.832594+00:00", "level": "WARNING", "module": "logger", "funcName": "_log", "lineno": 188, "event_type": "streaming_indicator_engine.data_anomalies_detected", "data": {"symbol": "ARIA_USDT", "timestamp": 1762076997.315, "anomalies": ["stale_timestamp: 1762076997.315 vs 1764665518.8325942"], "data_sample": {"price": 0.16726, "volume": 12.0}}}
{"timestamp": "2025-12-02T08:51:58.847268+00:00", "level": "WARNING", "module": "logger", "funcName": "_log", "lineno": 188, "event_type": "streaming_indicator_engine.data_anomalies_detected", "data": {"symbol": "ARIA_USDT", "timestamp": 1762077007.309999, "anomalies": ["stale_timestamp: 1762077007.309999 vs 1764665518.847268"], "data_sample": {"price": 0.16719, "volume": 4.0}}}
{"timestamp": "2025-12-02T08:51:58.862668+00:00", "level": "WARNING", "module": "logger", "funcName": "_log", "lineno": 188, "event_type": "streaming_indicator_engine.data_anomalies_detected", "data": {"symbol": "ARIA_USDT", "timestamp": 1762077018.309999, "anomalies": ["stale_timestamp: 1762077018.309999 vs 1764665518.862668"], "data_sample": {"price": 0.16722, "volume": 8.0}}}
{"timestamp": "2025-12-02T08:51:58.877879+00:00", "level": "WARNING", "module": "logger", "funcName": "_log", "lineno": 188, "event_type": "streaming_indicator_engine.data_anomalies_detected", "data": {"symbol": "ARIA_USDT", "timestamp": 1762077025.309999, "anomalies": ["stale_timestamp: 1762077025.309999 vs 1764665518.8778796"], "data_sample": {"price": 0.16726, "volume": 5.0}}}
{"timestamp": "2025-12-02T08:51:58.892551+00:00", "level": "WARNING", "module": "logger", "funcName": "_log", "lineno": 188, "event_type": "streaming_indicator_engine.data_anomalies_detected", "data": {"symbol": "ARIA_USDT", "timestamp": 1762077033.311, "anomalies": ["stale_timestamp: 1762077033.311 vs 1764665518.8925517"], "data_sample": {"price": 0.16725, "volume": 4.0}}}
{"timestamp": "2025-12-02T08:51:58.908541+00:00", "level": "WARNING", "module": "logger", "funcName": "_log", "lineno": 188, "event_type": "streaming_indicator_engine.data_anomalies_detected", "data": {"symbol": "ARIA_USDT", "timestamp": 1762077042.309999, "anomalies": ["stale_timestamp: 1762077042.309999 vs 1764665518.9080296"], "data_sample": {"price": 0.16724, "volume": 4.0}}}
{"timestamp": "2025-12-02T08:51:58.923076+00:00", "level": "WARNING", "module": "logger", "funcName": "_log", "lineno": 188, "event_type": "streaming_indicator_engine.data_anomalies_detected", "data": {"symbol": "ARIA_USDT", "timestamp": 1762077051.309999, "anomalies": ["stale_timestamp: 1762077051.309999 vs 1764665518.9230766"], "data_sample": {"price": 0.16725, "volume": 4.0}}}
{"timestamp": "2025-12-02T08:51:58.939039+00:00", "level": "WARNING", "module": "logger", "funcName": "_log", "lineno": 188, "event_type": "streaming_indicator_engine.data_anomalies_detected", "data": {"symbol": "ARIA_USDT", "timestamp": 1762077057.312999, "anomalies": ["stale_timestamp: 1762077057.312999 vs 1764665518.9390397"], "data_sample": {"price": 0.16726, "volume": 3.0}}}
{"timestamp": "2025-12-02T08:51:58.954514+00:00", "level": "WARNING", "module": "logger", "funcName": "_log", "lineno": 188, "event_type": "streaming_indicator_engine.data_anomalies_detected", "data": {"symbol": "ARIA_USDT", "timestamp": 1762077067.316999, "anomalies": ["stale_timestamp: 1762077067.316999 vs 1764665518.9545147"], "data_sample": {"price": 0.16725, "volume": 8.0}}}
{"timestamp": "2025-12-02T08:51:58.971659+00:00", "level": "WARNING", "module": "logger", "funcName": "_log", "lineno": 188, "event_type": "streaming_indicator_engine.data_anomalies_detected", "data": {"symbol": "ARIA_USDT", "timestamp": 1762077081.308, "anomalies": ["stale_timestamp: 1762077081.308 vs 1764665518.9706237"], "data_sample": {"price": 0.16714, "volume": 6.0}}}
{"timestamp": "2025-12-02T08:51:58.986506+00:00", "level": "WARNING", "module": "logger", "funcName": "_log", "lineno": 188, "event_type": "streaming_indicator_engine.data_anomalies_detected", "data": {"symbol": "ARIA_USDT", "timestamp": 1762077089.311, "anomalies": ["stale_timestamp: 1762077089.311 vs 1764665518.9853573"], "data_sample": {"price": 0.16711, "volume": 4.0}}}
{"timestamp": "2025-12-02T08:51:59.000402+00:00", "level": "WARNING", "module": "logger", "funcName": "_log", "lineno": 188, "event_type": "streaming_indicator_engine.data_anomalies_detected", "data": {"symbol": "ARIA_USDT", "timestamp": 1762077098.311, "anomalies": ["stale_timestamp: 1762077098.311 vs 1764665519.000403"], "data_sample": {"price": 0.16702, "volume": 4.0}}}
{"timestamp": "2025-12-02T08:51:59.015552+00:00", "level": "WARNING", "module": "logger", "funcName": "_log", "lineno": 188, "event_type": "streaming_indicator_engine.data_anomalies_detected", "data": {"symbol": "ARIA_USDT", "timestamp": 1762077107.335, "anomalies": ["stale_timestamp: 1762077107.335 vs 1764665519.0155525"], "data_sample": {"price": 0.167, "volume": 26.0}}}
{"timestamp": "2025-12-02T08:51:59.030884+00:00", "level": "WARNING", "module": "logger", "funcName": "_log", "lineno": 188, "event_type": "streaming_indicator_engine.data_anomalies_detected", "data": {"symbol": "ARIA_USDT", "timestamp": 1762077121.309999, "anomalies": ["stale_timestamp: 1762077121.309999 vs 1764665519.030885"], "data_sample": {"price": 0.16704, "volume": 8.0}}}
{"timestamp": "2025-12-02T08:51:59.046563+00:00", "level": "WARNING", "module": "logger", "funcName": "_log", "lineno": 188, "event_type": "streaming_indicator_engine.data_anomalies_detected", "data": {"symbol": "ARIA_USDT", "timestamp": 1762077123.420999, "anomalies": ["stale_timestamp: 1762077123.420999 vs 1764665519.0465636"], "data_sample": {"price": 0.167, "volume": 59.0}}}
{"timestamp": "2025-12-02T08:51:59.061667+00:00", "level": "WARNING", "module": "logger", "funcName": "_log", "lineno": 188, "event_type": "streaming_indicator_engine.data_anomalies_detected", "data": {"symbol": "ARIA_USDT", "timestamp": 1762077139.311, "anomalies": ["stale_timestamp: 1762077139.311 vs 1764665519.061667"], "data_sample": {"price": 0.16703, "volume": 5.0}}}
{"timestamp": "2025-12-02T08:51:59.078301+00:00", "level": "WARNING", "module": "logger", "funcName": "_log", "lineno": 188, "event_type": "streaming_indicator_engine.data_anomalies_detected", "data": {"symbol": "ARIA_USDT", "timestamp": 1762077152.308999, "anomalies": ["stale_timestamp: 1762077152.308999 vs 1764665519.0783017"], "data_sample": {"price": 0.16708, "volume": 9.0}}}
{"timestamp": "2025-12-02T08:51:59.093306+00:00", "level": "WARNING", "module": "logger", "funcName": "_log", "lineno": 188, "event_type": "streaming_indicator_engine.data_anomalies_detected", "data": {"symbol": "ARIA_USDT", "timestamp": 1762077163.309999, "anomalies": ["stale_timestamp: 1762077163.309999 vs 1764665519.0933068"], "data_sample": {"price": 0.16713, "volume": 11.0}}}
{"timestamp": "2025-12-02T08:51:59.095219+00:00", "level": "WARNING", "module": "logger", "funcName": "_log", "lineno": 188, "event_type": "streaming_indicator_engine.data_anomalies_detected", "data": {"symbol": "ARIA_USDT", "timestamp": 1762077172.309999, "anomalies": ["stale_timestamp: 1762077172.309999 vs 1764665519.0952191"], "data_sample": {"price": 0.16706, "volume": 12.0}}}
{"timestamp": "2025-12-02T08:51:59.108989+00:00", "level": "WARNING", "module": "logger", "funcName": "_log", "lineno": 188, "event_type": "streaming_indicator_engine.data_anomalies_detected", "data": {"symbol": "ARIA_USDT", "timestamp": 1762077187.312999, "anomalies": ["stale_timestamp: 1762077187.312999 vs 1764665519.1089897"], "data_sample": {"price": 0.16705, "volume": 4.0}}}
{"timestamp": "2025-12-02T08:51:59.124417+00:00", "level": "WARNING", "module": "logger", "funcName": "_log", "lineno": 188, "event_type": "streaming_indicator_engine.data_anomalies_detected", "data": {"symbol": "ARIA_USDT", "timestamp": 1762077203.309999, "anomalies": ["stale_timestamp: 1762077203.309999 vs 1764665519.1244175"], "data_sample": {"price": 0.16703, "volume": 6.0}}}
{"timestamp": "2025-12-02T08:51:59.140477+00:00", "level": "WARNING", "module": "logger", "funcName": "_log", "lineno": 188, "event_type": "streaming_indicator_engine.data_anomalies_detected", "data": {"symbol": "ARIA_USDT", "timestamp": 1762077211.312, "anomalies": ["stale_timestamp: 1762077211.312 vs 1764665519.1404774"], "data_sample": {"price": 0.16707, "volume": 9.0}}}
{"timestamp": "2025-12-02T08:51:59.155759+00:00", "level": "WARNING", "module": "logger", "funcName": "_log", "lineno": 188, "event_type": "streaming_indicator_engine.data_anomalies_detected", "data": {"symbol": "ARIA_USDT", "timestamp": 1762077227.312999, "anomalies": ["stale_timestamp: 1762077227.312999 vs 1764665519.155759"], "data_sample": {"price": 0.16704, "volume": 4.0}}}
{"timestamp": "2025-12-02T08:51:59.172358+00:00", "level": "WARNING", "module": "logger", "funcName": "_log", "lineno": 188, "event_type": "streaming_indicator_engine.data_anomalies_detected", "data": {"symbol": "ARIA_USDT", "timestamp": 1762077234.308999, "anomalies": ["stale_timestamp: 1762077234.308999 vs 1764665519.171358"], "data_sample": {"price": 0.16708, "volume": 8.0}}}
{"timestamp": "2025-12-02T08:51:59.186907+00:00", "level": "WARNING", "module": "logger", "funcName": "_log", "lineno": 188, "event_type": "streaming_indicator_engine.data_anomalies_detected", "data": {"symbol": "ARIA_USDT", "timestamp": 1762077247.312999, "anomalies": ["stale_timestamp: 1762077247.312999 vs 1764665519.186907"], "data_sample": {"price": 0.16705, "volume": 7.0}}}
{"timestamp": "2025-12-02T08:51:59.203124+00:00", "level": "WARNING", "module": "logger", "funcName": "_log", "lineno": 188, "event_type": "streaming_indicator_engine.data_anomalies_detected", "data": {"symbol": "ARIA_USDT", "timestamp": 1762077263.309999, "anomalies": ["stale_timestamp: 1762077263.309999 vs 1764665519.203124"], "data_sample": {"price": 0.16704, "volume": 7.0}}}
{"timestamp": "2025-12-02T08:51:59.218388+00:00", "level": "WARNING", "module": "logger", "funcName": "_log", "lineno": 188, "event_type": "streaming_indicator_engine.data_anomalies_detected", "data": {"symbol": "ARIA_USDT", "timestamp": 1762077274.309999, "anomalies": ["stale_timestamp: 1762077274.309999 vs 1764665519.218389"], "data_sample": {"price": 0.16709, "volume": 4.0}}}
{"timestamp": "2025-12-02T08:51:59.248729+00:00", "level": "WARNING", "module": "logger", "funcName": "_log", "lineno": 188, "event_type": "streaming_indicator_engine.data_anomalies_detected", "data": {"symbol": "ARIA_USDT", "timestamp": 1762077281.311, "anomalies": ["stale_timestamp: 1762077281.311 vs 1764665519.2482214"], "data_sample": {"price": 0.16713, "volume": 12.0}}}
{"timestamp": "2025-12-02T08:51:59.263820+00:00", "level": "WARNING", "module": "logger", "funcName": "_log", "lineno": 188, "event_type": "streaming_indicator_engine.data_anomalies_detected", "data": {"symbol": "ARIA_USDT", "timestamp": 1762077290.312, "anomalies": ["stale_timestamp: 1762077290.312 vs 1764665519.26382"], "data_sample": {"price": 0.16709, "volume": 8.0}}}
{"timestamp": "2025-12-02T08:51:59.280514+00:00", "level": "WARNING", "module": "logger", "funcName": "_log", "lineno": 188, "event_type": "streaming_indicator_engine.data_anomalies_detected", "data": {"symbol": "ARIA_USDT", "timestamp": 1762077299.312, "anomalies": ["stale_timestamp: 1762077299.312 vs 1764665519.2805147"], "data_sample": {"price": 0.16706, "volume": 8.0}}}
{"timestamp": "2025-12-02T08:51:59.295414+00:00", "level": "WARNING", "module": "logger", "funcName": "_log", "lineno": 188, "event_type": "streaming_indicator_engine.data_anomalies_detected", "data": {"symbol": "ARIA_USDT", "timestamp": 1762077309.309999, "anomalies": ["stale_timestamp: 1762077309.309999 vs 1764665519.2954147"], "data_sample": {"price": 0.16705, "volume": 6.0}}}
{"timestamp": "2025-12-02T08:51:59.310452+00:00", "level": "WARNING", "module": "logger", "funcName": "_log", "lineno": 188, "event_type": "streaming_indicator_engine.data_anomalies_detected", "data": {"symbol": "ARIA_USDT", "timestamp": 1762077318.312, "anomalies": ["stale_timestamp: 1762077318.312 vs 1764665519.3104527"], "data_sample": {"price": 0.16706, "volume": 9.0}}}
{"timestamp": "2025-12-02T08:51:59.325988+00:00", "level": "WARNING", "module": "logger", "funcName": "_log", "lineno": 188, "event_type": "streaming_indicator_engine.data_anomalies_detected", "data": {"symbol": "ARIA_USDT", "timestamp": 1762077324.309999, "anomalies": ["stale_timestamp: 1762077324.309999 vs 1764665519.3259883"], "data_sample": {"price": 0.1671, "volume": 5.0}}}
{"timestamp": "2025-12-02T08:51:59.342070+00:00", "level": "WARNING", "module": "logger", "funcName": "_log", "lineno": 188, "event_type": "streaming_indicator_engine.data_anomalies_detected", "data": {"symbol": "ARIA_USDT", "timestamp": 1762077335.309999, "anomalies": ["stale_timestamp: 1762077335.309999 vs 1764665519.3420703"], "data_sample": {"price": 0.16709, "volume": 4.0}}}
{"timestamp": "2025-12-02T08:51:59.357125+00:00", "level": "WARNING", "module": "logger", "funcName": "_log", "lineno": 188, "event_type": "streaming_indicator_engine.data_anomalies_detected", "data": {"symbol": "ARIA_USDT", "timestamp": 1762077351.309999, "anomalies": ["stale_timestamp: 1762077351.309999 vs 1764665519.3571255"], "data_sample": {"price": 0.1671, "volume": 3.0}}}
{"timestamp": "2025-12-02T08:51:59.372784+00:00", "level": "WARNING", "module": "logger", "funcName": "_log", "lineno": 188, "event_type": "streaming_indicator_engine.data_anomalies_detected", "data": {"symbol": "ARIA_USDT", "timestamp": 1762077362.309999, "anomalies": ["stale_timestamp: 1762077362.309999 vs 1764665519.3727844"], "data_sample": {"price": 0.16716, "volume": 5.0}}}
{"timestamp": "2025-12-02T08:51:59.389593+00:00", "level": "WARNING", "module": "logger", "funcName": "_log", "lineno": 188, "event_type": "streaming_indicator_engine.data_anomalies_detected", "data": {"symbol": "ARIA_USDT", "timestamp": 1762077376.309999, "anomalies": ["stale_timestamp: 1762077376.309999 vs 1764665519.3885808"], "data_sample": {"price": 0.16724, "volume": 11.0}}}
{"timestamp": "2025-12-02T08:51:59.419249+00:00", "level": "WARNING", "module": "logger", "funcName": "_log", "lineno": 188, "event_type": "streaming_indicator_engine.data_anomalies_detected", "data": {"symbol": "ARIA_USDT", "timestamp": 1762077387.309999, "anomalies": ["stale_timestamp: 1762077387.309999 vs 1764665519.419249"], "data_sample": {"price": 0.16726, "volume": 11.0}}}
{"timestamp": "2025-12-02T08:51:59.434565+00:00", "level": "WARNING", "module": "logger", "funcName": "_log", "lineno": 188, "event_type": "streaming_indicator_engine.data_anomalies_detected", "data": {"symbol": "ARIA_USDT", "timestamp": 1762077395.309999, "anomalies": ["stale_timestamp: 1762077395.309999 vs 1764665519.4345653"], "data_sample": {"price": 0.16728, "volume": 3.0}}}
{"timestamp": "2025-12-02T08:51:59.450235+00:00", "level": "WARNING", "module": "logger", "funcName": "_log", "lineno": 188, "event_type": "streaming_indicator_engine.data_anomalies_detected", "data": {"symbol": "ARIA_USDT", "timestamp": 1762077402.309999, "anomalies": ["stale_timestamp: 1762077402.309999 vs 1764665519.4502354"], "data_sample": {"price": 0.1673, "volume": 10.0}}}
{"timestamp": "2025-12-02T08:51:59.465264+00:00", "level": "WARNING", "module": "logger", "funcName": "_log", "lineno": 188, "event_type": "streaming_indicator_engine.data_anomalies_detected", "data": {"symbol": "ARIA_USDT", "timestamp": 1762077412.311, "anomalies": ["stale_timestamp: 1762077412.311 vs 1764665519.465264"], "data_sample": {"price": 0.16729, "volume": 7.0}}}
{"timestamp": "2025-12-02T08:51:59.480963+00:00", "level": "WARNING", "module": "logger", "funcName": "_log", "lineno": 188, "event_type": "streaming_indicator_engine.data_anomalies_detected", "data": {"symbol": "ARIA_USDT", "timestamp": 1762077421.309999, "anomalies": ["stale_timestamp: 1762077421.309999 vs 1764665519.480963"], "data_sample": {"price": 0.16727, "volume": 4.0}}}
{"timestamp": "2025-12-02T08:51:59.531966+00:00", "level": "WARNING", "module": "logger", "funcName": "_log", "lineno": 188, "event_type": "streaming_indicator_engine.data_anomalies_detected", "data": {"symbol": "ARIA_USDT", "timestamp": 1762076372.312999, "anomalies": ["stale_timestamp: 1762076372.312999 vs 1764665519.5319664"], "data_sample": {"price": 0.1671, "volume": 3.0}}}
{"timestamp": "2025-12-02T08:51:59.556383+00:00", "level": "WARNING", "module": "logger", "funcName": "_log", "lineno": 188, "event_type": "streaming_indicator_engine.data_anomalies_detected", "data": {"symbol": "ARIA_USDT", "timestamp": 1762076381.309999, "anomalies": ["stale_timestamp: 1762076381.309999 vs 1764665519.556384"], "data_sample": {"price": 0.16715, "volume": 8.0}}}
{"timestamp": "2025-12-02T08:51:59.573281+00:00", "level": "WARNING", "module": "logger", "funcName": "_log", "lineno": 188, "event_type": "streaming_indicator_engine.data_anomalies_detected", "data": {"symbol": "ARIA_USDT", "timestamp": 1762076388.311, "anomalies": ["stale_timestamp: 1762076388.311 vs 1764665519.5732818"], "data_sample": {"price": 0.16714, "volume": 9.0}}}
{"timestamp": "2025-12-02T08:51:59.588018+00:00", "level": "WARNING", "module": "logger", "funcName": "_log", "lineno": 188, "event_type": "streaming_indicator_engine.data_anomalies_detected", "data": {"symbol": "ARIA_USDT", "timestamp": 1762076401.309999, "anomalies": ["stale_timestamp: 1762076401.309999 vs 1764665519.5880187"], "data_sample": {"price": 0.16717, "volume": 7.0}}}
{"timestamp": "2025-12-02T08:51:59.603389+00:00", "level": "WARNING", "module": "logger", "funcName": "_log", "lineno": 188, "event_type": "streaming_indicator_engine.data_anomalies_detected", "data": {"symbol": "ARIA_USDT", "timestamp": 1762076408.312, "anomalies": ["stale_timestamp: 1762076408.312 vs 1764665519.603389"], "data_sample": {"price": 0.16713, "volume": 3.0}}}
{"timestamp": "2025-12-02T08:51:59.619230+00:00", "level": "WARNING", "module": "logger", "funcName": "_log", "lineno": 188, "event_type": "streaming_indicator_engine.data_anomalies_detected", "data": {"symbol": "ARIA_USDT", "timestamp": 1762076417.311, "anomalies": ["stale_timestamp: 1762076417.311 vs 1764665519.6182108"], "data_sample": {"price": 0.16708, "volume": 3.0}}}
{"timestamp": "2025-12-02T08:51:59.633022+00:00", "level": "WARNING", "module": "logger", "funcName": "_log", "lineno": 188, "event_type": "streaming_indicator_engine.data_anomalies_detected", "data": {"symbol": "ARIA_USDT", "timestamp": 1762076427.308999, "anomalies": ["stale_timestamp: 1762076427.308999 vs 1764665519.633022"], "data_sample": {"price": 0.16707, "volume": 12.0}}}
{"timestamp": "2025-12-02T08:51:59.648475+00:00", "level": "WARNING", "module": "logger", "funcName": "_log", "lineno": 188, "event_type": "streaming_indicator_engine.data_anomalies_detected", "data": {"symbol": "ARIA_USDT", "timestamp": 1762076435.309999, "anomalies": ["stale_timestamp: 1762076435.309999 vs 1764665519.648476"], "data_sample": {"price": 0.1671, "volume": 4.0}}}
{"timestamp": "2025-12-02T08:51:59.664877+00:00", "level": "WARNING", "module": "logger", "funcName": "_log", "lineno": 188, "event_type": "streaming_indicator_engine.data_anomalies_detected", "data": {"symbol": "ARIA_USDT", "timestamp": 1762076447.309999, "anomalies": ["stale_timestamp: 1762076447.309999 vs 1764665519.664027"], "data_sample": {"price": 0.16708, "volume": 9.0}}}
{"timestamp": "2025-12-02T08:51:59.680751+00:00", "level": "WARNING", "module": "logger", "funcName": "_log", "lineno": 188, "event_type": "streaming_indicator_engine.data_anomalies_detected", "data": {"symbol": "ARIA_USDT", "timestamp": 1762076462.309999, "anomalies": ["stale_timestamp: 1762076462.309999 vs 1764665519.67977"], "data_sample": {"price": 0.16726, "volume": 10.0}}}
{"timestamp": "2025-12-02T08:51:59.696046+00:00", "level": "WARNING", "module": "logger", "funcName": "_log", "lineno": 188, "event_type": "streaming_indicator_engine.data_anomalies_detected", "data": {"symbol": "ARIA_USDT", "timestamp": 1762076476.308999, "anomalies": ["stale_timestamp: 1762076476.308999 vs 1764665519.6950219"], "data_sample": {"price": 0.16745, "volume": 9.0}}}
{"timestamp": "2025-12-02T08:51:59.710630+00:00", "level": "WARNING", "module": "logger", "funcName": "_log", "lineno": 188, "event_type": "streaming_indicator_engine.data_anomalies_detected", "data": {"symbol": "ARIA_USDT", "timestamp": 1762076490.311, "anomalies": ["stale_timestamp: 1762076490.311 vs 1764665519.7106302"], "data_sample": {"price": 0.16766, "volume": 7.0}}}
{"timestamp": "2025-12-02T08:51:59.726012+00:00", "level": "WARNING", "module": "logger", "funcName": "_log", "lineno": 188, "event_type": "streaming_indicator_engine.data_anomalies_detected", "data": {"symbol": "ARIA_USDT", "timestamp": 1762076501.311, "anomalies": ["stale_timestamp: 1762076501.311 vs 1764665519.7260125"], "data_sample": {"price": 0.16763, "volume": 5.0}}}
{"timestamp": "2025-12-02T08:51:59.741464+00:00", "level": "WARNING", "module": "logger", "funcName": "_log", "lineno": 188, "event_type": "streaming_indicator_engine.data_anomalies_detected", "data": {"symbol": "ARIA_USDT", "timestamp": 1762076514.408999, "anomalies": ["stale_timestamp: 1762076514.408999 vs 1764665519.7414644"], "data_sample": {"price": 0.16766, "volume": 10.0}}}
{"timestamp": "2025-12-02T08:51:59.756886+00:00", "level": "WARNING", "module": "logger", "funcName": "_log", "lineno": 188, "event_type": "streaming_indicator_engine.data_anomalies_detected", "data": {"symbol": "ARIA_USDT", "timestamp": 1762076520.311, "anomalies": ["stale_timestamp: 1762076520.311 vs 1764665519.756886"], "data_sample": {"price": 0.1677, "volume": 9.0}}}
{"timestamp": "2025-12-02T08:51:59.768098+00:00", "level": "INFO", "module": "logger", "funcName": "_log", "lineno": 188, "event_type": "strategy_manager.indicator_update_received", "data": {"symbol": "ARIA_USDT", "indicator_name": "11b8be00-eed3-48fe-b359-df47b297226c_20", "indicator_type": "", "value": 0.004646629878264456, "active_strategies_for_symbol": true, "active_count": 3}}
{"timestamp": "2025-12-02T08:51:59.777092+00:00", "level": "WARNING", "module": "logger", "funcName": "_log", "lineno": 188, "event_type": "streaming_indicator_engine.data_anomalies_detected", "data": {"symbol": "ARIA_USDT", "timestamp": 1762076531.311, "anomalies": ["stale_timestamp: 1762076531.311 vs 1764665519.772839"], "data_sample": {"price": 0.16778, "volume": 10.0}}}
{"timestamp": "2025-12-02T08:51:59.781385+00:00", "level": "WARNING", "module": "logger", "funcName": "_log", "lineno": 188, "event_type": "streaming_indicator_engine.data_anomalies_detected", "data": {"symbol": "ARIA_USDT", "timestamp": 1762076537.311, "anomalies": ["stale_timestamp: 1762076537.311 vs 1764665519.7813852"], "data_sample": {"price": 0.16777, "volume": 10.0}}}
{"timestamp": "2025-12-02T08:51:59.784966+00:00", "level": "WARNING", "module": "logger", "funcName": "_log", "lineno": 188, "event_type": "streaming_indicator_engine.data_anomalies_detected", "data": {"symbol": "ARIA_USDT", "timestamp": 1762076543.312, "anomalies": ["stale_timestamp: 1762076543.312 vs 1764665519.783758"], "data_sample": {"price": 0.16765, "volume": 8.0}}}
{"timestamp": "2025-12-02T08:51:59.786193+00:00", "level": "WARNING", "module": "logger", "funcName": "_log", "lineno": 188, "event_type": "streaming_indicator_engine.data_anomalies_detected", "data": {"symbol": "ARIA_USDT", "timestamp": 1762076551.311, "anomalies": ["stale_timestamp: 1762076551.311 vs 1764665519.7861938"], "data_sample": {"price": 0.16776, "volume": 7.0}}}
{"timestamp": "2025-12-02T08:51:59.788117+00:00", "level": "WARNING", "module": "logger", "funcName": "_log", "lineno": 188, "event_type": "streaming_indicator_engine.data_anomalies_detected", "data": {"symbol": "ARIA_USDT", "timestamp": 1762076567.313999, "anomalies": ["stale_timestamp: 1762076567.313999 vs 1764665519.7881172"], "data_sample": {"price": 0.16779, "volume": 4.0}}}
{"timestamp": "2025-12-02T08:51:59.789465+00:00", "level": "WARNING", "module": "logger", "funcName": "_log", "lineno": 188, "event_type": "streaming_indicator_engine.data_anomalies_detected", "data": {"symbol": "ARIA_USDT", "timestamp": 1762076582.312999, "anomalies": ["stale_timestamp: 1762076582.312999 vs 1764665519.7894654"], "data_sample": {"price": 0.16774, "volume": 4.0}}}
{"timestamp": "2025-12-02T08:51:59.792475+00:00", "level": "INFO", "module": "logger", "funcName": "_log", "lineno": 188, "event_type": "strategy_manager.indicator_update_received", "data": {"symbol": "ARIA_USDT", "indicator_name": "11b8be00-eed3-48fe-b359-df47b297226c_20", "indicator_type": "", "value": 0.004646629878264456, "active_strategies_for_symbol": true, "active_count": 3}}
{"timestamp": "2025-12-02T08:51:59.793640+00:00", "level": "WARNING", "module": "logger", "funcName": "_log", "lineno": 188, "event_type": "streaming_indicator_engine.data_anomalies_detected", "data": {"symbol": "ARIA_USDT", "timestamp": 1762076595.309999, "anomalies": ["stale_timestamp: 1762076595.309999 vs 1764665519.7936406"], "data_sample": {"price": 0.16776, "volume": 10.0}}}
{"timestamp": "2025-12-02T08:51:59.794649+00:00", "level": "WARNING", "module": "logger", "funcName": "_log", "lineno": 188, "event_type": "streaming_indicator_engine.data_anomalies_detected", "data": {"symbol": "ARIA_USDT", "timestamp": 1762076606.309999, "anomalies": ["stale_timestamp: 1762076606.309999 vs 1764665519.7946496"], "data_sample": {"price": 0.16772, "volume": 9.0}}}
{"timestamp": "2025-12-02T08:51:59.795650+00:00", "level": "WARNING", "module": "logger", "funcName": "_log", "lineno": 188, "event_type": "streaming_indicator_engine.data_anomalies_detected", "data": {"symbol": "ARIA_USDT", "timestamp": 1762076620.309999, "anomalies": ["stale_timestamp: 1762076620.309999 vs 1764665519.7946496"], "data_sample": {"price": 0.16764, "volume": 5.0}}}
{"timestamp": "2025-12-02T08:51:59.795650+00:00", "level": "WARNING", "module": "logger", "funcName": "_log", "lineno": 188, "event_type": "streaming_indicator_engine.data_anomalies_detected", "data": {"symbol": "ARIA_USDT", "timestamp": 1762076628.311, "anomalies": ["stale_timestamp: 1762076628.311 vs 1764665519.7956507"], "data_sample": {"price": 0.16761, "volume": 7.0}}}
{"timestamp": "2025-12-02T08:51:59.797786+00:00", "level": "WARNING", "module": "logger", "funcName": "_log", "lineno": 188, "event_type": "streaming_indicator_engine.data_anomalies_detected", "data": {"symbol": "ARIA_USDT", "timestamp": 1762076638.312999, "anomalies": ["stale_timestamp: 1762076638.312999 vs 1764665519.7972791"], "data_sample": {"price": 0.16763, "volume": 10.0}}}
{"timestamp": "2025-12-02T08:51:59.799810+00:00", "level": "WARNING", "module": "logger", "funcName": "_log", "lineno": 188, "event_type": "streaming_indicator_engine.data_anomalies_detected", "data": {"symbol": "ARIA_USDT", "timestamp": 1762076647.309999, "anomalies": ["stale_timestamp: 1762076647.309999 vs 1764665519.7988133"], "data_sample": {"price": 0.16762, "volume": 4.0}}}
{"timestamp": "2025-12-02T08:51:59.805813+00:00", "level": "INFO", "module": "logger", "funcName": "_log", "lineno": 188, "event_type": "strategy_manager.indicator_update_received", "data": {"symbol": "ARIA_USDT", "indicator_name": "790d8eed-dc95-43ff-b625-1205d256154b_20", "indicator_type": "", "value": -0.0016693394545417985, "active_strategies_for_symbol": true, "active_count": 3}}
{"timestamp": "2025-12-02T08:51:59.806794+00:00", "level": "WARNING", "module": "logger", "funcName": "_log", "lineno": 188, "event_type": "streaming_indicator_engine.data_anomalies_detected", "data": {"symbol": "ARIA_USDT", "timestamp": 1762076653.309999, "anomalies": ["stale_timestamp: 1762076653.309999 vs 1764665519.806794"], "data_sample": {"price": 0.16761, "volume": 9.0}}}
{"timestamp": "2025-12-02T08:51:59.808311+00:00", "level": "WARNING", "module": "logger", "funcName": "_log", "lineno": 188, "event_type": "streaming_indicator_engine.data_anomalies_detected", "data": {"symbol": "ARIA_USDT", "timestamp": 1762076666.309999, "anomalies": ["stale_timestamp: 1762076666.309999 vs 1764665519.8083115"], "data_sample": {"price": 0.16763, "volume": 9.0}}}
{"timestamp": "2025-12-02T08:51:59.809746+00:00", "level": "WARNING", "module": "logger", "funcName": "_log", "lineno": 188, "event_type": "streaming_indicator_engine.data_anomalies_detected", "data": {"symbol": "ARIA_USDT", "timestamp": 1762076672.308999, "anomalies": ["stale_timestamp: 1762076672.308999 vs 1764665519.809746"], "data_sample": {"price": 0.16762, "volume": 9.0}}}
{"timestamp": "2025-12-02T08:51:59.809746+00:00", "level": "WARNING", "module": "logger", "funcName": "_log", "lineno": 188, "event_type": "streaming_indicator_engine.data_anomalies_detected", "data": {"symbol": "ARIA_USDT", "timestamp": 1762076685.309999, "anomalies": ["stale_timestamp: 1762076685.309999 vs 1764665519.809746"], "data_sample": {"price": 0.16732, "volume": 9.0}}}
{"timestamp": "2025-12-02T08:51:59.810758+00:00", "level": "WARNING", "module": "logger", "funcName": "_log", "lineno": 188, "event_type": "streaming_indicator_engine.data_anomalies_detected", "data": {"symbol": "ARIA_USDT", "timestamp": 1762076699.311, "anomalies": ["stale_timestamp: 1762076699.311 vs 1764665519.8107584"], "data_sample": {"price": 0.16737, "volume": 11.0}}}
{"timestamp": "2025-12-02T08:51:59.810758+00:00", "level": "WARNING", "module": "logger", "funcName": "_log", "lineno": 188, "event_type": "streaming_indicator_engine.data_anomalies_detected", "data": {"symbol": "ARIA_USDT", "timestamp": 1762076713.309999, "anomalies": ["stale_timestamp: 1762076713.309999 vs 1764665519.8107584"], "data_sample": {"price": 0.16735, "volume": 4.0}}}
{"timestamp": "2025-12-02T08:51:59.811902+00:00", "level": "INFO", "module": "logger", "funcName": "_log", "lineno": 188, "event_type": "strategy_manager.indicator_update_received", "data": {"symbol": "ARIA_USDT", "indicator_name": "790d8eed-dc95-43ff-b625-1205d256154b_20", "indicator_type": "", "value": -0.0016693394545417985, "active_strategies_for_symbol": true, "active_count": 3}}
{"timestamp": "2025-12-02T08:51:59.811902+00:00", "level": "WARNING", "module": "logger", "funcName": "_log", "lineno": 188, "event_type": "streaming_indicator_engine.data_anomalies_detected", "data": {"symbol": "ARIA_USDT", "timestamp": 1762076728.311, "anomalies": ["stale_timestamp: 1762076728.311 vs 1764665519.8119023"], "data_sample": {"price": 0.16739, "volume": 9.0}}}
{"timestamp": "2025-12-02T08:51:59.812911+00:00", "level": "WARNING", "module": "logger", "funcName": "_log", "lineno": 188, "event_type": "streaming_indicator_engine.data_anomalies_detected", "data": {"symbol": "ARIA_USDT", "timestamp": 1762076734.308999, "anomalies": ["stale_timestamp: 1762076734.308999 vs 1764665519.8129115"], "data_sample": {"price": 0.16744, "volume": 9.0}}}
{"timestamp": "2025-12-02T08:51:59.812911+00:00", "level": "WARNING", "module": "logger", "funcName": "_log", "lineno": 188, "event_type": "streaming_indicator_engine.data_anomalies_detected", "data": {"symbol": "ARIA_USDT", "timestamp": 1762076750.309999, "anomalies": ["stale_timestamp: 1762076750.309999 vs 1764665519.8129115"], "data_sample": {"price": 0.16747, "volume": 10.0}}}
{"timestamp": "2025-12-02T08:51:59.813957+00:00", "level": "WARNING", "module": "logger", "funcName": "_log", "lineno": 188, "event_type": "streaming_indicator_engine.data_anomalies_detected", "data": {"symbol": "ARIA_USDT", "timestamp": 1762076759.311, "anomalies": ["stale_timestamp: 1762076759.311 vs 1764665519.813958"], "data_sample": {"price": 0.16746, "volume": 10.0}}}
{"timestamp": "2025-12-02T08:51:59.813957+00:00", "level": "WARNING", "module": "logger", "funcName": "_log", "lineno": 188, "event_type": "streaming_indicator_engine.data_anomalies_detected", "data": {"symbol": "ARIA_USDT", "timestamp": 1762076767.309999, "anomalies": ["stale_timestamp: 1762076767.309999 vs 1764665519.813958"], "data_sample": {"price": 0.16742, "volume": 8.0}}}
{"timestamp": "2025-12-02T08:51:59.814968+00:00", "level": "WARNING", "module": "logger", "funcName": "_log", "lineno": 188, "event_type": "streaming_indicator_engine.data_anomalies_detected", "data": {"symbol": "ARIA_USDT", "timestamp": 1762076783.312, "anomalies": ["stale_timestamp: 1762076783.312 vs 1764665519.8149688"], "data_sample": {"price": 0.16745, "volume": 8.0}}}
{"timestamp": "2025-12-02T08:51:59.814968+00:00", "level": "WARNING", "module": "logger", "funcName": "_log", "lineno": 188, "event_type": "streaming_indicator_engine.data_anomalies_detected", "data": {"symbol": "ARIA_USDT", "timestamp": 1762076789.309999, "anomalies": ["stale_timestamp: 1762076789.309999 vs 1764665519.8149688"], "data_sample": {"price": 0.16755, "volume": 9.0}}}
{"timestamp": "2025-12-02T08:51:59.830005+00:00", "level": "WARNING", "module": "logger", "funcName": "_log", "lineno": 188, "event_type": "streaming_indicator_engine.data_anomalies_detected", "data": {"symbol": "ARIA_USDT", "timestamp": 1762076803.311, "anomalies": ["stale_timestamp: 1762076803.311 vs 1764665519.8300054"], "data_sample": {"price": 0.16758, "volume": 10.0}}}
{"timestamp": "2025-12-02T08:51:59.846611+00:00", "level": "WARNING", "module": "logger", "funcName": "_log", "lineno": 188, "event_type": "streaming_indicator_engine.data_anomalies_detected", "data": {"symbol": "ARIA_USDT", "timestamp": 1762076816.308999, "anomalies": ["stale_timestamp: 1762076816.308999 vs 1764665519.846612"], "data_sample": {"price": 0.16762, "volume": 9.0}}}
{"timestamp": "2025-12-02T08:51:59.861199+00:00", "level": "WARNING", "module": "logger", "funcName": "_log", "lineno": 188, "event_type": "streaming_indicator_engine.data_anomalies_detected", "data": {"symbol": "ARIA_USDT", "timestamp": 1762076825.312999, "anomalies": ["stale_timestamp: 1762076825.312999 vs 1764665519.8611991"], "data_sample": {"price": 0.16751, "volume": 10.0}}}
{"timestamp": "2025-12-02T08:51:59.876991+00:00", "level": "WARNING", "module": "logger", "funcName": "_log", "lineno": 188, "event_type": "streaming_indicator_engine.data_anomalies_detected", "data": {"symbol": "ARIA_USDT", "timestamp": 1762076831.316999, "anomalies": ["stale_timestamp: 1762076831.316999 vs 1764665519.8769915"], "data_sample": {"price": 0.1674, "volume": 6.0}}}
{"timestamp": "2025-12-02T08:51:59.892083+00:00", "level": "WARNING", "module": "logger", "funcName": "_log", "lineno": 188, "event_type": "streaming_indicator_engine.data_anomalies_detected", "data": {"symbol": "ARIA_USDT", "timestamp": 1762076839.311, "anomalies": ["stale_timestamp: 1762076839.311 vs 1764665519.8920832"], "data_sample": {"price": 0.16741, "volume": 8.0}}}
{"timestamp": "2025-12-02T08:51:59.908492+00:00", "level": "WARNING", "module": "logger", "funcName": "_log", "lineno": 188, "event_type": "streaming_indicator_engine.data_anomalies_detected", "data": {"symbol": "ARIA_USDT", "timestamp": 1762076846.312, "anomalies": ["stale_timestamp: 1762076846.312 vs 1764665519.908492"], "data_sample": {"price": 0.1674, "volume": 6.0}}}
{"timestamp": "2025-12-02T08:51:59.923212+00:00", "level": "WARNING", "module": "logger", "funcName": "_log", "lineno": 188, "event_type": "streaming_indicator_engine.data_anomalies_detected", "data": {"symbol": "ARIA_USDT", "timestamp": 1762076859.309999, "anomalies": ["stale_timestamp: 1762076859.309999 vs 1764665519.923212"], "data_sample": {"price": 0.16723, "volume": 5.0}}}
{"timestamp": "2025-12-02T08:51:59.937919+00:00", "level": "WARNING", "module": "logger", "funcName": "_log", "lineno": 188, "event_type": "streaming_indicator_engine.data_anomalies_detected", "data": {"symbol": "ARIA_USDT", "timestamp": 1762076870.309999, "anomalies": ["stale_timestamp: 1762076870.309999 vs 1764665519.937919"], "data_sample": {"price": 0.16724, "volume": 9.0}}}
{"timestamp": "2025-12-02T08:51:59.954012+00:00", "level": "WARNING", "module": "logger", "funcName": "_log", "lineno": 188, "event_type": "streaming_indicator_engine.data_anomalies_detected", "data": {"symbol": "ARIA_USDT", "timestamp": 1762076878.309999, "anomalies": ["stale_timestamp: 1762076878.309999 vs 1764665519.9535031"], "data_sample": {"price": 0.16731, "volume": 4.0}}}
{"timestamp": "2025-12-02T08:51:59.969335+00:00", "level": "WARNING", "module": "logger", "funcName": "_log", "lineno": 188, "event_type": "streaming_indicator_engine.data_anomalies_detected", "data": {"symbol": "ARIA_USDT", "timestamp": 1762076892.311, "anomalies": ["stale_timestamp: 1762076892.311 vs 1764665519.9693356"], "data_sample": {"price": 0.16728, "volume": 9.0}}}
{"timestamp": "2025-12-02T08:52:00.000972+00:00", "level": "WARNING", "module": "logger", "funcName": "_log", "lineno": 188, "event_type": "streaming_indicator_engine.data_anomalies_detected", "data": {"symbol": "ARIA_USDT", "timestamp": 1762076900.309999, "anomalies": ["stale_timestamp: 1762076900.309999 vs 1764665520.0009727"], "data_sample": {"price": 0.16731, "volume": 7.0}}}
{"timestamp": "2025-12-02T08:52:00.018962+00:00", "level": "WARNING", "module": "logger", "funcName": "_log", "lineno": 188, "event_type": "streaming_indicator_engine.data_anomalies_detected", "data": {"symbol": "ARIA_USDT", "timestamp": 1762076915.308999, "anomalies": ["stale_timestamp: 1762076915.308999 vs 1764665520.0183141"], "data_sample": {"price": 0.16729, "volume": 4.0}}}
{"timestamp": "2025-12-02T08:52:00.032467+00:00", "level": "WARNING", "module": "logger", "funcName": "_log", "lineno": 188, "event_type": "streaming_indicator_engine.data_anomalies_detected", "data": {"symbol": "ARIA_USDT", "timestamp": 1762076929.309999, "anomalies": ["stale_timestamp: 1762076929.309999 vs 1764665520.0324674"], "data_sample": {"price": 0.16725, "volume": 11.0}}}
{"timestamp": "2025-12-02T08:52:00.047985+00:00", "level": "WARNING", "module": "logger", "funcName": "_log", "lineno": 188, "event_type": "streaming_indicator_engine.data_anomalies_detected", "data": {"symbol": "ARIA_USDT", "timestamp": 1762076940.312999, "anomalies": ["stale_timestamp: 1762076940.312999 vs 1764665520.047985"], "data_sample": {"price": 0.16733, "volume": 8.0}}}
{"timestamp": "2025-12-02T08:52:00.068320+00:00", "level": "WARNING", "module": "logger", "funcName": "_log", "lineno": 188, "event_type": "streaming_indicator_engine.data_anomalies_detected", "data": {"symbol": "ARIA_USDT", "timestamp": 1762076949.324999, "anomalies": ["stale_timestamp: 1762076949.324999 vs 1764665520.0678136"], "data_sample": {"price": 0.1673, "volume": 8.0}}}
{"timestamp": "2025-12-02T08:52:00.070342+00:00", "level": "INFO", "module": "logger", "funcName": "_log", "lineno": 188, "event_type": "strategy_manager.indicator_update_received", "data": {"symbol": "ARIA_USDT", "indicator_name": "611fad91-045d-408b-8822-f43428935033_20", "indicator_type": "", "value": 0.00034029326012036327, "active_strategies_for_symbol": true, "active_count": 3}}
{"timestamp": "2025-12-02T08:52:00.071541+00:00", "level": "WARNING", "module": "logger", "funcName": "_log", "lineno": 188, "event_type": "streaming_indicator_engine.data_anomalies_detected", "data": {"symbol": "ARIA_USDT", "timestamp": 1762076965.316, "anomalies": ["stale_timestamp: 1762076965.316 vs 1764665520.0715415"], "data_sample": {"price": 0.16729, "volume": 4.0}}}
{"timestamp": "2025-12-02T08:52:00.072544+00:00", "level": "WARNING", "module": "logger", "funcName": "_log", "lineno": 188, "event_type": "streaming_indicator_engine.data_anomalies_detected", "data": {"symbol": "ARIA_USDT", "timestamp": 1762076978.312, "anomalies": ["stale_timestamp: 1762076978.312 vs 1764665520.072544"], "data_sample": {"price": 0.1673, "volume": 9.0}}}
{"timestamp": "2025-12-02T08:52:00.073540+00:00", "level": "WARNING", "module": "logger", "funcName": "_log", "lineno": 188, "event_type": "streaming_indicator_engine.data_anomalies_detected", "data": {"symbol": "ARIA_USDT", "timestamp": 1762076990.315, "anomalies": ["stale_timestamp: 1762076990.315 vs 1764665520.073541"], "data_sample": {"price": 0.16733, "volume": 10.0}}}
{"timestamp": "2025-12-02T08:52:00.074566+00:00", "level": "WARNING", "module": "logger", "funcName": "_log", "lineno": 188, "event_type": "streaming_indicator_engine.data_anomalies_detected", "data": {"symbol": "ARIA_USDT", "timestamp": 1762076997.315, "anomalies": ["stale_timestamp: 1762076997.315 vs 1764665520.0745666"], "data_sample": {"price": 0.16726, "volume": 12.0}}}
{"timestamp": "2025-12-02T08:52:00.075554+00:00", "level": "WARNING", "module": "logger", "funcName": "_log", "lineno": 188, "event_type": "streaming_indicator_engine.data_anomalies_detected", "data": {"symbol": "ARIA_USDT", "timestamp": 1762077007.309999, "anomalies": ["stale_timestamp: 1762077007.309999 vs 1764665520.0755546"], "data_sample": {"price": 0.16719, "volume": 4.0}}}
{"timestamp": "2025-12-02T08:52:00.075554+00:00", "level": "INFO", "module": "logger", "funcName": "_log", "lineno": 188, "event_type": "strategy_manager.indicator_update_received", "data": {"symbol": "ARIA_USDT", "indicator_name": "611fad91-045d-408b-8822-f43428935033_20", "indicator_type": "", "value": 0.00034029326012036327, "active_strategies_for_symbol": true, "active_count": 3}}
{"timestamp": "2025-12-02T08:52:00.076544+00:00", "level": "WARNING", "module": "logger", "funcName": "_log", "lineno": 188, "event_type": "streaming_indicator_engine.data_anomalies_detected", "data": {"symbol": "ARIA_USDT", "timestamp": 1762077018.309999, "anomalies": ["stale_timestamp: 1762077018.309999 vs 1764665520.0765443"], "data_sample": {"price": 0.16722, "volume": 8.0}}}
{"timestamp": "2025-12-02T08:52:00.076544+00:00", "level": "WARNING", "module": "logger", "funcName": "_log", "lineno": 188, "event_type": "streaming_indicator_engine.data_anomalies_detected", "data": {"symbol": "ARIA_USDT", "timestamp": 1762077025.309999, "anomalies": ["stale_timestamp: 1762077025.309999 vs 1764665520.0765443"], "data_sample": {"price": 0.16726, "volume": 5.0}}}
{"timestamp": "2025-12-02T08:52:00.078052+00:00", "level": "WARNING", "module": "logger", "funcName": "_log", "lineno": 188, "event_type": "streaming_indicator_engine.data_anomalies_detected", "data": {"symbol": "ARIA_USDT", "timestamp": 1762077033.311, "anomalies": ["stale_timestamp: 1762077033.311 vs 1764665520.078052"], "data_sample": {"price": 0.16725, "volume": 4.0}}}
{"timestamp": "2025-12-02T08:52:00.078052+00:00", "level": "WARNING", "module": "logger", "funcName": "_log", "lineno": 188, "event_type": "streaming_indicator_engine.data_anomalies_detected", "data": {"symbol": "ARIA_USDT", "timestamp": 1762077042.309999, "anomalies": ["stale_timestamp: 1762077042.309999 vs 1764665520.078052"], "data_sample": {"price": 0.16724, "volume": 4.0}}}
{"timestamp": "2025-12-02T08:52:00.079060+00:00", "level": "WARNING", "module": "logger", "funcName": "_log", "lineno": 188, "event_type": "streaming_indicator_engine.data_anomalies_detected", "data": {"symbol": "ARIA_USDT", "timestamp": 1762077051.309999, "anomalies": ["stale_timestamp: 1762077051.309999 vs 1764665520.079061"], "data_sample": {"price": 0.16725, "volume": 4.0}}}
{"timestamp": "2025-12-02T08:52:00.080633+00:00", "level": "WARNING", "module": "logger", "funcName": "_log", "lineno": 188, "event_type": "streaming_indicator_engine.data_anomalies_detected", "data": {"symbol": "ARIA_USDT", "timestamp": 1762077057.312999, "anomalies": ["stale_timestamp: 1762077057.312999 vs 1764665520.0806334"], "data_sample": {"price": 0.16726, "volume": 3.0}}}
{"timestamp": "2025-12-02T08:52:00.081362+00:00", "level": "WARNING", "module": "logger", "funcName": "_log", "lineno": 188, "event_type": "streaming_indicator_engine.data_anomalies_detected", "data": {"symbol": "ARIA_USDT", "timestamp": 1762077067.316999, "anomalies": ["stale_timestamp: 1762077067.316999 vs 1764665520.0813625"], "data_sample": {"price": 0.16725, "volume": 8.0}}}
{"timestamp": "2025-12-02T08:52:00.099132+00:00", "level": "WARNING", "module": "logger", "funcName": "_log", "lineno": 188, "event_type": "streaming_indicator_engine.data_anomalies_detected", "data": {"symbol": "ARIA_USDT", "timestamp": 1762077081.308, "anomalies": ["stale_timestamp: 1762077081.308 vs 1764665520.099132"], "data_sample": {"price": 0.16714, "volume": 6.0}}}
{"timestamp": "2025-12-02T08:52:00.101195+00:00", "level": "WARNING", "module": "logger", "funcName": "_log", "lineno": 188, "event_type": "streaming_indicator_engine.data_anomalies_detected", "data": {"symbol": "ARIA_USDT", "timestamp": 1762077089.311, "anomalies": ["stale_timestamp: 1762077089.311 vs 1764665520.1011953"], "data_sample": {"price": 0.16711, "volume": 4.0}}}
{"timestamp": "2025-12-02T08:52:00.115204+00:00", "level": "WARNING", "module": "logger", "funcName": "_log", "lineno": 188, "event_type": "streaming_indicator_engine.data_anomalies_detected", "data": {"symbol": "ARIA_USDT", "timestamp": 1762077098.311, "anomalies": ["stale_timestamp: 1762077098.311 vs 1764665520.1152048"], "data_sample": {"price": 0.16702, "volume": 4.0}}}
{"timestamp": "2025-12-02T08:52:00.130004+00:00", "level": "WARNING", "module": "logger", "funcName": "_log", "lineno": 188, "event_type": "streaming_indicator_engine.data_anomalies_detected", "data": {"symbol": "ARIA_USDT", "timestamp": 1762077107.335, "anomalies": ["stale_timestamp: 1762077107.335 vs 1764665520.1300046"], "data_sample": {"price": 0.167, "volume": 26.0}}}
{"timestamp": "2025-12-02T08:52:00.144916+00:00", "level": "WARNING", "module": "logger", "funcName": "_log", "lineno": 188, "event_type": "streaming_indicator_engine.data_anomalies_detected", "data": {"symbol": "ARIA_USDT", "timestamp": 1762077121.309999, "anomalies": ["stale_timestamp: 1762077121.309999 vs 1764665520.1449163"], "data_sample": {"price": 0.16704, "volume": 8.0}}}
{"timestamp": "2025-12-02T08:52:00.159877+00:00", "level": "WARNING", "module": "logger", "funcName": "_log", "lineno": 188, "event_type": "streaming_indicator_engine.data_anomalies_detected", "data": {"symbol": "ARIA_USDT", "timestamp": 1762077123.420999, "anomalies": ["stale_timestamp: 1762077123.420999 vs 1764665520.1598775"], "data_sample": {"price": 0.167, "volume": 59.0}}}
{"timestamp": "2025-12-02T08:52:00.175742+00:00", "level": "WARNING", "module": "logger", "funcName": "_log", "lineno": 188, "event_type": "streaming_indicator_engine.data_anomalies_detected", "data": {"symbol": "ARIA_USDT", "timestamp": 1762077139.311, "anomalies": ["stale_timestamp: 1762077139.311 vs 1764665520.1757424"], "data_sample": {"price": 0.16703, "volume": 5.0}}}
{"timestamp": "2025-12-02T08:52:00.192295+00:00", "level": "WARNING", "module": "logger", "funcName": "_log", "lineno": 188, "event_type": "streaming_indicator_engine.data_anomalies_detected", "data": {"symbol": "ARIA_USDT", "timestamp": 1762077152.308999, "anomalies": ["stale_timestamp: 1762077152.308999 vs 1764665520.1922958"], "data_sample": {"price": 0.16708, "volume": 9.0}}}
{"timestamp": "2025-12-02T08:52:00.208630+00:00", "level": "WARNING", "module": "logger", "funcName": "_log", "lineno": 188, "event_type": "streaming_indicator_engine.data_anomalies_detected", "data": {"symbol": "ARIA_USDT", "timestamp": 1762077163.309999, "anomalies": ["stale_timestamp: 1762077163.309999 vs 1764665520.2081215"], "data_sample": {"price": 0.16713, "volume": 11.0}}}
{"timestamp": "2025-12-02T08:52:00.222718+00:00", "level": "WARNING", "module": "logger", "funcName": "_log", "lineno": 188, "event_type": "streaming_indicator_engine.data_anomalies_detected", "data": {"symbol": "ARIA_USDT", "timestamp": 1762077172.309999, "anomalies": ["stale_timestamp: 1762077172.309999 vs 1764665520.2227187"], "data_sample": {"price": 0.16706, "volume": 12.0}}}
{"timestamp": "2025-12-02T08:52:00.239182+00:00", "level": "WARNING", "module": "logger", "funcName": "_log", "lineno": 188, "event_type": "streaming_indicator_engine.data_anomalies_detected", "data": {"symbol": "ARIA_USDT", "timestamp": 1762077187.312999, "anomalies": ["stale_timestamp: 1762077187.312999 vs 1764665520.2391822"], "data_sample": {"price": 0.16705, "volume": 4.0}}}
{"timestamp": "2025-12-02T08:52:00.254391+00:00", "level": "WARNING", "module": "logger", "funcName": "_log", "lineno": 188, "event_type": "streaming_indicator_engine.data_anomalies_detected", "data": {"symbol": "ARIA_USDT", "timestamp": 1762077203.309999, "anomalies": ["stale_timestamp: 1762077203.309999 vs 1764665520.254392"], "data_sample": {"price": 0.16703, "volume": 6.0}}}
{"timestamp": "2025-12-02T08:52:00.269115+00:00", "level": "WARNING", "module": "logger", "funcName": "_log", "lineno": 188, "event_type": "streaming_indicator_engine.data_anomalies_detected", "data": {"symbol": "ARIA_USDT", "timestamp": 1762077211.312, "anomalies": ["stale_timestamp: 1762077211.312 vs 1764665520.269115"], "data_sample": {"price": 0.16707, "volume": 9.0}}}
{"timestamp": "2025-12-02T08:52:00.284203+00:00", "level": "WARNING", "module": "logger", "funcName": "_log", "lineno": 188, "event_type": "streaming_indicator_engine.data_anomalies_detected", "data": {"symbol": "ARIA_USDT", "timestamp": 1762077227.312999, "anomalies": ["stale_timestamp: 1762077227.312999 vs 1764665520.284203"], "data_sample": {"price": 0.16704, "volume": 4.0}}}
{"timestamp": "2025-12-02T08:52:00.299497+00:00", "level": "WARNING", "module": "logger", "funcName": "_log", "lineno": 188, "event_type": "streaming_indicator_engine.data_anomalies_detected", "data": {"symbol": "ARIA_USDT", "timestamp": 1762077234.308999, "anomalies": ["stale_timestamp: 1762077234.308999 vs 1764665520.299498"], "data_sample": {"price": 0.16708, "volume": 8.0}}}
{"timestamp": "2025-12-02T08:52:00.315249+00:00", "level": "WARNING", "module": "logger", "funcName": "_log", "lineno": 188, "event_type": "streaming_indicator_engine.data_anomalies_detected", "data": {"symbol": "ARIA_USDT", "timestamp": 1762077247.312999, "anomalies": ["stale_timestamp: 1762077247.312999 vs 1764665520.31525"], "data_sample": {"price": 0.16705, "volume": 7.0}}}
{"timestamp": "2025-12-02T08:52:00.330037+00:00", "level": "WARNING", "module": "logger", "funcName": "_log", "lineno": 188, "event_type": "streaming_indicator_engine.data_anomalies_detected", "data": {"symbol": "ARIA_USDT", "timestamp": 1762077263.309999, "anomalies": ["stale_timestamp: 1762077263.309999 vs 1764665520.330038"], "data_sample": {"price": 0.16704, "volume": 7.0}}}
{"timestamp": "2025-12-02T08:52:00.345489+00:00", "level": "WARNING", "module": "logger", "funcName": "_log", "lineno": 188, "event_type": "streaming_indicator_engine.data_anomalies_detected", "data": {"symbol": "ARIA_USDT", "timestamp": 1762077274.309999, "anomalies": ["stale_timestamp: 1762077274.309999 vs 1764665520.34549"], "data_sample": {"price": 0.16709, "volume": 4.0}}}
{"timestamp": "2025-12-02T08:52:00.361516+00:00", "level": "WARNING", "module": "logger", "funcName": "_log", "lineno": 188, "event_type": "streaming_indicator_engine.data_anomalies_detected", "data": {"symbol": "ARIA_USDT", "timestamp": 1762077281.311, "anomalies": ["stale_timestamp: 1762077281.311 vs 1764665520.3615167"], "data_sample": {"price": 0.16713, "volume": 12.0}}}
{"timestamp": "2025-12-02T08:52:00.376696+00:00", "level": "WARNING", "module": "logger", "funcName": "_log", "lineno": 188, "event_type": "streaming_indicator_engine.data_anomalies_detected", "data": {"symbol": "ARIA_USDT", "timestamp": 1762077290.312, "anomalies": ["stale_timestamp: 1762077290.312 vs 1764665520.3766968"], "data_sample": {"price": 0.16709, "volume": 8.0}}}
{"timestamp": "2025-12-02T08:52:00.392328+00:00", "level": "WARNING", "module": "logger", "funcName": "_log", "lineno": 188, "event_type": "streaming_indicator_engine.data_anomalies_detected", "data": {"symbol": "ARIA_USDT", "timestamp": 1762077299.312, "anomalies": ["stale_timestamp: 1762077299.312 vs 1764665520.3923285"], "data_sample": {"price": 0.16706, "volume": 8.0}}}
{"timestamp": "2025-12-02T08:52:00.409118+00:00", "level": "WARNING", "module": "logger", "funcName": "_log", "lineno": 188, "event_type": "streaming_indicator_engine.data_anomalies_detected", "data": {"symbol": "ARIA_USDT", "timestamp": 1762077309.309999, "anomalies": ["stale_timestamp: 1762077309.309999 vs 1764665520.4081047"], "data_sample": {"price": 0.16705, "volume": 6.0}}}
{"timestamp": "2025-12-02T08:52:00.422996+00:00", "level": "WARNING", "module": "logger", "funcName": "_log", "lineno": 188, "event_type": "streaming_indicator_engine.data_anomalies_detected", "data": {"symbol": "ARIA_USDT", "timestamp": 1762077318.312, "anomalies": ["stale_timestamp: 1762077318.312 vs 1764665520.4229963"], "data_sample": {"price": 0.16706, "volume": 9.0}}}
{"timestamp": "2025-12-02T08:52:00.438853+00:00", "level": "WARNING", "module": "logger", "funcName": "_log", "lineno": 188, "event_type": "streaming_indicator_engine.data_anomalies_detected", "data": {"symbol": "ARIA_USDT", "timestamp": 1762077324.309999, "anomalies": ["stale_timestamp: 1762077324.309999 vs 1764665520.4388533"], "data_sample": {"price": 0.1671, "volume": 5.0}}}
{"timestamp": "2025-12-02T08:52:00.458864+00:00", "level": "WARNING", "module": "logger", "funcName": "_log", "lineno": 188, "event_type": "streaming_indicator_engine.data_anomalies_detected", "data": {"symbol": "ARIA_USDT", "timestamp": 1762077335.309999, "anomalies": ["stale_timestamp: 1762077335.309999 vs 1764665520.4588642"], "data_sample": {"price": 0.16709, "volume": 4.0}}}
{"timestamp": "2025-12-02T08:52:00.472938+00:00", "level": "WARNING", "module": "logger", "funcName": "_log", "lineno": 188, "event_type": "streaming_indicator_engine.data_anomalies_detected", "data": {"symbol": "ARIA_USDT", "timestamp": 1762077351.309999, "anomalies": ["stale_timestamp: 1762077351.309999 vs 1764665520.4729385"], "data_sample": {"price": 0.1671, "volume": 3.0}}}
{"timestamp": "2025-12-02T08:52:00.488480+00:00", "level": "WARNING", "module": "logger", "funcName": "_log", "lineno": 188, "event_type": "streaming_indicator_engine.data_anomalies_detected", "data": {"symbol": "ARIA_USDT", "timestamp": 1762077362.309999, "anomalies": ["stale_timestamp: 1762077362.309999 vs 1764665520.4879756"], "data_sample": {"price": 0.16716, "volume": 5.0}}}
{"timestamp": "2025-12-02T08:52:00.503160+00:00", "level": "WARNING", "module": "logger", "funcName": "_log", "lineno": 188, "event_type": "streaming_indicator_engine.data_anomalies_detected", "data": {"symbol": "ARIA_USDT", "timestamp": 1762077376.309999, "anomalies": ["stale_timestamp: 1762077376.309999 vs 1764665520.5031607"], "data_sample": {"price": 0.16724, "volume": 11.0}}}
{"timestamp": "2025-12-02T08:52:00.518333+00:00", "level": "WARNING", "module": "logger", "funcName": "_log", "lineno": 188, "event_type": "streaming_indicator_engine.data_anomalies_detected", "data": {"symbol": "ARIA_USDT", "timestamp": 1762077387.309999, "anomalies": ["stale_timestamp: 1762077387.309999 vs 1764665520.5183337"], "data_sample": {"price": 0.16726, "volume": 11.0}}}
{"timestamp": "2025-12-02T08:52:00.534322+00:00", "level": "WARNING", "module": "logger", "funcName": "_log", "lineno": 188, "event_type": "streaming_indicator_engine.data_anomalies_detected", "data": {"symbol": "ARIA_USDT", "timestamp": 1762077395.309999, "anomalies": ["stale_timestamp: 1762077395.309999 vs 1764665520.5343227"], "data_sample": {"price": 0.16728, "volume": 3.0}}}
{"timestamp": "2025-12-02T08:52:00.550187+00:00", "level": "WARNING", "module": "logger", "funcName": "_log", "lineno": 188, "event_type": "streaming_indicator_engine.data_anomalies_detected", "data": {"symbol": "ARIA_USDT", "timestamp": 1762077402.309999, "anomalies": ["stale_timestamp: 1762077402.309999 vs 1764665520.5501876"], "data_sample": {"price": 0.1673, "volume": 10.0}}}
{"timestamp": "2025-12-02T08:52:00.565367+00:00", "level": "WARNING", "module": "logger", "funcName": "_log", "lineno": 188, "event_type": "streaming_indicator_engine.data_anomalies_detected", "data": {"symbol": "ARIA_USDT", "timestamp": 1762077412.311, "anomalies": ["stale_timestamp: 1762077412.311 vs 1764665520.5653672"], "data_sample": {"price": 0.16729, "volume": 7.0}}}
{"timestamp": "2025-12-02T08:52:00.581364+00:00", "level": "WARNING", "module": "logger", "funcName": "_log", "lineno": 188, "event_type": "streaming_indicator_engine.data_anomalies_detected", "data": {"symbol": "ARIA_USDT", "timestamp": 1762077421.309999, "anomalies": ["stale_timestamp: 1762077421.309999 vs 1764665520.5813644"], "data_sample": {"price": 0.16727, "volume": 4.0}}}
{"timestamp": "2025-12-02T08:52:00.632980+00:00", "level": "WARNING", "module": "logger", "funcName": "_log", "lineno": 188, "event_type": "streaming_indicator_engine.data_anomalies_detected", "data": {"symbol": "ARIA_USDT", "timestamp": 1762076372.312999, "anomalies": ["stale_timestamp: 1762076372.312999 vs 1764665520.6319828"], "data_sample": {"price": 0.1671, "volume": 3.0}}}
{"timestamp": "2025-12-02T08:52:00.659499+00:00", "level": "WARNING", "module": "logger", "funcName": "_log", "lineno": 188, "event_type": "streaming_indicator_engine.data_anomalies_detected", "data": {"symbol": "ARIA_USDT", "timestamp": 1762076381.309999, "anomalies": ["stale_timestamp: 1762076381.309999 vs 1764665520.658496"], "data_sample": {"price": 0.16715, "volume": 8.0}}}
{"timestamp": "2025-12-02T08:52:00.674946+00:00", "level": "WARNING", "module": "logger", "funcName": "_log", "lineno": 188, "event_type": "streaming_indicator_engine.data_anomalies_detected", "data": {"symbol": "ARIA_USDT", "timestamp": 1762076388.311, "anomalies": ["stale_timestamp: 1762076388.311 vs 1764665520.6739314"], "data_sample": {"price": 0.16714, "volume": 9.0}}}
{"timestamp": "2025-12-02T08:52:00.689170+00:00", "level": "WARNING", "module": "logger", "funcName": "_log", "lineno": 188, "event_type": "streaming_indicator_engine.data_anomalies_detected", "data": {"symbol": "ARIA_USDT", "timestamp": 1762076401.309999, "anomalies": ["stale_timestamp: 1762076401.309999 vs 1764665520.6891706"], "data_sample": {"price": 0.16717, "volume": 7.0}}}
{"timestamp": "2025-12-02T08:52:00.709320+00:00", "level": "WARNING", "module": "logger", "funcName": "_log", "lineno": 188, "event_type": "streaming_indicator_engine.data_anomalies_detected", "data": {"symbol": "ARIA_USDT", "timestamp": 1762076408.312, "anomalies": ["stale_timestamp: 1762076408.312 vs 1764665520.708319"], "data_sample": {"price": 0.16713, "volume": 3.0}}}
{"timestamp": "2025-12-02T08:52:00.724780+00:00", "level": "WARNING", "module": "logger", "funcName": "_log", "lineno": 188, "event_type": "streaming_indicator_engine.data_anomalies_detected", "data": {"symbol": "ARIA_USDT", "timestamp": 1762076417.311, "anomalies": ["stale_timestamp: 1762076417.311 vs 1764665520.723774"], "data_sample": {"price": 0.16708, "volume": 3.0}}}
{"timestamp": "2025-12-02T08:52:00.738586+00:00", "level": "WARNING", "module": "logger", "funcName": "_log", "lineno": 188, "event_type": "streaming_indicator_engine.data_anomalies_detected", "data": {"symbol": "ARIA_USDT", "timestamp": 1762076427.308999, "anomalies": ["stale_timestamp: 1762076427.308999 vs 1764665520.7385864"], "data_sample": {"price": 0.16707, "volume": 12.0}}}
{"timestamp": "2025-12-02T08:52:00.754726+00:00", "level": "WARNING", "module": "logger", "funcName": "_log", "lineno": 188, "event_type": "streaming_indicator_engine.data_anomalies_detected", "data": {"symbol": "ARIA_USDT", "timestamp": 1762076435.309999, "anomalies": ["stale_timestamp: 1762076435.309999 vs 1764665520.7547262"], "data_sample": {"price": 0.1671, "volume": 4.0}}}
{"timestamp": "2025-12-02T08:52:00.770452+00:00", "level": "WARNING", "module": "logger", "funcName": "_log", "lineno": 188, "event_type": "streaming_indicator_engine.data_anomalies_detected", "data": {"symbol": "ARIA_USDT", "timestamp": 1762076447.309999, "anomalies": ["stale_timestamp: 1762076447.309999 vs 1764665520.7700684"], "data_sample": {"price": 0.16708, "volume": 9.0}}}
{"timestamp": "2025-12-02T08:52:00.786672+00:00", "level": "WARNING", "module": "logger", "funcName": "_log", "lineno": 188, "event_type": "streaming_indicator_engine.data_anomalies_detected", "data": {"symbol": "ARIA_USDT", "timestamp": 1762076462.309999, "anomalies": ["stale_timestamp: 1762076462.309999 vs 1764665520.785808"], "data_sample": {"price": 0.16726, "volume": 10.0}}}
{"timestamp": "2025-12-02T08:52:00.800870+00:00", "level": "WARNING", "module": "logger", "funcName": "_log", "lineno": 188, "event_type": "streaming_indicator_engine.data_anomalies_detected", "data": {"symbol": "ARIA_USDT", "timestamp": 1762076476.308999, "anomalies": ["stale_timestamp: 1762076476.308999 vs 1764665520.800871"], "data_sample": {"price": 0.16745, "volume": 9.0}}}
{"timestamp": "2025-12-02T08:52:00.815986+00:00", "level": "WARNING", "module": "logger", "funcName": "_log", "lineno": 188, "event_type": "streaming_indicator_engine.data_anomalies_detected", "data": {"symbol": "ARIA_USDT", "timestamp": 1762076490.311, "anomalies": ["stale_timestamp: 1762076490.311 vs 1764665520.8159869"], "data_sample": {"price": 0.16766, "volume": 7.0}}}
{"timestamp": "2025-12-02T08:52:00.831514+00:00", "level": "WARNING", "module": "logger", "funcName": "_log", "lineno": 188, "event_type": "streaming_indicator_engine.data_anomalies_detected", "data": {"symbol": "ARIA_USDT", "timestamp": 1762076501.311, "anomalies": ["stale_timestamp: 1762076501.311 vs 1764665520.8315146"], "data_sample": {"price": 0.16763, "volume": 5.0}}}
{"timestamp": "2025-12-02T08:52:00.846262+00:00", "level": "WARNING", "module": "logger", "funcName": "_log", "lineno": 188, "event_type": "streaming_indicator_engine.data_anomalies_detected", "data": {"symbol": "ARIA_USDT", "timestamp": 1762076514.408999, "anomalies": ["stale_timestamp: 1762076514.408999 vs 1764665520.8462627"], "data_sample": {"price": 0.16766, "volume": 10.0}}}
{"timestamp": "2025-12-02T08:52:00.861033+00:00", "level": "WARNING", "module": "logger", "funcName": "_log", "lineno": 188, "event_type": "streaming_indicator_engine.data_anomalies_detected", "data": {"symbol": "ARIA_USDT", "timestamp": 1762076520.311, "anomalies": ["stale_timestamp: 1762076520.311 vs 1764665520.8610332"], "data_sample": {"price": 0.1677, "volume": 9.0}}}
{"timestamp": "2025-12-02T08:52:00.876206+00:00", "level": "WARNING", "module": "logger", "funcName": "_log", "lineno": 188, "event_type": "streaming_indicator_engine.data_anomalies_detected", "data": {"symbol": "ARIA_USDT", "timestamp": 1762076531.311, "anomalies": ["stale_timestamp: 1762076531.311 vs 1764665520.8762069"], "data_sample": {"price": 0.16778, "volume": 10.0}}}
{"timestamp": "2025-12-02T08:52:00.892332+00:00", "level": "WARNING", "module": "logger", "funcName": "_log", "lineno": 188, "event_type": "streaming_indicator_engine.data_anomalies_detected", "data": {"symbol": "ARIA_USDT", "timestamp": 1762076537.311, "anomalies": ["stale_timestamp: 1762076537.311 vs 1764665520.8923326"], "data_sample": {"price": 0.16777, "volume": 10.0}}}
{"timestamp": "2025-12-02T08:52:00.909379+00:00", "level": "WARNING", "module": "logger", "funcName": "_log", "lineno": 188, "event_type": "streaming_indicator_engine.data_anomalies_detected", "data": {"symbol": "ARIA_USDT", "timestamp": 1762076543.312, "anomalies": ["stale_timestamp: 1762076543.312 vs 1764665520.9093795"], "data_sample": {"price": 0.16765, "volume": 8.0}}}
{"timestamp": "2025-12-02T08:52:00.926164+00:00", "level": "WARNING", "module": "logger", "funcName": "_log", "lineno": 188, "event_type": "streaming_indicator_engine.data_anomalies_detected", "data": {"symbol": "ARIA_USDT", "timestamp": 1762076551.311, "anomalies": ["stale_timestamp: 1762076551.311 vs 1764665520.9261644"], "data_sample": {"price": 0.16776, "volume": 7.0}}}
{"timestamp": "2025-12-02T08:52:00.940257+00:00", "level": "WARNING", "module": "logger", "funcName": "_log", "lineno": 188, "event_type": "streaming_indicator_engine.data_anomalies_detected", "data": {"symbol": "ARIA_USDT", "timestamp": 1762076567.313999, "anomalies": ["stale_timestamp: 1762076567.313999 vs 1764665520.9402575"], "data_sample": {"price": 0.16779, "volume": 4.0}}}
{"timestamp": "2025-12-02T08:52:00.956323+00:00", "level": "WARNING", "module": "logger", "funcName": "_log", "lineno": 188, "event_type": "streaming_indicator_engine.data_anomalies_detected", "data": {"symbol": "ARIA_USDT", "timestamp": 1762076582.312999, "anomalies": ["stale_timestamp: 1762076582.312999 vs 1764665520.9563234"], "data_sample": {"price": 0.16774, "volume": 4.0}}}
{"timestamp": "2025-12-02T08:52:00.971500+00:00", "level": "WARNING", "module": "logger", "funcName": "_log", "lineno": 188, "event_type": "streaming_indicator_engine.data_anomalies_detected", "data": {"symbol": "ARIA_USDT", "timestamp": 1762076595.309999, "anomalies": ["stale_timestamp: 1762076595.309999 vs 1764665520.9715004"], "data_sample": {"price": 0.16776, "volume": 10.0}}}
{"timestamp": "2025-12-02T08:52:00.987047+00:00", "level": "WARNING", "module": "logger", "funcName": "_log", "lineno": 188, "event_type": "streaming_indicator_engine.data_anomalies_detected", "data": {"symbol": "ARIA_USDT", "timestamp": 1762076606.309999, "anomalies": ["stale_timestamp: 1762076606.309999 vs 1764665520.9870477"], "data_sample": {"price": 0.16772, "volume": 9.0}}}
{"timestamp": "2025-12-02T08:52:00.995169+00:00", "level": "INFO", "module": "logger", "funcName": "_log", "lineno": 188, "event_type": "strategy_manager.indicator_update_received", "data": {"symbol": "ARIA_USDT", "indicator_name": "11b8be00-eed3-48fe-b359-df47b297226c_20", "indicator_type": "", "value": 0.00013920964766491776, "active_strategies_for_symbol": true, "active_count": 3}}
{"timestamp": "2025-12-02T08:52:00.997095+00:00", "level": "WARNING", "module": "logger", "funcName": "_log", "lineno": 188, "event_type": "streaming_indicator_engine.data_anomalies_detected", "data": {"symbol": "ARIA_USDT", "timestamp": 1762076620.309999, "anomalies": ["stale_timestamp: 1762076620.309999 vs 1764665520.997095"], "data_sample": {"price": 0.16764, "volume": 5.0}}}
{"timestamp": "2025-12-02T08:52:00.998173+00:00", "level": "WARNING", "module": "logger", "funcName": "_log", "lineno": 188, "event_type": "streaming_indicator_engine.data_anomalies_detected", "data": {"symbol": "ARIA_USDT", "timestamp": 1762076628.311, "anomalies": ["stale_timestamp: 1762076628.311 vs 1764665520.997095"], "data_sample": {"price": 0.16761, "volume": 7.0}}}
{"timestamp": "2025-12-02T08:52:00.999379+00:00", "level": "WARNING", "module": "logger", "funcName": "_log", "lineno": 188, "event_type": "streaming_indicator_engine.data_anomalies_detected", "data": {"symbol": "ARIA_USDT", "timestamp": 1762076638.312999, "anomalies": ["stale_timestamp: 1762076638.312999 vs 1764665520.9993792"], "data_sample": {"price": 0.16763, "volume": 10.0}}}
{"timestamp": "2025-12-02T08:52:00.999379+00:00", "level": "WARNING", "module": "logger", "funcName": "_log", "lineno": 188, "event_type": "streaming_indicator_engine.data_anomalies_detected", "data": {"symbol": "ARIA_USDT", "timestamp": 1762076647.309999, "anomalies": ["stale_timestamp: 1762076647.309999 vs 1764665520.9993792"], "data_sample": {"price": 0.16762, "volume": 4.0}}}
{"timestamp": "2025-12-02T08:52:01.000465+00:00", "level": "WARNING", "module": "logger", "funcName": "_log", "lineno": 188, "event_type": "streaming_indicator_engine.data_anomalies_detected", "data": {"symbol": "ARIA_USDT", "timestamp": 1762076653.309999, "anomalies": ["stale_timestamp: 1762076653.309999 vs 1764665521.0004652"], "data_sample": {"price": 0.16761, "volume": 9.0}}}
{"timestamp": "2025-12-02T08:52:01.001477+00:00", "level": "INFO", "module": "logger", "funcName": "_log", "lineno": 188, "event_type": "strategy_manager.indicator_update_received", "data": {"symbol": "ARIA_USDT", "indicator_name": "11b8be00-eed3-48fe-b359-df47b297226c_20", "indicator_type": "", "value": 0.00013920964766491776, "active_strategies_for_symbol": true, "active_count": 3}}
{"timestamp": "2025-12-02T08:52:01.002390+00:00", "level": "WARNING", "module": "logger", "funcName": "_log", "lineno": 188, "event_type": "streaming_indicator_engine.data_anomalies_detected", "data": {"symbol": "ARIA_USDT", "timestamp": 1762076666.309999, "anomalies": ["stale_timestamp: 1762076666.309999 vs 1764665521.00239"], "data_sample": {"price": 0.16763, "volume": 9.0}}}
{"timestamp": "2025-12-02T08:52:01.004396+00:00", "level": "WARNING", "module": "logger", "funcName": "_log", "lineno": 188, "event_type": "streaming_indicator_engine.data_anomalies_detected", "data": {"symbol": "ARIA_USDT", "timestamp": 1762076672.308999, "anomalies": ["stale_timestamp: 1762076672.308999 vs 1764665521.004396"], "data_sample": {"price": 0.16762, "volume": 9.0}}}
{"timestamp": "2025-12-02T08:52:01.006394+00:00", "level": "WARNING", "module": "logger", "funcName": "_log", "lineno": 188, "event_type": "streaming_indicator_engine.data_anomalies_detected", "data": {"symbol": "ARIA_USDT", "timestamp": 1762076685.309999, "anomalies": ["stale_timestamp: 1762076685.309999 vs 1764665521.0053957"], "data_sample": {"price": 0.16732, "volume": 9.0}}}
{"timestamp": "2025-12-02T08:52:01.007907+00:00", "level": "WARNING", "module": "logger", "funcName": "_log", "lineno": 188, "event_type": "streaming_indicator_engine.data_anomalies_detected", "data": {"symbol": "ARIA_USDT", "timestamp": 1762076699.311, "anomalies": ["stale_timestamp: 1762076699.311 vs 1764665521.0079079"], "data_sample": {"price": 0.16737, "volume": 11.0}}}
{"timestamp": "2025-12-02T08:52:01.010171+00:00", "level": "WARNING", "module": "logger", "funcName": "_log", "lineno": 188, "event_type": "streaming_indicator_engine.data_anomalies_detected", "data": {"symbol": "ARIA_USDT", "timestamp": 1762076713.309999, "anomalies": ["stale_timestamp: 1762076713.309999 vs 1764665521.009177"], "data_sample": {"price": 0.16735, "volume": 4.0}}}
{"timestamp": "2025-12-02T08:52:01.011243+00:00", "level": "WARNING", "module": "logger", "funcName": "_log", "lineno": 188, "event_type": "streaming_indicator_engine.data_anomalies_detected", "data": {"symbol": "ARIA_USDT", "timestamp": 1762076728.311, "anomalies": ["stale_timestamp: 1762076728.311 vs 1764665521.0112436"], "data_sample": {"price": 0.16739, "volume": 9.0}}}
{"timestamp": "2025-12-02T08:52:01.019777+00:00", "level": "INFO", "module": "logger", "funcName": "_log", "lineno": 188, "event_type": "strategy_manager.indicator_update_received", "data": {"symbol": "ARIA_USDT", "indicator_name": "790d8eed-dc95-43ff-b625-1205d256154b_20", "indicator_type": "", "value": -0.002109402637718305, "active_strategies_for_symbol": true, "active_count": 3}}
{"timestamp": "2025-12-02T08:52:01.020808+00:00", "level": "WARNING", "module": "logger", "funcName": "_log", "lineno": 188, "event_type": "streaming_indicator_engine.data_anomalies_detected", "data": {"symbol": "ARIA_USDT", "timestamp": 1762076734.308999, "anomalies": ["stale_timestamp: 1762076734.308999 vs 1764665521.0208082"], "data_sample": {"price": 0.16744, "volume": 9.0}}}
{"timestamp": "2025-12-02T08:52:01.022782+00:00", "level": "WARNING", "module": "logger", "funcName": "_log", "lineno": 188, "event_type": "streaming_indicator_engine.data_anomalies_detected", "data": {"symbol": "ARIA_USDT", "timestamp": 1762076750.309999, "anomalies": ["stale_timestamp: 1762076750.309999 vs 1764665521.0227826"], "data_sample": {"price": 0.16747, "volume": 10.0}}}
{"timestamp": "2025-12-02T08:52:01.023781+00:00", "level": "WARNING", "module": "logger", "funcName": "_log", "lineno": 188, "event_type": "streaming_indicator_engine.data_anomalies_detected", "data": {"symbol": "ARIA_USDT", "timestamp": 1762076759.311, "anomalies": ["stale_timestamp: 1762076759.311 vs 1764665521.0237818"], "data_sample": {"price": 0.16746, "volume": 10.0}}}
{"timestamp": "2025-12-02T08:52:01.026510+00:00", "level": "WARNING", "module": "logger", "funcName": "_log", "lineno": 188, "event_type": "streaming_indicator_engine.data_anomalies_detected", "data": {"symbol": "ARIA_USDT", "timestamp": 1762076767.309999, "anomalies": ["stale_timestamp: 1762076767.309999 vs 1764665521.0265102"], "data_sample": {"price": 0.16742, "volume": 8.0}}}
{"timestamp": "2025-12-02T08:52:01.029037+00:00", "level": "WARNING", "module": "logger", "funcName": "_log", "lineno": 188, "event_type": "streaming_indicator_engine.data_anomalies_detected", "data": {"symbol": "ARIA_USDT", "timestamp": 1762076783.312, "anomalies": ["stale_timestamp: 1762076783.312 vs 1764665521.0290377"], "data_sample": {"price": 0.16745, "volume": 8.0}}}
{"timestamp": "2025-12-02T08:52:01.030045+00:00", "level": "WARNING", "module": "logger", "funcName": "_log", "lineno": 188, "event_type": "streaming_indicator_engine.data_anomalies_detected", "data": {"symbol": "ARIA_USDT", "timestamp": 1762076789.309999, "anomalies": ["stale_timestamp: 1762076789.309999 vs 1764665521.0300455"], "data_sample": {"price": 0.16755, "volume": 9.0}}}
{"timestamp": "2025-12-02T08:52:01.031044+00:00", "level": "INFO", "module": "logger", "funcName": "_log", "lineno": 188, "event_type": "strategy_manager.indicator_update_received", "data": {"symbol": "ARIA_USDT", "indicator_name": "790d8eed-dc95-43ff-b625-1205d256154b_20", "indicator_type": "", "value": -0.002109402637718305, "active_strategies_for_symbol": true, "active_count": 3}}
{"timestamp": "2025-12-02T08:52:01.032044+00:00", "level": "WARNING", "module": "logger", "funcName": "_log", "lineno": 188, "event_type": "streaming_indicator_engine.data_anomalies_detected", "data": {"symbol": "ARIA_USDT", "timestamp": 1762076803.311, "anomalies": ["stale_timestamp: 1762076803.311 vs 1764665521.031044"], "data_sample": {"price": 0.16758, "volume": 10.0}}}
{"timestamp": "2025-12-02T08:52:01.033043+00:00", "level": "WARNING", "module": "logger", "funcName": "_log", "lineno": 188, "event_type": "streaming_indicator_engine.data_anomalies_detected", "data": {"symbol": "ARIA_USDT", "timestamp": 1762076816.308999, "anomalies": ["stale_timestamp: 1762076816.308999 vs 1764665521.0330431"], "data_sample": {"price": 0.16762, "volume": 9.0}}}
{"timestamp": "2025-12-02T08:52:01.034567+00:00", "level": "WARNING", "module": "logger", "funcName": "_log", "lineno": 188, "event_type": "streaming_indicator_engine.data_anomalies_detected", "data": {"symbol": "ARIA_USDT", "timestamp": 1762076825.312999, "anomalies": ["stale_timestamp: 1762076825.312999 vs 1764665521.0345674"], "data_sample": {"price": 0.16751, "volume": 10.0}}}
{"timestamp": "2025-12-02T08:52:01.034567+00:00", "level": "WARNING", "module": "logger", "funcName": "_log", "lineno": 188, "event_type": "streaming_indicator_engine.data_anomalies_detected", "data": {"symbol": "ARIA_USDT", "timestamp": 1762076831.316999, "anomalies": ["stale_timestamp: 1762076831.316999 vs 1764665521.0345674"], "data_sample": {"price": 0.1674, "volume": 6.0}}}
{"timestamp": "2025-12-02T08:52:01.035632+00:00", "level": "WARNING", "module": "logger", "funcName": "_log", "lineno": 188, "event_type": "streaming_indicator_engine.data_anomalies_detected", "data": {"symbol": "ARIA_USDT", "timestamp": 1762076839.311, "anomalies": ["stale_timestamp: 1762076839.311 vs 1764665521.0356326"], "data_sample": {"price": 0.16741, "volume": 8.0}}}
{"timestamp": "2025-12-02T08:52:01.036567+00:00", "level": "WARNING", "module": "logger", "funcName": "_log", "lineno": 188, "event_type": "streaming_indicator_engine.data_anomalies_detected", "data": {"symbol": "ARIA_USDT", "timestamp": 1762076846.312, "anomalies": ["stale_timestamp: 1762076846.312 vs 1764665521.036568"], "data_sample": {"price": 0.1674, "volume": 6.0}}}
{"timestamp": "2025-12-02T08:52:01.038110+00:00", "level": "WARNING", "module": "logger", "funcName": "_log", "lineno": 188, "event_type": "streaming_indicator_engine.data_anomalies_detected", "data": {"symbol": "ARIA_USDT", "timestamp": 1762076859.309999, "anomalies": ["stale_timestamp: 1762076859.309999 vs 1764665521.036568"], "data_sample": {"price": 0.16723, "volume": 5.0}}}
{"timestamp": "2025-12-02T08:52:01.064156+00:00", "level": "WARNING", "module": "logger", "funcName": "_log", "lineno": 188, "event_type": "streaming_indicator_engine.data_anomalies_detected", "data": {"symbol": "ARIA_USDT", "timestamp": 1762076870.309999, "anomalies": ["stale_timestamp: 1762076870.309999 vs 1764665521.0641568"], "data_sample": {"price": 0.16724, "volume": 9.0}}}
{"timestamp": "2025-12-02T08:52:01.079972+00:00", "level": "WARNING", "module": "logger", "funcName": "_log", "lineno": 188, "event_type": "streaming_indicator_engine.data_anomalies_detected", "data": {"symbol": "ARIA_USDT", "timestamp": 1762076878.309999, "anomalies": ["stale_timestamp: 1762076878.309999 vs 1764665521.0799725"], "data_sample": {"price": 0.16731, "volume": 4.0}}}
{"timestamp": "2025-12-02T08:52:01.095554+00:00", "level": "WARNING", "module": "logger", "funcName": "_log", "lineno": 188, "event_type": "streaming_indicator_engine.data_anomalies_detected", "data": {"symbol": "ARIA_USDT", "timestamp": 1762076892.311, "anomalies": ["stale_timestamp: 1762076892.311 vs 1764665521.0955546"], "data_sample": {"price": 0.16728, "volume": 9.0}}}

============================================================
FINAL STATUS
============================================================
Status: running
Ticks processed: 0
Records collected: 0
SIGNALS DETECTED: 0

============================================================
FAILURE: No signals detected during backtest
============================================================

[DEBUG] Checking indicator state...
  _indicators_by_symbol keys: ['ARIA_USDT']
  _indicators count: 5
  _session_indicators: ['exec_20251202_095100_63741b2d']
{"timestamp": "2025-12-02T08:52:01.111118+00:00", "level": "INFO", "module": "logger", "funcName": "_log", "lineno": 188, "event_type": "command.created", "data": {"command_id": "15c82287-83c0-42bb-aee5-716e913fe4e3", "command_type": "STOP_EXECUTION", "parameters": {"force": false}}}
{"timestamp": "2025-12-02T08:52:01.113148+00:00", "level": "INFO", "module": "logger", "funcName": "_log", "lineno": 188, "event_type": "execution.stop_requested", "data": {"session_id": "exec_20251202_095100_63741b2d", "force": false}}
{"timestamp": "2025-12-02T08:52:01.115147+00:00", "level": "INFO", "module": "logger", "funcName": "_log", "lineno": 188, "event_type": "execution.cancelled", "data": {"session_id": "exec_20251202_095100_63741b2d"}}
{"timestamp": "2025-12-02T08:52:01.116147+00:00", "level": "INFO", "module": "logger", "funcName": "_log", "lineno": 188, "event_type": "questdb_historical.replay_cancelled", "data": {"session_id": "exec_20251102_113922_361d6250"}}
{"timestamp": "2025-12-02T08:52:01.117129+00:00", "level": "INFO", "module": "logger", "funcName": "_log", "lineno": 188, "event_type": "questdb_historical.stream_stopped", "data": {"session_id": "exec_20251102_113922_361d6250", "total_processed": 5500, "total_available": 2306, "symbols_completed": 0}}
{"timestamp": "2025-12-02T08:52:01.118149+00:00", "level": "INFO", "module": "logger", "funcName": "_log", "lineno": 188, "event_type": "questdb_historical.stream_stopped", "data": {"session_id": "exec_20251102_113922_361d6250", "total_processed": 5500, "total_available": 2306, "symbols_completed": 0}}
{"timestamp": "2025-12-02T08:52:01.118676+00:00", "level": "INFO", "module": "logger", "funcName": "_log", "lineno": 188, "event_type": "execution.session_cleaned", "data": {"session_id": "exec_20251202_095100_63741b2d"}}
{"timestamp": "2025-12-02T08:52:01.119700+00:00", "level": "INFO", "module": "logger", "funcName": "_log", "lineno": 188, "event_type": "command.completed", "data": {"command_id": "15c82287-83c0-42bb-aee5-716e913fe4e3", "duration": 0.007574}}
